0 22 0.00
0 23 0.00
0 25 0.00
0 30 0.00
0 B1 0.00 0.00 
0 B3 0.00 0.00 
0 120 13 04 50
0 244 0.00
0.005 22 0.00
0.005 23 -1.58
0.005 25 0.00
0.005 30 0.00
0.005 B1 106.18 106.18 
0.005 B3 35.98 35.98 
0.005 120 13 04 50
0.005 244 0.00
0.01 22 0.00
0.01 23 -0.14
0.01 25 0.00
0.01 30 0.00
0.01 B1 218.65 218.65 
0.01 B3 -64.01 -64.01 
0.01 120 13 04 50
0.01 244 0.00
0.015 22 0.00
0.015 23 3.57
0.015 25 0.00
0.015 30 0.00
0.015 B1 -85.07 -85.07 
0.015 B3 -81.90 -81.90 
0.015 120 13 04 50
0.015 244 0.00
0.02 22 0.00
0.02 23 -1.35
0.02 25 0.00
0.02 30 0.00
0.02 B1 66.13 66.13 
0.02 B3 -111.03 -111.03 
0.02 120 13 04 50
0.02 244 0.00
0.025 22 0.00
0.025 23 -2.59
0.025 25 0.00
0.025 30 0.00
0.025 B1 112.06 112.06 
0.025 B3 76.72 76.72 
0.025 120 13 04 50
0.025 244 0.00
0.03 22 0.00
0.03 23 1.40
0.03 25 0.00
0.03 30 0.00
0.03 B1 -13.71 -13.71 
0.03 B3 77.02 77.02 
0.03 120 13 04 50
0.03 244 0.00
0.035 22 0.00
0.035 23 -0.02
0.035 25 0.00
0.035 30 0.00
0.035 B1 95.32 95.32 
0.035 B3 -29.38 -29.38 
0.035 120 13 04 50
0.035 244 0.00
0.04 22 0.00
0.04 23 2.25
0.04 25 0.00
0.04 30 0.00
0.04 B1 -67.99 -67.99 
0.04 B3 -67.96 -67.96 
0.04 120 13 04 50
0.04 244 0.00
0.045 22 0.00
0.045 23 -2.47
0.045 25 0.00
0.045 30 0.00
0.045 B1 133.94 133.94 
0.045 B3 -46.85 -46.85 
0.045 120 13 04 50
0.045 244 0.00
0.05 22 0.00
0.05 23 1.14
0.05 25 0.00
0.05 30 0.00
0.05 B1 46.51 46.51 
0.05 B3 -61.16 -61.16 
0.05 120 13 04 50
0.05 244 0.00
0.055 22 0.00
0.055 23 0.23
0.055 25 0.00
0.055 30 0.00
0.055 B1 -63.30 -63.30 
0.055 B3 28.52 28.52 
0.055 120 13 04 50
0.055 244 0.00
0.06 22 0.00
0.06 23 -1.30
0.06 25 0.00
0.06 30 0.00
0.06 B1 2.71 2.71 
0.06 B3 80.21 80.21 
0.06 120 13 04 50
0.06 244 0.00
0.065 22 0.00
0.065 23 0.60
0.065 25 0.00
0.065 30 0.00
0.065 B1 39.43 39.43 
0.065 B3 -9.19 -9.19 
0.065 120 13 04 50
0.065 244 0.00
0.07 22 0.00
0.07 23 1.50
0.07 25 0.00
0.07 30 0.00
0.07 B1 -53.01 -53.01 
0.07 B3 -50.38 -50.38 
0.07 120 13 04 50
0.07 244 0.00
0.075 22 0.00
0.075 23 -1.39
0.075 25 0.00
0.075 30 0.00
0.075 B1 35.60 35.60 
0.075 B3 -12.46 -12.46 
0.075 120 13 04 50
0.075 244 0.00
0.08 22 0.00
0.08 23 1.82
0.08 25 0.00
0.08 30 0.00
0.08 B1 -80.00 -80.00 
0.08 B3 -59.69 -59.69 
0.08 120 13 04 50
0.08 244 0.00
0.085 22 0.00
0.085 23 -1.21
0.085 25 0.00
0.085 30 0.00
0.085 B1 -44.24 -44.24 
0.085 B3 14.60 14.60 
0.085 120 13 04 50
0.085 244 0.00
0.09 22 0.00
0.09 23 0.36
0.09 25 0.00
0.09 30 0.00
0.09 B1 -70.51 -70.51 
0.09 B3 9.65 9.65 
0.09 120 13 04 50
0.09 244 0.00
0.095 22 0.00
0.095 23 0.50
0.095 25 0.00
0.095 30 0.00
0.095 B1 -76.70 -76.70 
0.095 B3 -27.28 -27.28 
0.095 120 13 04 50
0.095 244 0.00
0.09999999 22 0.00
0.09999999 23 -0.92
0.09999999 25 0.00
0.09999999 30 0.00
0.09999999 B1 21.70 21.70 
0.09999999 B3 -41.48 -41.48 
0.09999999 120 13 04 50
0.09999999 244 0.00
0.105 22 0.00
0.105 23 -0.90
0.105 25 0.00
0.105 30 0.00
0.105 B1 52.74 52.74 
0.105 B3 9.93 9.93 
0.105 120 13 04 50
0.105 244 0.00
0.11 22 0.00
0.11 23 0.64
0.11 25 0.00
0.11 30 0.00
0.11 B1 -32.10 -32.10 
0.11 B3 38.53 38.53 
0.11 120 13 04 50
0.11 244 0.00
0.115 22 0.00
0.115 23 1.00
0.115 25 0.00
0.115 30 0.00
0.115 B1 -57.92 -57.92 
0.115 B3 -24.22 -24.22 
0.115 120 13 04 50
0.115 244 0.00
0.12 22 0.00
0.12 23 -0.69
0.12 25 0.00
0.12 30 0.00
0.12 B1 8.87 8.87 
0.12 B3 -27.09 -27.09 
0.12 120 13 04 50
0.12 244 0.00
0.125 22 0.00
0.125 23 -0.04
0.125 25 0.00
0.125 30 0.00
0.125 B1 -2.24 -2.24 
0.125 B3 -10.22 -10.22 
0.125 120 13 04 50
0.125 244 0.00
0.13 22 0.00
0.13 23 0.15
0.13 25 0.00
0.13 30 0.00
0.13 B1 0.31 0.31 
0.13 B3 -24.44 -24.44 
0.13 120 13 04 50
0.13 244 0.00
0.135 22 0.00
0.135 23 -0.14
0.135 25 0.00
0.135 30 0.00
0.135 B1 11.01 11.01 
0.135 B3 -20.30 -20.30 
0.135 120 13 04 50
0.135 244 0.00
0.14 22 0.00
0.14 23 0.58
0.14 25 0.00
0.14 30 0.00
0.14 B1 -25.31 -25.31 
0.14 B3 -34.62 -34.62 
0.14 120 13 04 50
0.14 244 0.00
0.145 22 0.00
0.145 23 -0.65
0.145 25 0.00
0.145 30 0.00
0.145 B1 -35.88 -35.88 
0.145 B3 36.40 36.40 
0.145 120 13 04 50
0.145 244 0.00
0.15 22 0.00
0.15 23 0.07
0.15 25 0.00
0.15 30 0.00
0.15 B1 30.82 30.82 
0.15 B3 -34.41 -34.41 
0.15 120 13 04 50
0.15 244 0.00
0.155 22 0.00
0.155 23 -0.88
0.155 25 0.00
0.155 30 0.00
0.155 B1 42.80 42.80 
0.155 B3 35.03 35.03 
0.155 120 13 04 50
0.155 244 0.00
0.16 22 0.00
0.16 23 1.73
0.16 25 0.00
0.16 30 0.00
0.16 B1 -38.97 -38.97 
0.16 B3 -36.59 -36.59 
0.16 120 13 04 50
0.16 244 0.00
0.165 22 0.00
0.165 23 -1.58
0.165 25 0.00
0.165 30 0.00
0.165 B1 33.16 33.16 
0.165 B3 36.31 36.31 
0.165 120 13 04 50
0.165 244 0.00
0.17 22 0.00
0.17 23 0.82
0.17 25 0.00
0.17 30 0.00
0.17 B1 35.99 35.99 
0.17 B3 -37.78 -37.78 
0.17 120 13 04 50
0.17 244 0.00
0.175 22 0.00
0.175 23 -0.34
0.175 25 0.00
0.175 30 0.00
0.175 B1 -8.71 -8.71 
0.175 B3 40.11 40.11 
0.175 120 13 04 50
0.175 244 0.00
0.18 22 0.00
0.18 23 0.38
0.18 25 0.00
0.18 30 0.00
0.18 B1 38.58 38.58 
0.18 B3 -38.62 -38.62 
0.18 120 13 04 50
0.18 244 0.00
0.185 22 0.00
0.185 23 0.05
0.185 25 0.00
0.185 30 0.00
0.185 B1 -43.17 -43.17 
0.185 B3 41.82 41.82 
0.185 120 13 04 50
0.185 244 0.00
0.19 22 0.00
0.19 23 0.37
0.19 25 0.00
0.19 30 0.00
0.19 B1 10.56 10.56 
0.19 B3 -42.26 -42.26 
0.19 120 13 04 50
0.19 244 0.00
0.195 22 0.00
0.195 23 0.11
0.195 25 0.00
0.195 30 0.00
0.195 B1 -46.47 -46.47 
0.195 B3 8.36 8.36 
0.195 120 13 04 50
0.195 244 0.00
0.2 22 0.00
0.2 23 -0.29
0.2 25 0.00
0.2 30 0.00
0.2 B1 35.92 35.92 
0.2 B3 -43.84 -43.84 
0.2 120 13 04 50
0.2 244 0.00
0.205 22 0.00
0.205 23 0.47
0.205 25 0.00
0.205 30 0.00
0.205 B1 -50.22 -50.22 
0.205 B3 3.43 3.43 
0.205 120 13 04 50
0.205 244 0.00
0.21 22 0.00
0.21 23 0.07
0.21 25 0.00
0.21 30 0.00
0.21 B1 -28.13 -28.13 
0.21 B3 -21.36 -21.36 
0.21 120 13 04 50
0.21 244 0.00
0.215 22 0.00
0.215 23 -0.57
0.215 25 0.00
0.215 30 0.00
0.215 B1 27.40 27.40 
0.215 B3 -21.25 -21.25 
0.215 120 13 04 50
0.215 244 0.00
0.22 22 0.00
0.22 23 0.34
0.22 25 0.00
0.22 30 0.00
0.22 B1 -11.52 -11.52 
0.22 B3 -8.79 -8.79 
0.22 120 13 04 50
0.22 244 0.00
0.225 22 0.00
0.225 23 0.04
0.225 25 0.00
0.225 30 0.00
0.225 B1 35.81 35.81 
0.225 B3 -55.20 -55.20 
0.225 120 13 04 50
0.225 244 0.00
0.23 22 0.00
0.23 23 -0.93
0.23 25 0.00
0.23 30 0.00
0.23 B1 13.30 13.30 
0.23 B3 56.04 56.04 
0.23 120 13 04 50
0.23 244 0.00
0.235 22 0.00
0.235 23 0.61
0.235 25 0.00
0.235 30 0.00
0.235 B1 18.04 18.04 
0.235 B3 1.58 1.58 
0.235 120 13 04 50
0.235 244 0.00
0.24 22 0.00
0.24 23 -0.88
0.24 25 0.00
0.24 30 0.00
0.24 B1 69.88 69.88 
0.24 B3 34.31 34.31 
0.24 120 13 04 50
0.24 244 0.00
0.245 22 0.00
0.245 23 1.16
0.245 25 0.00
0.245 30 0.00
0.245 B1 9.75 9.75 
0.245 B3 -4.23 -4.23 
0.245 120 13 04 50
0.245 244 0.00
0.25 22 0.00
0.25 23 0.58
0.25 25 0.00
0.25 30 0.00
0.25 B1 -9.38 -9.38 
0.25 B3 -32.03 -32.03 
0.25 120 13 04 50
0.25 244 0.00
0.255 22 0.00
0.255 23 -1.09
0.255 25 0.00
0.255 30 0.00
0.255 B1 45.41 45.41 
0.255 B3 16.74 16.74 
0.255 120 13 04 50
0.255 244 0.00
0.26 22 0.00
0.26 23 -0.66
0.26 25 0.00
0.26 30 0.00
0.26 B1 59.18 59.18 
0.26 B3 68.07 68.07 
0.26 120 13 04 50
0.26 244 0.00
0.265 22 0.00
0.265 23 0.91
0.265 25 0.00
0.265 30 0.00
0.265 B1 -20.03 -20.03 
0.265 B3 71.17 71.17 
0.265 120 13 04 50
0.265 244 0.00
0.27 22 0.00
0.27 23 1.09
0.27 25 0.00
0.27 30 0.00
0.27 B1 -80.95 -80.95 
0.27 B3 40.48 40.48 
0.27 120 13 04 50
0.27 244 0.00
0.275 22 0.00
0.275 23 -0.11
0.275 25 0.00
0.275 30 0.00
0.275 B1 -62.38 -62.38 
0.275 B3 37.57 37.57 
0.275 120 13 04 50
0.275 244 0.00
0.28 22 0.00
0.28 23 0.41
0.28 25 0.00
0.28 30 0.00
0.28 B1 21.37 21.37 
0.28 B3 -76.75 -76.75 
0.28 120 13 04 50
0.28 244 0.00
0.285 22 0.00
0.285 23 -1.60
0.285 25 0.00
0.285 30 0.00
0.285 B1 73.68 73.68 
0.285 B3 21.23 21.23 
0.285 120 13 04 50
0.285 244 0.00
0.29 22 0.00
0.29 23 -0.58
0.29 25 0.00
0.29 30 0.00
0.29 B1 78.56 78.56 
0.29 B3 74.80 74.80 
0.29 120 13 04 50
0.29 244 0.00
0.295 22 0.00
0.295 23 0.97
0.295 25 0.00
0.295 30 0.00
0.295 B1 -4.39 -4.39 
0.295 B3 77.03 77.03 
0.295 120 13 04 50
0.295 244 0.00
0.3 22 0.00
0.3 23 1.18
0.3 25 0.00
0.3 30 0.00
0.3 B1 -0.48 -0.48 
0.3 B3 -26.95 -26.95 
0.3 120 13 04 50
0.3 244 0.00
0.305 22 0.00
0.305 23 -0.14
0.305 25 0.00
0.305 30 0.00
0.305 B1 -32.88 -32.88 
0.305 B3 24.71 24.71 
0.305 120 13 04 50
0.305 244 0.00
0.31 22 0.00
0.31 23 -1.14
0.31 25 0.00
0.31 30 0.00
0.31 B1 95.30 95.30 
0.31 B3 5.84 5.84 
0.31 120 13 04 50
0.31 244 0.00
0.315 22 0.00
0.315 23 0.57
0.315 25 0.00
0.315 30 0.00
0.315 B1 6.32 6.32 
0.315 B3 50.16 50.16 
0.315 120 13 04 50
0.315 244 0.00
0.32 22 0.00
0.32 23 0.12
0.32 25 0.00
0.32 30 0.00
0.32 B1 28.32 28.32 
0.32 B3 23.61 23.61 
0.32 120 13 04 50
0.32 244 0.00
0.325 22 0.00
0.325 23 -1.18
0.325 25 0.00
0.325 30 0.00
0.325 B1 87.52 87.52 
0.325 B3 76.88 76.88 
0.325 120 13 04 50
0.325 244 0.00
0.33 22 0.00
0.33 23 1.48
0.33 25 0.00
0.33 30 0.00
0.33 B1 21.62 21.62 
0.33 B3 15.22 15.22 
0.33 120 13 04 50
0.33 244 0.00
0.335 22 0.00
0.335 23 -0.41
0.335 25 0.00
0.335 30 0.00
0.335 B1 4.07 4.07 
0.335 B3 75.68 75.68 
0.335 120 13 04 50
0.335 244 0.00
0.34 22 0.00
0.34 23 -0.20
0.34 25 0.00
0.34 30 0.00
0.34 B1 72.15 72.15 
0.34 B3 31.24 31.24 
0.34 120 13 04 50
0.34 244 0.00
0.345 22 0.00
0.345 23 1.01
0.345 25 0.00
0.345 30 0.00
0.345 B1 -22.07 -22.07 
0.345 B3 40.49 40.49 
0.345 120 13 04 50
0.345 244 0.00
0.35 22 0.00
0.35 23 -0.35
0.35 25 0.00
0.35 30 0.00
0.35 B1 -17.85 -17.85 
0.35 B3 73.41 73.41 
0.35 120 13 04 50
0.35 244 0.00
0.355 22 0.00
0.355 23 1.72
0.355 25 0.00
0.355 30 0.00
0.355 B1 -105.52 -105.52 
0.355 B3 11.66 11.66 
0.355 120 13 04 50
0.355 244 0.00
0.36 22 0.00
0.36 23 -0.70
0.36 25 0.00
0.36 30 0.00
0.36 B1 -38.09 -38.09 
0.36 B3 12.70 12.70 
0.36 120 13 04 50
0.36 244 0.00
0.365 22 0.00
0.365 23 -0.18
0.365 25 0.00
0.365 30 0.00
0.365 B1 69.69 69.69 
0.365 B3 -73.51 -73.51 
0.365 120 13 04 50
0.365 244 0.00
0.37 22 0.00
0.37 23 0.67
0.37 25 0.00
0.37 30 0.00
0.37 B1 17.64 17.64 
0.37 B3 -76.43 -76.43 
0.37 120 13 04 50
0.37 244 0.00
0.375 22 0.00
0.375 23 -1.06
0.375 25 0.00
0.375 30 0.00
0.375 B1 99.80 99.80 
0.375 B3 -57.72 -57.72 
0.375 120 13 04 50
0.375 244 0.00
0.38 22 0.00
0.38 23 0.55
0.38 25 0.00
0.38 30 0.00
0.38 B1 -11.09 -11.09 
0.38 B3 8.51 8.51 
0.38 120 13 04 50
0.38 244 0.00
0.385 22 0.00
0.385 23 -0.49
0.385 25 0.00
0.385 30 0.00
0.385 B1 61.85 61.85 
0.385 B3 -15.24 -15.24 
0.385 120 13 04 50
0.385 244 0.00
0.39 22 0.00
0.39 23 0.17
0.39 25 0.00
0.39 30 0.00
0.39 B1 -40.78 -40.78 
0.39 B3 76.85 76.85 
0.39 120 13 04 50
0.39 244 0.00
0.395 22 0.00
0.395 23 -0.24
0.395 25 0.00
0.395 30 0.00
0.395 B1 88.54 88.54 
0.395 B3 -26.45 -26.45 
0.395 120 13 04 50
0.395 244 0.00
0.4 22 0.00
0.4 23 0.47
0.4 25 0.00
0.4 30 0.00
0.4 B1 40.25 40.25 
0.4 B3 -15.63 -15.63 
0.4 120 13 04 50
0.4 244 0.00
0.405 22 0.00
0.405 23 -1.31
0.405 25 0.00
0.405 30 0.00
0.405 B1 72.54 72.54 
0.405 B3 74.51 74.51 
0.405 120 13 04 50
0.405 244 0.00
0.41 22 0.00
0.41 23 2.17
0.41 25 0.00
0.41 30 0.00
0.41 B1 -21.07 -21.07 
0.41 B3 -23.05 -23.05 
0.41 120 13 04 50
0.41 244 0.00
0.415 22 0.00
0.415 23 0.11
0.415 25 0.00
0.415 30 0.00
0.415 B1 12.94 12.94 
0.415 B3 -62.23 -62.23 
0.415 120 13 04 50
0.415 244 0.00
0.42 22 0.00
0.42 23 -0.32
0.42 25 0.00
0.42 30 0.00
0.42 B1 -89.89 -89.89 
0.42 B3 73.98 73.98 
0.42 120 13 04 50
0.42 244 0.00
0.425 22 0.00
0.425 23 -0.06
0.425 25 0.00
0.425 30 0.00
0.425 B1 64.53 64.53 
0.425 B3 -70.31 -70.31 
0.425 120 13 04 50
0.425 244 0.00
0.43 22 0.00
0.43 23 0.45
0.43 25 0.00
0.43 30 0.00
0.43 B1 -37.96 -37.96 
0.43 B3 -3.67 -3.67 
0.43 120 13 04 50
0.43 244 0.00
0.435 22 0.00
0.435 23 -1.21
0.435 25 0.00
0.435 30 0.00
0.435 B1 76.16 76.16 
0.435 B3 -4.85 -4.85 
0.435 120 13 04 50
0.435 244 0.00
0.44 22 0.00
0.44 23 0.54
0.44 25 0.00
0.44 30 0.00
0.44 B1 5.08 5.08 
0.44 B3 21.71 21.71 
0.44 120 13 04 50
0.44 244 0.00
0.445 22 0.00
0.445 23 -1.57
0.445 25 0.00
0.445 30 0.00
0.445 B1 101.55 101.55 
0.445 B3 70.90 70.90 
0.445 120 13 04 50
0.445 244 0.00
0.45 22 0.00
0.45 23 1.28
0.45 25 0.00
0.45 30 0.00
0.45 B1 30.33 30.33 
0.45 B3 30.64 30.64 
0.45 120 13 04 50
0.45 244 0.00
0.455 22 0.00
0.455 23 1.60
0.455 25 0.00
0.455 30 0.00
0.455 B1 -6.45 -6.45 
0.455 B3 -72.27 -72.27 
0.455 120 13 04 50
0.455 244 0.00
0.46 22 0.00
0.46 23 -1.88
0.46 25 0.00
0.46 30 0.00
0.46 B1 26.99 26.99 
0.46 B3 67.75 67.75 
0.46 120 13 04 50
0.46 244 0.00
0.465 22 0.00
0.465 23 -0.69
0.465 25 0.00
0.465 30 0.00
0.465 B1 97.95 97.95 
0.465 B3 62.90 62.90 
0.465 120 13 04 50
0.465 244 0.00
0.47 22 0.00
0.47 23 2.55
0.47 25 0.00
0.47 30 0.00
0.47 B1 9.71 9.71 
0.47 B3 -74.56 -74.56 
0.47 120 13 04 50
0.47 244 0.00
0.475 22 0.00
0.475 23 -0.72
0.475 25 0.00
0.475 30 0.00
0.475 B1 48.78 48.78 
0.475 B3 -44.95 -44.95 
0.475 120 13 04 50
0.475 244 0.00
0.48 22 0.00
0.48 23 -1.52
0.48 25 0.00
0.48 30 0.00
0.48 B1 80.07 80.07 
0.48 B3 64.33 64.33 
0.48 120 13 04 50
0.48 244 0.00
0.485 22 0.00
0.485 23 2.74
0.485 25 0.00
0.485 30 0.00
0.485 B1 -84.95 -84.95 
0.485 B3 -12.85 -12.85 
0.485 120 13 04 50
0.485 244 0.00
0.49 22 0.00
0.49 23 -0.64
0.49 25 0.00
0.49 30 0.00
0.49 B1 29.09 29.09 
0.49 B3 -65.65 -65.65 
0.49 120 13 04 50
0.49 244 0.00
0.495 22 0.00
0.495 23 -0.66
0.495 25 0.00
0.495 30 0.00
0.495 B1 96.94 96.94 
0.495 B3 -70.39 -70.39 
0.495 120 13 04 50
0.495 244 0.00
0.5 22 0.00
0.5 23 -0.20
0.5 25 0.00
0.5 30 0.00
0.5 B1 4.24 4.24 
0.5 B3 44.06 44.06 
0.5 120 13 04 50
0.5 244 0.00
0.505 22 0.00
0.505 23 1.07
0.505 25 0.00
0.505 30 0.00
0.505 B1 -64.99 -64.99 
0.505 B3 20.72 20.72 
0.505 120 13 04 50
0.505 244 0.00
0.51 22 0.00
0.51 23 -1.21
0.51 25 0.00
0.51 30 0.00
0.51 B1 9.15 9.15 
0.51 B3 59.55 59.55 
0.51 120 13 04 50
0.51 244 0.00
0.515 22 0.00
0.515 23 1.90
0.515 25 0.00
0.515 30 0.00
0.515 B1 -81.41 -81.41 
0.515 B3 -16.76 -16.76 
0.515 120 13 04 50
0.515 244 0.00
0.52 22 0.00
0.52 23 -1.22
0.52 25 0.00
0.52 30 0.00
0.52 B1 79.23 79.23 
0.52 B3 -63.77 -63.77 
0.52 120 13 04 50
0.52 244 0.00
0.525 22 0.00
0.525 23 0.79
0.525 25 0.00
0.525 30 0.00
0.525 B1 -71.39 -71.39 
0.525 B3 20.15 20.15 
0.525 120 13 04 50
0.525 244 0.00
0.53 22 0.00
0.53 23 -0.73
0.53 25 0.00
0.53 30 0.00
0.53 B1 -35.66 -35.66 
0.53 B3 54.27 54.27 
0.53 120 13 04 50
0.53 244 0.00
0.535 22 0.00
0.535 23 -0.95
0.535 25 0.00
0.535 30 0.00
0.535 B1 68.18 68.18 
0.535 B3 40.44 40.44 
0.535 120 13 04 50
0.535 244 0.00
0.54 22 0.00
0.54 23 0.63
0.54 25 0.00
0.54 30 0.00
0.54 B1 -17.50 -17.50 
0.54 B3 73.47 73.47 
0.54 120 13 04 50
0.54 244 0.00
0.545 22 0.00
0.545 23 1.55
0.545 25 0.00
0.545 30 0.00
0.545 B1 -83.35 -83.35 
0.545 B3 3.98 3.98 
0.545 120 13 04 50
0.545 244 0.00
0.55 22 0.00
0.55 23 -2.15
0.55 25 0.00
0.55 30 0.00
0.55 B1 93.63 93.63 
0.55 B3 24.33 24.33 
0.55 120 13 04 50
0.55 244 0.00
0.555 22 0.00
0.555 23 0.83
0.555 25 0.00
0.555 30 0.00
0.555 B1 13.55 13.55 
0.555 B3 34.43 34.43 
0.555 120 13 04 50
0.555 244 0.00
0.56 22 0.00
0.56 23 -0.95
0.56 25 0.00
0.56 30 0.00
0.56 B1 90.61 90.61 
0.56 B3 47.14 47.14 
0.56 120 13 04 50
0.56 244 0.00
0.565 22 0.00
0.565 23 1.26
0.565 25 0.00
0.565 30 0.00
0.565 B1 11.88 11.88 
0.565 B3 16.72 16.72 
0.565 120 13 04 50
0.565 244 0.00
0.57 22 0.00
0.57 23 0.62
0.57 25 0.00
0.57 30 0.00
0.57 B1 -89.02 -89.02 
0.57 B3 66.22 66.22 
0.57 120 13 04 50
0.57 244 0.00
0.575 22 0.00
0.575 23 -0.22
0.575 25 0.00
0.575 30 0.00
0.575 B1 -10.74 -10.74 
0.575 B3 11.86 11.86 
0.575 120 13 04 50
0.575 244 0.00
0.58 22 0.00
0.58 23 -1.67
0.58 25 0.00
0.58 30 0.00
0.58 B1 83.78 83.78 
0.58 B3 71.69 71.69 
0.58 120 13 04 50
0.58 244 0.00
0.585 22 0.00
0.585 23 1.50
0.585 25 0.00
0.585 30 0.00
0.585 B1 19.81 19.81 
0.585 B3 5.56 5.56 
0.585 120 13 04 50
0.585 244 0.00
0.59 22 0.00
0.59 23 0.67
0.59 25 0.00
0.59 30 0.00
0.59 B1 18.60 18.60 
0.59 B3 -48.86 -48.86 
0.59 120 13 04 50
0.59 244 0.00
0.595 22 0.00
0.595 23 -0.84
0.595 25 0.00
0.595 30 0.00
0.595 B1 57.51 57.51 
0.595 B3 -7.17 -7.17 
0.595 120 13 04 50
0.595 244 0.00
0.6 22 0.00
0.6 23 -0.74
0.6 25 0.00
0.6 30 0.00
0.6 B1 64.84 64.84 
0.6 B3 56.30 56.30 
0.6 120 13 04 50
0.6 244 0.00
0.605 22 0.00
0.605 23 1.61
0.605 25 0.00
0.605 30 0.00
0.605 B1 -0.67 -0.67 
0.605 B3 -18.16 -18.16 
0.605 120 13 04 50
0.605 244 0.00
0.61 22 0.00
0.61 23 0.20
0.61 25 0.00
0.61 30 0.00
0.61 B1 32.37 32.37 
0.61 B3 -64.53 -64.53 
0.61 120 13 04 50
0.61 244 0.00
0.615 22 0.00
0.615 23 0.15
0.615 25 0.00
0.615 30 0.00
0.615 B1 -68.72 -68.72 
0.615 B3 27.93 27.93 
0.615 120 13 04 50
0.615 244 0.00
0.62 22 0.00
0.62 23 0.23
0.62 25 0.00
0.62 30 0.00
0.62 B1 -18.48 -18.48 
0.62 B3 -38.46 -38.46 
0.62 120 13 04 50
0.62 244 0.00
0.625 22 0.00
0.625 23 -0.70
0.625 25 0.00
0.625 30 0.00
0.625 B1 -7.43 -7.43 
0.625 B3 18.41 18.41 
0.625 120 13 04 50
0.625 244 0.00
0.63 22 0.00
0.63 23 0.52
0.63 25 0.00
0.63 30 0.00
0.63 B1 -70.83 -70.83 
0.63 B3 39.61 39.61 
0.63 120 13 04 50
0.63 244 0.00
0.635 22 0.00
0.635 23 -0.79
0.635 25 0.00
0.635 30 0.00
0.635 B1 48.36 48.36 
0.635 B3 -4.01 -4.01 
0.635 120 13 04 50
0.635 244 0.00
0.64 22 0.00
0.64 23 -0.61
0.64 25 0.00
0.64 30 0.00
0.64 B1 85.50 85.50 
0.64 B3 18.70 18.70 
0.64 120 13 04 50
0.64 244 0.00
0.645 22 0.00
0.645 23 1.40
0.645 25 0.00
0.645 30 0.00
0.645 B1 -62.65 -62.65 
0.645 B3 46.02 46.02 
0.645 120 13 04 50
0.645 244 0.00
0.65 22 0.00
0.65 23 0.09
0.65 25 0.00
0.65 30 0.00
0.65 B1 19.53 19.53 
0.65 B3 -39.54 -39.54 
0.65 120 13 04 50
0.65 244 0.00
0.655 22 0.00
0.655 23 -0.02
0.655 25 0.00
0.655 30 0.00
0.655 B1 56.49 56.49 
0.655 B3 -69.77 -69.77 
0.655 120 13 04 50
0.655 244 0.00
0.66 22 0.00
0.66 23 -0.29
0.66 25 0.00
0.66 30 0.00
0.66 B1 35.21 35.21 
0.66 B3 -17.66 -17.66 
0.66 120 13 04 50
0.66 244 0.00
0.665 22 0.00
0.665 23 1.27
0.665 25 0.00
0.665 30 0.00
0.665 B1 -79.11 -79.11 
0.665 B3 -12.76 -12.76 
0.665 120 13 04 50
0.665 244 0.00
0.67 22 0.00
0.67 23 -1.87
0.67 25 0.00
0.67 30 0.00
0.67 B1 93.36 93.36 
0.67 B3 -12.38 -12.38 
0.67 120 13 04 50
0.67 244 0.00
0.675 22 0.00
0.675 23 1.32
0.675 25 0.00
0.675 30 0.00
0.675 B1 5.52 5.52 
0.675 B3 -38.46 -38.46 
0.675 120 13 04 50
0.675 244 0.00
0.68 22 0.00
0.68 23 -1.12
0.68 25 0.00
0.68 30 0.00
0.68 B1 9.43 9.43 
0.68 B3 63.25 63.25 
0.68 120 13 04 50
0.68 244 0.00
0.685 22 0.00
0.685 23 1.03
0.685 25 0.00
0.685 30 0.00
0.685 B1 -79.53 -79.53 
0.685 B3 64.74 64.74 
0.685 120 13 04 50
0.685 244 0.00
0.69 22 0.00
0.69 23 -1.10
0.69 25 0.00
0.69 30 0.00
0.69 B1 91.51 91.51 
0.69 B3 -2.68 -2.68 
0.69 120 13 04 50
0.69 244 0.00
0.695 22 0.00
0.695 23 0.38
0.695 25 0.00
0.695 30 0.00
0.695 B1 2.37 2.37 
0.695 B3 56.76 56.76 
0.695 120 13 04 50
0.695 244 0.00
0.7 22 0.00
0.7 23 1.00
0.7 25 0.00
0.7 30 0.00
0.7 B1 -7.37 -7.37 
0.7 B3 -18.89 -18.89 
0.7 120 13 04 50
0.7 244 0.00
0.705 22 0.00
0.705 23 0.86
0.705 25 0.00
0.705 30 0.00
0.705 B1 -30.30 -30.30 
0.705 B3 -68.87 -68.87 
0.705 120 13 04 50
0.705 244 0.00
0.71 22 0.00
0.71 23 -2.30
0.71 25 0.00
0.71 30 0.00
0.71 B1 94.14 94.14 
0.71 B3 18.40 18.40 
0.71 120 13 04 50
0.71 244 0.00
0.715 22 0.00
0.715 23 0.73
0.715 25 0.00
0.715 30 0.00
0.715 B1 10.94 10.94 
0.715 B3 40.84 40.84 
0.715 120 13 04 50
0.715 244 0.00
0.72 22 0.00
0.72 23 1.51
0.72 25 0.00
0.72 30 0.00
0.72 B1 -92.81 -92.81 
0.72 B3 13.74 13.74 
0.72 120 13 04 50
0.72 244 0.00
0.725 22 0.00
0.725 23 -1.49
0.725 25 0.00
0.725 30 0.00
0.725 B1 5.28 5.28 
0.725 B3 54.41 54.41 
0.725 120 13 04 50
0.725 244 0.00
0.73 22 0.00
0.73 23 -0.30
0.73 25 0.00
0.73 30 0.00
0.73 B1 70.70 70.70 
0.73 B3 20.96 20.96 
0.73 120 13 04 50
0.73 244 0.00
0.735 22 0.00
0.735 23 0.62
0.735 25 0.00
0.735 30 0.00
0.735 B1 -34.13 -34.13 
0.735 B3 75.24 75.24 
0.735 120 13 04 50
0.735 244 0.00
0.74 22 0.00
0.74 23 -0.19
0.74 25 0.00
0.74 30 0.00
0.74 B1 92.26 92.26 
0.74 B3 -29.62 -29.62 
0.74 120 13 04 50
0.74 244 0.00
0.745 22 0.00
0.745 23 0.24
0.745 25 0.00
0.745 30 0.00
0.745 B1 -14.88 -14.88 
0.745 B3 60.86 60.86 
0.745 120 13 04 50
0.745 244 0.00
0.75 22 0.00
0.75 23 0.79
0.75 25 0.00
0.75 30 0.00
0.75 B1 50.88 50.88 
0.75 B3 -71.47 -71.47 
0.75 120 13 04 50
0.75 244 0.00
0.755 22 0.00
0.755 23 -1.87
0.755 25 0.00
0.755 30 0.00
0.755 B1 80.10 80.10 
0.755 B3 72.23 72.23 
0.755 120 13 04 50
0.755 244 0.00
0.76 22 0.00
0.76 23 1.30
0.76 25 0.00
0.76 30 0.00
0.76 B1 42.54 42.54 
0.76 B3 -2.24 -2.24 
0.76 120 13 04 50
0.76 244 0.00
0.765 22 0.00
0.765 23 0.24
0.765 25 0.00
0.765 30 0.00
0.765 B1 5.10 5.10 
0.765 B3 18.19 18.19 
0.765 120 13 04 50
0.765 244 0.00
0.77 22 0.00
0.77 23 -0.39
0.77 25 0.00
0.77 30 0.00
0.77 B1 -9.02 -9.02 
0.77 B3 72.07 72.07 
0.77 120 13 04 50
0.77 244 0.00
0.775 22 0.00
0.775 23 0.82
0.775 25 0.00
0.775 30 0.00
0.775 B1 -71.88 -71.88 
0.775 B3 65.51 65.51 
0.775 120 13 04 50
0.775 244 0.00
0.78 22 0.00
0.78 23 -0.40
0.78 25 0.00
0.78 30 0.00
0.78 B1 31.36 31.36 
0.78 B3 3.25 3.25 
0.78 120 13 04 50
0.78 244 0.00
0.785 22 0.00
0.785 23 2.17
0.785 25 0.00
0.785 30 0.00
0.785 B1 -89.40 -89.40 
0.785 B3 -66.36 -66.36 
0.785 120 13 04 50
0.785 244 0.00
0.79 22 0.00
0.79 23 -2.07
0.79 25 0.00
0.79 30 0.00
0.79 B1 -5.13 -5.13 
0.79 B3 40.36 40.36 
0.79 120 13 04 50
0.79 244 0.00
0.795 22 0.00
0.795 23 -0.52
0.795 25 0.00
0.795 30 0.00
0.795 B1 45.16 45.16 
0.795 B3 42.01 42.01 
0.795 120 13 04 50
0.795 244 0.00
0.8 22 0.00
0.8 23 -0.54
0.8 25 0.00
0.8 30 0.00
0.8 B1 67.22 67.22 
0.8 B3 73.34 73.34 
0.8 120 13 04 50
0.8 244 0.00
0.805 22 0.00
0.805 23 2.01
0.805 25 0.00
0.805 30 0.00
0.805 B1 -29.56 -29.56 
0.805 B3 -6.49 -6.49 
0.805 120 13 04 50
0.805 244 0.00
0.81 22 0.00
0.81 23 0.84
0.81 25 0.00
0.81 30 0.00
0.81 B1 -54.92 -54.92 
0.81 B3 -51.84 -51.84 
0.81 120 13 04 50
0.81 244 0.00
0.815 22 0.00
0.815 23 -0.91
0.815 25 0.00
0.815 30 0.00
0.815 B1 15.67 15.67 
0.815 B3 -35.57 -35.57 
0.815 120 13 04 50
0.815 244 0.00
0.82 22 0.00
0.82 23 -1.35
0.82 25 0.00
0.82 30 0.00
0.82 B1 75.76 75.76 
0.82 B3 30.25 30.25 
0.82 120 13 04 50
0.82 244 0.00
0.825 22 0.00
0.825 23 1.59
0.825 25 0.00
0.825 30 0.00
0.825 B1 4.79 4.79 
0.825 B3 -37.31 -37.31 
0.825 120 13 04 50
0.825 244 0.00
0.83 22 0.00
0.83 23 -0.16
0.83 25 0.00
0.83 30 0.00
0.83 B1 5.62 5.62 
0.83 B3 -19.06 -19.06 
0.83 120 13 04 50
0.83 244 0.00
0.835 22 0.00
0.835 23 0.56
0.835 25 0.00
0.835 30 0.00
0.835 B1 14.95 14.95 
0.835 B3 -74.53 -74.53 
0.835 120 13 04 50
0.835 244 0.00
0.84 22 0.00
0.84 23 0.40
0.84 25 0.00
0.84 30 0.00
0.84 B1 -95.62 -95.62 
0.84 B3 4.19 4.19 
0.84 120 13 04 50
0.84 244 0.00
0.845 22 0.00
0.845 23 -0.69
0.845 25 0.00
0.845 30 0.00
0.845 B1 -7.70 -7.70 
0.845 B3 -16.64 -16.64 
0.845 120 13 04 50
0.845 244 0.00
0.85 22 0.00
0.85 23 0.72
0.85 25 0.00
0.85 30 0.00
0.85 B1 -12.03 -12.03 
0.85 B3 -72.41 -72.41 
0.85 120 13 04 50
0.85 244 0.00
0.855 22 0.00
0.855 23 -0.64
0.855 25 0.00
0.855 30 0.00
0.855 B1 -93.05 -93.05 
0.855 B3 71.23 71.23 
0.855 120 13 04 50
0.855 244 0.00
0.86 22 0.00
0.86 23 -0.30
0.86 25 0.00
0.86 30 0.00
0.86 B1 2.80 2.80 
0.86 B3 7.11 7.11 
0.86 120 13 04 50
0.86 244 0.00
0.865 22 0.00
0.865 23 -0.37
0.865 25 0.00
0.865 30 0.00
0.865 B1 -27.15 -27.15 
0.865 B3 74.90 74.90 
0.865 120 13 04 50
0.865 244 0.00
0.87 22 0.00
0.87 23 1.82
0.87 25 0.00
0.87 30 0.00
0.87 B1 -88.62 -88.62 
0.87 B3 -22.84 -22.84 
0.87 120 13 04 50
0.87 244 0.00
0.875 22 0.00
0.875 23 -0.15
0.875 25 0.00
0.875 30 0.00
0.875 B1 -32.52 -32.52 
0.875 B3 -61.14 -61.14 
0.875 120 13 04 50
0.875 244 0.00
0.88 22 0.00
0.88 23 -2.08
0.88 25 0.00
0.88 30 0.00
0.88 B1 82.89 82.89 
0.88 B3 15.19 15.19 
0.88 120 13 04 50
0.88 244 0.00
0.885 22 0.00
0.885 23 -0.49
0.885 25 0.00
0.885 30 0.00
0.885 B1 80.21 80.21 
0.885 B3 66.65 66.65 
0.885 120 13 04 50
0.885 244 0.00
0.89 22 0.00
0.89 23 0.70
0.89 25 0.00
0.89 30 0.00
0.89 B1 88.36 88.36 
0.89 B3 -0.29 -0.29 
0.89 120 13 04 50
0.89 244 0.00
0.895 22 0.00
0.895 23 0.95
0.895 25 0.00
0.895 30 0.00
0.895 B1 30.08 30.08 
0.895 B3 -23.11 -23.11 
0.895 120 13 04 50
0.895 244 0.00
0.9 22 0.00
0.9 23 0.57
0.9 25 0.00
0.9 30 0.00
0.9 B1 -6.54 -6.54 
0.9 B3 -33.30 -33.30 
0.9 120 13 04 50
0.9 244 0.00
0.905 22 0.00
0.905 23 -0.86
0.905 25 0.00
0.905 30 0.00
0.905 B1 90.95 90.95 
0.905 B3 -48.94 -48.94 
0.905 120 13 04 50
0.905 244 0.00
0.91 22 0.00
0.91 23 0.42
0.91 25 0.00
0.91 30 0.00
0.91 B1 -4.96 -4.96 
0.91 B3 14.19 14.19 
0.91 120 13 04 50
0.91 244 0.00
0.915 22 0.00
0.915 23 1.15
0.915 25 0.00
0.915 30 0.00
0.915 B1 -36.05 -36.05 
0.915 B3 -53.36 -53.36 
0.915 120 13 04 50
0.915 244 0.00
0.92 22 0.00
0.92 23 -1.88
0.92 25 0.00
0.92 30 0.00
0.92 B1 82.97 82.97 
0.92 B3 1.39 1.39 
0.92 120 13 04 50
0.92 244 0.00
0.925 22 0.00
0.925 23 1.13
0.925 25 0.00
0.925 30 0.00
0.925 B1 -0.81 -0.81 
0.925 B3 -12.23 -12.23 
0.925 120 13 04 50
0.925 244 0.00
0.93 22 0.00
0.93 23 -1.06
0.93 25 0.00
0.93 30 0.00
0.93 B1 36.93 36.93 
0.93 B3 50.29 50.29 
0.93 120 13 04 50
0.93 244 0.00
0.935 22 0.00
0.935 23 1.81
0.935 25 0.00
0.935 30 0.00
0.935 B1 -56.97 -56.97 
0.935 B3 -14.36 -14.36 
0.935 120 13 04 50
0.935 244 0.00
0.94 22 0.00
0.94 23 -0.75
0.94 25 0.00
0.94 30 0.00
0.94 B1 47.28 47.28 
0.94 B3 -46.56 -46.56 
0.94 120 13 04 50
0.94 244 0.00
0.945 22 0.00
0.945 23 -1.25
0.945 25 0.00
0.945 30 0.00
0.945 B1 74.62 74.62 
0.945 B3 43.47 43.47 
0.945 120 13 04 50
0.945 244 0.00
0.95 22 0.00
0.95 23 2.98
0.95 25 0.00
0.95 30 0.00
0.95 B1 -77.03 -77.03 
0.95 B3 -68.52 -68.52 
0.95 120 13 04 50
0.95 244 0.00
0.955 22 0.00
0.955 23 -2.70
0.955 25 0.00
0.955 30 0.00
0.955 B1 34.60 34.60 
0.955 B3 67.93 67.93 
0.955 120 13 04 50
0.955 244 0.00
0.96 22 0.00
0.96 23 1.48
0.96 25 0.00
0.96 30 0.00
0.96 B1 -79.86 -79.86 
0.96 B3 53.73 53.73 
0.96 120 13 04 50
0.96 244 0.00
0.965 22 0.00
0.965 23 -0.20
0.965 25 0.00
0.965 30 0.00
0.965 B1 67.30 67.30 
0.965 B3 -70.76 -70.76 
0.965 120 13 04 50
0.965 244 0.00
0.97 22 0.00
0.97 23 -0.02
0.97 25 0.00
0.97 30 0.00
0.97 B1 -3.20 -3.20 
0.97 B3 6.51 6.51 
0.97 120 13 04 50
0.97 244 0.00
0.975 22 0.00
0.975 23 0.30
0.975 25 0.00
0.975 30 0.00
0.975 B1 28.58 28.58 
0.975 B3 -47.59 -47.59 
0.975 120 13 04 50
0.975 244 0.00
0.98 22 0.00
0.98 23 -1.10
0.98 25 0.00
0.98 30 0.00
0.98 B1 93.78 93.78 
0.98 B3 -8.84 -8.84 
0.98 120 13 04 50
0.98 244 0.00
0.985 22 0.00
0.985 23 0.56
0.985 25 0.00
0.985 30 0.00
0.985 B1 3.17 3.17 
0.985 B3 36.27 36.27 
0.985 120 13 04 50
0.985 244 0.00
0.9899999 22 0.00
0.9899999 23 1.72
0.9899999 25 0.00
0.9899999 30 0.00
0.9899999 B1 -73.57 -73.57 
0.9899999 B3 -37.32 -37.32 
0.9899999 120 13 04 50
0.9899999 244 0.00
0.995 22 0.00
0.995 23 -1.02
0.995 25 0.00
0.995 30 0.00
0.995 B1 4.64 4.64 
0.995 B3 -18.88 -18.88 
0.995 120 13 04 50
0.995 244 0.00
1 22 0.00
1 23 -0.35
1 25 0.00
1 30 0.00
1 B1 93.18 93.18 
1 B3 -71.18 -71.18 
1 120 13 04 50
1 244 0.00
1.005 22 0.00
1.005 23 -0.45
1.005 25 0.00
1.005 30 0.00
1.005 B1 -1.10 -1.10 
1.005 B3 68.34 68.34 
1.005 120 13 04 50
1.005 244 0.00
1.01 22 0.00
1.01 23 0.79
1.01 25 0.00
1.01 30 0.00
1.01 B1 70.50 70.50 
1.01 B3 -70.11 -70.11 
1.01 120 13 04 50
1.01 244 0.00
1.015 22 0.00
1.015 23 0.23
1.015 25 0.00
1.015 30 0.00
1.015 B1 -23.14 -23.14 
1.015 B3 7.42 7.42 
1.015 120 13 04 50
1.015 244 0.00
1.02 22 0.00
1.02 23 0.86
1.02 25 0.00
1.02 30 0.00
1.02 B1 -31.14 -31.14 
1.02 B3 -57.37 -57.37 
1.02 120 13 04 50
1.02 244 0.00
1.025 22 0.00
1.025 23 -2.13
1.025 25 0.00
1.025 30 0.00
1.025 B1 92.38 92.38 
1.025 B3 15.22 15.22 
1.025 120 13 04 50
1.025 244 0.00
1.03 22 0.00
1.03 23 0.47
1.03 25 0.00
1.03 30 0.00
1.03 B1 15.14 15.14 
1.03 B3 57.24 57.24 
1.03 120 13 04 50
1.03 244 0.00
1.035 22 0.00
1.035 23 0.41
1.035 25 0.00
1.035 30 0.00
1.035 B1 61.00 61.00 
1.035 B3 -18.48 -18.48 
1.035 120 13 04 50
1.035 244 0.03
1.04 22 0.00
1.04 23 1.61
1.04 25 0.00
1.04 30 0.00
1.04 B1 -13.62 -13.62 
1.04 B3 -66.12 -66.12 
1.04 120 13 04 50
1.04 244 0.06
1.045 22 0.00
1.045 23 -0.83
1.045 25 0.00
1.045 30 0.00
1.045 B1 29.92 29.92 
1.045 B3 7.29 7.29 
1.045 120 13 04 50
1.045 244 0.08
1.05 22 0.00
1.05 23 2.43
1.05 25 0.00
1.05 30 0.00
1.05 B1 -79.78 -79.78 
1.05 B3 -46.42 -46.42 
1.05 120 13 04 50
1.05 244 0.10
1.055 22 0.00
1.055 23 -1.92
1.055 25 0.00
1.055 30 0.00
1.055 B1 108.57 108.57 
1.055 B3 7.87 7.87 
1.055 120 13 04 50
1.055 244 0.10
1.06 22 0.00
1.06 23 2.24
1.06 25 0.00
1.06 30 0.00
1.06 B1 -11.64 -11.64 
1.06 B3 -3.19 -3.19 
1.06 120 13 04 50
1.06 244 0.15
1.065 22 0.00
1.065 23 -0.43
1.065 25 0.00
1.065 30 0.00
1.065 B1 109.02 109.02 
1.065 B3 17.54 17.54 
1.065 120 13 04 50
1.065 244 0.15
1.07 22 0.00
1.07 23 1.45
1.07 25 0.00
1.07 30 0.00
1.07 B1 41.55 41.55 
1.07 B3 57.29 57.29 
1.07 120 13 04 50
1.07 244 0.18
1.075 22 0.00
1.075 23 2.51
1.075 25 0.00
1.075 30 0.00
1.075 B1 -28.90 -28.90 
1.075 B3 19.14 19.14 
1.075 120 13 04 50
1.075 244 0.20
1.08 22 0.00
1.08 23 -0.35
1.08 25 0.00
1.08 30 0.00
1.08 B1 113.46 113.46 
1.08 B3 41.14 41.14 
1.08 120 13 04 50
1.08 244 0.23
1.085 22 0.00
1.085 23 0.88
1.085 25 0.00
1.085 30 0.00
1.085 B1 127.72 127.72 
1.085 B3 98.15 98.15 
1.085 120 13 04 50
1.085 244 0.26
1.09 22 0.00
1.09 23 3.04
1.09 25 0.00
1.09 30 0.00
1.09 B1 40.55 40.55 
1.09 B3 79.61 79.61 
1.09 120 13 04 50
1.09 244 0.34
1.095 22 0.00
1.095 23 1.90
1.095 25 0.00
1.095 30 0.00
1.095 B1 87.57 87.57 
1.095 B3 84.62 84.62 
1.095 120 13 04 50
1.095 244 0.34
1.1 22 0.00
1.1 23 2.42
1.1 25 0.00
1.1 30 0.00
1.1 B1 110.37 110.37 
1.1 B3 66.96 66.96 
1.1 120 13 04 50
1.1 244 0.34
1.105 22 0.00
1.105 23 4.07
1.105 25 0.00
1.105 30 0.00
1.105 B1 -24.77 -24.77 
1.105 B3 58.45 58.45 
1.105 120 13 04 50
1.105 244 0.34
1.11 22 0.00
1.11 23 1.43
1.11 25 0.00
1.11 30 0.00
1.11 B1 86.49 86.49 
1.11 B3 40.96 40.96 
1.11 120 13 04 50
1.11 244 0.37
1.115 22 0.00
1.115 23 3.31
1.115 25 0.00
1.115 30 0.00
1.115 B1 0.32 0.32 
1.115 B3 72.02 72.02 
1.115 120 13 04 50
1.115 244 0.40
1.12 22 0.00
1.12 23 3.38
1.12 25 0.00
1.12 30 0.00
1.12 B1 4.96 4.96 
1.12 B3 20.95 20.95 
1.12 120 13 04 50
1.12 244 0.42
1.125 22 0.00
1.125 23 1.93
1.125 25 0.00
1.125 30 0.00
1.125 B1 52.45 52.45 
1.125 B3 72.69 72.69 
1.125 120 13 04 50
1.125 244 0.42
1.13 22 0.00
1.13 23 2.61
1.13 25 0.00
1.13 30 0.00
1.13 B1 55.35 55.35 
1.13 B3 107.74 107.74 
1.13 120 13 04 50
1.13 244 0.44
1.135 22 0.00
1.135 23 3.35
1.135 25 0.00
1.135 30 0.00
1.135 B1 34.10 34.10 
1.135 B3 115.45 115.45 
1.135 120 13 04 50
1.135 244 0.46
1.14 22 0.00
1.14 23 3.03
1.14 25 0.00
1.14 30 0.00
1.14 B1 102.93 102.93 
1.14 B3 68.71 68.71 
1.14 120 13 04 50
1.14 244 0.47
1.145 22 0.00
1.145 23 2.22
1.145 25 0.00
1.145 30 0.00
1.145 B1 164.65 164.65 
1.145 B3 109.46 109.46 
1.145 120 13 04 50
1.145 244 0.48
1.15 22 0.00
1.15 23 4.49
1.15 25 0.00
1.15 30 0.00
1.15 B1 100.14 100.14 
1.15 B3 77.11 77.11 
1.15 120 13 04 50
1.15 244 0.48
1.155 22 0.00
1.155 23 3.35
1.155 25 0.00
1.155 30 0.00
1.155 B1 76.62 76.62 
1.155 B3 110.95 110.95 
1.155 120 13 04 50
1.155 244 0.48
1.16 22 0.00
1.16 23 3.12
1.16 25 0.00
1.16 30 0.00
1.16 B1 127.04 127.04 
1.16 B3 91.66 91.66 
1.16 120 13 04 50
1.16 244 0.48
1.165 22 0.00
1.165 23 3.67
1.165 25 0.00
1.165 30 0.00
1.165 B1 85.78 85.78 
1.165 B3 114.50 114.50 
1.165 120 13 04 50
1.165 244 0.48
1.17 22 0.00
1.17 23 2.66
1.17 25 0.00
1.17 30 0.00
1.17 B1 155.88 155.88 
1.17 B3 116.31 116.31 
1.17 120 13 04 50
1.17 244 0.48
1.175 22 0.00
1.175 23 4.05
1.175 25 0.00
1.175 30 0.00
1.175 B1 99.30 99.30 
1.175 B3 116.93 116.93 
1.175 120 13 04 50
1.175 244 0.47
1.18 22 0.00
1.18 23 2.43
1.18 25 0.00
1.18 30 0.00
1.18 B1 165.13 165.13 
1.18 B3 133.60 133.60 
1.18 120 13 04 50
1.18 244 0.47
1.185 22 0.00
1.185 23 4.00
1.185 25 0.00
1.185 30 0.00
1.185 B1 109.07 109.07 
1.185 B3 130.43 130.43 
1.185 120 13 04 50
1.185 244 0.47
1.19 22 0.00
1.19 23 2.58
1.19 25 0.00
1.19 30 0.00
1.19 B1 164.30 164.30 
1.19 B3 144.14 144.14 
1.19 120 13 04 50
1.19 244 0.47
1.195 22 0.00
1.195 23 3.75
1.195 25 0.00
1.195 30 0.00
1.195 B1 126.51 126.51 
1.195 B3 145.53 145.53 
1.195 120 13 04 50
1.195 244 0.47
1.2 22 0.00
1.2 23 2.81
1.2 25 0.00
1.2 30 0.00
1.2 B1 164.01 164.01 
1.2 B3 155.24 155.24 
1.2 120 13 04 50
1.2 244 0.46
1.205 22 0.00
1.205 23 3.43
1.205 25 0.00
1.205 30 0.00
1.205 B1 149.01 149.01 
1.205 B3 159.55 159.55 
1.205 120 13 04 50
1.205 244 0.46
1.21 22 0.00
1.21 23 3.03
1.21 25 0.00
1.21 30 0.00
1.21 B1 167.05 167.05 
1.21 B3 166.84 166.84 
1.21 120 13 04 50
1.21 244 0.46
1.215 22 0.00
1.215 23 3.23
1.215 25 0.00
1.215 30 0.00
1.215 B1 167.69 167.69 
1.215 B3 172.69 172.69 
1.215 120 13 04 50
1.215 244 0.46
1.22 22 0.00
1.22 23 3.09
1.22 25 0.00
1.22 30 0.00
1.22 B1 175.56 175.56 
1.22 B3 178.65 178.65 
1.22 120 13 04 50
1.22 244 0.45
1.225 22 0.00
1.225 23 3.09
1.225 25 0.00
1.225 30 0.00
1.225 B1 181.07 181.07 
1.225 B3 184.52 184.52 
1.225 120 13 04 50
1.225 244 0.45
1.23 22 0.00
1.23 23 3.06
1.23 25 0.00
1.23 30 0.00
1.23 B1 187.08 187.08 
1.23 B3 190.36 190.36 
1.23 120 13 04 50
1.23 244 0.44
1.235 22 0.00
1.235 23 3.03
1.235 25 0.00
1.235 30 0.00
1.235 B1 192.88 192.88 
1.235 B3 196.11 196.11 
1.235 120 13 04 50
1.235 244 0.44
1.24 22 0.00
1.24 23 3.03
1.24 25 0.00
1.24 30 0.00
1.24 B1 198.85 198.85 
1.24 B3 202.04 202.04 
1.24 120 13 04 50
1.24 244 0.44
1.245 22 0.00
1.245 23 3.00
1.245 25 0.00
1.245 30 0.00
1.245 B1 204.55 204.55 
1.245 B3 207.71 207.71 
1.245 120 13 04 50
1.245 244 0.44
1.25 22 0.00
1.25 23 3.00
1.25 25 0.00
1.25 30 0.00
1.25 B1 210.40 210.40 
1.25 B3 213.57 213.57 
1.25 120 13 04 50
1.25 244 0.44
1.255 22 0.00
1.255 23 2.99
1.255 25 0.00
1.255 30 0.00
1.255 B1 216.24 216.24 
1.255 B3 219.41 219.41 
1.255 120 13 04 50
1.255 244 0.44
1.26 22 0.00
1.26 23 2.99
1.26 25 0.00
1.26 30 0.00
1.26 B1 222.05 222.05 
1.26 B3 225.26 225.26 
1.26 120 13 04 50
1.26 244 0.45
1.265 22 0.00
1.265 23 3.06
1.265 25 0.00
1.265 30 0.00
1.265 B1 228.58 228.58 
1.265 B3 231.90 231.90 
1.265 120 13 04 50
1.265 244 0.46
1.27 22 0.00
1.27 23 3.09
1.27 25 0.00
1.27 30 0.00
1.27 B1 234.77 234.77 
1.27 B3 238.18 238.18 
1.27 120 13 04 50
1.27 244 0.46
1.275 22 0.00
1.275 23 3.10
1.275 25 0.00
1.275 30 0.00
1.275 B1 240.79 240.79 
1.275 B3 244.24 244.24 
1.275 120 13 04 50
1.275 244 0.46
1.28 22 0.00
1.28 23 3.12
1.28 25 0.00
1.28 30 0.00
1.28 B1 247.04 247.04 
1.28 B3 250.58 250.58 
1.28 120 13 04 50
1.28 244 0.48
1.285 22 0.00
1.285 23 3.25
1.285 25 0.00
1.285 30 0.00
1.285 B1 254.61 254.61 
1.285 B3 258.41 258.41 
1.285 120 13 04 50
1.285 244 0.48
1.29 22 0.00
1.29 23 3.28
1.29 25 0.00
1.29 30 0.00
1.29 B1 261.00 261.00 
1.29 B3 264.87 264.87 
1.29 120 13 04 50
1.29 244 0.48
1.295 22 0.00
1.295 23 3.28
1.295 25 0.00
1.295 30 0.00
1.295 B1 267.39 267.39 
1.295 B3 271.32 271.32 
1.295 120 13 04 50
1.295 244 0.48
1.3 22 0.00
1.3 23 3.27
1.3 25 0.00
1.3 30 0.00
1.3 B1 273.77 273.77 
1.3 B3 277.77 277.77 
1.3 120 13 04 50
1.3 244 0.48
1.305 22 0.00
1.305 23 3.27
1.305 25 0.00
1.305 30 0.00
1.305 B1 280.14 280.14 
1.305 B3 284.22 284.22 
1.305 120 13 04 50
1.305 244 0.48
1.31 22 0.00
1.31 23 3.27
1.31 25 0.00
1.31 30 0.00
1.31 B1 286.51 286.51 
1.31 B3 290.66 290.66 
1.31 120 13 04 50
1.31 244 0.48
1.315 22 0.00
1.315 23 3.27
1.315 25 0.00
1.315 30 0.00
1.315 B1 292.88 292.88 
1.315 B3 297.10 297.10 
1.315 120 13 04 50
1.315 244 0.48
1.32 22 0.00
1.32 23 3.25
1.32 25 0.00
1.32 30 0.00
1.32 B1 298.96 298.96 
1.32 B3 303.21 303.21 
1.32 120 13 04 50
1.32 244 0.48
1.325 22 0.00
1.325 23 3.24
1.325 25 0.00
1.325 30 0.00
1.325 B1 305.26 305.26 
1.325 B3 309.58 309.58 
1.325 120 13 04 50
1.325 244 0.48
1.33 22 0.00
1.33 23 3.24
1.33 25 0.00
1.33 30 0.00
1.33 B1 311.56 311.56 
1.33 B3 315.94 315.94 
1.33 120 13 04 50
1.33 244 0.48
1.335 22 0.00
1.335 23 3.24
1.335 25 0.00
1.335 30 0.00
1.335 B1 317.85 317.85 
1.335 B3 322.31 322.31 
1.335 120 13 04 50
1.335 244 0.48
1.34 22 0.00
1.34 23 3.21
1.34 25 0.00
1.34 30 0.00
1.34 B1 323.84 323.84 
1.34 B3 328.32 328.32 
1.34 120 13 04 50
1.34 244 0.48
1.345 22 0.00
1.345 23 3.21
1.345 25 0.00
1.345 30 0.00
1.345 B1 330.07 330.07 
1.345 B3 334.62 334.62 
1.345 120 13 04 50
1.345 244 0.48
1.35 22 0.00
1.35 23 3.20
1.35 25 0.00
1.35 30 0.00
1.35 B1 336.30 336.30 
1.35 B3 340.91 340.91 
1.35 120 13 04 50
1.35 244 0.48
1.355 22 0.00
1.355 23 3.22
1.355 25 0.00
1.355 30 0.00
1.355 B1 342.84 342.84 
1.355 B3 347.56 347.56 
1.355 120 13 04 50
1.355 244 0.48
1.36 22 0.00
1.36 23 3.21
1.36 25 0.00
1.36 30 0.00
1.36 B1 348.79 348.79 
1.36 B3 353.54 353.54 
1.36 120 13 04 50
1.36 244 0.48
1.365 22 0.00
1.365 23 3.22
1.365 25 0.00
1.365 30 0.00
1.365 B1 355.33 355.33 
1.365 B3 360.19 360.19 
1.365 120 13 04 50
1.365 244 0.48
1.37 22 0.00
1.37 23 3.22
1.37 25 0.00
1.37 30 0.00
1.37 B1 361.60 361.60 
1.37 B3 366.52 366.52 
1.37 120 13 04 50
1.37 244 0.48
1.375 22 0.00
1.375 23 3.22
1.375 25 0.00
1.375 30 0.00
1.375 B1 367.87 367.87 
1.375 B3 372.85 372.85 
1.375 120 13 04 50
1.375 244 0.48
1.38 22 0.00
1.38 23 3.20
1.38 25 0.00
1.38 30 0.00
1.38 B1 373.79 373.79 
1.38 B3 378.80 378.80 
1.38 120 13 04 50
1.38 244 0.48
1.385 22 0.00
1.385 23 3.19
1.385 25 0.00
1.385 30 0.00
1.385 B1 379.99 379.99 
1.385 B3 385.06 385.06 
1.385 120 13 04 50
1.385 244 0.48
1.39 22 0.00
1.39 23 3.19
1.39 25 0.00
1.39 30 0.00
1.39 B1 386.19 386.19 
1.39 B3 391.33 391.33 
1.39 120 13 04 50
1.39 244 0.48
1.395 22 0.00
1.395 23 3.19
1.395 25 0.00
1.395 30 0.00
1.395 B1 392.39 392.39 
1.395 B3 397.58 397.58 
1.395 120 13 04 50
1.395 244 0.47
1.4 22 0.00
1.4 23 3.17
1.4 25 0.00
1.4 30 0.00
1.4 B1 398.23 398.23 
1.4 B3 403.44 403.44 
1.4 120 13 04 50
1.4 244 0.47
1.405 22 0.00
1.405 23 3.14
1.405 25 0.00
1.405 30 0.00
1.405 B1 404.00 404.00 
1.405 B3 409.23 409.23 
1.405 120 13 04 50
1.405 244 0.46
1.41 22 0.00
1.41 23 3.11
1.41 25 0.00
1.41 30 0.00
1.41 B1 409.71 409.71 
1.41 B3 414.95 414.95 
1.41 120 13 04 50
1.41 244 0.46
1.415 22 0.00
1.415 23 3.08
1.415 25 0.00
1.415 30 0.00
1.415 B1 415.36 415.36 
1.415 B3 420.61 420.61 
1.415 120 13 04 50
1.415 244 0.46
1.42 22 0.00
1.42 23 3.06
1.42 25 0.00
1.42 30 0.00
1.42 B1 420.94 420.94 
1.42 B3 426.20 426.20 
1.42 120 13 04 50
1.42 244 0.45
1.425 22 0.00
1.425 23 3.03
1.425 25 0.00
1.425 30 0.00
1.425 B1 426.46 426.46 
1.425 B3 431.73 431.73 
1.425 120 13 04 50
1.425 244 0.45
1.43 22 0.00
1.43 23 3.02
1.43 25 0.00
1.43 30 0.00
1.43 B1 432.29 432.29 
1.43 B3 437.61 437.61 
1.43 120 13 04 50
1.43 244 0.45
1.435 22 0.00
1.435 23 3.00
1.435 25 0.00
1.435 30 0.00
1.435 B1 437.73 437.73 
1.435 B3 443.06 443.06 
1.435 120 13 04 50
1.435 244 0.44
1.44 22 0.00
1.44 23 2.97
1.44 25 0.00
1.44 30 0.00
1.44 B1 443.12 443.12 
1.44 B3 448.45 448.45 
1.44 120 13 04 50
1.44 244 0.44
1.445 22 0.00
1.445 23 2.96
1.445 25 0.00
1.445 30 0.00
1.445 B1 448.82 448.82 
1.445 B3 454.21 454.21 
1.445 120 13 04 50
1.445 244 0.44
1.45 22 0.00
1.45 23 2.96
1.45 25 0.00
1.45 30 0.00
1.45 B1 454.52 454.52 
1.45 B3 459.96 459.96 
1.45 120 13 04 50
1.45 244 0.44
1.455 22 0.00
1.455 23 2.96
1.455 25 0.00
1.455 30 0.00
1.455 B1 460.22 460.22 
1.455 B3 465.71 465.71 
1.455 120 13 04 50
1.455 244 0.44
1.46 22 0.00
1.46 23 2.92
1.46 25 0.00
1.46 30 0.00
1.46 B1 465.12 465.12 
1.46 B3 470.57 470.57 
1.46 120 13 04 50
1.46 244 0.44
1.465 22 0.00
1.465 23 2.90
1.465 25 0.00
1.465 30 0.00
1.465 B1 470.70 470.70 
1.465 B3 476.19 476.19 
1.465 120 13 04 50
1.465 244 0.44
1.47 22 0.00
1.47 23 2.90
1.47 25 0.00
1.47 30 0.00
1.47 B1 476.28 476.28 
1.47 B3 481.82 481.82 
1.47 120 13 04 50
1.47 244 0.43
1.475 22 0.00
1.475 23 2.84
1.475 25 0.00
1.475 30 0.00
1.475 B1 480.63 480.63 
1.475 B3 486.08 486.08 
1.475 120 13 04 50
1.475 244 0.43
1.48 22 0.00
1.48 23 2.82
1.48 25 0.00
1.48 30 0.00
1.48 B1 486.03 486.03 
1.48 B3 491.51 491.51 
1.48 120 13 04 50
1.48 244 0.42
1.485 22 0.00
1.485 23 2.80
1.485 25 0.00
1.485 30 0.00
1.485 B1 491.02 491.02 
1.485 B3 496.50 496.50 
1.485 120 13 04 50
1.485 244 0.42
1.49 22 0.00
1.49 23 2.79
1.49 25 0.00
1.49 30 0.00
1.49 B1 496.36 496.36 
1.49 B3 501.88 501.88 
1.49 120 13 04 50
1.49 244 0.40
1.495 22 0.00
1.495 23 2.70
1.495 25 0.00
1.495 30 0.00
1.495 B1 499.59 499.59 
1.495 B3 504.92 504.92 
1.495 120 13 04 50
1.495 244 0.40
1.5 22 0.00
1.5 23 2.65
1.5 25 0.00
1.5 30 0.00
1.5 B1 504.64 504.64 
1.5 B3 509.98 509.98 
1.5 120 13 04 50
1.5 244 0.40
1.505 22 0.00
1.505 23 2.65
1.505 25 0.00
1.505 30 0.00
1.505 B1 509.70 509.70 
1.505 B3 515.07 515.07 
1.505 120 13 04 50
1.505 244 0.40
1.51 22 0.00
1.51 23 2.63
1.51 25 0.00
1.51 30 0.00
1.51 B1 514.32 514.32 
1.51 B3 519.69 519.69 
1.51 120 13 04 50
1.51 244 0.40
1.515 22 0.00
1.515 23 2.62
1.515 25 0.00
1.515 30 0.00
1.515 B1 519.31 519.31 
1.515 B3 524.71 524.71 
1.515 120 13 04 50
1.515 244 0.39
1.52 22 0.00
1.52 23 2.60
1.52 25 0.00
1.52 30 0.00
1.52 B1 523.86 523.86 
1.52 B3 529.26 529.26 
1.52 120 13 04 50
1.52 244 0.39
1.525 22 0.00
1.525 23 2.57
1.525 25 0.00
1.525 30 0.00
1.525 B1 528.35 528.35 
1.525 B3 533.73 533.73 
1.525 120 13 04 50
1.525 244 0.39
1.53 22 0.00
1.53 23 2.56
1.53 25 0.00
1.53 30 0.00
1.53 B1 533.22 533.22 
1.53 B3 538.63 538.63 
1.53 120 13 04 50
1.53 244 0.39
1.535 22 0.00
1.535 23 2.56
1.535 25 0.00
1.535 30 0.00
1.535 B1 538.10 538.10 
1.535 B3 543.54 543.54 
1.535 120 13 04 50
1.535 244 0.39
1.54 22 0.00
1.54 23 2.56
1.54 25 0.00
1.54 30 0.00
1.54 B1 542.96 542.96 
1.54 B3 548.45 548.45 
1.54 120 13 04 50
1.54 244 0.39
1.545 22 0.00
1.545 23 2.56
1.545 25 0.00
1.545 30 0.00
1.545 B1 547.83 547.83 
1.545 B3 553.35 553.35 
1.545 120 13 04 50
1.545 244 0.39
1.55 22 0.00
1.55 23 2.56
1.55 25 0.00
1.55 30 0.00
1.55 B1 552.69 552.69 
1.55 B3 558.25 558.25 
1.55 120 13 04 50
1.55 244 0.39
1.555 22 0.00
1.555 23 2.56
1.555 25 0.00
1.555 30 0.00
1.555 B1 557.55 557.55 
1.555 B3 563.15 563.15 
1.555 120 13 04 50
1.555 244 0.39
1.56 22 0.00
1.56 23 2.57
1.56 25 0.00
1.56 30 0.00
1.56 B1 562.87 562.87 
1.56 B3 568.56 568.56 
1.56 120 13 04 50
1.56 244 0.39
1.565 22 0.00
1.565 23 2.56
1.565 25 0.00
1.565 30 0.00
1.565 B1 567.32 567.32 
1.565 B3 573.01 573.01 
1.565 120 13 04 50
1.565 244 0.39
1.57 22 0.00
1.57 23 2.55
1.57 25 0.00
1.57 30 0.00
1.57 B1 572.17 572.17 
1.57 B3 577.89 577.89 
1.57 120 13 04 50
1.57 244 0.39
1.575 22 0.00
1.575 23 2.55
1.575 25 0.00
1.575 30 0.00
1.575 B1 577.01 577.01 
1.575 B3 582.77 582.77 
1.575 120 13 04 50
1.575 244 0.39
1.58 22 0.00
1.58 23 2.55
1.58 25 0.00
1.58 30 0.00
1.58 B1 581.86 581.86 
1.58 B3 587.66 587.66 
1.58 120 13 04 50
1.58 244 0.39
1.585 22 0.00
1.585 23 2.55
1.585 25 0.00
1.585 30 0.00
1.585 B1 586.70 586.70 
1.585 B3 592.54 592.54 
1.585 120 13 04 50
1.585 244 0.39
1.59 22 0.00
1.59 23 2.55
1.59 25 0.00
1.59 30 0.00
1.59 B1 591.54 591.54 
1.59 B3 597.42 597.42 
1.59 120 13 04 50
1.59 244 0.39
1.595 22 0.00
1.595 23 2.55
1.595 25 0.00
1.595 30 0.00
1.595 B1 596.38 596.38 
1.595 B3 602.30 602.30 
1.595 120 13 04 50
1.595 244 0.39
1.6 22 0.00
1.6 23 2.55
1.6 25 0.00
1.6 30 0.00
1.6 B1 601.22 601.22 
1.6 B3 607.18 607.18 
1.6 120 13 04 50
1.6 244 0.39
1.605 22 0.00
1.605 23 2.54
1.605 25 0.00
1.605 30 0.00
1.605 B1 606.05 606.05 
1.605 B3 612.05 612.05 
1.605 120 13 04 50
1.605 244 0.39
1.61 22 0.00
1.61 23 2.54
1.61 25 0.00
1.61 30 0.00
1.61 B1 610.88 610.88 
1.61 B3 616.92 616.92 
1.61 120 13 04 50
1.61 244 0.39
1.615 22 0.00
1.615 23 2.54
1.615 25 0.00
1.615 30 0.00
1.615 B1 615.70 615.70 
1.615 B3 621.79 621.79 
1.615 120 13 04 50
1.615 244 0.39
1.62 22 0.00
1.62 23 2.54
1.62 25 0.00
1.62 30 0.00
1.62 B1 620.53 620.53 
1.62 B3 626.66 626.66 
1.62 120 13 04 50
1.62 244 0.39
1.625 22 0.00
1.625 23 2.52
1.625 25 0.00
1.625 30 0.00
1.625 B1 624.85 624.85 
1.625 B3 630.98 630.98 
1.625 120 13 04 50
1.625 244 0.39
1.63 22 0.00
1.63 23 2.51
1.63 25 0.00
1.63 30 0.00
1.63 B1 629.60 629.60 
1.63 B3 635.76 635.76 
1.63 120 13 04 50
1.63 244 0.39
1.635 22 0.00
1.635 23 2.51
1.635 25 0.00
1.635 30 0.00
1.635 B1 634.36 634.36 
1.635 B3 640.56 640.56 
1.635 120 13 04 50
1.635 244 0.39
1.64 22 0.00
1.64 23 2.51
1.64 25 0.00
1.64 30 0.00
1.64 B1 639.12 639.12 
1.64 B3 645.36 645.36 
1.64 120 13 04 50
1.64 244 0.39
1.645 22 0.00
1.645 23 2.51
1.645 25 0.00
1.645 30 0.00
1.645 B1 643.88 643.88 
1.645 B3 650.15 650.15 
1.645 120 13 04 50
1.645 244 0.39
1.65 22 0.00
1.65 23 2.51
1.65 25 0.00
1.65 30 0.00
1.65 B1 648.63 648.63 
1.65 B3 654.95 654.95 
1.65 120 13 04 50
1.65 244 0.38
1.655 22 0.00
1.655 23 2.49
1.655 25 0.00
1.655 30 0.00
1.655 B1 652.86 652.86 
1.655 B3 659.18 659.18 
1.655 120 13 04 50
1.655 244 0.38
1.66 22 0.00
1.66 23 2.48
1.66 25 0.00
1.66 30 0.00
1.66 B1 657.55 657.55 
1.66 B3 663.89 663.89 
1.66 120 13 04 50
1.66 244 0.38
1.665 22 0.00
1.665 23 2.48
1.665 25 0.00
1.665 30 0.00
1.665 B1 662.24 662.24 
1.665 B3 668.61 668.61 
1.665 120 13 04 50
1.665 244 0.37
1.67 22 0.00
1.67 23 2.44
1.67 25 0.00
1.67 30 0.00
1.67 B1 665.87 665.87 
1.67 B3 672.20 672.20 
1.67 120 13 04 50
1.67 244 0.37
1.675 22 0.00
1.675 23 2.42
1.675 25 0.00
1.675 30 0.00
1.675 B1 670.43 670.43 
1.675 B3 676.76 676.76 
1.675 120 13 04 50
1.675 244 0.37
1.68 22 0.00
1.68 23 2.42
1.68 25 0.00
1.68 30 0.00
1.68 B1 675.01 675.01 
1.68 B3 681.36 681.36 
1.68 120 13 04 50
1.68 244 0.37
1.685 22 0.00
1.685 23 2.40
1.685 25 0.00
1.685 30 0.00
1.685 B1 679.04 679.04 
1.685 B3 685.40 685.40 
1.685 120 13 04 50
1.685 244 0.37
1.69 22 0.00
1.69 23 2.37
1.69 25 0.00
1.69 30 0.00
1.69 B1 683.01 683.01 
1.69 B3 689.33 689.33 
1.69 120 13 04 50
1.69 244 0.36
1.695 22 0.00
1.695 23 2.35
1.695 25 0.00
1.695 30 0.00
1.695 B1 686.92 686.92 
1.695 B3 693.21 693.21 
1.695 120 13 04 50
1.695 244 0.36
1.7 22 0.00
1.7 23 2.33
1.7 25 0.00
1.7 30 0.00
1.7 B1 691.31 691.31 
1.7 B3 697.61 697.61 
1.7 120 13 04 50
1.7 244 0.36
1.705 22 0.00
1.705 23 2.33
1.705 25 0.00
1.705 30 0.00
1.705 B1 695.70 695.70 
1.705 B3 702.03 702.03 
1.705 120 13 04 50
1.705 244 0.35
1.71 22 0.00
1.71 23 2.28
1.71 25 0.00
1.71 30 0.00
1.71 B1 698.46 698.46 
1.71 B3 704.70 704.70 
1.71 120 13 04 50
1.71 244 0.34
1.715 22 0.00
1.715 23 2.22
1.715 25 0.00
1.715 30 0.00
1.715 B1 701.56 701.56 
1.715 B3 707.67 707.67 
1.715 120 13 04 50
1.715 244 0.34
1.72 22 0.00
1.72 23 2.20
1.72 25 0.00
1.72 30 0.00
1.72 B1 705.65 705.65 
1.72 B3 711.73 711.73 
1.72 120 13 04 50
1.72 244 0.33
1.725 22 0.00
1.725 23 2.16
1.725 25 0.00
1.725 30 0.00
1.725 B1 708.66 708.66 
1.725 B3 714.69 714.69 
1.725 120 13 04 50
1.725 244 0.33
1.73 22 0.00
1.73 23 2.14
1.73 25 0.00
1.73 30 0.00
1.73 B1 712.64 712.64 
1.73 B3 718.64 718.64 
1.73 120 13 04 50
1.73 244 0.33
1.735 22 0.00
1.735 23 2.11
1.735 25 0.00
1.735 30 0.00
1.735 B1 715.53 715.53 
1.735 B3 721.47 721.47 
1.735 120 13 04 50
1.735 244 0.32
1.74 22 0.00
1.74 23 2.07
1.74 25 0.00
1.74 30 0.00
1.74 B1 718.84 718.84 
1.74 B3 724.71 724.71 
1.74 120 13 04 50
1.74 244 0.32
1.745 22 0.00
1.745 23 2.04
1.745 25 0.00
1.745 30 0.00
1.745 B1 722.10 722.10 
1.745 B3 727.92 727.92 
1.745 120 13 04 50
1.745 244 0.31
1.75 22 0.00
1.75 23 2.00
1.75 25 0.00
1.75 30 0.00
1.75 B1 724.75 724.75 
1.75 B3 730.47 730.47 
1.75 120 13 04 50
1.75 244 0.31
1.755 22 0.00
1.755 23 1.97
1.755 25 0.00
1.755 30 0.00
1.755 B1 728.39 728.39 
1.755 B3 734.07 734.07 
1.755 120 13 04 50
1.755 244 0.30
1.76 22 0.00
1.76 23 1.93
1.76 25 0.00
1.76 30 0.00
1.76 B1 730.36 730.36 
1.76 B3 735.94 735.94 
1.76 120 13 04 50
1.76 244 0.30
1.765 22 0.00
1.765 23 1.89
1.765 25 0.00
1.765 30 0.00
1.765 B1 733.82 733.82 
1.765 B3 739.33 739.33 
1.765 120 13 04 50
1.765 244 0.30
1.77 22 0.00
1.77 23 1.88
1.77 25 0.00
1.77 30 0.00
1.77 B1 736.75 736.75 
1.77 B3 742.23 742.23 
1.77 120 13 04 50
1.77 244 0.28
1.775 22 0.00
1.775 23 1.82
1.775 25 0.00
1.775 30 0.00
1.775 B1 738.47 738.47 
1.775 B3 743.82 743.82 
1.775 120 13 04 50
1.775 244 0.28
1.78 22 0.00
1.78 23 1.78
1.78 25 0.00
1.78 30 0.00
1.78 B1 741.70 741.70 
1.78 B3 746.98 746.98 
1.78 120 13 04 50
1.78 244 0.28
1.785 22 0.00
1.785 23 1.77
1.785 25 0.00
1.785 30 0.00
1.785 B1 744.41 744.41 
1.785 B3 749.65 749.65 
1.785 120 13 04 50
1.785 244 0.28
1.79 22 0.00
1.79 23 1.75
1.79 25 0.00
1.79 30 0.00
1.79 B1 747.63 747.63 
1.79 B3 752.85 752.85 
1.79 120 13 04 50
1.79 244 0.28
1.795 22 0.00
1.795 23 1.74
1.795 25 0.00
1.795 30 0.00
1.795 B1 750.28 750.28 
1.795 B3 755.48 755.48 
1.795 120 13 04 50
1.795 244 0.27
1.8 22 0.00
1.8 23 1.71
1.8 25 0.00
1.8 30 0.00
1.8 B1 752.86 752.86 
1.8 B3 758.00 758.00 
1.8 120 13 04 50
1.8 244 0.27
1.805 22 0.00
1.805 23 1.68
1.805 25 0.00
1.805 30 0.00
1.805 B1 755.37 755.37 
1.805 B3 760.46 760.46 
1.805 120 13 04 50
1.805 244 0.27
1.81 22 0.00
1.81 23 1.67
1.81 25 0.00
1.81 30 0.00
1.81 B1 758.42 758.42 
1.81 B3 763.48 763.48 
1.81 120 13 04 50
1.81 244 0.27
1.815 22 0.00
1.815 23 1.67
1.815 25 0.00
1.815 30 0.00
1.815 B1 761.49 761.49 
1.815 B3 766.55 766.55 
1.815 120 13 04 50
1.815 244 0.27
1.82 22 0.00
1.82 23 1.68
1.82 25 0.00
1.82 30 0.00
1.82 B1 765.15 765.15 
1.82 B3 770.25 770.25 
1.82 120 13 04 50
1.82 244 0.27
1.825 22 0.00
1.825 23 1.69
1.825 25 0.00
1.825 30 0.00
1.825 B1 768.28 768.28 
1.825 B3 773.44 773.44 
1.825 120 13 04 50
1.825 244 0.27
1.83 22 0.00
1.83 23 1.69
1.83 25 0.00
1.83 30 0.00
1.83 B1 771.40 771.40 
1.83 B3 776.58 776.58 
1.83 120 13 04 50
1.83 244 0.27
1.835 22 0.00
1.835 23 1.69
1.835 25 0.00
1.835 30 0.00
1.835 B1 774.51 774.51 
1.835 B3 779.71 779.71 
1.835 120 13 04 50
1.835 244 0.28
1.84 22 0.00
1.84 23 1.72
1.84 25 0.00
1.84 30 0.00
1.84 B1 778.82 778.82 
1.84 B3 784.09 784.09 
1.84 120 13 04 50
1.84 244 0.28
1.845 22 0.00
1.845 23 1.74
1.845 25 0.00
1.845 30 0.00
1.845 B1 782.08 782.08 
1.845 B3 787.44 787.44 
1.845 120 13 04 50
1.845 244 0.28
1.85 22 0.00
1.85 23 1.74
1.85 25 0.00
1.85 30 0.00
1.85 B1 785.30 785.30 
1.85 B3 790.68 790.68 
1.85 120 13 04 50
1.85 244 0.28
1.855 22 0.00
1.855 23 1.76
1.855 25 0.00
1.855 30 0.00
1.855 B1 789.11 789.11 
1.855 B3 794.55 794.55 
1.855 120 13 04 50
1.855 244 0.29
1.86 22 0.00
1.86 23 1.78
1.86 25 0.00
1.86 30 0.00
1.86 B1 793.00 793.00 
1.86 B3 798.52 798.52 
1.86 120 13 04 50
1.86 244 0.29
1.865 22 0.00
1.865 23 1.79
1.865 25 0.00
1.865 30 0.00
1.865 B1 796.34 796.34 
1.865 B3 801.93 801.93 
1.865 120 13 04 50
1.865 244 0.29
1.87 22 0.00
1.87 23 1.79
1.87 25 0.00
1.87 30 0.00
1.87 B1 799.65 799.65 
1.87 B3 805.27 805.27 
1.87 120 13 04 50
1.87 244 0.29
1.875 22 0.00
1.875 23 1.79
1.875 25 0.00
1.875 30 0.00
1.875 B1 802.97 802.97 
1.875 B3 808.60 808.60 
1.875 120 13 04 50
1.875 244 0.29
1.88 22 0.00
1.88 23 1.80
1.88 25 0.00
1.88 30 0.00
1.88 B1 806.88 806.88 
1.88 B3 812.57 812.57 
1.88 120 13 04 50
1.88 244 0.29
1.885 22 0.00
1.885 23 1.80
1.885 25 0.00
1.885 30 0.00
1.885 B1 809.66 809.66 
1.885 B3 815.38 815.38 
1.885 120 13 04 50
1.885 244 0.29
1.89 22 0.00
1.89 23 1.79
1.89 25 0.00
1.89 30 0.00
1.89 B1 812.94 812.94 
1.89 B3 818.65 818.65 
1.89 120 13 04 50
1.89 244 0.29
1.895 22 0.00
1.895 23 1.80
1.895 25 0.00
1.895 30 0.00
1.895 B1 816.85 816.85 
1.895 B3 822.61 822.61 
1.895 120 13 04 50
1.895 244 0.29
1.9 22 0.00
1.9 23 1.81
1.9 25 0.00
1.9 30 0.00
1.9 B1 820.24 820.24 
1.9 B3 826.05 826.05 
1.9 120 13 04 50
1.9 244 0.30
1.905 22 0.00
1.905 23 1.83
1.905 25 0.00
1.905 30 0.00
1.905 B1 824.21 824.21 
1.905 B3 830.09 830.09 
1.905 120 13 04 50
1.905 244 0.30
1.91 22 0.00
1.91 23 1.84
1.91 25 0.00
1.91 30 0.00
1.91 B1 827.64 827.64 
1.91 B3 833.59 833.59 
1.91 120 13 04 50
1.91 244 0.30
1.915 22 0.00
1.915 23 1.84
1.915 25 0.00
1.915 30 0.00
1.915 B1 831.04 831.04 
1.915 B3 837.02 837.02 
1.915 120 13 04 50
1.915 244 0.30
1.92 22 0.00
1.92 23 1.84
1.92 25 0.00
1.92 30 0.00
1.92 B1 834.44 834.44 
1.92 B3 840.45 840.45 
1.92 120 13 04 50
1.92 244 0.30
1.925 22 0.00
1.925 23 1.84
1.925 25 0.00
1.925 30 0.00
1.925 B1 837.84 837.84 
1.925 B3 843.87 843.87 
1.925 120 13 04 50
1.925 244 0.30
1.93 22 0.00
1.93 23 1.85
1.93 25 0.00
1.93 30 0.00
1.93 B1 841.86 841.86 
1.93 B3 847.95 847.95 
1.93 120 13 04 50
1.93 244 0.30
1.935 22 0.00
1.935 23 1.86
1.935 25 0.00
1.935 30 0.00
1.935 B1 845.34 845.34 
1.935 B3 851.49 851.49 
1.935 120 13 04 50
1.935 244 0.30
1.94 22 0.00
1.94 23 1.86
1.94 25 0.00
1.94 30 0.00
1.94 B1 848.79 848.79 
1.94 B3 854.98 854.98 
1.94 120 13 04 50
1.94 244 0.30
1.945 22 0.00
1.945 23 1.86
1.945 25 0.00
1.945 30 0.00
1.945 B1 852.23 852.23 
1.945 B3 858.45 858.45 
1.945 120 13 04 50
1.945 244 0.30
1.95 22 0.00
1.95 23 1.86
1.95 25 0.00
1.95 30 0.00
1.95 B1 855.67 855.67 
1.95 B3 861.92 861.92 
1.95 120 13 04 50
1.95 244 0.30
1.955 22 0.00
1.955 23 1.86
1.955 25 0.00
1.955 30 0.00
1.955 B1 859.11 859.11 
1.955 B3 865.38 865.38 
1.955 120 13 04 50
1.955 244 0.30
1.96 22 0.00
1.96 23 1.86
1.96 25 0.00
1.96 30 0.00
1.96 B1 862.55 862.55 
1.96 B3 868.85 868.85 
1.96 120 13 04 50
1.96 244 0.30
1.965 22 0.00
1.965 23 1.87
1.965 25 0.00
1.965 30 0.00
1.965 B1 866.62 866.62 
1.965 B3 872.97 872.97 
1.965 120 13 04 50
1.965 244 0.30
1.97 22 0.00
1.97 23 1.88
1.97 25 0.00
1.97 30 0.00
1.97 B1 870.15 870.15 
1.97 B3 876.57 876.57 
1.97 120 13 04 50
1.97 244 0.30
1.975 22 0.00
1.975 23 1.88
1.975 25 0.00
1.975 30 0.00
1.975 B1 873.64 873.64 
1.975 B3 880.09 880.09 
1.975 120 13 04 50
1.975 244 0.30
1.98 22 0.00
1.98 23 1.88
1.98 25 0.00
1.98 30 0.00
1.98 B1 877.12 877.12 
1.98 B3 883.61 883.61 
1.98 120 13 04 50
1.98 244 0.30
1.985 22 0.00
1.985 23 1.88
1.985 25 0.00
1.985 30 0.00
1.985 B1 880.60 880.60 
1.985 B3 887.12 887.12 
1.985 120 13 04 50
1.985 244 0.31
1.99 22 0.00
1.99 23 1.90
1.99 25 0.00
1.99 30 0.00
1.99 B1 885.37 885.37 
1.99 B3 891.97 891.97 
1.99 120 13 04 50
1.99 244 0.31
1.995 22 0.00
1.995 23 1.93
1.995 25 0.00
1.995 30 0.00
1.995 B1 889.04 889.04 
1.995 B3 895.75 895.75 
1.995 120 13 04 50
1.995 244 0.31
2 22 0.00
2 23 1.93
2 25 0.00
2 30 0.00
2 B1 892.63 892.63 
2 B3 899.39 899.39 
2 120 13 04 50
2 244 0.31
2.005 22 0.00
2.005 23 1.94
2.005 25 0.00
2.005 30 0.00
2.005 B1 896.85 896.85 
2.005 B3 903.68 903.68 
2.005 120 13 04 50
2.005 244 0.31
2.01 22 0.00
2.01 23 1.95
2.01 25 0.00
2.01 30 0.00
2.01 B1 900.53 900.53 
2.01 B3 907.43 907.43 
2.01 120 13 04 50
2.01 244 0.32
2.015 22 0.00
2.015 23 1.97
2.015 25 0.00
2.015 30 0.00
2.015 B1 904.82 904.82 
2.015 B3 911.78 911.78 
2.015 120 13 04 50
2.015 244 0.32
2.02 22 0.00
2.02 23 1.98
2.02 25 0.00
2.02 30 0.00
2.02 B1 908.54 908.54 
2.02 B3 915.59 915.59 
2.02 120 13 04 50
2.02 244 0.33
2.025 22 0.00
2.025 23 2.00
2.025 25 0.00
2.025 30 0.00
2.025 B1 913.53 913.53 
2.025 B3 920.68 920.68 
2.025 120 13 04 50
2.025 244 0.33
2.03 22 0.00
2.03 23 2.03
2.03 25 0.00
2.03 30 0.00
2.03 B1 917.41 917.41 
2.03 B3 924.68 924.68 
2.03 120 13 04 50
2.03 244 0.33
2.035 22 0.00
2.035 23 2.03
2.035 25 0.00
2.035 30 0.00
2.035 B1 921.20 921.20 
2.035 B3 928.53 928.53 
2.035 120 13 04 50
2.035 244 0.33
2.04 22 0.00
2.04 23 2.03
2.04 25 0.00
2.04 30 0.00
2.04 B1 924.98 924.98 
2.04 B3 932.35 932.35 
2.04 120 13 04 50
2.04 244 0.33
2.045 22 0.00
2.045 23 2.03
2.045 25 0.00
2.045 30 0.00
2.045 B1 928.77 928.77 
2.045 B3 936.16 936.16 
2.045 120 13 04 50
2.045 244 0.33
2.05 22 0.00
2.05 23 2.03
2.05 25 0.00
2.05 30 0.00
2.05 B1 932.54 932.54 
2.05 B3 939.97 939.97 
2.05 120 13 04 50
2.05 244 0.33
2.055 22 0.00
2.055 23 2.02
2.055 25 0.00
2.055 30 0.00
2.055 B1 936.32 936.32 
2.055 B3 943.78 943.78 
2.055 120 13 04 50
2.055 244 0.33
2.06 22 0.00
2.06 23 2.04
2.06 25 0.00
2.06 30 0.00
2.06 B1 940.76 940.76 
2.06 B3 948.27 948.27 
2.06 120 13 04 50
2.06 244 0.33
2.065 22 0.00
2.065 23 2.05
2.065 25 0.00
2.065 30 0.00
2.065 B1 944.64 944.64 
2.065 B3 952.23 952.23 
2.065 120 13 04 50
2.065 244 0.33
2.07 22 0.00
2.07 23 2.05
2.07 25 0.00
2.07 30 0.00
2.07 B1 948.46 948.46 
2.07 B3 956.10 956.10 
2.07 120 13 04 50
2.07 244 0.33
2.075 22 0.00
2.075 23 2.06
2.075 25 0.00
2.075 30 0.00
2.075 B1 952.95 952.95 
2.075 B3 960.65 960.65 
2.075 120 13 04 50
2.075 244 0.33
2.08 22 0.00
2.08 23 2.07
2.08 25 0.00
2.08 30 0.00
2.08 B1 956.88 956.88 
2.08 B3 964.67 964.67 
2.08 120 13 04 50
2.08 244 0.33
2.085 22 0.00
2.085 23 2.07
2.085 25 0.00
2.085 30 0.00
2.085 B1 960.76 960.76 
2.085 B3 968.59 968.59 
2.085 120 13 04 50
2.085 244 0.33
2.09 22 0.00
2.09 23 2.07
2.09 25 0.00
2.09 30 0.00
2.09 B1 964.63 964.63 
2.09 B3 972.49 972.49 
2.09 120 13 04 50
2.09 244 0.34
2.095 22 0.00
2.095 23 2.08
2.095 25 0.00
2.095 30 0.00
2.095 B1 969.17 969.17 
2.095 B3 977.09 977.09 
2.095 120 13 04 50
2.095 244 0.34
2.1 22 0.00
2.1 23 2.09
2.1 25 0.00
2.1 30 0.00
2.1 B1 973.15 973.15 
2.1 B3 981.15 981.15 
2.1 120 13 04 50
2.1 244 0.33
2.105 22 0.00
2.105 23 2.08
2.105 25 0.00
2.105 30 0.00
2.105 B1 976.39 976.39 
2.105 B3 984.42 984.42 
2.105 120 13 04 50
2.105 244 0.33
2.11 22 0.00
2.11 23 2.07
2.11 25 0.00
2.11 30 0.00
2.11 B1 980.19 980.19 
2.11 B3 988.21 988.21 
2.11 120 13 04 50
2.11 244 0.33
2.115 22 0.00
2.115 23 2.07
2.115 25 0.00
2.115 30 0.00
2.115 B1 984.05 984.05 
2.115 B3 992.08 992.08 
2.115 120 13 04 50
2.115 244 0.33
2.12 22 0.00
2.12 23 2.06
2.12 25 0.00
2.12 30 0.00
2.12 B1 987.91 987.91 
2.12 B3 995.96 995.96 
2.12 120 13 04 50
2.12 244 0.33
2.125 22 0.00
2.125 23 2.06
2.125 25 0.00
2.125 30 0.00
2.125 B1 991.76 991.76 
2.125 B3 999.85 999.85 
2.125 120 13 04 50
2.125 244 0.33
2.13 22 0.00
2.13 23 2.06
2.13 25 0.00
2.13 30 0.00
2.13 B1 995.62 995.62 
2.13 B3 1003.73 1003.73 
2.13 120 13 04 50
2.13 244 0.33
2.135 22 0.00
2.135 23 2.06
2.135 25 0.00
2.135 30 0.00
2.135 B1 999.47 999.47 
2.135 B3 1007.61 1007.61 
2.135 120 13 04 50
2.135 244 0.33
2.14 22 0.00
2.14 23 2.06
2.14 25 0.00
2.14 30 0.00
2.14 B1 1003.32 1003.32 
2.14 B3 1011.49 1011.49 
2.14 120 13 04 50
2.14 244 0.33
2.145 22 0.00
2.145 23 2.06
2.145 25 0.00
2.145 30 0.00
2.145 B1 1007.17 1007.17 
2.145 B3 1015.37 1015.37 
2.145 120 13 04 50
2.145 244 0.33
2.15 22 0.00
2.15 23 2.06
2.15 25 0.00
2.15 30 0.00
2.15 B1 1011.02 1011.02 
2.15 B3 1019.25 1019.25 
2.15 120 13 04 50
2.15 244 0.33
2.155 22 0.00
2.155 23 2.06
2.155 25 0.00
2.155 30 0.00
2.155 B1 1014.86 1014.86 
2.155 B3 1023.12 1023.12 
2.155 120 13 04 50
2.155 244 0.33
2.16 22 0.00
2.16 23 2.06
2.16 25 0.00
2.16 30 0.00
2.16 B1 1018.70 1018.70 
2.16 B3 1026.99 1026.99 
2.16 120 13 04 50
2.16 244 0.33
2.165 22 0.00
2.165 23 2.05
2.165 25 0.00
2.165 30 0.00
2.165 B1 1022.54 1022.54 
2.165 B3 1030.86 1030.86 
2.165 120 13 04 50
2.165 244 0.33
2.17 22 0.00
2.17 23 2.05
2.17 25 0.00
2.17 30 0.00
2.17 B1 1026.38 1026.38 
2.17 B3 1034.73 1034.73 
2.17 120 13 04 50
2.17 244 0.33
2.175 22 0.00
2.175 23 2.05
2.175 25 0.00
2.175 30 0.00
2.175 B1 1030.22 1030.22 
2.175 B3 1038.59 1038.59 
2.175 120 13 04 50
2.175 244 0.33
2.18 22 0.00
2.18 23 2.05
2.18 25 0.00
2.18 30 0.00
2.18 B1 1034.05 1034.05 
2.18 B3 1042.45 1042.45 
2.18 120 13 04 50
2.18 244 0.34
2.185 22 0.00
2.185 23 2.06
2.185 25 0.00
2.185 30 0.00
2.185 B1 1038.59 1038.59 
2.185 B3 1047.04 1047.04 
2.185 120 13 04 50
2.185 244 0.34
2.19 22 0.00
2.19 23 2.07
2.19 25 0.00
2.19 30 0.00
2.19 B1 1042.55 1042.55 
2.19 B3 1051.08 1051.08 
2.19 120 13 04 50
2.19 244 0.34
2.195 22 0.00
2.195 23 2.09
2.195 25 0.00
2.195 30 0.00
2.195 B1 1047.14 1047.14 
2.195 B3 1055.74 1055.74 
2.195 120 13 04 50
2.195 244 0.35
2.2 22 0.00
2.2 23 2.11
2.2 25 0.00
2.2 30 0.00
2.2 B1 1051.86 1051.86 
2.2 B3 1060.57 1060.57 
2.2 120 13 04 50
2.2 244 0.35
2.205 22 0.00
2.205 23 2.14
2.205 25 0.00
2.205 30 0.00
2.205 B1 1056.64 1056.64 
2.205 B3 1065.47 1065.47 
2.205 120 13 04 50
2.205 244 0.35
2.21 22 0.00
2.21 23 2.15
2.21 25 0.00
2.21 30 0.00
2.21 B1 1060.76 1060.76 
2.21 B3 1069.71 1069.71 
2.21 120 13 04 50
2.21 244 0.35
2.215 22 0.00
2.215 23 2.16
2.215 25 0.00
2.215 30 0.00
2.215 B1 1065.52 1065.52 
2.215 B3 1074.54 1074.54 
2.215 120 13 04 50
2.215 244 0.36
2.22 22 0.00
2.22 23 2.19
2.22 25 0.00
2.22 30 0.00
2.22 B1 1070.40 1070.40 
2.22 B3 1079.54 1079.54 
2.22 120 13 04 50
2.22 244 0.36
2.225 22 0.00
2.225 23 2.21
2.225 25 0.00
2.225 30 0.00
2.225 B1 1075.34 1075.34 
2.225 B3 1084.61 1084.61 
2.225 120 13 04 50
2.225 244 0.37
2.23 22 0.00
2.23 23 2.24
2.23 25 0.00
2.23 30 0.00
2.23 B1 1080.34 1080.34 
2.23 B3 1089.75 1089.75 
2.23 120 13 04 50
2.23 244 0.37
2.235 22 0.00
2.235 23 2.25
2.235 25 0.00
2.235 30 0.00
2.235 B1 1084.67 1084.67 
2.235 B3 1094.20 1094.20 
2.235 120 13 04 50
2.235 244 0.37
2.24 22 0.00
2.24 23 2.25
2.24 25 0.00
2.24 30 0.00
2.24 B1 1088.92 1088.92 
2.24 B3 1098.52 1098.52 
2.24 120 13 04 50
2.24 244 0.37
2.245 22 0.00
2.245 23 2.25
2.245 25 0.00
2.245 30 0.00
2.245 B1 1093.16 1093.16 
2.245 B3 1102.80 1102.80 
2.245 120 13 04 50
2.245 244 0.37
2.25 22 0.00
2.25 23 2.26
2.25 25 0.00
2.25 30 0.00
2.25 B1 1098.12 1098.12 
2.25 B3 1107.82 1107.82 
2.25 120 13 04 50
2.25 244 0.37
2.255 22 0.00
2.255 23 2.28
2.255 25 0.00
2.255 30 0.00
2.255 B1 1103.22 1103.22 
2.255 B3 1113.03 1113.03 
2.255 120 13 04 50
2.255 244 0.37
2.26 22 0.00
2.26 23 2.30
2.26 25 0.00
2.26 30 0.00
2.26 B1 1107.65 1107.65 
2.26 B3 1117.59 1117.59 
2.26 120 13 04 50
2.26 244 0.38
2.265 22 0.00
2.265 23 2.31
2.265 25 0.00
2.265 30 0.00
2.265 B1 1112.73 1112.73 
2.265 B3 1122.75 1122.75 
2.265 120 13 04 50
2.265 244 0.38
2.27 22 0.00
2.27 23 2.32
2.27 25 0.00
2.27 30 0.00
2.27 B1 1117.21 1117.21 
2.27 B3 1127.34 1127.34 
2.27 120 13 04 50
2.27 244 0.38
2.275 22 0.00
2.275 23 2.32
2.275 25 0.00
2.275 30 0.00
2.275 B1 1121.61 1121.61 
2.275 B3 1131.80 1131.80 
2.275 120 13 04 50
2.275 244 0.38
2.28 22 0.00
2.28 23 2.32
2.28 25 0.00
2.28 30 0.00
2.28 B1 1125.99 1125.99 
2.28 B3 1136.24 1136.24 
2.28 120 13 04 50
2.28 244 0.39
2.285 22 0.00
2.285 23 2.35
2.285 25 0.00
2.285 30 0.00
2.285 B1 1131.84 1131.84 
2.285 B3 1142.16 1142.16 
2.285 120 13 04 50
2.285 244 0.39
2.29 22 0.00
2.29 23 2.39
2.29 25 0.00
2.29 30 0.00
2.29 B1 1137.98 1137.98 
2.29 B3 1148.51 1148.51 
2.29 120 13 04 50
2.29 244 0.39
2.295 22 0.00
2.295 23 2.42
2.295 25 0.00
2.295 30 0.00
2.295 B1 1142.79 1142.79 
2.295 B3 1153.53 1153.53 
2.295 120 13 04 50
2.295 244 0.40
2.3 22 0.00
2.3 23 2.44
2.3 25 0.00
2.3 30 0.00
2.3 B1 1148.15 1148.15 
2.3 B3 1159.01 1159.01 
2.3 120 13 04 50
2.3 244 0.41
2.305 22 0.00
2.305 23 2.47
2.305 25 0.00
2.305 30 0.00
2.305 B1 1154.37 1154.37 
2.305 B3 1165.39 1165.39 
2.305 120 13 04 50
2.305 244 0.41
2.31 22 0.00
2.31 23 2.52
2.31 25 0.00
2.31 30 0.00
2.31 B1 1160.82 1160.82 
2.31 B3 1172.07 1172.07 
2.31 120 13 04 50
2.31 244 0.42
2.315 22 0.00
2.315 23 2.57
2.315 25 0.00
2.315 30 0.00
2.315 B1 1167.38 1167.38 
2.315 B3 1178.91 1178.91 
2.315 120 13 04 50
2.315 244 0.42
2.32 22 0.00
2.32 23 2.60
2.32 25 0.00
2.32 30 0.00
2.32 B1 1172.58 1172.58 
2.32 B3 1184.35 1184.35 
2.32 120 13 04 50
2.32 244 0.43
2.325 22 0.00
2.325 23 2.63
2.325 25 0.00
2.325 30 0.00
2.325 B1 1179.07 1179.07 
2.325 B3 1191.00 1191.00 
2.325 120 13 04 50
2.325 244 0.43
2.33 22 0.00
2.33 23 2.65
2.33 25 0.00
2.33 30 0.00
2.33 B1 1184.34 1184.34 
2.33 B3 1196.49 1196.49 
2.33 120 13 04 50
2.33 244 0.44
2.335 22 0.00
2.335 23 2.69
2.335 25 0.00
2.335 30 0.00
2.335 B1 1191.69 1191.69 
2.335 B3 1204.00 1204.00 
2.335 120 13 04 50
2.335 244 0.44
2.34 22 0.00
2.34 23 2.73
2.34 25 0.00
2.34 30 0.00
2.34 B1 1197.24 1197.24 
2.34 B3 1209.82 1209.82 
2.34 120 13 04 50
2.34 244 0.44
2.345 22 0.00
2.345 23 2.73
2.345 25 0.00
2.345 30 0.00
2.345 B1 1202.52 1202.52 
2.345 B3 1215.25 1215.25 
2.345 120 13 04 50
2.345 244 0.44
2.35 22 0.00
2.35 23 2.73
2.35 25 0.00
2.35 30 0.00
2.35 B1 1207.75 1207.75 
2.35 B3 1220.57 1220.57 
2.35 120 13 04 50
2.35 244 0.44
2.355 22 0.00
2.355 23 2.73
2.355 25 0.00
2.355 30 0.00
2.355 B1 1212.97 1212.97 
2.355 B3 1225.87 1225.87 
2.355 120 13 04 50
2.355 244 0.44
2.36 22 0.00
2.36 23 2.73
2.36 25 0.00
2.36 30 0.00
2.36 B1 1218.19 1218.19 
2.36 B3 1231.16 1231.16 
2.36 120 13 04 50
2.36 244 0.44
2.365 22 0.00
2.365 23 2.73
2.365 25 0.00
2.365 30 0.00
2.365 B1 1223.41 1223.41 
2.365 B3 1236.44 1236.44 
2.365 120 13 04 50
2.365 244 0.44
2.37 22 0.00
2.37 23 2.73
2.37 25 0.00
2.37 30 0.00
2.37 B1 1228.62 1228.62 
2.37 B3 1241.72 1241.72 
2.37 120 13 04 50
2.37 244 0.44
2.375 22 0.00
2.375 23 2.74
2.375 25 0.00
2.375 30 0.00
2.375 B1 1234.60 1234.60 
2.375 B3 1247.77 1247.77 
2.375 120 13 04 50
2.375 244 0.44
2.38 22 0.00
2.38 23 2.75
2.38 25 0.00
2.38 30 0.00
2.38 B1 1239.97 1239.97 
2.38 B3 1253.28 1253.28 
2.38 120 13 04 50
2.38 244 0.44
2.385 22 0.00
2.385 23 2.75
2.385 25 0.00
2.385 30 0.00
2.385 B1 1245.25 1245.25 
2.385 B3 1258.65 1258.65 
2.385 120 13 04 50
2.385 244 0.44
2.39 22 0.00
2.39 23 2.75
2.39 25 0.00
2.39 30 0.00
2.39 B1 1250.52 1250.52 
2.39 B3 1263.99 1263.99 
2.39 120 13 04 50
2.39 244 0.44
2.395 22 0.00
2.395 23 2.75
2.395 25 0.00
2.395 30 0.00
2.395 B1 1255.77 1255.77 
2.395 B3 1269.31 1269.31 
2.395 120 13 04 50
2.395 244 0.45
2.4 22 0.00
2.4 23 2.76
2.4 25 0.00
2.4 30 0.00
2.4 B1 1261.80 1261.80 
2.4 B3 1275.41 1275.41 
2.4 120 13 04 50
2.4 244 0.45
2.405 22 0.00
2.405 23 2.77
2.405 25 0.00
2.405 30 0.00
2.405 B1 1267.23 1267.23 
2.405 B3 1280.97 1280.97 
2.405 120 13 04 50
2.405 244 0.44
2.41 22 0.00
2.41 23 2.76
2.41 25 0.00
2.41 30 0.00
2.41 B1 1271.77 1271.77 
2.41 B3 1285.60 1285.60 
2.41 120 13 04 50
2.41 244 0.44
2.415 22 0.00
2.415 23 2.74
2.415 25 0.00
2.415 30 0.00
2.415 B1 1276.90 1276.90 
2.415 B3 1290.72 1290.72 
2.415 120 13 04 50
2.415 244 0.44
2.42 22 0.00
2.42 23 2.74
2.42 25 0.00
2.42 30 0.00
2.42 B1 1282.12 1282.12 
2.42 B3 1295.98 1295.98 
2.42 120 13 04 50
2.42 244 0.44
2.425 22 0.00
2.425 23 2.74
2.425 25 0.00
2.425 30 0.00
2.425 B1 1287.36 1287.36 
2.425 B3 1301.26 1301.26 
2.425 120 13 04 50
2.425 244 0.44
2.43 22 0.00
2.43 23 2.73
2.43 25 0.00
2.43 30 0.00
2.43 B1 1291.82 1291.82 
2.43 B3 1305.77 1305.77 
2.43 120 13 04 50
2.43 244 0.44
2.435 22 0.00
2.435 23 2.72
2.435 25 0.00
2.435 30 0.00
2.435 B1 1297.66 1297.66 
2.435 B3 1311.59 1311.59 
2.435 120 13 04 50
2.435 244 0.44
2.44 22 0.00
2.44 23 2.73
2.44 25 0.00
2.44 30 0.00
2.44 B1 1303.00 1303.00 
2.44 B3 1317.03 1317.03 
2.44 120 13 04 50
2.44 244 0.44
2.445 22 0.00
2.445 23 2.72
2.445 25 0.00
2.445 30 0.00
2.445 B1 1307.46 1307.46 
2.445 B3 1321.56 1321.56 
2.445 120 13 04 50
2.445 244 0.44
2.45 22 0.00
2.45 23 2.71
2.45 25 0.00
2.45 30 0.00
2.45 B1 1312.50 1312.50 
2.45 B3 1326.59 1326.59 
2.45 120 13 04 50
2.45 244 0.44
2.455 22 0.00
2.455 23 2.69
2.455 25 0.00
2.455 30 0.00
2.455 B1 1316.86 1316.86 
2.455 B3 1330.96 1330.96 
2.455 120 13 04 50
2.455 244 0.44
2.46 22 0.00
2.46 23 2.68
2.46 25 0.00
2.46 30 0.00
2.46 B1 1321.84 1321.84 
2.46 B3 1335.90 1335.90 
2.46 120 13 04 50
2.46 244 0.44
2.465 22 0.00
2.465 23 2.67
2.465 25 0.00
2.465 30 0.00
2.465 B1 1326.92 1326.92 
2.465 B3 1341.00 1341.00 
2.465 120 13 04 50
2.465 244 0.44
2.47 22 0.00
2.47 23 2.67
2.47 25 0.00
2.47 30 0.00
2.47 B1 1332.03 1332.03 
2.47 B3 1346.14 1346.14 
2.47 120 13 04 50
2.47 244 0.44
2.475 22 0.00
2.475 23 2.67
2.475 25 0.00
2.475 30 0.00
2.475 B1 1337.13 1337.13 
2.475 B3 1351.29 1351.29 
2.475 120 13 04 50
2.475 244 0.44
2.48 22 0.00
2.48 23 2.67
2.48 25 0.00
2.48 30 0.00
2.48 B1 1342.24 1342.24 
2.48 B3 1356.43 1356.43 
2.48 120 13 04 50
2.48 244 0.44
2.485 22 0.00
2.485 23 2.67
2.485 25 0.00
2.485 30 0.00
2.485 B1 1347.34 1347.34 
2.485 B3 1361.58 1361.58 
2.485 120 13 04 50
2.485 244 0.44
2.49 22 0.00
2.49 23 2.67
2.49 25 0.00
2.49 30 0.00
2.49 B1 1352.43 1352.43 
2.49 B3 1366.72 1366.72 
2.49 120 13 04 50
2.49 244 0.44
2.495 22 0.00
2.495 23 2.69
2.495 25 0.00
2.495 30 0.00
2.495 B1 1359.13 1359.13 
2.495 B3 1373.48 1373.48 
2.495 120 13 04 50
2.495 244 0.44
2.5 22 0.00
2.5 23 2.71
2.5 25 0.00
2.5 30 0.00
2.5 B1 1364.62 1364.62 
2.5 B3 1379.16 1379.16 
2.5 120 13 04 50
2.5 244 0.44
2.505 22 0.00
2.505 23 2.71
2.505 25 0.00
2.505 30 0.00
2.505 B1 1369.88 1369.88 
2.505 B3 1384.54 1384.54 
2.505 120 13 04 50
2.505 244 0.44
2.51 22 0.00
2.51 23 2.71
2.51 25 0.00
2.51 30 0.00
2.51 B1 1375.08 1375.08 
2.51 B3 1389.82 1389.82 
2.51 120 13 04 50
2.51 244 0.45
2.515 22 0.00
2.515 23 2.72
2.515 25 0.00
2.515 30 0.00
2.515 B1 1381.09 1381.09 
2.515 B3 1395.89 1395.89 
2.515 120 13 04 50
2.515 244 0.45
2.52 22 0.00
2.52 23 2.74
2.52 25 0.00
2.52 30 0.00
2.52 B1 1387.29 1387.29 
2.52 B3 1402.22 1402.22 
2.52 120 13 04 50
2.52 244 0.45
2.525 22 0.00
2.525 23 2.76
2.525 25 0.00
2.525 30 0.00
2.525 B1 1392.77 1392.77 
2.525 B3 1407.87 1407.87 
2.525 120 13 04 50
2.525 244 0.46
2.53 22 0.00
2.53 23 2.77
2.53 25 0.00
2.53 30 0.00
2.53 B1 1398.92 1398.92 
2.53 B3 1414.12 1414.12 
2.53 120 13 04 50
2.53 244 0.46
2.535 22 0.00
2.535 23 2.78
2.535 25 0.00
2.535 30 0.00
2.535 B1 1404.43 1404.43 
2.535 B3 1419.78 1419.78 
2.535 120 13 04 50
2.535 244 0.46
2.54 22 0.00
2.54 23 2.80
2.54 25 0.00
2.54 30 0.00
2.54 B1 1410.62 1410.62 
2.54 B3 1426.07 1426.07 
2.54 120 13 04 50
2.54 244 0.46
2.545 22 0.00
2.545 23 2.81
2.545 25 0.00
2.545 30 0.00
2.545 B1 1416.18 1416.18 
2.545 B3 1431.78 1431.78 
2.545 120 13 04 50
2.545 244 0.46
2.55 22 0.00
2.55 23 2.81
2.55 25 0.00
2.55 30 0.00
2.55 B1 1421.61 1421.61 
2.55 B3 1437.31 1437.31 
2.55 120 13 04 50
2.55 244 0.46
2.555 22 0.00
2.555 23 2.82
2.555 25 0.00
2.555 30 0.00
2.555 B1 1427.83 1427.83 
2.555 B3 1443.61 1443.61 
2.555 120 13 04 50
2.555 244 0.46
2.56 22 0.00
2.56 23 2.82
2.56 25 0.00
2.56 30 0.00
2.56 B1 1432.62 1432.62 
2.56 B3 1448.54 1448.54 
2.56 120 13 04 50
2.56 244 0.46
2.565 22 0.00
2.565 23 2.81
2.565 25 0.00
2.565 30 0.00
2.565 B1 1437.88 1437.88 
2.565 B3 1453.82 1453.82 
2.565 120 13 04 50
2.565 244 0.46
2.57 22 0.00
2.57 23 2.81
2.57 25 0.00
2.57 30 0.00
2.57 B1 1443.24 1443.24 
2.57 B3 1459.21 1459.21 
2.57 120 13 04 50
2.57 244 0.46
2.575 22 0.00
2.575 23 2.80
2.575 25 0.00
2.575 30 0.00
2.575 B1 1448.61 1448.61 
2.575 B3 1464.64 1464.64 
2.575 120 13 04 50
2.575 244 0.46
2.58 22 0.00
2.58 23 2.81
2.58 25 0.00
2.58 30 0.00
2.58 B1 1454.81 1454.81 
2.58 B3 1470.89 1470.89 
2.58 120 13 04 50
2.58 244 0.46
2.585 22 0.00
2.585 23 2.81
2.585 25 0.00
2.585 30 0.00
2.585 B1 1459.59 1459.59 
2.585 B3 1475.80 1475.80 
2.585 120 13 04 50
2.585 244 0.46
2.59 22 0.00
2.59 23 2.81
2.59 25 0.00
2.59 30 0.00
2.59 B1 1465.65 1465.65 
2.59 B3 1481.89 1481.89 
2.59 120 13 04 50
2.59 244 0.46
2.595 22 0.00
2.595 23 2.82
2.595 25 0.00
2.595 30 0.00
2.595 B1 1471.22 1471.22 
2.595 B3 1487.57 1487.57 
2.595 120 13 04 50
2.595 244 0.46
2.6 22 0.00
2.6 23 2.82
2.6 25 0.00
2.6 30 0.00
2.6 B1 1476.67 1476.67 
2.6 B3 1493.11 1493.11 
2.6 120 13 04 50
2.6 244 0.46
2.605 22 0.00
2.605 23 2.82
2.605 25 0.00
2.605 30 0.00
2.605 B1 1482.10 1482.10 
2.605 B3 1498.61 1498.61 
2.605 120 13 04 50
2.605 244 0.47
2.61 22 0.00
2.61 23 2.83
2.61 25 0.00
2.61 30 0.00
2.61 B1 1488.35 1488.35 
2.61 B3 1504.92 1504.92 
2.61 120 13 04 50
2.61 244 0.47
2.615 22 0.00
2.615 23 2.84
2.615 25 0.00
2.615 30 0.00
2.615 B1 1493.99 1493.99 
2.615 B3 1510.71 1510.71 
2.615 120 13 04 50
2.615 244 0.47
2.62 22 0.00
2.62 23 2.85
2.62 25 0.00
2.62 30 0.00
2.62 B1 1500.34 1500.34 
2.62 B3 1517.15 1517.15 
2.62 120 13 04 50
2.62 244 0.47
2.625 22 0.00
2.625 23 2.86
2.625 25 0.00
2.625 30 0.00
2.625 B1 1506.04 1506.04 
2.625 B3 1523.01 1523.01 
2.625 120 13 04 50
2.625 244 0.47
2.63 22 0.00
2.63 23 2.87
2.63 25 0.00
2.63 30 0.00
2.63 B1 1511.60 1511.60 
2.63 B3 1528.69 1528.69 
2.63 120 13 04 50
2.63 244 0.47
2.635 22 0.00
2.635 23 2.87
2.635 25 0.00
2.635 30 0.00
2.635 B1 1517.12 1517.12 
2.635 B3 1534.30 1534.30 
2.635 120 13 04 50
2.635 244 0.47
2.64 22 0.00
2.64 23 2.86
2.64 25 0.00
2.64 30 0.00
2.64 B1 1522.63 1522.63 
2.64 B3 1539.88 1539.88 
2.64 120 13 04 50
2.64 244 0.47
2.645 22 0.00
2.645 23 2.86
2.645 25 0.00
2.645 30 0.00
2.645 B1 1528.14 1528.14 
2.645 B3 1545.45 1545.45 
2.645 120 13 04 50
2.645 244 0.47
2.65 22 0.00
2.65 23 2.86
2.65 25 0.00
2.65 30 0.00
2.65 B1 1533.65 1533.65 
2.65 B3 1551.02 1551.02 
2.65 120 13 04 50
2.65 244 0.47
2.655 22 0.00
2.655 23 2.86
2.655 25 0.00
2.655 30 0.00
2.655 B1 1539.15 1539.15 
2.655 B3 1556.58 1556.58 
2.655 120 13 04 50
2.655 244 0.47
2.66 22 0.00
2.66 23 2.85
2.66 25 0.00
2.66 30 0.00
2.66 B1 1543.80 1543.80 
2.66 B3 1561.30 1561.30 
2.66 120 13 04 50
2.66 244 0.47
2.665 22 0.00
2.665 23 2.84
2.665 25 0.00
2.665 30 0.00
2.665 B1 1549.90 1549.90 
2.665 B3 1567.38 1567.38 
2.665 120 13 04 50
2.665 244 0.47
2.67 22 0.00
2.67 23 2.85
2.67 25 0.00
2.67 30 0.00
2.67 B1 1555.53 1555.53 
2.67 B3 1573.11 1573.11 
2.67 120 13 04 50
2.67 244 0.47
2.675 22 0.00
2.675 23 2.85
2.675 25 0.00
2.675 30 0.00
2.675 B1 1561.06 1561.06 
2.675 B3 1578.72 1578.72 
2.675 120 13 04 50
2.675 244 0.47
2.68 22 0.00
2.68 23 2.85
2.68 25 0.00
2.68 30 0.00
2.68 B1 1566.55 1566.55 
2.68 B3 1584.29 1584.29 
2.68 120 13 04 50
2.68 244 0.47
2.685 22 0.00
2.685 23 2.85
2.685 25 0.00
2.685 30 0.00
2.685 B1 1572.04 1572.04 
2.685 B3 1589.84 1589.84 
2.685 120 13 04 50
2.685 244 0.47
2.69 22 0.00
2.69 23 2.85
2.69 25 0.00
2.69 30 0.00
2.69 B1 1577.52 1577.52 
2.69 B3 1595.39 1595.39 
2.69 120 13 04 50
2.69 244 0.47
2.695 22 0.00
2.695 23 2.84
2.695 25 0.00
2.695 30 0.00
2.695 B1 1582.14 1582.14 
2.695 B3 1600.08 1600.08 
2.695 120 13 04 50
2.695 244 0.47
2.7 22 0.00
2.7 23 2.83
2.7 25 0.00
2.7 30 0.00
2.7 B1 1587.36 1587.36 
2.7 B3 1605.28 1605.28 
2.7 120 13 04 50
2.7 244 0.47
2.705 22 0.00
2.705 23 2.82
2.705 25 0.00
2.705 30 0.00
2.705 B1 1592.73 1592.73 
2.705 B3 1610.66 1610.66 
2.705 120 13 04 50
2.705 244 0.47
2.71 22 0.00
2.71 23 2.82
2.71 25 0.00
2.71 30 0.00
2.71 B1 1598.13 1598.13 
2.71 B3 1616.09 1616.09 
2.71 120 13 04 50
2.71 244 0.47
2.715 22 0.00
2.715 23 2.82
2.715 25 0.00
2.715 30 0.00
2.715 B1 1603.54 1603.54 
2.715 B3 1621.55 1621.55 
2.715 120 13 04 50
2.715 244 0.47
2.72 22 0.00
2.72 23 2.81
2.72 25 0.00
2.72 30 0.00
2.72 B1 1608.95 1608.95 
2.72 B3 1627.01 1627.01 
2.72 120 13 04 50
2.72 244 0.47
2.725 22 0.00
2.725 23 2.81
2.725 25 0.00
2.725 30 0.00
2.725 B1 1614.35 1614.35 
2.725 B3 1632.47 1632.47 
2.725 120 13 04 50
2.725 244 0.47
2.73 22 0.00
2.73 23 2.81
2.73 25 0.00
2.73 30 0.00
2.73 B1 1619.76 1619.76 
2.73 B3 1637.93 1637.93 
2.73 120 13 04 50
2.73 244 0.47
2.735 22 0.00
2.735 23 2.81
2.735 25 0.00
2.735 30 0.00
2.735 B1 1625.15 1625.15 
2.735 B3 1643.39 1643.39 
2.735 120 13 04 50
2.735 244 0.47
2.74 22 0.00
2.74 23 2.81
2.74 25 0.00
2.74 30 0.00
2.74 B1 1630.55 1630.55 
2.74 B3 1648.84 1648.84 
2.74 120 13 04 50
2.74 244 0.47
2.745 22 0.00
2.745 23 2.81
2.745 25 0.00
2.745 30 0.00
2.745 B1 1635.94 1635.94 
2.745 B3 1654.29 1654.29 
2.745 120 13 04 50
2.745 244 0.46
2.75 22 0.00
2.75 23 2.80
2.75 25 0.00
2.75 30 0.00
2.75 B1 1640.47 1640.47 
2.75 B3 1658.88 1658.88 
2.75 120 13 04 50
2.75 244 0.46
2.755 22 0.00
2.755 23 2.78
2.755 25 0.00
2.755 30 0.00
2.755 B1 1645.59 1645.59 
2.755 B3 1663.97 1663.97 
2.755 120 13 04 50
2.755 244 0.46
2.76 22 0.00
2.76 23 2.78
2.76 25 0.00
2.76 30 0.00
2.76 B1 1650.86 1650.86 
2.76 B3 1669.25 1669.25 
2.76 120 13 04 50
2.76 244 0.46
2.765 22 0.00
2.765 23 2.78
2.765 25 0.00
2.765 30 0.00
2.765 B1 1656.17 1656.17 
2.765 B3 1674.59 1674.59 
2.765 120 13 04 50
2.765 244 0.46
2.77 22 0.00
2.77 23 2.77
2.77 25 0.00
2.77 30 0.00
2.77 B1 1661.49 1661.49 
2.77 B3 1679.96 1679.96 
2.77 120 13 04 50
2.77 244 0.46
2.775 22 0.00
2.775 23 2.77
2.775 25 0.00
2.775 30 0.00
2.775 B1 1666.81 1666.81 
2.775 B3 1685.32 1685.32 
2.775 120 13 04 50
2.775 244 0.46
2.78 22 0.00
2.78 23 2.77
2.78 25 0.00
2.78 30 0.00
2.78 B1 1672.13 1672.13 
2.78 B3 1690.69 1690.69 
2.78 120 13 04 50
2.78 244 0.46
2.785 22 0.00
2.785 23 2.77
2.785 25 0.00
2.785 30 0.00
2.785 B1 1677.45 1677.45 
2.785 B3 1696.06 1696.06 
2.785 120 13 04 50
2.785 244 0.46
2.79 22 0.00
2.79 23 2.77
2.79 25 0.00
2.79 30 0.00
2.79 B1 1682.76 1682.76 
2.79 B3 1701.43 1701.43 
2.79 120 13 04 50
2.79 244 0.46
2.795 22 0.00
2.795 23 2.77
2.795 25 0.00
2.795 30 0.00
2.795 B1 1688.07 1688.07 
2.795 B3 1706.79 1706.79 
2.795 120 13 04 50
2.795 244 0.46
2.8 22 0.00
2.8 23 2.76
2.8 25 0.00
2.8 30 0.00
2.8 B1 1693.38 1693.38 
2.8 B3 1712.15 1712.15 
2.8 120 13 04 50
2.8 244 0.46
2.805 22 0.00
2.805 23 2.75
2.805 25 0.00
2.805 30 0.00
2.805 B1 1697.81 1697.81 
2.805 B3 1716.64 1716.64 
2.805 120 13 04 50
2.805 244 0.46
2.81 22 0.00
2.81 23 2.74
2.81 25 0.00
2.81 30 0.00
2.81 B1 1702.82 1702.82 
2.81 B3 1721.64 1721.64 
2.81 120 13 04 50
2.81 244 0.46
2.815 22 0.00
2.815 23 2.73
2.815 25 0.00
2.815 30 0.00
2.815 B1 1707.13 1707.13 
2.815 B3 1725.95 1725.95 
2.815 120 13 04 50
2.815 244 0.45
2.82 22 0.00
2.82 23 2.70
2.82 25 0.00
2.82 30 0.00
2.82 B1 1711.18 1711.18 
2.82 B3 1729.96 1729.96 
2.82 120 13 04 50
2.82 244 0.45
2.825 22 0.00
2.825 23 2.68
2.825 25 0.00
2.825 30 0.00
2.825 B1 1715.13 1715.13 
2.825 B3 1733.83 1733.83 
2.825 120 13 04 50
2.825 244 0.45
2.83 22 0.00
2.83 23 2.66
2.83 25 0.00
2.83 30 0.00
2.83 B1 1719.88 1719.88 
2.83 B3 1738.46 1738.46 
2.83 120 13 04 50
2.83 244 0.45
2.835 22 0.00
2.835 23 2.65
2.835 25 0.00
2.835 30 0.00
2.835 B1 1724.86 1724.86 
2.835 B3 1743.39 1743.39 
2.835 120 13 04 50
2.835 244 0.44
2.84 22 0.00
2.84 23 2.63
2.84 25 0.00
2.84 30 0.00
2.84 B1 1728.14 1728.14 
2.84 B3 1746.69 1746.69 
2.84 120 13 04 50
2.84 244 0.44
2.845 22 0.00
2.845 23 2.60
2.845 25 0.00
2.845 30 0.00
2.845 B1 1732.61 1732.61 
2.845 B3 1751.03 1751.03 
2.845 120 13 04 50
2.845 244 0.44
2.85 22 0.00
2.85 23 2.60
2.85 25 0.00
2.85 30 0.00
2.85 B1 1737.42 1737.42 
2.85 B3 1755.77 1755.77 
2.85 120 13 04 50
2.85 244 0.44
2.855 22 0.00
2.855 23 2.58
2.855 25 0.00
2.855 30 0.00
2.855 B1 1741.44 1741.44 
2.855 B3 1759.79 1759.79 
2.855 120 13 04 50
2.855 244 0.44
2.86 22 0.00
2.86 23 2.57
2.86 25 0.00
2.86 30 0.00
2.86 B1 1746.08 1746.08 
2.86 B3 1764.36 1764.36 
2.86 120 13 04 50
2.86 244 0.43
2.865 22 0.00
2.865 23 2.54
2.865 25 0.00
2.865 30 0.00
2.865 B1 1748.23 1748.23 
2.865 B3 1766.53 1766.53 
2.865 120 13 04 50
2.865 244 0.43
2.87 22 0.00
2.87 23 2.50
2.87 25 0.00
2.87 30 0.00
2.87 B1 1752.21 1752.21 
2.87 B3 1770.28 1770.28 
2.87 120 13 04 50
2.87 244 0.42
2.875 22 0.00
2.875 23 2.48
2.875 25 0.00
2.875 30 0.00
2.875 B1 1755.82 1755.82 
2.875 B3 1773.76 1773.76 
2.875 120 13 04 50
2.875 244 0.42
2.88 22 0.00
2.88 23 2.45
2.88 25 0.00
2.88 30 0.00
2.88 B1 1759.29 1759.29 
2.88 B3 1777.10 1777.10 
2.88 120 13 04 50
2.88 244 0.41
2.885 22 0.00
2.885 23 2.42
2.885 25 0.00
2.885 30 0.00
2.885 B1 1762.66 1762.66 
2.885 B3 1780.35 1780.35 
2.885 120 13 04 50
2.885 244 0.41
2.89 22 0.00
2.89 23 2.39
2.89 25 0.00
2.89 30 0.00
2.89 B1 1765.98 1765.98 
2.89 B3 1783.53 1783.53 
2.89 120 13 04 50
2.89 244 0.40
2.895 22 0.00
2.895 23 2.35
2.895 25 0.00
2.895 30 0.00
2.895 B1 1767.44 1767.44 
2.895 B3 1784.89 1784.89 
2.895 120 13 04 50
2.895 244 0.40
2.9 22 0.00
2.9 23 2.31
2.9 25 0.00
2.9 30 0.00
2.9 B1 1770.92 1770.92 
2.9 B3 1788.06 1788.06 
2.9 120 13 04 50
2.9 244 0.40
2.905 22 0.00
2.905 23 2.29
2.905 25 0.00
2.905 30 0.00
2.905 B1 1774.99 1774.99 
2.905 B3 1791.94 1791.94 
2.905 120 13 04 50
2.905 244 0.39
2.91 22 0.00
2.91 23 2.28
2.91 25 0.00
2.91 30 0.00
2.91 B1 1778.34 1778.34 
2.91 B3 1795.22 1795.22 
2.91 120 13 04 50
2.91 244 0.39
2.915 22 0.00
2.915 23 2.25
2.915 25 0.00
2.915 30 0.00
2.915 B1 1781.44 1781.44 
2.915 B3 1798.23 1798.23 
2.915 120 13 04 50
2.915 244 0.39
2.92 22 0.00
2.92 23 2.24
2.92 25 0.00
2.92 30 0.00
2.92 B1 1785.31 1785.31 
2.92 B3 1801.97 1801.97 
2.92 120 13 04 50
2.92 244 0.39
2.925 22 0.00
2.925 23 2.22
2.925 25 0.00
2.925 30 0.00
2.925 B1 1788.52 1788.52 
2.925 B3 1805.12 1805.12 
2.925 120 13 04 50
2.925 244 0.39
2.93 22 0.00
2.93 23 2.21
2.93 25 0.00
2.93 30 0.00
2.93 B1 1792.39 1792.39 
2.93 B3 1808.89 1808.89 
2.93 120 13 04 50
2.93 244 0.39
2.935 22 0.00
2.935 23 2.20
2.935 25 0.00
2.935 30 0.00
2.935 B1 1796.45 1796.45 
2.935 B3 1812.89 1812.89 
2.935 120 13 04 50
2.935 244 0.39
2.94 22 0.00
2.94 23 2.20
2.94 25 0.00
2.94 30 0.00
2.94 B1 1800.56 1800.56 
2.94 B3 1816.99 1816.99 
2.94 120 13 04 50
2.94 244 0.39
2.945 22 0.00
2.945 23 2.20
2.945 25 0.00
2.945 30 0.00
2.945 B1 1805.60 1805.60 
2.945 B3 1822.01 1822.01 
2.945 120 13 04 50
2.945 244 0.39
2.95 22 0.00
2.95 23 2.21
2.95 25 0.00
2.95 30 0.00
2.95 B1 1810.05 1810.05 
2.95 B3 1826.54 1826.54 
2.95 120 13 04 50
2.95 244 0.39
2.955 22 0.00
2.955 23 2.22
2.955 25 0.00
2.955 30 0.00
2.955 B1 1814.32 1814.32 
2.955 B3 1830.89 1830.89 
2.955 120 13 04 50
2.955 244 0.39
2.96 22 0.00
2.96 23 2.22
2.96 25 0.00
2.96 30 0.00
2.96 B1 1819.43 1819.43 
2.96 B3 1836.04 1836.04 
2.96 120 13 04 50
2.96 244 0.39
2.965 22 0.00
2.965 23 2.24
2.965 25 0.00
2.965 30 0.00
2.965 B1 1823.94 1823.94 
2.965 B3 1840.66 1840.66 
2.965 120 13 04 50
2.965 244 0.39
2.97 22 0.00
2.97 23 2.24
2.97 25 0.00
2.97 30 0.00
2.97 B1 1828.25 1828.25 
2.97 B3 1845.07 1845.07 
2.97 120 13 04 50
2.97 244 0.40
2.975 22 0.00
2.975 23 2.25
2.975 25 0.00
2.975 30 0.00
2.975 B1 1833.42 1833.42 
2.975 B3 1850.28 1850.28 
2.975 120 13 04 50
2.975 244 0.40
2.98 22 0.00
2.98 23 2.26
2.98 25 0.00
2.98 30 0.00
2.98 B1 1837.98 1837.98 
2.98 B3 1854.96 1854.96 
2.98 120 13 04 50
2.98 244 0.40
2.985 22 0.00
2.985 23 2.26
2.985 25 0.00
2.985 30 0.00
2.985 B1 1842.34 1842.34 
2.985 B3 1859.42 1859.42 
2.985 120 13 04 50
2.985 244 0.40
2.99 22 0.00
2.99 23 2.26
2.99 25 0.00
2.99 30 0.00
2.99 B1 1846.65 1846.65 
2.99 B3 1863.80 1863.80 
2.99 120 13 04 50
2.99 244 0.40
2.995 22 0.00
2.995 23 2.26
2.995 25 0.00
2.995 30 0.00
2.995 B1 1850.93 1850.93 
2.995 B3 1868.13 1868.13 
2.995 120 13 04 50
2.995 244 0.40
3 22 0.00
3 23 2.27
3 25 0.00
3 30 0.00
3 B1 1856.12 1856.12 
3 B3 1873.34 1873.34 
3 120 13 04 50
3 244 0.40
3.005 22 0.00
3.005 23 2.27
3.005 25 0.00
3.005 30 0.00
3.005 B1 1859.81 1859.81 
3.005 B3 1877.17 1877.17 
3.005 120 13 04 50
3.005 244 0.40
3.01 22 0.00
3.01 23 2.27
3.01 25 0.00
3.01 30 0.00
3.01 B1 1864.80 1864.80 
3.01 B3 1882.17 1882.17 
3.01 120 13 04 50
3.01 244 0.40
3.015 22 0.00
3.015 23 2.28
3.015 25 0.00
3.015 30 0.00
3.015 B1 1869.34 1869.34 
3.015 B3 1886.79 1886.79 
3.015 120 13 04 50
3.015 244 0.40
3.02 22 0.00
3.02 23 2.28
3.02 25 0.00
3.02 30 0.00
3.02 B1 1873.72 1873.72 
3.02 B3 1891.26 1891.26 
3.02 120 13 04 50
3.02 244 0.40
3.025 22 0.00
3.025 23 2.27
3.025 25 0.00
3.025 30 0.00
3.025 B1 1877.15 1877.15 
3.025 B3 1894.77 1894.77 
3.025 120 13 04 50
3.025 244 0.40
3.03 22 0.00
3.03 23 2.26
3.03 25 0.00
3.03 30 0.00
3.03 B1 1881.14 1881.14 
3.03 B3 1898.74 1898.74 
3.03 120 13 04 50
3.03 244 0.40
3.035 22 0.00
3.035 23 2.26
3.035 25 0.00
3.035 30 0.00
3.035 B1 1885.31 1885.31 
3.035 B3 1902.90 1902.90 
3.035 120 13 04 50
3.035 244 0.40
3.04 22 0.00
3.04 23 2.25
3.04 25 0.00
3.04 30 0.00
3.04 B1 1889.54 1889.54 
3.04 B3 1907.14 1907.14 
3.04 120 13 04 50
3.04 244 0.40
3.045 22 0.00
3.045 23 2.25
3.045 25 0.00
3.045 30 0.00
3.045 B1 1893.78 1893.78 
3.045 B3 1911.41 1911.41 
3.045 120 13 04 50
3.045 244 0.40
3.05 22 0.00
3.05 23 2.25
3.05 25 0.00
3.05 30 0.00
3.05 B1 1898.03 1898.03 
3.05 B3 1915.69 1915.69 
3.05 120 13 04 50
3.05 244 0.40
3.055 22 0.00
3.055 23 2.25
3.055 25 0.00
3.055 30 0.00
3.055 B1 1902.27 1902.27 
3.055 B3 1919.97 1919.97 
3.055 120 13 04 50
3.055 244 0.39
3.06 22 0.00
3.06 23 2.24
3.06 25 0.00
3.06 30 0.00
3.06 B1 1905.60 1905.60 
3.06 B3 1923.36 1923.36 
3.06 120 13 04 50
3.06 244 0.39
3.065 22 0.00
3.065 23 2.23
3.065 25 0.00
3.065 30 0.00
3.065 B1 1909.51 1909.51 
3.065 B3 1927.24 1927.24 
3.065 120 13 04 50
3.065 244 0.39
3.07 22 0.00
3.07 23 2.22
3.07 25 0.00
3.07 30 0.00
3.07 B1 1913.60 1913.60 
3.07 B3 1931.31 1931.31 
3.07 120 13 04 50
3.07 244 0.39
3.075 22 0.00
3.075 23 2.22
3.075 25 0.00
3.075 30 0.00
3.075 B1 1917.76 1917.76 
3.075 B3 1935.47 1935.47 
3.075 120 13 04 50
3.075 244 0.39
3.08 22 0.00
3.08 23 2.22
3.08 25 0.00
3.08 30 0.00
3.08 B1 1921.93 1921.93 
3.08 B3 1939.67 1939.67 
3.08 120 13 04 50
3.08 244 0.39
3.085 22 0.00
3.085 23 2.22
3.085 25 0.00
3.085 30 0.00
3.085 B1 1926.11 1926.11 
3.085 B3 1943.87 1943.87 
3.085 120 13 04 50
3.085 244 0.39
3.09 22 0.00
3.09 23 2.21
3.09 25 0.00
3.09 30 0.00
3.09 B1 1929.36 1929.36 
3.09 B3 1947.19 1947.19 
3.09 120 13 04 50
3.09 244 0.39
3.095 22 0.00
3.095 23 2.19
3.095 25 0.00
3.095 30 0.00
3.095 B1 1933.19 1933.19 
3.095 B3 1950.99 1950.99 
3.095 120 13 04 50
3.095 244 0.39
3.1 22 0.00
3.1 23 2.19
3.1 25 0.00
3.1 30 0.00
3.1 B1 1937.22 1937.22 
3.1 B3 1954.99 1954.99 
3.1 120 13 04 50
3.1 244 0.39
3.105 22 0.00
3.105 23 2.19
3.105 25 0.00
3.105 30 0.00
3.105 B1 1941.30 1941.30 
3.105 B3 1959.07 1959.07 
3.105 120 13 04 50
3.105 244 0.39
3.11 22 0.00
3.11 23 2.28
3.11 25 0.00
3.11 30 0.00
3.11 B1 1939.70 1939.70 
3.11 B3 1957.47 1957.47 
3.11 120 13 04 50
3.11 244 0.39
3.115 22 0.00
3.115 23 2.11
3.115 25 0.00
3.115 30 0.00
3.115 B1 1946.20 1946.20 
3.115 B3 1963.32 1963.32 
3.115 120 13 04 50
3.115 244 0.38
3.12 22 0.00
3.12 23 2.15
3.12 25 0.00
3.12 30 0.00
3.12 B1 1949.02 1949.02 
3.12 B3 1966.61 1966.61 
3.12 120 13 04 50
3.12 244 0.38
3.125 22 0.00
3.125 23 2.13
3.125 25 0.00
3.125 30 0.00
3.125 B1 1952.98 1952.98 
3.125 B3 1970.49 1970.49 
3.125 120 13 04 50
3.125 244 0.37
3.13 22 0.00
3.13 23 2.13
3.13 25 0.00
3.13 30 0.00
3.13 B1 1954.35 1954.35 
3.13 B3 1972.10 1972.10 
3.13 120 13 04 50
3.13 244 0.37
3.135 22 0.00
3.135 23 2.08
3.135 25 0.00
3.135 30 0.00
3.135 B1 1958.17 1958.17 
3.135 B3 1975.50 1975.50 
3.135 120 13 04 50
3.135 244 0.37
3.14 22 0.00
3.14 23 2.07
3.14 25 0.00
3.14 30 0.00
3.14 B1 1960.75 1960.75 
3.14 B3 1978.10 1978.10 
3.14 120 13 04 50
3.14 244 0.37
3.145 22 0.00
3.145 23 2.05
3.145 25 0.00
3.145 30 0.00
3.145 B1 1963.22 1963.22 
3.145 B3 1980.47 1980.47 
3.145 120 13 04 50
3.145 244 0.35
3.15 22 0.00
3.15 23 2.02
3.15 25 0.00
3.15 30 0.00
3.15 B1 1962.99 1962.99 
3.15 B3 1980.36 1980.36 
3.15 120 13 04 50
3.15 244 0.35
3.155 22 0.00
3.155 23 1.94
3.155 25 0.00
3.155 30 0.00
3.155 B1 1965.15 1965.15 
3.155 B3 1981.93 1981.93 
3.155 120 13 04 50
3.155 244 0.35
3.16 22 0.00
3.16 23 1.91
3.16 25 0.00
3.16 30 0.00
3.16 B1 1968.67 1968.67 
3.16 B3 1985.03 1985.03 
3.16 120 13 04 50
3.16 244 0.33
3.165 22 0.00
3.165 23 1.91
3.165 25 0.00
3.165 30 0.00
3.165 B1 1966.95 1966.95 
3.165 B3 1983.70 1983.70 
3.165 120 13 04 50
3.165 244 0.33
3.17 22 0.00
3.17 23 1.81
3.17 25 0.00
3.17 30 0.00
3.17 B1 1970.08 1970.08 
3.17 B3 1985.95 1985.95 
3.17 120 13 04 50
3.17 244 0.33
3.175 22 0.00
3.175 23 1.80
3.175 25 0.00
3.175 30 0.00
3.175 B1 1972.10 1972.10 
3.175 B3 1987.83 1987.83 
3.175 120 13 04 50
3.175 244 0.31
3.18 22 0.00
3.18 23 1.77
3.18 25 0.00
3.18 30 0.00
3.18 B1 1970.05 1970.05 
3.18 B3 1986.00 1986.00 
3.18 120 13 04 50
3.18 244 0.31
3.185 22 0.00
3.185 23 1.68
3.185 25 0.00
3.185 30 0.00
3.185 B1 1972.88 1972.88 
3.185 B3 1987.90 1987.90 
3.185 120 13 04 50
3.185 244 0.31
3.19 22 0.00
3.19 23 1.66
3.19 25 0.00
3.19 30 0.00
3.19 B1 1975.95 1975.95 
3.19 B3 1990.68 1990.68 
3.19 120 13 04 50
3.19 244 0.31
3.195 22 0.00
3.195 23 1.66
3.195 25 0.00
3.195 30 0.00
3.195 B1 1977.71 1977.71 
3.195 B3 1992.47 1992.47 
3.195 120 13 04 50
3.195 244 0.31
3.2 22 0.00
3.2 23 1.63
3.2 25 0.00
3.2 30 0.00
3.2 B1 1980.65 1980.65 
3.2 B3 1995.19 1995.19 
3.2 120 13 04 50
3.2 244 0.31
3.205 22 0.00
3.205 23 1.63
3.205 25 0.00
3.205 30 0.00
3.205 B1 1983.66 1983.66 
3.205 B3 1998.12 1998.12 
3.205 120 13 04 50
3.205 244 0.31
3.21 22 0.00
3.21 23 1.63
3.21 25 0.00
3.21 30 0.00
3.21 B1 1986.67 1986.67 
3.21 B3 2001.11 2001.11 
3.21 120 13 04 50
3.21 244 0.31
3.215 22 0.00
3.215 23 1.63
3.215 25 0.00
3.215 30 0.00
3.215 B1 1989.68 1989.68 
3.215 B3 2004.11 2004.11 
3.215 120 13 04 50
3.215 244 0.31
3.22 22 0.00
3.22 23 1.63
3.22 25 0.00
3.22 30 0.00
3.22 B1 1992.69 1992.69 
3.22 B3 2007.12 2007.12 
3.22 120 13 04 50
3.22 244 0.30
3.225 22 0.00
3.225 23 1.63
3.225 25 0.00
3.225 30 0.00
3.225 B1 1990.41 1990.41 
3.225 B3 2005.33 2005.33 
3.225 120 13 04 50
3.225 244 0.30
3.23 22 0.00
3.23 23 1.53
3.23 25 0.00
3.23 30 0.00
3.23 B1 1992.88 1992.88 
3.23 B3 2007.00 2007.00 
3.23 120 13 04 50
3.23 244 0.30
3.235 22 0.00
3.235 23 1.52
3.235 25 0.00
3.235 30 0.00
3.235 B1 1995.67 1995.67 
3.235 B3 2009.50 2009.50 
3.235 120 13 04 50
3.235 244 0.30
3.24 22 0.00
3.24 23 1.52
3.24 25 0.00
3.24 30 0.00
3.24 B1 1998.46 1998.46 
3.24 B3 2012.21 2012.21 
3.24 120 13 04 50
3.24 244 0.30
3.245 22 0.00
3.245 23 1.52
3.245 25 0.00
3.245 30 0.00
3.245 B1 2001.25 2001.25 
3.245 B3 2014.97 2014.97 
3.245 120 13 04 50
3.245 244 0.30
3.25 22 0.00
3.25 23 1.52
3.25 25 0.00
3.25 30 0.00
3.25 B1 2004.03 2004.03 
3.25 B3 2017.75 2017.75 
3.25 120 13 04 50
3.25 244 0.30
3.255 22 0.00
3.255 23 1.52
3.255 25 0.00
3.255 30 0.00
3.255 B1 2006.82 2006.82 
3.255 B3 2020.53 2020.53 
3.255 120 13 04 50
3.255 244 0.30
3.26 22 0.00
3.26 23 1.51
3.26 25 0.00
3.26 30 0.00
3.26 B1 2009.60 2009.60 
3.26 B3 2023.32 2023.32 
3.26 120 13 04 50
3.26 244 0.30
3.265 22 0.00
3.265 23 1.51
3.265 25 0.00
3.265 30 0.00
3.265 B1 2012.37 2012.37 
3.265 B3 2026.10 2026.10 
3.265 120 13 04 50
3.265 244 0.30
3.27 22 0.00
3.27 23 1.51
3.27 25 0.00
3.27 30 0.00
3.27 B1 2016.47 2016.47 
3.27 B3 2030.08 2030.08 
3.27 120 13 04 50
3.27 244 0.31
3.275 22 0.00
3.275 23 1.53
3.275 25 0.00
3.275 30 0.00
3.275 B1 2022.03 2022.03 
3.275 B3 2035.60 2035.60 
3.275 120 13 04 50
3.275 244 0.31
3.28 22 0.00
3.28 23 1.58
3.28 25 0.00
3.28 30 0.00
3.28 B1 2025.16 2025.16 
3.28 B3 2039.20 2039.20 
3.28 120 13 04 50
3.28 244 0.31
3.285 22 0.00
3.285 23 1.59
3.285 25 0.00
3.285 30 0.00
3.285 B1 2028.09 2028.09 
3.285 B3 2042.31 2042.31 
3.285 120 13 04 50
3.285 244 0.31
3.29 22 0.00
3.29 23 1.59
3.29 25 0.00
3.29 30 0.00
3.29 B1 2032.34 2032.34 
3.29 B3 2046.50 2046.50 
3.29 120 13 04 50
3.29 244 0.31
3.295 22 0.00
3.295 23 1.61
3.295 25 0.00
3.295 30 0.00
3.295 B1 2035.41 2035.41 
3.295 B3 2049.80 2049.80 
3.295 120 13 04 50
3.295 244 0.31
3.3 22 0.00
3.3 23 1.61
3.3 25 0.00
3.3 30 0.00
3.3 B1 2038.39 2038.39 
3.3 B3 2052.88 2052.88 
3.3 120 13 04 50
3.3 244 0.31
3.305 22 0.00
3.305 23 1.61
3.305 25 0.00
3.305 30 0.00
3.305 B1 2041.37 2041.37 
3.305 B3 2055.90 2055.90 
3.305 120 13 04 50
3.305 244 0.32
3.31 22 0.00
3.31 23 1.61
3.31 25 0.00
3.31 30 0.00
3.31 B1 2046.98 2046.98 
3.31 B3 2061.30 2061.30 
3.31 120 13 04 50
3.31 244 0.32
3.315 22 0.00
3.315 23 1.66
3.315 25 0.00
3.315 30 0.00
3.315 B1 2050.27 2050.27 
3.315 B3 2065.00 2065.00 
3.315 120 13 04 50
3.315 244 0.32
3.32 22 0.00
3.32 23 1.66
3.32 25 0.00
3.32 30 0.00
3.32 B1 2053.35 2053.35 
3.32 B3 2068.26 2068.26 
3.32 120 13 04 50
3.32 244 0.32
3.325 22 0.00
3.325 23 1.66
3.325 25 0.00
3.325 30 0.00
3.325 B1 2056.42 2056.42 
3.325 B3 2071.41 2071.41 
3.325 120 13 04 50
3.325 244 0.32
3.33 22 0.00
3.33 23 1.66
3.33 25 0.00
3.33 30 0.00
3.33 B1 2060.81 2060.81 
3.33 B3 2075.72 2075.72 
3.33 120 13 04 50
3.33 244 0.32
3.335 22 0.00
3.335 23 1.69
3.335 25 0.00
3.335 30 0.00
3.335 B1 2064.05 2064.05 
3.335 B3 2079.17 2079.17 
3.335 120 13 04 50
3.335 244 0.32
3.34 22 0.00
3.34 23 1.69
3.34 25 0.00
3.34 30 0.00
3.34 B1 2067.17 2067.17 
3.34 B3 2082.41 2082.41 
3.34 120 13 04 50
3.34 244 0.32
3.345 22 0.00
3.345 23 1.69
3.345 25 0.00
3.345 30 0.00
3.345 B1 2070.29 2070.29 
3.345 B3 2085.59 2085.59 
3.345 120 13 04 50
3.345 244 0.32
3.35 22 0.00
3.35 23 1.69
3.35 25 0.00
3.35 30 0.00
3.35 B1 2073.41 2073.41 
3.35 B3 2088.75 2088.75 
3.35 120 13 04 50
3.35 244 0.32
3.355 22 0.00
3.355 23 1.69
3.355 25 0.00
3.355 30 0.00
3.355 B1 2076.52 2076.52 
3.355 B3 2091.90 2091.90 
3.355 120 13 04 50
3.355 244 0.32
3.36 22 0.00
3.36 23 1.69
3.36 25 0.00
3.36 30 0.00
3.36 B1 2079.64 2079.64 
3.36 B3 2095.05 2095.05 
3.36 120 13 04 50
3.36 244 0.32
3.365 22 0.00
3.365 23 1.68
3.365 25 0.00
3.365 30 0.00
3.365 B1 2082.75 2082.75 
3.365 B3 2098.19 2098.19 
3.365 120 13 04 50
3.365 244 0.32
3.37 22 0.00
3.37 23 1.68
3.37 25 0.00
3.37 30 0.00
3.37 B1 2084.54 2084.54 
3.37 B3 2100.14 2100.14 
3.37 120 13 04 50
3.37 244 0.32
3.375 22 0.00
3.375 23 1.66
3.375 25 0.00
3.375 30 0.00
3.375 B1 2087.47 2087.47 
3.375 B3 2102.92 2102.92 
3.375 120 13 04 50
3.375 244 0.31
3.38 22 0.00
3.38 23 1.66
3.38 25 0.00
3.38 30 0.00
3.38 B1 2089.20 2089.20 
3.38 B3 2104.72 2104.72 
3.38 120 13 04 50
3.38 244 0.31
3.385 22 0.00
3.385 23 1.63
3.385 25 0.00
3.385 30 0.00
3.385 B1 2092.08 2092.08 
3.385 B3 2107.41 2107.41 
3.385 120 13 04 50
3.385 244 0.31
3.39 22 0.00
3.39 23 1.63
3.39 25 0.00
3.39 30 0.00
3.39 B1 2093.74 2093.74 
3.39 B3 2109.14 2109.14 
3.39 120 13 04 50
3.39 244 0.31
3.395 22 0.00
3.395 23 1.60
3.395 25 0.00
3.395 30 0.00
3.395 B1 2096.56 2096.56 
3.395 B3 2111.77 2111.77 
3.395 120 13 04 50
3.395 244 0.31
3.4 22 0.00
3.4 23 1.60
3.4 25 0.00
3.4 30 0.00
3.4 B1 2099.50 2099.50 
3.4 B3 2114.64 2114.64 
3.4 120 13 04 50
3.4 244 0.31
3.405 22 0.00
3.405 23 1.60
3.405 25 0.00
3.405 30 0.00
3.405 B1 2102.44 2102.44 
3.405 B3 2117.58 2117.58 
3.405 120 13 04 50
3.405 244 0.31
3.41 22 0.00
3.41 23 1.60
3.41 25 0.00
3.41 30 0.00
3.41 B1 2105.38 2105.38 
3.41 B3 2120.54 2120.54 
3.41 120 13 04 50
3.41 244 0.31
3.415 22 0.00
3.415 23 1.60
3.415 25 0.00
3.415 30 0.00
3.415 B1 2108.33 2108.33 
3.415 B3 2123.50 2123.50 
3.415 120 13 04 50
3.415 244 0.31
3.42 22 0.00
3.42 23 1.60
3.42 25 0.00
3.42 30 0.00
3.42 B1 2111.27 2111.27 
3.42 B3 2126.47 2126.47 
3.42 120 13 04 50
3.42 244 0.31
3.425 22 0.00
3.425 23 1.59
3.425 25 0.00
3.425 30 0.00
3.425 B1 2114.20 2114.20 
3.425 B3 2129.43 2129.43 
3.425 120 13 04 50
3.425 244 0.31
3.43 22 0.00
3.43 23 1.59
3.43 25 0.00
3.43 30 0.00
3.43 B1 2117.14 2117.14 
3.43 B3 2132.39 2132.39 
3.43 120 13 04 50
3.43 244 0.31
3.435 22 0.00
3.435 23 1.59
3.435 25 0.00
3.435 30 0.00
3.435 B1 2120.08 2120.08 
3.435 B3 2135.35 2135.35 
3.435 120 13 04 50
3.435 244 0.31
3.44 22 0.00
3.44 23 1.59
3.44 25 0.00
3.44 30 0.00
3.44 B1 2121.69 2121.69 
3.44 B3 2137.11 2137.11 
3.44 120 13 04 50
3.44 244 0.31
3.445 22 0.00
3.445 23 1.57
3.445 25 0.00
3.445 30 0.00
3.445 B1 2125.75 2125.75 
3.445 B3 2140.88 2140.88 
3.445 120 13 04 50
3.445 244 0.31
3.45 22 0.00
3.45 23 1.59
3.45 25 0.00
3.45 30 0.00
3.45 B1 2128.81 2128.81 
3.45 B3 2144.06 2144.06 
3.45 120 13 04 50
3.45 244 0.31
3.455 22 0.00
3.455 23 1.59
3.455 25 0.00
3.455 30 0.00
3.455 B1 2131.76 2131.76 
3.455 B3 2147.08 2147.08 
3.455 120 13 04 50
3.455 244 0.31
3.46 22 0.00
3.46 23 1.59
3.46 25 0.00
3.46 30 0.00
3.46 B1 2134.68 2134.68 
3.46 B3 2150.05 2150.05 
3.46 120 13 04 50
3.46 244 0.31
3.465 22 0.00
3.465 23 1.59
3.465 25 0.00
3.465 30 0.00
3.465 B1 2136.29 2136.29 
3.465 B3 2151.81 2151.81 
3.465 120 13 04 50
3.465 244 0.31
3.47 22 0.00
3.47 23 1.57
3.47 25 0.00
3.47 30 0.00
3.47 B1 2139.01 2139.01 
3.47 B3 2154.37 2154.37 
3.47 120 13 04 50
3.47 244 0.31
3.475 22 0.00
3.475 23 1.56
3.475 25 0.00
3.475 30 0.00
3.475 B1 2141.87 2141.87 
3.475 B3 2157.16 2157.16 
3.475 120 13 04 50
3.475 244 0.31
3.48 22 0.00
3.48 23 1.56
3.48 25 0.00
3.48 30 0.00
3.48 B1 2146.06 2146.06 
3.48 B3 2161.21 2161.21 
3.48 120 13 04 50
3.48 244 0.31
3.485 22 0.00
3.485 23 1.58
3.485 25 0.00
3.485 30 0.00
3.485 B1 2149.14 2149.14 
3.485 B3 2164.48 2164.48 
3.485 120 13 04 50
3.485 244 0.31
3.49 22 0.00
3.49 23 1.58
3.49 25 0.00
3.49 30 0.00
3.49 B1 2152.07 2152.07 
3.49 B3 2167.52 2167.52 
3.49 120 13 04 50
3.49 244 0.31
3.495 22 0.00
3.495 23 1.58
3.495 25 0.00
3.495 30 0.00
3.495 B1 2154.99 2154.99 
3.495 B3 2170.49 2170.49 
3.495 120 13 04 50
3.495 244 0.31
3.5 22 0.00
3.5 23 1.58
3.5 25 0.00
3.5 30 0.00
3.5 B1 2159.23 2159.23 
3.5 B3 2174.63 2174.63 
3.5 120 13 04 50
3.5 244 0.32
3.505 22 0.00
3.505 23 1.60
3.505 25 0.00
3.505 30 0.00
3.505 B1 2163.68 2163.68 
3.505 B3 2179.16 2179.16 
3.505 120 13 04 50
3.505 244 0.31
3.51 22 0.00
3.51 23 1.63
3.51 25 0.00
3.51 30 0.00
3.51 B1 2165.56 2165.56 
3.51 B3 2181.45 2181.45 
3.51 120 13 04 50
3.51 244 0.31
3.515 22 0.00
3.515 23 1.61
3.515 25 0.00
3.515 30 0.00
3.515 B1 2168.38 2168.38 
3.515 B3 2184.23 2184.23 
3.515 120 13 04 50
3.515 244 0.31
3.52 22 0.00
3.52 23 1.61
3.52 25 0.00
3.52 30 0.00
3.52 B1 2171.32 2171.32 
3.52 B3 2187.15 2187.15 
3.52 120 13 04 50
3.52 244 0.31
3.525 22 0.00
3.525 23 1.61
3.525 25 0.00
3.525 30 0.00
3.525 B1 2174.28 2174.28 
3.525 B3 2190.11 2190.11 
3.525 120 13 04 50
3.525 244 0.31
3.53 22 0.00
3.53 23 1.60
3.53 25 0.00
3.53 30 0.00
3.53 B1 2177.24 2177.24 
3.53 B3 2193.08 2193.08 
3.53 120 13 04 50
3.53 244 0.31
3.535 22 0.00
3.535 23 1.60
3.535 25 0.00
3.535 30 0.00
3.535 B1 2180.20 2180.20 
3.535 B3 2196.06 2196.06 
3.535 120 13 04 50
3.535 244 0.32
3.54 22 0.00
3.54 23 1.60
3.54 25 0.00
3.54 30 0.00
3.54 B1 2184.47 2184.47 
3.54 B3 2200.23 2200.23 
3.54 120 13 04 50
3.54 244 0.32
3.545 22 0.00
3.545 23 1.62
3.545 25 0.00
3.545 30 0.00
3.545 B1 2187.66 2187.66 
3.545 B3 2203.61 2203.61 
3.545 120 13 04 50
3.545 244 0.33
3.55 22 0.00
3.55 23 1.63
3.55 25 0.00
3.55 30 0.00
3.55 B1 2193.32 2193.32 
3.55 B3 2209.14 2209.14 
3.55 120 13 04 50
3.55 244 0.33
3.555 22 0.00
3.555 23 1.67
3.555 25 0.00
3.555 30 0.00
3.555 B1 2196.79 2196.79 
3.555 B3 2213.01 2213.01 
3.555 120 13 04 50
3.555 244 0.33
3.56 22 0.00
3.56 23 1.68
3.56 25 0.00
3.56 30 0.00
3.56 B1 2199.94 2199.94 
3.56 B3 2216.38 2216.38 
3.56 120 13 04 50
3.56 244 0.33
3.565 22 0.00
3.565 23 1.68
3.565 25 0.00
3.565 30 0.00
3.565 B1 2204.37 2204.37 
3.565 B3 2220.78 2220.78 
3.565 120 13 04 50
3.565 244 0.33
3.57 22 0.00
3.57 23 1.70
3.57 25 0.00
3.57 30 0.00
3.57 B1 2207.70 2207.70 
3.57 B3 2224.34 2224.34 
3.57 120 13 04 50
3.57 244 0.33
3.575 22 0.00
3.575 23 1.70
3.575 25 0.00
3.575 30 0.00
3.575 B1 2212.20 2212.20 
3.575 B3 2228.84 2228.84 
3.575 120 13 04 50
3.575 244 0.33
3.58 22 0.00
3.58 23 1.72
3.58 25 0.00
3.58 30 0.00
3.58 B1 2215.59 2215.59 
3.58 B3 2232.47 2232.47 
3.58 120 13 04 50
3.58 244 0.34
3.585 22 0.00
3.585 23 1.73
3.585 25 0.00
3.585 30 0.00
3.585 B1 2220.14 2220.14 
3.585 B3 2237.03 2237.03 
3.585 120 13 04 50
3.585 244 0.34
3.59 22 0.00
3.59 23 1.75
3.59 25 0.00
3.59 30 0.00
3.59 B1 2223.58 2223.58 
3.59 B3 2240.71 2240.71 
3.59 120 13 04 50
3.59 244 0.34
3.595 22 0.00
3.595 23 1.75
3.595 25 0.00
3.595 30 0.00
3.595 B1 2228.18 2228.18 
3.595 B3 2245.32 2245.32 
3.595 120 13 04 50
3.595 244 0.34
3.6 22 0.00
3.6 23 1.77
3.6 25 0.00
3.6 30 0.00
3.6 B1 2231.68 2231.68 
3.6 B3 2249.06 2249.06 
3.6 120 13 04 50
3.6 244 0.35
3.605 22 0.00
3.605 23 1.78
3.605 25 0.00
3.605 30 0.00
3.605 B1 2236.32 2236.32 
3.605 B3 2253.73 2253.73 
3.605 120 13 04 50
3.605 244 0.35
3.61 22 0.00
3.61 23 1.80
3.61 25 0.00
3.61 30 0.00
3.61 B1 2239.87 2239.87 
3.61 B3 2257.52 2257.52 
3.61 120 13 04 50
3.61 244 0.35
3.615 22 0.00
3.615 23 1.80
3.615 25 0.00
3.615 30 0.00
3.615 B1 2243.25 2243.25 
3.615 B3 2261.04 2261.04 
3.615 120 13 04 50
3.615 244 0.35
3.62 22 0.00
3.62 23 1.80
3.62 25 0.00
3.62 30 0.00
3.62 B1 2246.60 2246.60 
3.62 B3 2264.47 2264.47 
3.62 120 13 04 50
3.62 244 0.35
3.625 22 0.00
3.625 23 1.80
3.625 25 0.00
3.625 30 0.00
3.625 B1 2249.95 2249.95 
3.625 B3 2267.87 2267.87 
3.625 120 13 04 50
3.625 244 0.35
3.63 22 0.00
3.63 23 1.80
3.63 25 0.00
3.63 30 0.00
3.63 B1 2253.30 2253.30 
3.63 B3 2271.25 2271.25 
3.63 120 13 04 50
3.63 244 0.35
3.635 22 0.00
3.635 23 1.80
3.635 25 0.00
3.635 30 0.00
3.635 B1 2256.64 2256.64 
3.635 B3 2274.63 2274.63 
3.635 120 13 04 50
3.635 244 0.35
3.64 22 0.00
3.64 23 1.80
3.64 25 0.00
3.64 30 0.00
3.64 B1 2259.99 2259.99 
3.64 B3 2278.01 2278.01 
3.64 120 13 04 50
3.64 244 0.33
3.645 22 0.00
3.645 23 1.80
3.645 25 0.00
3.645 30 0.00
3.645 B1 2259.37 2259.37 
3.645 B3 2277.80 2277.80 
3.645 120 13 04 50
3.645 244 0.33
3.65 22 0.00
3.65 23 1.74
3.65 25 0.00
3.65 30 0.00
3.65 B1 2261.94 2261.94 
3.65 B3 2279.89 2279.89 
3.65 120 13 04 50
3.65 244 0.33
3.655 22 0.00
3.655 23 1.72
3.655 25 0.00
3.655 30 0.00
3.655 B1 2265.03 2265.03 
3.655 B3 2282.73 2282.73 
3.655 120 13 04 50
3.655 244 0.33
3.66 22 0.00
3.66 23 1.72
3.66 25 0.00
3.66 30 0.00
3.66 B1 2268.20 2268.20 
3.66 B3 2285.80 2285.80 
3.66 120 13 04 50
3.66 244 0.33
3.665 22 0.00
3.665 23 1.71
3.665 25 0.00
3.665 30 0.00
3.665 B1 2271.38 2271.38 
3.665 B3 2288.96 2288.96 
3.665 120 13 04 50
3.665 244 0.33
3.67 22 0.00
3.67 23 1.71
3.67 25 0.00
3.67 30 0.00
3.67 B1 2274.55 2274.55 
3.67 B3 2292.15 2292.15 
3.67 120 13 04 50
3.67 244 0.33
3.675 22 0.00
3.675 23 1.71
3.675 25 0.00
3.675 30 0.00
3.675 B1 2277.73 2277.73 
3.675 B3 2295.34 2295.34 
3.675 120 13 04 50
3.675 244 0.33
3.68 22 0.00
3.68 23 1.71
3.68 25 0.00
3.68 30 0.00
3.68 B1 2280.90 2280.90 
3.68 B3 2298.54 2298.54 
3.68 120 13 04 50
3.68 244 0.33
3.685 22 0.00
3.685 23 1.71
3.685 25 0.00
3.685 30 0.00
3.685 B1 2284.07 2284.07 
3.685 B3 2301.73 2301.73 
3.685 120 13 04 50
3.685 244 0.33
3.69 22 0.00
3.69 23 1.71
3.69 25 0.00
3.69 30 0.00
3.69 B1 2285.92 2285.92 
3.69 B3 2303.73 2303.73 
3.69 120 13 04 50
3.69 244 0.33
3.695 22 0.00
3.695 23 1.69
3.695 25 0.00
3.695 30 0.00
3.695 B1 2288.82 2288.82 
3.695 B3 2306.48 2306.48 
3.695 120 13 04 50
3.695 244 0.33
3.7 22 0.00
3.7 23 1.68
3.7 25 0.00
3.7 30 0.00
3.7 B1 2290.58 2290.58 
3.7 B3 2308.29 2308.29 
3.7 120 13 04 50
3.7 244 0.32
3.705 22 0.00
3.705 23 1.66
3.705 25 0.00
3.705 30 0.00
3.705 B1 2292.10 2292.10 
3.705 B3 2309.75 2309.75 
3.705 120 13 04 50
3.705 244 0.32
3.71 22 0.00
3.71 23 1.64
3.71 25 0.00
3.71 30 0.00
3.71 B1 2294.85 2294.85 
3.71 B3 2312.24 2312.24 
3.71 120 13 04 50
3.71 244 0.32
3.715 22 0.00
3.715 23 1.63
3.715 25 0.00
3.715 30 0.00
3.715 B1 2297.81 2297.81 
3.715 B3 2315.08 2315.08 
3.715 120 13 04 50
3.715 244 0.31
3.72 22 0.00
3.72 23 1.63
3.72 25 0.00
3.72 30 0.00
3.72 B1 2298.17 2298.17 
3.72 B3 2315.64 2315.64 
3.72 120 13 04 50
3.72 244 0.31
3.725 22 0.00
3.725 23 1.58
3.725 25 0.00
3.725 30 0.00
3.725 B1 2300.62 2300.62 
3.725 B3 2317.75 2317.75 
3.725 120 13 04 50
3.725 244 0.31
3.73 22 0.00
3.73 23 1.57
3.73 25 0.00
3.73 30 0.00
3.73 B1 2303.44 2303.44 
3.73 B3 2320.39 2320.39 
3.73 120 13 04 50
3.73 244 0.31
3.735 22 0.00
3.735 23 1.57
3.735 25 0.00
3.735 30 0.00
3.735 B1 2306.32 2306.32 
3.735 B3 2323.19 2323.19 
3.735 120 13 04 50
3.735 244 0.31
3.74 22 0.00
3.74 23 1.57
3.74 25 0.00
3.74 30 0.00
3.74 B1 2309.21 2309.21 
3.74 B3 2326.07 2326.07 
3.74 120 13 04 50
3.74 244 0.32
3.745 22 0.00
3.745 23 1.57
3.745 25 0.00
3.745 30 0.00
3.745 B1 2313.43 2313.43 
3.745 B3 2330.15 2330.15 
3.745 120 13 04 50
3.745 244 0.32
3.75 22 0.00
3.75 23 1.59
3.75 25 0.00
3.75 30 0.00
3.75 B1 2316.60 2316.60 
3.75 B3 2333.50 2333.50 
3.75 120 13 04 50
3.75 244 0.32
3.755 22 0.00
3.755 23 1.59
3.755 25 0.00
3.755 30 0.00
3.755 B1 2319.58 2319.58 
3.755 B3 2336.58 2336.58 
3.755 120 13 04 50
3.755 244 0.32
3.76 22 0.00
3.76 23 1.59
3.76 25 0.00
3.76 30 0.00
3.76 B1 2322.52 2322.52 
3.76 B3 2339.58 2339.58 
3.76 120 13 04 50
3.76 244 0.32
3.765 22 0.00
3.765 23 1.59
3.765 25 0.00
3.765 30 0.00
3.765 B1 2325.46 2325.46 
3.765 B3 2342.55 2342.55 
3.765 120 13 04 50
3.765 244 0.32
3.77 22 0.00
3.77 23 1.59
3.77 25 0.00
3.77 30 0.00
3.77 B1 2328.40 2328.40 
3.77 B3 2345.51 2345.51 
3.77 120 13 04 50
3.77 244 0.31
3.775 22 0.00
3.775 23 1.59
3.775 25 0.00
3.775 30 0.00
3.775 B1 2330.01 2330.01 
3.775 B3 2347.26 2347.26 
3.775 120 13 04 50
3.775 244 0.31
3.78 22 0.00
3.78 23 1.57
3.78 25 0.00
3.78 30 0.00
3.78 B1 2332.65 2332.65 
3.78 B3 2349.77 2349.77 
3.78 120 13 04 50
3.78 244 0.32
3.785 22 0.00
3.785 23 1.56
3.785 25 0.00
3.785 30 0.00
3.785 B1 2336.81 2336.81 
3.785 B3 2353.71 2353.71 
3.785 120 13 04 50
3.785 244 0.31
3.79 22 0.00
3.79 23 1.58
3.79 25 0.00
3.79 30 0.00
3.79 B1 2338.65 2338.65 
3.79 B3 2355.81 2355.81 
3.79 120 13 04 50
3.79 244 0.31
3.795 22 0.00
3.795 23 1.56
3.795 25 0.00
3.795 30 0.00
3.795 B1 2341.33 2341.33 
3.795 B3 2358.42 2358.42 
3.795 120 13 04 50
3.795 244 0.31
3.8 22 0.00
3.8 23 1.56
3.8 25 0.00
3.8 30 0.00
3.8 B1 2342.84 2342.84 
3.8 B3 2360.02 2360.02 
3.8 120 13 04 50
3.8 244 0.31
3.805 22 0.00
3.805 23 1.54
3.805 25 0.00
3.805 30 0.00
3.805 B1 2345.41 2345.41 
3.805 B3 2362.42 2362.42 
3.805 120 13 04 50
3.805 244 0.31
3.81 22 0.00
3.81 23 1.53
3.81 25 0.00
3.81 30 0.00
3.81 B1 2348.18 2348.18 
3.81 B3 2365.09 2365.09 
3.81 120 13 04 50
3.81 244 0.31
3.815 22 0.00
3.815 23 1.53
3.815 25 0.00
3.815 30 0.00
3.815 B1 2350.99 2350.99 
3.815 B3 2367.87 2367.87 
3.815 120 13 04 50
3.815 244 0.31
3.82 22 0.00
3.82 23 1.53
3.82 25 0.00
3.82 30 0.00
3.82 B1 2353.81 2353.81 
3.82 B3 2370.68 2370.68 
3.82 120 13 04 50
3.82 244 0.31
3.825 22 0.00
3.825 23 1.53
3.825 25 0.00
3.825 30 0.00
3.825 B1 2355.30 2355.30 
3.825 B3 2372.30 2372.30 
3.825 120 13 04 50
3.825 244 0.31
3.83 22 0.00
3.83 23 1.51
3.83 25 0.00
3.83 30 0.00
3.83 B1 2357.81 2357.81 
3.83 B3 2374.67 2374.67 
3.83 120 13 04 50
3.83 244 0.30
3.835 22 0.00
3.835 23 1.50
3.835 25 0.00
3.835 30 0.00
3.835 B1 2359.20 2359.20 
3.835 B3 2376.09 2376.09 
3.835 120 13 04 50
3.835 244 0.30
3.84 22 0.00
3.84 23 1.48
3.84 25 0.00
3.84 30 0.00
3.84 B1 2359.00 2359.00 
3.84 B3 2375.96 2375.96 
3.84 120 13 04 50
3.84 244 0.30
3.845 22 0.00
3.845 23 1.44
3.845 25 0.00
3.845 30 0.00
3.845 B1 2361.04 2361.04 
3.845 B3 2377.59 2377.59 
3.845 120 13 04 50
3.845 244 0.29
3.85 22 0.00
3.85 23 1.42
3.85 25 0.00
3.85 30 0.00
3.85 B1 2362.21 2362.21 
3.85 B3 2378.64 2378.64 
3.85 120 13 04 50
3.85 244 0.29
3.855 22 0.00
3.855 23 1.40
3.855 25 0.00
3.855 30 0.00
3.855 B1 2364.48 2364.48 
3.855 B3 2380.65 2380.65 
3.855 120 13 04 50
3.855 244 0.29
3.86 22 0.00
3.86 23 1.39
3.86 25 0.00
3.86 30 0.00
3.86 B1 2365.65 2365.65 
3.86 B3 2381.81 2381.81 
3.86 120 13 04 50
3.86 244 0.28
3.865 22 0.00
3.865 23 1.37
3.865 25 0.00
3.865 30 0.00
3.865 B1 2366.55 2366.55 
3.865 B3 2382.63 2382.63 
3.865 120 13 04 50
3.865 244 0.28
3.87 22 0.00
3.87 23 1.34
3.87 25 0.00
3.87 30 0.00
3.87 B1 2367.35 2367.35 
3.87 B3 2383.28 2383.28 
3.87 120 13 04 50
3.87 244 0.28
3.875 22 0.00
3.875 23 1.32
3.875 25 0.00
3.875 30 0.00
3.875 B1 2369.41 2369.41 
3.875 B3 2385.04 2385.04 
3.875 120 13 04 50
3.875 244 0.28
3.88 22 0.00
3.88 23 1.31
3.88 25 0.00
3.88 30 0.00
3.88 B1 2371.73 2371.73 
3.88 B3 2387.19 2387.19 
3.88 120 13 04 50
3.88 244 0.28
3.885 22 0.00
3.885 23 1.31
3.885 25 0.00
3.885 30 0.00
3.885 B1 2372.78 2372.78 
3.885 B3 2388.30 2388.30 
3.885 120 13 04 50
3.885 244 0.28
3.89 22 0.00
3.89 23 1.29
3.89 25 0.00
3.89 30 0.00
3.89 B1 2374.84 2374.84 
3.89 B3 2390.18 2390.18 
3.89 120 13 04 50
3.89 244 0.28
3.895 22 0.00
3.895 23 1.28
3.895 25 0.00
3.895 30 0.00
3.895 B1 2378.43 2378.43 
3.895 B3 2393.54 2393.54 
3.895 120 13 04 50
3.895 244 0.28
3.9 22 0.00
3.9 23 1.30
3.9 25 0.00
3.9 30 0.00
3.9 B1 2382.38 2382.38 
3.9 B3 2397.47 2397.47 
3.9 120 13 04 50
3.9 244 0.28
3.905 22 0.00
3.905 23 1.32
3.905 25 0.00
3.905 30 0.00
3.905 B1 2385.13 2385.13 
3.905 B3 2400.45 2400.45 
3.905 120 13 04 50
3.905 244 0.28
3.91 22 0.00
3.91 23 1.33
3.91 25 0.00
3.91 30 0.00
3.91 B1 2387.62 2387.62 
3.91 B3 2403.09 2403.09 
3.91 120 13 04 50
3.91 244 0.28
3.915 22 0.00
3.915 23 1.33
3.915 25 0.00
3.915 30 0.00
3.915 B1 2390.05 2390.05 
3.915 B3 2405.60 2405.60 
3.915 120 13 04 50
3.915 244 0.29
3.92 22 0.00
3.92 23 1.33
3.92 25 0.00
3.92 30 0.00
3.92 B1 2393.80 2393.80 
3.92 B3 2409.26 2409.26 
3.92 120 13 04 50
3.92 244 0.29
3.925 22 0.00
3.925 23 1.35
3.925 25 0.00
3.925 30 0.00
3.925 B1 2396.54 2396.54 
3.925 B3 2412.17 2412.17 
3.925 120 13 04 50
3.925 244 0.29
3.93 22 0.00
3.93 23 1.35
3.93 25 0.00
3.93 30 0.00
3.93 B1 2399.07 2399.07 
3.93 B3 2414.81 2414.81 
3.93 120 13 04 50
3.93 244 0.29
3.935 22 0.00
3.935 23 1.35
3.935 25 0.00
3.935 30 0.00
3.935 B1 2402.87 2402.87 
3.935 B3 2418.55 2418.55 
3.935 120 13 04 50
3.935 244 0.30
3.94 22 0.00
3.94 23 1.37
3.94 25 0.00
3.94 30 0.00
3.94 B1 2408.30 2408.30 
3.94 B3 2423.93 2423.93 
3.94 120 13 04 50
3.94 244 0.32
3.945 22 0.00
3.945 23 1.41
3.945 25 0.00
3.945 30 0.00
3.945 B1 2418.14 2418.14 
3.945 B3 2433.55 2433.55 
3.945 120 13 04 50
3.945 244 0.32
3.95 22 0.00
3.95 23 1.52
3.95 25 0.00
3.95 30 0.00
3.95 B1 2422.52 2422.52 
3.95 B3 2438.95 2438.95 
3.95 120 13 04 50
3.95 244 0.32
3.955 22 0.00
3.955 23 1.55
3.955 25 0.00
3.955 30 0.00
3.955 B1 2425.71 2425.71 
3.955 B3 2442.79 2442.79 
3.955 120 13 04 50
3.955 244 0.33
3.96 22 0.00
3.96 23 1.56
3.96 25 0.00
3.96 30 0.00
3.96 B1 2431.29 2431.29 
3.96 B3 2448.45 2448.45 
3.96 120 13 04 50
3.96 244 0.34
3.965 22 0.00
3.965 23 1.60
3.965 25 0.00
3.965 30 0.00
3.965 B1 2438.79 2438.79 
3.965 B3 2456.04 2456.04 
3.965 120 13 04 50
3.965 244 0.35
3.97 22 0.00
3.97 23 1.67
3.97 25 0.00
3.97 30 0.00
3.97 B1 2446.84 2446.84 
3.97 B3 2464.45 2464.45 
3.97 120 13 04 50
3.97 244 0.35
3.975 22 0.00
3.975 23 1.74
3.975 25 0.00
3.975 30 0.00
3.975 B1 2451.17 2451.17 
3.975 B3 2469.69 2469.69 
3.975 120 13 04 50
3.975 244 0.35
3.98 22 0.00
3.98 23 1.76
3.98 25 0.00
3.98 30 0.00
3.98 B1 2456.00 2456.00 
3.98 B3 2474.95 2474.95 
3.98 120 13 04 50
3.98 244 0.36
3.985 22 0.00
3.985 23 1.79
3.985 25 0.00
3.985 30 0.00
3.985 B1 2462.30 2462.30 
3.985 B3 2481.43 2481.43 
3.985 120 13 04 50
3.985 244 0.37
3.99 22 0.00
3.99 23 1.83
3.99 25 0.00
3.99 30 0.00
3.99 B1 2469.02 2469.02 
3.99 B3 2488.45 2488.45 
3.99 120 13 04 50
3.99 244 0.37
3.995 22 0.00
3.995 23 1.88
3.995 25 0.00
3.995 30 0.00
3.995 B1 2473.27 2473.27 
3.995 B3 2493.36 2493.36 
3.995 120 13 04 50
3.995 244 0.37
4 22 0.00
4 23 1.90
4 25 0.00
4 30 0.00
4 B1 2478.28 2478.28 
4 B3 2498.66 2498.66 
4 120 13 04 50
4 244 0.37
4.005 22 0.00
4.005 23 1.92
4.005 25 0.00
4.005 30 0.00
4.005 B1 2479.55 2479.55 
4.005 B3 2500.55 2500.55 
4.005 120 13 04 50
4.005 244 0.37
4.01 22 0.00
4.01 23 1.89
4.01 25 0.00
4.01 30 0.00
4.01 B1 2482.53 2482.53 
4.01 B3 2503.48 2503.48 
4.01 120 13 04 50
4.01 244 0.36
4.015 22 0.00
4.015 23 1.88
4.015 25 0.00
4.015 30 0.00
4.015 B1 2483.27 2483.27 
4.015 B3 2504.39 2504.39 
4.015 120 13 04 50
4.015 244 0.35
4.02 22 0.00
4.02 23 1.84
4.02 25 0.00
4.02 30 0.00
4.02 B1 2482.09 2482.09 
4.02 B3 2503.27 2503.27 
4.02 120 13 04 50
4.02 244 0.33
4.025 22 0.00
4.025 23 1.77
4.025 25 0.00
4.025 30 0.00
4.025 B1 2479.02 2479.02 
4.025 B3 2500.08 2500.08 
4.025 120 13 04 50
4.025 244 0.31
4.03 22 0.00
4.03 23 1.67
4.03 25 0.00
4.03 30 0.00
4.03 B1 2474.03 2474.03 
4.03 B3 2494.74 2494.74 
4.03 120 13 04 50
4.03 244 0.31
4.035 22 0.00
4.035 23 1.55
4.035 25 0.00
4.035 30 0.00
4.035 B1 2474.99 2474.99 
4.035 B3 2494.39 2494.39 
4.035 120 13 04 50
4.035 244 0.26
4.04 22 0.00
4.04 23 1.51
4.04 25 0.00
4.04 30 0.00
4.04 B1 2461.50 2461.50 
4.04 B3 2481.59 2481.59 
4.04 120 13 04 50
4.04 244 0.26
4.045 22 0.00
4.045 23 1.28
4.045 25 0.00
4.045 30 0.00
4.045 B1 2459.96 2459.96 
4.045 B3 2477.96 2477.96 
4.045 120 13 04 50
4.045 244 0.24
4.05 22 0.00
4.05 23 1.21
4.05 25 0.00
4.05 30 0.00
4.05 B1 2454.64 2454.64 
4.05 B3 2471.85 2471.85 
4.05 120 13 04 50
4.05 244 0.23
4.055 22 0.00
4.055 23 1.09
4.055 25 0.00
4.055 30 0.00
4.055 B1 2449.53 2449.53 
4.055 B3 2465.81 2465.81 
4.055 120 13 04 50
4.055 244 0.23
4.06 22 0.00
4.06 23 0.98
4.06 25 0.00
4.06 30 0.00
4.06 B1 2449.57 2449.57 
4.06 B3 2464.45 2464.45 
4.06 120 13 04 50
4.06 244 0.21
4.065 22 0.00
4.065 23 0.95
4.065 25 0.00
4.065 30 0.00
4.065 B1 2444.26 2444.26 
4.065 B3 2458.92 2458.92 
4.065 120 13 04 50
4.065 244 0.21
4.07 22 0.00
4.07 23 0.84
4.07 25 0.00
4.07 30 0.00
4.07 B1 2444.02 2444.02 
4.07 B3 2457.59 2457.59 
4.07 120 13 04 50
4.07 244 0.21
4.075 22 0.00
4.075 23 0.81
4.075 25 0.00
4.075 30 0.00
4.075 B1 2445.04 2445.04 
4.075 B3 2457.90 2457.90 
4.075 120 13 04 50
4.075 244 0.21
4.08 22 0.00
4.08 23 0.80
4.08 25 0.00
4.08 30 0.00
4.08 B1 2447.68 2447.68 
4.08 B3 2460.04 2460.04 
4.08 120 13 04 50
4.08 244 0.22
4.085 22 0.00
4.085 23 0.81
4.085 25 0.00
4.085 30 0.00
4.085 B1 2450.75 2450.75 
4.085 B3 2462.94 2462.94 
4.085 120 13 04 50
4.085 244 0.22
4.09 22 0.00
4.09 23 0.84
4.09 25 0.00
4.09 30 0.00
4.09 B1 2453.96 2453.96 
4.09 B3 2466.18 2466.18 
4.09 120 13 04 50
4.09 244 0.22
4.095 22 0.00
4.095 23 0.86
4.095 25 0.00
4.095 30 0.00
4.095 B1 2455.92 2455.92 
4.095 B3 2468.38 2468.38 
4.095 120 13 04 50
4.095 244 0.22
4.1 22 0.00
4.1 23 0.87
4.1 25 0.00
4.1 30 0.00
4.1 B1 2457.57 2457.57 
4.1 B3 2470.19 2470.19 
4.1 120 13 04 50
4.1 244 0.23
4.105 22 0.00
4.105 23 0.87
4.105 25 0.00
4.105 30 0.00
4.105 B1 2461.79 2461.79 
4.105 B3 2474.22 2474.22 
4.105 120 13 04 50
4.105 244 0.26
4.11 22 0.00
4.11 23 0.91
4.11 25 0.00
4.11 30 0.00
4.11 B1 2473.32 2473.32 
4.11 B3 2485.17 2485.17 
4.11 120 13 04 50
4.11 244 0.26
4.115 22 0.00
4.115 23 1.05
4.115 25 0.00
4.115 30 0.00
4.115 B1 2477.68 2477.68 
4.115 B3 2490.69 2490.69 
4.115 120 13 04 50
4.115 244 0.26
4.12 22 0.00
4.12 23 1.09
4.12 25 0.00
4.12 30 0.00
4.12 B1 2480.25 2480.25 
4.12 B3 2494.09 2494.09 
4.12 120 13 04 50
4.12 244 0.29
4.125 22 0.00
4.125 23 1.10
4.125 25 0.00
4.125 30 0.00
4.125 B1 2492.95 2492.95 
4.125 B3 2506.22 2506.22 
4.125 120 13 04 50
4.125 244 0.29
4.13 22 0.00
4.13 23 1.26
4.13 25 0.00
4.13 30 0.00
4.13 B1 2497.89 2497.89 
4.13 B3 2512.45 2512.45 
4.13 120 13 04 50
4.13 244 0.30
4.135 22 0.00
4.135 23 1.30
4.135 25 0.00
4.135 30 0.00
4.135 B1 2504.87 2504.87 
4.135 B3 2519.98 2519.98 
4.135 120 13 04 50
4.135 244 0.31
4.14 22 0.00
4.14 23 1.37
4.14 25 0.00
4.14 30 0.00
4.14 B1 2512.48 2512.48 
4.14 B3 2528.10 2528.10 
4.14 120 13 04 50
4.14 244 0.32
4.145 22 0.00
4.145 23 1.45
4.145 25 0.00
4.145 30 0.00
4.145 B1 2520.35 2520.35 
4.145 B3 2536.56 2536.56 
4.145 120 13 04 50
4.145 244 0.33
4.15 22 0.00
4.15 23 1.53
4.15 25 0.00
4.15 30 0.00
4.15 B1 2525.77 2525.77 
4.15 B3 2542.86 2542.86 
4.15 120 13 04 50
4.15 244 0.33
4.155 22 0.00
4.155 23 1.57
4.155 25 0.00
4.155 30 0.00
4.155 B1 2529.30 2529.30 
4.155 B3 2547.15 2547.15 
4.155 120 13 04 50
4.155 244 0.33
4.16 22 0.00
4.16 23 1.58
4.16 25 0.00
4.16 30 0.00
4.16 B1 2533.68 2533.68 
4.16 B3 2551.85 2551.85 
4.16 120 13 04 50
4.16 244 0.33
4.165 22 0.00
4.165 23 1.60
4.165 25 0.00
4.165 30 0.00
4.165 B1 2537.01 2537.01 
4.165 B3 2555.53 2555.53 
4.165 120 13 04 50
4.165 244 0.33
4.17 22 0.00
4.17 23 1.61
4.17 25 0.00
4.17 30 0.00
4.17 B1 2540.07 2540.07 
4.17 B3 2558.82 2558.82 
4.17 120 13 04 50
4.17 244 0.33
4.175 22 0.00
4.175 23 1.61
4.175 25 0.00
4.175 30 0.00
4.175 B1 2543.06 2543.06 
4.175 B3 2561.95 2561.95 
4.175 120 13 04 50
4.175 244 0.33
4.18 22 0.00
4.18 23 1.61
4.18 25 0.00
4.18 30 0.00
4.18 B1 2546.04 2546.04 
4.18 B3 2565.01 2565.01 
4.18 120 13 04 50
4.18 244 0.33
4.185 22 0.00
4.185 23 1.61
4.185 25 0.00
4.185 30 0.00
4.185 B1 2549.01 2549.01 
4.185 B3 2568.05 2568.05 
4.185 120 13 04 50
4.185 244 0.33
4.19 22 0.00
4.19 23 1.61
4.19 25 0.00
4.19 30 0.00
4.19 B1 2551.98 2551.98 
4.19 B3 2571.07 2571.07 
4.19 120 13 04 50
4.19 244 0.33
4.195 22 0.00
4.195 23 1.61
4.195 25 0.00
4.195 30 0.00
4.195 B1 2554.95 2554.95 
4.195 B3 2574.09 2574.09 
4.195 120 13 04 50
4.195 244 0.33
4.2 22 0.00
4.2 23 1.61
4.2 25 0.00
4.2 30 0.00
4.2 B1 2557.91 2557.91 
4.2 B3 2577.10 2577.10 
4.2 120 13 04 50
4.2 244 0.33
4.205 22 0.00
4.205 23 1.61
4.205 25 0.00
4.205 30 0.00
4.205 B1 2560.88 2560.88 
4.205 B3 2580.11 2580.11 
4.205 120 13 04 50
4.205 244 0.33
4.21 22 0.00
4.21 23 1.61
4.21 25 0.00
4.21 30 0.00
4.21 B1 2563.84 2563.84 
4.21 B3 2583.12 2583.12 
4.21 120 13 04 50
4.21 244 0.33
4.215 22 0.00
4.215 23 1.61
4.215 25 0.00
4.215 30 0.00
4.215 B1 2566.80 2566.80 
4.215 B3 2586.13 2586.13 
4.215 120 13 04 50
4.215 244 0.33
4.22 22 0.00
4.22 23 1.61
4.22 25 0.00
4.22 30 0.00
4.22 B1 2569.76 2569.76 
4.22 B3 2589.13 2589.13 
4.22 120 13 04 50
4.22 244 0.33
4.225 22 0.00
4.225 23 1.61
4.225 25 0.00
4.225 30 0.00
4.225 B1 2572.72 2572.72 
4.225 B3 2592.14 2592.14 
4.225 120 13 04 50
4.225 244 0.33
4.23 22 0.00
4.23 23 1.60
4.23 25 0.00
4.23 30 0.00
4.23 B1 2575.68 2575.68 
4.23 B3 2595.13 2595.13 
4.23 120 13 04 50
4.23 244 0.32
4.235 22 0.00
4.235 23 1.60
4.235 25 0.00
4.235 30 0.00
4.235 B1 2575.99 2575.99 
4.235 B3 2595.74 2595.74 
4.235 120 13 04 50
4.235 244 0.32
4.24 22 0.00
4.24 23 1.57
4.24 25 0.00
4.24 30 0.00
4.24 B1 2578.18 2578.18 
4.24 B3 2597.70 2597.70 
4.24 120 13 04 50
4.24 244 0.32
4.245 22 0.00
4.245 23 1.55
4.245 25 0.00
4.245 30 0.00
4.245 B1 2580.86 2580.86 
4.245 B3 2600.21 2600.21 
4.245 120 13 04 50
4.245 244 0.32
4.25 22 0.00
4.25 23 1.55
4.25 25 0.00
4.25 30 0.00
4.25 B1 2583.67 2583.67 
4.25 B3 2602.93 2602.93 
4.25 120 13 04 50
4.25 244 0.32
4.255 22 0.00
4.255 23 1.55
4.255 25 0.00
4.255 30 0.00
4.255 B1 2585.18 2585.18 
4.255 B3 2604.55 2604.55 
4.255 120 13 04 50
4.255 244 0.32
4.26 22 0.00
4.26 23 1.53
4.26 25 0.00
4.26 30 0.00
4.26 B1 2588.96 2588.96 
4.26 B3 2608.07 2608.07 
4.26 120 13 04 50
4.26 244 0.32
4.265 22 0.00
4.265 23 1.54
4.265 25 0.00
4.265 30 0.00
4.265 B1 2592.05 2592.05 
4.265 B3 2611.21 2611.21 
4.265 120 13 04 50
4.265 244 0.34
4.27 22 0.00
4.27 23 1.54
4.27 25 0.00
4.27 30 0.00
4.27 B1 2601.56 2601.56 
4.27 B3 2620.16 2620.16 
4.27 120 13 04 50
4.27 244 0.34
4.275 22 0.00
4.275 23 1.63
4.275 25 0.00
4.275 30 0.00
4.275 B1 2606.37 2606.37 
4.275 B3 2625.69 2625.69 
4.275 120 13 04 50
4.275 244 0.35
4.28 22 0.00
4.28 23 1.66
4.28 25 0.00
4.28 30 0.00
4.28 B1 2613.87 2613.87 
4.28 B3 2633.40 2633.40 
4.28 120 13 04 50
4.28 244 0.37
4.285 22 0.00
4.285 23 1.72
4.285 25 0.00
4.285 30 0.00
4.285 B1 2622.21 2622.21 
4.285 B3 2642.10 2642.10 
4.285 120 13 04 50
4.285 244 0.37
4.29 22 0.00
4.29 23 1.80
4.29 25 0.00
4.29 30 0.00
4.29 B1 2629.57 2629.57 
4.29 B3 2650.13 2650.13 
4.29 120 13 04 50
4.29 244 0.37
4.295 22 0.00
4.295 23 1.86
4.295 25 0.00
4.295 30 0.00
4.295 B1 2634.10 2634.10 
4.295 B3 2655.54 2655.54 
4.295 120 13 04 50
4.295 244 0.41
4.3 22 0.00
4.3 23 1.88
4.3 25 0.00
4.3 30 0.00
4.3 B1 2651.09 2651.09 
4.3 B3 2671.85 2671.85 
4.3 120 13 04 50
4.3 244 0.41
4.305 22 0.00
4.305 23 2.06
4.305 25 0.00
4.305 30 0.00
4.305 B1 2658.62 2658.62 
4.305 B3 2681.03 2681.03 
4.305 120 13 04 50
4.305 244 0.41
4.31 22 0.00
4.31 23 2.12
4.31 25 0.00
4.31 30 0.00
4.31 B1 2663.58 2663.58 
4.31 B3 2687.28 2687.28 
4.31 120 13 04 50
4.31 244 0.41
4.315 22 0.00
4.315 23 2.14
4.315 25 0.00
4.315 30 0.00
4.315 B1 2667.85 2667.85 
4.315 B3 2692.30 2692.30 
4.315 120 13 04 50
4.315 244 0.40
4.32 22 0.00
4.32 23 2.15
4.32 25 0.00
4.32 30 0.00
4.32 B1 2666.67 2666.67 
4.32 B3 2692.03 2692.03 
4.32 120 13 04 50
4.32 244 0.41
4.325 22 0.00
4.325 23 2.08
4.325 25 0.00
4.325 30 0.00
4.325 B1 2674.40 2674.40 
4.325 B3 2698.96 2698.96 
4.325 120 13 04 50
4.325 244 0.41
4.33 22 0.00
4.33 23 2.12
4.33 25 0.00
4.33 30 0.00
4.33 B1 2679.46 2679.46 
4.33 B3 2704.25 2704.25 
4.33 120 13 04 50
4.33 244 0.41
4.335 22 0.00
4.335 23 2.14
4.335 25 0.00
4.335 30 0.00
4.335 B1 2683.77 2683.77 
4.335 B3 2708.85 2708.85 
4.335 120 13 04 50
4.335 244 0.41
4.34 22 0.00
4.34 23 2.14
4.34 25 0.00
4.34 30 0.00
4.34 B1 2687.88 2687.88 
4.34 B3 2713.17 2713.17 
4.34 120 13 04 50
4.34 244 0.44
4.345 22 0.00
4.345 23 2.14
4.345 25 0.00
4.345 30 0.00
4.345 B1 2701.18 2701.18 
4.345 B3 2725.74 2725.74 
4.345 120 13 04 50
4.345 244 0.50
4.35 22 0.00
4.35 23 2.26
4.35 25 0.00
4.35 30 0.00
4.35 B1 2729.20 2729.20 
4.35 B3 2752.79 2752.79 
4.35 120 13 04 50
4.35 244 0.50
4.355 22 0.00
4.355 23 2.58
4.355 25 0.00
4.355 30 0.00
4.355 B1 2740.87 2740.87 
4.355 B3 2767.45 2767.45 
4.355 120 13 04 50
4.355 244 0.50
4.36 22 0.00
4.36 23 2.69
4.36 25 0.00
4.36 30 0.00
4.36 B1 2747.91 2747.91 
4.36 B3 2776.88 2776.88 
4.36 120 13 04 50
4.36 244 0.51
4.365 22 0.00
4.365 23 2.73
4.365 25 0.00
4.365 30 0.00
4.365 B1 2754.98 2754.98 
4.365 B3 2785.25 2785.25 
4.365 120 13 04 50
4.365 244 0.51
4.37 22 0.00
4.37 23 2.76
4.37 25 0.00
4.37 30 0.00
4.37 B1 2760.79 2760.79 
4.37 B3 2792.00 2792.00 
4.37 120 13 04 50
4.37 244 0.50
4.375 22 0.00
4.375 23 2.77
4.375 25 0.00
4.375 30 0.00
4.375 B1 2764.91 2764.91 
4.375 B3 2796.83 2796.83 
4.375 120 13 04 50
4.375 244 0.49
4.38 22 0.00
4.38 23 2.76
4.38 25 0.00
4.38 30 0.00
4.38 B1 2764.55 2764.55 
4.38 B3 2797.19 2797.19 
4.38 120 13 04 50
4.38 244 0.47
4.385 22 0.00
4.385 23 2.68
4.385 25 0.00
4.385 30 0.00
4.385 B1 2762.73 2762.73 
4.385 B3 2795.47 2795.47 
4.385 120 13 04 50
4.385 244 0.46
4.39 22 0.00
4.39 23 2.59
4.39 25 0.00
4.39 30 0.00
4.39 B1 2760.34 2760.34 
4.39 B3 2792.69 2792.69 
4.39 120 13 04 50
4.39 244 0.46
4.395 22 0.00
4.395 23 2.48
4.395 25 0.00
4.395 30 0.00
4.395 B1 2762.92 2762.92 
4.395 B3 2794.09 2794.09 
4.395 120 13 04 50
4.395 244 0.45
4.4 22 0.00
4.4 23 2.45
4.4 25 0.00
4.4 30 0.00
4.4 B1 2764.31 2764.31 
4.4 B3 2794.92 2794.92 
4.4 120 13 04 50
4.4 244 0.43
4.405 22 0.00
4.405 23 2.40
4.405 25 0.00
4.405 30 0.00
4.405 B1 2761.30 2761.30 
4.405 B3 2791.85 2791.85 
4.405 120 13 04 50
4.405 244 0.42
4.41 22 0.00
4.41 23 2.29
4.41 25 0.00
4.41 30 0.00
4.41 B1 2759.45 2759.45 
4.41 B3 2789.31 2789.31 
4.41 120 13 04 50
4.41 244 0.40
4.415 22 0.00
4.415 23 2.20
4.415 25 0.00
4.415 30 0.00
4.415 B1 2755.19 2755.19 
4.415 B3 2784.50 2784.50 
4.415 120 13 04 50
4.415 244 0.38
4.42 22 0.00
4.42 23 2.09
4.42 25 0.00
4.42 30 0.00
4.42 B1 2750.03 2750.03 
4.42 B3 2778.53 2778.53 
4.42 120 13 04 50
4.42 244 0.36
4.425 22 0.00
4.425 23 1.96
4.425 25 0.00
4.425 30 0.00
4.425 B1 2745.72 2745.72 
4.425 B3 2773.10 2773.10 
4.425 120 13 04 50
4.425 244 0.36
4.43 22 0.00
4.43 23 1.84
4.43 25 0.00
4.43 30 0.00
4.43 B1 2746.81 2746.81 
4.43 B3 2772.55 2772.55 
4.43 120 13 04 50
4.43 244 0.35
4.435 22 0.00
4.435 23 1.80
4.435 25 0.00
4.435 30 0.00
4.435 B1 2744.21 2744.21 
4.435 B3 2769.36 2769.36 
4.435 120 13 04 50
4.435 244 0.33
4.44 22 0.00
4.44 23 1.72
4.44 25 0.00
4.44 30 0.00
4.44 B1 2739.02 2739.02 
4.44 B3 2763.70 2763.70 
4.44 120 13 04 50
4.44 244 0.33
4.445 22 0.00
4.445 23 1.60
4.445 25 0.00
4.445 30 0.00
4.445 B1 2739.48 2739.48 
4.445 B3 2762.78 2762.78 
4.445 120 13 04 50
4.445 244 0.29
4.45 22 0.00
4.45 23 1.56
4.45 25 0.00
4.45 30 0.00
4.45 B1 2728.42 2728.42 
4.45 B3 2751.96 2751.96 
4.45 120 13 04 50
4.45 244 0.29
4.455 22 0.00
4.455 23 1.37
4.455 25 0.00
4.455 30 0.00
4.455 B1 2726.72 2726.72 
4.455 B3 2748.47 2748.47 
4.455 120 13 04 50
4.455 244 0.27
4.46 22 0.00
4.46 23 1.30
4.46 25 0.00
4.46 30 0.00
4.46 B1 2721.25 2721.25 
4.46 B3 2742.19 2742.19 
4.46 120 13 04 50
4.46 244 0.25
4.465 22 0.00
4.465 23 1.19
4.465 25 0.00
4.465 30 0.00
4.465 B1 2714.44 2714.44 
4.465 B3 2734.54 2734.54 
4.465 120 13 04 50
4.465 244 0.21
4.47 22 0.00
4.47 23 1.07
4.47 25 0.00
4.47 30 0.00
4.47 B1 2701.73 2701.73 
4.47 B3 2721.36 2721.36 
4.47 120 13 04 50
4.47 244 0.21
4.475 22 0.00
4.475 23 0.87
4.475 25 0.00
4.475 30 0.00
4.475 B1 2698.76 2698.76 
4.475 B3 2716.20 2716.20 
4.475 120 13 04 50
4.475 244 0.21
4.48 22 0.00
4.48 23 0.80
4.48 25 0.00
4.48 30 0.00
4.48 B1 2698.79 2698.79 
4.48 B3 2714.58 2714.58 
4.48 120 13 04 50
4.48 244 0.21
4.485 22 0.00
4.485 23 0.77
4.485 25 0.00
4.485 30 0.00
4.485 B1 2699.74 2699.74 
4.485 B3 2714.55 2714.55 
4.485 120 13 04 50
4.485 244 0.21
4.49 22 0.00
4.49 23 0.76
4.49 25 0.00
4.49 30 0.00
4.49 B1 2700.97 2700.97 
4.49 B3 2715.23 2715.23 
4.49 120 13 04 50
4.49 244 0.21
4.495 22 0.00
4.495 23 0.75
4.495 25 0.00
4.495 30 0.00
4.495 B1 2700.95 2700.95 
4.495 B3 2715.04 2715.04 
4.495 120 13 04 50
4.495 244 0.21
4.5 22 0.00
4.5 23 0.73
4.5 25 0.00
4.5 30 0.00
4.5 B1 2701.83 2701.83 
4.5 B3 2715.64 2715.64 
4.5 120 13 04 50
4.5 244 0.21
4.505 22 0.00
4.505 23 0.73
4.505 25 0.00
4.505 30 0.00
4.505 B1 2702.99 2702.99 
4.505 B3 2716.58 2716.58 
4.505 120 13 04 50
4.505 244 0.22
4.51 22 0.00
4.51 23 0.72
4.51 25 0.00
4.51 30 0.00
4.51 B1 2708.19 2708.19 
4.51 B3 2721.27 2721.27 
4.51 120 13 04 50
4.51 244 0.22
4.515 22 0.00
4.515 23 0.77
4.515 25 0.00
4.515 30 0.00
4.515 B1 2710.82 2710.82 
4.515 B3 2724.14 2724.14 
4.515 120 13 04 50
4.515 244 0.22
4.52 22 0.00
4.52 23 0.79
4.52 25 0.00
4.52 30 0.00
4.52 B1 2712.62 2712.62 
4.52 B3 2726.19 2726.19 
4.52 120 13 04 50
4.52 244 0.22
4.525 22 0.00
4.525 23 0.80
4.525 25 0.00
4.525 30 0.00
4.525 B1 2715.48 2715.48 
4.525 B3 2729.08 2729.08 
4.525 120 13 04 50
4.525 244 0.24
4.53 22 0.00
4.53 23 0.82
4.53 25 0.00
4.53 30 0.00
4.53 B1 2721.35 2721.35 
4.53 B3 2734.75 2734.75 
4.53 120 13 04 50
4.53 244 0.26
4.535 22 0.00
4.535 23 0.87
4.535 25 0.00
4.535 30 0.00
4.535 B1 2732.24 2732.24 
4.535 B3 2745.35 2745.35 
4.535 120 13 04 50
4.535 244 0.26
4.54 22 0.00
4.54 23 0.99
4.54 25 0.00
4.54 30 0.00
4.54 B1 2736.98 2736.98 
4.54 B3 2751.14 2751.14 
4.54 120 13 04 50
4.54 244 0.30
4.545 22 0.00
4.545 23 1.04
4.545 25 0.00
4.545 30 0.00
4.545 B1 2754.30 2754.30 
4.545 B3 2767.96 2767.96 
4.545 120 13 04 50
4.545 244 0.35
4.55 22 0.00
4.55 23 1.24
4.55 25 0.00
4.55 30 0.00
4.55 B1 2775.95 2775.95 
4.55 B3 2789.98 2789.98 
4.55 120 13 04 50
4.55 244 0.52
4.555 22 0.00
4.555 23 1.50
4.555 25 0.00
4.555 30 0.00
4.555 B1 2844.21 2844.21 
4.555 B3 2855.33 2855.33 
4.555 120 13 04 50
4.555 244 0.52
4.56 22 0.00
4.56 23 2.35
4.56 25 0.00
4.56 30 0.00
4.56 B1 2869.18 2869.18 
4.56 B3 2887.52 2887.52 
4.56 120 13 04 50
4.56 244 0.52
4.565 22 0.00
4.565 23 2.66
4.565 25 0.00
4.565 30 0.00
4.565 B1 2880.69 2880.69 
4.565 B3 2905.21 2905.21 
4.565 120 13 04 50
4.565 244 0.59
4.57 22 0.00
4.57 23 2.77
4.57 25 0.00
4.57 30 0.00
4.57 B1 2910.45 2910.45 
4.57 B3 2936.74 2936.74 
4.57 120 13 04 50
4.57 244 0.59
4.575 22 0.00
4.575 23 3.10
4.575 25 0.00
4.575 30 0.00
4.575 B1 2924.34 2924.34 
4.575 B3 2954.84 2954.84 
4.575 120 13 04 50
4.575 244 0.66
4.58 22 0.00
4.58 23 3.22
4.58 25 0.00
4.58 30 0.00
4.58 B1 2955.57 2955.57 
4.58 B3 2987.21 2987.21 
4.58 120 13 04 50
4.58 244 0.71
4.585 22 0.00
4.585 23 3.54
4.585 25 0.00
4.585 30 0.00
4.585 B1 2989.30 2989.30 
4.585 B3 3023.26 3023.26 
4.585 120 13 04 50
4.585 244 0.71
4.59 22 0.00
4.59 23 3.88
4.59 25 0.00
4.59 30 0.00
4.59 B1 3006.09 3006.09 
4.59 B3 3045.01 3045.01 
4.59 120 13 04 50
4.59 244 0.72
4.595 22 0.00
4.595 23 4.02
4.595 25 0.00
4.595 30 0.00
4.595 B1 3018.48 3018.48 
4.595 B3 3061.26 3061.26 
4.595 120 13 04 50
4.595 244 0.72
4.6 22 0.00
4.6 23 4.09
4.6 25 0.00
4.6 30 0.00
4.6 B1 3028.08 3028.08 
4.6 B3 3073.69 3073.69 
4.6 120 13 04 50
4.6 244 0.72
4.605 22 0.00
4.605 23 4.12
4.605 25 0.00
4.605 30 0.00
4.605 B1 3039.37 3039.37 
4.605 B3 3086.66 3086.66 
4.605 120 13 04 50
4.605 244 0.72
4.61 22 0.00
4.61 23 4.16
4.61 25 0.00
4.61 30 0.00
4.61 B1 3048.69 3048.69 
4.61 B3 3097.55 3097.55 
4.61 120 13 04 50
4.61 244 0.73
4.615 22 0.00
4.615 23 4.18
4.615 25 0.00
4.615 30 0.00
4.615 B1 3058.64 3058.64 
4.615 B3 3108.61 3108.61 
4.615 120 13 04 50
4.615 244 0.73
4.62 22 0.00
4.62 23 4.20
4.62 25 0.00
4.62 30 0.00
4.62 B1 3067.54 3067.54 
4.62 B3 3118.58 3118.58 
4.62 120 13 04 50
4.62 244 0.73
4.625 22 0.00
4.625 23 4.21
4.625 25 0.00
4.625 30 0.00
4.625 B1 3077.38 3077.38 
4.625 B3 3129.20 3129.20 
4.625 120 13 04 50
4.625 244 0.73
4.63 22 0.00
4.63 23 4.23
4.63 25 0.00
4.63 30 0.00
4.63 B1 3086.27 3086.27 
4.63 B3 3138.97 3138.97 
4.63 120 13 04 50
4.63 244 0.73
4.635 22 0.00
4.635 23 4.23
4.635 25 0.00
4.635 30 0.00
4.635 B1 3094.83 3094.83 
4.635 B3 3148.30 3148.30 
4.635 120 13 04 50
4.635 244 0.73
4.64 22 0.00
4.64 23 4.23
4.64 25 0.00
4.64 30 0.00
4.64 B1 3103.26 3103.26 
4.64 B3 3157.40 3157.40 
4.64 120 13 04 50
4.64 244 0.73
4.645 22 0.00
4.645 23 4.23
4.645 25 0.00
4.645 30 0.00
4.645 B1 3111.65 3111.65 
4.645 B3 3166.38 3166.38 
4.645 120 13 04 50
4.645 244 0.73
4.65 22 0.00
4.65 23 4.23
4.65 25 0.00
4.65 30 0.00
4.65 B1 3120.01 3120.01 
4.65 B3 3175.29 3175.29 
4.65 120 13 04 50
4.65 244 0.73
4.655 22 0.00
4.655 23 4.23
4.655 25 0.00
4.655 30 0.00
4.655 B1 3128.36 3128.36 
4.655 B3 3184.13 3184.13 
4.655 120 13 04 50
4.655 244 0.73
4.66 22 0.00
4.66 23 4.23
4.66 25 0.00
4.66 30 0.00
4.66 B1 3136.72 3136.72 
4.66 B3 3192.95 3192.95 
4.66 120 13 04 50
4.66 244 0.73
4.665 22 0.00
4.665 23 4.23
4.665 25 0.00
4.665 30 0.00
4.665 B1 3143.76 3143.76 
4.665 B3 3200.54 3200.54 
4.665 120 13 04 50
4.665 244 0.73
4.67 22 0.00
4.67 23 4.21
4.67 25 0.00
4.67 30 0.00
4.67 B1 3151.58 3151.58 
4.67 B3 3208.66 3208.66 
4.67 120 13 04 50
4.67 244 0.73
4.675 22 0.00
4.675 23 4.20
4.675 25 0.00
4.675 30 0.00
4.675 B1 3159.71 3159.71 
4.675 B3 3217.03 3217.03 
4.675 120 13 04 50
4.675 244 0.72
4.68 22 0.00
4.68 23 4.20
4.68 25 0.00
4.68 30 0.00
4.68 B1 3166.63 3166.63 
4.68 B3 3224.32 3224.32 
4.68 120 13 04 50
4.68 244 0.72
4.685 22 0.00
4.685 23 4.18
4.685 25 0.00
4.685 30 0.00
4.685 B1 3173.05 3173.05 
4.685 B3 3231.02 3231.02 
4.685 120 13 04 50
4.685 244 0.72
4.69 22 0.00
4.69 23 4.15
4.69 25 0.00
4.69 30 0.00
4.69 B1 3180.57 3180.57 
4.69 B3 3238.56 3238.56 
4.69 120 13 04 50
4.69 244 0.72
4.695 22 0.00
4.695 23 4.14
4.695 25 0.00
4.695 30 0.00
4.695 B1 3188.51 3188.51 
4.695 B3 3246.53 3246.53 
4.695 120 13 04 50
4.695 244 0.72
4.7 22 0.00
4.7 23 4.13
4.7 25 0.00
4.7 30 0.00
4.7 B1 3195.30 3195.30 
4.7 B3 3253.52 3253.52 
4.7 120 13 04 50
4.7 244 0.72
4.705 22 0.00
4.705 23 4.12
4.705 25 0.00
4.705 30 0.00
4.705 B1 3202.92 3202.92 
4.705 B3 3261.14 3261.14 
4.705 120 13 04 50
4.705 244 0.72
4.71 22 0.00
4.71 23 4.11
4.71 25 0.00
4.71 30 0.00
4.71 B1 3210.86 3210.86 
4.71 B3 3269.11 3269.11 
4.71 120 13 04 50
4.71 244 0.72
4.715 22 0.00
4.715 23 4.10
4.715 25 0.00
4.715 30 0.00
4.715 B1 3218.93 3218.93 
4.715 B3 3277.23 3277.23 
4.715 120 13 04 50
4.715 244 0.72
4.72 22 0.00
4.72 23 4.10
4.72 25 0.00
4.72 30 0.00
4.72 B1 3227.05 3227.05 
4.72 B3 3285.44 3285.44 
4.72 120 13 04 50
4.72 244 0.72
4.725 22 0.00
4.725 23 4.09
4.725 25 0.00
4.725 30 0.00
4.725 B1 3235.18 3235.18 
4.725 B3 3293.67 3293.67 
4.725 120 13 04 50
4.725 244 0.72
4.73 22 0.00
4.73 23 4.09
4.73 25 0.00
4.73 30 0.00
4.73 B1 3243.32 3243.32 
4.73 B3 3301.93 3301.93 
4.73 120 13 04 50
4.73 244 0.71
4.735 22 0.00
4.735 23 4.09
4.735 25 0.00
4.735 30 0.00
4.735 B1 3250.15 3250.15 
4.735 B3 3308.99 3308.99 
4.735 120 13 04 50
4.735 244 0.71
4.74 22 0.00
4.74 23 4.07
4.74 25 0.00
4.74 30 0.00
4.74 B1 3257.75 3257.75 
4.74 B3 3316.58 3316.58 
4.74 120 13 04 50
4.74 244 0.71
4.745 22 0.00
4.745 23 4.06
4.745 25 0.00
4.745 30 0.00
4.745 B1 3265.65 3265.65 
4.745 B3 3324.44 3324.44 
4.745 120 13 04 50
4.745 244 0.71
4.75 22 0.00
4.75 23 4.06
4.75 25 0.00
4.75 30 0.00
4.75 B1 3273.67 3273.67 
4.75 B3 3332.44 3332.44 
4.75 120 13 04 50
4.75 244 0.71
4.755 22 0.00
4.755 23 4.06
4.755 25 0.00
4.755 30 0.00
4.755 B1 3281.73 3281.73 
4.755 B3 3340.51 3340.51 
4.755 120 13 04 50
4.755 244 0.72
4.76 22 0.00
4.76 23 4.05
4.76 25 0.00
4.76 30 0.00
4.76 B1 3291.14 3291.14 
4.76 B3 3349.82 3349.82 
4.76 120 13 04 50
4.76 244 0.72
4.765 22 0.00
4.765 23 4.06
4.765 25 0.00
4.765 30 0.00
4.765 B1 3301.11 3301.11 
4.765 B3 3359.80 3359.80 
4.765 120 13 04 50
4.765 244 0.72
4.77 22 0.00
4.77 23 4.08
4.77 25 0.00
4.77 30 0.00
4.77 B1 3311.34 3311.34 
4.77 B3 3370.19 3370.19 
4.77 120 13 04 50
4.77 244 0.73
4.775 22 0.00
4.775 23 4.10
4.775 25 0.00
4.775 30 0.00
4.775 B1 3321.71 3321.71 
4.775 B3 3380.82 3380.82 
4.775 120 13 04 50
4.775 244 0.73
4.78 22 0.00
4.78 23 4.13
4.78 25 0.00
4.78 30 0.00
4.78 B1 3330.85 3330.85 
4.78 B3 3390.41 3390.41 
4.78 120 13 04 50
4.78 244 0.73
4.785 22 0.00
4.785 23 4.14
4.785 25 0.00
4.785 30 0.00
4.785 B1 3339.50 3339.50 
4.785 B3 3399.45 3399.45 
4.785 120 13 04 50
4.785 244 0.73
4.79 22 0.00
4.79 23 4.14
4.79 25 0.00
4.79 30 0.00
4.79 B1 3349.26 3349.26 
4.79 B3 3409.39 3409.39 
4.79 120 13 04 50
4.79 244 0.74
4.795 22 0.00
4.795 23 4.16
4.795 25 0.00
4.795 30 0.00
4.795 B1 3360.84 3360.84 
4.795 B3 3421.03 3421.03 
4.795 120 13 04 50
4.795 244 0.74
4.8 22 0.00
4.8 23 4.19
4.8 25 0.00
4.8 30 0.00
4.8 B1 3370.60 3370.60 
4.8 B3 3431.26 3431.26 
4.8 120 13 04 50
4.8 244 0.74
4.805 22 0.00
4.805 23 4.20
4.805 25 0.00
4.805 30 0.00
4.805 B1 3378.28 3378.28 
4.805 B3 3439.55 3439.55 
4.805 120 13 04 50
4.805 244 0.74
4.81 22 0.00
4.81 23 4.20
4.81 25 0.00
4.81 30 0.00
4.81 B1 3387.71 3387.71 
4.81 B3 3449.12 3449.12 
4.81 120 13 04 50
4.81 244 0.74
4.815 22 0.00
4.815 23 4.20
4.815 25 0.00
4.815 30 0.00
4.815 B1 3396.58 3396.58 
4.815 B3 3458.23 3458.23 
4.815 120 13 04 50
4.815 244 0.74
4.82 22 0.00
4.82 23 4.21
4.82 25 0.00
4.82 30 0.00
4.82 B1 3405.22 3405.22 
4.82 B3 3467.09 3467.09 
4.82 120 13 04 50
4.82 244 0.74
4.825 22 0.00
4.825 23 4.21
4.825 25 0.00
4.825 30 0.00
4.825 B1 3413.76 3413.76 
4.825 B3 3475.80 3475.80 
4.825 120 13 04 50
4.825 244 0.74
4.83 22 0.00
4.83 23 4.21
4.83 25 0.00
4.83 30 0.00
4.83 B1 3422.25 3422.25 
4.83 B3 3484.44 3484.44 
4.83 120 13 04 50
4.83 244 0.74
4.835 22 0.00
4.835 23 4.21
4.835 25 0.00
4.835 30 0.00
4.835 B1 3430.72 3430.72 
4.835 B3 3493.04 3493.04 
4.835 120 13 04 50
4.835 244 0.74
4.84 22 0.00
4.84 23 4.20
4.84 25 0.00
4.84 30 0.00
4.84 B1 3439.19 3439.19 
4.84 B3 3501.60 3501.60 
4.84 120 13 04 50
4.84 244 0.74
4.845 22 0.00
4.845 23 4.20
4.845 25 0.00
4.845 30 0.00
4.845 B1 3447.65 3447.65 
4.845 B3 3510.15 3510.15 
4.845 120 13 04 50
4.845 244 0.74
4.85 22 0.00
4.85 23 4.20
4.85 25 0.00
4.85 30 0.00
4.85 B1 3456.10 3456.10 
4.85 B3 3518.70 3518.70 
4.85 120 13 04 50
4.85 244 0.74
4.855 22 0.00
4.855 23 4.20
4.855 25 0.00
4.855 30 0.00
4.855 B1 3464.54 3464.54 
4.855 B3 3527.23 3527.23 
4.855 120 13 04 50
4.855 244 0.74
4.86 22 0.00
4.86 23 4.19
4.86 25 0.00
4.86 30 0.00
4.86 B1 3472.99 3472.99 
4.86 B3 3535.77 3535.77 
4.86 120 13 04 50
4.86 244 0.74
4.865 22 0.00
4.865 23 4.19
4.865 25 0.00
4.865 30 0.00
4.865 B1 3482.74 3482.74 
4.865 B3 3545.49 3545.49 
4.865 120 13 04 50
4.865 244 0.74
4.87 22 0.00
4.87 23 4.20
4.87 25 0.00
4.87 30 0.00
4.87 B1 3491.77 3491.77 
4.87 B3 3554.72 3554.72 
4.87 120 13 04 50
4.87 244 0.74
4.875 22 0.00
4.875 23 4.21
4.875 25 0.00
4.875 30 0.00
4.875 B1 3500.49 3500.49 
4.875 B3 3563.66 3563.66 
4.875 120 13 04 50
4.875 244 0.74
4.88 22 0.00
4.88 23 4.21
4.88 25 0.00
4.88 30 0.00
4.88 B1 3507.74 3507.74 
4.88 B3 3571.25 3571.25 
4.88 120 13 04 50
4.88 244 0.74
4.885 22 0.00
4.885 23 4.20
4.885 25 0.00
4.885 30 0.00
4.885 B1 3515.65 3515.65 
4.885 B3 3579.25 3579.25 
4.885 120 13 04 50
4.885 244 0.74
4.89 22 0.00
4.89 23 4.19
4.89 25 0.00
4.89 30 0.00
4.89 B1 3523.83 3523.83 
4.89 B3 3587.47 3587.47 
4.89 120 13 04 50
4.89 244 0.74
4.895 22 0.00
4.895 23 4.18
4.895 25 0.00
4.895 30 0.00
4.895 B1 3532.14 3532.14 
4.895 B3 3595.82 3595.82 
4.895 120 13 04 50
4.895 244 0.74
4.9 22 0.00
4.9 23 4.18
4.9 25 0.00
4.9 30 0.00
4.9 B1 3540.49 3540.49 
4.9 B3 3604.24 3604.24 
4.9 120 13 04 50
4.9 244 0.74
4.905 22 0.00
4.905 23 4.18
4.905 25 0.00
4.905 30 0.00
4.905 B1 3547.54 3547.54 
4.905 B3 3611.49 3611.49 
4.905 120 13 04 50
4.905 244 0.74
4.91 22 0.00
4.91 23 4.16
4.91 25 0.00
4.91 30 0.00
4.91 B1 3555.31 3555.31 
4.91 B3 3619.26 3619.26 
4.91 120 13 04 50
4.91 244 0.74
4.915 22 0.00
4.915 23 4.15
4.915 25 0.00
4.915 30 0.00
4.915 B1 3564.70 3564.70 
4.915 B3 3628.51 3628.51 
4.915 120 13 04 50
4.915 244 0.74
4.92 22 0.00
4.92 23 4.16
4.92 25 0.00
4.92 30 0.00
4.92 B1 3572.20 3572.20 
4.92 B3 3636.24 3636.24 
4.92 120 13 04 50
4.92 244 0.74
4.925 22 0.00
4.925 23 4.15
4.925 25 0.00
4.925 30 0.00
4.925 B1 3580.15 3580.15 
4.925 B3 3644.27 3644.27 
4.925 120 13 04 50
4.925 244 0.74
4.93 22 0.00
4.93 23 4.14
4.93 25 0.00
4.93 30 0.00
4.93 B1 3588.29 3588.29 
4.93 B3 3652.46 3652.46 
4.93 120 13 04 50
4.93 244 0.74
4.935 22 0.00
4.935 23 4.14
4.935 25 0.00
4.935 30 0.00
4.935 B1 3596.51 3596.51 
4.935 B3 3660.76 3660.76 
4.935 120 13 04 50
4.935 244 0.74
4.94 22 0.00
4.94 23 4.14
4.94 25 0.00
4.94 30 0.00
4.94 B1 3604.77 3604.77 
4.94 B3 3669.10 3669.10 
4.94 120 13 04 50
4.94 244 0.73
4.945 22 0.00
4.945 23 4.13
4.945 25 0.00
4.945 30 0.00
4.945 B1 3611.72 3611.72 
4.945 B3 3676.28 3676.28 
4.945 120 13 04 50
4.945 244 0.73
4.95 22 0.00
4.95 23 4.12
4.95 25 0.00
4.95 30 0.00
4.95 B1 3619.36 3619.36 
4.95 B3 3683.95 3683.95 
4.95 120 13 04 50
4.95 244 0.73
4.955 22 0.00
4.955 23 4.11
4.955 25 0.00
4.955 30 0.00
4.955 B1 3627.32 3627.32 
4.955 B3 3691.91 3691.91 
4.955 120 13 04 50
4.955 244 0.73
4.96 22 0.00
4.96 23 4.10
4.96 25 0.00
4.96 30 0.00
4.96 B1 3635.42 3635.42 
4.96 B3 3700.02 3700.02 
4.96 120 13 04 50
4.96 244 0.73
4.965 22 0.00
4.965 23 4.10
4.965 25 0.00
4.965 30 0.00
4.965 B1 3642.25 3642.25 
4.965 B3 3707.04 3707.04 
4.965 120 13 04 50
4.965 244 0.73
4.97 22 0.00
4.97 23 4.08
4.97 25 0.00
4.97 30 0.00
4.97 B1 3649.79 3649.79 
4.97 B3 3714.57 3714.57 
4.97 120 13 04 50
4.97 244 0.72
4.975 22 0.00
4.975 23 4.07
4.975 25 0.00
4.975 30 0.00
4.975 B1 3656.33 3656.33 
4.975 B3 3721.22 3721.22 
4.975 120 13 04 50
4.975 244 0.72
4.98 22 0.00
4.98 23 4.06
4.98 25 0.00
4.98 30 0.00
4.98 B1 3663.71 3663.71 
4.98 B3 3728.52 3728.52 
4.98 120 13 04 50
4.98 244 0.72
4.985 22 0.00
4.985 23 4.04
4.985 25 0.00
4.985 30 0.00
4.985 B1 3670.14 3670.14 
4.985 B3 3734.99 3734.99 
4.985 120 13 04 50
4.985 244 0.72
4.99 22 0.00
4.99 23 4.03
4.99 25 0.00
4.99 30 0.00
4.99 B1 3677.42 3677.42 
4.99 B3 3742.15 3742.15 
4.99 120 13 04 50
4.99 244 0.72
4.995 22 0.00
4.995 23 4.01
4.995 25 0.00
4.995 30 0.00
4.995 B1 3683.77 3683.77 
4.995 B3 3748.51 3748.51 
4.995 120 13 04 50
4.995 244 0.72
5 22 0.00
5 23 4.00
5 25 0.00
5 30 0.00
5 B1 3690.98 3690.98 
5 B3 3755.58 3755.58 
5 120 13 04 50
5 244 0.72
5.005 22 0.00
5.005 23 3.98
5.005 25 0.00
5.005 30 0.00
5.005 B1 3698.59 3698.59 
5.005 B3 3763.05 3763.05 
5.005 120 13 04 50
5.005 244 0.70
5.01 22 0.00
5.01 23 3.98
5.01 25 0.00
5.01 30 0.00
5.01 B1 3702.40 3702.40 
5.01 B3 3767.17 3767.17 
5.01 120 13 04 50
5.01 244 0.68
5.015 22 0.00
5.015 23 3.93
5.015 25 0.00
5.015 30 0.00
5.015 B1 3700.41 3700.41 
5.015 B3 3765.66 3765.66 
5.015 120 13 04 50
5.015 244 0.68
5.02 22 0.00
5.02 23 3.83
5.02 25 0.00
5.02 30 0.00
5.02 B1 3703.49 3703.49 
5.02 B3 3767.91 3767.91 
5.02 120 13 04 50
5.02 244 0.63
5.025 22 0.00
5.025 23 3.78
5.025 25 0.00
5.025 30 0.00
5.025 B1 3691.75 3691.75 
5.025 B3 3756.78 3756.78 
5.025 120 13 04 50
5.025 244 0.63
5.03 22 0.00
5.03 23 3.59
5.03 25 0.00
5.03 30 0.00
5.03 B1 3689.98 3689.98 
5.03 B3 3753.11 3753.11 
5.03 120 13 04 50
5.03 244 0.60
5.035 22 0.00
5.035 23 3.49
5.035 25 0.00
5.035 30 0.00
5.035 B1 3683.57 3683.57 
5.035 B3 3745.41 3745.41 
5.035 120 13 04 50
5.035 244 0.58
5.04 22 0.00
5.04 23 3.34
5.04 25 0.00
5.04 30 0.00
5.04 B1 3676.15 3676.15 
5.04 B3 3736.41 3736.41 
5.04 120 13 04 50
5.04 244 0.53
5.045 22 0.00
5.045 23 3.19
5.045 25 0.00
5.045 30 0.00
5.045 B1 3660.19 3660.19 
5.045 B3 3719.36 3719.36 
5.045 120 13 04 50
5.045 244 0.53
5.05 22 0.00
5.05 23 2.95
5.05 25 0.00
5.05 30 0.00
5.05 B1 3655.88 3655.88 
5.05 B3 3711.78 3711.78 
5.05 120 13 04 50
5.05 244 0.53
5.055 22 0.00
5.055 23 2.83
5.055 25 0.00
5.055 30 0.00
5.055 B1 3656.85 3656.85 
5.055 B3 3709.64 3709.64 
5.055 120 13 04 50
5.055 244 0.53
5.06 22 0.00
5.06 23 2.77
5.06 25 0.00
5.06 30 0.00
5.06 B1 3660.20 3660.20 
5.06 B3 3710.62 3710.62 
5.06 120 13 04 50
5.06 244 0.52
5.065 22 0.00
5.065 23 2.74
5.065 25 0.00
5.065 30 0.00
5.065 B1 3661.98 3661.98 
5.065 B3 3710.98 3710.98 
5.065 120 13 04 50
5.065 244 0.51
5.07 22 0.00
5.07 23 2.69
5.07 25 0.00
5.07 30 0.00
5.07 B1 3661.66 3661.66 
5.07 B3 3709.75 3709.75 
5.07 120 13 04 50
5.07 244 0.51
5.075 22 0.00
5.075 23 2.63
5.075 25 0.00
5.075 30 0.00
5.075 B1 3662.92 3662.92 
5.075 B3 3709.96 3709.96 
5.075 120 13 04 50
5.075 244 0.51
5.08 22 0.00
5.08 23 2.59
5.08 25 0.00
5.08 30 0.00
5.08 B1 3666.19 3666.19 
5.08 B3 3712.14 3712.14 
5.08 120 13 04 50
5.08 244 0.50
5.085 22 0.00
5.085 23 2.56
5.085 25 0.00
5.085 30 0.00
5.085 B1 3667.73 3667.73 
5.085 B3 3713.05 3713.05 
5.085 120 13 04 50
5.085 244 0.50
5.09 22 0.00
5.09 23 2.52
5.09 25 0.00
5.09 30 0.00
5.09 B1 3671.06 3671.06 
5.09 B3 3715.60 3715.60 
5.09 120 13 04 50
5.09 244 0.50
5.095 22 0.00
5.095 23 2.50
5.095 25 0.00
5.095 30 0.00
5.095 B1 3675.19 3675.19 
5.095 B3 3719.07 3719.07 
5.095 120 13 04 50
5.095 244 0.50
5.1 22 0.00
5.1 23 2.49
5.1 25 0.00
5.1 30 0.00
5.1 B1 3679.69 3679.69 
5.1 B3 3723.07 3723.07 
5.1 120 13 04 50
5.1 244 0.51
5.105 22 0.00
5.105 23 2.48
5.105 25 0.00
5.105 30 0.00
5.105 B1 3686.99 3686.99 
5.105 B3 3729.77 3729.77 
5.105 120 13 04 50
5.105 244 0.52
5.11 22 0.00
5.11 23 2.51
5.11 25 0.00
5.11 30 0.00
5.11 B1 3695.63 3695.63 
5.11 B3 3738.05 3738.05 
5.11 120 13 04 50
5.11 244 0.52
5.115 22 0.00
5.115 23 2.54
5.115 25 0.00
5.115 30 0.00
5.115 B1 3702.29 3702.29 
5.115 B3 3744.90 3744.90 
5.115 120 13 04 50
5.115 244 0.53
5.12 22 0.00
5.12 23 2.56
5.12 25 0.00
5.12 30 0.00
5.12 B1 3713.32 3713.32 
5.12 B3 3755.72 3755.72 
5.12 120 13 04 50
5.12 244 0.54
5.125 22 0.00
5.125 23 2.62
5.125 25 0.00
5.125 30 0.00
5.125 B1 3723.84 3723.84 
5.125 B3 3766.53 3766.53 
5.125 120 13 04 50
5.125 244 0.55
5.13 22 0.00
5.13 23 2.68
5.13 25 0.00
5.13 30 0.00
5.13 B1 3734.19 3734.19 
5.13 B3 3777.39 3777.39 
5.13 120 13 04 50
5.13 244 0.56
5.135 22 0.00
5.135 23 2.73
5.135 25 0.00
5.135 30 0.00
5.135 B1 3745.84 3745.84 
5.135 B3 3789.53 3789.53 
5.135 120 13 04 50
5.135 244 0.56
5.14 22 0.00
5.14 23 2.80
5.14 25 0.00
5.14 30 0.00
5.14 B1 3754.22 3754.22 
5.14 B3 3798.90 3798.90 
5.14 120 13 04 50
5.14 244 0.57
5.145 22 0.00
5.145 23 2.83
5.145 25 0.00
5.145 30 0.00
5.145 B1 3765.05 3765.05 
5.145 B3 3810.28 3810.28 
5.145 120 13 04 50
5.145 244 0.57
5.15 22 0.00
5.15 23 2.88
5.15 25 0.00
5.15 30 0.00
5.15 B1 3773.14 3773.14 
5.15 B3 3819.30 3819.30 
5.15 120 13 04 50
5.15 244 0.57
5.155 22 0.00
5.155 23 2.91
5.155 25 0.00
5.155 30 0.00
5.155 B1 3781.29 3781.29 
5.155 B3 3828.18 3828.18 
5.155 120 13 04 50
5.155 244 0.58
5.16 22 0.00
5.16 23 2.94
5.16 25 0.00
5.16 30 0.00
5.16 B1 3789.48 3789.48 
5.16 B3 3836.99 3836.99 
5.16 120 13 04 50
5.16 244 0.58
5.165 22 0.00
5.165 23 2.96
5.165 25 0.00
5.165 30 0.00
5.165 B1 3797.73 3797.73 
5.165 B3 3845.79 3845.79 
5.165 120 13 04 50
5.165 244 0.58
5.17 22 0.00
5.17 23 2.99
5.17 25 0.00
5.17 30 0.00
5.17 B1 3804.71 3804.71 
5.17 B3 3853.41 3853.41 
5.17 120 13 04 50
5.17 244 0.58
5.175 22 0.00
5.175 23 3.00
5.175 25 0.00
5.175 30 0.00
5.175 B1 3811.10 3811.10 
5.175 B3 3860.35 3860.35 
5.175 120 13 04 50
5.175 244 0.58
5.18 22 0.00
5.18 23 3.01
5.18 25 0.00
5.18 30 0.00
5.18 B1 3817.20 3817.20 
5.18 B3 3866.90 3866.90 
5.18 120 13 04 50
5.18 244 0.59
5.185 22 0.00
5.185 23 3.01
5.185 25 0.00
5.185 30 0.00
5.185 B1 3824.49 3824.49 
5.185 B3 3874.41 3874.41 
5.185 120 13 04 50
5.185 244 0.59
5.19 22 0.00
5.19 23 3.02
5.19 25 0.00
5.19 30 0.00
5.19 B1 3831.05 3831.05 
5.19 B3 3881.31 3881.31 
5.19 120 13 04 50
5.19 244 0.59
5.195 22 0.00
5.195 23 3.03
5.195 25 0.00
5.195 30 0.00
5.195 B1 3839.90 3839.90 
5.195 B3 3890.24 3890.24 
5.195 120 13 04 50
5.195 244 0.59
5.2 22 0.00
5.2 23 3.06
5.2 25 0.00
5.2 30 0.00
5.2 B1 3847.26 3847.26 
5.2 B3 3898.03 3898.03 
5.2 120 13 04 50
5.2 244 0.61
5.205 22 0.00
5.205 23 3.07
5.205 25 0.00
5.205 30 0.00
5.205 B1 3857.86 3857.86 
5.205 B3 3908.73 3908.73 
5.205 120 13 04 50
5.205 244 0.61
5.21 22 0.00
5.21 23 3.11
5.21 25 0.00
5.21 30 0.00
5.21 B1 3866.15 3866.15 
5.21 B3 3917.63 3917.63 
5.21 120 13 04 50
5.21 244 0.61
5.215 22 0.00
5.215 23 3.14
5.215 25 0.00
5.215 30 0.00
5.215 B1 3874.64 3874.64 
5.215 B3 3926.68 3926.68 
5.215 120 13 04 50
5.215 244 0.61
5.22 22 0.00
5.22 23 3.16
5.22 25 0.00
5.22 30 0.00
5.22 B1 3883.25 3883.25 
5.22 B3 3935.84 3935.84 
5.22 120 13 04 50
5.22 244 0.62
5.225 22 0.00
5.225 23 3.19
5.225 25 0.00
5.225 30 0.00
5.225 B1 3891.96 3891.96 
5.225 B3 3945.08 3945.08 
5.225 120 13 04 50
5.225 244 0.62
5.23 22 0.00
5.23 23 3.21
5.23 25 0.00
5.23 30 0.00
5.23 B1 3899.42 3899.42 
5.23 B3 3953.21 3953.21 
5.23 120 13 04 50
5.23 244 0.63
5.235 22 0.00
5.235 23 3.22
5.235 25 0.00
5.235 30 0.00
5.235 B1 3908.92 3908.92 
5.235 B3 3963.07 3963.07 
5.235 120 13 04 50
5.235 244 0.63
5.24 22 0.00
5.24 23 3.25
5.24 25 0.00
5.24 30 0.00
5.24 B1 3916.82 3916.82 
5.24 B3 3971.62 3971.62 
5.24 120 13 04 50
5.24 244 0.63
5.245 22 0.00
5.245 23 3.27
5.245 25 0.00
5.245 30 0.00
5.245 B1 3923.95 3923.95 
5.245 B3 3979.38 3979.38 
5.245 120 13 04 50
5.245 244 0.63
5.25 22 0.00
5.25 23 3.28
5.25 25 0.00
5.25 30 0.00
5.25 B1 3930.70 3930.70 
5.25 B3 3986.67 3986.67 
5.25 120 13 04 50
5.25 244 0.62
5.255 22 0.00
5.255 23 3.28
5.255 25 0.00
5.255 30 0.00
5.255 B1 3934.63 3934.63 
5.255 B3 3991.30 3991.30 
5.255 120 13 04 50
5.255 244 0.62
5.26 22 0.00
5.26 23 3.26
5.26 25 0.00
5.26 30 0.00
5.26 B1 3939.76 3939.76 
5.26 B3 3996.65 3996.65 
5.26 120 13 04 50
5.26 244 0.62
5.265 22 0.00
5.265 23 3.24
5.265 25 0.00
5.265 30 0.00
5.265 B1 3945.47 3945.47 
5.265 B3 4002.45 4002.45 
5.265 120 13 04 50
5.265 244 0.62
5.27 22 0.00
5.27 23 3.23
5.27 25 0.00
5.27 30 0.00
5.27 B1 3951.48 3951.48 
5.27 B3 4008.51 4008.51 
5.27 120 13 04 50
5.27 244 0.61
5.275 22 0.00
5.275 23 3.23
5.275 25 0.00
5.275 30 0.00
5.275 B1 3953.67 3953.67 
5.275 B3 4011.13 4011.13 
5.275 120 13 04 50
5.275 244 0.60
5.28 22 0.00
5.28 23 3.19
5.28 25 0.00
5.28 30 0.00
5.28 B1 3956.53 3956.53 
5.28 B3 4014.00 4014.00 
5.28 120 13 04 50
5.28 244 0.57
5.285 22 0.00
5.285 23 3.16
5.285 25 0.00
5.285 30 0.00
5.285 B1 3951.78 3951.78 
5.285 B3 4009.81 4009.81 
5.285 120 13 04 50
5.285 244 0.57
5.29 22 0.00
5.29 23 3.05
5.29 25 0.00
5.29 30 0.00
5.29 B1 3952.34 3952.34 
5.29 B3 4009.60 4009.60 
5.29 120 13 04 50
5.29 244 0.57
5.295 22 0.00
5.295 23 2.99
5.295 25 0.00
5.295 30 0.00
5.295 B1 3955.52 3955.52 
5.295 B3 4011.76 4011.76 
5.295 120 13 04 50
5.295 244 0.57
5.3 22 0.00
5.3 23 2.96
5.3 25 0.00
5.3 30 0.00
5.3 B1 3959.98 3959.98 
5.3 B3 4015.34 4015.34 
5.3 120 13 04 50
5.3 244 0.57
5.305 22 0.00
5.305 23 2.94
5.305 25 0.00
5.305 30 0.00
5.305 B1 3965.06 3965.06 
5.305 B3 4019.77 4019.77 
5.305 120 13 04 50
5.305 244 0.56
5.31 22 0.00
5.31 23 2.93
5.31 25 0.00
5.31 30 0.00
5.31 B1 3966.48 3966.48 
5.31 B3 4021.12 4021.12 
5.31 120 13 04 50
5.31 244 0.56
5.315 22 0.00
5.315 23 2.89
5.315 25 0.00
5.315 30 0.00
5.315 B1 3967.33 3967.33 
5.315 B3 4021.75 4021.75 
5.315 120 13 04 50
5.315 244 0.56
5.32 22 0.00
5.32 23 2.84
5.32 25 0.00
5.32 30 0.00
5.32 B1 3970.50 3970.50 
5.32 B3 4024.29 4024.29 
5.32 120 13 04 50
5.32 244 0.54
5.325 22 0.00
5.325 23 2.82
5.325 25 0.00
5.325 30 0.00
5.325 B1 3968.19 3968.19 
5.325 B3 4021.99 4021.99 
5.325 120 13 04 50
5.325 244 0.52
5.33 22 0.00
5.33 23 2.74
5.33 25 0.00
5.33 30 0.00
5.33 B1 3963.06 3963.06 
5.33 B3 4016.67 4016.67 
5.33 120 13 04 50
5.33 244 0.52
5.335 22 0.00
5.335 23 2.64
5.335 25 0.00
5.335 30 0.00
5.335 B1 3963.00 3963.00 
5.335 B3 4015.41 4015.41 
5.335 120 13 04 50
5.335 244 0.52
5.34 22 0.00
5.34 23 2.58
5.34 25 0.00
5.34 30 0.00
5.34 B1 3965.45 3965.45 
5.34 B3 4016.56 4016.56 
5.34 120 13 04 50
5.34 244 0.51
5.345 22 0.00
5.345 23 2.55
5.345 25 0.00
5.345 30 0.00
5.345 B1 3966.48 3966.48 
5.345 B3 4016.78 4016.78 
5.345 120 13 04 50
5.345 244 0.50
5.35 22 0.00
5.35 23 2.51
5.35 25 0.00
5.35 30 0.00
5.35 B1 3966.75 3966.75 
5.35 B3 4016.39 4016.39 
5.35 120 13 04 50
5.35 244 0.50
5.355 22 0.00
5.355 23 2.46
5.355 25 0.00
5.355 30 0.00
5.355 B1 3969.24 3969.24 
5.355 B3 4017.98 4017.98 
5.355 120 13 04 50
5.355 244 0.49
5.36 22 0.00
5.36 23 2.43
5.36 25 0.00
5.36 30 0.00
5.36 B1 3970.17 3970.17 
5.36 B3 4018.37 4018.37 
5.36 120 13 04 50
5.36 244 0.48
5.365 22 0.00
5.365 23 2.39
5.365 25 0.00
5.365 30 0.00
5.365 B1 3970.28 3970.28 
5.365 B3 4017.99 4017.99 
5.365 120 13 04 50
5.365 244 0.48
5.37 22 0.00
5.37 23 2.35
5.37 25 0.00
5.37 30 0.00
5.37 B1 3971.24 3971.24 
5.37 B3 4018.30 4018.30 
5.37 120 13 04 50
5.37 244 0.48
5.375 22 0.00
5.375 23 2.31
5.375 25 0.00
5.375 30 0.00
5.375 B1 3972.60 3972.60 
5.375 B3 4019.00 4019.00 
5.375 120 13 04 50
5.375 244 0.48
5.38 22 0.00
5.38 23 2.28
5.38 25 0.00
5.38 30 0.00
5.38 B1 3975.45 3975.45 
5.38 B3 4021.11 4021.11 
5.38 120 13 04 50
5.38 244 0.46
5.385 22 0.00
5.385 23 2.26
5.385 25 0.00
5.385 30 0.00
5.385 B1 3975.07 3975.07 
5.385 B3 4020.48 4020.48 
5.385 120 13 04 50
5.385 244 0.46
5.39 22 0.00
5.39 23 2.21
5.39 25 0.00
5.39 30 0.00
5.39 B1 3976.96 3976.96 
5.39 B3 4021.72 4021.72 
5.39 120 13 04 50
5.39 244 0.46
5.395 22 0.00
5.395 23 2.18
5.395 25 0.00
5.395 30 0.00
5.395 B1 3977.35 3977.35 
5.395 B3 4021.69 4021.69 
5.395 120 13 04 50
5.395 244 0.45
5.4 22 0.00
5.4 23 2.14
5.4 25 0.00
5.4 30 0.00
5.4 B1 3978.24 3978.24 
5.4 B3 4022.06 4022.06 
5.4 120 13 04 50
5.4 244 0.45
5.405 22 0.00
5.405 23 2.11
5.405 25 0.00
5.405 30 0.00
5.405 B1 3980.68 3980.68 
5.405 B3 4023.83 4023.83 
5.405 120 13 04 50
5.405 244 0.44
5.41 22 0.00
5.41 23 2.09
5.41 25 0.00
5.41 30 0.00
5.41 B1 3978.61 3978.61 
5.41 B3 4021.66 4021.66 
5.41 120 13 04 50
5.41 244 0.44
5.415 22 0.00
5.415 23 2.03
5.415 25 0.00
5.415 30 0.00
5.415 B1 3979.46 3979.46 
5.415 B3 4021.82 4021.82 
5.415 120 13 04 50
5.415 244 0.44
5.42 22 0.00
5.42 23 2.00
5.42 25 0.00
5.42 30 0.00
5.42 B1 3981.77 3981.77 
5.42 B3 4023.39 4023.39 
5.42 120 13 04 50
5.42 244 0.44
5.425 22 0.00
5.425 23 1.98
5.425 25 0.00
5.425 30 0.00
5.425 B1 3984.80 3984.80 
5.425 B3 4025.79 4025.79 
5.425 120 13 04 50
5.425 244 0.44
5.43 22 0.00
5.43 23 1.97
5.43 25 0.00
5.43 30 0.00
5.43 B1 3988.18 3988.18 
5.43 B3 4028.70 4028.70 
5.43 120 13 04 50
5.43 244 0.43
5.435 22 0.00
5.435 23 1.96
5.435 25 0.00
5.435 30 0.00
5.435 B1 3989.09 3989.09 
5.435 B3 4029.51 4029.51 
5.435 120 13 04 50
5.435 244 0.43
5.44 22 0.00
5.44 23 1.94
5.44 25 0.00
5.44 30 0.00
5.44 B1 3991.36 3991.36 
5.44 B3 4031.43 4031.43 
5.44 120 13 04 50
5.44 244 0.42
5.445 22 0.00
5.445 23 1.92
5.445 25 0.00
5.445 30 0.00
5.445 B1 3990.34 3990.34 
5.445 B3 4030.41 4030.41 
5.445 120 13 04 50
5.445 244 0.42
5.45 22 0.00
5.45 23 1.88
5.45 25 0.00
5.45 30 0.00
5.45 B1 3991.56 3991.56 
5.45 B3 4031.16 4031.16 
5.45 120 13 04 50
5.45 244 0.41
5.455 22 0.00
5.455 23 1.85
5.455 25 0.00
5.455 30 0.00
5.455 B1 3991.26 3991.26 
5.455 B3 4030.57 4030.57 
5.455 120 13 04 50
5.455 244 0.41
5.46 22 0.00
5.46 23 1.81
5.46 25 0.00
5.46 30 0.00
5.46 B1 3991.46 3991.46 
5.46 B3 4030.33 4030.33 
5.46 120 13 04 50
5.46 244 0.40
5.465 22 0.00
5.465 23 1.78
5.465 25 0.00
5.465 30 0.00
5.465 B1 3991.88 3991.88 
5.465 B3 4030.28 4030.28 
5.465 120 13 04 50
5.465 244 0.40
5.47 22 0.00
5.47 23 1.75
5.47 25 0.00
5.47 30 0.00
5.47 B1 3993.70 3993.70 
5.47 B3 4031.52 4031.52 
5.47 120 13 04 50
5.47 244 0.40
5.475 22 0.00
5.475 23 1.73
5.475 25 0.00
5.475 30 0.00
5.475 B1 3996.23 3996.23 
5.475 B3 4033.52 4033.52 
5.475 120 13 04 50
5.475 244 0.40
5.48 22 0.00
5.48 23 1.72
5.48 25 0.00
5.48 30 0.00
5.48 B1 3999.10 3999.10 
5.48 B3 4036.00 4036.00 
5.48 120 13 04 50
5.48 244 0.40
5.485 22 0.00
5.485 23 1.71
5.485 25 0.00
5.485 30 0.00
5.485 B1 4002.15 4002.15 
5.485 B3 4038.76 4038.76 
5.485 120 13 04 50
5.485 244 0.41
5.49 22 0.00
5.49 23 1.71
5.49 25 0.00
5.49 30 0.00
5.49 B1 4006.60 4006.60 
5.49 B3 4042.88 4042.88 
5.49 120 13 04 50
5.49 244 0.41
5.495 22 0.00
5.495 23 1.72
5.495 25 0.00
5.495 30 0.00
5.495 B1 4010.46 4010.46 
5.495 B3 4046.65 4046.65 
5.495 120 13 04 50
5.495 244 0.41
5.5 22 0.00
5.5 23 1.73
5.5 25 0.00
5.5 30 0.00
5.5 B1 4014.02 4014.02 
5.5 B3 4050.22 4050.22 
5.5 120 13 04 50
5.5 244 0.41
5.505 22 0.00
5.505 23 1.73
5.505 25 0.00
5.505 30 0.00
5.505 B1 4018.74 4018.74 
5.505 B3 4054.85 4054.85 
5.505 120 13 04 50
5.505 244 0.41
5.51 22 0.00
5.51 23 1.74
5.51 25 0.00
5.51 30 0.00
5.51 B1 4022.76 4022.76 
5.51 B3 4058.96 4058.96 
5.51 120 13 04 50
5.51 244 0.42
5.515 22 0.00
5.515 23 1.75
5.515 25 0.00
5.515 30 0.00
5.515 B1 4029.06 4029.06 
5.515 B3 4065.15 4065.15 
5.515 120 13 04 50
5.515 244 0.42
5.52 22 0.00
5.52 23 1.77
5.52 25 0.00
5.52 30 0.00
5.52 B1 4033.93 4033.93 
5.52 B3 4070.23 4070.23 
5.52 120 13 04 50
5.52 244 0.42
5.525 22 0.00
5.525 23 1.79
5.525 25 0.00
5.525 30 0.00
5.525 B1 4039.38 4039.38 
5.525 B3 4075.86 4075.86 
5.525 120 13 04 50
5.525 244 0.43
5.53 22 0.00
5.53 23 1.81
5.53 25 0.00
5.53 30 0.00
5.53 B1 4045.16 4045.16 
5.53 B3 4081.84 4081.84 
5.53 120 13 04 50
5.53 244 0.43
5.535 22 0.00
5.535 23 1.83
5.535 25 0.00
5.535 30 0.00
5.535 B1 4049.80 4049.80 
5.535 B3 4086.85 4086.85 
5.535 120 13 04 50
5.535 244 0.43
5.54 22 0.00
5.54 23 1.84
5.54 25 0.00
5.54 30 0.00
5.54 B1 4053.88 4053.88 
5.54 B3 4091.28 4091.28 
5.54 120 13 04 50
5.54 244 0.43
5.545 22 0.00
5.545 23 1.85
5.545 25 0.00
5.545 30 0.00
5.545 B1 4057.66 4057.66 
5.545 B3 4095.36 4095.36 
5.545 120 13 04 50
5.545 244 0.43
5.55 22 0.00
5.55 23 1.85
5.55 25 0.00
5.55 30 0.00
5.55 B1 4062.61 4062.61 
5.55 B3 4100.42 4100.42 
5.55 120 13 04 50
5.55 244 0.43
5.555 22 0.00
5.555 23 1.86
5.555 25 0.00
5.555 30 0.00
5.555 B1 4065.54 4065.54 
5.555 B3 4103.71 4103.71 
5.555 120 13 04 50
5.555 244 0.43
5.56 22 0.00
5.56 23 1.86
5.56 25 0.00
5.56 30 0.00
5.56 B1 4068.74 4068.74 
5.56 B3 4107.10 4107.10 
5.56 120 13 04 50
5.56 244 0.43
5.565 22 0.00
5.565 23 1.86
5.565 25 0.00
5.565 30 0.00
5.565 B1 4072.07 4072.07 
5.565 B3 4110.54 4110.54 
5.565 120 13 04 50
5.565 244 0.43
5.57 22 0.00
5.57 23 1.85
5.57 25 0.00
5.57 30 0.00
5.57 B1 4075.47 4075.47 
5.57 B3 4114.02 4114.02 
5.57 120 13 04 50
5.57 244 0.43
5.575 22 0.00
5.575 23 1.85
5.575 25 0.00
5.575 30 0.00
5.575 B1 4078.90 4078.90 
5.575 B3 4117.51 4117.51 
5.575 120 13 04 50
5.575 244 0.43
5.58 22 0.00
5.58 23 1.85
5.58 25 0.00
5.58 30 0.00
5.58 B1 4082.35 4082.35 
5.58 B3 4121.02 4121.02 
5.58 120 13 04 50
5.58 244 0.43
5.585 22 0.00
5.585 23 1.85
5.585 25 0.00
5.585 30 0.00
5.585 B1 4085.81 4085.81 
5.585 B3 4124.53 4124.53 
5.585 120 13 04 50
5.585 244 0.43
5.59 22 0.00
5.59 23 1.85
5.59 25 0.00
5.59 30 0.00
5.59 B1 4090.59 4090.59 
5.59 B3 4129.24 4129.24 
5.59 120 13 04 50
5.59 244 0.43
5.595 22 0.00
5.595 23 1.86
5.595 25 0.00
5.595 30 0.00
5.595 B1 4094.75 4094.75 
5.595 B3 4133.51 4133.51 
5.595 120 13 04 50
5.595 244 0.43
5.6 22 0.00
5.6 23 1.87
5.6 25 0.00
5.6 30 0.00
5.6 B1 4098.59 4098.59 
5.6 B3 4137.51 4137.51 
5.6 120 13 04 50
5.6 244 0.43
5.605 22 0.00
5.605 23 1.87
5.605 25 0.00
5.605 30 0.00
5.605 B1 4102.26 4102.26 
5.605 B3 4141.34 4141.34 
5.605 120 13 04 50
5.605 244 0.43
5.61 22 0.00
5.61 23 1.87
5.61 25 0.00
5.61 30 0.00
5.61 B1 4105.85 4105.85 
5.61 B3 4145.07 4145.07 
5.61 120 13 04 50
5.61 244 0.44
5.615 22 0.00
5.615 23 1.87
5.615 25 0.00
5.615 30 0.00
5.615 B1 4112.04 4112.04 
5.615 B3 4151.12 4151.12 
5.615 120 13 04 50
5.615 244 0.44
5.62 22 0.00
5.62 23 1.89
5.62 25 0.00
5.62 30 0.00
5.62 B1 4116.97 4116.97 
5.62 B3 4156.25 4156.25 
5.62 120 13 04 50
5.62 244 0.45
5.625 22 0.00
5.625 23 1.91
5.625 25 0.00
5.625 30 0.00
5.625 B1 4125.21 4125.21 
5.625 B3 4164.40 4164.40 
5.625 120 13 04 50
5.625 244 0.45
5.63 22 0.00
5.63 23 1.95
5.63 25 0.00
5.63 30 0.00
5.63 B1 4131.28 4131.28 
5.63 B3 4170.88 4170.88 
5.63 120 13 04 50
5.63 244 0.45
5.635 22 0.00
5.635 23 1.97
5.635 25 0.00
5.635 30 0.00
5.635 B1 4136.22 4136.22 
5.635 B3 4176.33 4176.33 
5.635 120 13 04 50
5.635 244 0.45
5.64 22 0.00
5.64 23 1.98
5.64 25 0.00
5.64 30 0.00
5.64 B1 4141.90 4141.90 
5.64 B3 4182.36 4182.36 
5.64 120 13 04 50
5.64 244 0.45
5.645 22 0.00
5.645 23 2.00
5.645 25 0.00
5.645 30 0.00
5.645 B1 4146.66 4146.66 
5.645 B3 4187.56 4187.56 
5.645 120 13 04 50
5.645 244 0.47
5.65 22 0.00
5.65 23 2.01
5.65 25 0.00
5.65 30 0.00
5.65 B1 4156.24 4156.24 
5.65 B3 4197.04 4197.04 
5.65 120 13 04 50
5.65 244 0.47
5.655 22 0.00
5.655 23 2.06
5.655 25 0.00
5.655 30 0.00
5.655 B1 4163.12 4163.12 
5.655 B3 4204.45 4204.45 
5.655 120 13 04 50
5.655 244 0.47
5.66 22 0.00
5.66 23 2.09
5.66 25 0.00
5.66 30 0.00
5.66 B1 4168.61 4168.61 
5.66 B3 4210.59 4210.59 
5.66 120 13 04 50
5.66 244 0.47
5.665 22 0.00
5.665 23 2.11
5.665 25 0.00
5.665 30 0.00
5.665 B1 4173.38 4173.38 
5.665 B3 4215.95 4215.95 
5.665 120 13 04 50
5.665 244 0.47
5.67 22 0.00
5.67 23 2.11
5.67 25 0.00
5.67 30 0.00
5.67 B1 4179.10 4179.10 
5.67 B3 4222.02 4222.02 
5.67 120 13 04 50
5.67 244 0.47
5.675 22 0.00
5.675 23 2.13
5.675 25 0.00
5.675 30 0.00
5.675 B1 4184.02 4184.02 
5.675 B3 4227.36 4227.36 
5.675 120 13 04 50
5.675 244 0.47
5.68 22 0.00
5.68 23 2.14
5.68 25 0.00
5.68 30 0.00
5.68 B1 4188.52 4188.52 
5.68 B3 4232.24 4232.24 
5.68 120 13 04 50
5.68 244 0.48
5.685 22 0.00
5.685 23 2.14
5.685 25 0.00
5.685 30 0.00
5.685 B1 4194.12 4194.12 
5.685 B3 4238.04 4238.04 
5.685 120 13 04 50
5.685 244 0.48
5.69 22 0.00
5.69 23 2.16
5.69 25 0.00
5.69 30 0.00
5.69 B1 4199.01 4199.01 
5.69 B3 4243.23 4243.23 
5.69 120 13 04 50
5.69 244 0.48
5.695 22 0.00
5.695 23 2.16
5.695 25 0.00
5.695 30 0.00
5.695 B1 4203.52 4203.52 
5.695 B3 4248.04 4248.04 
5.695 120 13 04 50
5.695 244 0.48
5.7 22 0.00
5.7 23 2.17
5.7 25 0.00
5.7 30 0.00
5.7 B1 4209.15 4209.15 
5.7 B3 4253.81 4253.81 
5.7 120 13 04 50
5.7 244 0.48
5.705 22 0.00
5.705 23 2.18
5.705 25 0.00
5.705 30 0.00
5.705 B1 4214.08 4214.08 
5.705 B3 4258.99 4258.99 
5.705 120 13 04 50
5.705 244 0.48
5.71 22 0.00
5.71 23 2.19
5.71 25 0.00
5.71 30 0.00
5.71 B1 4218.63 4218.63 
5.71 B3 4263.82 4263.82 
5.71 120 13 04 50
5.71 244 0.48
5.715 22 0.00
5.715 23 2.19
5.715 25 0.00
5.715 30 0.00
5.715 B1 4222.99 4222.99 
5.715 B3 4268.42 4268.42 
5.715 120 13 04 50
5.715 244 0.48
5.72 22 0.00
5.72 23 2.19
5.72 25 0.00
5.72 30 0.00
5.72 B1 4227.26 4227.26 
5.72 B3 4272.88 4272.88 
5.72 120 13 04 50
5.72 244 0.48
5.725 22 0.00
5.725 23 2.19
5.725 25 0.00
5.725 30 0.00
5.725 B1 4232.79 4232.79 
5.725 B3 4278.45 4278.45 
5.725 120 13 04 50
5.725 244 0.48
5.73 22 0.00
5.73 23 2.20
5.73 25 0.00
5.73 30 0.00
5.73 B1 4237.69 4237.69 
5.73 B3 4283.53 4283.53 
5.73 120 13 04 50
5.73 244 0.48
5.735 22 0.00
5.735 23 2.21
5.735 25 0.00
5.735 30 0.00
5.735 B1 4240.93 4240.93 
5.735 B3 4287.11 4287.11 
5.735 120 13 04 50
5.735 244 0.48
5.74 22 0.00
5.74 23 2.20
5.74 25 0.00
5.74 30 0.00
5.74 B1 4244.60 4244.60 
5.74 B3 4290.93 4290.93 
5.74 120 13 04 50
5.74 244 0.48
5.745 22 0.00
5.745 23 2.20
5.745 25 0.00
5.745 30 0.00
5.745 B1 4249.82 4249.82 
5.745 B3 4296.09 4296.09 
5.745 120 13 04 50
5.745 244 0.48
5.75 22 0.00
5.75 23 2.20
5.75 25 0.00
5.75 30 0.00
5.75 B1 4254.56 4254.56 
5.75 B3 4300.92 4300.92 
5.75 120 13 04 50
5.75 244 0.48
5.755 22 0.00
5.755 23 2.21
5.755 25 0.00
5.755 30 0.00
5.755 B1 4257.72 4257.72 
5.755 B3 4304.33 4304.33 
5.755 120 13 04 50
5.755 244 0.48
5.76 22 0.00
5.76 23 2.20
5.76 25 0.00
5.76 30 0.00
5.76 B1 4261.35 4261.35 
5.76 B3 4308.04 4308.04 
5.76 120 13 04 50
5.76 244 0.48
5.765 22 0.00
5.765 23 2.19
5.765 25 0.00
5.765 30 0.00
5.765 B1 4265.22 4265.22 
5.765 B3 4311.93 4311.93 
5.765 120 13 04 50
5.765 244 0.48
5.77 22 0.00
5.77 23 2.19
5.77 25 0.00
5.77 30 0.00
5.77 B1 4269.22 4269.22 
5.77 B3 4315.93 4315.93 
5.77 120 13 04 50
5.77 244 0.48
5.775 22 0.00
5.775 23 2.19
5.775 25 0.00
5.775 30 0.00
5.775 B1 4273.29 4273.29 
5.775 B3 4320.01 4320.01 
5.775 120 13 04 50
5.775 244 0.48
5.78 22 0.00
5.78 23 2.18
5.78 25 0.00
5.78 30 0.00
5.78 B1 4276.07 4276.07 
5.78 B3 4322.92 4322.92 
5.78 120 13 04 50
5.78 244 0.48
5.785 22 0.00
5.785 23 2.17
5.785 25 0.00
5.785 30 0.00
5.785 B1 4279.47 4279.47 
5.785 B3 4326.30 4326.30 
5.785 120 13 04 50
5.785 244 0.47
5.79 22 0.00
5.79 23 2.16
5.79 25 0.00
5.79 30 0.00
5.79 B1 4281.87 4281.87 
5.79 B3 4328.75 4328.75 
5.79 120 13 04 50
5.79 244 0.47
5.795 22 0.00
5.795 23 2.15
5.795 25 0.00
5.795 30 0.00
5.795 B1 4283.73 4283.73 
5.795 B3 4330.61 4330.61 
5.795 120 13 04 50
5.795 244 0.47
5.8 22 0.00
5.8 23 2.13
5.8 25 0.00
5.8 30 0.00
5.8 B1 4286.58 4286.58 
5.8 B3 4333.26 4333.26 
5.8 120 13 04 50
5.8 244 0.46
5.805 22 0.00
5.805 23 2.11
5.805 25 0.00
5.805 30 0.00
5.805 B1 4287.32 4287.32 
5.805 B3 4334.03 4334.03 
5.805 120 13 04 50
5.805 244 0.46
5.81 22 0.00
5.81 23 2.08
5.81 25 0.00
5.81 30 0.00
5.81 B1 4289.54 4289.54 
5.81 B3 4335.97 4335.97 
5.81 120 13 04 50
5.81 244 0.46
5.815 22 0.00
5.815 23 2.06
5.815 25 0.00
5.815 30 0.00
5.815 B1 4291.22 4291.22 
5.815 B3 4337.43 4337.43 
5.815 120 13 04 50
5.815 244 0.45
5.82 22 0.00
5.82 23 2.04
5.82 25 0.00
5.82 30 0.00
5.82 B1 4291.26 4291.26 
5.82 B3 4337.37 4337.37 
5.82 120 13 04 50
5.82 244 0.45
5.825 22 0.00
5.825 23 2.01
5.825 25 0.00
5.825 30 0.00
5.825 B1 4293.03 4293.03 
5.825 B3 4338.72 4338.72 
5.825 120 13 04 50
5.825 244 0.44
5.83 22 0.00
5.83 23 1.99
5.83 25 0.00
5.83 30 0.00
5.83 B1 4293.07 4293.07 
5.83 B3 4338.55 4338.55 
5.83 120 13 04 50
5.83 244 0.44
5.835 22 0.00
5.835 23 1.95
5.835 25 0.00
5.835 30 0.00
5.835 B1 4294.78 4294.78 
5.835 B3 4339.79 4339.79 
5.835 120 13 04 50
5.835 244 0.44
5.84 22 0.00
5.84 23 1.93
5.84 25 0.00
5.84 30 0.00
5.84 B1 4297.38 4297.38 
5.84 B3 4341.89 4341.89 
5.84 120 13 04 50
5.84 244 0.43
5.845 22 0.00
5.845 23 1.92
5.845 25 0.00
5.845 30 0.00
5.845 B1 4296.49 4296.49 
5.845 B3 4340.96 4340.96 
5.845 120 13 04 50
5.845 244 0.43
5.85 22 0.00
5.85 23 1.88
5.85 25 0.00
5.85 30 0.00
5.85 B1 4297.63 4297.63 
5.85 B3 4341.64 4341.64 
5.85 120 13 04 50
5.85 244 0.43
5.855 22 0.00
5.855 23 1.85
5.855 25 0.00
5.855 30 0.00
5.855 B1 4298.52 4298.52 
5.855 B3 4342.15 4342.15 
5.855 120 13 04 50
5.855 244 0.43
5.86 22 0.00
5.86 23 1.83
5.86 25 0.00
5.86 30 0.00
5.86 B1 4300.59 4300.59 
5.86 B3 4343.71 4343.71 
5.86 120 13 04 50
5.86 244 0.42
5.865 22 0.00
5.865 23 1.81
5.865 25 0.00
5.865 30 0.00
5.865 B1 4301.95 4301.95 
5.865 B3 4344.74 4344.74 
5.865 120 13 04 50
5.865 244 0.42
5.87 22 0.00
5.87 23 1.79
5.87 25 0.00
5.87 30 0.00
5.87 B1 4304.23 4304.23 
5.87 B3 4346.62 4346.62 
5.87 120 13 04 50
5.87 244 0.42
5.875 22 0.00
5.875 23 1.78
5.875 25 0.00
5.875 30 0.00
5.875 B1 4305.67 4305.67 
5.875 B3 4347.82 4347.82 
5.875 120 13 04 50
5.875 244 0.40
5.88 22 0.00
5.88 23 1.76
5.88 25 0.00
5.88 30 0.00
5.88 B1 4302.69 4302.69 
5.88 B3 4345.00 4345.00 
5.88 120 13 04 50
5.88 244 0.40
5.885 22 0.00
5.885 23 1.70
5.885 25 0.00
5.885 30 0.00
5.885 B1 4302.52 4302.52 
5.885 B3 4344.35 4344.35 
5.885 120 13 04 50
5.885 244 0.40
5.89 22 0.00
5.89 23 1.67
5.89 25 0.00
5.89 30 0.00
5.89 B1 4303.86 4303.86 
5.89 B3 4345.06 4345.06 
5.89 120 13 04 50
5.89 244 0.40
5.895 22 0.00
5.895 23 1.65
5.895 25 0.00
5.895 30 0.00
5.895 B1 4306.01 4306.01 
5.895 B3 4346.63 4346.63 
5.895 120 13 04 50
5.895 244 0.40
5.9 22 0.00
5.9 23 1.64
5.9 25 0.00
5.9 30 0.00
5.9 B1 4308.57 4308.57 
5.9 B3 4348.73 4348.73 
5.9 120 13 04 50
5.9 244 0.39
5.905 22 0.00
5.905 23 1.63
5.905 25 0.00
5.905 30 0.00
5.905 B1 4308.73 4308.73 
5.905 B3 4348.78 4348.78 
5.905 120 13 04 50
5.905 244 0.39
5.91 22 0.00
5.91 23 1.61
5.91 25 0.00
5.91 30 0.00
5.91 B1 4308.85 4308.85 
5.91 B3 4348.70 4348.70 
5.91 120 13 04 50
5.91 244 0.39
5.915 22 0.00
5.915 23 1.58
5.915 25 0.00
5.915 30 0.00
5.915 B1 4310.27 4310.27 
5.915 B3 4349.70 4349.70 
5.915 120 13 04 50
5.915 244 0.39
5.92 22 0.00
5.92 23 1.56
5.92 25 0.00
5.92 30 0.00
5.92 B1 4312.36 4312.36 
5.92 B3 4351.38 4351.38 
5.92 120 13 04 50
5.92 244 0.39
5.925 22 0.00
5.925 23 1.55
5.925 25 0.00
5.925 30 0.00
5.925 B1 4314.83 4314.83 
5.925 B3 4353.51 4353.51 
5.925 120 13 04 50
5.925 244 0.39
5.93 22 0.00
5.93 23 1.55
5.93 25 0.00
5.93 30 0.00
5.93 B1 4317.49 4317.49 
5.93 B3 4355.89 4355.89 
5.93 120 13 04 50
5.93 244 0.39
5.935 22 0.00
5.935 23 1.54
5.935 25 0.00
5.935 30 0.00
5.935 B1 4321.56 4321.56 
5.935 B3 4359.65 4359.65 
5.935 120 13 04 50
5.935 244 0.40
5.94 22 0.00
5.94 23 1.55
5.94 25 0.00
5.94 30 0.00
5.94 B1 4326.43 4326.43 
5.94 B3 4364.29 4364.29 
5.94 120 13 04 50
5.94 244 0.41
5.945 22 0.00
5.945 23 1.57
5.945 25 0.00
5.945 30 0.00
5.945 B1 4333.07 4333.07 
5.945 B3 4370.70 4370.70 
5.945 120 13 04 50
5.945 244 0.41
5.95 22 0.00
5.95 23 1.60
5.95 25 0.00
5.95 30 0.00
5.95 B1 4340.69 4340.69 
5.95 B3 4378.27 4378.27 
5.95 120 13 04 50
5.95 244 0.41
5.955 22 0.00
5.955 23 1.64
5.955 25 0.00
5.955 30 0.00
5.955 B1 4346.26 4346.26 
5.955 B3 4384.21 4384.21 
5.955 120 13 04 50
5.955 244 0.43
5.96 22 0.00
5.96 23 1.66
5.96 25 0.00
5.96 30 0.00
5.96 B1 4354.69 4354.69 
5.96 B3 4392.74 4392.74 
5.96 120 13 04 50
5.96 244 0.44
5.965 22 0.00
5.965 23 1.71
5.965 25 0.00
5.965 30 0.00
5.965 B1 4364.71 4364.71 
5.965 B3 4402.94 4402.94 
5.965 120 13 04 50
5.965 244 0.44
5.97 22 0.00
5.97 23 1.77
5.97 25 0.00
5.97 30 0.00
5.97 B1 4374.36 4374.36 
5.97 B3 4413.09 4413.09 
5.97 120 13 04 50
5.97 244 0.45
5.975 22 0.00
5.975 23 1.82
5.975 25 0.00
5.975 30 0.00
5.975 B1 4383.85 4383.85 
5.975 B3 4423.23 4423.23 
5.975 120 13 04 50
5.975 244 0.46
5.98 22 0.00
5.98 23 1.88
5.98 25 0.00
5.98 30 0.00
5.98 B1 4391.98 4391.98 
5.98 B3 4432.23 4432.23 
5.98 120 13 04 50
5.98 244 0.46
5.985 22 0.00
5.985 23 1.92
5.985 25 0.00
5.985 30 0.00
5.985 B1 4399.41 4399.41 
5.985 B3 4440.52 4440.52 
5.985 120 13 04 50
5.985 244 0.46
5.99 22 0.00
5.99 23 1.96
5.99 25 0.00
5.99 30 0.00
5.99 B1 4405.16 4405.16 
5.99 B3 4447.21 4447.21 
5.99 120 13 04 50
5.99 244 0.47
5.995 22 0.00
5.995 23 1.98
5.995 25 0.00
5.995 30 0.00
5.995 B1 4412.63 4412.63 
5.995 B3 4455.25 4455.25 
5.995 120 13 04 50
5.995 244 0.47
6 22 0.00
6 23 2.01
6 25 0.00
6 30 0.00
6 B1 4419.78 4419.78 
6 B3 4463.02 4463.02 
6 120 13 04 50
6 244 0.47
6.005 22 0.00
6.005 23 2.04
6.005 25 0.00
6.005 30 0.00
6.005 B1 4425.46 4425.46 
6.005 B3 4469.42 4469.42 
6.005 120 13 04 50
6.005 244 0.48
6.01 22 0.00
6.01 23 2.06
6.01 25 0.00
6.01 30 0.00
6.01 B1 4431.65 4431.65 
6.01 B3 4476.17 4476.17 
6.01 120 13 04 50
6.01 244 0.48
6.015 22 0.00
6.015 23 2.08
6.015 25 0.00
6.015 30 0.00
6.015 B1 4436.83 4436.83 
6.015 B3 4481.95 4481.95 
6.015 120 13 04 50
6.015 244 0.48
6.02 22 0.00
6.02 23 2.09
6.02 25 0.00
6.02 30 0.00
6.02 B1 4441.45 4441.45 
6.02 B3 4487.12 4487.12 
6.02 120 13 04 50
6.02 244 0.48
6.025 22 0.00
6.025 23 2.10
6.025 25 0.00
6.025 30 0.00
6.025 B1 4445.78 4445.78 
6.025 B3 4491.90 4491.90 
6.025 120 13 04 50
6.025 244 0.48
6.03 22 0.00
6.03 23 2.10
6.03 25 0.00
6.03 30 0.00
6.03 B1 4449.95 4449.95 
6.03 B3 4496.42 4496.42 
6.03 120 13 04 50
6.03 244 0.47
6.035 22 0.00
6.035 23 2.10
6.035 25 0.00
6.035 30 0.00
6.035 B1 4452.70 4452.70 
6.035 B3 4499.59 4499.59 
6.035 120 13 04 50
6.035 244 0.47
6.04 22 0.00
6.04 23 2.09
6.04 25 0.00
6.04 30 0.00
6.04 B1 4455.98 4455.98 
6.04 B3 4503.07 4503.07 
6.04 120 13 04 50
6.04 244 0.47
6.045 22 0.00
6.045 23 2.09
6.045 25 0.00
6.045 30 0.00
6.045 B1 4459.55 4459.55 
6.045 B3 4506.74 4506.74 
6.045 120 13 04 50
6.045 244 0.47
6.05 22 0.00
6.05 23 2.08
6.05 25 0.00
6.05 30 0.00
6.05 B1 4463.28 4463.28 
6.05 B3 4510.53 4510.53 
6.05 120 13 04 50
6.05 244 0.47
6.055 22 0.00
6.055 23 2.08
6.055 25 0.00
6.055 30 0.00
6.055 B1 4467.09 4467.09 
6.055 B3 4514.40 4514.40 
6.055 120 13 04 50
6.055 244 0.47
6.06 22 0.00
6.06 23 2.08
6.06 25 0.00
6.06 30 0.00
6.06 B1 4470.95 4470.95 
6.06 B3 4518.32 4518.32 
6.06 120 13 04 50
6.06 244 0.46
6.065 22 0.00
6.065 23 2.08
6.065 25 0.00
6.065 30 0.00
6.065 B1 4472.18 4472.18 
6.065 B3 4519.87 4519.87 
6.065 120 13 04 50
6.065 244 0.46
6.07 22 0.00
6.07 23 2.05
6.07 25 0.00
6.07 30 0.00
6.07 B1 4474.58 4474.58 
6.07 B3 4522.26 4522.26 
6.07 120 13 04 50
6.07 244 0.46
6.075 22 0.00
6.075 23 2.04
6.075 25 0.00
6.075 30 0.00
6.075 B1 4477.62 4477.62 
6.075 B3 4525.18 4525.18 
6.075 120 13 04 50
6.075 244 0.46
6.08 22 0.00
6.08 23 2.03
6.08 25 0.00
6.08 30 0.00
6.08 B1 4481.00 4481.00 
6.08 B3 4528.44 4528.44 
6.08 120 13 04 50
6.08 244 0.46
6.085 22 0.00
6.085 23 2.02
6.085 25 0.00
6.085 30 0.00
6.085 B1 4484.57 4484.57 
6.085 B3 4531.92 4531.92 
6.085 120 13 04 50
6.085 244 0.45
6.09 22 0.00
6.09 23 2.02
6.09 25 0.00
6.09 30 0.00
6.09 B1 4484.29 4484.29 
6.09 B3 4531.94 4531.94 
6.09 120 13 04 50
6.09 244 0.45
6.095 22 0.00
6.095 23 1.99
6.095 25 0.00
6.095 30 0.00
6.095 B1 4485.77 4485.77 
6.095 B3 4533.28 4533.28 
6.095 120 13 04 50
6.095 244 0.45
6.1 22 0.00
6.1 23 1.96
6.1 25 0.00
6.1 30 0.00
6.1 B1 4488.23 4488.23 
6.1 B3 4535.45 4535.45 
6.1 120 13 04 50
6.1 244 0.45
6.105 22 0.00
6.105 23 1.95
6.105 25 0.00
6.105 30 0.00
6.105 B1 4491.22 4491.22 
6.105 B3 4538.16 4538.16 
6.105 120 13 04 50
6.105 244 0.45
6.11 22 0.00
6.11 23 1.94
6.11 25 0.00
6.11 30 0.00
6.11 B1 4494.51 4494.51 
6.11 B3 4541.22 4541.22 
6.11 120 13 04 50
6.11 244 0.45
6.115 22 0.00
6.115 23 1.94
6.115 25 0.00
6.115 30 0.00
6.115 B1 4497.95 4497.95 
6.115 B3 4544.49 4544.49 
6.115 120 13 04 50
6.115 244 0.44
6.12 22 0.00
6.12 23 1.93
6.12 25 0.00
6.12 30 0.00
6.12 B1 4498.84 4498.84 
6.12 B3 4545.51 4545.51 
6.12 120 13 04 50
6.12 244 0.45
6.125 22 0.00
6.125 23 1.91
6.125 25 0.00
6.125 30 0.00
6.125 B1 4502.23 4502.23 
6.125 B3 4548.63 4548.63 
6.125 120 13 04 50
6.125 244 0.44
6.13 22 0.00
6.13 23 1.91
6.13 25 0.00
6.13 30 0.00
6.13 B1 4503.07 4503.07 
6.13 B3 4549.52 4549.52 
6.13 120 13 04 50
6.13 244 0.44
6.135 22 0.00
6.135 23 1.88
6.135 25 0.00
6.135 30 0.00
6.135 B1 4505.10 4505.10 
6.135 B3 4551.34 4551.34 
6.135 120 13 04 50
6.135 244 0.44
6.14 22 0.00
6.14 23 1.87
6.14 25 0.00
6.14 30 0.00
6.14 B1 4507.77 4507.77 
6.14 B3 4553.76 4553.76 
6.14 120 13 04 50
6.14 244 0.44
6.145 22 0.00
6.145 23 1.86
6.145 25 0.00
6.145 30 0.00
6.145 B1 4509.48 4509.48 
6.145 B3 4555.36 4555.36 
6.145 120 13 04 50
6.145 244 0.43
6.15 22 0.00
6.15 23 1.84
6.15 25 0.00
6.15 30 0.00
6.15 B1 4509.32 4509.32 
6.15 B3 4555.21 4555.21 
6.15 120 13 04 50
6.15 244 0.43
6.155 22 0.00
6.155 23 1.81
6.155 25 0.00
6.155 30 0.00
6.155 B1 4510.72 4510.72 
6.155 B3 4556.30 4556.30 
6.155 120 13 04 50
6.155 244 0.43
6.16 22 0.00
6.16 23 1.79
6.16 25 0.00
6.16 30 0.00
6.16 B1 4512.97 4512.97 
6.16 B3 4558.18 4558.18 
6.16 120 13 04 50
6.16 244 0.43
6.165 22 0.00
6.165 23 1.78
6.165 25 0.00
6.165 30 0.00
6.165 B1 4514.38 4514.38 
6.165 B3 4559.36 4559.36 
6.165 120 13 04 50
6.165 244 0.42
6.17 22 0.00
6.17 23 1.76
6.17 25 0.00
6.17 30 0.00
6.17 B1 4513.98 4513.98 
6.17 B3 4558.88 4558.88 
6.17 120 13 04 50
6.17 244 0.42
6.175 22 0.00
6.175 23 1.73
6.175 25 0.00
6.175 30 0.00
6.175 B1 4515.17 4515.17 
6.175 B3 4559.70 4559.70 
6.175 120 13 04 50
6.175 244 0.42
6.18 22 0.00
6.18 23 1.71
6.18 25 0.00
6.18 30 0.00
6.18 B1 4517.23 4517.23 
6.18 B3 4561.33 4561.33 
6.18 120 13 04 50
6.18 244 0.42
6.185 22 0.00
6.185 23 1.70
6.185 25 0.00
6.185 30 0.00
6.185 B1 4519.78 4519.78 
6.185 B3 4563.50 4563.50 
6.185 120 13 04 50
6.185 244 0.41
6.19 22 0.00
6.19 23 1.69
6.19 25 0.00
6.19 30 0.00
6.19 B1 4519.96 4519.96 
6.19 B3 4563.61 4563.61 
6.19 120 13 04 50
6.19 244 0.41
6.195 22 0.00
6.195 23 1.66
6.195 25 0.00
6.195 30 0.00
6.195 B1 4521.42 4521.42 
6.195 B3 4564.75 4564.75 
6.195 120 13 04 50
6.195 244 0.41
6.2 22 0.00
6.2 23 1.65
6.2 25 0.00
6.2 30 0.00
6.2 B1 4522.26 4522.26 
6.2 B3 4565.37 4565.37 
6.2 120 13 04 50
6.2 244 0.40
6.205 22 0.00
6.205 23 1.62
6.205 25 0.00
6.205 30 0.00
6.205 B1 4521.42 4521.42 
6.205 B3 4564.43 4564.43 
6.205 120 13 04 50
6.205 244 0.39
6.21 22 0.00
6.21 23 1.59
6.21 25 0.00
6.21 30 0.00
6.21 B1 4520.91 4520.91 
6.21 B3 4563.63 4563.63 
6.21 120 13 04 50
6.21 244 0.39
6.215 22 0.00
6.215 23 1.56
6.215 25 0.00
6.215 30 0.00
6.215 B1 4520.57 4520.57 
6.215 B3 4562.92 4562.92 
6.215 120 13 04 50
6.215 244 0.39
6.22 22 0.00
6.22 23 1.53
6.22 25 0.00
6.22 30 0.00
6.22 B1 4521.62 4521.62 
6.22 B3 4563.43 4563.43 
6.22 120 13 04 50
6.22 244 0.39
6.225 22 0.00
6.225 23 1.51
6.225 25 0.00
6.225 30 0.00
6.225 B1 4522.12 4522.12 
6.225 B3 4563.53 4563.53 
6.225 120 13 04 50
6.225 244 0.39
6.23 22 0.00
6.23 23 1.49
6.23 25 0.00
6.23 30 0.00
6.23 B1 4523.60 4523.60 
6.23 B3 4564.54 4564.54 
6.23 120 13 04 50
6.23 244 0.39
6.235 22 0.00
6.235 23 1.48
6.235 25 0.00
6.235 30 0.00
6.235 B1 4525.64 4525.64 
6.235 B3 4566.15 4566.15 
6.235 120 13 04 50
6.235 244 0.38
6.24 22 0.00
6.24 23 1.47
6.24 25 0.00
6.24 30 0.00
6.24 B1 4526.66 4526.66 
6.24 B3 4566.94 4566.94 
6.24 120 13 04 50
6.24 244 0.38
6.245 22 0.00
6.245 23 1.45
6.245 25 0.00
6.245 30 0.00
6.245 B1 4528.40 4528.40 
6.245 B3 4568.38 4568.38 
6.245 120 13 04 50
6.245 244 0.38
6.25 22 0.00
6.25 23 1.44
6.25 25 0.00
6.25 30 0.00
6.25 B1 4529.24 4529.24 
6.25 B3 4569.05 4569.05 
6.25 120 13 04 50
6.25 244 0.38
6.255 22 0.00
6.255 23 1.42
6.255 25 0.00
6.255 30 0.00
6.255 B1 4530.85 4530.85 
6.255 B3 4570.39 4570.39 
6.255 120 13 04 50
6.255 244 0.38
6.26 22 0.00
6.26 23 1.41
6.26 25 0.00
6.26 30 0.00
6.26 B1 4532.91 4532.91 
6.26 B3 4572.17 4572.17 
6.26 120 13 04 50
6.26 244 0.38
6.265 22 0.00
6.265 23 1.41
6.265 25 0.00
6.265 30 0.00
6.265 B1 4535.20 4535.20 
6.265 B3 4574.22 4574.22 
6.265 120 13 04 50
6.265 244 0.38
6.27 22 0.00
6.27 23 1.40
6.27 25 0.00
6.27 30 0.00
6.27 B1 4537.63 4537.63 
6.27 B3 4576.47 4576.47 
6.27 120 13 04 50
6.27 244 0.38
6.275 22 0.00
6.275 23 1.40
6.275 25 0.00
6.275 30 0.00
6.275 B1 4540.14 4540.14 
6.275 B3 4578.83 4578.83 
6.275 120 13 04 50
6.275 244 0.38
6.28 22 0.00
6.28 23 1.40
6.28 25 0.00
6.28 30 0.00
6.28 B1 4542.68 4542.68 
6.28 B3 4581.26 4581.26 
6.28 120 13 04 50
6.28 244 0.37
6.285 22 0.00
6.285 23 1.40
6.285 25 0.00
6.285 30 0.00
6.285 B1 4543.93 4543.93 
6.285 B3 4582.56 4582.56 
6.285 120 13 04 50
6.285 244 0.37
6.29 22 0.00
6.29 23 1.38
6.29 25 0.00
6.29 30 0.00
6.29 B1 4545.74 4545.74 
6.29 B3 4584.28 4584.28 
6.29 120 13 04 50
6.29 244 0.38
6.295 22 0.00
6.295 23 1.38
6.295 25 0.00
6.295 30 0.00
6.295 B1 4549.19 4549.19 
6.295 B3 4587.49 4587.49 
6.295 120 13 04 50
6.295 244 0.37
6.3 22 0.00
6.3 23 1.38
6.3 25 0.00
6.3 30 0.00
6.3 B1 4550.94 4550.94 
6.3 B3 4589.28 4589.28 
6.3 120 13 04 50
6.3 244 0.38
6.305 22 0.00
6.305 23 1.38
6.305 25 0.00
6.305 30 0.00
6.305 B1 4554.35 4554.35 
6.305 B3 4592.52 4592.52 
6.305 120 13 04 50
6.305 244 0.38
6.31 22 0.00
6.31 23 1.38
6.31 25 0.00
6.31 30 0.00
6.31 B1 4558.72 4558.72 
6.31 B3 4596.73 4596.73 
6.31 120 13 04 50
6.31 244 0.38
6.315 22 0.00
6.315 23 1.40
6.315 25 0.00
6.315 30 0.00
6.315 B1 4562.32 4562.32 
6.315 B3 4600.38 4600.38 
6.315 120 13 04 50
6.315 244 0.38
6.32 22 0.00
6.32 23 1.40
6.32 25 0.00
6.32 30 0.00
6.32 B1 4565.49 4565.49 
6.32 B3 4603.67 4603.67 
6.32 120 13 04 50
6.32 244 0.38
6.325 22 0.00
6.325 23 1.41
6.325 25 0.00
6.325 30 0.00
6.325 B1 4568.42 4568.42 
6.325 B3 4606.74 4606.74 
6.325 120 13 04 50
6.325 244 0.38
6.33 22 0.00
6.33 23 1.41
6.33 25 0.00
6.33 30 0.00
6.33 B1 4571.21 4571.21 
6.33 B3 4609.65 4609.65 
6.33 120 13 04 50
6.33 244 0.39
6.335 22 0.00
6.335 23 1.41
6.335 25 0.00
6.335 30 0.00
6.335 B1 4575.25 4575.25 
6.335 B3 4613.67 4613.67 
6.335 120 13 04 50
6.335 244 0.39
6.34 22 0.00
6.34 23 1.42
6.34 25 0.00
6.34 30 0.00
6.34 B1 4578.68 4578.68 
6.34 B3 4617.21 4617.21 
6.34 120 13 04 50
6.34 244 0.39
6.345 22 0.00
6.345 23 1.43
6.345 25 0.00
6.345 30 0.00
6.345 B1 4581.78 4581.78 
6.345 B3 4620.46 4620.46 
6.345 120 13 04 50
6.345 244 0.39
6.35 22 0.00
6.35 23 1.43
6.35 25 0.00
6.35 30 0.00
6.35 B1 4584.69 4584.69 
6.35 B3 4623.52 4623.52 
6.35 120 13 04 50
6.35 244 0.39
6.355 22 0.00
6.355 23 1.44
6.355 25 0.00
6.355 30 0.00
6.355 B1 4587.48 4587.48 
6.355 B3 4626.44 4626.44 
6.355 120 13 04 50
6.355 244 0.39
6.36 22 0.00
6.36 23 1.44
6.36 25 0.00
6.36 30 0.00
6.36 B1 4590.22 4590.22 
6.36 B3 4629.29 4629.29 
6.36 120 13 04 50
6.36 244 0.39
6.365 22 0.00
6.365 23 1.44
6.365 25 0.00
6.365 30 0.00
6.365 B1 4594.24 4594.24 
6.365 B3 4633.27 4633.27 
6.365 120 13 04 50
6.365 244 0.39
6.37 22 0.00
6.37 23 1.45
6.37 25 0.00
6.37 30 0.00
6.37 B1 4597.68 4597.68 
6.37 B3 4636.82 4636.82 
6.37 120 13 04 50
6.37 244 0.39
6.375 22 0.00
6.375 23 1.45
6.375 25 0.00
6.375 30 0.00
6.375 B1 4600.81 4600.81 
6.375 B3 4640.09 4640.09 
6.375 120 13 04 50
6.375 244 0.39
6.38 22 0.00
6.38 23 1.46
6.38 25 0.00
6.38 30 0.00
6.38 B1 4603.75 4603.75 
6.38 B3 4643.18 4643.18 
6.38 120 13 04 50
6.38 244 0.39
6.385 22 0.00
6.385 23 1.46
6.385 25 0.00
6.385 30 0.00
6.385 B1 4607.90 4607.90 
6.385 B3 4647.33 4647.33 
6.385 120 13 04 50
6.385 244 0.39
6.39 22 0.00
6.39 23 1.47
6.39 25 0.00
6.39 30 0.00
6.39 B1 4611.44 4611.44 
6.39 B3 4651.02 4651.02 
6.39 120 13 04 50
6.39 244 0.39
6.395 22 0.00
6.395 23 1.48
6.395 25 0.00
6.395 30 0.00
6.395 B1 4613.31 4613.31 
6.395 B3 4653.19 4653.19 
6.395 120 13 04 50
6.395 244 0.39
6.4 22 0.00
6.4 23 1.47
6.4 25 0.00
6.4 30 0.00
6.4 B1 4615.54 4615.54 
6.4 B3 4655.56 4655.56 
6.4 120 13 04 50
6.4 244 0.39
6.405 22 0.00
6.405 23 1.46
6.405 25 0.00
6.405 30 0.00
6.405 B1 4619.29 4619.29 
6.405 B3 4659.26 4659.26 
6.405 120 13 04 50
6.405 244 0.39
6.41 22 0.00
6.41 23 1.47
6.41 25 0.00
6.41 30 0.00
6.41 B1 4622.61 4622.61 
6.41 B3 4662.64 4662.64 
6.41 120 13 04 50
6.41 244 0.39
6.415 22 0.00
6.415 23 1.48
6.415 25 0.00
6.415 30 0.00
6.415 B1 4625.67 4625.67 
6.415 B3 4665.81 4665.81 
6.415 120 13 04 50
6.415 244 0.39
6.42 22 0.00
6.42 23 1.48
6.42 25 0.00
6.42 30 0.00
6.42 B1 4627.27 4627.27 
6.42 B3 4667.65 4667.65 
6.42 120 13 04 50
6.42 244 0.39
6.425 22 0.00
6.425 23 1.47
6.425 25 0.00
6.425 30 0.00
6.425 B1 4629.35 4629.35 
6.425 B3 4669.80 4669.80 
6.425 120 13 04 50
6.425 244 0.39
6.43 22 0.00
6.43 23 1.46
6.43 25 0.00
6.43 30 0.00
6.43 B1 4631.69 4631.69 
6.43 B3 4672.15 4672.15 
6.43 120 13 04 50
6.43 244 0.39
6.435 22 0.00
6.435 23 1.46
6.435 25 0.00
6.435 30 0.00
6.435 B1 4634.17 4634.17 
6.435 B3 4674.62 4674.62 
6.435 120 13 04 50
6.435 244 0.39
6.44 22 0.00
6.44 23 1.46
6.44 25 0.00
6.44 30 0.00
6.44 B1 4636.75 4636.75 
6.44 B3 4677.18 4677.18 
6.44 120 13 04 50
6.44 244 0.39
6.445 22 0.00
6.445 23 1.45
6.445 25 0.00
6.445 30 0.00
6.445 B1 4638.05 4638.05 
6.445 B3 4678.60 4678.60 
6.445 120 13 04 50
6.445 244 0.39
6.45 22 0.00
6.45 23 1.44
6.45 25 0.00
6.45 30 0.00
6.45 B1 4639.93 4639.93 
6.45 B3 4680.46 4680.46 
6.45 120 13 04 50
6.45 244 0.39
6.455 22 0.00
6.455 23 1.44
6.455 25 0.00
6.455 30 0.00
6.455 B1 4642.13 4642.13 
6.455 B3 4682.58 4682.58 
6.455 120 13 04 50
6.455 244 0.39
6.46 22 0.00
6.46 23 1.43
6.46 25 0.00
6.46 30 0.00
6.46 B1 4644.52 4644.52 
6.46 B3 4684.89 4684.89 
6.46 120 13 04 50
6.46 244 0.39
6.465 22 0.00
6.465 23 1.43
6.465 25 0.00
6.465 30 0.00
6.465 B1 4648.33 4648.33 
6.465 B3 4688.52 4688.52 
6.465 120 13 04 50
6.465 244 0.39
6.47 22 0.00
6.47 23 1.44
6.47 25 0.00
6.47 30 0.00
6.47 B1 4651.65 4651.65 
6.47 B3 4691.82 4691.82 
6.47 120 13 04 50
6.47 244 0.39
6.475 22 0.00
6.475 23 1.44
6.475 25 0.00
6.475 30 0.00
6.475 B1 4653.37 4653.37 
6.475 B3 4693.72 4693.72 
6.475 120 13 04 50
6.475 244 0.39
6.48 22 0.00
6.48 23 1.43
6.48 25 0.00
6.48 30 0.00
6.48 B1 4655.48 4655.48 
6.48 B3 4695.88 4695.88 
6.48 120 13 04 50
6.48 244 0.39
6.485 22 0.00
6.485 23 1.43
6.485 25 0.00
6.485 30 0.00
6.485 B1 4659.13 4659.13 
6.485 B3 4699.40 4699.40 
6.485 120 13 04 50
6.485 244 0.38
6.49 22 0.00
6.49 23 1.43
6.49 25 0.00
6.49 30 0.00
6.49 B1 4659.72 4659.72 
6.49 B3 4700.25 4700.25 
6.49 120 13 04 50
6.49 244 0.38
6.495 22 0.00
6.495 23 1.42
6.495 25 0.00
6.495 30 0.00
6.495 B1 4661.16 4661.16 
6.495 B3 4701.70 4701.70 
6.495 120 13 04 50
6.495 244 0.39
6.5 22 0.00
6.5 23 1.41
6.5 25 0.00
6.5 30 0.00
6.5 B1 4664.41 4664.41 
6.5 B3 4704.73 4704.73 
6.5 120 13 04 50
6.5 244 0.38
6.505 22 0.00
6.505 23 1.41
6.505 25 0.00
6.505 30 0.00
6.505 B1 4666.06 4666.06 
6.505 B3 4706.43 4706.43 
6.505 120 13 04 50
6.505 244 0.38
6.51 22 0.00
6.51 23 1.40
6.51 25 0.00
6.51 30 0.00
6.51 B1 4668.11 4668.11 
6.51 B3 4708.44 4708.44 
6.51 120 13 04 50
6.51 244 0.38
6.515 22 0.00
6.515 23 1.40
6.515 25 0.00
6.515 30 0.00
6.515 B1 4670.38 4670.38 
6.515 B3 4710.64 4710.64 
6.515 120 13 04 50
6.515 244 0.38
6.52 22 0.00
6.52 23 1.39
6.52 25 0.00
6.52 30 0.00
6.52 B1 4671.45 4671.45 
6.52 B3 4711.78 4711.78 
6.52 120 13 04 50
6.52 244 0.38
6.525 22 0.00
6.525 23 1.38
6.525 25 0.00
6.525 30 0.00
6.525 B1 4673.15 4673.15 
6.525 B3 4713.39 4713.39 
6.525 120 13 04 50
6.525 244 0.38
6.53 22 0.00
6.53 23 1.37
6.53 25 0.00
6.53 30 0.00
6.53 B1 4675.19 4675.19 
6.53 B3 4715.31 4715.31 
6.53 120 13 04 50
6.53 244 0.38
6.535 22 0.00
6.535 23 1.37
6.535 25 0.00
6.535 30 0.00
6.535 B1 4677.44 4677.44 
6.535 B3 4717.44 4717.44 
6.535 120 13 04 50
6.535 244 0.38
6.54 22 0.00
6.54 23 1.36
6.54 25 0.00
6.54 30 0.00
6.54 B1 4679.79 4679.79 
6.54 B3 4719.70 4719.70 
6.54 120 13 04 50
6.54 244 0.37
6.545 22 0.00
6.545 23 1.36
6.545 25 0.00
6.545 30 0.00
6.545 B1 4680.89 4680.89 
6.545 B3 4720.85 4720.85 
6.545 120 13 04 50
6.545 244 0.37
6.55 22 0.00
6.55 23 1.35
6.55 25 0.00
6.55 30 0.00
6.55 B1 4681.25 4681.25 
6.55 B3 4721.25 4721.25 
6.55 120 13 04 50
6.55 244 0.37
6.555 22 0.00
6.555 23 1.33
6.555 25 0.00
6.555 30 0.00
6.555 B1 4682.49 4682.49 
6.555 B3 4722.35 4722.35 
6.555 120 13 04 50
6.555 244 0.37
6.56 22 0.00
6.56 23 1.32
6.56 25 0.00
6.56 30 0.00
6.56 B1 4685.55 4685.55 
6.56 B3 4725.08 4725.08 
6.56 120 13 04 50
6.56 244 0.37
6.565 22 0.00
6.565 23 1.32
6.565 25 0.00
6.565 30 0.00
6.565 B1 4688.34 4688.34 
6.565 B3 4727.72 4727.72 
6.565 120 13 04 50
6.565 244 0.37
6.57 22 0.00
6.57 23 1.32
6.57 25 0.00
6.57 30 0.00
6.57 B1 4690.99 4690.99 
6.57 B3 4730.29 4730.29 
6.57 120 13 04 50
6.57 244 0.37
6.575 22 0.00
6.575 23 1.33
6.575 25 0.00
6.575 30 0.00
6.575 B1 4693.56 4693.56 
6.575 B3 4732.83 4732.83 
6.575 120 13 04 50
6.575 244 0.37
6.58 22 0.00
6.58 23 1.33
6.58 25 0.00
6.58 30 0.00
6.58 B1 4696.07 4696.07 
6.58 B3 4735.33 4735.33 
6.58 120 13 04 50
6.58 244 0.38
6.585 22 0.00
6.585 23 1.33
6.585 25 0.00
6.585 30 0.00
6.585 B1 4699.87 4699.87 
6.585 B3 4739.01 4739.01 
6.585 120 13 04 50
6.585 244 0.38
6.59 22 0.00
6.59 23 1.34
6.59 25 0.00
6.59 30 0.00
6.59 B1 4703.12 4703.12 
6.59 B3 4742.29 4742.29 
6.59 120 13 04 50
6.59 244 0.38
6.595 22 0.00
6.595 23 1.34
6.595 25 0.00
6.595 30 0.00
6.595 B1 4706.04 4706.04 
6.595 B3 4745.31 4745.31 
6.595 120 13 04 50
6.595 244 0.38
6.6 22 0.00
6.6 23 1.34
6.6 25 0.00
6.6 30 0.00
6.6 B1 4710.09 4710.09 
6.6 B3 4749.34 4749.34 
6.6 120 13 04 50
6.6 244 0.38
6.605 22 0.00
6.605 23 1.36
6.605 25 0.00
6.605 30 0.00
6.605 B1 4713.50 4713.50 
6.605 B3 4752.87 4752.87 
6.605 120 13 04 50
6.605 244 0.38
6.61 22 0.00
6.61 23 1.36
6.61 25 0.00
6.61 30 0.00
6.61 B1 4716.54 4716.54 
6.61 B3 4756.07 4756.07 
6.61 120 13 04 50
6.61 244 0.38
6.615 22 0.00
6.615 23 1.37
6.615 25 0.00
6.615 30 0.00
6.615 B1 4719.37 4719.37 
6.615 B3 4759.05 4759.05 
6.615 120 13 04 50
6.615 244 0.38
6.62 22 0.00
6.62 23 1.37
6.62 25 0.00
6.62 30 0.00
6.62 B1 4722.06 4722.06 
6.62 B3 4761.89 4761.89 
6.62 120 13 04 50
6.62 244 0.38
6.625 22 0.00
6.625 23 1.37
6.625 25 0.00
6.625 30 0.00
6.625 B1 4724.69 4724.69 
6.625 B3 4764.63 4764.63 
6.625 120 13 04 50
6.625 244 0.38
6.63 22 0.00
6.63 23 1.37
6.63 25 0.00
6.63 30 0.00
6.63 B1 4727.28 4727.28 
6.63 B3 4767.30 4767.30 
6.63 120 13 04 50
6.63 244 0.38
6.635 22 0.00
6.635 23 1.37
6.635 25 0.00
6.635 30 0.00
6.635 B1 4729.85 4729.85 
6.635 B3 4769.94 4769.94 
6.635 120 13 04 50
6.635 244 0.38
6.64 22 0.00
6.64 23 1.37
6.64 25 0.00
6.64 30 0.00
6.64 B1 4732.40 4732.40 
6.64 B3 4772.55 4772.55 
6.64 120 13 04 50
6.64 244 0.39
6.645 22 0.00
6.645 23 1.37
6.645 25 0.00
6.645 30 0.00
6.645 B1 4736.26 4736.26 
6.645 B3 4776.33 4776.33 
6.645 120 13 04 50
6.645 244 0.39
6.65 22 0.00
6.65 23 1.38
6.65 25 0.00
6.65 30 0.00
6.65 B1 4739.57 4739.57 
6.65 B3 4779.71 4779.71 
6.65 120 13 04 50
6.65 244 0.39
6.655 22 0.00
6.655 23 1.39
6.655 25 0.00
6.655 30 0.00
6.655 B1 4742.58 4742.58 
6.655 B3 4782.83 4782.83 
6.655 120 13 04 50
6.655 244 0.38
6.66 22 0.00
6.66 23 1.39
6.66 25 0.00
6.66 30 0.00
6.66 B1 4744.08 4744.08 
6.66 B3 4784.57 4784.57 
6.66 120 13 04 50
6.66 244 0.38
6.665 22 0.00
6.665 23 1.38
6.665 25 0.00
6.665 30 0.00
6.665 B1 4746.01 4746.01 
6.665 B3 4786.59 4786.59 
6.665 120 13 04 50
6.665 244 0.38
6.67 22 0.00
6.67 23 1.38
6.67 25 0.00
6.67 30 0.00
6.67 B1 4748.19 4748.19 
6.67 B3 4788.79 4788.79 
6.67 120 13 04 50
6.67 244 0.38
6.675 22 0.00
6.675 23 1.37
6.675 25 0.00
6.675 30 0.00
6.675 B1 4750.52 4750.52 
6.675 B3 4791.10 4791.10 
6.675 120 13 04 50
6.675 244 0.39
6.68 22 0.00
6.68 23 1.37
6.68 25 0.00
6.68 30 0.00
6.68 B1 4754.25 4754.25 
6.68 B3 4794.69 4794.69 
6.68 120 13 04 50
6.68 244 0.38
6.685 22 0.00
6.685 23 1.38
6.685 25 0.00
6.685 30 0.00
6.685 B1 4756.17 4756.17 
6.685 B3 4796.75 4796.75 
6.685 120 13 04 50
6.685 244 0.38
6.69 22 0.00
6.69 23 1.37
6.69 25 0.00
6.69 30 0.00
6.69 B1 4758.34 4758.34 
6.69 B3 4798.96 4798.96 
6.69 120 13 04 50
6.69 244 0.39
6.695 22 0.00
6.695 23 1.37
6.695 25 0.00
6.695 30 0.00
6.695 B1 4761.98 4761.98 
6.695 B3 4802.49 4802.49 
6.695 120 13 04 50
6.695 244 0.39
6.7 22 0.00
6.7 23 1.38
6.7 25 0.00
6.7 30 0.00
6.7 B1 4765.16 4765.16 
6.7 B3 4805.69 4805.69 
6.7 120 13 04 50
6.7 244 0.39
6.705 22 0.00
6.705 23 1.38
6.705 25 0.00
6.705 30 0.00
6.705 B1 4769.40 4769.40 
6.705 B3 4809.89 4809.89 
6.705 120 13 04 50
6.705 244 0.39
6.71 22 0.00
6.71 23 1.39
6.71 25 0.00
6.71 30 0.00
6.71 B1 4772.96 4772.96 
6.71 B3 4813.56 4813.56 
6.71 120 13 04 50
6.71 244 0.39
6.715 22 0.00
6.715 23 1.40
6.715 25 0.00
6.715 30 0.00
6.715 B1 4776.11 4776.11 
6.715 B3 4816.88 4816.88 
6.715 120 13 04 50
6.715 244 0.39
6.72 22 0.00
6.72 23 1.41
6.72 25 0.00
6.72 30 0.00
6.72 B1 4779.04 4779.04 
6.72 B3 4819.97 4819.97 
6.72 120 13 04 50
6.72 244 0.39
6.725 22 0.00
6.725 23 1.41
6.725 25 0.00
6.725 30 0.00
6.725 B1 4783.15 4783.15 
6.725 B3 4824.11 4824.11 
6.725 120 13 04 50
6.725 244 0.40
6.73 22 0.00
6.73 23 1.42
6.73 25 0.00
6.73 30 0.00
6.73 B1 4787.97 4787.97 
6.73 B3 4828.95 4828.95 
6.73 120 13 04 50
6.73 244 0.40
6.735 22 0.00
6.735 23 1.44
6.735 25 0.00
6.735 30 0.00
6.735 B1 4791.90 4791.90 
6.735 B3 4833.09 4833.09 
6.735 120 13 04 50
6.735 244 0.40
6.74 22 0.00
6.74 23 1.45
6.74 25 0.00
6.74 30 0.00
6.74 B1 4795.31 4795.31 
6.74 B3 4836.75 4836.75 
6.74 120 13 04 50
6.74 244 0.40
6.745 22 0.00
6.745 23 1.45
6.745 25 0.00
6.745 30 0.00
6.745 B1 4798.43 4798.43 
6.745 B3 4840.12 4840.12 
6.745 120 13 04 50
6.745 244 0.40
6.75 22 0.00
6.75 23 1.46
6.75 25 0.00
6.75 30 0.00
6.75 B1 4802.69 4802.69 
6.75 B3 4844.46 4844.46 
6.75 120 13 04 50
6.75 244 0.40
6.755 22 0.00
6.755 23 1.47
6.755 25 0.00
6.755 30 0.00
6.755 B1 4806.31 4806.31 
6.755 B3 4848.29 4848.29 
6.755 120 13 04 50
6.755 244 0.40
6.76 22 0.00
6.76 23 1.48
6.76 25 0.00
6.76 30 0.00
6.76 B1 4809.57 4809.57 
6.76 B3 4851.77 4851.77 
6.76 120 13 04 50
6.76 244 0.40
6.765 22 0.00
6.765 23 1.48
6.765 25 0.00
6.765 30 0.00
6.765 B1 4812.62 4812.62 
6.765 B3 4855.02 4855.02 
6.765 120 13 04 50
6.765 244 0.40
6.77 22 0.00
6.77 23 1.48
6.77 25 0.00
6.77 30 0.00
6.77 B1 4815.54 4815.54 
6.77 B3 4858.11 4858.11 
6.77 120 13 04 50
6.77 244 0.40
6.775 22 0.00
6.775 23 1.48
6.775 25 0.00
6.775 30 0.00
6.775 B1 4818.38 4818.38 
6.775 B3 4861.11 4861.11 
6.775 120 13 04 50
6.775 244 0.40
6.78 22 0.00
6.78 23 1.48
6.78 25 0.00
6.78 30 0.00
6.78 B1 4821.19 4821.19 
6.78 B3 4864.03 4864.03 
6.78 120 13 04 50
6.78 244 0.40
6.785 22 0.00
6.785 23 1.48
6.785 25 0.00
6.785 30 0.00
6.785 B1 4823.97 4823.97 
6.785 B3 4866.91 4866.91 
6.785 120 13 04 50
6.785 244 0.40
6.79 22 0.00
6.79 23 1.48
6.79 25 0.00
6.79 30 0.00
6.79 B1 4826.74 4826.74 
6.79 B3 4869.76 4869.76 
6.79 120 13 04 50
6.79 244 0.40
6.795 22 0.00
6.795 23 1.48
6.795 25 0.00
6.795 30 0.00
6.795 B1 4829.50 4829.50 
6.795 B3 4872.58 4872.58 
6.795 120 13 04 50
6.795 244 0.41
6.8 22 0.00
6.8 23 1.48
6.8 25 0.00
6.8 30 0.00
6.8 B1 4833.57 4833.57 
6.8 B3 4876.59 4876.59 
6.8 120 13 04 50
6.8 244 0.41
6.805 22 0.00
6.805 23 1.49
6.805 25 0.00
6.805 30 0.00
6.805 B1 4837.11 4837.11 
6.805 B3 4880.19 4880.19 
6.805 120 13 04 50
6.805 244 0.41
6.81 22 0.00
6.81 23 1.50
6.81 25 0.00
6.81 30 0.00
6.81 B1 4840.33 4840.33 
6.81 B3 4883.54 4883.54 
6.81 120 13 04 50
6.81 244 0.41
6.815 22 0.00
6.815 23 1.50
6.815 25 0.00
6.815 30 0.00
6.815 B1 4843.38 4843.38 
6.815 B3 4886.72 4886.72 
6.815 120 13 04 50
6.815 244 0.41
6.82 22 0.00
6.82 23 1.50
6.82 25 0.00
6.82 30 0.00
6.82 B1 4846.31 4846.31 
6.82 B3 4889.78 4889.78 
6.82 120 13 04 50
6.82 244 0.41
6.825 22 0.00
6.825 23 1.50
6.825 25 0.00
6.825 30 0.00
6.825 B1 4850.51 4850.51 
6.825 B3 4893.96 4893.96 
6.825 120 13 04 50
6.825 244 0.41
6.83 22 0.00
6.83 23 1.51
6.83 25 0.00
6.83 30 0.00
6.83 B1 4852.82 4852.82 
6.83 B3 4896.50 4896.50 
6.83 120 13 04 50
6.83 244 0.41
6.835 22 0.00
6.835 23 1.51
6.835 25 0.00
6.835 30 0.00
6.835 B1 4856.65 4856.65 
6.835 B3 4900.34 4900.34 
6.835 120 13 04 50
6.835 244 0.41
6.84 22 0.00
6.84 23 1.52
6.84 25 0.00
6.84 30 0.00
6.84 B1 4860.06 4860.06 
6.84 B3 4903.85 4903.85 
6.84 120 13 04 50
6.84 244 0.41
6.845 22 0.00
6.845 23 1.52
6.845 25 0.00
6.845 30 0.00
6.845 B1 4863.23 4863.23 
6.845 B3 4907.15 4907.15 
6.845 120 13 04 50
6.845 244 0.41
6.85 22 0.00
6.85 23 1.52
6.85 25 0.00
6.85 30 0.00
6.85 B1 4867.58 4867.58 
6.85 B3 4911.50 4911.50 
6.85 120 13 04 50
6.85 244 0.41
6.855 22 0.00
6.855 23 1.53
6.855 25 0.00
6.855 30 0.00
6.855 B1 4871.33 4871.33 
6.855 B3 4915.38 4915.38 
6.855 120 13 04 50
6.855 244 0.42
6.86 22 0.00
6.86 23 1.54
6.86 25 0.00
6.86 30 0.00
6.86 B1 4876.03 4876.03 
6.86 B3 4920.13 4920.13 
6.86 120 13 04 50
6.86 244 0.42
6.865 22 0.00
6.865 23 1.56
6.865 25 0.00
6.865 30 0.00
6.865 B1 4880.00 4880.00 
6.865 B3 4924.30 4924.30 
6.865 120 13 04 50
6.865 244 0.42
6.87 22 0.00
6.87 23 1.56
6.87 25 0.00
6.87 30 0.00
6.87 B1 4884.86 4884.86 
6.87 B3 4929.26 4929.26 
6.87 120 13 04 50
6.87 244 0.42
6.875 22 0.00
6.875 23 1.58
6.875 25 0.00
6.875 30 0.00
6.875 B1 4888.93 4888.93 
6.875 B3 4933.59 4933.59 
6.875 120 13 04 50
6.875 244 0.42
6.88 22 0.00
6.88 23 1.59
6.88 25 0.00
6.88 30 0.00
6.88 B1 4892.55 4892.55 
6.88 B3 4937.48 4937.48 
6.88 120 13 04 50
6.88 244 0.43
6.885 22 0.00
6.885 23 1.59
6.885 25 0.00
6.885 30 0.00
6.885 B1 4897.23 4897.23 
6.885 B3 4942.28 4942.28 
6.885 120 13 04 50
6.885 244 0.43
6.89 22 0.00
6.89 23 1.61
6.89 25 0.00
6.89 30 0.00
6.89 B1 4901.22 4901.22 
6.89 B3 4946.51 4946.51 
6.89 120 13 04 50
6.89 244 0.43
6.895 22 0.00
6.895 23 1.61
6.895 25 0.00
6.895 30 0.00
6.895 B1 4904.81 4904.81 
6.895 B3 4950.36 4950.36 
6.895 120 13 04 50
6.895 244 0.43
6.9 22 0.00
6.9 23 1.62
6.9 25 0.00
6.9 30 0.00
6.9 B1 4908.17 4908.17 
6.9 B3 4953.95 4953.95 
6.9 120 13 04 50
6.9 244 0.43
6.905 22 0.00
6.905 23 1.62
6.905 25 0.00
6.905 30 0.00
6.905 B1 4911.39 4911.39 
6.905 B3 4957.37 4957.37 
6.905 120 13 04 50
6.905 244 0.43
6.91 22 0.00
6.91 23 1.62
6.91 25 0.00
6.91 30 0.00
6.91 B1 4914.53 4914.53 
6.91 B3 4960.68 4960.68 
6.91 120 13 04 50
6.91 244 0.43
6.915 22 0.00
6.915 23 1.62
6.915 25 0.00
6.915 30 0.00
6.915 B1 4917.62 4917.62 
6.915 B3 4963.90 4963.90 
6.915 120 13 04 50
6.915 244 0.43
6.92 22 0.00
6.92 23 1.62
6.92 25 0.00
6.92 30 0.00
6.92 B1 4920.68 4920.68 
6.92 B3 4967.08 4967.08 
6.92 120 13 04 50
6.92 244 0.43
6.925 22 0.00
6.925 23 1.62
6.925 25 0.00
6.925 30 0.00
6.925 B1 4923.73 4923.73 
6.925 B3 4970.21 4970.21 
6.925 120 13 04 50
6.925 244 0.42
6.93 22 0.00
6.93 23 1.62
6.93 25 0.00
6.93 30 0.00
6.93 B1 4925.45 4925.45 
6.93 B3 4972.13 4972.13 
6.93 120 13 04 50
6.93 244 0.42
6.935 22 0.00
6.935 23 1.61
6.935 25 0.00
6.935 30 0.00
6.935 B1 4927.68 4927.68 
6.935 B3 4974.40 4974.40 
6.935 120 13 04 50
6.935 244 0.42
6.94 22 0.00
6.94 23 1.60
6.94 25 0.00
6.94 30 0.00
6.94 B1 4930.21 4930.21 
6.94 B3 4976.91 4976.91 
6.94 120 13 04 50
6.94 244 0.42
6.945 22 0.00
6.945 23 1.60
6.945 25 0.00
6.945 30 0.00
6.945 B1 4932.93 4932.93 
6.945 B3 4979.58 4979.58 
6.945 120 13 04 50
6.945 244 0.42
6.95 22 0.00
6.95 23 1.60
6.95 25 0.00
6.95 30 0.00
6.95 B1 4935.75 4935.75 
6.95 B3 4982.36 4982.36 
6.95 120 13 04 50
6.95 244 0.42
6.955 22 0.00
6.955 23 1.59
6.955 25 0.00
6.955 30 0.00
6.955 B1 4938.63 4938.63 
6.955 B3 4985.20 4985.20 
6.955 120 13 04 50
6.955 244 0.42
6.96 22 0.00
6.96 23 1.59
6.96 25 0.00
6.96 30 0.00
6.96 B1 4940.22 4940.22 
6.96 B3 4986.90 4986.90 
6.96 120 13 04 50
6.96 244 0.42
6.965 22 0.00
6.965 23 1.58
6.965 25 0.00
6.965 30 0.00
6.965 B1 4943.67 4943.67 
6.965 B3 4990.20 4990.20 
6.965 120 13 04 50
6.965 244 0.42
6.97 22 0.00
6.97 23 1.58
6.97 25 0.00
6.97 30 0.00
6.97 B1 4945.61 4945.61 
6.97 B3 4992.20 4992.20 
6.97 120 13 04 50
6.97 244 0.42
6.975 22 0.00
6.975 23 1.58
6.975 25 0.00
6.975 30 0.00
6.975 B1 4947.94 4947.94 
6.975 B3 4994.50 4994.50 
6.975 120 13 04 50
6.975 244 0.41
6.98 22 0.00
6.98 23 1.57
6.98 25 0.00
6.98 30 0.00
6.98 B1 4949.19 4949.19 
6.98 B3 4995.81 4995.81 
6.98 120 13 04 50
6.98 244 0.42
6.985 22 0.00
6.985 23 1.56
6.985 25 0.00
6.985 30 0.00
6.985 B1 4952.42 4952.42 
6.985 B3 4998.83 4998.83 
6.985 120 13 04 50
6.985 244 0.41
6.99 22 0.00
6.99 23 1.56
6.99 25 0.00
6.99 30 0.00
6.99 B1 4954.19 4954.19 
6.99 B3 5000.62 5000.62 
6.99 120 13 04 50
6.99 244 0.41
6.995 22 0.00
6.995 23 1.55
6.995 25 0.00
6.995 30 0.00
6.995 B1 4955.09 4955.09 
6.995 B3 5001.56 5001.56 
6.995 120 13 04 50
6.995 244 0.41
7 22 0.00
7 23 1.53
7 25 0.00
7 30 0.00
7 B1 4956.77 4956.77 
7 B3 5003.12 5003.12 
7 120 13 04 50
7 244 0.41
7.005 22 0.00
7.005 23 1.52
7.005 25 0.00
7.005 30 0.00
7.005 B1 4958.90 4958.90 
7.005 B3 5005.08 5005.08 
7.005 120 13 04 50
7.005 244 0.41
7.01 22 0.00
7.01 23 1.51
7.01 25 0.00
7.01 30 0.00
7.01 B1 4961.31 4961.31 
7.01 B3 5007.32 5007.32 
7.01 120 13 04 50
7.01 244 0.41
7.015 22 0.00
7.015 23 1.51
7.015 25 0.00
7.015 30 0.00
7.015 B1 4963.88 4963.88 
7.015 B3 5009.74 5009.74 
7.015 120 13 04 50
7.015 244 0.41
7.02 22 0.00
7.02 23 1.51
7.02 25 0.00
7.02 30 0.00
7.02 B1 4966.54 4966.54 
7.02 B3 5012.28 5012.28 
7.02 120 13 04 50
7.02 244 0.41
7.025 22 0.00
7.025 23 1.50
7.025 25 0.00
7.025 30 0.00
7.025 B1 4967.93 4967.93 
7.025 B3 5013.71 5013.71 
7.025 120 13 04 50
7.025 244 0.41
7.03 22 0.00
7.03 23 1.49
7.03 25 0.00
7.03 30 0.00
7.03 B1 4969.87 4969.87 
7.03 B3 5015.57 5015.57 
7.03 120 13 04 50
7.03 244 0.41
7.035 22 0.00
7.035 23 1.48
7.035 25 0.00
7.035 30 0.00
7.035 B1 4972.14 4972.14 
7.035 B3 5017.72 5017.72 
7.035 120 13 04 50
7.035 244 0.41
7.04 22 0.00
7.04 23 1.48
7.04 25 0.00
7.04 30 0.00
7.04 B1 4974.60 4974.60 
7.04 B3 5020.06 5020.06 
7.04 120 13 04 50
7.04 244 0.41
7.045 22 0.00
7.045 23 1.48
7.045 25 0.00
7.045 30 0.00
7.045 B1 4978.49 4978.49 
7.045 B3 5023.73 5023.73 
7.045 120 13 04 50
7.045 244 0.41
7.05 22 0.00
7.05 23 1.48
7.05 25 0.00
7.05 30 0.00
7.05 B1 4980.61 4980.61 
7.05 B3 5025.91 5025.91 
7.05 120 13 04 50
7.05 244 0.41
7.055 22 0.00
7.055 23 1.48
7.055 25 0.00
7.055 30 0.00
7.055 B1 4982.98 4982.98 
7.055 B3 5028.28 5028.28 
7.055 120 13 04 50
7.055 244 0.41
7.06 22 0.00
7.06 23 1.47
7.06 25 0.00
7.06 30 0.00
7.06 B1 4985.50 4985.50 
7.06 B3 5030.76 5030.76 
7.06 120 13 04 50
7.06 244 0.41
7.065 22 0.00
7.065 23 1.47
7.065 25 0.00
7.065 30 0.00
7.065 B1 4988.10 4988.10 
7.065 B3 5033.33 5033.33 
7.065 120 13 04 50
7.065 244 0.41
7.07 22 0.00
7.07 23 1.47
7.07 25 0.00
7.07 30 0.00
7.07 B1 4990.75 4990.75 
7.07 B3 5035.95 5035.95 
7.07 120 13 04 50
7.07 244 0.41
7.075 22 0.00
7.075 23 1.47
7.075 25 0.00
7.075 30 0.00
7.075 B1 4993.44 4993.44 
7.075 B3 5038.61 5038.61 
7.075 120 13 04 50
7.075 244 0.41
7.08 22 0.00
7.08 23 1.47
7.08 25 0.00
7.08 30 0.00
7.08 B1 4996.13 4996.13 
7.08 B3 5041.29 5041.29 
7.08 120 13 04 50
7.08 244 0.41
7.085 22 0.00
7.085 23 1.47
7.085 25 0.00
7.085 30 0.00
7.085 B1 4998.84 4998.84 
7.085 B3 5043.99 5043.99 
7.085 120 13 04 50
7.085 244 0.41
7.09 22 0.00
7.09 23 1.46
7.09 25 0.00
7.09 30 0.00
7.09 B1 5001.56 5001.56 
7.09 B3 5046.69 5046.69 
7.09 120 13 04 50
7.09 244 0.41
7.095 22 0.00
7.095 23 1.46
7.095 25 0.00
7.095 30 0.00
7.095 B1 5004.27 5004.27 
7.095 B3 5049.41 5049.41 
7.095 120 13 04 50
7.095 244 0.41
7.1 22 0.00
7.1 23 1.46
7.1 25 0.00
7.1 30 0.00
7.1 B1 5006.99 5006.99 
7.1 B3 5052.13 5052.13 
7.1 120 13 04 50
7.1 244 0.41
7.105 22 0.00
7.105 23 1.46
7.105 25 0.00
7.105 30 0.00
7.105 B1 5009.70 5009.70 
7.105 B3 5054.86 5054.86 
7.105 120 13 04 50
7.105 244 0.41
7.11 22 0.00
7.11 23 1.46
7.11 25 0.00
7.11 30 0.00
7.11 B1 5012.41 5012.41 
7.11 B3 5057.58 5057.58 
7.11 120 13 04 50
7.11 244 0.41
7.115 22 0.00
7.115 23 1.46
7.115 25 0.00
7.115 30 0.00
7.115 B1 5015.13 5015.13 
7.115 B3 5060.30 5060.30 
7.115 120 13 04 50
7.115 244 0.41
7.12 22 0.00
7.12 23 1.46
7.12 25 0.00
7.12 30 0.00
7.12 B1 5017.84 5017.84 
7.12 B3 5063.03 5063.03 
7.12 120 13 04 50
7.12 244 0.41
7.125 22 0.00
7.125 23 1.46
7.125 25 0.00
7.125 30 0.00
7.125 B1 5020.55 5020.55 
7.125 B3 5065.75 5065.75 
7.125 120 13 04 50
7.125 244 0.41
7.13 22 0.00
7.13 23 1.46
7.13 25 0.00
7.13 30 0.00
7.13 B1 5024.58 5024.58 
7.13 B3 5069.68 5069.68 
7.13 120 13 04 50
7.13 244 0.41
7.135 22 0.00
7.135 23 1.47
7.135 25 0.00
7.135 30 0.00
7.135 B1 5028.09 5028.09 
7.135 B3 5073.22 5073.22 
7.135 120 13 04 50
7.135 244 0.41
7.14 22 0.00
7.14 23 1.47
7.14 25 0.00
7.14 30 0.00
7.14 B1 5031.30 5031.30 
7.14 B3 5076.53 5076.53 
7.14 120 13 04 50
7.14 244 0.41
7.145 22 0.00
7.145 23 1.48
7.145 25 0.00
7.145 30 0.00
7.145 B1 5034.32 5034.32 
7.145 B3 5079.66 5079.66 
7.145 120 13 04 50
7.145 244 0.41
7.15 22 0.00
7.15 23 1.48
7.15 25 0.00
7.15 30 0.00
7.15 B1 5037.23 5037.23 
7.15 B3 5082.68 5082.68 
7.15 120 13 04 50
7.15 244 0.41
7.155 22 0.00
7.155 23 1.48
7.155 25 0.00
7.155 30 0.00
7.155 B1 5040.08 5040.08 
7.155 B3 5085.61 5085.61 
7.155 120 13 04 50
7.155 244 0.41
7.16 22 0.00
7.16 23 1.48
7.16 25 0.00
7.16 30 0.00
7.16 B1 5044.20 5044.20 
7.16 B3 5089.70 5089.70 
7.16 120 13 04 50
7.16 244 0.41
7.165 22 0.00
7.165 23 1.49
7.165 25 0.00
7.165 30 0.00
7.165 B1 5047.79 5047.79 
7.165 B3 5093.38 5093.38 
7.165 120 13 04 50
7.165 244 0.41
7.17 22 0.00
7.17 23 1.49
7.17 25 0.00
7.17 30 0.00
7.17 B1 5051.06 5051.06 
7.17 B3 5096.78 5096.78 
7.17 120 13 04 50
7.17 244 0.42
7.175 22 0.00
7.175 23 1.50
7.175 25 0.00
7.175 30 0.00
7.175 B1 5055.46 5055.46 
7.175 B3 5101.19 5101.19 
7.175 120 13 04 50
7.175 244 0.42
7.18 22 0.00
7.18 23 1.51
7.18 25 0.00
7.18 30 0.00
7.18 B1 5059.23 5059.23 
7.18 B3 5105.11 5105.11 
7.18 120 13 04 50
7.18 244 0.42
7.185 22 0.00
7.185 23 1.52
7.185 25 0.00
7.185 30 0.00
7.185 B1 5063.95 5063.95 
7.185 B3 5109.89 5109.89 
7.185 120 13 04 50
7.185 244 0.42
7.19 22 0.00
7.19 23 1.53
7.19 25 0.00
7.19 30 0.00
7.19 B1 5067.93 5067.93 
7.19 B3 5114.08 5114.08 
7.19 120 13 04 50
7.19 244 0.42
7.195 22 0.00
7.195 23 1.54
7.195 25 0.00
7.195 30 0.00
7.195 B1 5071.47 5071.47 
7.195 B3 5117.86 5117.86 
7.195 120 13 04 50
7.195 244 0.42
7.2 22 0.00
7.2 23 1.54
7.2 25 0.00
7.2 30 0.00
7.2 B1 5074.75 5074.75 
7.2 B3 5121.38 5121.38 
7.2 120 13 04 50
7.2 244 0.42
7.205 22 0.00
7.205 23 1.55
7.205 25 0.00
7.205 30 0.00
7.205 B1 5077.87 5077.87 
7.205 B3 5124.70 5124.70 
7.205 120 13 04 50
7.205 244 0.42
7.21 22 0.00
7.21 23 1.55
7.21 25 0.00
7.21 30 0.00
7.21 B1 5080.90 5080.90 
7.21 B3 5127.90 5127.90 
7.21 120 13 04 50
7.21 244 0.42
7.215 22 0.00
7.215 23 1.55
7.215 25 0.00
7.215 30 0.00
7.215 B1 5083.86 5083.86 
7.215 B3 5131.01 5131.01 
7.215 120 13 04 50
7.215 244 0.42
7.22 22 0.00
7.22 23 1.55
7.22 25 0.00
7.22 30 0.00
7.22 B1 5086.79 5086.79 
7.22 B3 5134.06 5134.06 
7.22 120 13 04 50
7.22 244 0.43
7.225 22 0.00
7.225 23 1.55
7.225 25 0.00
7.225 30 0.00
7.225 B1 5091.03 5091.03 
7.225 B3 5138.27 5138.27 
7.225 120 13 04 50
7.225 244 0.42
7.23 22 0.00
7.23 23 1.56
7.23 25 0.00
7.23 30 0.00
7.23 B1 5093.42 5093.42 
7.23 B3 5140.88 5140.88 
7.23 120 13 04 50
7.23 244 0.43
7.235 22 0.00
7.235 23 1.55
7.235 25 0.00
7.235 30 0.00
7.235 B1 5097.32 5097.32 
7.235 B3 5144.79 5144.79 
7.235 120 13 04 50
7.235 244 0.43
7.24 22 0.00
7.24 23 1.56
7.24 25 0.00
7.24 30 0.00
7.24 B1 5100.84 5100.84 
7.24 B3 5148.39 5148.39 
7.24 120 13 04 50
7.24 244 0.43
7.245 22 0.00
7.245 23 1.57
7.245 25 0.00
7.245 30 0.00
7.245 B1 5104.12 5104.12 
7.245 B3 5151.80 5151.80 
7.245 120 13 04 50
7.245 244 0.43
7.25 22 0.00
7.25 23 1.57
7.25 25 0.00
7.25 30 0.00
7.25 B1 5107.25 5107.25 
7.25 B3 5155.06 5155.06 
7.25 120 13 04 50
7.25 244 0.43
7.255 22 0.00
7.255 23 1.57
7.255 25 0.00
7.255 30 0.00
7.255 B1 5110.30 5110.30 
7.255 B3 5158.24 5158.24 
7.255 120 13 04 50
7.255 244 0.43
7.26 22 0.00
7.26 23 1.57
7.26 25 0.00
7.26 30 0.00
7.26 B1 5113.30 5113.30 
7.26 B3 5161.34 5161.34 
7.26 120 13 04 50
7.26 244 0.43
7.265 22 0.00
7.265 23 1.57
7.265 25 0.00
7.265 30 0.00
7.265 B1 5116.27 5116.27 
7.265 B3 5164.39 5164.39 
7.265 120 13 04 50
7.265 244 0.43
7.27 22 0.00
7.27 23 1.57
7.27 25 0.00
7.27 30 0.00
7.27 B1 5119.22 5119.22 
7.27 B3 5167.42 5167.42 
7.27 120 13 04 50
7.27 244 0.43
7.275 22 0.00
7.275 23 1.57
7.275 25 0.00
7.275 30 0.00
7.275 B1 5122.16 5122.16 
7.275 B3 5170.42 5170.42 
7.275 120 13 04 50
7.275 244 0.43
7.28 22 0.00
7.28 23 1.57
7.28 25 0.00
7.28 30 0.00
7.28 B1 5126.40 5126.40 
7.28 B3 5174.61 5174.61 
7.28 120 13 04 50
7.28 244 0.43
7.285 22 0.00
7.285 23 1.58
7.285 25 0.00
7.285 30 0.00
7.285 B1 5130.15 5130.15 
7.285 B3 5178.42 5178.42 
7.285 120 13 04 50
7.285 244 0.43
7.29 22 0.00
7.29 23 1.58
7.29 25 0.00
7.29 30 0.00
7.29 B1 5132.25 5132.25 
7.29 B3 5180.77 5180.77 
7.29 120 13 04 50
7.29 244 0.43
7.295 22 0.00
7.295 23 1.58
7.295 25 0.00
7.295 30 0.00
7.295 B1 5134.68 5134.68 
7.295 B3 5183.32 5183.32 
7.295 120 13 04 50
7.295 244 0.43
7.3 22 0.00
7.3 23 1.57
7.3 25 0.00
7.3 30 0.00
7.3 B1 5137.30 5137.30 
7.3 B3 5185.99 5185.99 
7.3 120 13 04 50
7.3 244 0.43
7.305 22 0.00
7.305 23 1.57
7.305 25 0.00
7.305 30 0.00
7.305 B1 5141.36 5141.36 
7.305 B3 5189.94 5189.94 
7.305 120 13 04 50
7.305 244 0.43
7.31 22 0.00
7.31 23 1.58
7.31 25 0.00
7.31 30 0.00
7.31 B1 5144.98 5144.98 
7.31 B3 5193.60 5193.60 
7.31 120 13 04 50
7.31 244 0.44
7.315 22 0.00
7.315 23 1.58
7.315 25 0.00
7.315 30 0.00
7.315 B1 5150.98 5150.98 
7.315 B3 5199.43 5199.43 
7.315 120 13 04 50
7.315 244 0.44
7.32 22 0.00
7.32 23 1.60
7.32 25 0.00
7.32 30 0.00
7.32 B1 5155.82 5155.82 
7.32 B3 5204.39 5204.39 
7.32 120 13 04 50
7.32 244 0.44
7.325 22 0.00
7.325 23 1.62
7.325 25 0.00
7.325 30 0.00
7.325 B1 5159.95 5159.95 
7.325 B3 5208.77 5208.77 
7.325 120 13 04 50
7.325 244 0.44
7.33 22 0.00
7.33 23 1.62
7.33 25 0.00
7.33 30 0.00
7.33 B1 5163.65 5163.65 
7.33 B3 5212.75 5212.75 
7.33 120 13 04 50
7.33 244 0.44
7.335 22 0.00
7.335 23 1.63
7.335 25 0.00
7.335 30 0.00
7.335 B1 5167.10 5167.10 
7.335 B3 5216.45 5216.45 
7.335 120 13 04 50
7.335 244 0.44
7.34 22 0.00
7.34 23 1.63
7.34 25 0.00
7.34 30 0.00
7.34 B1 5170.39 5170.39 
7.34 B3 5219.96 5219.96 
7.34 120 13 04 50
7.34 244 0.44
7.345 22 0.00
7.345 23 1.63
7.345 25 0.00
7.345 30 0.00
7.345 B1 5173.59 5173.59 
7.345 B3 5223.34 5223.34 
7.345 120 13 04 50
7.345 244 0.44
7.35 22 0.00
7.35 23 1.63
7.35 25 0.00
7.35 30 0.00
7.35 B1 5178.05 5178.05 
7.35 B3 5227.82 5227.82 
7.35 120 13 04 50
7.35 244 0.44
7.355 22 0.00
7.355 23 1.64
7.355 25 0.00
7.355 30 0.00
7.355 B1 5181.97 5181.97 
7.355 B3 5231.89 5231.89 
7.355 120 13 04 50
7.355 244 0.44
7.36 22 0.00
7.36 23 1.65
7.36 25 0.00
7.36 30 0.00
7.36 B1 5185.57 5185.57 
7.36 B3 5235.66 5235.66 
7.36 120 13 04 50
7.36 244 0.44
7.365 22 0.00
7.365 23 1.65
7.365 25 0.00
7.365 30 0.00
7.365 B1 5188.97 5188.97 
7.365 B3 5239.24 5239.24 
7.365 120 13 04 50
7.365 244 0.44
7.37 22 0.00
7.37 23 1.66
7.37 25 0.00
7.37 30 0.00
7.37 B1 5192.25 5192.25 
7.37 B3 5242.68 5242.68 
7.37 120 13 04 50
7.37 244 0.44
7.375 22 0.00
7.375 23 1.66
7.375 25 0.00
7.375 30 0.00
7.375 B1 5195.46 5195.46 
7.375 B3 5246.02 5246.02 
7.375 120 13 04 50
7.375 244 0.44
7.38 22 0.00
7.38 23 1.66
7.38 25 0.00
7.38 30 0.00
7.38 B1 5197.31 5197.31 
7.38 B3 5248.10 5248.10 
7.38 120 13 04 50
7.38 244 0.44
7.385 22 0.00
7.385 23 1.65
7.385 25 0.00
7.385 30 0.00
7.385 B1 5200.94 5200.94 
7.385 B3 5251.70 5251.70 
7.385 120 13 04 50
7.385 244 0.44
7.39 22 0.00
7.39 23 1.65
7.39 25 0.00
7.39 30 0.00
7.39 B1 5204.37 5204.37 
7.39 B3 5255.15 5255.15 
7.39 120 13 04 50
7.39 244 0.44
7.395 22 0.00
7.395 23 1.65
7.395 25 0.00
7.395 30 0.00
7.395 B1 5207.66 5207.66 
7.395 B3 5258.49 5258.49 
7.395 120 13 04 50
7.395 244 0.44
7.4 22 0.00
7.4 23 1.65
7.4 25 0.00
7.4 30 0.00
7.4 B1 5210.88 5210.88 
7.4 B3 5261.77 5261.77 
7.4 120 13 04 50
7.4 244 0.44
7.405 22 0.00
7.405 23 1.65
7.405 25 0.00
7.405 30 0.00
7.405 B1 5214.04 5214.04 
7.405 B3 5265.00 5265.00 
7.405 120 13 04 50
7.405 244 0.44
7.41 22 0.00
7.41 23 1.65
7.41 25 0.00
7.41 30 0.00
7.41 B1 5217.18 5217.18 
7.41 B3 5268.20 5268.20 
7.41 120 13 04 50
7.41 244 0.44
7.415 22 0.00
7.415 23 1.65
7.415 25 0.00
7.415 30 0.00
7.415 B1 5220.29 5220.29 
7.415 B3 5271.37 5271.37 
7.415 120 13 04 50
7.415 244 0.44
7.42 22 0.00
7.42 23 1.65
7.42 25 0.00
7.42 30 0.00
7.42 B1 5223.40 5223.40 
7.42 B3 5274.52 5274.52 
7.42 120 13 04 50
7.42 244 0.44
7.425 22 0.00
7.425 23 1.65
7.425 25 0.00
7.425 30 0.00
7.425 B1 5226.50 5226.50 
7.425 B3 5277.67 5277.67 
7.425 120 13 04 50
7.425 244 0.44
7.43 22 0.00
7.43 23 1.65
7.43 25 0.00
7.43 30 0.00
7.43 B1 5229.59 5229.59 
7.43 B3 5280.80 5280.80 
7.43 120 13 04 50
7.43 244 0.44
7.435 22 0.00
7.435 23 1.65
7.435 25 0.00
7.435 30 0.00
7.435 B1 5231.36 5231.36 
7.435 B3 5282.73 5282.73 
7.435 120 13 04 50
7.435 244 0.44
7.44 22 0.00
7.44 23 1.64
7.44 25 0.00
7.44 30 0.00
7.44 B1 5234.95 5234.95 
7.44 B3 5286.21 5286.21 
7.44 120 13 04 50
7.44 244 0.44
7.445 22 0.00
7.445 23 1.64
7.445 25 0.00
7.445 30 0.00
7.445 B1 5238.33 5238.33 
7.445 B3 5289.58 5289.58 
7.445 120 13 04 50
7.445 244 0.44
7.45 22 0.00
7.45 23 1.64
7.45 25 0.00
7.45 30 0.00
7.45 B1 5241.60 5241.60 
7.45 B3 5292.86 5292.86 
7.45 120 13 04 50
7.45 244 0.44
7.455 22 0.00
7.455 23 1.64
7.455 25 0.00
7.455 30 0.00
7.455 B1 5244.79 5244.79 
7.455 B3 5296.08 5296.08 
7.455 120 13 04 50
7.455 244 0.44
7.46 22 0.00
7.46 23 1.64
7.46 25 0.00
7.46 30 0.00
7.46 B1 5247.94 5247.94 
7.46 B3 5299.27 5299.27 
7.46 120 13 04 50
7.46 244 0.44
7.465 22 0.00
7.465 23 1.64
7.465 25 0.00
7.465 30 0.00
7.465 B1 5249.74 5249.74 
7.465 B3 5301.24 5301.24 
7.465 120 13 04 50
7.465 244 0.44
7.47 22 0.00
7.47 23 1.63
7.47 25 0.00
7.47 30 0.00
7.47 B1 5253.33 5253.33 
7.47 B3 5304.74 5304.74 
7.47 120 13 04 50
7.47 244 0.44
7.475 22 0.00
7.475 23 1.64
7.475 25 0.00
7.475 30 0.00
7.475 B1 5256.73 5256.73 
7.475 B3 5308.11 5308.11 
7.475 120 13 04 50
7.475 244 0.44
7.48 22 0.00
7.48 23 1.64
7.48 25 0.00
7.48 30 0.00
7.48 B1 5259.99 5259.99 
7.48 B3 5311.40 5311.40 
7.48 120 13 04 50
7.48 244 0.44
7.485 22 0.00
7.485 23 1.64
7.485 25 0.00
7.485 30 0.00
7.485 B1 5261.86 5261.86 
7.485 B3 5313.42 5313.42 
7.485 120 13 04 50
7.485 244 0.44
7.49 22 0.00
7.49 23 1.63
7.49 25 0.00
7.49 30 0.00
7.49 B1 5264.18 5264.18 
7.49 B3 5315.77 5315.77 
7.49 120 13 04 50
7.49 244 0.44
7.495 22 0.00
7.495 23 1.62
7.495 25 0.00
7.495 30 0.00
7.495 B1 5266.76 5266.76 
7.495 B3 5318.33 5318.33 
7.495 120 13 04 50
7.495 244 0.44
7.5 22 0.00
7.5 23 1.62
7.5 25 0.00
7.5 30 0.00
7.5 B1 5269.52 5269.52 
7.5 B3 5321.03 5321.03 
7.5 120 13 04 50
7.5 244 0.44
7.505 22 0.00
7.505 23 1.62
7.505 25 0.00
7.505 30 0.00
7.505 B1 5273.70 5273.70 
7.505 B3 5325.03 5325.03 
7.505 120 13 04 50
7.505 244 0.44
7.51 22 0.00
7.51 23 1.62
7.51 25 0.00
7.51 30 0.00
7.51 B1 5277.44 5277.44 
7.51 B3 5328.75 5328.75 
7.51 120 13 04 50
7.51 244 0.44
7.515 22 0.00
7.515 23 1.63
7.515 25 0.00
7.515 30 0.00
7.515 B1 5280.92 5280.92 
7.515 B3 5332.27 5332.27 
7.515 120 13 04 50
7.515 244 0.44
7.52 22 0.00
7.52 23 1.63
7.52 25 0.00
7.52 30 0.00
7.52 B1 5282.91 5282.91 
7.52 B3 5334.46 5334.46 
7.52 120 13 04 50
7.52 244 0.44
7.525 22 0.00
7.525 23 1.62
7.525 25 0.00
7.525 30 0.00
7.525 B1 5286.61 5286.61 
7.525 B3 5338.10 5338.10 
7.525 120 13 04 50
7.525 244 0.44
7.53 22 0.00
7.53 23 1.63
7.53 25 0.00
7.53 30 0.00
7.53 B1 5290.07 5290.07 
7.53 B3 5341.57 5341.57 
7.53 120 13 04 50
7.53 244 0.44
7.535 22 0.00
7.535 23 1.63
7.535 25 0.00
7.535 30 0.00
7.535 B1 5293.37 5293.37 
7.535 B3 5344.92 5344.92 
7.535 120 13 04 50
7.535 244 0.44
7.54 22 0.00
7.54 23 1.63
7.54 25 0.00
7.54 30 0.00
7.54 B1 5296.57 5296.57 
7.54 B3 5348.19 5348.19 
7.54 120 13 04 50
7.54 244 0.44
7.545 22 0.00
7.545 23 1.63
7.545 25 0.00
7.545 30 0.00
7.545 B1 5299.71 5299.71 
7.545 B3 5351.39 5351.39 
7.545 120 13 04 50
7.545 244 0.44
7.55 22 0.00
7.55 23 1.63
7.55 25 0.00
7.55 30 0.00
7.55 B1 5302.82 5302.82 
7.55 B3 5354.56 5354.56 
7.55 120 13 04 50
7.55 244 0.44
7.555 22 0.00
7.555 23 1.63
7.555 25 0.00
7.555 30 0.00
7.555 B1 5305.90 5305.90 
7.555 B3 5357.69 5357.69 
7.555 120 13 04 50
7.555 244 0.44
7.56 22 0.00
7.56 23 1.63
7.56 25 0.00
7.56 30 0.00
7.56 B1 5308.97 5308.97 
7.56 B3 5360.81 5360.81 
7.56 120 13 04 50
7.56 244 0.44
7.565 22 0.00
7.565 23 1.63
7.565 25 0.00
7.565 30 0.00
7.565 B1 5312.03 5312.03 
7.565 B3 5363.92 5363.92 
7.565 120 13 04 50
7.565 244 0.44
7.57 22 0.00
7.57 23 1.63
7.57 25 0.00
7.57 30 0.00
7.57 B1 5313.76 5313.76 
7.57 B3 5365.81 5365.81 
7.57 120 13 04 50
7.57 244 0.44
7.575 22 0.00
7.575 23 1.62
7.575 25 0.00
7.575 30 0.00
7.575 B1 5315.98 5315.98 
7.575 B3 5368.05 5368.05 
7.575 120 13 04 50
7.575 244 0.44
7.58 22 0.00
7.58 23 1.61
7.58 25 0.00
7.58 30 0.00
7.58 B1 5319.81 5319.81 
7.58 B3 5371.72 5371.72 
7.58 120 13 04 50
7.58 244 0.44
7.585 22 0.00
7.585 23 1.62
7.585 25 0.00
7.585 30 0.00
7.585 B1 5323.34 5323.34 
7.585 B3 5375.21 5375.21 
7.585 120 13 04 50
7.585 244 0.44
7.59 22 0.00
7.59 23 1.62
7.59 25 0.00
7.59 30 0.00
7.59 B1 5325.36 5325.36 
7.59 B3 5377.36 5377.36 
7.59 120 13 04 50
7.59 244 0.44
7.595 22 0.00
7.595 23 1.61
7.595 25 0.00
7.595 30 0.00
7.595 B1 5327.75 5327.75 
7.595 B3 5379.78 5379.78 
7.595 120 13 04 50
7.595 244 0.44
7.6 22 0.00
7.6 23 1.60
7.6 25 0.00
7.6 30 0.00
7.6 B1 5330.37 5330.37 
7.6 B3 5382.38 5382.38 
7.6 120 13 04 50
7.6 244 0.44
7.605 22 0.00
7.605 23 1.60
7.605 25 0.00
7.605 30 0.00
7.605 B1 5334.44 5334.44 
7.605 B3 5386.29 5386.29 
7.605 120 13 04 50
7.605 244 0.44
7.61 22 0.00
7.61 23 1.61
7.61 25 0.00
7.61 30 0.00
7.61 B1 5338.12 5338.12 
7.61 B3 5389.95 5389.95 
7.61 120 13 04 50
7.61 244 0.44
7.615 22 0.00
7.615 23 1.61
7.615 25 0.00
7.615 30 0.00
7.615 B1 5341.54 5341.54 
7.615 B3 5393.41 5393.41 
7.615 120 13 04 50
7.615 244 0.44
7.62 22 0.00
7.62 23 1.61
7.62 25 0.00
7.62 30 0.00
7.62 B1 5344.81 5344.81 
7.62 B3 5396.75 5396.75 
7.62 120 13 04 50
7.62 244 0.44
7.625 22 0.00
7.625 23 1.62
7.625 25 0.00
7.625 30 0.00
7.625 B1 5347.99 5347.99 
7.625 B3 5400.01 5400.01 
7.625 120 13 04 50
7.625 244 0.44
7.63 22 0.00
7.63 23 1.62
7.63 25 0.00
7.63 30 0.00
7.63 B1 5351.11 5351.11 
7.63 B3 5403.20 5403.20 
7.63 120 13 04 50
7.63 244 0.44
7.635 22 0.00
7.635 23 1.62
7.635 25 0.00
7.635 30 0.00
7.635 B1 5354.18 5354.18 
7.635 B3 5406.34 5406.34 
7.635 120 13 04 50
7.635 244 0.44
7.64 22 0.00
7.64 23 1.62
7.64 25 0.00
7.64 30 0.00
7.64 B1 5358.56 5358.56 
7.64 B3 5410.66 5410.66 
7.64 120 13 04 50
7.64 244 0.44
7.645 22 0.00
7.645 23 1.62
7.645 25 0.00
7.645 30 0.00
7.645 B1 5361.12 5361.12 
7.645 B3 5413.40 5413.40 
7.645 120 13 04 50
7.645 244 0.44
7.65 22 0.00
7.65 23 1.62
7.65 25 0.00
7.65 30 0.00
7.65 B1 5365.17 5365.17 
7.65 B3 5417.44 5417.44 
7.65 120 13 04 50
7.65 244 0.44
7.655 22 0.00
7.655 23 1.63
7.655 25 0.00
7.655 30 0.00
7.655 B1 5367.52 5367.52 
7.655 B3 5419.99 5419.99 
7.655 120 13 04 50
7.655 244 0.44
7.66 22 0.00
7.66 23 1.62
7.66 25 0.00
7.66 30 0.00
7.66 B1 5370.13 5370.13 
7.66 B3 5422.69 5422.69 
7.66 120 13 04 50
7.66 244 0.44
7.665 22 0.00
7.665 23 1.62
7.665 25 0.00
7.665 30 0.00
7.665 B1 5372.88 5372.88 
7.665 B3 5425.49 5425.49 
7.665 120 13 04 50
7.665 244 0.44
7.67 22 0.00
7.67 23 1.62
7.67 25 0.00
7.67 30 0.00
7.67 B1 5375.74 5375.74 
7.67 B3 5428.37 5428.37 
7.67 120 13 04 50
7.67 244 0.44
7.675 22 0.00
7.675 23 1.61
7.675 25 0.00
7.675 30 0.00
7.675 B1 5379.97 5379.97 
7.675 B3 5432.49 5432.49 
7.675 120 13 04 50
7.675 244 0.44
7.68 22 0.00
7.68 23 1.62
7.68 25 0.00
7.68 30 0.00
7.68 B1 5382.44 5382.44 
7.68 B3 5435.10 5435.10 
7.68 120 13 04 50
7.68 244 0.44
7.685 22 0.00
7.685 23 1.62
7.685 25 0.00
7.685 30 0.00
7.685 B1 5385.11 5385.11 
7.685 B3 5437.84 5437.84 
7.685 120 13 04 50
7.685 244 0.44
7.69 22 0.00
7.69 23 1.61
7.69 25 0.00
7.69 30 0.00
7.69 B1 5386.58 5386.58 
7.69 B3 5439.47 5439.47 
7.69 120 13 04 50
7.69 244 0.44
7.695 22 0.00
7.695 23 1.60
7.695 25 0.00
7.695 30 0.00
7.695 B1 5388.62 5388.62 
7.695 B3 5441.51 5441.51 
7.695 120 13 04 50
7.695 244 0.44
7.7 22 0.00
7.7 23 1.59
7.7 25 0.00
7.7 30 0.00
7.7 B1 5392.33 5392.33 
7.7 B3 5445.03 5445.03 
7.7 120 13 04 50
7.7 244 0.44
7.705 22 0.00
7.705 23 1.60
7.705 25 0.00
7.705 30 0.00
7.705 B1 5395.77 5395.77 
7.705 B3 5448.39 5448.39 
7.705 120 13 04 50
7.705 244 0.44
7.71 22 0.00
7.71 23 1.60
7.71 25 0.00
7.71 30 0.00
7.71 B1 5399.03 5399.03 
7.71 B3 5451.66 5451.66 
7.71 120 13 04 50
7.71 244 0.44
7.715 22 0.00
7.715 23 1.60
7.715 25 0.00
7.715 30 0.00
7.715 B1 5402.20 5402.20 
7.715 B3 5454.85 5454.85 
7.715 120 13 04 50
7.715 244 0.44
7.72 22 0.00
7.72 23 1.60
7.72 25 0.00
7.72 30 0.00
7.72 B1 5405.30 5405.30 
7.72 B3 5457.98 5457.98 
7.72 120 13 04 50
7.72 244 0.44
7.725 22 0.00
7.725 23 1.60
7.725 25 0.00
7.725 30 0.00
7.725 B1 5409.68 5409.68 
7.725 B3 5462.28 5462.28 
7.725 120 13 04 50
7.725 244 0.44
7.73 22 0.00
7.73 23 1.61
7.73 25 0.00
7.73 30 0.00
7.73 B1 5413.55 5413.55 
7.73 B3 5466.21 5466.21 
7.73 120 13 04 50
7.73 244 0.44
7.735 22 0.00
7.735 23 1.62
7.735 25 0.00
7.735 30 0.00
7.735 B1 5417.11 5417.11 
7.735 B3 5469.88 5469.88 
7.735 120 13 04 50
7.735 244 0.44
7.74 22 0.00
7.74 23 1.62
7.74 25 0.00
7.74 30 0.00
7.74 B1 5420.46 5420.46 
7.74 B3 5473.36 5473.36 
7.74 120 13 04 50
7.74 244 0.44
7.745 22 0.00
7.745 23 1.62
7.745 25 0.00
7.745 30 0.00
7.745 B1 5423.70 5423.70 
7.745 B3 5476.72 5476.72 
7.745 120 13 04 50
7.745 244 0.44
7.75 22 0.00
7.75 23 1.62
7.75 25 0.00
7.75 30 0.00
7.75 B1 5425.54 5425.54 
7.75 B3 5478.80 5478.80 
7.75 120 13 04 50
7.75 244 0.44
7.755 22 0.00
7.755 23 1.61
7.755 25 0.00
7.755 30 0.00
7.755 B1 5427.81 5427.81 
7.755 B3 5481.16 5481.16 
7.755 120 13 04 50
7.755 244 0.44
7.76 22 0.00
7.76 23 1.61
7.76 25 0.00
7.76 30 0.00
7.76 B1 5430.35 5430.35 
7.76 B3 5483.72 5483.72 
7.76 120 13 04 50
7.76 244 0.44
7.765 22 0.00
7.765 23 1.60
7.765 25 0.00
7.765 30 0.00
7.765 B1 5433.05 5433.05 
7.765 B3 5486.41 5486.41 
7.765 120 13 04 50
7.765 244 0.44
7.77 22 0.00
7.77 23 1.60
7.77 25 0.00
7.77 30 0.00
7.77 B1 5435.86 5435.86 
7.77 B3 5489.19 5489.19 
7.77 120 13 04 50
7.77 244 0.44
7.775 22 0.00
7.775 23 1.60
7.775 25 0.00
7.775 30 0.00
7.775 B1 5438.74 5438.74 
7.775 B3 5492.04 5492.04 
7.775 120 13 04 50
7.775 244 0.44
7.78 22 0.00
7.78 23 1.60
7.78 25 0.00
7.78 30 0.00
7.78 B1 5441.65 5441.65 
7.78 B3 5494.94 5494.94 
7.78 120 13 04 50
7.78 244 0.44
7.785 22 0.00
7.785 23 1.59
7.785 25 0.00
7.785 30 0.00
7.785 B1 5444.58 5444.58 
7.785 B3 5497.86 5497.86 
7.785 120 13 04 50
7.785 244 0.44
7.79 22 0.00
7.79 23 1.59
7.79 25 0.00
7.79 30 0.00
7.79 B1 5447.53 5447.53 
7.79 B3 5500.81 5500.81 
7.79 120 13 04 50
7.79 244 0.44
7.795 22 0.00
7.795 23 1.59
7.795 25 0.00
7.795 30 0.00
7.795 B1 5449.17 5449.17 
7.795 B3 5502.57 5502.57 
7.795 120 13 04 50
7.795 244 0.44
7.8 22 0.00
7.8 23 1.58
7.8 25 0.00
7.8 30 0.00
7.8 B1 5452.61 5452.61 
7.8 B3 5505.89 5505.89 
7.8 120 13 04 50
7.8 244 0.44
7.805 22 0.00
7.805 23 1.58
7.805 25 0.00
7.805 30 0.00
7.805 B1 5455.87 5455.87 
7.805 B3 5509.10 5509.10 
7.805 120 13 04 50
7.805 244 0.44
7.81 22 0.00
7.81 23 1.59
7.81 25 0.00
7.81 30 0.00
7.81 B1 5459.02 5459.02 
7.81 B3 5512.26 5512.26 
7.81 120 13 04 50
7.81 244 0.44
7.815 22 0.00
7.815 23 1.59
7.815 25 0.00
7.815 30 0.00
7.815 B1 5462.10 5462.10 
7.815 B3 5515.36 5515.36 
7.815 120 13 04 50
7.815 244 0.44
7.82 22 0.00
7.82 23 1.59
7.82 25 0.00
7.82 30 0.00
7.82 B1 5463.81 5463.81 
7.82 B3 5517.22 5517.22 
7.82 120 13 04 50
7.82 244 0.44
7.825 22 0.00
7.825 23 1.58
7.825 25 0.00
7.825 30 0.00
7.825 B1 5467.30 5467.30 
7.825 B3 5520.61 5520.61 
7.825 120 13 04 50
7.825 244 0.44
7.83 22 0.00
7.83 23 1.58
7.83 25 0.00
7.83 30 0.00
7.83 B1 5470.59 5470.59 
7.83 B3 5523.87 5523.87 
7.83 120 13 04 50
7.83 244 0.44
7.835 22 0.00
7.835 23 1.58
7.835 25 0.00
7.835 30 0.00
7.835 B1 5473.75 5473.75 
7.835 B3 5527.05 5527.05 
7.835 120 13 04 50
7.835 244 0.44
7.84 22 0.00
7.84 23 1.58
7.84 25 0.00
7.84 30 0.00
7.84 B1 5476.83 5476.83 
7.84 B3 5530.17 5530.17 
7.84 120 13 04 50
7.84 244 0.44
7.845 22 0.00
7.845 23 1.58
7.845 25 0.00
7.845 30 0.00
7.845 B1 5478.55 5478.55 
7.845 B3 5532.05 5532.05 
7.845 120 13 04 50
7.845 244 0.44
7.85 22 0.00
7.85 23 1.57
7.85 25 0.00
7.85 30 0.00
7.85 B1 5480.71 5480.71 
7.85 B3 5534.25 5534.25 
7.85 120 13 04 50
7.85 244 0.44
7.855 22 0.00
7.855 23 1.57
7.855 25 0.00
7.855 30 0.00
7.855 B1 5483.15 5483.15 
7.855 B3 5536.66 5536.66 
7.855 120 13 04 50
7.855 244 0.44
7.86 22 0.00
7.86 23 1.56
7.86 25 0.00
7.86 30 0.00
7.86 B1 5485.76 5485.76 
7.86 B3 5539.22 5539.22 
7.86 120 13 04 50
7.86 244 0.44
7.865 22 0.00
7.865 23 1.56
7.865 25 0.00
7.865 30 0.00
7.865 B1 5488.48 5488.48 
7.865 B3 5541.89 5541.89 
7.865 120 13 04 50
7.865 244 0.44
7.87 22 0.00
7.87 23 1.56
7.87 25 0.00
7.87 30 0.00
7.87 B1 5491.26 5491.26 
7.87 B3 5544.63 5544.63 
7.87 120 13 04 50
7.87 244 0.44
7.875 22 0.00
7.875 23 1.55
7.875 25 0.00
7.875 30 0.00
7.875 B1 5494.09 5494.09 
7.875 B3 5547.43 5547.43 
7.875 120 13 04 50
7.875 244 0.44
7.88 22 0.00
7.88 23 1.55
7.88 25 0.00
7.88 30 0.00
7.88 B1 5498.26 5498.26 
7.88 B3 5551.45 5551.45 
7.88 120 13 04 50
7.88 244 0.44
7.885 22 0.00
7.885 23 1.56
7.885 25 0.00
7.885 30 0.00
7.885 B1 5500.65 5500.65 
7.885 B3 5553.96 5553.96 
7.885 120 13 04 50
7.885 244 0.44
7.89 22 0.00
7.89 23 1.56
7.89 25 0.00
7.89 30 0.00
7.89 B1 5503.23 5503.23 
7.89 B3 5556.59 5556.59 
7.89 120 13 04 50
7.89 244 0.44
7.895 22 0.00
7.895 23 1.55
7.895 25 0.00
7.895 30 0.00
7.895 B1 5505.92 5505.92 
7.895 B3 5559.30 5559.30 
7.895 120 13 04 50
7.895 244 0.43
7.9 22 0.00
7.9 23 1.55
7.9 25 0.00
7.9 30 0.00
7.9 B1 5506.05 5506.05 
7.9 B3 5559.68 5559.68 
7.9 120 13 04 50
7.9 244 0.43
7.905 22 0.00
7.905 23 1.53
7.905 25 0.00
7.905 30 0.00
7.905 B1 5507.16 5507.16 
7.905 B3 5560.79 5560.79 
7.905 120 13 04 50
7.905 244 0.43
7.91 22 0.00
7.91 23 1.52
7.91 25 0.00
7.91 30 0.00
7.91 B1 5508.90 5508.90 
7.91 B3 5562.39 5562.39 
7.91 120 13 04 50
7.91 244 0.44
7.915 22 0.00
7.915 23 1.51
7.915 25 0.00
7.915 30 0.00
7.915 B1 5513.67 5513.67 
7.915 B3 5566.74 5566.74 
7.915 120 13 04 50
7.915 244 0.44
7.92 22 0.00
7.92 23 1.52
7.92 25 0.00
7.92 30 0.00
7.92 B1 5517.74 5517.74 
7.92 B3 5570.65 5570.65 
7.92 120 13 04 50
7.92 244 0.43
7.925 22 0.00
7.925 23 1.53
7.925 25 0.00
7.925 30 0.00
7.925 B1 5518.72 5518.72 
7.925 B3 5571.87 5571.87 
7.925 120 13 04 50
7.925 244 0.43
7.93 22 0.00
7.93 23 1.51
7.93 25 0.00
7.93 30 0.00
7.93 B1 5520.37 5520.37 
7.93 B3 5573.56 5573.56 
7.93 120 13 04 50
7.93 244 0.43
7.935 22 0.00
7.935 23 1.51
7.935 25 0.00
7.935 30 0.00
7.935 B1 5522.43 5522.43 
7.935 B3 5575.58 5575.58 
7.935 120 13 04 50
7.935 244 0.44
7.94 22 0.00
7.94 23 1.50
7.94 25 0.00
7.94 30 0.00
7.94 B1 5527.41 5527.41 
7.94 B3 5580.21 5580.21 
7.94 120 13 04 50
7.94 244 0.43
7.945 22 0.00
7.945 23 1.51
7.945 25 0.00
7.945 30 0.00
7.945 B1 5528.96 5528.96 
7.945 B3 5581.93 5581.93 
7.945 120 13 04 50
7.945 244 0.43
7.95 22 0.00
7.95 23 1.50
7.95 25 0.00
7.95 30 0.00
7.95 B1 5530.96 5530.96 
7.95 B3 5583.97 5583.97 
7.95 120 13 04 50
7.95 244 0.43
7.955 22 0.00
7.955 23 1.50
7.955 25 0.00
7.955 30 0.00
7.955 B1 5533.25 5533.25 
7.955 B3 5586.23 5586.23 
7.955 120 13 04 50
7.955 244 0.43
7.96 22 0.00
7.96 23 1.49
7.96 25 0.00
7.96 30 0.00
7.96 B1 5535.71 5535.71 
7.96 B3 5588.64 5588.64 
7.96 120 13 04 50
7.96 244 0.43
7.965 22 0.00
7.965 23 1.49
7.965 25 0.00
7.965 30 0.00
7.965 B1 5538.29 5538.29 
7.965 B3 5591.16 5591.16 
7.965 120 13 04 50
7.965 244 0.43
7.97 22 0.00
7.97 23 1.49
7.97 25 0.00
7.97 30 0.00
7.97 B1 5540.93 5540.93 
7.97 B3 5593.76 5593.76 
7.97 120 13 04 50
7.97 244 0.44
7.975 22 0.00
7.975 23 1.49
7.975 25 0.00
7.975 30 0.00
7.975 B1 5546.26 5546.26 
7.975 B3 5598.80 5598.80 
7.975 120 13 04 50
7.975 244 0.44
7.98 22 0.00
7.98 23 1.50
7.98 25 0.00
7.98 30 0.00
7.98 B1 5550.67 5550.67 
7.98 B3 5603.20 5603.20 
7.98 120 13 04 50
7.98 244 0.44
7.985 22 0.00
7.985 23 1.51
7.985 25 0.00
7.985 30 0.00
7.985 B1 5554.51 5554.51 
7.985 B3 5607.15 5607.15 
7.985 120 13 04 50
7.985 244 0.44
7.99 22 0.00
7.99 23 1.52
7.99 25 0.00
7.99 30 0.00
7.99 B1 5557.98 5557.98 
7.99 B3 5610.79 5610.79 
7.99 120 13 04 50
7.99 244 0.44
7.995 22 0.00
7.995 23 1.52
7.995 25 0.00
7.995 30 0.00
7.995 B1 5562.55 5562.55 
7.995 B3 5615.40 5615.40 
7.995 120 13 04 50
7.995 244 0.44
8 22 0.00
8 23 1.53
8 25 0.00
8 30 0.00
8 B1 5566.50 5566.50 
8 B3 5619.52 5619.52 
8 120 13 04 50
8 244 0.44
8.005 22 0.00
8.005 23 1.54
8.005 25 0.00
8.005 30 0.00
8.005 B1 5570.06 5570.06 
8.005 B3 5623.29 5623.29 
8.005 120 13 04 50
8.005 244 0.44
8.01 22 0.00
8.01 23 1.55
8.01 25 0.00
8.01 30 0.00
8.01 B1 5573.37 5573.37 
8.01 B3 5626.81 5626.81 
8.01 120 13 04 50
8.01 244 0.44
8.014999 22 0.00
8.014999 23 1.55
8.014999 25 0.00
8.014999 30 0.00
8.014999 B1 5576.54 5576.54 
8.014999 B3 5630.16 5630.16 
8.014999 120 13 04 50
8.014999 244 0.44
8.02 22 0.00
8.02 23 1.55
8.02 25 0.00
8.02 30 0.00
8.02 B1 5579.60 5579.60 
8.02 B3 5633.39 5633.39 
8.02 120 13 04 50
8.02 244 0.44
8.025 22 0.00
8.025 23 1.55
8.025 25 0.00
8.025 30 0.00
8.025 B1 5582.60 5582.60 
8.025 B3 5636.53 5636.53 
8.025 120 13 04 50
8.025 244 0.44
8.03 22 0.00
8.03 23 1.55
8.03 25 0.00
8.03 30 0.00
8.03 B1 5585.56 5585.56 
8.03 B3 5639.61 5639.61 
8.03 120 13 04 50
8.03 244 0.44
8.035 22 0.00
8.035 23 1.55
8.035 25 0.00
8.035 30 0.00
8.035 B1 5588.50 5588.50 
8.035 B3 5642.65 5642.65 
8.035 120 13 04 50
8.035 244 0.44
8.04 22 0.00
8.04 23 1.55
8.04 25 0.00
8.04 30 0.00
8.04 B1 5591.42 5591.42 
8.04 B3 5645.65 5645.65 
8.04 120 13 04 50
8.04 244 0.44
8.045 22 0.00
8.045 23 1.55
8.045 25 0.00
8.045 30 0.00
8.045 B1 5594.33 5594.33 
8.045 B3 5648.63 5648.63 
8.045 120 13 04 50
8.045 244 0.44
8.05 22 0.00
8.05 23 1.55
8.05 25 0.00
8.05 30 0.00
8.05 B1 5597.23 5597.23 
8.05 B3 5651.60 5651.60 
8.05 120 13 04 50
8.05 244 0.44
8.054999 22 0.00
8.054999 23 1.55
8.054999 25 0.00
8.054999 30 0.00
8.054999 B1 5600.13 5600.13 
8.054999 B3 5654.55 5654.55 
8.054999 120 13 04 50
8.054999 244 0.44
8.059999 22 0.00
8.059999 23 1.55
8.059999 25 0.00
8.059999 30 0.00
8.059999 B1 5603.02 5603.02 
8.059999 B3 5657.49 5657.49 
8.059999 120 13 04 50
8.059999 244 0.44
8.065 22 0.00
8.065 23 1.55
8.065 25 0.00
8.065 30 0.00
8.065 B1 5607.23 5607.23 
8.065 B3 5661.62 5661.62 
8.065 120 13 04 50
8.065 244 0.45
8.07 22 0.00
8.07 23 1.56
8.07 25 0.00
8.07 30 0.00
8.07 B1 5612.29 5612.29 
8.07 B3 5666.61 5666.61 
8.07 120 13 04 50
8.07 244 0.44
8.075 22 0.00
8.075 23 1.57
8.075 25 0.00
8.075 30 0.00
8.075 B1 5615.27 5615.27 
8.075 B3 5669.82 5669.82 
8.075 120 13 04 50
8.075 244 0.44
8.08 22 0.00
8.08 23 1.57
8.08 25 0.00
8.08 30 0.00
8.08 B1 5618.23 5618.23 
8.08 B3 5672.97 5672.97 
8.08 120 13 04 50
8.08 244 0.44
8.085 22 0.00
8.085 23 1.57
8.085 25 0.00
8.085 30 0.00
8.085 B1 5621.18 5621.18 
8.085 B3 5676.06 5676.06 
8.085 120 13 04 50
8.085 244 0.44
8.09 22 0.00
8.09 23 1.57
8.09 25 0.00
8.09 30 0.00
8.09 B1 5624.12 5624.12 
8.09 B3 5679.12 5679.12 
8.09 120 13 04 50
8.09 244 0.44
8.095 22 0.00
8.095 23 1.57
8.095 25 0.00
8.095 30 0.00
8.095 B1 5627.06 5627.06 
8.095 B3 5682.14 5682.14 
8.095 120 13 04 50
8.095 244 0.44
8.099999 22 0.00
8.099999 23 1.57
8.099999 25 0.00
8.099999 30 0.00
8.099999 B1 5629.99 5629.99 
8.099999 B3 5685.15 5685.15 
8.099999 120 13 04 50
8.099999 244 0.45
8.105 22 0.00
8.105 23 1.57
8.105 25 0.00
8.105 30 0.00
8.105 B1 5634.24 5634.24 
8.105 B3 5689.34 5689.34 
8.105 120 13 04 50
8.105 244 0.45
8.11 22 0.00
8.11 23 1.58
8.11 25 0.00
8.11 30 0.00
8.11 B1 5638.02 5638.02 
8.11 B3 5693.19 5693.19 
8.11 120 13 04 50
8.11 244 0.45
8.115 22 0.00
8.115 23 1.58
8.115 25 0.00
8.115 30 0.00
8.115 B1 5641.50 5641.50 
8.115 B3 5696.79 5696.79 
8.115 120 13 04 50
8.115 244 0.45
8.12 22 0.00
8.12 23 1.59
8.12 25 0.00
8.12 30 0.00
8.12 B1 5644.80 5644.80 
8.12 B3 5700.22 5700.22 
8.12 120 13 04 50
8.12 244 0.45
8.125 22 0.00
8.125 23 1.59
8.125 25 0.00
8.125 30 0.00
8.125 B1 5647.98 5647.98 
8.125 B3 5703.53 5703.53 
8.125 120 13 04 50
8.125 244 0.45
8.13 22 0.00
8.13 23 1.59
8.13 25 0.40
8.13 30 0.00
8.13 B1 5651.08 5651.08 
8.13 B3 5706.75 5706.75 
8.13 120 13 04 50
8.13 244 0.45
8.135 22 0.27
8.135 23 1.59
8.135 25 0.40
8.135 30 0.00
8.135 B1 5654.08 5654.08 
8.135 B3 5709.91 5709.91 
8.135 120 13 04 50
8.135 244 0.45
8.139999 22 0.26
8.139999 23 1.59
8.139999 25 0.64
8.139999 30 0.00
8.139999 B1 5656.94 5657.20 
8.139999 B3 5712.91 5713.12 
8.139999 120 13 04 50
8.139999 244 0.45
8.145 22 0.42
8.145 23 1.59
8.145 25 0.99
8.145 30 0.00
8.145 B1 5659.65 5660.32 
8.145 B3 5715.82 5716.38 
8.145 120 13 04 50
8.145 244 0.45
8.15 22 0.66
8.15 23 1.58
8.15 25 0.99
8.15 30 0.00
8.15 B1 5662.08 5663.42 
8.15 B3 5718.58 5719.73 
8.15 120 13 04 50
8.15 244 0.45
8.155 22 0.64
8.155 23 1.58
8.155 25 0.99
8.155 30 0.00
8.155 B1 5664.40 5666.79 
8.155 B3 5721.14 5723.22 
8.155 120 13 04 50
8.155 244 0.45
8.16 22 0.63
8.16 23 1.58
8.16 25 1.10
8.16 30 0.00
8.16 B1 5666.64 5670.32 
8.16 B3 5723.57 5726.83 
8.16 120 13 04 50
8.16 244 0.45
8.165 22 0.70
8.165 23 1.57
8.165 25 1.34
8.165 30 0.00
8.165 B1 5668.78 5673.88 
8.165 B3 5725.91 5730.49 
8.165 120 13 04 50
8.165 244 0.45
8.17 22 0.86
8.17 23 1.57
8.17 25 1.34
8.17 30 0.00
8.17 B1 5670.74 5677.41 
8.17 B3 5728.16 5734.23 
8.17 120 13 04 50
8.17 244 0.45
8.175 22 0.84
8.175 23 1.57
8.175 25 1.34
8.175 30 0.00
8.175 B1 5672.66 5681.15 
8.175 B3 5730.28 5738.07 
8.175 120 13 04 50
8.175 244 0.45
8.179999 22 0.83
8.179999 23 1.57
8.179999 25 1.34
8.179999 30 0.00
8.179999 B1 5674.56 5685.00 
8.179999 B3 5732.31 5741.99 
8.179999 120 13 04 50
8.179999 244 0.45
8.184999 22 0.81
8.184999 23 1.57
8.184999 25 1.34
8.184999 30 0.00
8.184999 B1 5676.47 5688.92 
8.184999 B3 5734.29 5745.94 
8.184999 120 13 04 50
8.184999 244 0.45
8.19 22 0.80
8.19 23 1.57
8.19 25 1.45
8.19 30 0.00
8.19 B1 5678.39 5692.87 
8.19 B3 5736.24 5749.91 
8.19 120 13 04 50
8.19 244 0.45
8.195 22 0.88
8.195 23 1.56
8.195 25 1.45
8.195 30 0.00
8.195 B1 5681.56 5698.06 
8.195 B3 5739.38 5755.07 
8.195 120 13 04 50
8.195 244 0.45
8.2 22 0.86
8.2 23 1.57
8.2 25 1.45
8.2 30 0.00
8.2 B1 5684.27 5702.86 
8.2 B3 5742.14 5759.94 
8.2 120 13 04 50
8.2 244 0.45
8.205 22 0.85
8.205 23 1.58
8.205 25 1.34
8.205 30 0.00
8.205 B1 5686.72 5707.40 
8.205 B3 5744.66 5764.58 
8.205 120 13 04 50
8.205 244 0.45
8.21 22 0.76
8.21 23 1.58
8.21 25 1.45
8.21 30 0.00
8.21 B1 5687.74 5710.52 
8.21 B3 5745.81 5767.86 
8.21 120 13 04 50
8.21 244 0.45
8.215 22 0.84
8.215 23 1.57
8.215 25 1.45
8.215 30 0.00
8.215 B1 5689.07 5713.82 
8.215 B3 5747.22 5771.30 
8.215 120 13 04 50
8.215 244 0.45
8.22 22 0.83
8.22 23 1.57
8.22 25 1.45
8.22 30 0.00
8.22 B1 5690.63 5717.35 
8.22 B3 5748.78 5774.89 
8.22 120 13 04 50
8.22 244 0.45
8.224999 22 0.82
8.224999 23 1.56
8.224999 25 1.57
8.224999 30 0.00
8.224999 B1 5692.36 5721.01 
8.224999 B3 5750.45 5778.57 
8.224999 120 13 04 50
8.224999 244 0.45
8.23 22 0.90
8.23 23 1.56
8.23 25 1.57
8.23 30 0.00
8.23 B1 5695.43 5726.00 
8.23 B3 5753.42 5783.50 
8.23 120 13 04 50
8.23 244 0.45
8.235 22 0.89
8.235 23 1.57
8.235 25 1.57
8.235 30 0.00
8.235 B1 5698.10 5730.62 
8.235 B3 5756.08 5788.17 
8.235 120 13 04 50
8.235 244 0.45
8.24 22 0.89
8.24 23 1.57
8.24 25 1.57
8.24 30 0.00
8.24 B1 5700.54 5735.02 
8.24 B3 5758.55 5792.64 
8.24 120 13 04 50
8.24 244 0.45
8.245 22 0.88
8.245 23 1.57
8.245 25 1.57
8.245 30 0.00
8.245 B1 5702.83 5739.25 
8.245 B3 5760.88 5796.97 
8.245 120 13 04 50
8.245 244 0.45
8.25 22 0.88
8.25 23 1.57
8.25 25 1.69
8.25 30 0.00
8.25 B1 5705.03 5743.37 
8.25 B3 5763.12 5801.18 
8.25 120 13 04 50
8.25 244 0.45
8.255 22 0.96
8.255 23 1.57
8.255 25 1.69
8.255 30 0.00
8.255 B1 5707.11 5747.33 
8.255 B3 5765.31 5805.31 
8.255 120 13 04 50
8.255 244 0.45
8.26 22 0.96
8.26 23 1.57
8.26 25 1.69
8.26 30 0.00
8.26 B1 5709.15 5751.29 
8.26 B3 5767.43 5809.39 
8.26 120 13 04 50
8.26 244 0.45
8.264999 22 0.96
8.264999 23 1.57
8.264999 25 1.69
8.264999 30 0.00
8.264999 B1 5711.18 5755.25 
8.264999 B3 5769.51 5813.44 
8.264999 120 13 04 50
8.264999 244 0.45
8.27 22 0.95
8.27 23 1.57
8.27 25 1.69
8.27 30 0.00
8.27 B1 5713.21 5759.20 
8.27 B3 5771.57 5817.46 
8.27 120 13 04 50
8.27 244 0.45
8.275 22 0.95
8.275 23 1.57
8.275 25 1.69
8.275 30 0.00
8.275 B1 5715.25 5763.12 
8.275 B3 5773.63 5821.44 
8.275 120 13 04 50
8.275 244 0.45
8.28 22 0.95
8.28 23 1.57
8.28 25 1.80
8.28 30 0.00
8.28 B1 5717.30 5767.02 
8.28 B3 5775.68 5825.39 
8.28 120 13 04 50
8.28 244 0.46
8.285 22 1.04
8.285 23 1.57
8.285 25 1.80
8.285 30 0.00
8.285 B1 5720.61 5772.14 
8.285 B3 5778.94 5830.51 
8.285 120 13 04 50
8.285 244 0.46
8.29 22 1.04
8.29 23 1.58
8.29 25 1.80
8.29 30 0.00
8.29 B1 5723.46 5776.85 
8.29 B3 5781.84 5835.31 
8.29 120 13 04 50
8.29 244 0.46
8.295 22 1.04
8.295 23 1.58
8.295 25 1.80
8.295 30 0.00
8.295 B1 5726.03 5781.29 
8.295 B3 5784.51 5839.87 
8.295 120 13 04 50
8.295 244 0.46
8.3 22 1.04
8.3 23 1.58
8.3 25 1.92
8.3 30 0.00
8.3 B1 5728.42 5785.54 
8.3 B3 5787.00 5844.25 
8.3 120 13 04 50
8.3 244 0.46
8.304999 22 1.13
8.304999 23 1.58
8.304999 25 1.92
8.304999 30 0.00
8.304999 B1 5730.62 5789.57 
8.304999 B3 5789.38 5848.50 
8.304999 120 13 04 50
8.304999 244 0.46
8.309999 22 1.13
8.309999 23 1.58
8.309999 25 1.92
8.309999 30 0.00
8.309999 B1 5732.76 5793.59 
8.309999 B3 5791.66 5852.68 
8.309999 120 13 04 50
8.309999 244 0.46
8.315 22 1.13
8.315 23 1.58
8.315 25 1.92
8.315 30 0.00
8.315 B1 5734.85 5797.59 
8.315 B3 5793.86 5856.80 
8.315 120 13 04 50
8.315 244 0.46
8.32 22 1.14
8.32 23 1.58
8.32 25 2.03
8.32 30 0.00
8.32 B1 5736.94 5801.57 
8.32 B3 5796.01 5860.88 
8.32 120 13 04 50
8.32 244 0.46
8.325 22 1.23
8.325 23 1.58
8.325 25 2.03
8.325 30 0.00
8.325 B1 5738.93 5805.42 
8.325 B3 5798.14 5864.91 
8.325 120 13 04 50
8.325 244 0.46
8.33 22 1.23
8.33 23 1.58
8.33 25 2.15
8.33 30 0.00
8.33 B1 5740.91 5809.32 
8.33 B3 5800.23 5868.94 
8.33 120 13 04 50
8.33 244 0.46
8.335 22 1.32
8.335 23 1.57
8.335 25 2.15
8.335 30 0.00
8.335 B1 5742.80 5813.15 
8.335 B3 5802.29 5872.96 
8.335 120 13 04 50
8.335 244 0.46
8.34 22 1.32
8.34 23 1.57
8.34 25 2.15
8.34 30 0.00
8.34 B1 5744.69 5817.05 
8.34 B3 5804.29 5876.99 
8.34 120 13 04 50
8.34 244 0.46
8.345 22 1.33
8.345 23 1.57
8.345 25 2.15
8.345 30 0.00
8.345 B1 5746.60 5821.01 
8.345 B3 5806.27 5881.02 
8.345 120 13 04 50
8.345 244 0.46
8.349999 22 1.33
8.349999 23 1.57
8.349999 25 2.15
8.349999 30 0.00
8.349999 B1 5748.52 5824.98 
8.349999 B3 5808.23 5885.05 
8.349999 120 13 04 50
8.349999 244 0.46
8.355 22 1.33
8.355 23 1.57
8.355 25 2.15
8.355 30 0.00
8.355 B1 5750.46 5828.95 
8.355 B3 5810.19 5889.08 
8.355 120 13 04 50
8.355 244 0.46
8.36 22 1.34
8.36 23 1.57
8.36 25 2.15
8.36 30 0.00
8.36 B1 5752.42 5832.91 
8.36 B3 5812.15 5893.08 
8.36 120 13 04 50
8.36 244 0.46
8.365 22 1.34
8.365 23 1.57
8.365 25 2.15
8.365 30 0.00
8.365 B1 5754.40 5836.85 
8.365 B3 5814.13 5897.06 
8.365 120 13 04 50
8.365 244 0.46
8.37 22 1.35
8.37 23 1.57
8.37 25 2.15
8.37 30 0.00
8.37 B1 5756.40 5840.78 
8.37 B3 5816.12 5901.02 
8.37 120 13 04 50
8.37 244 0.46
8.375 22 1.36
8.375 23 1.57
8.375 25 2.15
8.375 30 0.00
8.375 B1 5759.73 5846.00 
8.375 B3 5819.31 5906.16 
8.375 120 13 04 50
8.375 244 0.46
8.38 22 1.37
8.38 23 1.58
8.38 25 2.15
8.38 30 0.00
8.38 B1 5762.63 5850.75 
8.38 B3 5822.20 5910.96 
8.38 120 13 04 50
8.38 244 0.46
8.385 22 1.38
8.385 23 1.58
8.385 25 2.15
8.385 30 0.00
8.385 B1 5765.25 5855.19 
8.385 B3 5824.88 5915.50 
8.385 120 13 04 50
8.385 244 0.46
8.389999 22 1.39
8.389999 23 1.59
8.389999 25 2.15
8.389999 30 0.00
8.389999 B1 5767.70 5859.41 
8.389999 B3 5827.40 5919.85 
8.389999 120 13 04 50
8.389999 244 0.46
8.395 22 1.40
8.395 23 1.59
8.395 25 2.15
8.395 30 0.00
8.395 B1 5770.05 5863.49 
8.395 B3 5829.83 5924.06 
8.395 120 13 04 50
8.395 244 0.46
8.4 22 1.41
8.4 23 1.59
8.4 25 2.27
8.4 30 0.00
8.4 B1 5772.34 5867.46 
8.4 B3 5832.19 5928.17 
8.4 120 13 04 50
8.4 244 0.46
8.405 22 1.51
8.405 23 1.58
8.405 25 2.27
8.405 30 0.00
8.405 B1 5774.48 5871.25 
8.405 B3 5834.51 5932.20 
8.405 120 13 04 50
8.405 244 0.46
8.41 22 1.52
8.41 23 1.58
8.41 25 2.27
8.41 30 0.00
8.41 B1 5776.61 5875.07 
8.41 B3 5836.76 5936.18 
8.41 120 13 04 50
8.41 244 0.46
8.415 22 1.53
8.415 23 1.58
8.415 25 2.39
8.415 30 0.00
8.415 B1 5778.74 5878.89 
8.415 B3 5838.98 5940.14 
8.415 120 13 04 50
8.415 244 0.46
8.42 22 1.63
8.42 23 1.58
8.42 25 2.39
8.42 30 0.00
8.42 B1 5780.74 5882.59 
8.42 B3 5841.17 5944.07 
8.42 120 13 04 50
8.42 244 0.46
8.425 22 1.64
8.425 23 1.58
8.425 25 2.39
8.425 30 0.00
8.425 B1 5782.75 5886.37 
8.425 B3 5843.31 5948.01 
8.425 120 13 04 50
8.425 244 0.46
8.429999 22 1.65
8.429999 23 1.58
8.429999 25 2.39
8.429999 30 0.00
8.429999 B1 5784.77 5890.18 
8.429999 B3 5845.43 5951.94 
8.429999 120 13 04 50
8.429999 244 0.46
8.434999 22 1.66
8.434999 23 1.58
8.434999 25 2.39
8.434999 30 0.00
8.434999 B1 5786.81 5894.01 
8.434999 B3 5847.53 5955.86 
8.434999 120 13 04 50
8.434999 244 0.46
8.44 22 1.67
8.44 23 1.58
8.44 25 2.39
8.44 30 0.00
8.44 B1 5788.85 5897.83 
8.44 B3 5849.62 5959.77 
8.44 120 13 04 50
8.44 244 0.46
8.445 22 1.68
8.445 23 1.58
8.445 25 2.39
8.445 30 0.00
8.445 B1 5790.92 5901.65 
8.445 B3 5851.71 5963.66 
8.445 120 13 04 50
8.445 244 0.46
8.45 22 1.69
8.45 23 1.57
8.45 25 2.39
8.45 30 0.00
8.45 B1 5792.99 5905.46 
8.45 B3 5853.81 5967.54 
8.45 120 13 04 50
8.45 244 0.46
8.455 22 1.71
8.455 23 1.57
8.455 25 2.50
8.455 30 0.00
8.455 B1 5795.09 5909.25 
8.455 B3 5855.92 5971.40 
8.455 120 13 04 50
8.455 244 0.46
8.46 22 1.81
8.46 23 1.57
8.46 25 2.50
8.46 30 0.00
8.46 B1 5797.07 5912.89 
8.46 B3 5858.04 5975.23 
8.46 120 13 04 50
8.46 244 0.46
8.465 22 1.82
8.465 23 1.57
8.465 25 2.73
8.465 30 0.00
8.465 B1 5799.07 5916.60 
8.465 B3 5860.13 5979.08 
8.465 120 13 04 50
8.465 244 0.46
8.47 22 2.02
8.47 23 1.56
8.47 25 2.73
8.47 30 0.00
8.47 B1 5800.82 5920.07 
8.47 B3 5862.21 5982.92 
8.47 120 13 04 50
8.47 244 0.46
8.474999 22 2.03
8.474999 23 1.55
8.474999 25 2.73
8.474999 30 0.00
8.474999 B1 5802.60 5923.73 
8.474999 B3 5864.22 5986.83 
8.474999 120 13 04 50
8.474999 244 0.46
8.48 22 2.04
8.48 23 1.55
8.48 25 2.85
8.48 30 0.00
8.48 B1 5804.39 5927.51 
8.48 B3 5866.17 5990.77 
8.48 120 13 04 50
8.48 244 0.46
8.485 22 2.14
8.485 23 1.55
8.485 25 2.85
8.485 30 0.00
8.485 B1 5807.38 5932.52 
8.485 B3 5869.28 5995.92 
8.485 120 13 04 50
8.485 244 0.46
8.49 22 2.15
8.49 23 1.55
8.49 25 2.97
8.49 30 0.00
8.49 B1 5809.95 5937.22 
8.49 B3 5872.01 6000.79 
8.49 120 13 04 50
8.49 244 0.46
8.495 22 2.25
8.495 23 1.55
8.495 25 2.97
8.495 30 0.00
8.495 B1 5810.79 5940.22 
8.495 B3 5873.28 6004.26 
8.495 120 13 04 50
8.495 244 0.46
8.5 22 2.26
8.5 23 1.55
8.5 25 3.08
8.5 30 0.00
8.5 B1 5811.92 5943.61 
8.5 B3 5874.65 6007.91 
8.5 120 13 04 50
8.5 244 0.46
8.505 22 2.36
8.505 23 1.53
8.505 25 3.08
8.505 30 0.00
8.505 B1 5813.09 5947.08 
8.505 B3 5876.11 6011.68 
8.505 120 13 04 50
8.505 244 0.46
8.51 22 2.37
8.51 23 1.53
8.51 25 3.20
8.51 30 0.00
8.51 B1 5814.42 5950.79 
8.51 B3 5877.60 6015.57 
8.51 120 13 04 50
8.51 244 0.46
8.514999 22 2.47
8.514999 23 1.52
8.514999 25 3.32
8.514999 30 0.00
8.514999 B1 5817.02 5955.79 
8.514999 B3 5880.31 6020.73 
8.514999 120 13 04 50
8.514999 244 0.46
8.52 22 2.57
8.52 23 1.52
8.52 25 3.32
8.52 30 0.00
8.52 B1 5819.07 5960.36 
8.52 B3 5882.67 6025.65 
8.52 120 13 04 50
8.52 244 0.46
8.525 22 2.58
8.525 23 1.53
8.525 25 3.32
8.525 30 0.00
8.525 B1 5820.92 5964.86 
8.525 B3 5884.77 6030.41 
8.525 120 13 04 50
8.525 244 0.46
8.53 22 2.59
8.53 23 1.53
8.53 25 3.32
8.53 30 0.00
8.53 B1 5821.32 5967.97 
8.53 B3 5885.48 6033.86 
8.53 120 13 04 50
8.53 244 0.46
8.535 22 2.59
8.535 23 1.52
8.535 25 3.32
8.535 30 0.00
8.535 B1 5822.12 5971.46 
8.535 B3 5886.40 6037.52 
8.535 120 13 04 50
8.535 244 0.46
8.54 22 2.60
8.54 23 1.52
8.54 25 3.43
8.54 30 0.00
8.54 B1 5824.50 5976.50 
8.54 B3 5888.67 6042.52 
8.54 120 13 04 50
8.54 244 0.46
8.545 22 2.71
8.545 23 1.51
8.545 25 3.43
8.545 30 0.00
8.545 B1 5826.41 5981.06 
8.545 B3 5890.73 6047.30 
8.545 120 13 04 50
8.545 244 0.46
8.55 22 2.72
8.55 23 1.52
8.55 25 3.43
8.55 30 0.00
8.55 B1 5828.18 5985.52 
8.55 B3 5892.61 6051.95 
8.55 120 13 04 50
8.55 244 0.46
8.554999 22 2.73
8.554999 23 1.52
8.554999 25 3.43
8.554999 30 0.00
8.554999 B1 5828.54 5988.57 
8.554999 B3 5893.18 6055.29 
8.554999 120 13 04 50
8.554999 244 0.46
8.559999 22 2.74
8.559999 23 1.51
8.559999 25 3.55
8.559999 30 0.00
8.559999 B1 5829.31 5991.99 
8.559999 B3 5894.00 6058.84 
8.559999 120 13 04 50
8.559999 244 0.46
8.565 22 2.85
8.565 23 1.50
8.565 25 3.55
8.565 30 0.00
8.565 B1 5830.17 5995.45 
8.565 B3 5895.01 6062.55 
8.565 120 13 04 50
8.565 244 0.46
8.57 22 2.86
8.57 23 1.49
8.57 25 3.55
8.57 30 0.00
8.57 B1 5831.23 5999.16 
8.57 B3 5896.13 6066.39 
8.57 120 13 04 50
8.57 244 0.46
8.575 22 2.87
8.575 23 1.49
8.575 25 3.55
8.575 30 0.00
8.575 B1 5832.44 6003.00 
8.575 B3 5897.33 6070.31 
8.575 120 13 04 50
8.575 244 0.46
8.58 22 2.88
8.58 23 1.49
8.58 25 3.55
8.58 30 0.00
8.58 B1 5835.07 6008.24 
8.58 B3 5899.80 6075.48 
8.58 120 13 04 50
8.58 244 0.46
8.585 22 2.90
8.585 23 1.50
8.585 25 3.67
8.585 30 0.00
8.585 B1 5837.32 6013.09 
8.585 B3 5902.00 6080.35 
8.585 120 13 04 50
8.585 244 0.46
8.59 22 3.01
8.59 23 1.49
8.59 25 3.67
8.59 30 0.00
8.59 B1 5837.82 6016.14 
8.59 B3 5902.82 6083.82 
8.59 120 13 04 50
8.59 244 0.46
8.595 22 3.02
8.595 23 1.49
8.595 25 3.67
8.595 30 0.00
8.595 B1 5838.66 6019.54 
8.595 B3 5903.81 6087.46 
8.595 120 13 04 50
8.595 244 0.46
8.599999 22 3.04
8.599999 23 1.48
8.599999 25 3.67
8.599999 30 0.00
8.599999 B1 5839.72 6023.16 
8.599999 B3 5904.92 6091.21 
8.599999 120 13 04 50
8.599999 244 0.46
8.605 22 3.05
8.605 23 1.48
8.605 25 3.67
8.605 30 0.00
8.605 B1 5840.94 6026.90 
8.605 B3 5906.13 6095.04 
8.605 120 13 04 50
8.605 244 0.46
8.61 22 3.07
8.61 23 1.48
8.61 25 3.67
8.61 30 0.00
8.61 B1 5843.58 6032.03 
8.61 B3 5908.62 6100.10 
8.61 120 13 04 50
8.61 244 0.46
8.615 22 3.09
8.615 23 1.48
8.615 25 3.67
8.615 30 0.00
8.615 B1 5845.84 6036.76 
8.615 B3 5910.85 6104.87 
8.615 120 13 04 50
8.615 244 0.46
8.62 22 3.10
8.62 23 1.49
8.62 25 3.67
8.62 30 0.00
8.62 B1 5846.56 6039.88 
8.62 B3 5911.70 6108.23 
8.62 120 13 04 50
8.62 244 0.46
8.625 22 3.12
8.625 23 1.48
8.625 25 3.67
8.625 30 0.00
8.625 B1 5847.58 6043.25 
8.625 B3 5912.77 6111.73 
8.625 120 13 04 50
8.625 244 0.46
8.63 22 3.14
8.63 23 1.48
8.63 25 3.67
8.63 30 0.00
8.63 B1 5850.14 6048.07 
8.63 B3 5915.18 6116.51 
8.63 120 13 04 50
8.63 244 0.46
8.635 22 3.16
8.635 23 1.48
8.635 25 3.67
8.635 30 0.00
8.635 B1 5852.38 6052.55 
8.635 B3 5917.39 6121.05 
8.635 120 13 04 50
8.635 244 0.46
8.639999 22 3.18
8.639999 23 1.49
8.639999 25 3.67
8.639999 30 0.00
8.639999 B1 5854.42 6056.78 
8.639999 B3 5919.46 6125.40 
8.639999 120 13 04 50
8.639999 244 0.46
8.645 22 3.20
8.645 23 1.49
8.645 25 3.67
8.645 30 0.00
8.645 B1 5856.35 6060.83 
8.645 B3 5921.44 6129.59 
8.645 120 13 04 50
8.645 244 0.46
8.65 22 3.23
8.65 23 1.49
8.65 25 3.67
8.65 30 0.00
8.65 B1 5858.21 6064.77 
8.65 B3 5923.35 6133.67 
8.65 120 13 04 50
8.65 244 0.46
8.655 22 3.25
8.655 23 1.49
8.655 25 3.67
8.655 30 0.00
8.655 B1 5860.03 6068.60 
8.655 B3 5925.24 6137.66 
8.655 120 13 04 50
8.655 244 0.46
8.66 22 3.27
8.66 23 1.49
8.66 25 3.67
8.66 30 0.00
8.66 B1 5860.51 6071.05 
8.66 B3 5925.90 6140.37 
8.66 120 13 04 50
8.66 244 0.46
8.665 22 3.29
8.665 23 1.48
8.665 25 3.67
8.665 30 0.00
8.665 B1 5861.43 6073.86 
8.665 B3 5926.88 6143.34 
8.665 120 13 04 50
8.665 244 0.46
8.67 22 3.32
8.67 23 1.48
8.67 25 3.67
8.67 30 0.00
8.67 B1 5863.98 6078.23 
8.67 B3 5929.29 6147.66 
8.67 120 13 04 50
8.67 244 0.46
8.675 22 3.34
8.675 23 1.48
8.675 25 3.67
8.675 30 0.00
8.675 B1 5866.26 6082.31 
8.675 B3 5931.54 6151.80 
8.675 120 13 04 50
8.675 244 0.46
8.679999 22 3.36
8.679999 23 1.48
8.679999 25 3.67
8.679999 30 0.00
8.679999 B1 5868.38 6086.20 
8.679999 B3 5933.69 6155.78 
8.679999 120 13 04 50
8.679999 244 0.46
8.684999 22 3.39
8.684999 23 1.48
8.684999 25 3.67
8.684999 30 0.00
8.684999 B1 5869.08 6088.62 
8.684999 B3 5934.57 6158.47 
8.684999 120 13 04 50
8.684999 244 0.46
8.69 22 3.41
8.69 23 1.48
8.69 25 3.78
8.69 30 0.00
8.69 B1 5870.17 6091.38 
8.69 B3 5935.73 6161.36 
8.69 120 13 04 50
8.69 244 0.46
8.695 22 3.54
8.695 23 1.46
8.695 25 3.78
8.695 30 0.00
8.695 B1 5872.63 6095.45 
8.695 B3 5938.29 6165.61 
8.695 120 13 04 50
8.695 244 0.46
8.7 22 3.56
8.7 23 1.47
8.7 25 3.78
8.7 30 0.00
8.7 B1 5874.84 6099.33 
8.7 B3 5940.64 6169.68 
8.7 120 13 04 50
8.7 244 0.46
8.705 22 3.58
8.705 23 1.47
8.705 25 3.78
8.705 30 0.00
8.705 B1 5876.89 6103.08 
8.705 B3 5942.83 6173.63 
8.705 120 13 04 50
8.705 244 0.46
8.71 22 3.60
8.71 23 1.47
8.71 25 3.78
8.71 30 0.00
8.71 B1 5878.84 6106.73 
8.71 B3 5944.92 6177.46 
8.71 120 13 04 50
8.71 244 0.46
8.715 22 3.63
8.715 23 1.47
8.715 25 3.67
8.715 30 0.00
8.715 B1 5880.73 6110.31 
8.715 B3 5946.93 6181.22 
8.715 120 13 04 50
8.715 244 0.46
8.72 22 3.55
8.72 23 1.48
8.72 25 3.67
8.72 30 0.00
8.72 B1 5882.80 6114.04 
8.72 B3 5948.91 6184.91 
8.72 120 13 04 50
8.72 244 0.46
8.724999 22 3.58
8.724999 23 1.48
8.724999 25 3.67
8.724999 30 0.00
8.724999 B1 5884.82 6117.60 
8.724999 B3 5950.89 6188.51 
8.724999 120 13 04 50
8.724999 244 0.46
8.73 22 3.61
8.73 23 1.48
8.73 25 3.78
8.73 30 0.00
8.73 B1 5885.49 6119.73 
8.73 B3 5951.70 6190.85 
8.73 120 13 04 50
8.73 244 0.46
8.735 22 3.73
8.735 23 1.46
8.735 25 3.78
8.735 30 0.00
8.735 B1 5886.40 6121.99 
8.735 B3 5952.84 6193.43 
8.735 120 13 04 50
8.735 244 0.46
8.74 22 3.76
8.74 23 1.45
8.74 25 3.78
8.74 30 0.00
8.74 B1 5887.61 6124.59 
8.74 B3 5954.18 6196.23 
8.74 120 13 04 50
8.74 244 0.46
8.745 22 3.78
8.745 23 1.45
8.745 25 3.78
8.745 30 0.00
8.745 B1 5889.04 6127.40 
8.745 B3 5955.67 6199.17 
8.745 120 13 04 50
8.745 244 0.46
8.75 22 3.80
8.75 23 1.44
8.75 25 3.78
8.75 30 0.00
8.75 B1 5890.60 6130.35 
8.75 B3 5957.27 6202.21 
8.75 120 13 04 50
8.75 244 0.46
8.755 22 3.83
8.755 23 1.44
8.755 25 3.78
8.755 30 0.00
8.755 B1 5892.25 6133.37 
8.755 B3 5958.94 6205.31 
8.755 120 13 04 50
8.755 244 0.46
8.76 22 3.85
8.76 23 1.44
8.76 25 3.78
8.76 30 0.00
8.76 B1 5893.96 6136.44 
8.76 B3 5960.69 6208.47 
8.76 120 13 04 50
8.76 244 0.46
8.764999 22 3.88
8.764999 23 1.44
8.764999 25 3.78
8.764999 30 0.00
8.764999 B1 5897.04 6140.86 
8.764999 B3 5963.67 6212.84 
8.764999 120 13 04 50
8.764999 244 0.46
8.77 22 3.90
8.77 23 1.44
8.77 25 3.78
8.77 30 0.00
8.77 B1 5898.37 6143.53 
8.77 B3 5965.16 6215.72 
8.77 120 13 04 50
8.77 244 0.46
8.775 22 3.93
8.775 23 1.44
8.775 25 3.78
8.775 30 0.00
8.775 B1 5899.89 6146.35 
8.775 B3 5966.78 6218.70 
8.775 120 13 04 50
8.775 244 0.46
8.78 22 3.95
8.78 23 1.44
8.78 25 3.78
8.78 30 0.00
8.78 B1 5901.53 6149.25 
8.78 B3 5968.48 6221.72 
8.78 120 13 04 50
8.78 244 0.46
8.785 22 3.98
8.785 23 1.43
8.785 25 3.78
8.785 30 0.00
8.785 B1 5904.57 6153.52 
8.785 B3 5971.45 6225.99 
8.785 120 13 04 50
8.785 244 0.46
8.79 22 4.00
8.79 23 1.44
8.79 25 3.78
8.79 30 0.00
8.79 B1 5905.90 6156.08 
8.79 B3 5972.95 6228.77 
8.79 120 13 04 50
8.79 244 0.46
8.795 22 4.03
8.795 23 1.44
8.795 25 3.78
8.795 30 0.00
8.795 B1 5907.42 6158.78 
8.795 B3 5974.58 6231.65 
8.795 120 13 04 50
8.795 244 0.46
8.8 22 4.05
8.8 23 1.43
8.8 25 3.78
8.8 30 0.00
8.8 B1 5909.07 6161.58 
8.8 B3 5976.31 6234.59 
8.8 120 13 04 50
8.8 244 0.46
8.804999 22 4.07
8.804999 23 1.43
8.804999 25 3.78
8.804999 30 0.00
8.804999 B1 5912.13 6165.76 
8.804999 B3 5979.30 6238.76 
8.804999 120 13 04 50
8.804999 244 0.46
8.809999 22 4.10
8.809999 23 1.44
8.809999 25 3.78
8.809999 30 0.00
8.809999 B1 5914.79 6169.55 
8.809999 B3 5982.01 6242.65 
8.809999 120 13 04 50
8.809999 244 0.46
8.815 22 4.12
8.815 23 1.44
8.815 25 3.78
8.815 30 0.00
8.815 B1 5917.20 6173.07 
8.815 B3 5984.54 6246.34 
8.815 120 13 04 50
8.815 244 0.46
8.82 22 4.15
8.82 23 1.44
8.82 25 3.78
8.82 30 0.00
8.82 B1 5919.45 6176.40 
8.82 B3 5986.93 6249.87 
8.82 120 13 04 50
8.82 244 0.46
8.825 22 4.17
8.825 23 1.44
8.825 25 3.78
8.825 30 0.00
8.825 B1 5921.61 6179.61 
8.825 B3 5989.23 6253.28 
8.825 120 13 04 50
8.825 244 0.46
8.83 22 4.20
8.83 23 1.44
8.83 25 3.78
8.83 30 0.00
8.83 B1 5923.70 6182.72 
8.83 B3 5991.46 6256.60 
8.83 120 13 04 50
8.83 244 0.46
8.835 22 4.22
8.835 23 1.44
8.835 25 3.67
8.835 30 0.00
8.835 B1 5925.74 6185.77 
8.835 B3 5993.64 6259.85 
8.835 120 13 04 50
8.835 244 0.46
8.84 22 4.15
8.84 23 1.45
8.84 25 3.67
8.84 30 0.00
8.84 B1 5927.99 6188.99 
8.84 B3 5995.80 6263.04 
8.84 120 13 04 50
8.84 244 0.46
8.845 22 4.17
8.845 23 1.45
8.845 25 3.78
8.845 30 0.00
8.845 B1 5930.20 6192.06 
8.845 B3 5997.97 6266.14 
8.845 120 13 04 50
8.845 244 0.46
8.849999 22 4.30
8.849999 23 1.44
8.849999 25 3.78
8.849999 30 0.00
8.849999 B1 5932.15 6194.79 
8.849999 B3 6000.16 6269.20 
8.849999 120 13 04 50
8.849999 244 0.46
8.855 22 4.32
8.855 23 1.44
8.855 25 3.78
8.855 30 0.00
8.855 B1 5934.11 6197.56 
8.855 B3 6002.32 6272.23 
8.855 120 13 04 50
8.855 244 0.46
8.86 22 4.34
8.86 23 1.44
8.86 25 3.78
8.86 30 0.00
8.86 B1 5936.09 6200.36 
8.86 B3 6004.46 6275.24 
8.86 120 13 04 50
8.86 244 0.46
8.865 22 4.37
8.865 23 1.44
8.865 25 3.67
8.865 30 0.00
8.865 B1 5938.07 6203.17 
8.865 B3 6006.59 6278.24 
8.865 120 13 04 50
8.865 244 0.46
8.87 22 4.29
8.87 23 1.45
8.87 25 3.78
8.87 30 0.00
8.87 B1 5940.29 6206.20 
8.87 B3 6008.70 6281.23 
8.87 120 13 04 50
8.87 244 0.46
8.875 22 4.41
8.875 23 1.44
8.875 25 3.78
8.875 30 0.00
8.875 B1 5942.25 6208.89 
8.875 B3 6010.85 6284.16 
8.875 120 13 04 50
8.875 244 0.46
8.88 22 4.44
8.88 23 1.44
8.88 25 3.78
8.88 30 0.00
8.88 B1 5944.23 6211.61 
8.88 B3 6012.99 6287.09 
8.88 120 13 04 50
8.88 244 0.46
8.885 22 4.46
8.885 23 1.44
8.885 25 3.78
8.885 30 0.00
8.885 B1 5946.22 6214.35 
8.885 B3 6015.12 6290.02 
8.885 120 13 04 50
8.885 244 0.46
8.889999 22 4.48
8.889999 23 1.43
8.889999 25 3.78
8.889999 30 0.00
8.889999 B1 5946.89 6215.77 
8.889999 B3 6016.04 6291.73 
8.889999 120 13 04 50
8.889999 244 0.46
8.895 22 4.50
8.895 23 1.42
8.895 25 3.78
8.895 30 0.00
8.895 B1 5948.03 6217.62 
8.895 B3 6017.29 6293.74 
8.895 120 13 04 50
8.895 244 0.46
8.9 22 4.52
8.9 23 1.42
8.9 25 3.78
8.9 30 0.00
8.9 B1 5950.78 6221.06 
8.9 B3 6019.95 6297.14 
8.9 120 13 04 50
8.9 244 0.46
8.905 22 4.54
8.905 23 1.42
8.905 25 3.78
8.905 30 0.00
8.905 B1 5953.28 6224.27 
8.905 B3 6022.46 6300.40 
8.905 120 13 04 50
8.905 244 0.46
8.91 22 4.56
8.91 23 1.42
8.91 25 3.78
8.91 30 0.00
8.91 B1 5954.28 6225.99 
8.91 B3 6023.66 6302.35 
8.91 120 13 04 50
8.91 244 0.46
8.915 22 4.58
8.915 23 1.42
8.915 25 3.78
8.915 30 0.00
8.915 B1 5955.64 6228.01 
8.915 B3 6025.11 6304.52 
8.915 120 13 04 50
8.915 244 0.46
8.92 22 4.60
8.92 23 1.41
8.92 25 3.78
8.92 30 0.00
8.92 B1 5958.53 6231.56 
8.92 B3 6027.92 6308.02 
8.92 120 13 04 50
8.92 244 0.46
8.925 22 4.63
8.925 23 1.41
8.925 25 3.78
8.925 30 0.00
8.925 B1 5961.12 6234.82 
8.925 B3 6030.54 6311.34 
8.925 120 13 04 50
8.925 244 0.46
8.929999 22 4.65
8.929999 23 1.42
8.929999 25 3.67
8.929999 30 0.00
8.929999 B1 5963.52 6237.88 
8.929999 B3 6033.01 6314.52 
8.929999 120 13 04 50
8.929999 244 0.46
8.934999 22 4.57
8.934999 23 1.43
8.934999 25 3.78
8.934999 30 0.00
8.934999 B1 5966.03 6241.04 
8.934999 B3 6035.39 6317.59 
8.934999 120 13 04 50
8.934999 244 0.46
8.94 22 4.69
8.94 23 1.42
8.94 25 3.67
8.94 30 0.00
8.94 B1 5968.18 6243.75 
8.94 B3 6037.74 6320.54 
8.94 120 13 04 50
8.94 244 0.46
8.945 22 4.61
8.945 23 1.43
8.945 25 3.78
8.945 30 0.00
8.945 B1 5970.54 6246.67 
8.945 B3 6040.03 6323.44 
8.945 120 13 04 50
8.945 244 0.46
8.95 22 4.73
8.95 23 1.42
8.95 25 3.78
8.95 30 0.00
8.95 B1 5972.58 6249.21 
8.95 B3 6042.31 6326.27 
8.95 120 13 04 50
8.95 244 0.46
8.955 22 4.75
8.955 23 1.42
8.955 25 3.78
8.955 30 0.00
8.955 B1 5974.63 6251.77 
8.955 B3 6044.56 6329.06 
8.955 120 13 04 50
8.955 244 0.46
8.96 22 4.77
8.96 23 1.42
8.96 25 3.78
8.96 30 0.00
8.96 B1 5976.67 6254.34 
8.96 B3 6046.76 6331.84 
8.96 120 13 04 50
8.96 244 0.46
8.965 22 4.79
8.965 23 1.42
8.965 25 3.78
8.965 30 0.00
8.965 B1 5978.71 6256.92 
8.965 B3 6048.95 6334.60 
8.965 120 13 04 50
8.965 244 0.46
8.97 22 4.80
8.97 23 1.42
8.97 25 3.78
8.97 30 0.00
8.97 B1 5980.76 6259.50 
8.97 B3 6051.11 6337.33 
8.97 120 13 04 50
8.97 244 0.46
8.974999 22 4.82
8.974999 23 1.42
8.974999 25 3.78
8.974999 30 0.00
8.974999 B1 5982.80 6262.08 
8.974999 B3 6053.27 6340.06 
8.974999 120 13 04 50
8.974999 244 0.46
8.98 22 4.84
8.98 23 1.41
8.98 25 3.78
8.98 30 0.00
8.98 B1 5984.84 6264.65 
8.98 B3 6055.42 6342.77 
8.98 120 13 04 50
8.98 244 0.46
8.985 22 4.86
8.985 23 1.41
8.985 25 3.78
8.985 30 0.00
8.985 B1 5986.89 6267.21 
8.985 B3 6057.56 6345.46 
8.985 120 13 04 50
8.985 244 0.46
8.99 22 4.88
8.99 23 1.41
8.99 25 3.78
8.99 30 0.00
8.99 B1 5988.93 6269.77 
8.99 B3 6059.70 6348.15 
8.99 120 13 04 50
8.99 244 0.46
8.995 22 4.89
8.995 23 1.41
8.995 25 3.78
8.995 30 0.00
8.995 B1 5990.98 6272.32 
8.995 B3 6061.84 6350.82 
8.995 120 13 04 50
8.995 244 0.46
9 22 4.91
9 23 1.41
9 25 3.67
9 30 0.00
9 B1 5993.03 6274.86 
9 B3 6063.97 6353.48 
9 120 13 04 50
9 244 0.46
9.005 22 4.83
9.005 23 1.42
9.005 25 3.67
9.005 30 0.00
9.005 B1 5995.34 6277.64 
9.005 B3 6066.10 6356.13 
9.005 120 13 04 50
9.005 244 0.46
9.01 22 4.85
9.01 23 1.42
9.01 25 3.67
9.01 30 0.00
9.01 B1 5997.60 6280.29 
9.01 B3 6068.28 6358.74 
9.01 120 13 04 50
9.01 244 0.46
9.014999 22 4.87
9.014999 23 1.42
9.014999 25 3.78
9.014999 30 0.00
9.014999 B1 5999.84 6282.85 
9.014999 B3 6070.48 6361.31 
9.014999 120 13 04 50
9.014999 244 0.46
9.02 22 4.98
9.02 23 1.41
9.02 25 3.78
9.02 30 0.00
9.02 B1 6001.80 6285.09 
9.02 B3 6072.71 6363.86 
9.02 120 13 04 50
9.02 244 0.46
9.025 22 5.00
9.025 23 1.41
9.025 25 3.67
9.025 30 0.00
9.025 B1 6003.79 6287.42 
9.025 B3 6074.91 6366.42 
9.025 120 13 04 50
9.025 244 0.46
9.03 22 4.92
9.03 23 1.41
9.03 25 3.67
9.03 30 0.00
9.03 B1 6006.06 6290.04 
9.03 B3 6077.08 6368.98 
9.03 120 13 04 50
9.03 244 0.46
9.035 22 4.93
9.035 23 1.41
9.035 25 3.67
9.035 30 0.00
9.035 B1 6008.30 6292.58 
9.035 B3 6079.29 6371.52 
9.035 120 13 04 50
9.035 244 0.46
9.04 22 4.95
9.04 23 1.41
9.04 25 3.67
9.04 30 0.00
9.04 B1 6010.51 6295.05 
9.04 B3 6081.51 6374.03 
9.04 120 13 04 50
9.04 244 0.46
9.045 22 4.97
9.045 23 1.41
9.045 25 3.67
9.045 30 0.00
9.045 B1 6012.72 6297.49 
9.045 B3 6083.74 6376.53 
9.045 120 13 04 50
9.045 244 0.46
9.05 22 4.99
9.05 23 1.41
9.05 25 3.78
9.05 30 0.00
9.05 B1 6014.91 6299.88 
9.05 B3 6085.99 6379.01 
9.05 120 13 04 50
9.05 244 0.46
9.054999 22 5.10
9.054999 23 1.40
9.054999 25 3.78
9.054999 30 0.00
9.054999 B1 6016.84 6302.00 
9.054999 B3 6088.24 6381.48 
9.054999 120 13 04 50
9.054999 244 0.46
9.059999 22 5.12
9.059999 23 1.40
9.059999 25 3.67
9.059999 30 0.00
9.059999 B1 6018.80 6304.23 
9.059999 B3 6090.45 6383.97 
9.059999 120 13 04 50
9.059999 244 0.46
9.065 22 5.03
9.065 23 1.41
9.065 25 3.67
9.065 30 0.00
9.065 B1 6021.04 6306.79 
9.065 B3 6092.62 6386.47 
9.065 120 13 04 50
9.065 244 0.46
9.07 22 5.04
9.07 23 1.41
9.07 25 3.67
9.07 30 0.00
9.07 B1 6023.27 6309.27 
9.07 B3 6094.83 6388.95 
9.07 120 13 04 50
9.07 244 0.46
9.075 22 5.06
9.075 23 1.40
9.075 25 3.67
9.075 30 0.00
9.075 B1 6025.47 6311.69 
9.075 B3 6097.04 6391.41 
9.075 120 13 04 50
9.075 244 0.46
9.08 22 5.08
9.08 23 1.40
9.08 25 3.78
9.08 30 0.00
9.08 B1 6027.66 6314.08 
9.08 B3 6099.26 6393.85 
9.08 120 13 04 50
9.08 244 0.46
9.085 22 5.19
9.085 23 1.39
9.085 25 3.67
9.085 30 0.00
9.085 B1 6029.57 6316.18 
9.085 B3 6101.49 6396.29 
9.085 120 13 04 50
9.085 244 0.46
9.09 22 5.10
9.09 23 1.40
9.09 25 3.67
9.09 30 0.00
9.09 B1 6030.47 6317.32 
9.09 B3 6102.49 6397.55 
9.09 120 13 04 50
9.09 244 0.46
9.095 22 5.12
9.095 23 1.39
9.095 25 3.67
9.095 30 0.00
9.095 B1 6033.11 6320.15 
9.095 B3 6105.01 6400.28 
9.095 120 13 04 50
9.095 244 0.46
9.099999 22 5.13
9.099999 23 1.39
9.099999 25 3.67
9.099999 30 0.00
9.099999 B1 6035.58 6322.80 
9.099999 B3 6107.45 6402.93 
9.099999 120 13 04 50
9.099999 244 0.46
9.105 22 5.15
9.105 23 1.39
9.105 25 3.67
9.105 30 0.00
9.105 B1 6036.62 6324.01 
9.105 B3 6108.64 6404.31 
9.105 120 13 04 50
9.105 244 0.46
9.11 22 5.16
9.11 23 1.39
9.11 25 3.67
9.11 30 0.00
9.11 B1 6038.03 6325.56 
9.11 B3 6110.10 6405.93 
9.11 120 13 04 50
9.11 244 0.46
9.115 22 5.17
9.115 23 1.38
9.115 25 3.55
9.115 30 0.00
9.115 B1 6039.68 6327.32 
9.115 B3 6111.76 6407.73 
9.115 120 13 04 50
9.115 244 0.46
9.12 22 5.09
9.12 23 1.39
9.12 25 3.55
9.12 30 0.00
9.12 B1 6041.75 6329.50 
9.12 B3 6113.56 6409.66 
9.12 120 13 04 50
9.12 244 0.46
9.125 22 5.10
9.125 23 1.38
9.125 25 3.20
9.125 30 0.00
9.125 B1 6043.88 6331.65 
9.125 B3 6115.50 6411.66 
9.125 120 13 04 50
9.125 244 0.46
9.13 22 4.82
9.13 23 1.41
9.13 25 3.20
9.13 30 0.00
9.13 B1 6046.78 6334.50 
9.13 B3 6117.55 6413.70 
9.13 120 13 04 50
9.13 244 0.46
9.135 22 4.84
9.135 23 1.41
9.135 25 2.62
9.135 30 0.00
9.135 B1 6049.59 6336.99 
9.135 B3 6119.80 6415.69 
9.135 120 13 04 50
9.135 244 0.46
9.139999 22 4.37
9.139999 23 1.44
9.139999 25 2.03
9.139999 30 0.00
9.139999 B1 6053.42 6340.29 
9.139999 B3 6122.19 6417.64 
9.139999 120 13 04 50
9.139999 244 0.46
9.145 22 3.92
9.145 23 1.47
9.145 25 1.92
9.145 30 0.00
9.145 B1 6057.95 6343.75 
9.145 B3 6124.88 6419.41 
9.145 120 13 04 50
9.145 244 0.46
9.15 22 3.87
9.15 23 1.48
9.15 25 1.45
9.15 30 0.00
9.15 B1 6062.44 6346.42 
9.15 B3 6127.98 6420.89 
9.15 120 13 04 50
9.15 244 0.46
9.155 22 3.53
9.155 23 1.50
9.155 25 1.45
9.155 30 0.00
9.155 B1 6066.01 6347.60 
9.155 B3 6130.21 6420.95 
9.155 120 13 04 50
9.155 244 0.46
9.16 22 3.58
9.16 23 1.49
9.16 25 1.45
9.16 30 0.00
9.16 B1 6069.91 6348.42 
9.16 B3 6133.14 6421.02 
9.16 120 13 04 50
9.16 244 0.46
9.165 22 3.62
9.165 23 1.49
9.165 25 1.45
9.165 30 0.00
9.165 B1 6074.00 6349.00 
9.165 B3 6136.54 6421.11 
9.165 120 13 04 50
9.165 244 0.46
9.17 22 3.66
9.17 23 1.48
9.17 25 1.45
9.17 30 0.00
9.17 B1 6078.20 6349.45 
9.17 B3 6140.28 6421.24 
9.17 120 13 04 50
9.17 244 0.46
9.175 22 3.70
9.175 23 1.48
9.175 25 1.45
9.175 30 0.00
9.175 B1 6083.76 6351.14 
9.175 B3 6145.43 6422.61 
9.175 120 13 04 50
9.175 244 0.46
9.179999 22 3.73
9.179999 23 1.48
9.179999 25 1.34
9.179999 30 0.00
9.179999 B1 6088.90 6352.40 
9.179999 B3 6150.41 6423.73 
9.179999 120 13 04 50
9.179999 244 0.46
9.184999 22 3.67
9.184999 23 1.49
9.184999 25 1.34
9.184999 30 0.00
9.184999 B1 6093.87 6353.51 
9.184999 B3 6155.25 6424.69 
9.184999 120 13 04 50
9.184999 244 0.46
9.19 22 3.70
9.19 23 1.49
9.19 25 1.34
9.19 30 0.00
9.19 B1 6098.64 6354.37 
9.19 B3 6160.02 6425.50 
9.19 120 13 04 50
9.19 244 0.46
9.195 22 3.73
9.195 23 1.49
9.195 25 1.22
9.195 30 0.00
9.195 B1 6103.24 6355.08 
9.195 B3 6164.71 6426.23 
9.195 120 13 04 50
9.195 244 0.46
9.2 22 3.66
9.2 23 1.50
9.2 25 1.22
9.2 30 0.00
9.2 B1 6107.86 6355.85 
9.2 B3 6169.32 6426.91 
9.2 120 13 04 50
9.2 244 0.46
9.205 22 3.68
9.205 23 1.50
9.205 25 1.22
9.205 30 0.00
9.205 B1 6111.06 6355.19 
9.205 B3 6172.70 6426.34 
9.205 120 13 04 50
9.205 244 0.46
9.21 22 3.71
9.21 23 1.49
9.21 25 1.22
9.21 30 0.00
9.21 B1 6114.61 6354.88 
9.21 B3 6176.37 6426.04 
9.21 120 13 04 50
9.21 244 0.46
9.215 22 3.73
9.215 23 1.48
9.215 25 1.22
9.215 30 0.00
9.215 B1 6118.38 6354.83 
9.215 B3 6180.21 6425.97 
9.215 120 13 04 50
9.215 244 0.46
9.22 22 3.75
9.22 23 1.48
9.22 25 0.99
9.22 30 0.00
9.22 B1 6122.27 6354.99 
9.22 B3 6184.17 6426.07 
9.22 120 13 04 50
9.22 244 0.46
9.224999 22 3.57
9.224999 23 1.48
9.224999 25 0.99
9.224999 30 0.00
9.224999 B1 6127.82 6356.89 
9.224999 B3 6189.39 6427.52 
9.224999 120 13 04 50
9.224999 244 0.46
9.23 22 3.59
9.23 23 1.49
9.23 25 0.87
9.23 30 0.00
9.23 B1 6132.96 6358.33 
9.23 B3 6194.41 6428.73 
9.23 120 13 04 50
9.23 244 0.46
9.235 22 3.51
9.235 23 1.49
9.235 25 0.75
9.235 30 0.00
9.235 B1 6136.61 6358.29 
9.235 B3 6198.06 6428.59 
9.235 120 13 04 50
9.235 244 0.46
9.24 22 3.44
9.24 23 1.49
9.24 25 0.52
9.24 30 0.00
9.24 B1 6141.95 6359.87 
9.24 B3 6203.13 6429.81 
9.24 120 13 04 50
9.24 244 0.46
9.245 22 3.27
9.245 23 1.50
9.245 25 0.52
9.245 30 0.00
9.245 B1 6145.89 6359.98 
9.245 B3 6206.86 6429.64 
9.245 120 13 04 50
9.245 244 0.46
9.25 22 3.29
9.25 23 1.49
9.25 25 0.52
9.25 30 0.00
9.25 B1 6150.06 6360.14 
9.25 B3 6210.86 6429.58 
9.25 120 13 04 50
9.25 244 0.46
9.255 22 3.30
9.255 23 1.49
9.255 25 0.40
9.255 30 0.00
9.255 B1 6154.37 6360.35 
9.255 B3 6215.04 6429.63 
9.255 120 13 04 50
9.255 244 0.46
9.26 22 3.22
9.26 23 1.49
9.26 25 0.40
9.26 30 0.00
9.26 B1 6160.18 6362.05 
9.26 B3 6220.52 6430.95 
9.26 120 13 04 50
9.26 244 0.46
9.264999 22 3.23
9.264999 23 1.50
9.264999 25 0.40
9.264999 30 0.00
9.264999 B1 6165.58 6363.32 
9.264999 B3 6225.79 6432.04 
9.264999 120 13 04 50
9.264999 244 0.46
9.27 22 3.24
9.27 23 1.50
9.27 25 0.40
9.27 30 0.00
9.27 B1 6169.38 6363.00 
9.27 B3 6229.71 6431.76 
9.27 120 13 04 50
9.27 244 0.46
9.275 22 3.25
9.275 23 1.49
9.275 25 0.40
9.275 30 0.00
9.275 B1 6173.41 6362.94 
9.275 B3 6233.79 6431.69 
9.275 120 13 04 50
9.275 244 0.46
9.28 22 3.25
9.28 23 1.49
9.28 25 0.17
9.28 30 0.00
9.28 B1 6177.57 6363.07 
9.28 B3 6237.99 6431.77 
9.28 120 13 04 50
9.28 244 0.46
9.285 22 3.07
9.285 23 1.49
9.285 25 0.17
9.285 30 0.00
9.285 B1 6183.34 6364.88 
9.285 B3 6243.44 6433.18 
9.285 120 13 04 50
9.285 244 0.46
9.29 22 3.08
9.29 23 1.50
9.29 25 0.05
9.29 30 0.00
9.29 B1 6188.72 6366.26 
9.29 B3 6248.69 6434.34 
9.29 120 13 04 50
9.29 244 0.46
9.295 22 2.99
9.295 23 1.50
9.295 25 0.00
9.295 30 0.00
9.295 B1 6193.93 6367.47 
9.295 B3 6253.77 6435.35 
9.295 120 13 04 50
9.295 244 0.46
9.3 22 2.95
9.3 23 1.50
9.3 25 0.00
9.3 30 0.00
9.3 B1 6198.98 6368.48 
9.3 B3 6258.75 6436.21 
9.3 120 13 04 50
9.3 244 0.46
9.304999 22 2.95
9.304999 23 1.51
9.304999 25 0.00
9.304999 30 0.00
9.304999 B1 6203.91 6369.32 
9.304999 B3 6263.66 6436.98 
9.304999 120 13 04 50
9.304999 244 0.46
9.309999 22 2.95
9.309999 23 1.51
9.309999 25 0.00
9.309999 30 0.00
9.309999 B1 6208.72 6370.08 
9.309999 B3 6268.50 6437.70 
9.309999 120 13 04 50
9.309999 244 0.46
9.315 22 2.95
9.315 23 1.51
9.315 25 0.00
9.315 30 0.00
9.315 B1 6213.44 6370.79 
9.315 B3 6273.27 6438.39 
9.315 120 13 04 50
9.315 244 0.46
9.32 22 2.94
9.32 23 1.51
9.32 25 0.00
9.32 30 0.00
9.32 B1 6218.09 6371.49 
9.32 B3 6277.99 6439.08 
9.32 120 13 04 50
9.32 244 0.46
9.325 22 2.94
9.325 23 1.51
9.325 25 0.00
9.325 30 0.00
9.325 B1 6223.99 6373.53 
9.325 B3 6283.84 6440.97 
9.325 120 13 04 50
9.325 244 0.46
9.33 22 2.93
9.33 23 1.51
9.33 25 0.00
9.33 30 0.00
9.33 B1 6229.40 6375.18 
9.33 B3 6289.33 6442.60 
9.33 120 13 04 50
9.33 244 0.46
9.335 22 2.92
9.335 23 1.52
9.335 25 0.00
9.335 30 0.00
9.335 B1 6233.15 6375.26 
9.335 B3 6293.35 6442.84 
9.335 120 13 04 50
9.335 244 0.46
9.34 22 2.91
9.34 23 1.51
9.34 25 0.00
9.34 30 0.00
9.34 B1 6238.41 6376.93 
9.34 B3 6298.66 6444.46 
9.34 120 13 04 50
9.34 244 0.46
9.345 22 2.90
9.345 23 1.52
9.345 25 0.00
9.345 30 0.00
9.345 B1 6243.35 6378.39 
9.345 B3 6303.71 6445.91 
9.345 120 13 04 50
9.345 244 0.46
9.349999 22 2.89
9.349999 23 1.52
9.349999 25 0.00
9.349999 30 0.00
9.349999 B1 6248.07 6379.71 
9.349999 B3 6308.57 6447.27 
9.349999 120 13 04 50
9.349999 244 0.46
9.355 22 2.87
9.355 23 1.52
9.355 25 0.00
9.355 30 0.00
9.355 B1 6252.63 6380.97 
9.355 B3 6313.28 6448.56 
9.355 120 13 04 50
9.355 244 0.46
9.36 22 2.86
9.36 23 1.52
9.36 25 0.00
9.36 30 0.00
9.36 B1 6257.06 6382.18 
9.36 B3 6317.87 6449.82 
9.36 120 13 04 50
9.36 244 0.46
9.365 22 2.84
9.365 23 1.52
9.365 25 0.00
9.365 30 0.00
9.365 B1 6261.41 6383.40 
9.365 B3 6322.35 6451.07 
9.365 120 13 04 50
9.365 244 0.46
9.37 22 2.82
9.37 23 1.52
9.37 25 0.00
9.37 30 0.00
9.37 B1 6265.67 6384.62 
9.37 B3 6326.75 6452.32 
9.37 120 13 04 50
9.37 244 0.46
9.375 22 2.80
9.375 23 1.52
9.375 25 0.00
9.375 30 0.00
9.375 B1 6269.88 6385.86 
9.375 B3 6331.08 6453.58 
9.375 120 13 04 50
9.375 244 0.46
9.38 22 2.78
9.38 23 1.52
9.38 25 0.00
9.38 30 0.00
9.38 B1 6274.04 6387.13 
9.38 B3 6335.35 6454.87 
9.38 120 13 04 50
9.38 244 0.46
9.385 22 2.76
9.385 23 1.52
9.385 25 0.00
9.385 30 0.00
9.385 B1 6278.15 6388.43 
9.385 B3 6339.56 6456.17 
9.385 120 13 04 50
9.385 244 0.46
9.389999 22 2.74
9.389999 23 1.52
9.389999 25 0.00
9.389999 30 0.00
9.389999 B1 6282.22 6389.77 
9.389999 B3 6343.72 6457.51 
9.389999 120 13 04 50
9.389999 244 0.46
9.395 22 2.72
9.395 23 1.52
9.395 25 0.00
9.395 30 0.00
9.395 B1 6286.25 6391.13 
9.395 B3 6347.85 6458.87 
9.395 120 13 04 50
9.395 244 0.46
9.4 22 2.70
9.4 23 1.52
9.4 25 0.00
9.4 30 0.00
9.4 B1 6290.24 6392.54 
9.4 B3 6351.93 6460.27 
9.4 120 13 04 50
9.4 244 0.47
9.405 22 2.67
9.405 23 1.52
9.405 25 0.00
9.405 30 0.00
9.405 B1 6295.53 6395.30 
9.405 B3 6357.17 6462.90 
9.405 120 13 04 50
9.405 244 0.47
9.41 22 2.65
9.41 23 1.53
9.41 25 0.00
9.41 30 0.00
9.41 B1 6300.35 6397.68 
9.41 B3 6362.07 6465.26 
9.41 120 13 04 50
9.41 244 0.47
9.415 22 2.63
9.415 23 1.53
9.415 25 0.00
9.415 30 0.00
9.415 B1 6304.87 6399.82 
9.415 B3 6366.72 6467.44 
9.415 120 13 04 50
9.415 244 0.47
9.42 22 2.60
9.42 23 1.53
9.42 25 0.00
9.42 30 0.00
9.42 B1 6309.17 6401.80 
9.42 B3 6371.17 6469.49 
9.42 120 13 04 50
9.42 244 0.47
9.425 22 2.58
9.425 23 1.54
9.425 25 0.00
9.425 30 0.00
9.425 B1 6313.31 6403.69 
9.425 B3 6375.47 6471.45 
9.425 120 13 04 50
9.425 244 0.47
9.429999 22 2.55
9.429999 23 1.54
9.429999 25 0.00
9.429999 30 0.00
9.429999 B1 6317.34 6405.52 
9.429999 B3 6379.66 6473.35 
9.429999 120 13 04 50
9.429999 244 0.47
9.434999 22 2.53
9.434999 23 1.54
9.434999 25 0.00
9.434999 30 0.00
9.434999 B1 6321.30 6407.33 
9.434999 B3 6383.75 6475.22 
9.434999 120 13 04 50
9.434999 244 0.47
9.44 22 2.50
9.44 23 1.54
9.44 25 0.00
9.44 30 0.00
9.44 B1 6325.19 6409.13 
9.44 B3 6387.77 6477.06 
9.44 120 13 04 50
9.44 244 0.47
9.445 22 2.47
9.445 23 1.54
9.445 25 0.00
9.445 30 0.00
9.445 B1 6330.35 6412.25 
9.445 B3 6392.93 6480.10 
9.445 120 13 04 50
9.445 244 0.47
9.45 22 2.45
9.45 23 1.55
9.45 25 0.00
9.45 30 0.00
9.45 B1 6335.05 6414.97 
9.45 B3 6397.73 6482.84 
9.45 120 13 04 50
9.45 244 0.47
9.455 22 2.42
9.455 23 1.55
9.455 25 0.00
9.455 30 0.00
9.455 B1 6339.43 6417.42 
9.455 B3 6402.27 6485.37 
9.455 120 13 04 50
9.455 244 0.47
9.46 22 2.39
9.46 23 1.55
9.46 25 0.00
9.46 30 0.00
9.46 B1 6343.60 6419.71 
9.46 B3 6406.60 6487.75 
9.46 120 13 04 50
9.46 244 0.47
9.465 22 2.37
9.465 23 1.56
9.465 25 0.00
9.465 30 0.00
9.465 B1 6347.61 6421.88 
9.465 B3 6410.79 6490.02 
9.465 120 13 04 50
9.465 244 0.47
9.469999 22 2.34
9.469999 23 1.56
9.469999 25 0.00
9.469999 30 0.00
9.469999 B1 6351.52 6424.00 
9.469999 B3 6414.86 6492.22 
9.469999 120 13 04 50
9.469999 244 0.48
9.474999 22 2.31
9.474999 23 1.56
9.474999 25 0.00
9.474999 30 0.00
9.474999 B1 6356.67 6427.40 
9.474999 B3 6420.03 6495.57 
9.474999 120 13 04 50
9.474999 244 0.48
9.48 22 2.28
9.48 23 1.57
9.48 25 0.00
9.48 30 0.00
9.48 B1 6361.33 6430.36 
9.48 B3 6424.83 6498.60 
9.48 120 13 04 50
9.48 244 0.48
9.485 22 2.26
9.485 23 1.57
9.485 25 0.00
9.485 30 0.00
9.485 B1 6365.67 6433.05 
9.485 B3 6429.35 6501.39 
9.485 120 13 04 50
9.485 244 0.48
9.49 22 2.23
9.49 23 1.57
9.49 25 0.00
9.49 30 0.00
9.49 B1 6369.79 6435.55 
9.49 B3 6433.67 6504.01 
9.49 120 13 04 50
9.49 244 0.48
9.495 22 2.20
9.495 23 1.58
9.495 25 0.00
9.495 30 0.00
9.495 B1 6373.74 6437.93 
9.495 B3 6437.81 6506.51 
9.495 120 13 04 50
9.495 244 0.48
9.5 22 2.18
9.5 23 1.58
9.5 25 0.00
9.5 30 0.00
9.5 B1 6378.91 6441.56 
9.5 B3 6443.04 6510.12 
9.5 120 13 04 50
9.5 244 0.48
9.505 22 2.15
9.505 23 1.59
9.505 25 0.00
9.505 30 0.00
9.505 B1 6383.58 6444.74 
9.505 B3 6447.87 6513.38 
9.505 120 13 04 50
9.505 244 0.48
9.51 22 2.12
9.51 23 1.59
9.51 25 0.00
9.51 30 0.00
9.51 B1 6387.92 6447.61 
9.51 B3 6452.40 6516.39 
9.51 120 13 04 50
9.51 244 0.48
9.514999 22 2.09
9.514999 23 1.60
9.514999 25 0.00
9.514999 30 0.00
9.514999 B1 6392.01 6450.29 
9.514999 B3 6456.72 6519.20 
9.514999 120 13 04 50
9.514999 244 0.48
9.52 22 2.07
9.52 23 1.60
9.52 25 0.00
9.52 30 0.00
9.52 B1 6395.95 6452.83 
9.52 B3 6460.86 6521.89 
9.52 120 13 04 50
9.52 244 0.48
9.525 22 2.04
9.525 23 1.60
9.525 25 0.00
9.525 30 0.00
9.525 B1 6399.78 6455.30 
9.525 B3 6464.88 6524.48 
9.525 120 13 04 50
9.525 244 0.48
9.53 22 2.01
9.53 23 1.60
9.53 25 0.00
9.53 30 0.00
9.53 B1 6403.52 6457.72 
9.53 B3 6468.80 6527.00 
9.53 120 13 04 50
9.53 244 0.48
9.535 22 1.99
9.535 23 1.60
9.535 25 0.00
9.535 30 0.00
9.535 B1 6408.52 6461.43 
9.535 B3 6473.84 6530.68 
9.535 120 13 04 50
9.535 244 0.48
9.54 22 1.96
9.54 23 1.61
9.54 25 0.00
9.54 30 0.00
9.54 B1 6413.07 6464.71 
9.54 B3 6478.52 6534.03 
9.54 120 13 04 50
9.54 244 0.48
9.545 22 1.93
9.545 23 1.61
9.545 25 0.00
9.545 30 0.00
9.545 B1 6417.29 6467.71 
9.545 B3 6482.93 6537.15 
9.545 120 13 04 50
9.545 244 0.48
9.55 22 1.91
9.55 23 1.62
9.55 25 0.00
9.55 30 0.00
9.55 B1 6421.30 6470.53 
9.55 B3 6487.13 6540.09 
9.55 120 13 04 50
9.55 244 0.48
9.554999 22 1.88
9.554999 23 1.62
9.554999 25 0.00
9.554999 30 0.00
9.554999 B1 6425.17 6473.23 
9.554999 B3 6491.19 6542.91 
9.554999 120 13 04 50
9.554999 244 0.48
9.559999 22 1.86
9.559999 23 1.62
9.559999 25 0.00
9.559999 30 0.00
9.559999 B1 6428.92 6475.85 
9.559999 B3 6495.13 6545.64 
9.559999 120 13 04 50
9.559999 244 0.49
9.565 22 1.83
9.565 23 1.62
9.565 25 0.00
9.565 30 0.00
9.565 B1 6433.93 6479.74 
9.565 B3 6500.17 6549.51 
9.565 120 13 04 50
9.565 244 0.49
9.57 22 1.81
9.57 23 1.63
9.57 25 0.00
9.57 30 0.00
9.57 B1 6439.78 6484.51 
9.57 B3 6506.04 6554.24 
9.57 120 13 04 50
9.57 244 0.49
9.575 22 1.78
9.575 23 1.64
9.575 25 0.00
9.575 30 0.00
9.575 B1 6444.90 6488.58 
9.575 B3 6511.34 6558.43 
9.575 120 13 04 50
9.575 244 0.49
9.58 22 1.76
9.58 23 1.65
9.58 25 0.00
9.58 30 0.00
9.58 B1 6449.51 6492.18 
9.58 B3 6516.21 6562.21 
9.58 120 13 04 50
9.58 244 0.50
9.585 22 1.73
9.585 23 1.66
9.585 25 0.00
9.585 30 0.00
9.585 B1 6455.11 6496.79 
9.585 B3 6521.96 6566.91 
9.585 120 13 04 50
9.585 244 0.50
9.59 22 1.71
9.59 23 1.67
9.59 25 0.00
9.59 30 0.00
9.59 B1 6460.06 6500.77 
9.59 B3 6527.18 6571.10 
9.59 120 13 04 50
9.59 244 0.50
9.594999 22 1.68
9.594999 23 1.68
9.594999 25 0.00
9.594999 30 0.00
9.594999 B1 6464.57 6504.34 
9.594999 B3 6531.99 6574.92 
9.594999 120 13 04 50
9.594999 244 0.50
9.599999 22 1.66
9.599999 23 1.68
9.599999 25 0.00
9.599999 30 0.00
9.599999 B1 6468.78 6507.63 
9.599999 B3 6536.52 6578.46 
9.599999 120 13 04 50
9.599999 244 0.50
9.605 22 1.63
9.605 23 1.69
9.605 25 0.00
9.605 30 0.00
9.605 B1 6474.11 6512.06 
9.605 B3 6542.01 6583.01 
9.605 120 13 04 50
9.605 244 0.50
9.61 22 1.61
9.61 23 1.70
9.61 25 0.00
9.61 30 0.00
9.61 B1 6478.89 6515.96 
9.61 B3 6547.04 6587.11 
9.61 120 13 04 50
9.61 244 0.50
9.615 22 1.59
9.615 23 1.70
9.615 25 0.00
9.615 30 0.00
9.615 B1 6483.28 6519.51 
9.615 B3 6551.72 6590.89 
9.615 120 13 04 50
9.615 244 0.50
9.62 22 1.56
9.62 23 1.71
9.62 25 0.00
9.62 30 0.00
9.62 B1 6488.74 6524.13 
9.62 B3 6557.34 6595.62 
9.62 120 13 04 50
9.62 244 0.50
9.625 22 1.54
9.625 23 1.72
9.625 25 0.00
9.625 30 0.00
9.625 B1 6493.61 6528.19 
9.625 B3 6562.47 6599.89 
9.625 120 13 04 50
9.625 244 0.50
9.63 22 1.52
9.63 23 1.73
9.63 25 0.00
9.63 30 0.00
9.63 B1 6498.07 6531.87 
9.63 B3 6567.23 6603.81 
9.63 120 13 04 50
9.63 244 0.50
9.635 22 1.50
9.635 23 1.73
9.635 25 0.00
9.635 30 0.00
9.635 B1 6502.26 6535.29 
9.635 B3 6571.72 6607.48 
9.635 120 13 04 50
9.635 244 0.50
9.639999 22 1.47
9.639999 23 1.74
9.639999 25 0.00
9.639999 30 0.00
9.639999 B1 6506.26 6538.54 
9.639999 B3 6576.00 6610.97 
9.639999 120 13 04 50
9.639999 244 0.50
9.645 22 1.45
9.645 23 1.74
9.645 25 0.40
9.645 30 0.00
9.645 B1 6510.13 6541.67 
9.645 B3 6580.13 6614.31 
9.645 120 13 04 50
9.645 244 0.51
9.65 22 1.74
9.65 23 1.74
9.65 25 0.40
9.65 30 0.00
9.65 B1 6514.94 6545.76 
9.65 B3 6585.33 6618.75 
9.65 120 13 04 50
9.65 244 0.51
9.655 22 1.71
9.655 23 1.74
9.655 25 0.29
9.655 30 0.00
9.655 B1 6519.23 6549.63 
9.655 B3 6590.04 6622.94 
9.655 120 13 04 50
9.655 244 0.51
9.66 22 1.59
9.66 23 1.75
9.66 25 0.52
9.66 30 0.00
9.66 B1 6523.26 6553.42 
9.66 B3 6594.37 6626.93 
9.66 120 13 04 50
9.66 244 0.50
9.665 22 1.75
9.665 23 1.75
9.665 25 0.52
9.665 30 0.00
9.665 B1 6525.56 6555.54 
9.665 B3 6597.27 6629.54 
9.665 120 13 04 50
9.665 244 0.51
9.67 22 1.72
9.67 23 1.74
9.67 25 0.52
9.67 30 0.00
9.67 B1 6529.42 6559.40 
9.67 B3 6601.41 6633.59 
9.67 120 13 04 50
9.67 244 0.51
9.675 22 1.69
9.675 23 1.75
9.675 25 0.64
9.675 30 0.00
9.675 B1 6533.03 6563.15 
9.675 B3 6605.29 6637.51 
9.675 120 13 04 50
9.675 244 0.51
9.679999 22 1.76
9.679999 23 1.75
9.679999 25 0.64
9.679999 30 0.00
9.679999 B1 6536.38 6566.72 
9.679999 B3 6608.98 6641.32 
9.679999 120 13 04 50
9.679999 244 0.51
9.684999 22 1.73
9.684999 23 1.75
9.684999 25 0.64
9.684999 30 0.00
9.684999 B1 6540.93 6571.62 
9.684999 B3 6613.69 6646.29 
9.684999 120 13 04 50
9.684999 244 0.51
9.69 22 1.70
9.69 23 1.76
9.69 25 0.64
9.69 30 0.00
9.69 B1 6543.67 6574.80 
9.69 B3 6616.78 6649.74 
9.69 120 13 04 50
9.69 244 0.51
9.695 22 1.68
9.695 23 1.75
9.695 25 0.52
9.695 30 0.00
9.695 B1 6546.50 6578.12 
9.695 B3 6619.85 6653.24 
9.695 120 13 04 50
9.695 244 0.51
9.7 22 1.56
9.7 23 1.75
9.7 25 0.64
9.7 30 0.00
9.7 B1 6550.80 6582.94 
9.7 B3 6624.11 6657.97 
9.7 120 13 04 50
9.7 244 0.51
9.705 22 1.63
9.705 23 1.76
9.705 25 0.64
9.705 30 0.00
9.705 B1 6553.33 6585.91 
9.705 B3 6626.90 6661.19 
9.705 120 13 04 50
9.705 244 0.51
9.71 22 1.61
9.71 23 1.76
9.71 25 0.52
9.71 30 0.00
9.71 B1 6556.01 6589.08 
9.71 B3 6629.76 6664.51 
9.71 120 13 04 50
9.71 244 0.51
9.715 22 1.50
9.715 23 1.76
9.715 25 0.52
9.715 30 0.00
9.715 B1 6558.90 6592.47 
9.715 B3 6632.66 6667.90 
9.715 120 13 04 50
9.715 244 0.51
9.719999 22 1.48
9.719999 23 1.75
9.719999 25 0.52
9.719999 30 0.00
9.719999 B1 6563.20 6597.19 
9.719999 B3 6636.83 6672.49 
9.719999 120 13 04 50
9.719999 244 0.51
9.724999 22 1.46
9.724999 23 1.76
9.724999 25 0.52
9.724999 30 0.00
9.724999 B1 6567.14 6601.51 
9.724999 B3 6640.76 6676.81 
9.724999 120 13 04 50
9.724999 244 0.51
9.73 22 1.44
9.73 23 1.76
9.73 25 0.52
9.73 30 0.00
9.73 B1 6570.86 6605.56 
9.73 B3 6644.52 6680.92 
9.73 120 13 04 50
9.73 244 0.51
9.735 22 1.42
9.735 23 1.77
9.735 25 0.40
9.735 30 0.00
9.735 B1 6574.41 6609.42 
9.735 B3 6648.14 6684.87 
9.735 120 13 04 50
9.735 244 0.51
9.74 22 1.31
9.74 23 1.77
9.74 25 0.40
9.74 30 0.00
9.74 B1 6577.93 6613.22 
9.74 B3 6651.67 6688.70 
9.74 120 13 04 50
9.74 244 0.51
9.745 22 1.30
9.745 23 1.77
9.745 25 0.52
9.745 30 0.00
9.745 B1 6581.40 6616.88 
9.745 B3 6655.17 6692.41 
9.745 120 13 04 50
9.745 244 0.51
9.75 22 1.38
9.75 23 1.77
9.75 25 0.52
9.75 30 0.00
9.75 B1 6584.75 6620.35 
9.75 B3 6658.63 6696.02 
9.75 120 13 04 50
9.75 244 0.51
9.755 22 1.36
9.755 23 1.77
9.755 25 0.52
9.755 30 0.00
9.755 B1 6588.06 6623.80 
9.755 B3 6662.04 6699.60 
9.755 120 13 04 50
9.755 244 0.51
9.76 22 1.34
9.76 23 1.77
9.76 25 0.87
9.76 30 0.00
9.76 B1 6591.34 6627.25 
9.76 B3 6665.41 6703.14 
9.76 120 13 04 50
9.76 244 0.52
9.764999 22 1.60
9.764999 23 1.76
9.764999 25 0.87
9.764999 30 0.00
9.764999 B1 6595.65 6631.74 
9.764999 B3 6669.96 6707.86 
9.764999 120 13 04 50
9.764999 244 0.52
9.77 22 1.58
9.77 23 1.77
9.77 25 0.87
9.77 30 0.00
9.77 B1 6599.52 6636.03 
9.77 B3 6674.09 6712.36 
9.77 120 13 04 50
9.77 244 0.51
9.775 22 1.56
9.775 23 1.77
9.775 25 0.87
9.775 30 0.00
9.775 B1 6601.76 6638.85 
9.775 B3 6676.72 6715.50 
9.775 120 13 04 50
9.775 244 0.52
9.78 22 1.54
9.78 23 1.77
9.78 25 0.87
9.78 30 0.00
9.78 B1 6605.53 6643.29 
9.78 B3 6680.60 6720.00 
9.78 120 13 04 50
9.78 244 0.52
9.785 22 1.52
9.785 23 1.77
9.785 25 0.99
9.785 30 0.00
9.785 B1 6609.03 6647.52 
9.785 B3 6684.26 6724.33 
9.785 120 13 04 50
9.785 244 0.52
9.79 22 1.60
9.79 23 1.77
9.79 25 0.99
9.79 30 0.00
9.79 B1 6612.26 6651.52 
9.79 B3 6687.73 6728.52 
9.79 120 13 04 50
9.79 244 0.52
9.795 22 1.58
9.795 23 1.78
9.795 25 0.87
9.795 30 0.00
9.795 B1 6615.36 6655.48 
9.795 B3 6691.05 6732.65 
9.795 120 13 04 50
9.795 244 0.52
9.8 22 1.47
9.8 23 1.78
9.8 25 0.99
9.8 30 0.00
9.8 B1 6618.48 6659.52 
9.8 B3 6694.24 6736.72 
9.8 120 13 04 50
9.8 244 0.52
9.804999 22 1.55
9.804999 23 1.78
9.804999 25 0.99
9.804999 30 0.00
9.804999 B1 6621.46 6663.37 
9.804999 B3 6697.38 6740.71 
9.804999 120 13 04 50
9.804999 244 0.52
9.809999 22 1.53
9.809999 23 1.78
9.809999 25 0.99
9.809999 30 0.00
9.809999 B1 6624.41 6667.22 
9.809999 B3 6700.46 6744.68 
9.809999 120 13 04 50
9.809999 244 0.52
9.815 22 1.52
9.815 23 1.78
9.815 25 0.99
9.815 30 0.00
9.815 B1 6627.33 6671.07 
9.815 B3 6703.49 6748.61 
9.815 120 13 04 50
9.815 244 0.52
9.82 22 1.50
9.82 23 1.78
9.82 25 0.99
9.82 30 0.00
9.82 B1 6630.24 6674.91 
9.82 B3 6706.48 6752.53 
9.82 120 13 04 50
9.82 244 0.52
9.825 22 1.49
9.825 23 1.78
9.825 25 0.99
9.825 30 0.00
9.825 B1 6633.15 6678.75 
9.825 B3 6709.45 6756.42 
9.825 120 13 04 50
9.825 244 0.52
9.83 22 1.48
9.83 23 1.78
9.83 25 1.10
9.83 30 0.00
9.83 B1 6636.06 6682.57 
9.83 B3 6712.40 6760.30 
9.83 120 13 04 50
9.83 244 0.52
9.835 22 1.56
9.835 23 1.77
9.835 25 1.10
9.835 30 0.00
9.835 B1 6640.20 6687.60 
9.835 B3 6716.54 6765.35 
9.835 120 13 04 50
9.835 244 0.52
9.84 22 1.55
9.84 23 1.78
9.84 25 1.10
9.84 30 0.00
9.84 B1 6642.60 6690.97 
9.84 B3 6719.17 6768.93 
9.84 120 13 04 50
9.84 244 0.52
9.844999 22 1.53
9.844999 23 1.78
9.844999 25 1.10
9.844999 30 0.00
9.844999 B1 6645.14 6694.49 
9.844999 B3 6721.84 6772.59 
9.844999 120 13 04 50
9.844999 244 0.52
9.849999 22 1.52
9.849999 23 1.77
9.849999 25 1.10
9.849999 30 0.00
9.849999 B1 6649.09 6699.45 
9.849999 B3 6725.74 6777.50 
9.849999 120 13 04 50
9.849999 244 0.52
9.855 22 1.51
9.855 23 1.78
9.855 25 1.22
9.855 30 0.00
9.855 B1 6652.70 6704.07 
9.855 B3 6729.39 6782.16 
9.855 120 13 04 50
9.855 244 0.52
9.86 22 1.59
9.86 23 1.78
9.86 25 1.22
9.86 30 0.00
9.86 B1 6655.99 6708.36 
9.86 B3 6732.85 6786.63 
9.86 120 13 04 50
9.86 244 0.52
9.865 22 1.58
9.865 23 1.78
9.865 25 1.22
9.865 30 0.00
9.865 B1 6659.11 6712.55 
9.865 B3 6736.14 6790.99 
9.865 120 13 04 50
9.865 244 0.52
9.87 22 1.57
9.87 23 1.78
9.87 25 1.22
9.87 30 0.00
9.87 B1 6660.81 6715.36 
9.87 B3 6738.11 6794.06 
9.87 120 13 04 50
9.87 244 0.52
9.875 22 1.56
9.875 23 1.78
9.875 25 1.22
9.875 30 0.00
9.875 B1 6664.16 6719.83 
9.875 B3 6741.47 6798.54 
9.875 120 13 04 50
9.875 244 0.52
9.88 22 1.56
9.88 23 1.78
9.88 25 1.34
9.88 30 0.00
9.88 B1 6667.35 6724.13 
9.88 B3 6744.70 6802.89 
9.88 120 13 04 50
9.88 244 0.52
9.885 22 1.64
9.885 23 1.78
9.885 25 1.34
9.885 30 0.00
9.885 B1 6670.32 6728.22 
9.885 B3 6747.82 6807.14 
9.885 120 13 04 50
9.885 244 0.52
9.889999 22 1.63
9.889999 23 1.78
9.889999 25 1.34
9.889999 30 0.00
9.889999 B1 6673.21 6732.28 
9.889999 B3 6750.85 6811.34 
9.889999 120 13 04 50
9.889999 244 0.52
9.895 22 1.62
9.895 23 1.78
9.895 25 1.22
9.895 30 0.00
9.895 B1 6676.04 6736.32 
9.895 B3 6753.79 6815.50 
9.895 120 13 04 50
9.895 244 0.52
9.9 22 1.52
9.9 23 1.78
9.9 25 1.34
9.9 30 0.00
9.9 B1 6678.95 6740.46 
9.9 B3 6756.68 6819.61 
9.9 120 13 04 50
9.9 244 0.52
9.905 22 1.61
9.905 23 1.78
9.905 25 1.22
9.905 30 0.00
9.905 B1 6681.75 6744.40 
9.905 B3 6759.58 6823.68 
9.905 120 13 04 50
9.905 244 0.52
9.91 22 1.51
9.91 23 1.78
9.91 25 1.22
9.91 30 0.00
9.91 B1 6684.64 6748.45 
9.91 B3 6762.44 6827.72 
9.91 120 13 04 50
9.91 244 0.52
9.915 22 1.51
9.915 23 1.78
9.915 25 1.34
9.915 30 0.00
9.915 B1 6687.54 6752.43 
9.915 B3 6765.31 6831.71 
9.915 120 13 04 50
9.915 244 0.52
9.92 22 1.60
9.92 23 1.78
9.92 25 1.34
9.92 30 0.00
9.92 B1 6690.34 6756.26 
9.92 B3 6768.20 6835.66 
9.92 120 13 04 50
9.92 244 0.52
9.925 22 1.59
9.925 23 1.78
9.925 25 1.34
9.925 30 0.00
9.925 B1 6694.45 6761.43 
9.925 B3 6772.26 6840.80 
9.925 120 13 04 50
9.925 244 0.52
9.929999 22 1.59
9.929999 23 1.79
9.929999 25 1.34
9.929999 30 0.00
9.929999 B1 6698.17 6766.21 
9.929999 B3 6776.02 6845.66 
9.929999 120 13 04 50
9.929999 244 0.52
9.934999 22 1.59
9.934999 23 1.79
9.934999 25 1.34
9.934999 30 0.00
9.934999 B1 6701.61 6770.74 
9.934999 B3 6779.55 6850.29 
9.934999 120 13 04 50
9.934999 244 0.52
9.94 22 1.58
9.94 23 1.79
9.94 25 1.34
9.94 30 0.00
9.94 B1 6704.87 6775.07 
9.94 B3 6782.93 6854.76 
9.94 120 13 04 50
9.94 244 0.52
9.945 22 1.58
9.945 23 1.80
9.945 25 1.34
9.945 30 0.00
9.945 B1 6708.01 6779.27 
9.945 B3 6786.18 6859.09 
9.945 120 13 04 50
9.945 244 0.52
9.95 22 1.58
9.95 23 1.80
9.95 25 1.34
9.95 30 0.00
9.95 B1 6711.08 6783.37 
9.95 B3 6789.35 6863.33 
9.95 120 13 04 50
9.95 244 0.52
9.955 22 1.58
9.955 23 1.80
9.955 25 1.34
9.955 30 0.00
9.955 B1 6712.77 6786.08 
9.955 B3 6791.25 6866.28 
9.955 120 13 04 50
9.955 244 0.52
9.96 22 1.58
9.96 23 1.79
9.96 25 1.34
9.96 30 0.00
9.96 B1 6714.82 6789.13 
9.96 B3 6793.41 6869.46 
9.96 120 13 04 50
9.96 244 0.52
9.965 22 1.58
9.965 23 1.78
9.965 25 1.45
9.965 30 0.00
9.965 B1 6717.14 6792.42 
9.965 B3 6795.75 6872.79 
9.965 120 13 04 50
9.965 244 0.52
9.969999 22 1.68
9.969999 23 1.78
9.969999 25 1.45
9.969999 30 0.00
9.969999 B1 6720.84 6797.06 
9.969999 B3 6799.41 6877.44 
9.969999 120 13 04 50
9.969999 244 0.52
9.974999 22 1.67
9.974999 23 1.78
9.974999 25 1.45
9.974999 30 0.00
9.974999 B1 6724.26 6801.49 
9.974999 B3 6802.87 6881.92 
9.974999 120 13 04 50
9.974999 244 0.52
9.98 22 1.67
9.98 23 1.78
9.98 25 1.45
9.98 30 0.00
9.98 B1 6727.49 6805.77 
9.98 B3 6806.16 6886.28 
9.98 120 13 04 50
9.98 244 0.52
9.985 22 1.67
9.985 23 1.79
9.985 25 1.45
9.985 30 0.00
9.985 B1 6730.58 6809.93 
9.985 B3 6809.35 6890.53 
9.985 120 13 04 50
9.985 244 0.52
9.99 22 1.68
9.99 23 1.79
9.99 25 1.45
9.99 30 0.00
9.99 B1 6733.60 6814.01 
9.99 B3 6812.44 6894.71 
9.99 120 13 04 50
9.99 244 0.52
9.995 22 1.68
9.995 23 1.79
9.995 25 1.45
9.995 30 0.00
9.995 B1 6736.55 6818.03 
9.995 B3 6815.48 6898.82 
9.995 120 13 04 50
9.995 244 0.52
10 22 1.68
10 23 1.79
10 25 1.57
10 30 0.00
10 B1 6739.48 6822.00 
10 B3 6818.47 6902.89 
10 120 13 04 50
10 244 0.52
10.005 22 1.77
10.005 23 1.78
10.005 25 1.57
10.005 30 0.00
10.005 B1 6742.27 6825.83 
10.005 B3 6821.44 6906.91 
10.005 120 13 04 50
10.005 244 0.52
10.01 22 1.78
10.01 23 1.78
10.01 25 1.57
10.01 30 0.00
10.01 B1 6745.04 6829.69 
10.01 B3 6824.35 6910.93 
10.01 120 13 04 50
10.01 244 0.52
10.015 22 1.78
10.015 23 1.78
10.015 25 1.69
10.015 30 0.00
10.015 B1 6747.80 6833.58 
10.015 B3 6827.22 6914.94 
10.015 120 13 04 50
10.015 244 0.53
10.02 22 1.87
10.02 23 1.78
10.02 25 1.69
10.02 30 0.00
10.02 B1 6751.76 6838.69 
10.02 B3 6831.25 6920.13 
10.02 120 13 04 50
10.02 244 0.53
10.025 22 1.87
10.025 23 1.78
10.025 25 1.69
10.025 30 0.00
10.025 B1 6755.32 6843.48 
10.025 B3 6834.95 6925.07 
10.025 120 13 04 50
10.025 244 0.53
10.03 22 1.87
10.03 23 1.79
10.03 25 1.69
10.03 30 0.00
10.03 B1 6758.60 6848.05 
10.03 B3 6838.41 6929.81 
10.03 120 13 04 50
10.03 244 0.53
10.035 22 1.88
10.035 23 1.79
10.035 25 1.80
10.035 30 0.00
10.035 B1 6761.71 6852.46 
10.035 B3 6841.67 6934.39 
10.035 120 13 04 50
10.035 244 0.53
10.04 22 1.97
10.04 23 1.79
10.04 25 1.80
10.04 30 0.00
10.04 B1 6764.57 6856.63 
10.04 B3 6844.81 6938.85 
10.04 120 13 04 50
10.04 244 0.53
10.045 22 1.97
10.045 23 1.79
10.045 25 1.80
10.045 30 0.00
10.045 B1 6767.34 6860.80 
10.045 B3 6847.81 6943.25 
10.045 120 13 04 50
10.045 244 0.53
10.05 22 1.98
10.05 23 1.79
10.05 25 1.80
10.05 30 0.00
10.05 B1 6770.07 6864.94 
10.05 B3 6850.72 6947.59 
10.05 120 13 04 50
10.05 244 0.52
10.055 22 1.98
10.055 23 1.79
10.055 25 1.80
10.055 30 0.00
10.055 B1 6771.44 6867.76 
10.055 B3 6852.36 6950.69 
10.055 120 13 04 50
10.055 244 0.52
10.06 22 1.98
10.06 23 1.78
10.06 25 2.03
10.06 30 0.00
10.06 B1 6773.20 6870.95 
10.06 B3 6854.24 6954.03 
10.06 120 13 04 50
10.06 244 0.53
10.065 22 2.18
10.065 23 1.77
10.065 25 2.03
10.065 30 0.00
10.065 B1 6777.59 6876.76 
10.065 B3 6858.69 6959.93 
10.065 120 13 04 50
10.065 244 0.53
10.07 22 2.18
10.07 23 1.78
10.07 25 2.15
10.07 30 0.00
10.07 B1 6781.37 6882.12 
10.07 B3 6862.64 6965.47 
10.07 120 13 04 50
10.07 244 0.53
10.075 22 2.27
10.075 23 1.78
10.075 25 2.15
10.075 30 0.00
10.075 B1 6783.27 6885.69 
10.075 B3 6865.02 6969.52 
10.075 120 13 04 50
10.075 244 0.54
10.08 22 2.27
10.08 23 1.78
10.08 25 2.15
10.08 30 0.00
10.08 B1 6787.94 6892.15 
10.08 B3 6869.77 6976.06 
10.08 120 13 04 50
10.08 244 0.54
10.085 22 2.27
10.085 23 1.79
10.085 25 2.85
10.085 30 0.00
10.085 B1 6791.90 6898.00 
10.085 B3 6873.93 6982.11 
10.085 120 13 04 50
10.085 244 0.54
10.09 22 2.87
10.09 23 1.76
10.09 25 2.85
10.09 30 0.00
10.09 B1 6794.32 6902.36 
10.09 B3 6877.66 6987.77 
10.09 120 13 04 50
10.09 244 0.54
10.095 22 2.86
10.095 23 1.77
10.095 25 3.32
10.095 30 0.00
10.095 B1 6796.51 6906.97 
10.095 B3 6880.85 6993.33 
10.095 120 13 04 50
10.095 244 0.53
10.1 22 3.25
10.1 23 1.74
10.1 25 3.32
10.1 30 0.00
10.1 B1 6796.35 6909.58 
10.1 B3 6882.44 6997.59 
10.1 120 13 04 50
10.1 244 0.53
10.105 22 3.23
10.105 23 1.73
10.105 25 3.32
10.105 30 0.00
10.105 B1 6796.61 6913.10 
10.105 B3 6883.87 7002.18 
10.105 120 13 04 50
10.105 244 0.53
10.11 22 3.22
10.11 23 1.73
10.11 25 3.67
10.11 30 0.00
10.11 B1 6797.15 6917.25 
10.11 B3 6885.18 7006.99 
10.11 120 13 04 50
10.11 244 0.54
10.115 22 3.51
10.115 23 1.70
10.115 25 3.67
10.115 30 0.00
10.115 B1 6798.52 6922.41 
10.115 B3 6887.62 7013.14 
10.115 120 13 04 50
10.115 244 0.54
10.12 22 3.49
10.12 23 1.70
10.12 25 3.67
10.12 30 0.00
10.12 B1 6799.75 6927.80 
10.12 B3 6889.61 7019.22 
10.12 120 13 04 50
10.12 244 0.54
10.125 22 3.48
10.125 23 1.70
10.125 25 3.78
10.125 30 0.00
10.125 B1 6800.89 6933.32 
10.125 B3 6891.28 7025.22 
10.125 120 13 04 50
10.125 244 0.54
10.13 22 3.57
10.13 23 1.70
10.13 25 3.78
10.13 30 0.00
10.13 B1 6801.75 6938.66 
10.13 B3 6892.72 7031.13 
10.13 120 13 04 50
10.13 244 0.54
10.135 22 3.56
10.135 23 1.70
10.135 25 3.90
10.135 30 0.00
10.135 B1 6802.64 6944.15 
10.135 B3 6893.97 7037.01 
10.135 120 13 04 50
10.135 244 0.54
10.14 22 3.65
10.14 23 1.69
10.14 25 3.90
10.14 30 0.00
10.14 B1 6803.31 6949.47 
10.14 B3 6895.10 7042.83 
10.14 120 13 04 50
10.14 244 0.54
10.145 22 3.65
10.145 23 1.69
10.145 25 3.90
10.145 30 0.00
10.145 B1 6804.04 6954.93 
10.145 B3 6896.10 7048.64 
10.145 120 13 04 50
10.145 244 0.54
10.15 22 3.64
10.15 23 1.69
10.15 25 3.90
10.15 30 0.00
10.15 B1 6806.17 6961.78 
10.15 B3 6898.21 7055.59 
10.15 120 13 04 50
10.15 244 0.54
10.155 22 3.64
10.155 23 1.70
10.155 25 3.90
10.155 30 0.00
10.155 B1 6807.95 6968.29 
10.155 B3 6900.01 7062.23 
10.155 120 13 04 50
10.155 244 0.54
10.16 22 3.64
10.16 23 1.71
10.16 25 4.02
10.16 30 0.00
10.16 B1 6809.53 6974.52 
10.16 B3 6901.58 7068.62 
10.16 120 13 04 50
10.16 244 0.54
10.165 22 3.74
10.165 23 1.70
10.165 25 4.02
10.165 30 0.00
10.165 B1 6810.70 6980.30 
10.165 B3 6903.00 7074.79 
10.165 120 13 04 50
10.165 244 0.54
10.17 22 3.75
10.17 23 1.70
10.17 25 4.02
10.17 30 0.00
10.17 B1 6811.84 6986.01 
10.17 B3 6904.27 7080.82 
10.17 120 13 04 50
10.17 244 0.54
10.175 22 3.75
10.175 23 1.70
10.175 25 4.02
10.175 30 0.00
10.175 B1 6812.97 6991.67 
10.175 B3 6905.46 7086.72 
10.175 120 13 04 50
10.175 244 0.54
10.18 22 3.76
10.18 23 1.71
10.18 25 4.02
10.18 30 0.00
10.18 B1 6814.09 6997.26 
10.18 B3 6906.59 7092.51 
10.18 120 13 04 50
10.18 244 0.54
10.185 22 3.77
10.185 23 1.71
10.185 25 4.02
10.185 30 0.00
10.185 B1 6815.23 7002.79 
10.185 B3 6907.70 7098.20 
10.185 120 13 04 50
10.185 244 0.54
10.19 22 3.78
10.19 23 1.71
10.19 25 4.02
10.19 30 0.00
10.19 B1 6816.39 7008.25 
10.19 B3 6908.80 7103.79 
10.19 120 13 04 50
10.19 244 0.54
10.195 22 3.79
10.195 23 1.71
10.195 25 4.02
10.195 30 0.00
10.195 B1 6817.58 7013.63 
10.195 B3 6909.91 7109.31 
10.195 120 13 04 50
10.195 244 0.54
10.2 22 3.81
10.2 23 1.71
10.2 25 4.02
10.2 30 0.00
10.2 B1 6818.80 7018.95 
10.2 B3 6911.05 7114.74 
10.2 120 13 04 50
10.2 244 0.54
10.205 22 3.82
10.205 23 1.71
10.205 25 4.02
10.205 30 0.00
10.205 B1 6820.05 7024.19 
10.205 B3 6912.21 7120.10 
10.205 120 13 04 50
10.205 244 0.54
10.21 22 3.84
10.21 23 1.71
10.21 25 4.02
10.21 30 0.00
10.21 B1 6821.34 7029.38 
10.21 B3 6913.41 7125.38 
10.21 120 13 04 50
10.21 244 0.54
10.215 22 3.86
10.215 23 1.71
10.215 25 4.02
10.215 30 0.00
10.215 B1 6822.65 7034.48 
10.215 B3 6914.65 7130.61 
10.215 120 13 04 50
10.215 244 0.54
10.22 22 3.88
10.22 23 1.71
10.22 25 4.02
10.22 30 0.00
10.22 B1 6824.00 7039.53 
10.22 B3 6915.92 7135.76 
10.22 120 13 04 50
10.22 244 0.54
10.225 22 3.91
10.225 23 1.71
10.225 25 4.02
10.225 30 0.00
10.225 B1 6826.70 7045.84 
10.225 B3 6918.44 7142.06 
10.225 120 13 04 50
10.225 244 0.54
10.23 22 3.93
10.23 23 1.71
10.23 25 4.13
10.23 30 0.00
10.23 B1 6827.71 7050.38 
10.23 B3 6919.51 7146.83 
10.23 120 13 04 50
10.23 244 0.54
10.235 22 4.06
10.235 23 1.70
10.235 25 4.13
10.235 30 0.00
10.235 B1 6829.93 7056.04 
10.235 B3 6921.88 7152.80 
10.235 120 13 04 50
10.235 244 0.54
10.24 22 4.09
10.24 23 1.71
10.24 25 4.13
10.24 30 0.00
10.24 B1 6831.90 7061.47 
10.24 B3 6924.02 7158.53 
10.24 120 13 04 50
10.24 244 0.54
10.245 22 4.11
10.245 23 1.71
10.245 25 4.13
10.245 30 0.00
10.245 B1 6832.39 7065.38 
10.245 B3 6924.80 7162.87 
10.245 120 13 04 50
10.245 244 0.54
10.25 22 4.14
10.25 23 1.70
10.25 25 4.13
10.25 30 0.00
10.25 B1 6833.17 7069.52 
10.25 B3 6925.74 7167.32 
10.25 120 13 04 50
10.25 244 0.54
10.255 22 4.17
10.255 23 1.70
10.255 25 4.13
10.255 30 0.00
10.255 B1 6834.17 7073.81 
10.255 B3 6926.82 7171.83 
10.255 120 13 04 50
10.255 244 0.54
10.26 22 4.20
10.26 23 1.70
10.26 25 4.13
10.26 30 0.00
10.26 B1 6836.63 7079.51 
10.26 B3 6929.21 7177.58 
10.26 120 13 04 50
10.26 244 0.54
10.265 22 4.23
10.265 23 1.70
10.265 25 4.25
10.265 30 0.00
10.265 B1 6838.80 7084.87 
10.265 B3 6931.39 7183.08 
10.265 120 13 04 50
10.265 244 0.54
10.27 22 4.36
10.27 23 1.69
10.27 25 4.25
10.27 30 0.00
10.27 B1 6839.20 7088.41 
10.27 B3 6932.24 7187.19 
10.27 120 13 04 50
10.27 244 0.54
10.275 22 4.39
10.275 23 1.69
10.275 25 4.25
10.275 30 0.00
10.275 B1 6839.91 7092.25 
10.275 B3 6933.24 7191.44 
10.275 120 13 04 50
10.275 244 0.54
10.28 22 4.42
10.28 23 1.68
10.28 25 4.13
10.28 30 0.00
10.28 B1 6840.84 7096.29 
10.28 B3 6934.35 7195.78 
10.28 120 13 04 50
10.28 244 0.54
10.285 22 4.35
10.285 23 1.69
10.285 25 4.25
10.285 30 0.00
10.285 B1 6843.51 7102.04 
10.285 B3 6936.75 7201.37 
10.285 120 13 04 50
10.285 244 0.54
10.29 22 4.49
10.29 23 1.69
10.29 25 4.25
10.29 30 0.00
10.29 B1 6845.59 7107.11 
10.29 B3 6938.99 7206.71 
10.29 120 13 04 50
10.29 244 0.54
10.295 22 4.52
10.295 23 1.69
10.295 25 4.25
10.295 30 0.00
10.295 B1 6847.50 7111.99 
10.295 B3 6941.06 7211.86 
10.295 120 13 04 50
10.295 244 0.54
10.3 22 4.56
10.3 23 1.69
10.3 25 4.48
10.3 30 0.00
10.3 B1 6849.28 7116.71 
10.3 B3 6943.01 7216.87 
10.3 120 13 04 50
10.3 244 0.54
10.305 22 4.80
10.305 23 1.67
10.305 25 4.48
10.305 30 0.00
10.305 B1 6850.43 7120.76 
10.305 B3 6944.89 7221.76 
10.305 120 13 04 50
10.305 244 0.54
10.31 22 4.83
10.31 23 1.67
10.31 25 4.60
10.31 30 0.00
10.31 B1 6851.61 7124.96 
10.31 B3 6946.63 7226.60 
10.31 120 13 04 50
10.31 244 0.54
10.315 22 4.96
10.315 23 1.66
10.315 25 4.60
10.315 30 0.00
10.315 B1 6852.53 7128.96 
10.315 B3 6948.27 7231.41 
10.315 120 13 04 50
10.315 244 0.54
10.32 22 4.99
10.32 23 1.66
10.32 25 4.60
10.32 30 0.00
10.32 B1 6853.53 7133.12 
10.32 B3 6949.80 7236.19 
10.32 120 13 04 50
10.32 244 0.55
10.325 22 5.03
10.325 23 1.65
10.325 25 4.60
10.325 30 0.00
10.325 B1 6855.90 7138.72 
10.325 B3 6952.45 7242.15 
10.325 120 13 04 50
10.325 244 0.54
10.33 22 5.06
10.33 23 1.66
10.33 25 4.60
10.33 30 0.00
10.33 B1 6856.61 7142.67 
10.33 B3 6953.57 7246.62 
10.33 120 13 04 50
10.33 244 0.54
10.335 22 5.09
10.335 23 1.66
10.335 25 4.72
10.335 30 0.00
10.335 B1 6857.47 7146.77 
10.335 B3 6954.73 7251.12 
10.335 120 13 04 50
10.335 244 0.54
10.34 22 5.23
10.34 23 1.64
10.34 25 4.72
10.34 30 0.00
10.34 B1 6858.15 7150.65 
10.34 B3 6955.92 7255.63 
10.34 120 13 04 50
10.34 244 0.55
10.345 22 5.26
10.345 23 1.64
10.345 25 4.72
10.345 30 0.00
10.345 B1 6860.29 7156.00 
10.345 B3 6958.30 7261.36 
10.345 120 13 04 50
10.345 244 0.55
10.35 22 5.30
10.35 23 1.64
10.35 25 4.72
10.35 30 0.00
10.35 B1 6862.13 7161.10 
10.35 B3 6960.40 7266.83 
10.35 120 13 04 50
10.35 244 0.55
10.355 22 5.33
10.355 23 1.65
10.355 25 4.72
10.355 30 0.00
10.355 B1 6863.77 7165.98 
10.355 B3 6962.29 7272.09 
10.355 120 13 04 50
10.355 244 0.55
10.36 22 5.37
10.36 23 1.65
10.36 25 4.72
10.36 30 0.00
10.36 B1 6865.28 7170.71 
10.36 B3 6964.03 7277.19 
10.36 120 13 04 50
10.36 244 0.55
10.365 22 5.41
10.365 23 1.65
10.365 25 4.72
10.365 30 0.00
10.365 B1 6866.70 7175.30 
10.365 B3 6965.67 7282.14 
10.365 120 13 04 50
10.365 244 0.54
10.37 22 5.44
10.37 23 1.65
10.37 25 4.72
10.37 30 0.00
10.37 B1 6866.75 7178.46 
10.37 B3 6966.03 7285.78 
10.37 120 13 04 50
10.37 244 0.54
10.375 22 5.48
10.375 23 1.65
10.375 25 4.72
10.375 30 0.00
10.375 B1 6867.18 7181.91 
10.375 B3 6966.64 7289.58 
10.375 120 13 04 50
10.375 244 0.55
10.38 22 5.52
10.38 23 1.64
10.38 25 4.83
10.38 30 0.00
10.38 B1 6869.17 7186.86 
10.38 B3 6968.63 7294.69 
10.38 120 13 04 50
10.38 244 0.55
10.385 22 5.66
10.385 23 1.63
10.385 25 4.83
10.385 30 0.00
10.385 B1 6870.64 7191.24 
10.385 B3 6970.47 7299.62 
10.385 120 13 04 50
10.385 244 0.54
10.39 22 5.70
10.39 23 1.63
10.39 25 4.83
10.39 30 0.00
10.39 B1 6870.69 7194.23 
10.39 B3 6970.97 7303.22 
10.39 120 13 04 50
10.39 244 0.54
10.395 22 5.74
10.395 23 1.62
10.395 25 4.83
10.395 30 0.00
10.395 B1 6871.09 7197.53 
10.395 B3 6971.66 7306.97 
10.395 120 13 04 50
10.395 244 0.55
10.4 22 5.78
10.4 23 1.62
10.4 25 4.83
10.4 30 0.00
10.4 B1 6873.04 7202.36 
10.4 B3 6973.69 7312.03 
10.4 120 13 04 50
10.4 244 0.54
10.405 22 5.82
10.405 23 1.62
10.405 25 4.83
10.405 30 0.00
10.405 B1 6873.45 7205.62 
10.405 B3 6974.34 7315.70 
10.405 120 13 04 50
10.405 244 0.55
10.41 22 5.86
10.41 23 1.62
10.41 25 4.83
10.41 30 0.00
10.41 B1 6875.42 7210.39 
10.41 B3 6976.36 7320.68 
10.41 120 13 04 50
10.41 244 0.55
10.415 22 5.90
10.415 23 1.62
10.415 25 4.83
10.415 30 0.00
10.415 B1 6877.17 7214.91 
10.415 B3 6978.22 7325.46 
10.415 120 13 04 50
10.415 244 0.55
10.42 22 5.94
10.42 23 1.62
10.42 25 4.83
10.42 30 0.00
10.42 B1 6878.77 7219.23 
10.42 B3 6979.96 7330.08 
10.42 120 13 04 50
10.42 244 0.55
10.425 22 5.98
10.425 23 1.62
10.425 25 4.83
10.425 30 0.00
10.425 B1 6880.27 7223.40 
10.425 B3 6981.62 7334.57 
10.425 120 13 04 50
10.425 244 0.55
10.43 22 6.02
10.43 23 1.62
10.43 25 4.83
10.43 30 0.00
10.43 B1 6881.71 7227.44 
10.43 B3 6983.23 7338.96 
10.43 120 13 04 50
10.43 244 0.55
10.435 22 6.06
10.435 23 1.62
10.435 25 4.83
10.435 30 0.00
10.435 B1 6883.10 7231.39 
10.435 B3 6984.80 7343.24 
10.435 120 13 04 50
10.435 244 0.55
10.44 22 6.11
10.44 23 1.62
10.44 25 4.83
10.44 30 0.00
10.44 B1 6884.47 7235.26 
10.44 B3 6986.34 7347.45 
10.44 120 13 04 50
10.44 244 0.55
10.445 22 6.15
10.445 23 1.62
10.445 25 4.83
10.445 30 0.00
10.445 B1 6885.83 7239.05 
10.445 B3 6987.87 7351.58 
10.445 120 13 04 50
10.445 244 0.55
10.45 22 6.19
10.45 23 1.62
10.45 25 4.83
10.45 30 0.00
10.45 B1 6887.18 7242.78 
10.45 B3 6989.40 7355.64 
10.45 120 13 04 50
10.45 244 0.55
10.455 22 6.23
10.455 23 1.62
10.455 25 4.95
10.455 30 0.00
10.455 B1 6888.53 7246.45 
10.455 B3 6990.92 7359.65 
10.455 120 13 04 50
10.455 244 0.55
10.46 22 6.38
10.46 23 1.61
10.46 25 4.95
10.46 30 0.00
10.46 B1 6889.54 7249.73 
10.46 B3 6992.44 7363.60 
10.46 120 13 04 50
10.46 244 0.55
10.465 22 6.42
10.465 23 1.60
10.465 25 4.83
10.465 30 0.00
10.465 B1 6890.61 7253.10 
10.465 B3 6993.93 7367.52 
10.465 120 13 04 50
10.465 244 0.54
10.47 22 6.36
10.47 23 1.61
10.47 25 4.83
10.47 30 0.00
10.47 B1 6890.76 7255.53 
10.47 B3 6994.20 7370.22 
10.47 120 13 04 50
10.47 244 0.54
10.475 22 6.40
10.475 23 1.61
10.475 25 4.83
10.475 30 0.00
10.475 B1 6891.28 7258.22 
10.475 B3 6994.78 7373.12 
10.475 120 13 04 50
10.475 244 0.54
10.48 22 6.44
10.48 23 1.60
10.48 25 4.95
10.48 30 0.00
10.48 B1 6892.06 7261.07 
10.48 B3 6995.59 7376.17 
10.48 120 13 04 50
10.48 244 0.55
10.485 22 6.59
10.485 23 1.58
10.485 25 4.95
10.485 30 0.00
10.485 B1 6893.99 7265.01 
10.485 B3 6997.78 7380.51 
10.485 120 13 04 50
10.485 244 0.55
10.49 22 6.63
10.49 23 1.58
10.49 25 4.95
10.49 30 0.00
10.49 B1 6895.71 7268.79 
10.49 B3 6999.78 7384.70 
10.49 120 13 04 50
10.49 244 0.55
10.495 22 6.67
10.495 23 1.59
10.495 25 4.95
10.495 30 0.00
10.495 B1 6897.28 7272.43 
10.495 B3 7001.64 7388.75 
10.495 120 13 04 50
10.495 244 0.55
10.5 22 6.71
10.5 23 1.59
10.5 25 4.95
10.5 30 0.00
10.5 B1 6898.76 7275.98 
10.5 B3 7003.40 7392.69 
10.5 120 13 04 50
10.5 244 0.55
10.505 22 6.75
10.505 23 1.59
10.505 25 4.95
10.505 30 0.00
10.505 B1 6900.18 7279.44 
10.505 B3 7005.08 7396.54 
10.505 120 13 04 50
10.505 244 0.55
10.51 22 6.80
10.51 23 1.59
10.51 25 4.95
10.51 30 0.00
10.51 B1 6901.56 7282.83 
10.51 B3 7006.71 7400.31 
10.51 120 13 04 50
10.51 244 0.55
10.515 22 6.84
10.515 23 1.58
10.515 25 4.95
10.515 30 0.00
10.515 B1 6902.91 7286.16 
10.515 B3 7008.31 7404.00 
10.515 120 13 04 50
10.515 244 0.55
10.52 22 6.88
10.52 23 1.58
10.52 25 4.95
10.52 30 0.00
10.52 B1 6904.25 7289.43 
10.52 B3 7009.87 7407.64 
10.52 120 13 04 50
10.52 244 0.55
10.525 22 6.92
10.525 23 1.58
10.525 25 4.95
10.525 30 0.00
10.525 B1 6905.57 7292.66 
10.525 B3 7011.42 7411.22 
10.525 120 13 04 50
10.525 244 0.55
10.53 22 6.96
10.53 23 1.58
10.53 25 4.95
10.53 30 0.00
10.53 B1 6906.90 7295.83 
10.53 B3 7012.96 7414.74 
10.53 120 13 04 50
10.53 244 0.55
10.535 22 7.00
10.535 23 1.58
10.535 25 4.95
10.535 30 0.00
10.535 B1 6908.22 7298.97 
10.535 B3 7014.49 7418.22 
10.535 120 13 04 50
10.535 244 0.55
10.54 22 7.04
10.54 23 1.58
10.54 25 4.95
10.54 30 0.00
10.54 B1 6909.54 7302.07 
10.54 B3 7016.02 7421.65 
10.54 120 13 04 50
10.54 244 0.55
10.545 22 7.08
10.545 23 1.58
10.545 25 4.95
10.545 30 0.00
10.545 B1 6910.85 7305.13 
10.545 B3 7017.54 7425.04 
10.545 120 13 04 50
10.545 244 0.55
10.55 22 7.12
10.55 23 1.58
10.55 25 4.95
10.55 30 0.00
10.55 B1 6912.18 7308.15 
10.55 B3 7019.07 7428.39 
10.55 120 13 04 50
10.55 244 0.55
10.555 22 7.16
10.555 23 1.57
10.555 25 5.07
10.555 30 0.00
10.555 B1 6913.51 7311.14 
10.555 B3 7020.59 7431.71 
10.555 120 13 04 50
10.555 244 0.55
10.56 22 7.31
10.56 23 1.56
10.56 25 4.95
10.56 30 0.00
10.56 B1 6914.45 7313.72 
10.56 B3 7022.12 7434.98 
10.56 120 13 04 50
10.56 244 0.55
10.565 22 7.24
10.565 23 1.57
10.565 25 5.07
10.565 30 0.00
10.565 B1 6915.85 7316.78 
10.565 B3 7023.61 7438.25 
10.565 120 13 04 50
10.565 244 0.55
10.57 22 7.38
10.57 23 1.56
10.57 25 5.07
10.57 30 0.00
10.57 B1 6916.85 7319.39 
10.57 B3 7025.11 7441.47 
10.57 120 13 04 50
10.57 244 0.55
10.575 22 7.42
10.575 23 1.55
10.575 25 4.95
10.575 30 0.00
10.575 B1 6917.91 7322.09 
10.575 B3 7026.58 7444.68 
10.575 120 13 04 50
10.575 244 0.55
10.58 22 7.36
10.58 23 1.56
10.58 25 5.07
10.58 30 0.00
10.58 B1 6919.40 7325.21 
10.58 B3 7028.03 7447.88 
10.58 120 13 04 50
10.58 244 0.55
10.585 22 7.50
10.585 23 1.55
10.585 25 4.95
10.585 30 0.00
10.585 B1 6920.46 7327.83 
10.585 B3 7029.50 7451.02 
10.585 120 13 04 50
10.585 244 0.55
10.59 22 7.44
10.59 23 1.56
10.59 25 4.95
10.59 30 0.00
10.59 B1 6921.96 7330.88 
10.59 B3 7030.95 7454.15 
10.59 120 13 04 50
10.59 244 0.54
10.595 22 7.48
10.595 23 1.56
10.595 25 4.95
10.595 30 0.00
10.595 B1 6922.09 7332.50 
10.595 B3 7031.24 7456.04 
10.595 120 13 04 50
10.595 244 0.54
10.6 22 7.51
10.6 23 1.55
10.6 25 4.95
10.6 30 0.00
10.6 B1 6922.60 7334.39 
10.6 B3 7031.83 7458.14 
10.6 120 13 04 50
10.6 244 0.54
10.605 22 7.55
10.605 23 1.55
10.605 25 4.95
10.605 30 0.00
10.605 B1 6923.35 7336.47 
10.605 B3 7032.65 7460.41 
10.605 120 13 04 50
10.605 244 0.54
10.61 22 7.59
10.61 23 1.54
10.61 25 4.95
10.61 30 0.00
10.61 B1 6924.28 7338.67 
10.61 B3 7033.64 7462.78 
10.61 120 13 04 50
10.61 244 0.54
10.615 22 7.63
10.615 23 1.54
10.615 25 5.07
10.615 30 0.00
10.615 B1 6925.33 7340.95 
10.615 B3 7034.76 7465.24 
10.615 120 13 04 50
10.615 244 0.55
10.62 22 7.77
10.62 23 1.52
10.62 25 4.95
10.62 30 0.00
10.62 B1 6927.38 7344.21 
10.62 B3 7037.17 7468.96 
10.62 120 13 04 50
10.62 244 0.54
10.625 22 7.70
10.625 23 1.54
10.625 25 4.95
10.625 30 0.00
10.625 B1 6928.25 7346.36 
10.625 B3 7038.14 7471.29 
10.625 120 13 04 50
10.625 244 0.54
10.63 22 7.74
10.63 23 1.53
10.63 25 5.07
10.63 30 0.00
10.63 B1 6929.26 7348.58 
10.63 B3 7039.24 7473.70 
10.63 120 13 04 50
10.63 244 0.54
10.635 22 7.88
10.635 23 1.52
10.635 25 5.07
10.635 30 0.00
10.635 B1 6929.95 7350.45 
10.635 B3 7040.44 7476.16 
10.635 120 13 04 50
10.635 244 0.54
10.64 22 7.91
10.64 23 1.51
10.64 25 5.07
10.64 30 0.00
10.64 B1 6930.79 7352.50 
10.64 B3 7041.68 7478.68 
10.64 120 13 04 50
10.64 244 0.54
10.645 22 7.95
10.645 23 1.51
10.645 25 5.07
10.645 30 0.00
10.645 B1 6931.73 7354.67 
10.645 B3 7042.94 7481.25 
10.645 120 13 04 50
10.645 244 0.54
10.65 22 7.98
10.65 23 1.51
10.65 25 5.07
10.65 30 0.00
10.65 B1 6932.74 7356.91 
10.65 B3 7044.22 7483.84 
10.65 120 13 04 50
10.65 244 0.54
10.655 22 8.02
10.655 23 1.50
10.655 25 5.07
10.655 30 0.00
10.655 B1 6933.80 7359.20 
10.655 B3 7045.52 7486.45 
10.655 120 13 04 50
10.655 244 0.54
10.66 22 8.05
10.66 23 1.50
10.66 25 4.95
10.66 30 0.00
10.66 B1 6934.89 7361.50 
10.66 B3 7046.83 7489.06 
10.66 120 13 04 50
10.66 244 0.54
10.665 22 7.98
10.665 23 1.51
10.665 25 5.07
10.665 30 0.00
10.665 B1 6936.42 7364.23 
10.665 B3 7048.15 7491.67 
10.665 120 13 04 50
10.665 244 0.54
10.67 22 8.12
10.67 23 1.50
10.67 25 5.07
10.67 30 0.00
10.67 B1 6937.47 7366.41 
10.67 B3 7049.51 7494.25 
10.67 120 13 04 50
10.67 244 0.54
10.675 22 8.15
10.675 23 1.50
10.675 25 5.07
10.675 30 0.00
10.675 B1 6938.55 7368.63 
10.675 B3 7050.87 7496.82 
10.675 120 13 04 50
10.675 244 0.54
10.68 22 8.18
10.68 23 1.49
10.68 25 4.95
10.68 30 0.00
10.68 B1 6939.66 7370.86 
10.68 B3 7052.23 7499.39 
10.68 120 13 04 50
10.68 244 0.54
10.685 22 8.12
10.685 23 1.51
10.685 25 5.07
10.685 30 0.00
10.685 B1 6941.21 7373.50 
10.685 B3 7053.59 7501.93 
10.685 120 13 04 50
10.685 244 0.54
10.69 22 8.25
10.69 23 1.49
10.69 25 4.95
10.69 30 0.00
10.69 B1 6942.26 7375.59 
10.69 B3 7054.98 7504.44 
10.69 120 13 04 50
10.69 244 0.54
10.695 22 8.18
10.695 23 1.50
10.695 25 4.95
10.695 30 0.00
10.695 B1 6943.77 7378.12 
10.695 B3 7056.36 7506.95 
10.695 120 13 04 50
10.695 244 0.54
10.7 22 8.22
10.7 23 1.50
10.7 25 4.95
10.7 30 0.00
10.7 B1 6945.21 7380.52 
10.7 B3 7057.77 7509.40 
10.7 120 13 04 50
10.7 244 0.54
10.705 22 8.25
10.705 23 1.50
10.705 25 4.95
10.705 30 0.00
10.705 B1 6946.62 7382.83 
10.705 B3 7059.20 7511.83 
10.705 120 13 04 50
10.705 244 0.54
10.71 22 8.29
10.71 23 1.50
10.71 25 4.95
10.71 30 0.00
10.71 B1 6947.99 7385.05 
10.71 B3 7060.66 7514.22 
10.71 120 13 04 50
10.71 244 0.54
10.715 22 8.32
10.715 23 1.50
10.715 25 4.95
10.715 30 0.00
10.715 B1 6949.34 7387.22 
10.715 B3 7062.12 7516.58 
10.715 120 13 04 50
10.715 244 0.54
10.72 22 8.35
10.72 23 1.50
10.72 25 4.95
10.72 30 0.00
10.72 B1 6950.67 7389.34 
10.72 B3 7063.59 7518.92 
10.72 120 13 04 50
10.72 244 0.54
10.725 22 8.38
10.725 23 1.50
10.725 25 4.95
10.725 30 0.00
10.725 B1 6950.67 7390.10 
10.725 B3 7063.87 7520.05 
10.725 120 13 04 50
10.725 244 0.54
10.73 22 8.41
10.73 23 1.49
10.73 25 4.95
10.73 30 0.00
10.73 B1 6951.05 7391.18 
10.73 B3 7064.44 7521.40 
10.73 120 13 04 50
10.73 244 0.54
10.735 22 8.45
10.735 23 1.48
10.735 25 4.95
10.735 30 0.00
10.735 B1 6951.71 7392.50 
10.735 B3 7065.22 7522.93 
10.735 120 13 04 50
10.735 244 0.54
10.74 22 8.48
10.74 23 1.48
10.74 25 4.95
10.74 30 0.00
10.74 B1 6953.86 7395.30 
10.74 B3 7067.36 7525.78 
10.74 120 13 04 50
10.74 244 0.54
10.745 22 8.51
10.745 23 1.48
10.745 25 4.95
10.745 30 0.00
10.745 B1 6954.42 7396.53 
10.745 B3 7068.13 7527.28 
10.745 120 13 04 50
10.745 244 0.54
10.75 22 8.54
10.75 23 1.47
10.75 25 4.95
10.75 30 0.00
10.75 B1 6955.19 7397.93 
10.75 B3 7069.07 7528.91 
10.75 120 13 04 50
10.75 244 0.54
10.755 22 8.57
10.755 23 1.47
10.755 25 4.95
10.755 30 0.00
10.755 B1 6956.10 7399.46 
10.755 B3 7070.12 7530.64 
10.755 120 13 04 50
10.755 244 0.54
10.76 22 8.60
10.76 23 1.47
10.76 25 4.95
10.76 30 0.00
10.76 B1 6957.10 7401.07 
10.76 B3 7071.26 7532.44 
10.76 120 13 04 50
10.76 244 0.54
10.765 22 8.62
10.765 23 1.46
10.765 25 4.95
10.765 30 0.00
10.765 B1 6958.18 7402.74 
10.765 B3 7072.46 7534.30 
10.765 120 13 04 50
10.765 244 0.54
10.77 22 8.65
10.77 23 1.46
10.77 25 4.95
10.77 30 0.00
10.77 B1 6959.29 7404.44 
10.77 B3 7073.71 7536.18 
10.77 120 13 04 50
10.77 244 0.54
10.775 22 8.68
10.775 23 1.46
10.775 25 4.95
10.775 30 0.00
10.775 B1 6960.43 7406.17 
10.775 B3 7074.99 7538.10 
10.775 120 13 04 50
10.775 244 0.54
10.78 22 8.71
10.78 23 1.46
10.78 25 5.07
10.78 30 0.00
10.78 B1 6961.59 7407.91 
10.78 B3 7076.29 7540.03 
10.78 120 13 04 50
10.78 244 0.54
10.785 22 8.83
10.785 23 1.44
10.785 25 5.07
10.785 30 0.00
10.785 B1 6963.63 7410.54 
10.785 B3 7078.81 7543.17 
10.785 120 13 04 50
10.785 244 0.54
10.79 22 8.86
10.79 23 1.45
10.79 25 4.95
10.79 30 0.00
10.79 B1 6965.38 7412.97 
10.79 B3 7081.02 7546.08 
10.79 120 13 04 50
10.79 244 0.54
10.795 22 8.79
10.795 23 1.46
10.795 25 4.95
10.795 30 0.00
10.795 B1 6966.06 7414.36 
10.795 B3 7081.79 7547.62 
10.795 120 13 04 50
10.795 244 0.54
10.8 22 8.81
10.8 23 1.46
10.8 25 5.07
10.8 30 0.00
10.8 B1 6966.89 7415.84 
10.8 B3 7082.71 7549.24 
10.8 120 13 04 50
10.8 244 0.54
10.805 22 8.94
10.805 23 1.44
10.805 25 4.95
10.805 30 0.00
10.805 B1 6967.38 7416.95 
10.805 B3 7083.74 7550.93 
10.805 120 13 04 50
10.805 244 0.54
10.81 22 8.86
10.81 23 1.45
10.81 25 4.95
10.81 30 0.00
10.81 B1 6968.50 7418.69 
10.81 B3 7084.81 7552.69 
10.81 120 13 04 50
10.81 244 0.54
10.815 22 8.89
10.815 23 1.45
10.815 25 4.95
10.815 30 0.00
10.815 B1 6969.64 7420.40 
10.815 B3 7085.95 7554.47 
10.815 120 13 04 50
10.815 244 0.54
10.82 22 8.91
10.82 23 1.45
10.82 25 4.95
10.82 30 0.00
10.82 B1 6970.79 7422.10 
10.82 B3 7087.13 7556.28 
10.82 120 13 04 50
10.82 244 0.54
10.825 22 8.94
10.825 23 1.45
10.825 25 5.07
10.825 30 0.00
10.825 B1 6971.95 7423.79 
10.825 B3 7088.36 7558.09 
10.825 120 13 04 50
10.825 244 0.54
10.83 22 9.06
10.83 23 1.43
10.83 25 5.07
10.83 30 0.00
10.83 B1 6972.65 7425.02 
10.83 B3 7089.61 7559.91 
10.83 120 13 04 50
10.83 244 0.54
10.835 22 9.08
10.835 23 1.43
10.835 25 5.07
10.835 30 0.00
10.835 B1 6973.45 7426.40 
10.835 B3 7090.84 7561.75 
10.835 120 13 04 50
10.835 244 0.54
10.84 22 9.10
10.84 23 1.43
10.84 25 5.07
10.84 30 0.00
10.84 B1 6974.32 7427.87 
10.84 B3 7092.06 7563.61 
10.84 120 13 04 50
10.84 244 0.54
10.845 22 9.13
10.845 23 1.43
10.845 25 5.07
10.845 30 0.00
10.845 B1 6975.23 7429.41 
10.845 B3 7093.26 7565.47 
10.845 120 13 04 50
10.845 244 0.54
10.85 22 9.15
10.85 23 1.42
10.85 25 4.95
10.85 30 0.00
10.85 B1 6976.18 7430.99 
10.85 B3 7094.45 7567.34 
10.85 120 13 04 50
10.85 244 0.54
10.855 22 9.07
10.855 23 1.44
10.855 25 5.07
10.855 30 0.00
10.855 B1 6977.62 7433.04 
10.855 B3 7095.63 7569.22 
10.855 120 13 04 50
10.855 244 0.54
10.86 22 9.19
10.86 23 1.42
10.86 25 5.07
10.86 30 0.00
10.86 B1 6979.81 7435.83 
10.86 B3 7098.03 7572.25 
10.86 120 13 04 50
10.86 244 0.54
10.865 22 9.21
10.865 23 1.43
10.865 25 5.07
10.865 30 0.00
10.865 B1 6980.34 7436.99 
10.865 B3 7098.95 7573.84 
10.865 120 13 04 50
10.865 244 0.54
10.87 22 9.23
10.87 23 1.42
10.87 25 5.07
10.87 30 0.00
10.87 B1 6981.01 7438.29 
10.87 B3 7099.91 7575.48 
10.87 120 13 04 50
10.87 244 0.54
10.875 22 9.26
10.875 23 1.42
10.875 25 5.07
10.875 30 0.00
10.875 B1 6981.79 7439.68 
10.875 B3 7100.93 7577.16 
10.875 120 13 04 50
10.875 244 0.54
10.88 22 9.28
10.88 23 1.42
10.88 25 4.95
10.88 30 0.00
10.88 B1 6982.64 7441.13 
10.88 B3 7101.97 7578.86 
10.88 120 13 04 50
10.88 244 0.54
10.885 22 9.20
10.885 23 1.43
10.885 25 4.95
10.885 30 0.00
10.885 B1 6984.01 7443.07 
10.885 B3 7103.04 7580.58 
10.885 120 13 04 50
10.885 244 0.54
10.89 22 9.22
10.89 23 1.43
10.89 25 4.95
10.89 30 0.00
10.89 B1 6985.31 7444.88 
10.89 B3 7104.16 7582.28 
10.89 120 13 04 50
10.89 244 0.54
10.895 22 9.25
10.895 23 1.43
10.895 25 4.95
10.895 30 0.00
10.895 B1 6986.56 7446.59 
10.895 B3 7105.33 7583.97 
10.895 120 13 04 50
10.895 244 0.54
10.9 22 9.27
10.9 23 1.43
10.9 25 4.95
10.9 30 0.00
10.9 B1 6987.78 7448.22 
10.9 B3 7106.52 7585.65 
10.9 120 13 04 50
10.9 244 0.54
10.905 22 9.29
10.905 23 1.43
10.905 25 4.95
10.905 30 0.00
10.905 B1 6988.97 7449.81 
10.905 B3 7107.74 7587.31 
10.905 120 13 04 50
10.905 244 0.54
10.91 22 9.31
10.91 23 1.43
10.91 25 4.95
10.91 30 0.00
10.91 B1 6990.14 7451.35 
10.91 B3 7108.98 7588.96 
10.91 120 13 04 50
10.91 244 0.54
10.915 22 9.33
10.915 23 1.43
10.915 25 4.95
10.915 30 0.00
10.915 B1 6991.30 7452.85 
10.915 B3 7110.22 7590.60 
10.915 120 13 04 50
10.915 244 0.54
10.92 22 9.35
10.92 23 1.43
10.92 25 5.07
10.92 30 0.00
10.92 B1 6992.44 7454.33 
10.92 B3 7111.47 7592.23 
10.92 120 13 04 50
10.92 244 0.54
10.925 22 9.47
10.925 23 1.41
10.925 25 5.07
10.925 30 0.00
10.925 B1 6993.10 7455.33 
10.925 B3 7112.73 7593.85 
10.925 120 13 04 50
10.925 244 0.54
10.93 22 9.48
10.93 23 1.41
10.93 25 5.07
10.93 30 0.00
10.93 B1 6993.84 7456.47 
10.93 B3 7113.94 7595.48 
10.93 120 13 04 50
10.93 244 0.54
10.935 22 9.50
10.935 23 1.41
10.935 25 4.95
10.935 30 0.00
10.935 B1 6994.66 7457.72 
10.935 B3 7115.13 7597.12 
10.935 120 13 04 50
10.935 244 0.54
10.94 22 9.42
10.94 23 1.42
10.94 25 4.95
10.94 30 0.00
10.94 B1 6996.01 7459.49 
10.94 B3 7116.29 7598.76 
10.94 120 13 04 50
10.94 244 0.54
10.945 22 9.44
10.945 23 1.42
10.945 25 5.07
10.945 30 0.00
10.945 B1 6997.28 7461.15 
10.945 B3 7117.47 7600.38 
10.945 120 13 04 50
10.945 244 0.54
10.95 22 9.56
10.95 23 1.40
10.95 25 5.07
10.95 30 0.00
10.95 B1 6998.01 7462.26 
10.95 B3 7118.66 7601.97 
10.95 120 13 04 50
10.95 244 0.54
10.955 22 9.57
10.955 23 1.40
10.955 25 5.07
10.955 30 0.00
10.955 B1 6998.81 7463.47 
10.955 B3 7119.83 7603.57 
10.955 120 13 04 50
10.955 244 0.54
10.96 22 9.59
10.96 23 1.40
10.96 25 4.95
10.96 30 0.00
10.96 B1 6999.66 7464.75 
10.96 B3 7120.97 7605.17 
10.96 120 13 04 50
10.96 244 0.54
10.965 22 9.51
10.965 23 1.41
10.965 25 4.95
10.965 30 0.00
10.965 B1 7001.03 7466.53 
10.965 B3 7122.09 7606.77 
10.965 120 13 04 50
10.965 244 0.54
10.97 22 9.53
10.97 23 1.41
10.97 25 5.07
10.97 30 0.00
10.97 B1 7002.31 7468.19 
10.97 B3 7123.24 7608.35 
10.97 120 13 04 50
10.97 244 0.54
10.975 22 9.64
10.975 23 1.40
10.975 25 4.95
10.975 30 0.00
10.975 B1 7003.04 7469.28 
10.975 B3 7124.41 7609.89 
10.975 120 13 04 50
10.975 244 0.54
10.98 22 9.57
10.98 23 1.41
10.98 25 4.95
10.98 30 0.00
10.98 B1 7004.33 7470.92 
10.98 B3 7125.54 7611.44 
10.98 120 13 04 50
10.98 244 0.54
10.985 22 9.58
10.985 23 1.41
10.985 25 5.07
10.985 30 0.00
10.985 B1 7005.55 7472.48 
10.985 B3 7126.70 7612.98 
10.985 120 13 04 50
10.985 244 0.54
10.99 22 9.69
10.99 23 1.40
10.99 25 5.07
10.99 30 0.00
10.99 B1 7006.23 7473.48 
10.99 B3 7127.87 7614.48 
10.99 120 13 04 50
10.99 244 0.54
10.995 22 9.71
10.995 23 1.40
10.995 25 4.95
10.995 30 0.00
10.995 B1 7006.99 7474.60 
10.995 B3 7129.01 7616.00 
10.995 120 13 04 50
10.995 244 0.54
11 22 9.63
11 23 1.41
11 25 4.95
11 30 0.00
11 B1 7008.30 7476.25 
11 B3 7130.12 7617.52 
11 120 13 04 50
11 244 0.54
11.005 22 9.65
11.005 23 1.41
11.005 25 4.95
11.005 30 0.00
11.005 B1 7009.53 7477.80 
11.005 B3 7131.25 7619.01 
11.005 120 13 04 50
11.005 244 0.54
11.01 22 9.66
11.01 23 1.41
11.01 25 4.95
11.01 30 0.00
11.01 B1 7010.71 7479.27 
11.01 B3 7132.40 7620.48 
11.01 120 13 04 50
11.01 244 0.54
11.015 22 9.68
11.015 23 1.41
11.015 25 4.95
11.015 30 0.00
11.015 B1 7011.85 7480.67 
11.015 B3 7133.56 7621.94 
11.015 120 13 04 50
11.015 244 0.54
11.02 22 9.70
11.02 23 1.41
11.02 25 4.95
11.02 30 0.00
11.02 B1 7012.96 7482.02 
11.02 B3 7134.71 7623.38 
11.02 120 13 04 50
11.02 244 0.54
11.025 22 9.71
11.025 23 1.41
11.025 25 4.95
11.025 30 0.00
11.025 B1 7014.06 7483.35 
11.025 B3 7135.88 7624.80 
11.025 120 13 04 50
11.025 244 0.54
11.03 22 9.73
11.03 23 1.40
11.03 25 4.95
11.03 30 0.00
11.03 B1 7015.14 7484.65 
11.03 B3 7137.04 7626.22 
11.03 120 13 04 50
11.03 244 0.54
11.035 22 9.74
11.035 23 1.40
11.035 25 5.07
11.035 30 0.00
11.035 B1 7016.20 7485.92 
11.035 B3 7138.21 7627.62 
11.035 120 13 04 50
11.035 244 0.54
11.04 22 9.85
11.04 23 1.39
11.04 25 4.95
11.04 30 0.00
11.04 B1 7016.76 7486.71 
11.04 B3 7139.38 7629.02 
11.04 120 13 04 50
11.04 244 0.54
11.045 22 9.77
11.045 23 1.40
11.045 25 4.95
11.045 30 0.00
11.045 B1 7017.92 7488.11 
11.045 B3 7140.50 7630.43 
11.045 120 13 04 50
11.045 244 0.54
11.05 22 9.79
11.05 23 1.40
11.05 25 4.95
11.05 30 0.00
11.05 B1 7019.04 7489.47 
11.05 B3 7141.63 7631.83 
11.05 120 13 04 50
11.05 244 0.54
11.055 22 9.80
11.055 23 1.40
11.055 25 4.95
11.055 30 0.00
11.055 B1 7020.13 7490.78 
11.055 B3 7142.76 7633.21 
11.055 120 13 04 50
11.055 244 0.54
11.06 22 9.82
11.06 23 1.40
11.06 25 4.95
11.06 30 0.00
11.06 B1 7021.20 7492.05 
11.06 B3 7143.89 7634.57 
11.06 120 13 04 50
11.06 244 0.54
11.065 22 9.83
11.065 23 1.40
11.065 25 4.95
11.065 30 0.00
11.065 B1 7022.26 7493.31 
11.065 B3 7145.03 7635.94 
11.065 120 13 04 50
11.065 244 0.54
11.07 22 9.85
11.07 23 1.40
11.07 25 5.07
11.07 30 0.00
11.07 B1 7023.30 7494.54 
11.07 B3 7146.16 7637.29 
11.07 120 13 04 50
11.07 244 0.54
11.075 22 9.95
11.075 23 1.38
11.075 25 4.95
11.075 30 0.00
11.075 B1 7025.14 7496.60 
11.075 B3 7148.48 7639.82 
11.075 120 13 04 50
11.075 244 0.54
11.08 22 9.87
11.08 23 1.40
11.08 25 4.95
11.08 30 0.00
11.08 B1 7025.88 7497.62 
11.08 B3 7149.29 7640.93 
11.08 120 13 04 50
11.08 244 0.54
11.085 22 9.88
11.085 23 1.40
11.085 25 4.95
11.085 30 0.00
11.085 B1 7028.03 7500.00 
11.085 B3 7151.37 7643.27 
11.085 120 13 04 50
11.085 244 0.54
11.09 22 9.90
11.09 23 1.41
11.09 25 4.95
11.09 30 0.00
11.09 B1 7029.83 7502.05 
11.09 B3 7153.22 7645.40 
11.09 120 13 04 50
11.09 244 0.54
11.095 22 9.91
11.095 23 1.41
11.095 25 4.95
11.095 30 0.00
11.095 B1 7030.08 7502.54 
11.095 B3 7153.70 7646.16 
11.095 120 13 04 50
11.095 244 0.54
11.1 22 9.92
11.1 23 1.40
11.1 25 5.07
11.1 30 0.00
11.1 B1 7030.56 7503.22 
11.1 B3 7154.34 7647.03 
11.1 120 13 04 50
11.1 244 0.54
11.105 22 10.03
11.105 23 1.39
11.105 25 4.95
11.105 30 0.00
11.105 B1 7030.68 7503.56 
11.105 B3 7155.09 7648.00 
11.105 120 13 04 50
11.105 244 0.54
11.11 22 9.95
11.11 23 1.40
11.11 25 4.95
11.11 30 0.00
11.11 B1 7031.55 7504.62 
11.11 B3 7155.88 7649.04 
11.11 120 13 04 50
11.11 244 0.54
11.115 22 9.96
11.115 23 1.40
11.115 25 4.95
11.115 30 0.00
11.115 B1 7032.44 7505.70 
11.115 B3 7156.75 7650.14 
11.115 120 13 04 50
11.115 244 0.54
11.12 22 9.97
11.12 23 1.39
11.12 25 4.95
11.12 30 0.00
11.12 B1 7033.37 7506.81 
11.12 B3 7157.67 7651.27 
11.12 120 13 04 50
11.12 244 0.54
11.125 22 9.98
11.125 23 1.39
11.125 25 4.95
11.125 30 0.00
11.125 B1 7032.99 7506.59 
11.125 B3 7157.44 7651.22 
11.125 120 13 04 50
11.125 244 0.54
11.13 22 10.00
11.13 23 1.38
11.13 25 4.95
11.13 30 0.00
11.13 B1 7034.34 7508.05 
11.13 B3 7158.71 7652.64 
11.13 120 13 04 50
11.13 244 0.54
11.135 22 10.01
11.135 23 1.39
11.135 25 5.07
11.135 30 0.00
11.135 B1 7035.57 7509.42 
11.135 B3 7159.93 7654.02 
11.135 120 13 04 50
11.135 244 0.54
11.14 22 10.11
11.14 23 1.37
11.14 25 5.07
11.14 30 0.00
11.14 B1 7036.20 7510.24 
11.14 B3 7161.10 7655.37 
11.14 120 13 04 50
11.14 244 0.54
11.145 22 10.12
11.145 23 1.37
11.145 25 4.95
11.145 30 0.00
11.145 B1 7036.89 7511.16 
11.145 B3 7162.22 7656.71 
11.145 120 13 04 50
11.145 244 0.54
11.15 22 10.04
11.15 23 1.38
11.15 25 4.95
11.15 30 0.00
11.15 B1 7036.82 7511.33 
11.15 B3 7162.08 7656.85 
11.15 120 13 04 50
11.15 244 0.54
11.155 22 10.05
11.155 23 1.38
11.155 25 5.07
11.155 30 0.00
11.155 B1 7037.06 7511.74 
11.155 B3 7162.22 7657.21 
11.155 120 13 04 50
11.155 244 0.54
11.16 22 10.15
11.16 23 1.36
11.16 25 4.95
11.16 30 0.00
11.16 B1 7036.99 7511.84 
11.16 B3 7162.58 7657.73 
11.16 120 13 04 50
11.16 244 0.54
11.165 22 10.07
11.165 23 1.37
11.165 25 4.95
11.165 30 0.00
11.165 B1 7039.01 7514.04 
11.165 B3 7164.24 7659.61 
11.165 120 13 04 50
11.165 244 0.54
11.17 22 10.08
11.17 23 1.37
11.17 25 4.95
11.17 30 0.00
11.17 B1 7039.39 7514.61 
11.17 B3 7164.56 7660.14 
11.17 120 13 04 50
11.17 244 0.54
11.175 22 10.09
11.175 23 1.37
11.175 25 4.95
11.175 30 0.00
11.175 B1 7039.93 7515.30 
11.175 B3 7165.04 7660.80 
11.175 120 13 04 50
11.175 244 0.54
11.18 22 10.10
11.18 23 1.36
11.18 25 4.95
11.18 30 0.00
11.18 B1 7040.58 7516.08 
11.18 B3 7165.64 7661.56 
11.18 120 13 04 50
11.18 244 0.54
11.185 22 10.11
11.185 23 1.36
11.185 25 4.95
11.185 30 0.00
11.185 B1 7041.31 7516.94 
11.185 B3 7166.34 7662.39 
11.185 120 13 04 50
11.185 244 0.54
11.19 22 10.13
11.19 23 1.36
11.19 25 4.95
11.19 30 0.00
11.19 B1 7043.41 7519.15 
11.19 B3 7168.30 7664.48 
11.19 120 13 04 50
11.19 244 0.54
11.195 22 10.14
11.195 23 1.36
11.195 25 4.95
11.195 30 0.00
11.195 B1 7045.15 7521.04 
11.195 B3 7170.03 7666.37 
11.195 120 13 04 50
11.195 244 0.54
11.2 22 10.15
11.2 23 1.37
11.2 25 4.95
11.2 30 0.00
11.2 B1 7046.64 7522.70 
11.2 B3 7171.59 7668.09 
11.2 120 13 04 50
11.2 244 0.54
11.205 22 10.16
11.205 23 1.37
11.205 25 4.95
11.205 30 0.00
11.205 B1 7047.95 7524.19 
11.205 B3 7173.01 7669.69 
11.205 120 13 04 50
11.205 244 0.54
11.21 22 10.17
11.21 23 1.37
11.21 25 4.95
11.21 30 0.00
11.21 B1 7049.15 7525.55 
11.21 B3 7174.33 7671.19 
11.21 120 13 04 50
11.21 244 0.54
11.215 22 10.18
11.215 23 1.37
11.215 25 4.95
11.215 30 0.00
11.215 B1 7048.94 7525.51 
11.215 B3 7174.38 7671.42 
11.215 120 13 04 50
11.215 244 0.54
11.22 22 10.19
11.22 23 1.37
11.22 25 4.95
11.22 30 0.00
11.22 B1 7049.06 7525.75 
11.22 B3 7174.66 7671.83 
11.22 120 13 04 50
11.22 244 0.54
11.225 22 10.20
11.225 23 1.36
11.225 25 4.95
11.225 30 0.00
11.225 B1 7049.42 7526.19 
11.225 B3 7175.10 7672.39 
11.225 120 13 04 50
11.225 244 0.54
11.23 22 10.20
11.23 23 1.36
11.23 25 4.95
11.23 30 0.00
11.23 B1 7049.94 7526.79 
11.23 B3 7175.67 7673.06 
11.23 120 13 04 50
11.23 244 0.54
11.235 22 10.21
11.235 23 1.36
11.235 25 4.95
11.235 30 0.00
11.235 B1 7050.56 7527.49 
11.235 B3 7176.33 7673.81 
11.235 120 13 04 50
11.235 244 0.54
11.24 22 10.22
11.24 23 1.35
11.24 25 4.95
11.24 30 0.00
11.24 B1 7051.26 7528.26 
11.24 B3 7177.05 7674.64 
11.24 120 13 04 50
11.24 244 0.54
11.245 22 10.23
11.245 23 1.35
11.245 25 4.95
11.245 30 0.00
11.245 B1 7053.33 7530.41 
11.245 B3 7179.02 7676.70 
11.245 120 13 04 50
11.245 244 0.54
11.25 22 10.24
11.25 23 1.36
11.25 25 4.95
11.25 30 0.00
11.25 B1 7055.04 7532.25 
11.25 B3 7180.75 7678.57 
11.25 120 13 04 50
11.25 244 0.54
11.255 22 10.25
11.255 23 1.36
11.255 25 4.95
11.255 30 0.00
11.255 B1 7056.49 7533.86 
11.255 B3 7182.30 7680.26 
11.255 120 13 04 50
11.255 244 0.54
11.26 22 10.26
11.26 23 1.36
11.26 25 4.95
11.26 30 0.00
11.26 B1 7057.78 7535.30 
11.26 B3 7183.70 7681.83 
11.26 120 13 04 50
11.26 244 0.54
11.265 22 10.27
11.265 23 1.37
11.265 25 4.95
11.265 30 0.00
11.265 B1 7057.62 7535.30 
11.265 B3 7183.81 7682.10 
11.265 120 13 04 50
11.265 244 0.54
11.27 22 10.28
11.27 23 1.36
11.27 25 4.95
11.27 30 0.00
11.27 B1 7059.10 7536.89 
11.27 B3 7185.31 7683.73 
11.27 120 13 04 50
11.27 244 0.54
11.275 22 10.28
11.275 23 1.36
11.275 25 4.95
11.275 30 0.00
11.275 B1 7060.39 7538.31 
11.275 B3 7186.68 7685.25 
11.275 120 13 04 50
11.275 244 0.54
11.28 22 10.29
11.28 23 1.36
11.28 25 4.95
11.28 30 0.00
11.28 B1 7061.55 7539.61 
11.28 B3 7187.95 7686.67 
11.28 120 13 04 50
11.28 244 0.54
11.285 22 10.30
11.285 23 1.37
11.285 25 4.95
11.285 30 0.00
11.285 B1 7061.31 7539.51 
11.285 B3 7187.94 7686.82 
11.285 120 13 04 50
11.285 244 0.54
11.29 22 10.31
11.29 23 1.36
11.29 25 4.95
11.29 30 0.00
11.29 B1 7061.40 7539.69 
11.29 B3 7188.16 7687.17 
11.29 120 13 04 50
11.29 244 0.54
11.295 22 10.32
11.295 23 1.35
11.295 25 4.95
11.295 30 0.00
11.295 B1 7061.72 7540.09 
11.295 B3 7188.55 7687.65 
11.295 120 13 04 50
11.295 244 0.54
11.3 22 10.32
11.3 23 1.35
11.3 25 5.07
11.3 30 0.00
11.3 B1 7062.20 7540.64 
11.3 B3 7189.06 7688.26 
11.3 120 13 04 50
11.3 244 0.54
11.305 22 10.42
11.305 23 1.34
11.305 25 4.95
11.305 30 0.00
11.305 B1 7063.57 7542.11 
11.305 B3 7190.87 7690.15 
11.305 120 13 04 50
11.305 244 0.54
11.31 22 10.34
11.31 23 1.35
11.31 25 4.95
11.31 30 0.00
11.31 B1 7065.28 7543.97 
11.31 B3 7192.42 7691.87 
11.31 120 13 04 50
11.31 244 0.54
11.315 22 10.35
11.315 23 1.36
11.315 25 4.95
11.315 30 0.00
11.315 B1 7066.73 7545.59 
11.315 B3 7193.82 7693.46 
11.315 120 13 04 50
11.315 244 0.54
11.32 22 10.35
11.32 23 1.36
11.32 25 5.07
11.32 30 0.00
11.32 B1 7068.00 7547.02 
11.32 B3 7195.11 7694.92 
11.32 120 13 04 50
11.32 244 0.54
11.325 22 10.45
11.325 23 1.35
11.325 25 5.07
11.325 30 0.00
11.325 B1 7068.61 7547.83 
11.325 B3 7196.31 7696.30 
11.325 120 13 04 50
11.325 244 0.54
11.33 22 10.46
11.33 23 1.35
11.33 25 5.07
11.33 30 0.00
11.33 B1 7069.25 7548.71 
11.33 B3 7197.40 7697.63 
11.33 120 13 04 50
11.33 244 0.54
11.335 22 10.46
11.335 23 1.35
11.335 25 4.95
11.335 30 0.00
11.335 B1 7069.91 7549.64 
11.335 B3 7198.42 7698.91 
11.335 120 13 04 50
11.335 244 0.54
11.34 22 10.38
11.34 23 1.36
11.34 25 4.95
11.34 30 0.00
11.34 B1 7071.14 7551.11 
11.34 B3 7199.38 7700.17 
11.34 120 13 04 50
11.34 244 0.54
11.345 22 10.39
11.345 23 1.36
11.345 25 4.95
11.345 30 0.00
11.345 B1 7070.93 7551.11 
11.345 B3 7199.13 7700.18 
11.345 120 13 04 50
11.345 244 0.54
11.35 22 10.39
11.35 23 1.35
11.35 25 4.95
11.35 30 0.00
11.35 B1 7071.03 7551.36 
11.35 B3 7199.16 7700.39 
11.35 120 13 04 50
11.35 244 0.54
11.355 22 10.40
11.355 23 1.35
11.355 25 4.95
11.355 30 0.00
11.355 B1 7071.35 7551.78 
11.355 B3 7199.40 7700.77 
11.355 120 13 04 50
11.355 244 0.54
11.36 22 10.41
11.36 23 1.35
11.36 25 4.95
11.36 30 0.00
11.36 B1 7073.15 7553.65 
11.36 B3 7200.98 7702.46 
11.36 120 13 04 50
11.36 244 0.54
11.365 22 10.41
11.365 23 1.35
11.365 25 4.95
11.365 30 0.00
11.365 B1 7073.33 7553.95 
11.365 B3 7201.21 7702.81 
11.365 120 13 04 50
11.365 244 0.54
11.37 22 10.42
11.37 23 1.35
11.37 25 4.95
11.37 30 0.00
11.37 B1 7073.70 7554.40 
11.37 B3 7201.59 7703.30 
11.37 120 13 04 50
11.37 244 0.54
11.375 22 10.43
11.375 23 1.34
11.375 25 4.95
11.375 30 0.00
11.375 B1 7074.21 7554.97 
11.375 B3 7202.09 7703.88 
11.375 120 13 04 50
11.375 244 0.54
11.38 22 10.44
11.38 23 1.34
11.38 25 4.95
11.38 30 0.00
11.38 B1 7074.80 7555.62 
11.38 B3 7202.67 7704.53 
11.38 120 13 04 50
11.38 244 0.54
11.385 22 10.44
11.385 23 1.34
11.385 25 4.95
11.385 30 0.00
11.385 B1 7075.45 7556.34 
11.385 B3 7203.32 7705.25 
11.385 120 13 04 50
11.385 244 0.54
11.39 22 10.45
11.39 23 1.34
11.39 25 4.95
11.39 30 0.00
11.39 B1 7076.15 7557.09 
11.39 B3 7204.02 7706.02 
11.39 120 13 04 50
11.39 244 0.54
11.395 22 10.46
11.395 23 1.34
11.395 25 4.95
11.395 30 0.00
11.395 B1 7076.88 7557.88 
11.395 B3 7204.76 7706.82 
11.395 120 13 04 50
11.395 244 0.54
11.4 22 10.46
11.4 23 1.33
11.4 25 4.95
11.4 30 0.00
11.4 B1 7078.94 7560.00 
11.4 B3 7206.72 7708.84 
11.4 120 13 04 50
11.4 244 0.54
11.405 22 10.47
11.405 23 1.34
11.405 25 4.95
11.405 30 0.00
11.405 B1 7080.62 7561.79 
11.405 B3 7208.41 7710.64 
11.405 120 13 04 50
11.405 244 0.54
11.41 22 10.48
11.41 23 1.35
11.41 25 4.95
11.41 30 0.00
11.41 B1 7080.72 7562.02 
11.41 B3 7208.71 7711.06 
11.41 120 13 04 50
11.41 244 0.54
11.415 22 10.48
11.415 23 1.34
11.415 25 4.95
11.415 30 0.00
11.415 B1 7081.02 7562.42 
11.415 B3 7209.14 7711.60 
11.415 120 13 04 50
11.415 244 0.54
11.42 22 10.49
11.42 23 1.34
11.42 25 4.95
11.42 30 0.00
11.42 B1 7081.47 7562.94 
11.42 B3 7209.68 7712.21 
11.42 120 13 04 50
11.42 244 0.54
11.425 22 10.49
11.425 23 1.34
11.425 25 4.95
11.425 30 0.00
11.425 B1 7082.02 7563.55 
11.425 B3 7210.28 7712.90 
11.425 120 13 04 50
11.425 244 0.54
11.43 22 10.50
11.43 23 1.33
11.43 25 5.07
11.43 30 0.00
11.43 B1 7082.64 7564.23 
11.43 B3 7210.94 7713.62 
11.43 120 13 04 50
11.43 244 0.54
11.435 22 10.60
11.435 23 1.32
11.435 25 5.07
11.435 30 0.00
11.435 B1 7084.08 7565.76 
11.435 B3 7212.83 7715.59 
11.435 120 13 04 50
11.435 244 0.54
11.44 22 10.60
11.44 23 1.32
11.44 25 4.95
11.44 30 0.00
11.44 B1 7085.28 7567.15 
11.44 B3 7214.44 7717.36 
11.44 120 13 04 50
11.44 244 0.54
11.445 22 10.52
11.445 23 1.34
11.445 25 4.95
11.445 30 0.00
11.445 B1 7085.54 7567.61 
11.445 B3 7214.63 7717.78 
11.445 120 13 04 50
11.445 244 0.54
11.45 22 10.52
11.45 23 1.34
11.45 25 4.95
11.45 30 0.00
11.45 B1 7087.28 7569.50 
11.45 B3 7216.17 7719.49 
11.45 120 13 04 50
11.45 244 0.54
11.455 22 10.53
11.455 23 1.34
11.455 25 4.95
11.455 30 0.00
11.455 B1 7088.73 7571.11 
11.455 B3 7217.54 7721.04 
11.455 120 13 04 50
11.455 244 0.54
11.46 22 10.53
11.46 23 1.34
11.46 25 5.07
11.46 30 0.00
11.46 B1 7089.99 7572.52 
11.46 B3 7218.79 7722.46 
11.46 120 13 04 50
11.46 244 0.54
11.465 22 10.63
11.465 23 1.33
11.465 25 5.07
11.465 30 0.00
11.465 B1 7090.55 7573.27 
11.465 B3 7219.95 7723.78 
11.465 120 13 04 50
11.465 244 0.54
11.47 22 10.63
11.47 23 1.33
11.47 25 5.07
11.47 30 0.00
11.47 B1 7091.15 7574.08 
11.47 B3 7220.99 7725.03 
11.47 120 13 04 50
11.47 244 0.54
11.475 22 10.64
11.475 23 1.33
11.475 25 4.95
11.475 30 0.00
11.475 B1 7091.76 7574.93 
11.475 B3 7221.95 7726.24 
11.475 120 13 04 50
11.475 244 0.54
11.48 22 10.55
11.48 23 1.35
11.48 25 4.95
11.48 30 0.00
11.48 B1 7092.94 7576.33 
11.48 B3 7222.85 7727.41 
11.48 120 13 04 50
11.48 244 0.54
11.485 22 10.56
11.485 23 1.35
11.485 25 4.95
11.485 30 0.00
11.485 B1 7094.00 7577.58 
11.485 B3 7223.74 7728.53 
11.485 120 13 04 50
11.485 244 0.54
11.49 22 10.56
11.49 23 1.35
11.49 25 4.95
11.49 30 0.00
11.49 B1 7094.98 7578.72 
11.49 B3 7224.62 7729.60 
11.49 120 13 04 50
11.49 244 0.54
11.495 22 10.57
11.495 23 1.35
11.495 25 4.95
11.495 30 0.00
11.495 B1 7095.91 7579.78 
11.495 B3 7225.48 7730.64 
11.495 120 13 04 50
11.495 244 0.54
11.5 22 10.58
11.5 23 1.35
11.5 25 4.95
11.5 30 0.00
11.5 B1 7096.79 7580.78 
11.5 B3 7226.36 7731.65 
11.5 120 13 04 50
11.5 244 0.54
11.505 22 10.58
11.505 23 1.35
11.505 25 4.95
11.505 30 0.00
11.505 B1 7097.64 7581.74 
11.505 B3 7227.22 7732.64 
11.505 120 13 04 50
11.505 244 0.54
11.51 22 10.59
11.51 23 1.35
11.51 25 4.95
11.51 30 0.00
11.51 B1 7098.48 7582.66 
11.51 B3 7228.07 7733.61 
11.51 120 13 04 50
11.51 244 0.54
11.515 22 10.59
11.515 23 1.35
11.515 25 4.95
11.515 30 0.00
11.515 B1 7099.29 7583.57 
11.515 B3 7228.93 7734.57 
11.515 120 13 04 50
11.515 244 0.54
11.52 22 10.60
11.52 23 1.35
11.52 25 4.95
11.52 30 0.00
11.52 B1 7100.10 7584.45 
11.52 B3 7229.78 7735.52 
11.52 120 13 04 50
11.52 244 0.54
11.525 22 10.60
11.525 23 1.35
11.525 25 4.95
11.525 30 0.00
11.525 B1 7100.90 7585.32 
11.525 B3 7230.63 7736.46 
11.525 120 13 04 50
11.525 244 0.54
11.53 22 10.61
11.53 23 1.35
11.53 25 4.95
11.53 30 0.00
11.53 B1 7101.69 7586.19 
11.53 B3 7231.47 7737.39 
11.53 120 13 04 50
11.53 244 0.54
11.535 22 10.62
11.535 23 1.35
11.535 25 4.95
11.535 30 0.00
11.535 B1 7102.48 7587.04 
11.535 B3 7232.31 7738.31 
11.535 120 13 04 50
11.535 244 0.54
11.54 22 10.62
11.54 23 1.35
11.54 25 4.95
11.54 30 0.00
11.54 B1 7103.26 7587.89 
11.54 B3 7233.15 7739.23 
11.54 120 13 04 50
11.54 244 0.54
11.545 22 10.63
11.545 23 1.35
11.545 25 4.02
11.545 30 0.00
11.545 B1 7105.36 7590.05 
11.545 B3 7235.18 7741.33 
11.545 120 13 04 50
11.545 244 0.54
11.55 22 9.90
11.55 23 1.45
11.55 25 4.02
11.55 30 0.00
11.55 B1 7111.13 7595.65 
11.55 B3 7236.93 7743.19 
11.55 120 13 04 50
11.55 244 0.54
11.555 22 9.92
11.555 23 1.47
11.555 25 4.02
11.555 30 0.00
11.555 B1 7115.73 7599.71 
11.555 B3 7238.77 7744.67 
11.555 120 13 04 50
11.555 244 0.54
11.56 22 9.94
11.56 23 1.48
11.56 25 0.00
11.56 30 0.00
11.56 B1 7119.51 7602.67 
11.56 B3 7240.68 7745.85 
11.56 120 13 04 50
11.56 244 0.54
11.565 22 6.46
11.565 23 1.72
11.565 25 0.00
11.565 30 0.00
11.565 B1 7132.66 7613.88 
11.565 B3 7241.45 7745.61 
11.565 120 13 04 50
11.565 244 0.54
11.57 22 6.55
11.57 23 1.74
11.57 25 0.00
11.57 30 0.00
11.57 B1 7144.11 7620.99 
11.57 B3 7243.86 7744.48 
11.57 120 13 04 50
11.57 244 0.54
11.575 22 6.64
11.575 23 1.76
11.575 25 0.00
11.575 30 0.00
11.575 B1 7154.34 7625.13 
11.575 B3 7247.50 7742.66 
11.575 120 13 04 50
11.575 244 0.54
11.58 22 6.71
11.58 23 1.78
11.58 25 0.00
11.58 30 0.00
11.58 B1 7164.99 7628.46 
11.58 B3 7253.26 7741.56 
11.58 120 13 04 50
11.58 244 0.54
11.585 22 6.78
11.585 23 1.79
11.585 25 0.00
11.585 30 0.00
11.585 B1 7173.28 7628.62 
11.585 B3 7258.21 7738.67 
11.585 120 13 04 50
11.585 244 0.54
11.59 22 6.85
11.59 23 1.80
11.59 25 0.00
11.59 30 0.00
11.59 B1 7181.20 7627.80 
11.59 B3 7263.72 7735.61 
11.59 120 13 04 50
11.59 244 0.54
11.595 22 6.91
11.595 23 1.80
11.595 25 0.00
11.595 30 0.00
11.595 B1 7188.81 7626.32 
11.595 B3 7269.62 7732.46 
11.595 120 13 04 50
11.595 244 0.54
11.6 22 6.96
11.6 23 1.80
11.6 25 0.00
11.6 30 0.00
11.6 B1 7196.18 7624.40 
11.6 B3 7275.78 7729.27 
11.6 120 13 04 50
11.6 244 0.54
11.605 22 7.01
11.605 23 1.80
11.605 25 0.00
11.605 30 0.00
11.605 B1 7204.67 7623.52 
11.605 B3 7283.33 7727.28 
11.605 120 13 04 50
11.605 244 0.54
11.61 22 7.05
11.61 23 1.81
11.61 25 0.00
11.61 30 0.00
11.61 B1 7212.60 7622.13 
11.61 B3 7290.71 7725.09 
11.61 120 13 04 50
11.61 244 0.54
11.615 22 7.09
11.615 23 1.81
11.615 25 0.00
11.615 30 0.00
11.615 B1 7220.11 7620.41 
11.615 B3 7297.93 7722.79 
11.615 120 13 04 50
11.615 244 0.54
11.62 22 7.12
11.62 23 1.82
11.62 25 0.00
11.62 30 0.00
11.62 B1 7227.29 7618.49 
11.62 B3 7305.02 7720.42 
11.62 120 13 04 50
11.62 244 0.54
11.625 22 7.14
11.625 23 1.82
11.625 25 0.00
11.625 30 0.00
11.625 B1 7234.23 7616.48 
11.625 B3 7311.98 7718.06 
11.625 120 13 04 50
11.625 244 0.54
11.63 22 7.16
11.63 23 1.82
11.63 25 0.00
11.63 30 0.00
11.63 B1 7240.95 7614.43 
11.63 B3 7318.81 7715.72 
11.63 120 13 04 50
11.63 244 0.54
11.635 22 7.18
11.635 23 1.82
11.635 25 0.00
11.635 30 0.00
11.635 B1 7247.50 7612.40 
11.635 B3 7325.53 7713.43 
11.635 120 13 04 50
11.635 244 0.54
11.64 22 7.19
11.64 23 1.82
11.64 25 0.00
11.64 30 0.00
11.64 B1 7253.91 7610.42 
11.64 B3 7332.13 7711.23 
11.64 120 13 04 50
11.64 244 0.54
11.645 22 7.20
11.645 23 1.82
11.645 25 0.00
11.645 30 0.00
11.645 B1 7260.20 7608.52 
11.645 B3 7338.63 7709.13 
11.645 120 13 04 50
11.645 244 0.54
11.65 22 7.20
11.65 23 1.82
11.65 25 0.00
11.65 30 0.00
11.65 B1 7266.37 7606.71 
11.65 B3 7345.03 7707.13 
11.65 120 13 04 50
11.65 244 0.54
11.655 22 7.20
11.655 23 1.82
11.655 25 0.00
11.655 30 0.00
11.655 B1 7272.44 7605.01 
11.655 B3 7351.32 7705.24 
11.655 120 13 04 50
11.655 244 0.54
11.66 22 7.19
11.66 23 1.82
11.66 25 0.00
11.66 30 0.00
11.66 B1 7278.42 7603.41 
11.66 B3 7357.52 7703.48 
11.66 120 13 04 50
11.66 244 0.55
11.665 22 7.18
11.665 23 1.82
11.665 25 0.00
11.665 30 0.00
11.665 B1 7285.63 7603.26 
11.665 B3 7364.83 7703.03 
11.665 120 13 04 50
11.665 244 0.55
11.67 22 7.17
11.67 23 1.82
11.67 25 0.00
11.67 30 0.00
11.67 B1 7292.39 7602.87 
11.67 B3 7371.77 7702.46 
11.67 120 13 04 50
11.67 244 0.55
11.675 22 7.15
11.675 23 1.82
11.675 25 0.00
11.675 30 0.00
11.675 B1 7298.80 7602.34 
11.675 B3 7378.42 7701.82 
11.675 120 13 04 50
11.675 244 0.55
11.68 22 7.14
11.68 23 1.83
11.68 25 0.00
11.68 30 0.00
11.68 B1 7304.96 7601.74 
11.68 B3 7384.84 7701.15 
11.68 120 13 04 50
11.68 244 0.54
11.685 22 7.11
11.685 23 1.83
11.685 25 0.00
11.685 30 0.00
11.685 B1 7309.60 7599.80 
11.685 B3 7389.87 7699.29 
11.685 120 13 04 50
11.685 244 0.54
11.69 22 7.09
11.69 23 1.82
11.69 25 0.00
11.69 30 0.00
11.69 B1 7314.47 7598.23 
11.69 B3 7395.00 7697.70 
11.69 120 13 04 50
11.69 244 0.54
11.695 22 7.06
11.695 23 1.82
11.695 25 0.00
11.695 30 0.00
11.695 B1 7319.48 7596.96 
11.695 B3 7400.21 7696.36 
11.695 120 13 04 50
11.695 244 0.54
11.7 22 7.03
11.7 23 1.81
11.7 25 0.00
11.7 30 0.00
11.7 B1 7324.58 7595.93 
11.7 B3 7405.46 7695.22 
11.7 120 13 04 50
11.7 244 0.54
11.705 22 7.00
11.705 23 1.81
11.705 25 0.00
11.705 30 0.00
11.705 B1 7329.72 7595.09 
11.705 B3 7410.72 7694.26 
11.705 120 13 04 50
11.705 244 0.55
11.71 22 6.96
11.71 23 1.81
11.71 25 0.00
11.71 30 0.00
11.71 B1 7336.20 7595.75 
11.71 B3 7417.18 7694.67 
11.71 120 13 04 50
11.71 244 0.55
11.715 22 6.92
11.715 23 1.81
11.715 25 0.00
11.715 30 0.00
11.715 B1 7342.31 7596.21 
11.715 B3 7423.36 7694.97 
11.715 120 13 04 50
11.715 244 0.55
11.72 22 6.88
11.72 23 1.81
11.72 25 0.00
11.72 30 0.00
11.72 B1 7348.15 7596.54 
11.72 B3 7429.32 7695.21 
11.72 120 13 04 50
11.72 244 0.54
11.725 22 6.84
11.725 23 1.81
11.725 25 0.00
11.725 30 0.00
11.725 B1 7352.45 7595.48 
11.725 B3 7433.90 7694.23 
11.725 120 13 04 50
11.725 244 0.55
11.73 22 6.80
11.73 23 1.81
11.73 25 0.00
11.73 30 0.00
11.73 B1 7358.31 7596.07 
11.73 B3 7439.81 7694.69 
11.73 120 13 04 50
11.73 244 0.55
11.735 22 6.75
11.735 23 1.81
11.735 25 0.00
11.735 30 0.00
11.735 B1 7363.93 7596.57 
11.735 B3 7445.53 7695.11 
11.735 120 13 04 50
11.735 244 0.55
11.74 22 6.70
11.74 23 1.81
11.74 25 0.00
11.74 30 0.00
11.74 B1 7369.38 7597.01 
11.74 B3 7451.11 7695.50 
11.74 120 13 04 50
11.74 244 0.55
11.745 22 6.65
11.745 23 1.81
11.745 25 0.00
11.745 30 0.00
11.745 B1 7374.70 7597.44 
11.745 B3 7456.57 7695.91 
11.745 120 13 04 50
11.745 244 0.54
11.75 22 6.60
11.75 23 1.81
11.75 25 0.00
11.75 30 0.00
11.75 B1 7378.60 7596.56 
11.75 B3 7460.73 7695.12 
11.75 120 13 04 50
11.75 244 0.54
11.755 22 6.55
11.755 23 1.80
11.755 25 0.00
11.755 30 0.00
11.755 B1 7382.80 7596.06 
11.755 B3 7465.08 7694.62 
11.755 120 13 04 50
11.755 244 0.54
11.76 22 6.49
11.76 23 1.80
11.76 25 0.00
11.76 30 0.00
11.76 B1 7387.20 7595.85 
11.76 B3 7469.57 7694.34 
11.76 120 13 04 50
11.76 244 0.54
11.765 22 6.44
11.765 23 1.79
11.765 25 0.00
11.765 30 0.00
11.765 B1 7391.74 7595.86 
11.765 B3 7474.15 7694.25 
11.765 120 13 04 50
11.765 244 0.55
11.77 22 6.38
11.77 23 1.79
11.77 25 0.00
11.77 30 0.00
11.77 B1 7397.68 7597.38 
11.77 B3 7480.00 7695.53 
11.77 120 13 04 50
11.77 244 0.55
11.775 22 6.33
11.775 23 1.79
11.775 25 0.00
11.775 30 0.00
11.775 B1 7403.31 7598.70 
11.775 B3 7485.64 7696.70 
11.775 120 13 04 50
11.775 244 0.54
11.78 22 6.27
11.78 23 1.80
11.78 25 0.00
11.78 30 0.00
11.78 B1 7407.38 7598.56 
11.78 B3 7489.89 7696.59 
11.78 120 13 04 50
11.78 244 0.55
11.785 22 6.21
11.785 23 1.79
11.785 25 0.00
11.785 30 0.00
11.785 B1 7412.98 7600.02 
11.785 B3 7495.48 7697.88 
11.785 120 13 04 50
11.785 244 0.54
11.79 22 6.15
11.79 23 1.79
11.79 25 0.00
11.79 30 0.00
11.79 B1 7417.01 7600.01 
11.79 B3 7499.69 7697.89 
11.79 120 13 04 50
11.79 244 0.55
11.795 22 6.09
11.795 23 1.79
11.795 25 0.00
11.795 30 0.00
11.795 B1 7422.57 7601.58 
11.795 B3 7505.24 7699.30 
11.795 120 13 04 50
11.795 244 0.55
11.8 22 6.03
11.8 23 1.79
11.8 25 0.00
11.8 30 0.00
11.8 B1 7427.89 7603.02 
11.8 B3 7510.61 7700.62 
11.8 120 13 04 50
11.8 244 0.55
11.805 22 5.97
11.805 23 1.79
11.805 25 0.00
11.805 30 0.00
11.805 B1 7433.03 7604.36 
11.805 B3 7515.85 7701.89 
11.805 120 13 04 50
11.805 244 0.55
11.81 22 5.90
11.81 23 1.79
11.81 25 0.00
11.81 30 0.00
11.81 B1 7438.05 7605.65 
11.81 B3 7520.98 7703.12 
11.81 120 13 04 50
11.81 244 0.55
11.815 22 5.84
11.815 23 1.79
11.815 25 0.00
11.815 30 0.00
11.815 B1 7442.96 7606.91 
11.815 B3 7526.02 7704.34 
11.815 120 13 04 50
11.815 244 0.55
11.82 22 5.78
11.82 23 1.79
11.82 25 0.00
11.82 30 0.00
11.82 B1 7447.81 7608.17 
11.82 B3 7530.98 7705.56 
11.82 120 13 04 50
11.82 244 0.55
11.825 22 5.71
11.825 23 1.79
11.825 25 0.00
11.825 30 0.00
11.825 B1 7452.59 7609.44 
11.825 B3 7535.90 7706.78 
11.825 120 13 04 50
11.825 244 0.55
11.83 22 5.65
11.83 23 1.79
11.83 25 0.00
11.83 30 0.00
11.83 B1 7457.33 7610.73 
11.83 B3 7540.75 7708.02 
11.83 120 13 04 50
11.83 244 0.55
11.835 22 5.59
11.835 23 1.79
11.835 25 0.00
11.835 30 0.00
11.835 B1 7462.02 7612.04 
11.835 B3 7545.57 7709.28 
11.835 120 13 04 50
11.835 244 0.55
11.84 22 5.52
11.84 23 1.79
11.84 25 0.00
11.84 30 0.00
11.84 B1 7466.68 7613.39 
11.84 B3 7550.35 7710.57 
11.84 120 13 04 50
11.84 244 0.55
11.845 22 5.46
11.845 23 1.79
11.845 25 0.00
11.845 30 0.00
11.845 B1 7471.31 7614.76 
11.845 B3 7555.10 7711.88 
11.845 120 13 04 50
11.845 244 0.55
11.85 22 5.39
11.85 23 1.79
11.85 25 0.00
11.85 30 0.00
11.85 B1 7475.92 7616.18 
11.85 B3 7559.82 7713.23 
11.85 120 13 04 50
11.85 244 0.55
11.855 22 5.33
11.855 23 1.79
11.855 25 0.00
11.855 30 0.00
11.855 B1 7480.50 7617.63 
11.855 B3 7564.51 7714.61 
11.855 120 13 04 50
11.855 244 0.55
11.86 22 5.26
11.86 23 1.79
11.86 25 0.00
11.86 30 0.00
11.86 B1 7485.05 7619.12 
11.86 B3 7569.18 7716.02 
11.86 120 13 04 50
11.86 244 0.55
11.865 22 5.20
11.865 23 1.79
11.865 25 0.00
11.865 30 0.00
11.865 B1 7490.90 7621.98 
11.865 B3 7575.01 7718.67 
11.865 120 13 04 50
11.865 244 0.55
11.87 22 5.14
11.87 23 1.79
11.87 25 0.00
11.87 30 0.00
11.87 B1 7495.04 7623.19 
11.87 B3 7579.37 7719.90 
11.87 120 13 04 50
11.87 244 0.55
11.875 22 5.07
11.875 23 1.79
11.875 25 -0.46
11.875 30 0.00
11.875 B1 7500.59 7625.86 
11.875 B3 7584.96 7722.43 
11.875 120 13 04 50
11.875 244 0.55
11.88 22 4.61
11.88 23 1.80
11.88 25 -0.92
11.88 30 0.00
11.88 B1 7506.64 7629.07 
11.88 B3 7590.31 7724.78 
11.88 120 13 04 50
11.88 244 0.55
11.885 22 4.16
11.885 23 1.81
11.885 25 -2.41
11.885 30 0.00
11.885 B1 7513.06 7632.41 
11.885 B3 7595.61 7726.88 
11.885 120 13 04 50
11.885 244 0.55
11.89 22 2.92
11.89 23 1.79
11.89 25 -2.41
11.89 30 0.00
11.89 B1 7520.52 7636.26 
11.89 B3 7600.99 7728.68 
11.89 120 13 04 50
11.89 244 0.55
11.895 22 2.89
11.895 23 1.79
11.895 25 -4.03
11.895 30 0.00
11.895 B1 7527.92 7638.88 
11.895 B3 7606.82 7729.86 
11.895 120 13 04 50
11.895 244 0.56
11.9 22 1.70
11.9 23 1.73
11.9 25 -4.03
11.9 30 0.00
11.9 B1 7536.40 7641.73 
11.9 B3 7614.17 7731.79 
11.9 120 13 04 50
11.9 244 0.56
11.905 22 1.69
11.905 23 1.74
11.905 25 -4.14
11.905 30 0.00
11.905 B1 7545.02 7643.28 
11.905 B3 7621.85 7732.74 
11.905 120 13 04 50
11.905 244 0.56
11.91 22 1.59
11.91 23 1.74
11.91 25 -4.26
11.91 30 0.00
11.91 B1 7553.63 7643.85 
11.91 B3 7629.76 7732.95 
11.91 120 13 04 50
11.91 244 0.56
11.915 22 1.48
11.915 23 1.74
11.915 25 -4.37
11.915 30 0.00
11.915 B1 7562.22 7643.70 
11.915 B3 7637.86 7732.59 
11.915 120 13 04 50
11.915 244 0.56
11.92 22 1.37
11.92 23 1.74
11.92 25 -4.37
11.92 30 0.00
11.92 B1 7570.79 7643.03 
11.92 B3 7646.10 7731.79 
11.92 120 13 04 50
11.92 244 0.56
11.925 22 1.35
11.925 23 1.74
11.925 25 -4.72
11.925 30 0.00
11.925 B1 7579.45 7642.06 
11.925 B3 7654.46 7730.64 
11.925 120 13 04 50
11.925 244 0.55
11.93 22 1.05
11.93 23 1.72
11.93 25 -5.65
11.93 30 0.00
11.93 B1 7586.51 7639.32 
11.93 B3 7661.70 7728.08 
11.93 120 13 04 50
11.93 244 0.55
11.935 22 0.25
11.935 23 1.64
11.935 25 -5.65
11.935 30 0.00
11.935 B1 7592.99 7635.72 
11.935 B3 7669.30 7725.52 
11.935 120 13 04 50
11.935 244 0.55
11.94 22 0.24
11.94 23 1.63
11.94 25 -5.65
11.94 30 0.00
11.94 B1 7600.47 7632.38 
11.94 B3 7677.37 7722.73 
11.94 120 13 04 50
11.94 244 0.55
11.945 22 0.23
11.945 23 1.63
11.945 25 -5.65
11.945 30 0.00
11.945 B1 7608.59 7629.26 
11.945 B3 7685.77 7719.80 
11.945 120 13 04 50
11.945 244 0.55
11.95 22 0.20
11.95 23 1.63
11.95 25 -5.65
11.95 30 0.00
11.95 B1 7617.13 7626.34 
11.95 B3 7694.39 7716.81 
11.95 120 13 04 50
11.95 244 0.55
11.955 22 0.17
11.955 23 1.63
11.955 25 -5.65
11.955 30 0.00
11.955 B1 7625.91 7623.60 
11.955 B3 7703.16 7713.81 
11.955 120 13 04 50
11.955 244 0.55
11.96 22 0.14
11.96 23 1.62
11.96 25 -5.65
11.96 30 0.00
11.96 B1 7634.82 7621.03 
11.96 B3 7712.00 7710.85 
11.96 120 13 04 50
11.96 244 0.55
11.965 22 0.10
11.965 23 1.62
11.965 25 -5.65
11.965 30 0.00
11.965 B1 7643.76 7618.61 
11.965 B3 7720.88 7707.97 
11.965 120 13 04 50
11.965 244 0.55
11.97 22 0.06
11.97 23 1.62
11.97 25 -5.65
11.97 30 0.00
11.97 B1 7652.69 7616.34 
11.97 B3 7729.75 7705.19 
11.97 120 13 04 50
11.97 244 0.55
11.975 22 0.01
11.975 23 1.62
11.975 25 -5.65
11.975 30 0.00
11.975 B1 7661.56 7614.21 
11.975 B3 7738.59 7702.53 
11.975 120 13 04 50
11.975 244 0.55
11.98 22 -0.04
11.98 23 1.62
11.98 25 -5.65
11.98 30 0.00
11.98 B1 7670.33 7612.21 
11.98 B3 7747.38 7700.01 
11.98 120 13 04 50
11.98 244 0.56
11.985 22 -0.09
11.985 23 1.62
11.985 25 -5.65
11.985 30 0.00
11.985 B1 7680.32 7611.66 
11.985 B3 7757.30 7698.83 
11.985 120 13 04 50
11.985 244 0.56
11.99 22 -0.15
11.99 23 1.63
11.99 25 -5.65
11.99 30 0.00
11.99 B1 7689.82 7610.88 
11.99 B3 7766.88 7697.55 
11.99 120 13 04 50
11.99 244 0.56
11.995 22 -0.21
11.995 23 1.63
11.995 25 -5.77
11.995 30 0.00
11.995 B1 7698.94 7609.95 
11.995 B3 7776.18 7696.21 
11.995 120 13 04 50
11.995 244 0.56
12 22 -0.37
12 23 1.62
12 25 -5.77
12 30 0.00
12 B1 7707.58 7608.79 
12 B3 7785.23 7694.89 
12 120 13 04 50
12 244 0.56
12.005 22 -0.44
12.005 23 1.62
12.005 25 -5.77
12.005 30 0.00
12.005 B1 7716.03 7607.62 
12.005 B3 7794.10 7693.55 
12.005 120 13 04 50
12.005 244 0.56
12.01 22 -0.51
12.01 23 1.62
12.01 25 -5.77
12.01 30 0.00
12.01 B1 7724.31 7606.45 
12.01 B3 7802.78 7692.25 
12.01 120 13 04 50
12.01 244 0.56
12.015 22 -0.58
12.015 23 1.62
12.015 25 -5.77
12.015 30 0.00
12.015 B1 7732.42 7605.33 
12.015 B3 7811.32 7691.01 
12.015 120 13 04 50
12.015 244 0.56
12.02 22 -0.65
12.02 23 1.62
12.02 25 -5.65
12.02 30 0.00
12.02 B1 7740.38 7604.24 
12.02 B3 7819.70 7689.83 
12.02 120 13 04 50
12.02 244 0.56
12.025 22 -0.63
12.025 23 1.63
12.025 25 -5.65
12.025 30 0.00
12.025 B1 7748.34 7603.37 
12.025 B3 7827.95 7688.74 
12.025 120 13 04 50
12.025 244 0.56
12.03 22 -0.71
12.03 23 1.63
12.03 25 -5.65
12.03 30 0.00
12.03 B1 7756.08 7602.57 
12.03 B3 7836.04 7687.78 
12.03 120 13 04 50
12.03 244 0.56
12.035 22 -0.79
12.035 23 1.63
12.035 25 -5.65
12.035 30 0.00
12.035 B1 7763.62 7601.81 
12.035 B3 7843.99 7686.95 
12.035 120 13 04 50
12.035 244 0.56
12.04 22 -0.88
12.04 23 1.63
12.04 25 -5.65
12.04 30 0.00
12.04 B1 7770.99 7601.12 
12.04 B3 7851.81 7686.23 
12.04 120 13 04 50
12.04 244 0.56
12.045 22 -0.96
12.045 23 1.63
12.045 25 -5.42
12.045 30 0.00
12.045 B1 7778.20 7600.49 
12.045 B3 7859.51 7685.63 
12.045 120 13 04 50
12.045 244 0.56
12.05 22 -0.85
12.05 23 1.65
12.05 25 -5.18
12.05 30 0.00
12.05 B1 7785.58 7600.22 
12.05 B3 7867.09 7685.14 
12.05 120 13 04 50
12.05 244 0.56
12.055 22 -0.75
12.055 23 1.66
12.055 25 -4.60
12.055 30 0.00
12.055 B1 7794.27 7601.60 
12.055 B3 7875.71 7686.02 
12.055 120 13 04 50
12.055 244 0.56
12.06 22 -0.37
12.06 23 1.71
12.06 25 -4.60
12.06 30 0.00
12.06 B1 7802.81 7603.20 
12.06 B3 7883.89 7686.86 
12.06 120 13 04 50
12.06 244 0.56
12.065 22 -0.48
12.065 23 1.72
12.065 25 -4.14
12.065 30 0.00
12.065 B1 7810.46 7604.63 
12.065 B3 7891.58 7687.86 
12.065 120 13 04 50
12.065 244 0.56
12.07 22 -0.21
12.07 23 1.75
12.07 25 -4.14
12.07 30 0.00
12.07 B1 7817.80 7606.25 
12.07 B3 7898.87 7689.00 
12.07 120 13 04 50
12.07 244 0.56
12.075 22 -0.32
12.075 23 1.75
12.075 25 -4.02
12.075 30 0.00
12.075 B1 7824.41 7607.85 
12.075 B3 7905.75 7690.38 
12.075 120 13 04 50
12.075 244 0.56
12.08 22 -0.34
12.08 23 1.76
12.08 25 -3.56
12.08 30 0.00
12.08 B1 7830.57 7609.51 
12.08 B3 7912.29 7691.95 
12.08 120 13 04 50
12.08 244 0.56
12.085 22 -0.10
12.085 23 1.78
12.085 25 -0.54
12.085 30 0.00
12.085 B1 7836.50 7611.39 
12.085 B3 7918.53 7693.71 
12.085 120 13 04 50
12.085 244 0.56
12.09 22 2.12
12.09 23 1.84
12.09 25 -0.54
12.09 30 0.00
12.09 B1 7840.28 7611.55 
12.09 B3 7924.43 7695.74 
12.09 120 13 04 50
12.09 244 0.56
12.095 22 1.95
12.095 23 1.83
12.095 25 -0.54
12.095 30 0.00
12.095 B1 7843.37 7613.33 
12.095 B3 7929.36 7698.75 
12.095 120 13 04 50
12.095 244 0.56
12.1 22 1.80
12.1 23 1.83
12.1 25 -0.54
12.1 30 0.00
12.1 B1 7845.97 7616.26 
12.1 B3 7933.52 7702.50 
12.1 120 13 04 50
12.1 244 0.56
12.105 22 1.64
12.105 23 1.82
12.105 25 -0.20
12.105 30 0.00
12.105 B1 7848.23 7619.99 
12.105 B3 7937.10 7706.79 
12.105 120 13 04 50
12.105 244 0.56
12.11 22 1.79
12.11 23 1.82
12.11 25 0.00
12.11 30 0.00
12.11 B1 7849.81 7623.79 
12.11 B3 7940.23 7711.48 
12.11 120 13 04 50
12.11 244 0.56
12.115 22 1.81
12.115 23 1.81
12.115 25 0.00
12.115 30 0.00
12.115 B1 7851.00 7627.95 
12.115 B3 7942.92 7716.54 
12.115 120 13 04 50
12.115 244 0.56
12.12 22 1.67
12.12 23 1.81
12.12 25 0.00
12.12 30 0.00
12.12 B1 7852.15 7632.67 
12.12 B3 7945.24 7721.90 
12.12 120 13 04 50
12.12 244 0.56
12.125 22 1.53
12.125 23 1.80
12.125 25 0.00
12.125 30 0.00
12.125 B1 7853.28 7637.77 
12.125 B3 7947.28 7727.49 
12.125 120 13 04 50
12.125 244 0.56
12.13 22 1.39
12.13 23 1.80
12.13 25 0.00
12.13 30 0.00
12.13 B1 7854.42 7643.11 
12.13 B3 7949.11 7733.20 
12.13 120 13 04 50
12.13 244 0.56
12.135 22 1.26
12.135 23 1.80
12.135 25 0.00
12.135 30 0.00
12.135 B1 7855.59 7648.59 
12.135 B3 7950.80 7738.99 
12.135 120 13 04 50
12.135 244 0.56
12.14 22 1.13
12.14 23 1.80
12.14 25 0.00
12.14 30 0.00
12.14 B1 7856.81 7654.15 
12.14 B3 7952.41 7744.81 
12.14 120 13 04 50
12.14 244 0.56
12.145 22 1.01
12.145 23 1.80
12.145 25 0.00
12.145 30 0.00
12.145 B1 7858.08 7659.72 
12.145 B3 7953.96 7750.63 
12.145 120 13 04 50
12.145 244 0.56
12.15 22 0.90
12.15 23 1.80
12.15 25 0.00
12.15 30 0.00
12.15 B1 7859.40 7665.28 
12.15 B3 7955.49 7756.41 
12.15 120 13 04 50
12.15 244 0.56
12.155 22 0.79
12.155 23 1.80
12.155 25 0.00
12.155 30 0.00
12.155 B1 7859.47 7669.49 
12.155 B3 7955.81 7760.95 
12.155 120 13 04 50
12.155 244 0.56
12.16 22 0.68
12.16 23 1.79
12.16 25 0.00
12.16 30 0.00
12.16 B1 7859.95 7674.00 
12.16 B3 7956.40 7765.68 
12.16 120 13 04 50
12.16 244 0.56
12.165 22 0.58
12.165 23 1.78
12.165 25 0.00
12.165 30 0.00
12.165 B1 7862.06 7680.02 
12.165 B3 7958.41 7771.73 
12.165 120 13 04 50
12.165 244 0.56
12.17 22 0.48
12.17 23 1.79
12.17 25 0.00
12.17 30 0.00
12.17 B1 7864.07 7685.81 
12.17 B3 7960.37 7777.60 
12.17 120 13 04 50
12.17 244 0.56
12.175 22 0.39
12.175 23 1.79
12.175 25 0.00
12.175 30 0.00
12.175 B1 7866.02 7691.40 
12.175 B3 7962.29 7783.32 
12.175 120 13 04 50
12.175 244 0.56
12.18 22 0.30
12.18 23 1.79
12.18 25 0.00
12.18 30 0.00
12.18 B1 7867.95 7696.83 
12.18 B3 7964.19 7788.89 
12.18 120 13 04 50
12.18 244 0.56
12.185 22 0.21
12.185 23 1.79
12.185 25 0.00
12.185 30 0.00
12.185 B1 7869.86 7702.12 
12.185 B3 7966.11 7794.33 
12.185 120 13 04 50
12.185 244 0.56
12.19 22 0.13
12.19 23 1.79
12.19 25 0.00
12.19 30 0.00
12.19 B1 7871.78 7707.30 
12.19 B3 7968.04 7799.65 
12.19 120 13 04 50
12.19 244 0.56
12.195 22 0.05
12.195 23 1.79
12.195 25 0.00
12.195 30 0.00
12.195 B1 7873.72 7712.38 
12.195 B3 7970.00 7804.87 
12.195 120 13 04 50
12.195 244 0.56
12.2 22 -0.03
12.2 23 1.79
12.2 25 0.00
12.2 30 0.00
12.2 B1 7875.69 7717.36 
12.2 B3 7971.99 7809.98 
12.2 120 13 04 50
12.2 244 0.56
12.205 22 -0.10
12.205 23 1.79
12.205 25 0.00
12.205 30 0.00
12.205 B1 7877.67 7722.26 
12.205 B3 7974.02 7815.01 
12.205 120 13 04 50
12.205 244 0.56
12.21 22 -0.17
12.21 23 1.79
12.21 25 0.00
12.21 30 0.00
12.21 B1 7879.70 7727.10 
12.21 B3 7976.07 7819.95 
12.21 120 13 04 50
12.21 244 0.56
12.215 22 -0.24
12.215 23 1.79
12.215 25 0.00
12.215 30 0.00
12.215 B1 7880.43 7730.55 
12.215 B3 7976.97 7823.61 
12.215 120 13 04 50
12.215 244 0.56
12.22 22 -0.30
12.22 23 1.78
12.22 25 0.00
12.22 30 0.00
12.22 B1 7881.54 7734.29 
12.22 B3 7978.16 7827.47 
12.22 120 13 04 50
12.22 244 0.56
12.225 22 -0.36
12.225 23 1.78
12.225 25 0.00
12.225 30 0.00
12.225 B1 7884.25 7739.56 
12.225 B3 7980.76 7832.64 
12.225 120 13 04 50
12.225 244 0.56
12.23 22 -0.42
12.23 23 1.78
12.23 25 0.00
12.23 30 0.00
12.23 B1 7886.83 7744.61 
12.23 B3 7983.31 7837.66 
12.23 120 13 04 50
12.23 244 0.56
12.235 22 -0.48
12.235 23 1.78
12.235 25 0.00
12.235 30 0.00
12.235 B1 7889.31 7749.49 
12.235 B3 7985.81 7842.54 
12.235 120 13 04 50
12.235 244 0.56
12.24 22 -0.53
12.24 23 1.78
12.24 25 0.00
12.24 30 0.00
12.24 B1 7891.73 7754.24 
12.24 B3 7988.29 7847.32 
12.24 120 13 04 50
12.24 244 0.56
12.245 22 -0.58
12.245 23 1.78
12.245 25 0.00
12.245 30 0.00
12.245 B1 7894.11 7758.90 
12.245 B3 7990.74 7852.00 
12.245 120 13 04 50
12.245 244 0.56
12.25 22 -0.63
12.25 23 1.78
12.25 25 0.00
12.25 30 0.00
12.25 B1 7897.79 7764.79 
12.25 B3 7994.38 7857.80 
12.25 120 13 04 50
12.25 244 0.56
12.255 22 -0.68
12.255 23 1.79
12.255 25 0.00
12.255 30 0.00
12.255 B1 7901.10 7770.26 
12.255 B3 7997.77 7863.28 
12.255 120 13 04 50
12.255 244 0.56
12.26 22 -0.72
12.26 23 1.79
12.26 25 0.00
12.26 30 0.00
12.26 B1 7902.84 7774.11 
12.26 B3 7999.76 7867.32 
12.26 120 13 04 50
12.26 244 0.56
12.265 22 -0.76
12.265 23 1.79
12.265 25 0.00
12.265 30 0.00
12.265 B1 7904.73 7778.08 
12.265 B3 8001.86 7871.40 
12.265 120 13 04 50
12.265 244 0.56
12.27 22 -0.80
12.27 23 1.79
12.27 25 0.00
12.27 30 0.00
12.27 B1 7906.75 7782.14 
12.27 B3 8004.03 7875.53 
12.27 120 13 04 50
12.27 244 0.56
12.275 22 -0.84
12.275 23 1.79
12.275 25 0.00
12.275 30 0.00
12.275 B1 7908.86 7786.26 
12.275 B3 8006.26 7879.68 
12.275 120 13 04 50
12.275 244 0.56
12.28 22 -0.88
12.28 23 1.78
12.28 25 0.00
12.28 30 0.00
12.28 B1 7911.03 7790.41 
12.28 B3 8008.54 7883.85 
12.28 120 13 04 50
12.28 244 0.56
12.285 22 -0.91
12.285 23 1.78
12.285 25 0.00
12.285 30 0.00
12.285 B1 7913.26 7794.59 
12.285 B3 8010.86 7888.02 
12.285 120 13 04 50
12.285 244 0.56
12.29 22 -0.94
12.29 23 1.78
12.29 25 0.00
12.29 30 0.00
12.29 B1 7915.53 7798.78 
12.29 B3 8013.22 7892.20 
12.29 120 13 04 50
12.29 244 0.56
12.295 22 -0.98
12.295 23 1.78
12.295 25 0.00
12.295 30 0.00
12.295 B1 7917.83 7802.98 
12.295 B3 8015.60 7896.39 
12.295 120 13 04 50
12.295 244 0.56
12.3 22 -1.01
12.3 23 1.78
12.3 25 0.00
12.3 30 0.00
12.3 B1 7920.15 7807.18 
12.3 B3 8018.00 7900.57 
12.3 120 13 04 50
12.3 244 0.56
12.305 22 -1.04
12.305 23 1.78
12.305 25 0.00
12.305 30 0.00
12.305 B1 7922.49 7811.37 
12.305 B3 8020.41 7904.76 
12.305 120 13 04 50
12.305 244 0.56
12.31 22 -1.06
12.31 23 1.78
12.31 25 0.00
12.31 30 0.00
12.31 B1 7924.85 7815.56 
12.31 B3 8022.85 7908.93 
12.31 120 13 04 50
12.31 244 0.56
12.315 22 -1.09
12.315 23 1.77
12.315 25 0.00
12.315 30 0.00
12.315 B1 7927.22 7819.74 
12.315 B3 8025.29 7913.11 
12.315 120 13 04 50
12.315 244 0.56
12.32 22 -1.12
12.32 23 1.77
12.32 25 0.00
12.32 30 0.00
12.32 B1 7929.61 7823.92 
12.32 B3 8027.74 7917.27 
12.32 120 13 04 50
12.32 244 0.56
12.325 22 -1.14
12.325 23 1.77
12.325 25 0.00
12.325 30 0.00
12.325 B1 7932.00 7828.08 
12.325 B3 8030.20 7921.44 
12.325 120 13 04 50
12.325 244 0.56
12.33 22 -1.16
12.33 23 1.77
12.33 25 0.00
12.33 30 0.00
12.33 B1 7934.41 7832.25 
12.33 B3 8032.66 7925.59 
12.33 120 13 04 50
12.33 244 0.56
12.335 22 -1.18
12.335 23 1.77
12.335 25 0.00
12.335 30 0.00
12.335 B1 7936.82 7836.40 
12.335 B3 8035.14 7929.74 
12.335 120 13 04 50
12.335 244 0.56
12.34 22 -1.20
12.34 23 1.77
12.34 25 0.00
12.34 30 0.00
12.34 B1 7939.25 7840.53 
12.34 B3 8037.61 7933.89 
12.34 120 13 04 50
12.34 244 0.56
12.345 22 -1.22
12.345 23 1.77
12.345 25 0.00
12.345 30 0.00
12.345 B1 7941.67 7844.67 
12.345 B3 8040.09 7938.03 
12.345 120 13 04 50
12.345 244 0.56
12.35 22 -1.24
12.35 23 1.77
12.35 25 0.00
12.35 30 0.00
12.35 B1 7944.11 7848.79 
12.35 B3 8042.58 7942.17 
12.35 120 13 04 50
12.35 244 0.56
12.355 22 -1.25
12.355 23 1.77
12.355 25 0.00
12.355 30 0.00
12.355 B1 7946.56 7852.90 
12.355 B3 8045.07 7946.29 
12.355 120 13 04 50
12.355 244 0.56
12.36 22 -1.27
12.36 23 1.77
12.36 25 0.00
12.36 30 0.00
12.36 B1 7949.01 7857.00 
12.36 B3 8047.57 7950.41 
12.36 120 13 04 50
12.36 244 0.56
12.365 22 -1.28
12.365 23 1.77
12.365 25 0.00
12.365 30 0.00
12.365 B1 7951.47 7861.09 
12.365 B3 8050.06 7954.52 
12.365 120 13 04 50
12.365 244 0.56
12.37 22 -1.30
12.37 23 1.76
12.37 25 0.00
12.37 30 0.00
12.37 B1 7953.94 7865.17 
12.37 B3 8052.57 7958.63 
12.37 120 13 04 50
12.37 244 0.56
12.375 22 -1.31
12.375 23 1.76
12.375 25 0.00
12.375 30 0.00
12.375 B1 7956.41 7869.24 
12.375 B3 8055.08 7962.73 
12.375 120 13 04 50
12.375 244 0.56
12.38 22 -1.32
12.38 23 1.76
12.38 25 0.00
12.38 30 0.00
12.38 B1 7958.90 7873.30 
12.38 B3 8057.59 7966.83 
12.38 120 13 04 50
12.38 244 0.56
12.385 22 -1.33
12.385 23 1.76
12.385 25 0.00
12.385 30 0.00
12.385 B1 7961.39 7877.35 
12.385 B3 8060.11 7970.91 
12.385 120 13 04 50
12.385 244 0.56
12.39 22 -1.34
12.39 23 1.76
12.39 25 0.00
12.39 30 0.00
12.39 B1 7965.21 7882.71 
12.39 B3 8063.83 7976.18 
12.39 120 13 04 50
12.39 244 0.56
12.395 22 -1.35
12.395 23 1.77
12.395 25 0.00
12.395 30 0.00
12.395 B1 7967.38 7886.39 
12.395 B3 8066.11 7980.01 
12.395 120 13 04 50
12.395 244 0.56
12.4 22 -1.36
12.4 23 1.76
12.4 25 0.00
12.4 30 0.00
12.4 B1 7969.64 7890.15 
12.4 B3 8068.46 7983.87 
12.4 120 13 04 50
12.4 244 0.56
12.405 22 -1.36
12.405 23 1.76
12.405 25 0.00
12.405 30 0.00
12.405 B1 7973.31 7895.30 
12.405 B3 8072.04 7988.97 
12.405 120 13 04 50
12.405 244 0.56
12.41 22 -1.37
12.41 23 1.77
12.41 25 0.00
12.41 30 0.00
12.41 B1 7976.69 7900.13 
12.41 B3 8075.42 7993.84 
12.41 120 13 04 50
12.41 244 0.56
12.415 22 -1.37
12.415 23 1.77
12.415 25 0.00
12.415 30 0.00
12.415 B1 7979.86 7904.74 
12.415 B3 8078.65 7998.53 
12.415 120 13 04 50
12.415 244 0.56
12.42 22 -1.38
12.42 23 1.77
12.42 25 0.00
12.42 30 0.00
12.42 B1 7982.89 7909.17 
12.42 B3 8081.75 8003.08 
12.42 120 13 04 50
12.42 244 0.56
12.425 22 -1.38
12.425 23 1.77
12.425 25 0.00
12.425 30 0.00
12.425 B1 7984.50 7912.16 
12.425 B3 8083.56 8006.33 
12.425 120 13 04 50
12.425 244 0.56
12.43 22 -1.38
12.43 23 1.77
12.43 25 0.00
12.43 30 0.00
12.43 B1 7986.36 7915.41 
12.43 B3 8085.55 8009.73 
12.43 120 13 04 50
12.43 244 0.56
12.435 22 -1.39
12.435 23 1.76
12.435 25 0.00
12.435 30 0.00
12.435 B1 7988.44 7918.84 
12.435 B3 8087.67 8013.26 
12.435 120 13 04 50
12.435 244 0.56
12.44 22 -1.39
12.44 23 1.76
12.44 25 0.00
12.44 30 0.00
12.44 B1 7991.98 7923.71 
12.44 B3 8091.09 8018.07 
12.44 120 13 04 50
12.44 244 0.56
12.445 22 -1.39
12.445 23 1.76
12.445 25 0.00
12.445 30 0.00
12.445 B1 7993.97 7927.01 
12.445 B3 8093.16 8021.50 
12.445 120 13 04 50
12.445 244 0.56
12.45 22 -1.39
12.45 23 1.76
12.45 25 0.00
12.45 30 0.00
12.45 B1 7996.13 7930.46 
12.45 B3 8095.36 8025.05 
12.45 120 13 04 50
12.45 244 0.56
12.455 22 -1.39
12.455 23 1.76
12.455 25 0.00
12.455 30 0.00
12.455 B1 7998.43 7934.03 
12.455 B3 8097.66 8028.67 
12.455 120 13 04 50
12.455 244 0.56
12.46 22 -1.39
12.46 23 1.75
12.46 25 0.00
12.46 30 0.00
12.46 B1 8000.83 7937.67 
12.46 B3 8100.04 8032.35 
12.46 120 13 04 50
12.46 244 0.56
12.465 22 -1.39
12.465 23 1.75
12.465 25 0.00
12.465 30 0.00
12.465 B1 8004.62 7942.68 
12.465 B3 8103.68 8037.27 
12.465 120 13 04 50
12.465 244 0.56
12.47 22 -1.39
12.47 23 1.76
12.47 25 0.00
12.47 30 0.00
12.47 B1 8008.13 7947.39 
12.47 B3 8107.13 8041.98 
12.47 120 13 04 50
12.47 244 0.56
12.475 22 -1.39
12.475 23 1.76
12.475 25 0.00
12.475 30 0.00
12.475 B1 8010.11 7950.54 
12.475 B3 8109.23 8045.32 
12.475 120 13 04 50
12.475 244 0.56
12.48 22 -1.38
12.48 23 1.76
12.48 25 0.00
12.48 30 0.00
12.48 B1 8012.29 7953.87 
12.48 B3 8111.47 8048.76 
12.48 120 13 04 50
12.48 244 0.56
12.485 22 -1.38
12.485 23 1.75
12.485 25 0.00
12.485 30 0.00
12.485 B1 8015.94 7958.64 
12.485 B3 8115.01 8053.49 
12.485 120 13 04 50
12.485 244 0.56
12.49 22 -1.38
12.49 23 1.76
12.49 25 0.00
12.49 30 0.00
12.49 B1 8018.02 7961.83 
12.49 B3 8117.19 8056.84 
12.49 120 13 04 50
12.49 244 0.56
12.495 22 -1.37
12.495 23 1.75
12.495 25 0.00
12.495 30 0.00
12.495 B1 8020.29 7965.18 
12.495 B3 8119.49 8060.29 
12.495 120 13 04 50
12.495 244 0.56
12.5 22 -1.37
12.5 23 1.75
12.5 25 0.00
12.5 30 0.00
12.5 B1 8022.69 7968.64 
12.5 B3 8121.90 8063.81 
12.5 120 13 04 50
12.5 244 0.56
12.505 22 -1.37
12.505 23 1.75
12.505 25 0.00
12.505 30 0.00
12.505 B1 8026.50 7973.49 
12.505 B3 8125.57 8068.59 
12.505 120 13 04 50
12.505 244 0.56
12.51 22 -1.36
12.51 23 1.75
12.51 25 0.00
12.51 30 0.00
12.51 B1 8030.04 7978.05 
12.51 B3 8129.07 8073.16 
12.51 120 13 04 50
12.51 244 0.56
12.515 22 -1.36
12.515 23 1.75
12.515 25 0.00
12.515 30 0.00
12.515 B1 8032.08 7981.08 
12.515 B3 8131.23 8076.38 
12.515 120 13 04 50
12.515 244 0.56
12.52 22 -1.35
12.52 23 1.75
12.52 25 0.00
12.52 30 0.00
12.52 B1 8034.31 7984.29 
12.52 B3 8133.53 8079.71 
12.52 120 13 04 50
12.52 244 0.56
12.525 22 -1.34
12.525 23 1.74
12.525 25 0.00
12.525 30 0.00
12.525 B1 8038.02 7988.95 
12.525 B3 8137.14 8084.32 
12.525 120 13 04 50
12.525 244 0.56
12.53 22 -1.34
12.53 23 1.75
12.53 25 0.00
12.53 30 0.00
12.53 B1 8041.50 7993.36 
12.53 B3 8140.58 8088.76 
12.53 120 13 04 50
12.53 244 0.56
12.535 22 -1.33
12.535 23 1.75
12.535 25 0.00
12.535 30 0.00
12.535 B1 8044.81 7997.58 
12.535 B3 8143.92 8093.05 
12.535 120 13 04 50
12.535 244 0.56
12.54 22 -1.33
12.54 23 1.75
12.54 25 0.00
12.54 30 0.00
12.54 B1 8048.00 8001.66 
12.54 B3 8147.15 8097.23 
12.54 120 13 04 50
12.54 244 0.56
12.545 22 -1.32
12.545 23 1.75
12.545 25 0.00
12.545 30 0.00
12.545 B1 8051.11 8005.64 
12.545 B3 8150.32 8101.32 
12.545 120 13 04 50
12.545 244 0.56
12.55 22 -1.31
12.55 23 1.75
12.55 25 0.00
12.55 30 0.00
12.55 B1 8054.16 8009.54 
12.55 B3 8153.43 8105.34 
12.55 120 13 04 50
12.55 244 0.56
12.555 22 -1.30
12.555 23 1.75
12.555 25 0.00
12.555 30 0.00
12.555 B1 8057.17 8013.39 
12.555 B3 8156.51 8109.29 
12.555 120 13 04 50
12.555 244 0.56
12.56 22 -1.30
12.56 23 1.75
12.56 25 0.00
12.56 30 0.00
12.56 B1 8060.15 8017.19 
12.56 B3 8159.55 8113.20 
12.56 120 13 04 50
12.56 244 0.56
12.565 22 -1.29
12.565 23 1.75
12.565 25 0.00
12.565 30 0.00
12.565 B1 8063.11 8020.94 
12.565 B3 8162.57 8117.06 
12.565 120 13 04 50
12.565 244 0.56
12.57 22 -1.28
12.57 23 1.75
12.57 25 0.00
12.57 30 0.00
12.57 B1 8066.06 8024.68 
12.57 B3 8165.57 8120.89 
12.57 120 13 04 50
12.57 244 0.56
12.575 22 -1.27
12.575 23 1.75
12.575 25 0.00
12.575 30 0.00
12.575 B1 8069.00 8028.39 
12.575 B3 8168.56 8124.69 
12.575 120 13 04 50
12.575 244 0.56
12.58 22 -1.26
12.58 23 1.75
12.58 25 0.00
12.58 30 0.00
12.58 B1 8071.94 8032.07 
12.58 B3 8171.55 8128.47 
12.58 120 13 04 50
12.58 244 0.56
12.585 22 -1.26
12.585 23 1.75
12.585 25 0.00
12.585 30 0.00
12.585 B1 8074.87 8035.75 
12.585 B3 8174.53 8132.23 
12.585 120 13 04 50
12.585 244 0.56
12.59 22 -1.25
12.59 23 1.75
12.59 25 0.00
12.59 30 0.00
12.59 B1 8077.82 8039.41 
12.59 B3 8177.51 8135.96 
12.59 120 13 04 50
12.59 244 0.56
12.595 22 -1.24
12.595 23 1.75
12.595 25 0.00
12.595 30 0.00
12.595 B1 8080.76 8043.05 
12.595 B3 8180.49 8139.69 
12.595 120 13 04 50
12.595 244 0.56
12.6 22 -1.23
12.6 23 1.75
12.6 25 0.00
12.6 30 0.00
12.6 B1 8083.70 8046.69 
12.6 B3 8183.47 8143.40 
12.6 120 13 04 50
12.6 244 0.56
12.605 22 -1.22
12.605 23 1.75
12.605 25 0.00
12.605 30 0.00
12.605 B1 8086.65 8050.32 
12.605 B3 8186.45 8147.09 
12.605 120 13 04 50
12.605 244 0.56
12.61 22 -1.21
12.61 23 1.75
12.61 25 0.00
12.61 30 0.00
12.61 B1 8089.61 8053.93 
12.61 B3 8189.44 8150.77 
12.61 120 13 04 50
12.61 244 0.56
12.615 22 -1.20
12.615 23 1.75
12.615 25 0.00
12.615 30 0.00
12.615 B1 8092.57 8057.54 
12.615 B3 8192.42 8154.44 
12.615 120 13 04 50
12.615 244 0.56
12.62 22 -1.19
12.62 23 1.75
12.62 25 0.00
12.62 30 0.00
12.62 B1 8094.21 8059.82 
12.62 B3 8194.22 8156.91 
12.62 120 13 04 50
12.62 244 0.56
12.625 22 -1.19
12.625 23 1.74
12.625 25 0.00
12.625 30 0.00
12.625 B1 8096.20 8062.43 
12.625 B3 8196.26 8159.60 
12.625 120 13 04 50
12.625 244 0.56
12.63 22 -1.18
12.63 23 1.73
12.63 25 0.00
12.63 30 0.00
12.63 B1 8098.44 8065.28 
12.63 B3 8198.49 8162.49 
12.63 120 13 04 50
12.63 244 0.56
12.635 22 -1.17
12.635 23 1.73
12.635 25 0.00
12.635 30 0.00
12.635 B1 8100.87 8068.31 
12.635 B3 8200.88 8165.51 
12.635 120 13 04 50
12.635 244 0.56
12.64 22 -1.16
12.64 23 1.72
12.64 25 0.00
12.64 30 0.00
12.64 B1 8103.44 8071.47 
12.64 B3 8203.39 8168.64 
12.64 120 13 04 50
12.64 244 0.56
12.645 22 -1.15
12.645 23 1.72
12.645 25 0.00
12.645 30 0.00
12.645 B1 8106.11 8074.72 
12.645 B3 8206.00 8171.86 
12.645 120 13 04 50
12.645 244 0.56
12.65 22 -1.14
12.65 23 1.72
12.65 25 0.00
12.65 30 0.00
12.65 B1 8108.85 8078.03 
12.65 B3 8208.68 8175.14 
12.65 120 13 04 50
12.65 244 0.56
12.655 22 -1.13
12.655 23 1.72
12.655 25 0.00
12.655 30 0.00
12.655 B1 8112.97 8082.71 
12.655 B3 8212.62 8179.67 
12.655 120 13 04 50
12.655 244 0.56
12.66 22 -1.12
12.66 23 1.72
12.66 25 0.00
12.66 30 0.00
12.66 B1 8116.80 8087.08 
12.66 B3 8216.37 8183.99 
12.66 120 13 04 50
12.66 244 0.56
12.665 22 -1.11
12.665 23 1.73
12.665 25 0.00
12.665 30 0.00
12.665 B1 8120.41 8091.21 
12.665 B3 8219.97 8188.15 
12.665 120 13 04 50
12.665 244 0.57
12.67 22 -1.10
12.67 23 1.73
12.67 25 0.00
12.67 30 0.00
12.67 B1 8125.18 8096.51 
12.67 B3 8224.65 8193.37 
12.67 120 13 04 50
12.67 244 0.57
12.675 22 -1.09
12.675 23 1.74
12.675 25 0.00
12.675 30 0.00
12.675 B1 8129.50 8101.33 
12.675 B3 8228.99 8198.26 
12.675 120 13 04 50
12.675 244 0.57
12.68 22 -1.08
12.68 23 1.74
12.68 25 -0.08
12.68 30 0.00
12.68 B1 8133.49 8105.81 
12.68 B3 8233.08 8202.86 
12.68 120 13 04 50
12.68 244 0.57
12.685 22 -1.13
12.685 23 1.74
12.685 25 -0.43
12.685 30 0.00
12.685 B1 8137.20 8110.00 
12.685 B3 8236.95 8207.26 
12.685 120 13 04 50
12.685 244 0.57
12.69 22 -1.39
12.69 23 1.74
12.69 25 -0.54
12.69 30 0.00
12.69 B1 8141.86 8115.10 
12.69 B3 8241.89 8212.65 
12.69 120 13 04 50
12.69 244 0.57
12.695 22 -1.47
12.695 23 1.75
12.695 25 -0.66
12.695 30 0.00
12.695 B1 8144.84 8118.26 
12.695 B3 8245.35 8216.38 
12.695 120 13 04 50
12.695 244 0.57
12.7 22 -1.54
12.7 23 1.75
12.7 25 -0.66
12.7 30 0.00
12.7 B1 8149.22 8122.58 
12.7 B3 8250.07 8221.14 
12.7 120 13 04 50
12.7 244 0.57
12.705 22 -1.53
12.705 23 1.75
12.705 25 -0.66
12.705 30 0.00
12.705 B1 8153.46 8126.52 
12.705 B3 8254.62 8225.50 
12.705 120 13 04 50
12.705 244 0.57
12.71 22 -1.51
12.71 23 1.76
12.71 25 -0.89
12.71 30 0.00
12.71 B1 8157.59 8130.17 
12.71 B3 8259.02 8229.55 
12.71 120 13 04 50
12.71 244 0.57
12.715 22 -1.68
12.715 23 1.76
12.715 25 -1.35
12.715 30 0.00
12.715 B1 8161.42 8133.41 
12.715 B3 8263.32 8233.36 
12.715 120 13 04 50
12.715 244 0.57
12.72 22 -2.05
12.72 23 1.75
12.72 25 -1.35
12.72 30 0.00
12.72 B1 8164.81 8135.97 
12.72 B3 8267.57 8236.91 
12.72 120 13 04 50
12.72 244 0.57
12.725 22 -2.02
12.725 23 1.74
12.725 25 -1.93
12.725 30 0.00
12.725 B1 8168.51 8138.41 
12.725 B3 8271.91 8240.15 
12.725 120 13 04 50
12.725 244 0.57
12.73 22 -2.50
12.73 23 1.72
12.73 25 -1.93
12.73 30 0.00
12.73 B1 8171.64 8139.95 
12.73 B3 8276.31 8243.13 
12.73 120 13 04 50
12.73 244 0.57
12.735 22 -2.47
12.735 23 1.72
12.735 25 -2.51
12.735 30 0.00
12.735 B1 8175.33 8141.48 
12.735 B3 8280.90 8245.77 
12.735 120 13 04 50
12.735 244 0.57
12.74 22 -2.95
12.74 23 1.69
12.74 25 -2.51
12.74 30 0.00
12.74 B1 8178.43 8142.00 
12.74 B3 8285.60 8248.13 
12.74 120 13 04 50
12.74 244 0.57
12.745 22 -2.91
12.745 23 1.69
12.745 25 -2.51
12.745 30 0.00
12.745 B1 8182.26 8142.61 
12.745 B3 8290.55 8250.11 
12.745 120 13 04 50
12.745 244 0.57
12.75 22 -2.87
12.75 23 1.68
12.75 25 -2.51
12.75 30 0.00
12.75 B1 8186.63 8143.32 
12.75 B3 8295.67 8251.80 
12.75 120 13 04 50
12.75 244 0.57
12.755 22 -2.84
12.755 23 1.68
12.755 25 -2.51
12.755 30 0.00
12.755 B1 8191.36 8144.09 
12.755 B3 8300.91 8253.28 
12.755 120 13 04 50
12.755 244 0.57
12.76 22 -2.81
12.76 23 1.68
12.76 25 -2.75
12.76 30 0.00
12.76 B1 8196.35 8144.93 
12.76 B3 8306.23 8254.60 
12.76 120 13 04 50
12.76 244 0.57
12.765 22 -2.99
12.765 23 1.67
12.765 25 -2.75
12.765 30 0.00
12.765 B1 8201.08 8145.40 
12.765 B3 8311.60 8255.82 
12.765 120 13 04 50
12.765 244 0.57
12.77 22 -2.96
12.77 23 1.67
12.77 25 -2.86
12.77 30 0.00
12.77 B1 8206.11 8145.97 
12.77 B3 8317.05 8256.88 
12.77 120 13 04 50
12.77 244 0.57
12.775 22 -3.04
12.775 23 1.66
12.775 25 -2.98
12.775 30 0.00
12.775 B1 8211.12 8146.40 
12.775 B3 8322.56 8257.85 
12.775 120 13 04 50
12.775 244 0.57
12.78 22 -3.12
12.78 23 1.65
12.78 25 -3.21
12.78 30 0.00
12.78 B1 8216.12 8146.71 
12.78 B3 8328.11 8258.71 
12.78 120 13 04 50
12.78 244 0.57
12.785 22 -3.30
12.785 23 1.63
12.785 25 -3.32
12.785 30 0.00
12.785 B1 8220.88 8146.64 
12.785 B3 8333.72 8259.48 
12.785 120 13 04 50
12.785 244 0.57
12.79 22 -3.38
12.79 23 1.62
12.79 25 -3.32
12.79 30 0.00
12.79 B1 8225.76 8146.47 
12.79 B3 8339.42 8260.11 
12.79 120 13 04 50
12.79 244 0.57
12.795 22 -3.36
12.795 23 1.62
12.795 25 -3.67
12.795 30 0.00
12.795 B1 8230.99 8146.46 
12.795 B3 8345.19 8260.62 
12.795 120 13 04 50
12.795 244 0.57
12.8 22 -3.65
12.8 23 1.59
12.8 25 -3.67
12.8 30 0.00
12.8 B1 8235.67 8145.78 
12.8 B3 8351.01 8261.04 
12.8 120 13 04 50
12.8 244 0.57
12.805 22 -3.63
12.805 23 1.59
12.805 25 -3.67
12.805 30 0.00
12.805 B1 8240.82 8145.31 
12.805 B3 8356.93 8261.29 
12.805 120 13 04 50
12.805 244 0.57
12.81 22 -3.61
12.81 23 1.59
12.81 25 -3.67
12.81 30 0.00
12.81 B1 8246.29 8145.01 
12.81 B3 8362.90 8261.44 
12.81 120 13 04 50
12.81 244 0.57
12.815 22 -3.59
12.815 23 1.59
12.815 25 -3.67
12.815 30 0.00
12.815 B1 8251.98 8144.85 
12.815 B3 8368.92 8261.53 
12.815 120 13 04 50
12.815 244 0.57
12.82 22 -3.58
12.82 23 1.59
12.82 25 -4.02
12.82 30 0.00
12.82 B1 8257.79 8144.80 
12.82 B3 8374.93 8261.57 
12.82 120 13 04 50
12.82 244 0.57
12.825 22 -3.88
12.825 23 1.56
12.825 25 -4.02
12.825 30 0.00
12.825 B1 8262.86 8144.02 
12.825 B3 8380.93 8261.61 
12.825 120 13 04 50
12.825 244 0.57
12.83 22 -3.87
12.83 23 1.56
12.83 25 -4.02
12.83 30 0.00
12.83 B1 8268.28 8143.43 
12.83 B3 8386.99 8261.53 
12.83 120 13 04 50
12.83 244 0.57
12.835 22 -3.86
12.835 23 1.56
12.835 25 -4.02
12.835 30 0.00
12.835 B1 8273.94 8143.01 
12.835 B3 8393.07 8261.40 
12.835 120 13 04 50
12.835 244 0.57
12.84 22 -3.86
12.84 23 1.56
12.84 25 -4.02
12.84 30 0.00
12.84 B1 8281.08 8144.03 
12.84 B3 8400.36 8262.43 
12.84 120 13 04 50
12.84 244 0.57
12.845 22 -3.86
12.845 23 1.56
12.845 25 -4.02
12.845 30 0.00
12.845 B1 8287.96 8144.82 
12.845 B3 8407.39 8263.21 
12.845 120 13 04 50
12.845 244 0.57
12.85 22 -3.86
12.85 23 1.57
12.85 25 -4.02
12.85 30 0.00
12.85 B1 8294.63 8145.45 
12.85 B3 8414.21 8263.80 
12.85 120 13 04 50
12.85 244 0.57
12.855 22 -3.86
12.855 23 1.57
12.855 25 -4.14
12.855 30 0.00
12.855 B1 8301.13 8145.98 
12.855 B3 8420.83 8264.27 
12.855 120 13 04 50
12.855 244 0.57
12.86 22 -3.98
12.86 23 1.57
12.86 25 -4.14
12.86 30 0.00
12.86 B1 8307.19 8146.16 
12.86 B3 8427.30 8264.65 
12.86 120 13 04 50
12.86 244 0.57
12.865 22 -3.98
12.865 23 1.57
12.865 25 -4.14
12.865 30 0.00
12.865 B1 8313.23 8146.35 
12.865 B3 8433.65 8264.95 
12.865 120 13 04 50
12.865 244 0.57
12.87 22 -4.00
12.87 23 1.57
12.87 25 -4.14
12.87 30 0.00
12.87 B1 8319.21 8146.54 
12.87 B3 8439.90 8265.19 
12.87 120 13 04 50
12.87 244 0.57
12.875 22 -4.01
12.875 23 1.57
12.875 25 -4.14
12.875 30 0.00
12.875 B1 8325.14 8146.76 
12.875 B3 8446.04 8265.40 
12.875 120 13 04 50
12.875 244 0.57
12.88 22 -4.03
12.88 23 1.57
12.88 25 -4.14
12.88 30 0.00
12.88 B1 8331.00 8147.00 
12.88 B3 8452.08 8265.61 
12.88 120 13 04 50
12.88 244 0.57
12.885 22 -4.05
12.885 23 1.57
12.885 25 -4.14
12.885 30 0.00
12.885 B1 8336.79 8147.27 
12.885 B3 8458.03 8265.82 
12.885 120 13 04 50
12.885 244 0.57
12.89 22 -4.07
12.89 23 1.57
12.89 25 -4.14
12.89 30 0.00
12.89 B1 8342.51 8147.56 
12.89 B3 8463.90 8266.04 
12.89 120 13 04 50
12.89 244 0.57
12.895 22 -4.10
12.895 23 1.57
12.895 25 -4.14
12.895 30 0.00
12.895 B1 8348.14 8147.89 
12.895 B3 8469.68 8266.29 
12.895 120 13 04 50
12.895 244 0.57
12.9 22 -4.13
12.9 23 1.57
12.9 25 -4.14
12.9 30 0.00
12.9 B1 8353.71 8148.25 
12.9 B3 8475.39 8266.58 
12.9 120 13 04 50
12.9 244 0.58
12.905 22 -4.16
12.905 23 1.57
12.905 25 -4.14
12.905 30 0.00
12.905 B1 8360.51 8149.95 
12.905 B3 8482.22 8268.09 
12.905 120 13 04 50
12.905 244 0.58
12.91 22 -4.19
12.91 23 1.58
12.91 25 -4.14
12.91 30 0.00
12.91 B1 8366.91 8151.35 
12.91 B3 8488.74 8269.40 
12.91 120 13 04 50
12.91 244 0.58
12.915 22 -4.22
12.915 23 1.58
12.915 25 -4.14
12.915 30 0.00
12.915 B1 8372.99 8152.51 
12.915 B3 8495.02 8270.55 
12.915 120 13 04 50
12.915 244 0.58
12.92 22 -4.26
12.92 23 1.59
12.92 25 -4.14
12.92 30 0.00
12.92 B1 8378.81 8153.52 
12.92 B3 8501.08 8271.59 
12.92 120 13 04 50
12.92 244 0.58
12.925 22 -4.30
12.925 23 1.59
12.925 25 -4.14
12.925 30 0.00
12.925 B1 8384.43 8154.43 
12.925 B3 8506.96 8272.56 
12.925 120 13 04 50
12.925 244 0.58
12.93 22 -4.34
12.93 23 1.59
12.93 25 -4.14
12.93 30 0.00
12.93 B1 8389.88 8155.25 
12.93 B3 8512.69 8273.46 
12.93 120 13 04 50
12.93 244 0.58
12.935 22 -4.38
12.935 23 1.59
12.935 25 -4.14
12.935 30 0.00
12.935 B1 8395.18 8156.03 
12.935 B3 8518.28 8274.33 
12.935 120 13 04 50
12.935 244 0.58
12.94 22 -4.42
12.94 23 1.59
12.94 25 -4.14
12.94 30 0.00
12.94 B1 8400.35 8156.77 
12.94 B3 8523.76 8275.18 
12.94 120 13 04 50
12.94 244 0.58
12.945 22 -4.47
12.945 23 1.59
12.945 25 -4.14
12.945 30 0.00
12.945 B1 8406.74 8158.82 
12.945 B3 8530.32 8277.22 
12.945 120 13 04 50
12.945 244 0.58
12.95 22 -4.52
12.95 23 1.60
12.95 25 -4.14
12.95 30 0.00
12.95 B1 8412.71 8160.51 
12.95 B3 8536.57 8279.00 
12.95 120 13 04 50
12.95 244 0.59
12.955 22 -4.56
12.955 23 1.60
12.955 25 -4.14
12.955 30 0.00
12.955 B1 8419.67 8163.27 
12.955 B3 8543.74 8281.79 
12.955 120 13 04 50
12.955 244 0.58
12.96 22 -4.61
12.96 23 1.61
12.96 25 -4.14
12.96 30 0.00
12.96 B1 8424.72 8164.18 
12.96 B3 8549.27 8283.00 
12.96 120 13 04 50
12.96 244 0.58
12.965 22 -4.66
12.965 23 1.61
12.965 25 -4.14
12.965 30 0.00
12.965 B1 8429.65 8165.05 
12.965 B3 8554.66 8284.15 
12.965 120 13 04 50
12.965 244 0.58
12.97 22 -4.71
12.97 23 1.61
12.97 25 -4.14
12.97 30 0.00
12.97 B1 8434.47 8165.90 
12.97 B3 8559.93 8285.26 
12.97 120 13 04 50
12.97 244 0.58
12.975 22 -4.77
12.975 23 1.61
12.975 25 -4.14
12.975 30 0.00
12.975 B1 8439.20 8166.73 
12.975 B3 8565.10 8286.35 
12.975 120 13 04 50
12.975 244 0.59
12.98 22 -4.82
12.98 23 1.61
12.98 25 -4.14
12.98 30 0.00
12.98 B1 8445.16 8168.87 
12.98 B3 8571.37 8288.61 
12.98 120 13 04 50
12.98 244 0.59
12.985 22 -4.87
12.985 23 1.61
12.985 25 -4.14
12.985 30 0.00
12.985 B1 8450.72 8170.67 
12.985 B3 8577.32 8290.61 
12.985 120 13 04 50
12.985 244 0.59
12.99 22 -4.93
12.99 23 1.62
12.99 25 -4.14
12.99 30 0.00
12.99 B1 8455.97 8172.21 
12.99 B3 8583.02 8292.42 
12.99 120 13 04 50
12.99 244 0.59
12.995 22 -4.99
12.995 23 1.62
12.995 25 -4.25
12.995 30 0.00
12.995 B1 8460.97 8173.57 
12.995 B3 8588.51 8294.08 
12.995 120 13 04 50
12.995 244 0.59
13 22 -5.15
13 23 1.61
13 25 -4.25
13 30 0.00
13 B1 8465.49 8174.49 
13 B3 8593.81 8295.62 
13 120 13 04 50
13 244 0.59
13.005 22 -5.20
13.005 23 1.61
13.005 25 -4.25
13.005 30 0.00
13.005 B1 8469.95 8175.36 
13.005 B3 8598.99 8297.03 
13.005 120 13 04 50
13.005 244 0.59
13.01 22 -5.26
13.01 23 1.61
13.01 25 -4.25
13.01 30 0.00
13.01 B1 8474.37 8176.19 
13.01 B3 8604.07 8298.34 
13.01 120 13 04 50
13.01 244 0.59
13.015 22 -5.32
13.015 23 1.61
13.015 25 -4.37
13.015 30 0.00
13.015 B1 8478.73 8176.99 
13.015 B3 8609.04 8299.57 
13.015 120 13 04 50
13.015 244 0.59
13.02 22 -5.48
13.02 23 1.60
13.02 25 -4.37
13.02 30 0.00
13.02 B1 8484.05 8178.78 
13.02 B3 8615.12 8301.94 
13.02 120 13 04 50
13.02 244 0.59
13.025 22 -5.54
13.025 23 1.60
13.025 25 -4.37
13.025 30 0.00
13.025 B1 8489.11 8180.25 
13.025 B3 8620.93 8304.00 
13.025 120 13 04 50
13.025 244 0.59
13.03 22 -5.59
13.03 23 1.61
13.03 25 -4.37
13.03 30 0.00
13.03 B1 8493.96 8181.50 
13.03 B3 8626.50 8305.79 
13.03 120 13 04 50
13.03 244 0.59
13.035 22 -5.65
13.035 23 1.61
13.035 25 -4.37
13.035 30 0.00
13.035 B1 8498.65 8182.59 
13.035 B3 8631.88 8307.40 
13.035 120 13 04 50
13.035 244 0.59
13.04 22 -5.71
13.04 23 1.61
13.04 25 -4.37
13.04 30 0.00
13.04 B1 8503.19 8183.57 
13.04 B3 8637.08 8308.84 
13.04 120 13 04 50
13.04 244 0.59
13.045 22 -5.77
13.045 23 1.61
13.045 25 -4.37
13.045 30 0.00
13.045 B1 8507.62 8184.46 
13.045 B3 8642.14 8310.18 
13.045 120 13 04 50
13.045 244 0.59
13.05 22 -5.83
13.05 23 1.61
13.05 25 -4.37
13.05 30 0.00
13.05 B1 8510.61 8183.96 
13.05 B3 8645.89 8310.22 
13.05 120 13 04 50
13.05 244 0.59
13.055 22 -5.89
13.055 23 1.60
13.055 25 -4.37
13.055 30 0.00
13.055 B1 8515.17 8185.10 
13.055 B3 8650.94 8311.64 
13.055 120 13 04 50
13.055 244 0.59
13.06 22 -5.95
13.06 23 1.60
13.06 25 -4.37
13.06 30 0.00
13.06 B1 8519.55 8186.11 
13.06 B3 8655.86 8312.95 
13.06 120 13 04 50
13.06 244 0.59
13.065 22 -6.01
13.065 23 1.60
13.065 25 -4.37
13.065 30 0.00
13.065 B1 8523.81 8187.03 
13.065 B3 8660.65 8314.19 
13.065 120 13 04 50
13.065 244 0.59
13.07 22 -6.07
13.07 23 1.60
13.07 25 -4.37
13.07 30 0.00
13.07 B1 8527.94 8187.90 
13.07 B3 8665.33 8315.36 
13.07 120 13 04 50
13.07 244 0.59
13.075 22 -6.13
13.075 23 1.60
13.075 25 -4.37
13.075 30 0.00
13.075 B1 8531.98 8188.71 
13.075 B3 8669.90 8316.49 
13.075 120 13 04 50
13.075 244 0.59
13.08 22 -6.20
13.08 23 1.60
13.08 25 -4.37
13.08 30 0.00
13.08 B1 8535.93 8189.50 
13.08 B3 8674.40 8317.58 
13.08 120 13 04 50
13.08 244 0.59
13.085 22 -6.26
13.085 23 1.60
13.085 25 -4.37
13.085 30 0.00
13.085 B1 8539.81 8190.27 
13.085 B3 8678.81 8318.66 
13.085 120 13 04 50
13.085 244 0.59
13.09 22 -6.32
13.09 23 1.60
13.09 25 -4.37
13.09 30 0.00
13.09 B1 8543.61 8191.02 
13.09 B3 8683.15 8319.70 
13.09 120 13 04 50
13.09 244 0.59
13.095 22 -6.38
13.095 23 1.60
13.095 25 -4.37
13.095 30 0.00
13.095 B1 8547.35 8191.77 
13.095 B3 8687.42 8320.75 
13.095 120 13 04 50
13.095 244 0.59
13.1 22 -6.45
13.1 23 1.60
13.1 25 -4.37
13.1 30 0.00
13.1 B1 8551.02 8192.50 
13.1 B3 8691.62 8321.78 
13.1 120 13 04 50
13.1 244 0.59
13.105 22 -6.51
13.105 23 1.59
13.105 25 -4.37
13.105 30 0.00
13.105 B1 8554.63 8193.24 
13.105 B3 8695.76 8322.81 
13.105 120 13 04 50
13.105 244 0.59
13.11 22 -6.57
13.11 23 1.59
13.11 25 -4.37
13.11 30 0.00
13.11 B1 8558.18 8193.97 
13.11 B3 8699.84 8323.83 
13.11 120 13 04 50
13.11 244 0.59
13.115 22 -6.64
13.115 23 1.59
13.115 25 -4.37
13.115 30 0.00
13.115 B1 8561.68 8194.70 
13.115 B3 8703.86 8324.85 
13.115 120 13 04 50
13.115 244 0.59
13.12 22 -6.70
13.12 23 1.59
13.12 25 -4.37
13.12 30 0.00
13.12 B1 8565.13 8195.44 
13.12 B3 8707.83 8325.88 
13.12 120 13 04 50
13.12 244 0.59
13.125 22 -6.76
13.125 23 1.59
13.125 25 -4.37
13.125 30 0.00
13.125 B1 8568.52 8196.18 
13.125 B3 8711.75 8326.91 
13.125 120 13 04 50
13.125 244 0.59
13.13 22 -6.82
13.13 23 1.59
13.13 25 -4.37
13.13 30 0.00
13.13 B1 8571.86 8196.92 
13.13 B3 8715.61 8327.93 
13.13 120 13 04 50
13.13 244 0.59
13.135 22 -6.89
13.135 23 1.58
13.135 25 -4.37
13.135 30 0.00
13.135 B1 8575.16 8197.65 
13.135 B3 8719.42 8328.97 
13.135 120 13 04 50
13.135 244 0.59
13.14 22 -6.95
13.14 23 1.58
13.14 25 -4.37
13.14 30 0.00
13.14 B1 8578.40 8198.40 
13.14 B3 8723.18 8330.00 
13.14 120 13 04 50
13.14 244 0.59
13.145 22 -7.01
13.145 23 1.58
13.145 25 -4.37
13.145 30 0.00
13.145 B1 8581.59 8199.14 
13.145 B3 8726.89 8331.03 
13.145 120 13 04 50
13.145 244 0.59
13.15 22 -7.07
13.15 23 1.58
13.15 25 -4.37
13.15 30 0.00
13.15 B1 8584.74 8199.89 
13.15 B3 8730.55 8332.07 
13.15 120 13 04 50
13.15 244 0.59
13.155 22 -7.14
13.155 23 1.58
13.155 25 -4.37
13.155 30 0.00
13.155 B1 8587.85 8200.63 
13.155 B3 8734.16 8333.11 
13.155 120 13 04 50
13.155 244 0.59
13.16 22 -7.20
13.16 23 1.57
13.16 25 -4.37
13.16 30 0.00
13.16 B1 8590.90 8201.38 
13.16 B3 8737.72 8334.16 
13.16 120 13 04 50
13.16 244 0.59
13.165 22 -7.26
13.165 23 1.57
13.165 25 -4.37
13.165 30 0.00
13.165 B1 8593.91 8202.13 
13.165 B3 8741.24 8335.20 
13.165 120 13 04 50
13.165 244 0.59
13.17 22 -7.32
13.17 23 1.57
13.17 25 -4.37
13.17 30 0.00
13.17 B1 8598.20 8204.20 
13.17 B3 8745.90 8337.44 
13.17 120 13 04 50
13.17 244 0.59
13.175 22 -7.38
13.175 23 1.57
13.175 25 -4.37
13.175 30 0.00
13.175 B1 8602.12 8205.93 
13.175 B3 8750.30 8339.44 
13.175 120 13 04 50
13.175 244 0.59
13.18 22 -7.44
13.18 23 1.58
13.18 25 -4.37
13.18 30 0.00
13.18 B1 8605.76 8207.41 
13.18 B3 8754.47 8341.25 
13.18 120 13 04 50
13.18 244 0.59
13.185 22 -7.50
13.185 23 1.58
13.185 25 -4.37
13.185 30 0.00
13.185 B1 8607.86 8207.37 
13.185 B3 8757.26 8341.71 
13.185 120 13 04 50
13.185 244 0.59
13.19 22 -7.56
13.19 23 1.57
13.19 25 -4.37
13.19 30 0.00
13.19 B1 8610.10 8207.56 
13.19 B3 8760.11 8342.31 
13.19 120 13 04 50
13.19 244 0.59
13.195 22 -7.62
13.195 23 1.57
13.195 25 -4.37
13.195 30 0.00
13.195 B1 8612.44 8207.89 
13.195 B3 8763.00 8343.00 
13.195 120 13 04 50
13.195 244 0.59
13.2 22 -7.68
13.2 23 1.57
13.2 25 -4.37
13.2 30 0.00
13.2 B1 8616.15 8209.65 
13.2 B3 8767.11 8344.96 
13.2 120 13 04 50
13.2 244 0.59
13.205 22 -7.74
13.205 23 1.57
13.205 25 -4.37
13.205 30 0.00
13.205 B1 8619.59 8211.15 
13.205 B3 8771.02 8346.73 
13.205 120 13 04 50
13.205 244 0.59
13.21 22 -7.80
13.21 23 1.57
13.21 25 -4.37
13.21 30 0.00
13.21 B1 8621.49 8211.14 
13.21 B3 8773.55 8347.17 
13.21 120 13 04 50
13.21 244 0.59
13.215 22 -7.86
13.215 23 1.57
13.215 25 -4.37
13.215 30 0.00
13.215 B1 8623.53 8211.33 
13.215 B3 8776.15 8347.74 
13.215 120 13 04 50
13.215 244 0.59
13.22 22 -7.92
13.22 23 1.56
13.22 25 -4.37
13.22 30 0.00
13.22 B1 8625.67 8211.67 
13.22 B3 8778.81 8348.41 
13.22 120 13 04 50
13.22 244 0.59
13.225 22 -7.97
13.225 23 1.56
13.225 25 -4.37
13.225 30 0.00
13.225 B1 8627.87 8212.12 
13.225 B3 8781.50 8349.15 
13.225 120 13 04 50
13.225 244 0.59
13.23 22 -8.03
13.23 23 1.55
13.23 25 -4.37
13.23 30 0.00
13.23 B1 8630.11 8212.64 
13.23 B3 8784.20 8349.96 
13.23 120 13 04 50
13.23 244 0.59
13.235 22 -8.09
13.235 23 1.55
13.235 25 -4.37
13.235 30 0.00
13.235 B1 8633.70 8214.54 
13.235 B3 8788.11 8352.01 
13.235 120 13 04 50
13.235 244 0.59
13.24 22 -8.14
13.24 23 1.55
13.24 25 -4.37
13.24 30 0.00
13.24 B1 8636.97 8216.13 
13.24 B3 8791.80 8353.85 
13.24 120 13 04 50
13.24 244 0.59
13.245 22 -8.20
13.245 23 1.56
13.245 25 -4.37
13.245 30 0.00
13.245 B1 8640.01 8217.50 
13.245 B3 8795.29 8355.52 
13.245 120 13 04 50
13.245 244 0.59
13.25 22 -8.25
13.25 23 1.56
13.25 25 -4.37
13.25 30 0.00
13.25 B1 8642.85 8218.70 
13.25 B3 8798.64 8357.07 
13.25 120 13 04 50
13.25 244 0.59
13.255 22 -8.31
13.255 23 1.56
13.255 25 -4.37
13.255 30 0.00
13.255 B1 8645.54 8219.79 
13.255 B3 8801.85 8358.51 
13.255 120 13 04 50
13.255 244 0.59
13.26 22 -8.36
13.26 23 1.56
13.26 25 -4.37
13.26 30 0.00
13.26 B1 8648.11 8220.78 
13.26 B3 8804.94 8359.87 
13.26 120 13 04 50
13.26 244 0.59
13.265 22 -8.41
13.265 23 1.56
13.265 25 -4.37
13.265 30 0.00
13.265 B1 8650.59 8221.71 
13.265 B3 8807.94 8361.16 
13.265 120 13 04 50
13.265 244 0.59
13.27 22 -8.47
13.27 23 1.56
13.27 25 -4.37
13.27 30 0.00
13.27 B1 8652.98 8222.59 
13.27 B3 8810.85 8362.41 
13.27 120 13 04 50
13.27 244 0.59
13.275 22 -8.52
13.275 23 1.56
13.275 25 -4.37
13.275 30 0.00
13.275 B1 8655.30 8223.43 
13.275 B3 8813.68 8363.60 
13.275 120 13 04 50
13.275 244 0.59
13.28 22 -8.57
13.28 23 1.56
13.28 25 -4.37
13.28 30 0.00
13.28 B1 8657.56 8224.24 
13.28 B3 8816.45 8364.77 
13.28 120 13 04 50
13.28 244 0.59
13.285 22 -8.62
13.285 23 1.55
13.285 25 -4.26
13.285 30 0.00
13.285 B1 8659.77 8225.03 
13.285 B3 8819.16 8365.90 
13.285 120 13 04 50
13.285 244 0.59
13.29 22 -8.58
13.29 23 1.56
13.29 25 -4.14
13.29 30 0.00
13.29 B1 8662.33 8226.22 
13.29 B3 8821.81 8367.01 
13.29 120 13 04 50
13.29 244 0.59
13.295 22 -8.53
13.295 23 1.58
13.295 25 -4.14
13.295 30 0.00
13.295 B1 8665.13 8227.77 
13.295 B3 8824.39 8368.13 
13.295 120 13 04 50
13.295 244 0.59
13.3 22 -8.58
13.3 23 1.58
13.3 25 -4.14
13.3 30 0.00
13.3 B1 8667.67 8229.17 
13.3 B3 8826.88 8369.31 
13.3 120 13 04 50
13.3 244 0.59
13.305 22 -8.64
13.305 23 1.58
13.305 25 -4.14
13.305 30 0.00
13.305 B1 8670.00 8230.47 
13.305 B3 8829.29 8370.51 
13.305 120 13 04 50
13.305 244 0.59
13.31 22 -8.69
13.31 23 1.57
13.31 25 -4.03
13.31 30 0.00
13.31 B1 8672.17 8231.69 
13.31 B3 8831.64 8371.74 
13.31 120 13 04 50
13.31 244 0.59
13.315 22 -8.64
13.315 23 1.59
13.315 25 -4.03
13.315 30 0.00
13.315 B1 8674.62 8233.28 
13.315 B3 8833.92 8372.99 
13.315 120 13 04 50
13.315 244 0.59
13.32 22 -8.69
13.32 23 1.59
13.32 25 -4.03
13.32 30 0.00
13.32 B1 8676.85 8234.76 
13.32 B3 8836.14 8374.29 
13.32 120 13 04 50
13.32 244 0.59
13.325 22 -8.75
13.325 23 1.59
13.325 25 -4.03
13.325 30 0.00
13.325 B1 8678.90 8236.14 
13.325 B3 8838.29 8375.62 
13.325 120 13 04 50
13.325 244 0.59
13.33 22 -8.80
13.33 23 1.58
13.33 25 -4.03
13.33 30 0.00
13.33 B1 8680.81 8237.45 
13.33 B3 8840.38 8376.98 
13.33 120 13 04 50
13.33 244 0.59
13.335 22 -8.85
13.335 23 1.58
13.335 25 -4.03
13.335 30 0.00
13.335 B1 8682.61 8238.71 
13.335 B3 8842.43 8378.35 
13.335 120 13 04 50
13.335 244 0.59
13.34 22 -8.89
13.34 23 1.58
13.34 25 -4.03
13.34 30 0.00
13.34 B1 8684.33 8239.93 
13.34 B3 8844.44 8379.73 
13.34 120 13 04 50
13.34 244 0.59
13.345 22 -8.94
13.345 23 1.58
13.345 25 -4.03
13.345 30 0.00
13.345 B1 8685.99 8241.11 
13.345 B3 8846.41 8381.11 
13.345 120 13 04 50
13.345 244 0.59
13.35 22 -8.99
13.35 23 1.58
13.35 25 -4.03
13.35 30 0.00
13.35 B1 8687.58 8242.26 
13.35 B3 8848.35 8382.50 
13.35 120 13 04 50
13.35 244 0.59
13.355 22 -9.04
13.355 23 1.58
13.355 25 -4.03
13.355 30 0.00
13.355 B1 8687.83 8242.06 
13.355 B3 8849.07 8382.68 
13.355 120 13 04 50
13.355 244 0.59
13.36 22 -9.08
13.36 23 1.57
13.36 25 -4.03
13.36 30 0.00
13.36 B1 8688.34 8242.19 
13.36 B3 8849.98 8383.10 
13.36 120 13 04 50
13.36 244 0.59
13.365 22 -9.13
13.365 23 1.56
13.365 25 -4.03
13.365 30 0.00
13.365 B1 8690.38 8243.88 
13.365 B3 8852.24 8384.90 
13.365 120 13 04 50
13.365 244 0.59
13.37 22 -9.17
13.37 23 1.56
13.37 25 -4.03
13.37 30 0.00
13.37 B1 8692.26 8245.38 
13.37 B3 8854.39 8386.60 
13.37 120 13 04 50
13.37 244 0.59
13.375 22 -9.21
13.375 23 1.56
13.375 25 -4.03
13.375 30 0.00
13.375 B1 8692.69 8245.43 
13.375 B3 8855.27 8387.02 
13.375 120 13 04 50
13.375 244 0.59
13.38 22 -9.26
13.38 23 1.56
13.38 25 -4.03
13.38 30 0.00
13.38 B1 8693.34 8245.72 
13.38 B3 8856.30 8387.61 
13.38 120 13 04 50
13.38 244 0.59
13.385 22 -9.30
13.385 23 1.55
13.385 25 -3.92
13.385 30 0.00
13.385 B1 8694.15 8246.18 
13.385 B3 8857.44 8388.33 
13.385 120 13 04 50
13.385 244 0.59
13.39 22 -9.25
13.39 23 1.56
13.39 25 -3.92
13.39 30 0.00
13.39 B1 8695.47 8247.19 
13.39 B3 8858.68 8389.16 
13.39 120 13 04 50
13.39 244 0.59
13.395 22 -9.29
13.395 23 1.56
13.395 25 -3.70
13.395 30 0.00
13.395 B1 8696.76 8248.22 
13.395 B3 8859.97 8390.09 
13.395 120 13 04 50
13.395 244 0.59
13.4 22 -9.14
13.4 23 1.58
13.4 25 -3.70
13.4 30 0.00
13.4 B1 8697.52 8248.80 
13.4 B3 8860.10 8389.91 
13.4 120 13 04 50
13.4 244 0.59
13.405 22 -9.19
13.405 23 1.57
13.405 25 -3.01
13.405 30 0.00
13.405 B1 8698.32 8249.59 
13.405 B3 8860.43 8390.10 
13.405 120 13 04 50
13.405 244 0.59
13.41 22 -8.62
13.41 23 1.63
13.41 25 -3.01
13.41 30 0.00
13.41 B1 8702.85 8254.37 
13.41 B3 8862.12 8391.78 
13.41 120 13 04 50
13.41 244 0.59
13.415 22 -8.68
13.415 23 1.63
13.415 25 -3.01
13.415 30 0.00
13.415 B1 8706.31 8258.49 
13.415 B3 8863.57 8393.67 
13.415 120 13 04 50
13.415 244 0.59
13.42 22 -8.73
13.42 23 1.64
13.42 25 -2.57
13.42 30 0.00
13.42 B1 8709.00 8262.11 
13.42 B3 8864.85 8395.70 
13.42 120 13 04 50
13.42 244 0.59
13.425 22 -8.38
13.425 23 1.68
13.425 25 -2.57
13.425 30 0.00
13.425 B1 8711.20 8265.57 
13.425 B3 8864.78 8396.65 
13.425 120 13 04 50
13.425 244 0.59
13.43 22 -8.43
13.43 23 1.68
13.43 25 -1.99
13.43 30 0.00
13.43 B1 8712.79 8268.87 
13.43 B3 8864.71 8398.08 
13.43 120 13 04 50
13.43 244 0.59
13.435 22 -7.97
13.435 23 1.71
13.435 25 -1.18
13.435 30 0.00
13.435 B1 8716.95 8275.13 
13.435 B3 8865.86 8401.06 
13.435 120 13 04 50
13.435 244 0.59
13.44 22 -7.29
13.44 23 1.76
13.44 25 -0.73
13.44 30 0.00
13.44 B1 8721.95 8282.89 
13.44 B3 8866.67 8404.25 
13.44 120 13 04 50
13.44 244 0.59
13.445 22 -6.95
13.445 23 1.79
13.445 25 -0.63
13.445 30 0.00
13.445 B1 8725.02 8289.60 
13.445 B3 8865.84 8406.66 
13.445 120 13 04 50
13.445 244 0.59
13.45 22 -6.93
13.45 23 1.80
13.45 25 -0.27
13.45 30 0.00
13.45 B1 8728.40 8297.52 
13.45 B3 8865.97 8410.96 
13.45 120 13 04 50
13.45 244 0.59
13.455 22 -6.68
13.455 23 1.82
13.455 25 -0.27
13.455 30 0.00
13.455 B1 8729.85 8304.23 
13.455 B3 8864.48 8414.37 
13.455 120 13 04 50
13.455 244 0.59
13.46 22 -6.75
13.46 23 1.82
13.46 25 -0.27
13.46 30 0.00
13.46 B1 8730.41 8310.74 
13.46 B3 8862.83 8418.37 
13.46 120 13 04 50
13.46 244 0.59
13.465 22 -6.82
13.465 23 1.82
13.465 25 -0.27
13.465 30 0.00
13.465 B1 8730.32 8317.08 
13.465 B3 8861.05 8422.81 
13.465 120 13 04 50
13.465 244 0.59
13.47 22 -6.88
13.47 23 1.82
13.47 25 -0.16
13.47 30 0.00
13.47 B1 8729.77 8323.28 
13.47 B3 8859.20 8427.58 
13.47 120 13 04 50
13.47 244 0.59
13.475 22 -6.84
13.475 23 1.83
13.475 25 -0.16
13.475 30 0.00
13.475 B1 8730.43 8330.91 
13.475 B3 8858.51 8433.79 
13.475 120 13 04 50
13.475 244 0.59
13.48 22 -6.89
13.48 23 1.83
13.48 25 -0.16
13.48 30 0.00
13.48 B1 8730.48 8338.06 
13.48 B3 8857.58 8439.96 
13.48 120 13 04 50
13.48 244 0.59
13.485 22 -6.94
13.485 23 1.84
13.485 25 -0.17
13.485 30 0.00
13.485 B1 8730.10 8344.84 
13.485 B3 8856.47 8446.08 
13.485 120 13 04 50
13.485 244 0.59
13.49 22 -6.99
13.49 23 1.84
13.49 25 -0.17
13.49 30 0.00
13.49 B1 8729.40 8351.31 
13.49 B3 8855.24 8452.15 
13.49 120 13 04 50
13.49 244 0.59
13.495 22 -7.03
13.495 23 1.84
13.495 25 -0.17
13.495 30 0.00
13.495 B1 8728.51 8357.55 
13.495 B3 8853.95 8458.16 
13.495 120 13 04 50
13.495 244 0.59
13.5 22 -7.06
13.5 23 1.85
13.5 25 -0.17
13.5 30 0.00
13.5 B1 8727.52 8363.60 
13.5 B3 8852.64 8464.10 
13.5 120 13 04 50
13.5 244 0.59
13.505 22 -7.10
13.505 23 1.85
13.505 25 -0.17
13.505 30 0.00
13.505 B1 8726.45 8369.50 
13.505 B3 8851.32 8469.97 
13.505 120 13 04 50
13.505 244 0.59
13.51 22 -7.12
13.51 23 1.85
13.51 25 -0.17
13.51 30 0.00
13.51 B1 8725.38 8375.26 
13.51 B3 8850.04 8475.78 
13.51 120 13 04 50
13.51 244 0.59
13.515 22 -7.14
13.515 23 1.85
13.515 25 -0.17
13.515 30 0.00
13.515 B1 8724.32 8380.89 
13.515 B3 8848.79 8481.51 
13.515 120 13 04 50
13.515 244 0.59
13.52 22 -7.16
13.52 23 1.85
13.52 25 -0.17
13.52 30 0.00
13.52 B1 8721.97 8385.11 
13.52 B3 8846.41 8485.97 
13.52 120 13 04 50
13.52 244 0.59
13.525 22 -7.18
13.525 23 1.84
13.525 25 -0.17
13.525 30 0.00
13.525 B1 8721.31 8390.90 
13.525 B3 8845.52 8491.80 
13.525 120 13 04 50
13.525 244 0.59
13.53 22 -7.19
13.53 23 1.84
13.53 25 -0.17
13.53 30 0.00
13.53 B1 8719.33 8395.19 
13.53 B3 8843.46 8496.32 
13.53 120 13 04 50
13.53 244 0.59
13.535 22 -7.20
13.535 23 1.83
13.535 25 -0.17
13.535 30 0.00
13.535 B1 8717.67 8399.68 
13.535 B3 8841.67 8500.97 
13.535 120 13 04 50
13.535 244 0.59
13.54 22 -7.20
13.54 23 1.83
13.54 25 -0.17
13.54 30 0.00
13.54 B1 8716.28 8404.30 
13.54 B3 8840.12 8505.70 
13.54 120 13 04 50
13.54 244 0.59
13.545 22 -7.20
13.545 23 1.82
13.545 25 -0.17
13.545 30 0.00
13.545 B1 8715.12 8409.00 
13.545 B3 8838.78 8510.50 
13.545 120 13 04 50
13.545 244 0.59
13.55 22 -7.20
13.55 23 1.82
13.55 25 -0.17
13.55 30 0.00
13.55 B1 8714.17 8413.75 
13.55 B3 8837.63 8515.34 
13.55 120 13 04 50
13.55 244 0.59
13.555 22 -7.20
13.555 23 1.82
13.555 25 -0.17
13.555 30 0.00
13.555 B1 8714.69 8419.85 
13.555 B3 8837.85 8521.39 
13.555 120 13 04 50
13.555 244 0.59
13.56 22 -7.19
13.56 23 1.82
13.56 25 -0.17
13.56 30 0.00
13.56 B1 8715.05 8425.62 
13.56 B3 8838.00 8527.20 
13.56 120 13 04 50
13.56 244 0.59
13.565 22 -7.18
13.565 23 1.82
13.565 25 -0.17
13.565 30 0.00
13.565 B1 8715.31 8431.14 
13.565 B3 8838.11 8532.82 
13.565 120 13 04 50
13.565 244 0.59
13.57 22 -7.17
13.57 23 1.82
13.57 25 -0.17
13.57 30 0.00
13.57 B1 8715.51 8436.47 
13.57 B3 8838.20 8538.28 
13.57 120 13 04 50
13.57 244 0.59
13.575 22 -7.15
13.575 23 1.83
13.575 25 -0.17
13.575 30 0.00
13.575 B1 8715.67 8441.64 
13.575 B3 8838.31 8543.60 
13.575 120 13 04 50
13.575 244 0.59
13.58 22 -7.13
13.58 23 1.83
13.58 25 -0.17
13.58 30 0.00
13.58 B1 8715.85 8446.70 
13.58 B3 8838.43 8548.81 
13.58 120 13 04 50
13.58 244 0.59
13.585 22 -7.11
13.585 23 1.83
13.585 25 -0.17
13.585 30 0.00
13.585 B1 8716.04 8451.65 
13.585 B3 8838.57 8553.92 
13.585 120 13 04 50
13.585 244 0.59
13.59 22 -7.09
13.59 23 1.83
13.59 25 -0.05
13.59 30 0.00
13.59 B1 8716.25 8456.53 
13.59 B3 8838.75 8558.95 
13.59 120 13 04 50
13.59 244 0.59
13.595 22 -6.96
13.595 23 1.83
13.595 25 -0.05
13.595 30 0.00
13.595 B1 8715.47 8460.33 
13.595 B3 8837.78 8562.72 
13.595 120 13 04 50
13.595 244 0.59
13.6 22 -6.93
13.6 23 1.82
13.6 25 -0.05
13.6 30 0.00
13.6 B1 8714.95 8464.37 
13.6 B3 8837.05 8566.69 
13.6 120 13 04 50
13.6 244 0.59
13.605 22 -6.91
13.605 23 1.82
13.605 25 -0.05
13.605 30 0.00
13.605 B1 8714.63 8468.59 
13.605 B3 8836.52 8570.83 
13.605 120 13 04 50
13.605 244 0.59
13.61 22 -6.88
13.61 23 1.81
13.61 25 0.00
13.61 30 0.00
13.61 B1 8714.49 8472.94 
13.61 B3 8836.16 8575.09 
13.61 120 13 04 50
13.61 244 0.59
13.615 22 -6.80
13.615 23 1.81
13.615 25 0.00
13.615 30 0.00
13.615 B1 8715.93 8478.80 
13.615 B3 8837.15 8580.64 
13.615 120 13 04 50
13.615 244 0.59
13.62 22 -6.77
13.62 23 1.81
13.62 25 0.00
13.62 30 0.00
13.62 B1 8717.13 8484.38 
13.62 B3 8838.05 8586.03 
13.62 120 13 04 50
13.62 244 0.59
13.625 22 -6.74
13.625 23 1.82
13.625 25 0.00
13.625 30 0.00
13.625 B1 8718.17 8489.74 
13.625 B3 8838.88 8591.30 
13.625 120 13 04 50
13.625 244 0.59
13.63 22 -6.71
13.63 23 1.82
13.63 25 0.00
13.63 30 0.00
13.63 B1 8719.11 8494.93 
13.63 B3 8839.66 8596.46 
13.63 120 13 04 50
13.63 244 0.59
13.635 22 -6.67
13.635 23 1.82
13.635 25 0.00
13.635 30 0.00
13.635 B1 8719.98 8500.00 
13.635 B3 8840.42 8601.54 
13.635 120 13 04 50
13.635 244 0.59
13.64 22 -6.63
13.64 23 1.82
13.64 25 0.00
13.64 30 0.00
13.64 B1 8720.81 8504.96 
13.64 B3 8841.17 8606.56 
13.64 120 13 04 50
13.64 244 0.59
13.645 22 -6.59
13.645 23 1.82
13.645 25 0.00
13.645 30 0.00
13.645 B1 8721.63 8509.85 
13.645 B3 8841.92 8611.51 
13.645 120 13 04 50
13.645 244 0.59
13.65 22 -6.55
13.65 23 1.82
13.65 25 0.00
13.65 30 0.00
13.65 B1 8722.45 8514.67 
13.65 B3 8842.68 8616.41 
13.65 120 13 04 50
13.65 244 0.59
13.655 22 -6.51
13.655 23 1.82
13.655 25 0.00
13.655 30 0.00
13.655 B1 8723.28 8519.44 
13.655 B3 8843.46 8621.26 
13.655 120 13 04 50
13.655 244 0.59
13.66 22 -6.47
13.66 23 1.82
13.66 25 0.00
13.66 30 0.00
13.66 B1 8724.14 8524.17 
13.66 B3 8844.27 8626.09 
13.66 120 13 04 50
13.66 244 0.59
13.665 22 -6.42
13.665 23 1.82
13.665 25 0.00
13.665 30 0.00
13.665 B1 8725.02 8528.86 
13.665 B3 8845.11 8630.87 
13.665 120 13 04 50
13.665 244 0.59
13.67 22 -6.38
13.67 23 1.81
13.67 25 0.00
13.67 30 0.00
13.67 B1 8725.95 8533.53 
13.67 B3 8845.97 8635.63 
13.67 120 13 04 50
13.67 244 0.59
13.675 22 -6.33
13.675 23 1.81
13.675 25 0.00
13.675 30 0.00
13.675 B1 8726.91 8538.17 
13.675 B3 8846.87 8640.37 
13.675 120 13 04 50
13.675 244 0.59
13.68 22 -6.29
13.68 23 1.81
13.68 25 0.00
13.68 30 0.00
13.68 B1 8727.90 8542.78 
13.68 B3 8847.81 8645.08 
13.68 120 13 04 50
13.68 244 0.59
13.685 22 -6.24
13.685 23 1.81
13.685 25 0.00
13.685 30 0.00
13.685 B1 8728.94 8547.38 
13.685 B3 8848.78 8649.77 
13.685 120 13 04 50
13.685 244 0.59
13.69 22 -6.19
13.69 23 1.81
13.69 25 0.00
13.69 30 0.00
13.69 B1 8728.69 8550.63 
13.69 B3 8848.59 8653.25 
13.69 120 13 04 50
13.69 244 0.59
13.695 22 -6.14
13.695 23 1.80
13.695 25 0.00
13.695 30 0.00
13.695 B1 8728.81 8554.20 
13.695 B3 8848.67 8656.95 
13.695 120 13 04 50
13.695 244 0.59
13.7 22 -6.09
13.7 23 1.80
13.7 25 0.00
13.7 30 0.00
13.7 B1 8729.20 8557.99 
13.7 B3 8848.96 8660.80 
13.7 120 13 04 50
13.7 244 0.59
13.705 22 -6.04
13.705 23 1.79
13.705 25 0.00
13.705 30 0.00
13.705 B1 8731.14 8563.27 
13.705 B3 8850.63 8666.00 
13.705 120 13 04 50
13.705 244 0.59
13.71 22 -5.99
13.71 23 1.79
13.71 25 0.00
13.71 30 0.00
13.71 B1 8731.61 8567.02 
13.71 B3 8851.04 8669.85 
13.71 120 13 04 50
13.71 244 0.59
13.715 22 -5.93
13.715 23 1.79
13.715 25 0.00
13.715 30 0.00
13.715 B1 8733.62 8572.25 
13.715 B3 8852.81 8675.04 
13.715 120 13 04 50
13.715 244 0.59
13.72 22 -5.88
13.72 23 1.79
13.72 25 0.00
13.72 30 0.00
13.72 B1 8735.50 8577.28 
13.72 B3 8854.52 8680.08 
13.72 120 13 04 50
13.72 244 0.59
13.725 22 -5.83
13.725 23 1.79
13.725 25 0.00
13.725 30 0.00
13.725 B1 8737.27 8582.14 
13.725 B3 8856.17 8685.01 
13.725 120 13 04 50
13.725 244 0.59
13.73 22 -5.77
13.73 23 1.79
13.73 25 0.00
13.73 30 0.00
13.73 B1 8738.99 8586.89 
13.73 B3 8857.79 8689.85 
13.73 120 13 04 50
13.73 244 0.59
13.735 22 -5.72
13.735 23 1.79
13.735 25 0.00
13.735 30 0.00
13.735 B1 8739.35 8590.22 
13.735 B3 8858.19 8693.42 
13.735 120 13 04 50
13.735 244 0.59
13.74 22 -5.66
13.74 23 1.79
13.74 25 0.00
13.74 30 0.00
13.74 B1 8740.00 8593.81 
13.74 B3 8858.80 8697.16 
13.74 120 13 04 50
13.74 244 0.59
13.745 22 -5.61
13.745 23 1.78
13.745 25 0.00
13.745 30 0.00
13.745 B1 8740.88 8597.59 
13.745 B3 8859.60 8701.04 
13.745 120 13 04 50
13.745 244 0.59
13.75 22 -5.56
13.75 23 1.78
13.75 25 0.00
13.75 30 0.00
13.75 B1 8741.95 8601.49 
13.75 B3 8860.53 8705.01 
13.75 120 13 04 50
13.75 244 0.59
13.755 22 -5.50
13.755 23 1.77
13.755 25 0.00
13.755 30 0.00
13.755 B1 8743.16 8605.49 
13.755 B3 8861.60 8709.06 
13.755 120 13 04 50
13.755 244 0.59
13.76 22 -5.45
13.76 23 1.77
13.76 25 0.00
13.76 30 0.00
13.76 B1 8744.49 8609.56 
13.76 B3 8862.78 8713.18 
13.76 120 13 04 50
13.76 244 0.59
13.765 22 -5.39
13.765 23 1.77
13.765 25 0.00
13.765 30 0.00
13.765 B1 8747.24 8615.00 
13.765 B3 8865.25 8718.53 
13.765 120 13 04 50
13.765 244 0.59
13.77 22 -5.33
13.77 23 1.77
13.77 25 0.00
13.77 30 0.00
13.77 B1 8748.44 8618.81 
13.77 B3 8866.38 8722.49 
13.77 120 13 04 50
13.77 244 0.59
13.775 22 -5.28
13.775 23 1.77
13.775 25 0.00
13.775 30 0.00
13.775 B1 8749.77 8622.72 
13.775 B3 8867.63 8726.51 
13.775 120 13 04 50
13.775 244 0.59
13.78 22 -5.22
13.78 23 1.77
13.78 25 0.00
13.78 30 0.00
13.78 B1 8751.23 8626.71 
13.78 B3 8868.98 8730.60 
13.78 120 13 04 50
13.78 244 0.59
13.785 22 -5.17
13.785 23 1.76
13.785 25 0.00
13.785 30 0.00
13.785 B1 8752.79 8630.75 
13.785 B3 8870.42 8734.71 
13.785 120 13 04 50
13.785 244 0.59
13.79 22 -5.11
13.79 23 1.76
13.79 25 0.00
13.79 30 0.00
13.79 B1 8754.43 8634.82 
13.79 B3 8871.93 8738.86 
13.79 120 13 04 50
13.79 244 0.59
13.795 22 -5.06
13.795 23 1.76
13.795 25 0.00
13.795 30 0.00
13.795 B1 8756.13 8638.91 
13.795 B3 8873.51 8743.02 
13.795 120 13 04 50
13.795 244 0.59
13.8 22 -5.00
13.8 23 1.76
13.8 25 0.00
13.8 30 0.00
13.8 B1 8757.90 8643.01 
13.8 B3 8875.15 8747.19 
13.8 120 13 04 50
13.8 244 0.59
13.805 22 -4.95
13.805 23 1.76
13.805 25 0.00
13.805 30 0.00
13.805 B1 8759.71 8647.12 
13.805 B3 8876.84 8751.37 
13.805 120 13 04 50
13.805 244 0.59
13.81 22 -4.89
13.81 23 1.76
13.81 25 0.00
13.81 30 0.00
13.81 B1 8761.57 8651.22 
13.81 B3 8878.58 8755.56 
13.81 120 13 04 50
13.81 244 0.59
13.815 22 -4.84
13.815 23 1.75
13.815 25 0.00
13.815 30 0.00
13.815 B1 8763.47 8655.32 
13.815 B3 8880.37 8759.74 
13.815 120 13 04 50
13.815 244 0.59
13.82 22 -4.78
13.82 23 1.75
13.82 25 0.00
13.82 30 0.00
13.82 B1 8765.41 8659.41 
13.82 B3 8882.21 8763.91 
13.82 120 13 04 50
13.82 244 0.59
13.825 22 -4.73
13.825 23 1.75
13.825 25 0.00
13.825 30 0.00
13.825 B1 8767.38 8663.50 
13.825 B3 8884.07 8768.09 
13.825 120 13 04 50
13.825 244 0.59
13.83 22 -4.67
13.83 23 1.75
13.83 25 0.00
13.83 30 0.00
13.83 B1 8769.39 8667.57 
13.83 B3 8885.98 8772.25 
13.83 120 13 04 50
13.83 244 0.59
13.835 22 -4.62
13.835 23 1.75
13.835 25 0.00
13.835 30 0.00
13.835 B1 8771.43 8671.63 
13.835 B3 8887.92 8776.40 
13.835 120 13 04 50
13.835 244 0.59
13.84 22 -4.57
13.84 23 1.75
13.84 25 0.00
13.84 30 0.00
13.84 B1 8773.49 8675.68 
13.84 B3 8889.90 8780.54 
13.84 120 13 04 50
13.84 244 0.59
13.845 22 -4.51
13.845 23 1.75
13.845 25 0.00
13.845 30 0.00
13.845 B1 8775.58 8679.71 
13.845 B3 8891.92 8784.67 
13.845 120 13 04 50
13.845 244 0.59
13.85 22 -4.46
13.85 23 1.75
13.85 25 0.00
13.85 30 0.00
13.85 B1 8777.71 8683.73 
13.85 B3 8893.95 8788.78 
13.85 120 13 04 50
13.85 244 0.59
13.855 22 -4.41
13.855 23 1.74
13.855 25 0.00
13.855 30 0.00
13.855 B1 8779.86 8687.74 
13.855 B3 8896.02 8792.89 
13.855 120 13 04 50
13.855 244 0.59
13.86 22 -4.35
13.86 23 1.74
13.86 25 0.00
13.86 30 0.00
13.86 B1 8782.03 8691.73 
13.86 B3 8898.12 8796.98 
13.86 120 13 04 50
13.86 244 0.59
13.865 22 -4.30
13.865 23 1.74
13.865 25 0.00
13.865 30 0.00
13.865 B1 8784.23 8695.71 
13.865 B3 8900.25 8801.06 
13.865 120 13 04 50
13.865 244 0.59
13.87 22 -4.25
13.87 23 1.74
13.87 25 0.00
13.87 30 0.00
13.87 B1 8786.45 8699.67 
13.87 B3 8902.40 8805.12 
13.87 120 13 04 50
13.87 244 0.59
13.875 22 -4.20
13.875 23 1.74
13.875 25 0.00
13.875 30 0.00
13.875 B1 8788.69 8703.62 
13.875 B3 8904.59 8809.17 
13.875 120 13 04 50
13.875 244 0.59
13.88 22 -4.15
13.88 23 1.74
13.88 25 0.00
13.88 30 0.00
13.88 B1 8790.96 8707.56 
13.88 B3 8906.79 8813.21 
13.88 120 13 04 50
13.88 244 0.59
13.885 22 -4.10
13.885 23 1.74
13.885 25 0.00
13.885 30 0.00
13.885 B1 8793.25 8711.48 
13.885 B3 8909.02 8817.23 
13.885 120 13 04 50
13.885 244 0.59
13.89 22 -4.05
13.89 23 1.74
13.89 25 0.00
13.89 30 0.00
13.89 B1 8795.56 8715.40 
13.89 B3 8911.27 8821.24 
13.89 120 13 04 50
13.89 244 0.59
13.895 22 -4.00
13.895 23 1.74
13.895 25 0.00
13.895 30 0.00
13.895 B1 8797.89 8719.29 
13.895 B3 8913.55 8825.24 
13.895 120 13 04 50
13.895 244 0.59
13.9 22 -3.95
13.9 23 1.74
13.9 25 0.00
13.9 30 0.00
13.9 B1 8800.25 8723.18 
13.9 B3 8915.85 8829.22 
13.9 120 13 04 50
13.9 244 0.59
13.905 22 -3.90
13.905 23 1.73
13.905 25 0.00
13.905 30 0.00
13.905 B1 8802.62 8727.04 
13.905 B3 8918.17 8833.19 
13.905 120 13 04 50
13.905 244 0.59
13.91 22 -3.85
13.91 23 1.73
13.91 25 0.00
13.91 30 0.00
13.91 B1 8806.33 8732.22 
13.91 B3 8921.71 8838.34 
13.91 120 13 04 50
13.91 244 0.59
13.915 22 -3.80
13.915 23 1.74
13.915 25 0.00
13.915 30 0.00
13.915 B1 8809.75 8737.06 
13.915 B3 8925.05 8843.25 
13.915 120 13 04 50
13.915 244 0.59
13.92 22 -3.75
13.92 23 1.74
13.92 25 0.00
13.92 30 0.00
13.92 B1 8812.94 8741.65 
13.92 B3 8928.23 8847.96 
13.92 120 13 04 50
13.92 244 0.59
13.925 22 -3.70
13.925 23 1.74
13.925 25 0.00
13.925 30 0.00
13.925 B1 8814.66 8744.73 
13.925 B3 8930.09 8851.32 
13.925 120 13 04 50
13.925 244 0.59
13.93 22 -3.66
13.93 23 1.74
13.93 25 0.00
13.93 30 0.00
13.93 B1 8817.89 8749.30 
13.93 B3 8933.27 8855.97 
13.93 120 13 04 50
13.93 244 0.59
13.935 22 -3.61
13.935 23 1.74
13.935 25 0.00
13.935 30 0.00
13.935 B1 8820.97 8753.69 
13.935 B3 8936.33 8860.47 
13.935 120 13 04 50
13.935 244 0.59
13.94 22 -3.57
13.94 23 1.74
13.94 25 0.00
13.94 30 0.00
13.94 B1 8823.92 8757.92 
13.94 B3 8939.30 8864.85 
13.94 120 13 04 50
13.94 244 0.59
13.945 22 -3.52
13.945 23 1.75
13.945 25 0.00
13.945 30 0.00
13.945 B1 8825.47 8760.72 
13.945 B3 8941.01 8867.93 
13.945 120 13 04 50
13.945 244 0.59
13.95 22 -3.47
13.95 23 1.74
13.95 25 0.00
13.95 30 0.00
13.95 B1 8828.59 8765.07 
13.95 B3 8944.08 8872.36 
13.95 120 13 04 50
13.95 244 0.59
13.955 22 -3.43
13.955 23 1.74
13.955 25 0.00
13.955 30 0.00
13.955 B1 8831.59 8769.28 
13.955 B3 8947.06 8876.67 
13.955 120 13 04 50
13.955 244 0.59
13.96 22 -3.39
13.96 23 1.74
13.96 25 0.00
13.96 30 0.00
13.96 B1 8834.51 8773.37 
13.96 B3 8949.98 8880.88 
13.96 120 13 04 50
13.96 244 0.59
13.965 22 -3.34
13.965 23 1.74
13.965 25 0.00
13.965 30 0.00
13.965 B1 8836.05 8776.06 
13.965 B3 8951.66 8883.83 
13.965 120 13 04 50
13.965 244 0.59
13.97 22 -3.30
13.97 23 1.74
13.97 25 0.00
13.97 30 0.00
13.97 B1 8837.85 8779.00 
13.97 B3 8953.52 8886.94 
13.97 120 13 04 50
13.97 244 0.59
13.975 22 -3.26
13.975 23 1.73
13.975 25 0.00
13.975 30 0.00
13.975 B1 8839.86 8782.12 
13.975 B3 8955.53 8890.18 
13.975 120 13 04 50
13.975 244 0.59
13.98 22 -3.21
13.98 23 1.73
13.98 25 0.00
13.98 30 0.00
13.98 B1 8842.02 8785.38 
13.98 B3 8957.66 8893.52 
13.98 120 13 04 50
13.98 244 0.59
13.985 22 -3.17
13.985 23 1.73
13.985 25 0.00
13.985 30 0.00
13.985 B1 8844.32 8788.74 
13.985 B3 8959.90 8896.93 
13.985 120 13 04 50
13.985 244 0.59
13.99 22 -3.13
13.99 23 1.72
13.99 25 0.00
13.99 30 0.00
13.99 B1 8846.70 8792.18 
13.99 B3 8962.22 8900.41 
13.99 120 13 04 50
13.99 244 0.59
13.995 22 -3.09
13.995 23 1.72
13.995 25 0.00
13.995 30 0.00
13.995 B1 8849.17 8795.67 
13.995 B3 8964.61 8903.94 
13.995 120 13 04 50
13.995 244 0.59
14 22 -3.05
14 23 1.72
14 25 0.00
14 30 0.00
14 B1 8851.69 8799.19 
14 B3 8967.06 8907.49 
14 120 13 04 50
14 244 0.59
14.005 22 -3.01
14.005 23 1.72
14.005 25 0.00
14.005 30 0.00
14.005 B1 8854.25 8802.74 
14.005 B3 8969.56 8911.08 
14.005 120 13 04 50
14.005 244 0.59
14.01 22 -2.97
14.01 23 1.72
14.01 25 0.00
14.01 30 0.00
14.01 B1 8856.85 8806.31 
14.01 B3 8972.10 8914.69 
14.01 120 13 04 50
14.01 244 0.59
14.015 22 -2.93
14.015 23 1.71
14.015 25 0.00
14.015 30 0.00
14.015 B1 8859.49 8809.88 
14.015 B3 8974.67 8918.31 
14.015 120 13 04 50
14.015 244 0.59
14.02 22 -2.89
14.02 23 1.71
14.02 25 0.00
14.02 30 0.00
14.02 B1 8862.15 8813.46 
14.02 B3 8977.27 8921.93 
14.02 120 13 04 50
14.02 244 0.59
14.025 22 -2.85
14.025 23 1.71
14.025 25 0.00
14.025 30 0.00
14.025 B1 8864.83 8817.05 
14.025 B3 8979.90 8925.57 
14.025 120 13 04 50
14.025 244 0.59
14.03 22 -2.81
14.03 23 1.71
14.03 25 0.00
14.03 30 0.00
14.03 B1 8868.85 8821.95 
14.03 B3 8983.76 8930.40 
14.03 120 13 04 50
14.03 244 0.59
14.035 22 -2.78
14.035 23 1.72
14.035 25 0.00
14.035 30 0.00
14.035 B1 8871.25 8825.21 
14.035 B3 8986.21 8933.81 
14.035 120 13 04 50
14.035 244 0.59
14.04 22 -2.74
14.04 23 1.71
14.04 25 0.00
14.04 30 0.00
14.04 B1 8873.74 8828.55 
14.04 B3 8988.73 8937.26 
14.04 120 13 04 50
14.04 244 0.59
14.045 22 -2.70
14.045 23 1.71
14.045 25 0.00
14.045 30 0.00
14.045 B1 8876.31 8831.94 
14.045 B3 8991.29 8940.75 
14.045 120 13 04 50
14.045 244 0.59
14.05 22 -2.67
14.05 23 1.71
14.05 25 0.00
14.05 30 0.00
14.05 B1 8878.93 8835.38 
14.05 B3 8993.90 8944.26 
14.05 120 13 04 50
14.05 244 0.59
14.055 22 -2.63
14.055 23 1.71
14.055 25 0.00
14.055 30 0.00
14.055 B1 8881.59 8838.84 
14.055 B3 8996.55 8947.80 
14.055 120 13 04 50
14.055 244 0.59
14.06 22 -2.60
14.06 23 1.71
14.06 25 0.00
14.06 30 0.00
14.06 B1 8884.29 8842.32 
14.06 B3 8999.22 8951.34 
14.06 120 13 04 50
14.06 244 0.59
14.065 22 -2.56
14.065 23 1.71
14.065 25 0.00
14.065 30 0.00
14.065 B1 8887.02 8845.81 
14.065 B3 9001.92 8954.90 
14.065 120 13 04 50
14.065 244 0.59
14.07 22 -2.53
14.07 23 1.70
14.07 25 0.00
14.07 30 0.00
14.07 B1 8889.76 8849.31 
14.07 B3 9004.65 8958.46 
14.07 120 13 04 50
14.07 244 0.59
14.075 22 -2.49
14.075 23 1.70
14.075 25 0.00
14.075 30 0.00
14.075 B1 8892.53 8852.81 
14.075 B3 9007.39 8962.02 
14.075 120 13 04 50
14.075 244 0.59
14.08 22 -2.46
14.08 23 1.70
14.08 25 0.00
14.08 30 0.00
14.08 B1 8895.31 8856.31 
14.08 B3 9010.15 8965.58 
14.08 120 13 04 50
14.08 244 0.59
14.085 22 -2.43
14.085 23 1.70
14.085 25 0.00
14.085 30 0.00
14.085 B1 8898.11 8859.82 
14.085 B3 9012.92 8969.14 
14.085 120 13 04 50
14.085 244 0.59
14.09 22 -2.39
14.09 23 1.70
14.09 25 0.00
14.09 30 0.00
14.09 B1 8900.92 8863.32 
14.09 B3 9015.71 8972.71 
14.09 120 13 04 50
14.09 244 0.58
14.095 22 -2.36
14.095 23 1.70
14.095 25 0.00
14.095 30 0.00
14.095 B1 8902.42 8865.50 
14.095 B3 9017.31 8975.07 
14.095 120 13 04 50
14.095 244 0.58
14.1 22 -2.33
14.1 23 1.69
14.1 25 0.00
14.1 30 0.00
14.1 B1 8904.23 8867.98 
14.1 B3 9019.15 8977.66 
14.1 120 13 04 50
14.1 244 0.58
14.105 22 -2.30
14.105 23 1.69
14.105 25 0.00
14.105 30 0.00
14.105 B1 8906.30 8870.71 
14.105 B3 9021.17 8980.42 
14.105 120 13 04 50
14.105 244 0.58
14.11 22 -2.27
14.11 23 1.68
14.11 25 0.00
14.11 30 0.00
14.11 B1 8908.55 8873.60 
14.11 B3 9023.35 8983.32 
14.11 120 13 04 50
14.11 244 0.58
14.115 22 -2.24
14.115 23 1.68
14.115 25 0.00
14.115 30 0.00
14.115 B1 8910.94 8876.63 
14.115 B3 9025.65 8986.33 
14.115 120 13 04 50
14.115 244 0.58
14.12 22 -2.21
14.12 23 1.68
14.12 25 0.00
14.12 30 0.00
14.12 B1 8913.44 8879.75 
14.12 B3 9028.06 8989.43 
14.12 120 13 04 50
14.12 244 0.58
14.125 22 -2.18
14.125 23 1.67
14.125 25 0.00
14.125 30 0.00
14.125 B1 8916.02 8882.94 
14.125 B3 9030.54 8992.60 
14.125 120 13 04 50
14.125 244 0.58
14.13 22 -2.15
14.13 23 1.67
14.13 25 0.00
14.13 30 0.00
14.13 B1 8918.67 8886.18 
14.13 B3 9033.09 8995.82 
14.13 120 13 04 50
14.13 244 0.58
14.135 22 -2.12
14.135 23 1.67
14.135 25 0.00
14.135 30 0.00
14.135 B1 8921.36 8889.46 
14.135 B3 9035.70 8999.08 
14.135 120 13 04 50
14.135 244 0.58
14.14 22 -2.09
14.14 23 1.67
14.14 25 0.00
14.14 30 0.00
14.14 B1 8924.09 8892.76 
14.14 B3 9038.35 9002.38 
14.14 120 13 04 50
14.14 244 0.58
14.145 22 -2.06
14.145 23 1.67
14.145 25 0.00
14.145 30 0.00
14.145 B1 8926.85 8896.08 
14.145 B3 9041.04 9005.70 
14.145 120 13 04 50
14.145 244 0.58
14.15 22 -2.04
14.15 23 1.66
14.15 25 0.00
14.15 30 0.00
14.15 B1 8929.64 8899.42 
14.15 B3 9043.77 9009.04 
14.15 120 13 04 50
14.15 244 0.58
14.155 22 -2.01
14.155 23 1.66
14.155 25 0.00
14.155 30 0.00
14.155 B1 8932.44 8902.76 
14.155 B3 9046.51 9012.39 
14.155 120 13 04 50
14.155 244 0.58
14.16 22 -1.98
14.16 23 1.66
14.16 25 0.00
14.16 30 0.00
14.16 B1 8935.26 8906.10 
14.16 B3 9049.29 9015.76 
14.16 120 13 04 50
14.16 244 0.58
14.165 22 -1.95
14.165 23 1.66
14.165 25 -0.06
14.165 30 0.00
14.165 B1 8938.10 8909.45 
14.165 B3 9052.07 9019.13 
14.165 120 13 04 50
14.165 244 0.58
14.17 22 -1.98
14.17 23 1.66
14.17 25 -0.06
14.17 30 0.00
14.17 B1 8940.89 8912.74 
14.17 B3 9054.88 9022.50 
14.17 120 13 04 50
14.17 244 0.58
14.175 22 -1.95
14.175 23 1.66
14.175 25 -0.06
14.175 30 0.00
14.175 B1 8943.71 8916.03 
14.175 B3 9057.71 9025.87 
14.175 120 13 04 50
14.175 244 0.59
14.18 22 -1.92
14.18 23 1.66
14.18 25 -0.06
14.18 30 0.00
14.18 B1 8947.89 8920.64 
14.18 B3 9061.77 9030.42 
14.18 120 13 04 50
14.18 244 0.58
14.185 22 -1.90
14.185 23 1.66
14.185 25 -0.06
14.185 30 0.00
14.185 B1 8950.46 8923.60 
14.185 B3 9064.42 9033.54 
14.185 120 13 04 50
14.185 244 0.58
14.19 22 -1.87
14.19 23 1.66
14.19 25 -0.20
14.19 30 0.00
14.19 B1 8953.12 8926.63 
14.19 B3 9067.13 9036.69 
14.19 120 13 04 50
14.19 244 0.58
14.195 22 -1.96
14.195 23 1.66
14.195 25 -0.20
14.195 30 0.00
14.195 B1 8955.73 8929.60 
14.195 B3 9069.89 9039.88 
14.195 120 13 04 50
14.195 244 0.58
14.2 22 -1.93
14.2 23 1.65
14.2 25 -0.20
14.2 30 0.00
14.2 B1 8958.47 8932.60 
14.2 B3 9072.73 9043.05 
14.2 120 13 04 50
14.2 244 0.58
14.205 22 -1.91
14.205 23 1.65
14.205 25 -0.20
14.205 30 0.00
14.205 B1 8961.29 8935.62 
14.205 B3 9075.61 9046.21 
14.205 120 13 04 50
14.205 244 0.58
14.21 22 -1.88
14.21 23 1.65
14.21 25 -0.06
14.21 30 0.00
14.21 B1 8964.19 8938.66 
14.21 B3 9078.55 9049.37 
14.21 120 13 04 50
14.21 244 0.58
14.215 22 -1.74
14.215 23 1.65
14.215 25 -0.06
14.215 30 0.00
14.215 B1 8967.25 8941.82 
14.215 B3 9081.52 9052.52 
14.215 120 13 04 50
14.215 244 0.58
14.22 22 -1.72
14.22 23 1.65
14.22 25 -0.06
14.22 30 0.00
14.22 B1 8970.29 8945.01 
14.22 B3 9084.48 9055.69 
14.22 120 13 04 50
14.22 244 0.58
14.225 22 -1.70
14.225 23 1.65
14.225 25 -0.20
14.225 30 0.00
14.225 B1 8973.31 8948.21 
14.225 B3 9087.45 9058.89 
14.225 120 13 04 50
14.225 244 0.58
14.23 22 -1.79
14.23 23 1.65
14.23 25 -0.20
14.23 30 0.00
14.23 B1 8976.19 8951.31 
14.23 B3 9090.41 9062.10 
14.23 120 13 04 50
14.23 244 0.58
14.235 22 -1.77
14.235 23 1.65
14.235 25 -0.20
14.235 30 0.00
14.235 B1 8979.14 8954.40 
14.235 B3 9093.41 9065.30 
14.235 120 13 04 50
14.235 244 0.58
14.24 22 -1.74
14.24 23 1.64
14.24 25 -0.20
14.24 30 0.00
14.24 B1 8982.12 8957.49 
14.24 B3 9096.42 9068.47 
14.24 120 13 04 50
14.24 244 0.58
14.245 22 -1.72
14.245 23 1.64
14.245 25 -0.06
14.245 30 0.00
14.245 B1 8983.81 8959.26 
14.245 B3 9098.27 9070.44 
14.245 120 13 04 50
14.245 244 0.58
14.25 22 -1.58
14.25 23 1.64
14.25 25 -0.06
14.25 30 0.00
14.25 B1 8987.26 8962.76 
14.25 B3 9101.54 9073.82 
14.25 120 13 04 50
14.25 244 0.58
14.255 22 -1.56
14.255 23 1.64
14.255 25 -0.20
14.255 30 0.00
14.255 B1 8990.58 8966.19 
14.255 B3 9104.75 9077.18 
14.255 120 13 04 50
14.255 244 0.58
14.26 22 -1.66
14.26 23 1.64
14.26 25 -0.20
14.26 30 0.00
14.26 B1 8993.71 8969.48 
14.26 B3 9107.91 9080.52 
14.26 120 13 04 50
14.26 244 0.58
14.265 22 -1.64
14.265 23 1.64
14.265 25 -0.20
14.265 30 0.00
14.265 B1 8996.83 8972.71 
14.265 B3 9111.06 9083.82 
14.265 120 13 04 50
14.265 244 0.58
14.27 22 -1.62
14.27 23 1.64
14.27 25 -0.20
14.27 30 0.00
14.27 B1 8999.95 8975.90 
14.27 B3 9114.20 9087.07 
14.27 120 13 04 50
14.27 244 0.58
14.275 22 -1.60
14.275 23 1.64
14.275 25 -0.06
14.275 30 0.00
14.275 B1 9003.06 8979.05 
14.275 B3 9117.33 9090.30 
14.275 120 13 04 50
14.275 244 0.58
14.28 22 -1.46
14.28 23 1.64
14.28 25 -0.06
14.28 30 0.00
14.28 B1 9006.26 8982.29 
14.28 B3 9120.46 9093.51 
14.28 120 13 04 50
14.28 244 0.58
14.285 22 -1.45
14.285 23 1.64
14.285 25 -0.20
14.285 30 0.00
14.285 B1 9009.40 8985.52 
14.285 B3 9123.55 9096.72 
14.285 120 13 04 50
14.285 244 0.58
14.29 22 -1.54
14.29 23 1.64
14.29 25 -0.20
14.29 30 0.00
14.29 B1 9012.39 8988.66 
14.29 B3 9126.62 9099.95 
14.29 120 13 04 50
14.29 244 0.58
14.295 22 -1.52
14.295 23 1.63
14.295 25 -0.06
14.295 30 0.00
14.295 B1 9015.40 8991.77 
14.295 B3 9129.69 9103.15 
14.295 120 13 04 50
14.295 244 0.58
14.3 22 -1.39
14.3 23 1.63
14.3 25 -0.20
14.3 30 0.00
14.3 B1 9018.53 8994.97 
14.3 B3 9132.77 9106.33 
14.3 120 13 04 50
14.3 244 0.58
14.305 22 -1.49
14.305 23 1.63
14.305 25 -0.06
14.305 30 0.00
14.305 B1 9020.20 8996.75 
14.305 B3 9134.62 9108.33 
14.305 120 13 04 50
14.305 244 0.58
14.31 22 -1.36
14.31 23 1.63
14.31 25 -0.06
14.31 30 0.00
14.31 B1 9022.28 8998.93 
14.31 B3 9136.71 9110.54 
14.31 120 13 04 50
14.31 244 0.58
14.315 22 -1.35
14.315 23 1.62
14.315 25 -0.06
14.315 30 0.00
14.315 B1 9024.57 9001.35 
14.315 B3 9138.94 9112.93 
14.315 120 13 04 50
14.315 244 0.58
14.32 22 -1.33
14.32 23 1.62
14.32 25 0.00
14.32 30 0.00
14.32 B1 9027.00 9003.95 
14.32 B3 9141.31 9115.49 
14.32 120 13 04 50
14.32 244 0.58
14.325 22 -1.27
14.325 23 1.62
14.325 25 0.00
14.325 30 0.00
14.325 B1 9029.57 9006.72 
14.325 B3 9143.77 9118.16 
14.325 120 13 04 50
14.325 244 0.58
14.33 22 -1.25
14.33 23 1.61
14.33 25 0.00
14.33 30 0.00
14.33 B1 9032.20 9009.61 
14.33 B3 9146.30 9120.96 
14.33 120 13 04 50
14.33 244 0.58
14.335 22 -1.24
14.335 23 1.61
14.335 25 0.00
14.335 30 0.00
14.335 B1 9034.88 9012.57 
14.335 B3 9148.88 9123.83 
14.335 120 13 04 50
14.335 244 0.58
14.34 22 -1.23
14.34 23 1.61
14.34 25 0.00
14.34 30 0.00
14.34 B1 9037.59 9015.59 
14.34 B3 9151.51 9126.79 
14.34 120 13 04 50
14.34 244 0.58
14.345 22 -1.21
14.345 23 1.61
14.345 25 0.00
14.345 30 0.00
14.345 B1 9040.33 9018.66 
14.345 B3 9154.18 9129.80 
14.345 120 13 04 50
14.345 244 0.57
14.35 22 -1.20
14.35 23 1.61
14.35 25 0.00
14.35 30 0.00
14.35 B1 9041.77 9020.43 
14.35 B3 9155.68 9131.65 
14.35 120 13 04 50
14.35 244 0.57
14.355 22 -1.19
14.355 23 1.60
14.355 25 0.00
14.355 30 0.00
14.355 B1 9043.53 9022.55 
14.355 B3 9157.43 9133.77 
14.355 120 13 04 50
14.355 244 0.58
14.36 22 -1.17
14.36 23 1.59
14.36 25 0.00
14.36 30 0.00
14.36 B1 9046.87 9026.23 
14.36 B3 9160.57 9137.29 
14.36 120 13 04 50
14.36 244 0.57
14.365 22 -1.16
14.365 23 1.59
14.365 25 0.00
14.365 30 0.00
14.365 B1 9048.76 9028.47 
14.365 B3 9162.46 9139.55 
14.365 120 13 04 50
14.365 244 0.57
14.37 22 -1.15
14.37 23 1.59
14.37 25 0.00
14.37 30 0.00
14.37 B1 9050.86 9030.93 
14.37 B3 9164.51 9141.98 
14.37 120 13 04 50
14.37 244 0.57
14.375 22 -1.13
14.375 23 1.58
14.375 25 0.00
14.375 30 0.00
14.375 B1 9053.14 9033.54 
14.375 B3 9166.71 9144.56 
14.375 120 13 04 50
14.375 244 0.57
14.38 22 -1.12
14.38 23 1.58
14.38 25 0.00
14.38 30 0.00
14.38 B1 9055.54 9036.28 
14.38 B3 9169.03 9147.25 
14.38 120 13 04 50
14.38 244 0.57
14.385 22 -1.11
14.385 23 1.58
14.385 25 0.00
14.385 30 0.00
14.385 B1 9058.03 9039.12 
14.385 B3 9171.43 9150.02 
14.385 120 13 04 50
14.385 244 0.57
14.39 22 -1.10
14.39 23 1.57
14.39 25 0.00
14.39 30 0.00
14.39 B1 9060.60 9042.01 
14.39 B3 9173.91 9152.87 
14.39 120 13 04 50
14.39 244 0.57
14.395 22 -1.08
14.395 23 1.57
14.395 25 0.00
14.395 30 0.00
14.395 B1 9063.22 9044.96 
14.395 B3 9176.45 9155.77 
14.395 120 13 04 50
14.395 244 0.57
14.4 22 -1.07
14.4 23 1.57
14.4 25 0.00
14.4 30 0.00
14.4 B1 9065.89 9047.94 
14.4 B3 9179.04 9158.71 
14.4 120 13 04 50
14.4 244 0.57
14.405 22 -1.06
14.405 23 1.57
14.405 25 0.00
14.405 30 0.00
14.405 B1 9067.27 9049.63 
14.405 B3 9180.48 9160.49 
14.405 120 13 04 50
14.405 244 0.57
14.41 22 -1.05
14.41 23 1.56
14.41 25 0.00
14.41 30 0.00
14.41 B1 9068.98 9051.65 
14.41 B3 9182.16 9162.52 
14.41 120 13 04 50
14.41 244 0.57
14.415 22 -1.03
14.415 23 1.56
14.415 25 0.00
14.415 30 0.00
14.415 B1 9070.95 9053.91 
14.415 B3 9184.06 9164.75 
14.415 120 13 04 50
14.415 244 0.57
14.42 22 -1.02
14.42 23 1.55
14.42 25 0.00
14.42 30 0.00
14.42 B1 9073.10 9056.36 
14.42 B3 9186.12 9167.14 
14.42 120 13 04 50
14.42 244 0.57
14.425 22 -1.01
14.425 23 1.55
14.425 25 0.00
14.425 30 0.00
14.425 B1 9075.41 9058.95 
14.425 B3 9188.31 9169.65 
14.425 120 13 04 50
14.425 244 0.57
14.43 22 -1.00
14.43 23 1.54
14.43 25 0.00
14.43 30 0.00
14.43 B1 9077.82 9061.65 
14.43 B3 9190.62 9172.27 
14.43 120 13 04 50
14.43 244 0.57
14.435 22 -0.99
14.435 23 1.54
14.435 25 0.00
14.435 30 0.00
14.435 B1 9080.32 9064.42 
14.435 B3 9193.00 9174.96 
14.435 120 13 04 50
14.435 244 0.57
14.44 22 -0.98
14.44 23 1.54
14.44 25 -0.06
14.44 30 0.00
14.44 B1 9082.89 9067.24 
14.44 B3 9195.47 9177.73 
14.44 120 13 04 50
14.44 244 0.57
14.445 22 -1.01
14.445 23 1.54
14.445 25 -0.06
14.445 30 0.00
14.445 B1 9085.47 9070.09 
14.445 B3 9197.99 9180.54 
14.445 120 13 04 50
14.445 244 0.57
14.45 22 -1.00
14.45 23 1.54
14.45 25 -0.20
14.45 30 0.00
14.45 B1 9088.11 9072.95 
14.45 B3 9200.57 9183.37 
14.45 120 13 04 50
14.45 244 0.57
14.455 22 -1.10
14.455 23 1.53
14.455 25 -0.06
14.455 30 0.00
14.455 B1 9090.73 9075.76 
14.455 B3 9203.20 9186.23 
14.455 120 13 04 50
14.455 244 0.57
14.46 22 -0.97
14.46 23 1.53
14.46 25 -0.06
14.46 30 0.00
14.46 B1 9093.51 9078.64 
14.46 B3 9205.90 9189.08 
14.46 120 13 04 50
14.46 244 0.57
14.465 22 -0.96
14.465 23 1.53
14.465 25 -0.47
14.465 30 0.00
14.465 B1 9096.30 9081.52 
14.465 B3 9208.63 9191.94 
14.465 120 13 04 50
14.465 244 0.57
14.47 22 -1.28
14.47 23 1.53
14.47 25 -0.47
14.47 30 0.00
14.47 B1 9098.85 9084.17 
14.47 B3 9211.38 9194.83 
14.47 120 13 04 50
14.47 244 0.57
14.475 22 -1.26
14.475 23 1.53
14.475 25 -2.12
14.475 30 0.00
14.475 B1 9101.58 9086.77 
14.475 B3 9214.23 9197.63 
14.475 120 13 04 50
14.475 244 0.57
14.48 22 -2.67
14.48 23 1.47
14.48 25 -2.81
14.48 30 0.00
14.48 B1 9101.10 9085.98 
14.48 B3 9215.98 9199.16 
14.48 120 13 04 50
14.48 244 0.57
14.485 22 -3.25
14.485 23 1.42
14.485 25 -5.28
14.485 30 0.00
14.485 B1 9100.66 9084.15 
14.485 B3 9218.39 9200.44 
14.485 120 13 04 50
14.485 244 0.57
14.49 22 -5.46
14.49 23 1.17
14.49 25 -5.28
14.49 30 0.00
14.49 B1 9095.86 9076.70 
14.49 B3 9222.69 9202.52 
14.49 120 13 04 50
14.49 244 0.57
14.495 22 -5.37
14.495 23 1.15
14.495 25 -5.28
14.495 30 0.00
14.495 B1 9094.56 9070.32 
14.495 B3 9227.84 9203.34 
14.495 120 13 04 50
14.495 244 0.57
14.5 22 -5.29
14.5 23 1.14
14.5 25 -6.66
14.5 30 0.00
14.5 B1 9095.86 9064.78 
14.5 B3 9233.66 9203.14 
14.5 120 13 04 50
14.5 244 0.57
14.505 22 -6.38
14.505 23 0.95
14.505 25 -6.66
14.505 30 0.00
14.505 B1 9092.28 9053.01 
14.505 B3 9238.79 9200.95 
14.505 120 13 04 50
14.505 244 0.57
14.51 22 -6.30
14.51 23 0.93
14.51 25 -7.48
14.51 30 0.00
14.51 B1 9092.19 9043.08 
14.51 B3 9244.76 9197.95 
14.51 120 13 04 50
14.51 244 0.57
14.515 22 -6.87
14.515 23 0.80
14.515 25 -8.31
14.515 30 0.00
14.515 B1 9090.94 9030.74 
14.515 B3 9251.39 9194.32 
14.515 120 13 04 50
14.515 244 0.57
14.52 22 -7.39
14.52 23 0.66
14.52 25 -8.72
14.52 30 0.00
14.52 B1 9088.60 9016.02 
14.52 B3 9258.64 9189.98 
14.52 120 13 04 50
14.52 244 0.57
14.525 22 -7.60
14.525 23 0.57
14.525 25 -8.86
14.525 30 0.00
14.525 B1 9087.55 9001.32 
14.525 B3 9266.46 9184.86 
14.525 120 13 04 50
14.525 244 0.56
14.53 22 -7.63
14.53 23 0.53
14.53 25 -8.86
14.53 30 0.00
14.53 B1 9087.64 8986.76 
14.53 B3 9273.56 9177.86 
14.53 120 13 04 50
14.53 244 0.56
14.535 22 -7.59
14.535 23 0.52
14.535 25 -8.86
14.535 30 0.00
14.535 B1 9090.61 8974.37 
14.535 B3 9281.24 9170.52 
14.535 120 13 04 50
14.535 244 0.56
14.54 22 -7.55
14.54 23 0.50
14.54 25 -8.86
14.54 30 0.00
14.54 B1 9095.70 8963.63 
14.54 B3 9289.35 9162.93 
14.54 120 13 04 50
14.54 244 0.56
14.545 22 -7.52
14.545 23 0.50
14.545 25 -9.00
14.545 30 0.00
14.545 B1 9102.31 8954.15 
14.545 B3 9297.77 9155.18 
14.545 120 13 04 50
14.545 244 0.57
14.55 22 -7.59
14.55 23 0.47
14.55 25 -9.00
14.55 30 0.00
14.55 B1 9110.60 8946.21 
14.55 B3 9307.59 9148.54 
14.55 120 13 04 50
14.55 244 0.57
14.555 22 -7.58
14.555 23 0.48
14.555 25 -9.00
14.555 30 0.00
14.555 B1 9119.54 8938.83 
14.555 B3 9317.37 9141.61 
14.555 120 13 04 50
14.555 244 0.57
14.56 22 -7.57
14.56 23 0.48
14.56 25 -9.00
14.56 30 0.00
14.56 B1 9128.91 8931.90 
14.56 B3 9327.05 9134.49 
14.56 120 13 04 50
14.56 244 0.56
14.565 22 -7.57
14.565 23 0.49
14.565 25 -9.00
14.565 30 0.00
14.565 B1 9137.21 8923.99 
14.565 B3 9335.44 9126.06 
14.565 120 13 04 50
14.565 244 0.56
14.57 22 -7.58
14.57 23 0.48
14.57 25 -9.00
14.57 30 0.00
14.57 B1 9145.92 8916.67 
14.57 B3 9343.93 9117.81 
14.57 120 13 04 50
14.57 244 0.56
14.575 22 -7.59
14.575 23 0.49
14.575 25 -9.00
14.575 30 0.00
14.575 B1 9154.88 8909.81 
14.575 B3 9352.46 9109.74 
14.575 120 13 04 50
14.575 244 0.56
14.58 22 -7.61
14.58 23 0.49
14.58 25 -9.00
14.58 30 0.00
14.58 B1 9163.95 8903.29 
14.58 B3 9361.00 9101.87 
14.58 120 13 04 50
14.58 244 0.57
14.585 22 -7.64
14.585 23 0.49
14.585 25 -9.00
14.585 30 0.00
14.585 B1 9174.35 8898.36 
14.585 B3 9370.70 9095.39 
14.585 120 13 04 50
14.585 244 0.57
14.59 22 -7.68
14.59 23 0.50
14.59 25 -9.00
14.59 30 0.00
14.59 B1 9184.40 8893.31 
14.59 B3 9380.13 9088.88 
14.59 120 13 04 50
14.59 244 0.57
14.595 22 -7.72
14.595 23 0.51
14.595 25 -9.00
14.595 30 0.00
14.595 B1 9194.10 8888.19 
14.595 B3 9389.31 9082.37 
14.595 120 13 04 50
14.595 244 0.57
14.6 22 -7.77
14.6 23 0.51
14.6 25 -9.00
14.6 30 0.00
14.6 B1 9203.47 8883.02 
14.6 B3 9398.26 9075.91 
14.6 120 13 04 50
14.6 244 0.56
14.605 22 -7.82
14.605 23 0.52
14.605 25 -9.00
14.605 30 0.00
14.605 B1 9211.21 8876.49 
14.605 B3 9405.79 9068.33 
14.605 120 13 04 50
14.605 244 0.57
14.61 22 -7.88
14.61 23 0.52
14.61 25 -9.00
14.61 30 0.00
14.61 B1 9220.24 8871.58 
14.61 B3 9414.51 9062.27 
14.61 120 13 04 50
14.61 244 0.56
14.615 22 -7.95
14.615 23 0.52
14.615 25 -9.00
14.615 30 0.00
14.615 B1 9227.58 8865.26 
14.615 B3 9421.79 9055.06 
14.615 120 13 04 50
14.615 244 0.56
14.62 22 -8.02
14.62 23 0.52
14.62 25 -9.00
14.62 30 0.00
14.62 B1 9234.87 8859.19 
14.62 B3 9429.06 9048.17 
14.62 120 13 04 50
14.62 244 0.57
14.625 22 -8.09
14.625 23 0.52
14.625 25 -9.00
14.625 30 0.00
14.625 B1 9243.38 8854.64 
14.625 B3 9437.46 9042.74 
14.625 120 13 04 50
14.625 244 0.56
14.63 22 -8.17
14.63 23 0.52
14.63 25 -9.00
14.63 30 0.00
14.63 B1 9250.12 8848.59 
14.63 B3 9444.40 9036.14 
14.63 120 13 04 50
14.63 244 0.56
14.635 22 -8.26
14.635 23 0.52
14.635 25 -9.00
14.635 30 0.00
14.635 B1 9256.77 8842.73 
14.635 B3 9451.29 9029.79 
14.635 120 13 04 50
14.635 244 0.56
14.64 22 -8.35
14.64 23 0.52
14.64 25 -9.00
14.64 30 0.00
14.64 B1 9263.27 8837.01 
14.64 B3 9458.11 9023.68 
14.64 120 13 04 50
14.64 244 0.57
14.645 22 -8.44
14.645 23 0.52
14.645 25 -9.00
14.645 30 0.00
14.645 B1 9270.93 8832.71 
14.645 B3 9466.05 9018.98 
14.645 120 13 04 50
14.645 244 0.57
14.65 22 -8.54
14.65 23 0.52
14.65 25 -9.00
14.65 30 0.00
14.65 B1 9278.11 8828.16 
14.65 B3 9473.68 9014.23 
14.65 120 13 04 50
14.65 244 0.56
14.655 22 -8.65
14.655 23 0.53
14.655 25 -9.00
14.655 30 0.00
14.655 B1 9283.54 8822.11 
14.655 B3 9479.83 9008.27 
14.655 120 13 04 50
14.655 244 0.56
14.66 22 -8.75
14.66 23 0.52
14.66 25 -9.00
14.66 30 0.00
14.66 B1 9288.89 8816.24 
14.66 B3 9485.94 9002.55 
14.66 120 13 04 50
14.66 244 0.56
14.665 22 -8.86
14.665 23 0.52
14.665 25 -9.00
14.665 30 0.00
14.665 B1 9294.11 8810.49 
14.665 B3 9491.97 8997.02 
14.665 120 13 04 50
14.665 244 0.56
14.67 22 -8.98
14.67 23 0.52
14.67 25 -9.00
14.67 30 0.00
14.67 B1 9299.19 8804.84 
14.67 B3 9497.92 8991.66 
14.67 120 13 04 50
14.67 244 0.56
14.675 22 -9.09
14.675 23 0.51
14.675 25 -9.00
14.675 30 0.00
14.675 B1 9304.09 8799.25 
14.675 B3 9503.77 8986.45 
14.675 120 13 04 50
14.675 244 0.57
14.68 22 -9.21
14.68 23 0.51
14.68 25 -9.00
14.68 30 0.00
14.68 B1 9310.14 8795.03 
14.68 B3 9510.72 8982.57 
14.68 120 13 04 50
14.68 244 0.57
14.685 22 -9.33
14.685 23 0.51
14.685 25 -9.00
14.685 30 0.00
14.685 B1 9315.69 8790.49 
14.685 B3 9517.33 8978.57 
14.685 120 13 04 50
14.685 244 0.57
14.69 22 -9.46
14.69 23 0.52
14.69 25 -9.00
14.69 30 0.00
14.69 B1 9320.82 8785.73 
14.69 B3 9523.66 8974.48 
14.69 120 13 04 50
14.69 244 0.56
14.695 22 -9.58
14.695 23 0.52
14.695 25 -9.00
14.695 30 0.00
14.695 B1 9324.26 8779.47 
14.695 B3 9528.53 8969.13 
14.695 120 13 04 50
14.695 244 0.57
14.7 22 -9.71
14.7 23 0.51
14.7 25 -9.00
14.7 30 0.00
14.7 B1 9328.96 8774.70 
14.7 B3 9534.55 8965.17 
14.7 120 13 04 50
14.7 244 0.57
14.705 22 -9.84
14.705 23 0.51
14.705 25 -9.00
14.705 30 0.00
14.705 B1 9333.28 8769.75 
14.705 B3 9540.31 8961.13 
14.705 120 13 04 50
14.705 244 0.56
14.71 22 -9.97
14.71 23 0.51
14.71 25 -9.00
14.71 30 0.00
14.71 B1 9335.94 8763.31 
14.71 B3 9544.62 8955.84 
14.71 120 13 04 50
14.71 244 0.56
14.715 22 -10.10
14.715 23 0.51
14.715 25 -9.00
14.715 30 0.00
14.715 B1 9338.59 8757.08 
14.715 B3 9548.91 8950.73 
14.715 120 13 04 50
14.715 244 0.56
14.72 22 -10.23
14.72 23 0.50
14.72 25 -9.00
14.72 30 0.00
14.72 B1 9341.17 8750.99 
14.72 B3 9553.16 8945.78 
14.72 120 13 04 50
14.72 244 0.56
14.725 22 -10.36
14.725 23 0.49
14.725 25 -9.00
14.725 30 0.00
14.725 B1 9343.66 8744.99 
14.725 B3 9557.33 8940.96 
14.725 120 13 04 50
14.725 244 0.56
14.73 22 -10.49
14.73 23 0.49
14.73 25 -9.00
14.73 30 0.00
14.73 B1 9346.03 8739.06 
14.73 B3 9561.42 8936.23 
14.73 120 13 04 50
14.73 244 0.56
14.735 22 -10.63
14.735 23 0.49
14.735 25 -9.00
14.735 30 0.00
14.735 B1 9348.25 8733.17 
14.735 B3 9565.42 8931.59 
14.735 120 13 04 50
14.735 244 0.56
14.74 22 -10.76
14.74 23 0.48
14.74 25 -9.00
14.74 30 0.00
14.74 B1 9350.31 8727.29 
14.74 B3 9569.31 8927.01 
14.74 120 13 04 50
14.74 244 0.56
14.745 22 -10.89
14.745 23 0.48
14.745 25 -9.00
14.745 30 0.00
14.745 B1 9352.21 8721.41 
14.745 B3 9573.08 8922.48 
14.745 120 13 04 50
14.745 244 0.56
14.75 22 -11.03
14.75 23 0.47
14.75 25 -9.00
14.75 30 0.00
14.75 B1 9353.93 8715.53 
14.75 B3 9576.72 8917.99 
14.75 120 13 04 50
14.75 244 0.56
14.755 22 -11.16
14.755 23 0.47
14.755 25 -9.00
14.755 30 0.00
14.755 B1 9355.48 8709.63 
14.755 B3 9580.23 8913.54 
14.755 120 13 04 50
14.755 244 0.56
14.76 22 -11.29
14.76 23 0.47
14.76 25 -9.00
14.76 30 0.00
14.76 B1 9356.84 8703.71 
14.76 B3 9583.61 8909.10 
14.76 120 13 04 50
14.76 244 0.56
14.765 22 -11.42
14.765 23 0.46
14.765 25 -9.00
14.765 30 0.00
14.765 B1 9358.02 8697.77 
14.765 B3 9586.84 8904.69 
14.765 120 13 04 50
14.765 244 0.56
14.77 22 -11.55
14.77 23 0.46
14.77 25 -9.00
14.77 30 0.00
14.77 B1 9359.01 8691.80 
14.77 B3 9589.92 8900.28 
14.77 120 13 04 50
14.77 244 0.56
14.775 22 -11.68
14.775 23 0.46
14.775 25 -9.00
14.775 30 0.00
14.775 B1 9359.80 8685.79 
14.775 B3 9592.86 8895.88 
14.775 120 13 04 50
14.775 244 0.56
14.78 22 -11.80
14.78 23 0.46
14.78 25 -9.00
14.78 30 0.00
14.78 B1 9359.08 8678.43 
14.78 B3 9594.45 8890.29 
14.78 120 13 04 50
14.78 244 0.56
14.785 22 -11.93
14.785 23 0.45
14.785 25 -9.00
14.785 30 0.00
14.785 B1 9358.47 8671.37 
14.785 B3 9596.09 8884.93 
14.785 120 13 04 50
14.785 244 0.56
14.79 22 -12.05
14.79 23 0.44
14.79 25 -8.86
14.79 30 0.00
14.79 B1 9357.88 8664.53 
14.79 B3 9597.74 8879.76 
14.79 120 13 04 50
14.79 244 0.56
14.795 22 -12.10
14.795 23 0.45
14.795 25 -8.86
14.795 30 0.00
14.795 B1 9358.10 8658.69 
14.795 B3 9599.37 8874.73 
14.795 120 13 04 50
14.795 244 0.56
14.8 22 -12.23
14.8 23 0.45
14.8 25 -8.86
14.8 30 0.00
14.8 B1 9358.06 8652.77 
14.8 B3 9600.94 8869.84 
14.8 120 13 04 50
14.8 244 0.56
14.805 22 -12.35
14.805 23 0.45
14.805 25 -8.86
14.805 30 0.00
14.805 B1 9357.79 8646.78 
14.805 B3 9602.43 8865.07 
14.805 120 13 04 50
14.805 244 0.56
14.81 22 -12.47
14.81 23 0.44
14.81 25 -6.11
14.81 30 0.00
14.81 B1 9357.29 8640.73 
14.81 B3 9603.82 8860.37 
14.81 120 13 04 50
14.81 244 0.56
14.815 22 -10.83
14.815 23 0.82
14.815 25 -6.11
14.815 30 0.00
14.815 B1 9369.59 8648.59 
14.815 B3 9603.92 8854.54 
14.815 120 13 04 50
14.815 244 0.56
14.82 22 -11.00
14.82 23 0.84
14.82 25 -6.11
14.82 30 0.00
14.82 B1 9378.42 8653.70 
14.82 B3 9603.77 8849.68 
14.82 120 13 04 50
14.82 244 0.56
14.825 22 -11.17
14.825 23 0.85
14.825 25 -4.06
14.825 30 0.00
14.825 B1 9384.56 8656.74 
14.825 B3 9603.42 8845.59 
14.825 120 13 04 50
14.825 244 0.55
14.83 22 -9.61
14.83 23 1.10
14.83 25 -4.06
14.83 30 0.00
14.83 B1 9395.33 8665.55 
14.83 B3 9601.71 8840.89 
14.83 120 13 04 50
14.83 244 0.55
14.835 22 -9.81
14.835 23 1.12
14.835 25 -2.69
14.835 30 0.00
14.835 B1 9402.59 8672.13 
14.835 B3 9599.68 8837.52 
14.835 120 13 04 50
14.835 244 0.55
14.84 22 -8.76
14.84 23 1.25
14.84 25 -0.50
14.84 30 0.00
14.84 B1 9411.28 8681.51 
14.84 B3 9597.40 8835.17 
14.84 120 13 04 50
14.84 244 0.56
14.845 22 -6.99
14.845 23 1.36
14.845 25 0.00
14.845 30 0.00
14.845 B1 9422.43 8695.21 
14.845 B3 9595.85 8835.22 
14.845 120 13 04 50
14.845 244 0.55
14.85 22 -6.78
14.85 23 1.40
14.85 25 0.00
14.85 30 0.00
14.85 B1 9427.44 8705.06 
14.85 B3 9590.82 8834.21 
14.85 120 13 04 50
14.85 244 0.55
14.855 22 -7.01
14.855 23 1.42
14.855 25 0.00
14.855 30 0.00
14.855 B1 9429.60 8714.11 
14.855 B3 9585.25 8834.83 
14.855 120 13 04 50
14.855 244 0.55
14.86 22 -7.23
14.86 23 1.43
14.86 25 0.00
14.86 30 0.00
14.86 B1 9429.60 8722.51 
14.86 B3 9579.24 8836.70 
14.86 120 13 04 50
14.86 244 0.54
14.865 22 -7.44
14.865 23 1.44
14.865 25 0.00
14.865 30 0.00
14.865 B1 9426.62 8729.04 
14.865 B3 9571.73 8838.33 
14.865 120 13 04 50
14.865 244 0.54
14.87 22 -7.64
14.87 23 1.44
14.87 25 0.00
14.87 30 0.00
14.87 B1 9422.69 8735.45 
14.87 B3 9564.21 8840.91 
14.87 120 13 04 50
14.87 244 0.54
14.875 22 -7.83
14.875 23 1.44
14.875 25 0.00
14.875 30 0.00
14.875 B1 9416.73 8740.38 
14.875 B3 9555.52 8843.00 
14.875 120 13 04 50
14.875 244 0.54
14.88 22 -8.02
14.88 23 1.43
14.88 25 0.00
14.88 30 0.00
14.88 B1 9410.56 8745.48 
14.88 B3 9547.09 8845.85 
14.88 120 13 04 50
14.88 244 0.54
14.885 22 -8.19
14.885 23 1.43
14.885 25 0.00
14.885 30 0.00
14.885 B1 9404.26 8750.64 
14.885 B3 9538.92 8849.25 
14.885 120 13 04 50
14.885 244 0.53
14.89 22 -8.35
14.89 23 1.43
14.89 25 0.00
14.89 30 0.00
14.89 B1 9395.27 8753.17 
14.89 B3 9528.61 8850.67 
14.89 120 13 04 50
14.89 244 0.53
14.895 22 -8.51
14.895 23 1.41
14.895 25 0.00
14.895 30 0.00
14.895 B1 9386.86 8756.30 
14.895 B3 9518.96 8852.84 
14.895 120 13 04 50
14.895 244 0.53
14.9 22 -8.66
14.9 23 1.40
14.9 25 0.00
14.9 30 0.00
14.9 B1 9377.63 8758.52 
14.9 B3 9508.69 8854.36 
14.9 120 13 04 50
14.9 244 0.52
14.905 22 -8.80
14.905 23 1.39
14.905 25 0.00
14.905 30 0.00
14.905 B1 9367.80 8760.01 
14.905 B3 9497.95 8855.33 
14.905 120 13 04 50
14.905 244 0.52
14.91 22 -8.93
14.91 23 1.37
14.91 25 0.00
14.91 30 0.00
14.91 B1 9358.86 8762.22 
14.91 B3 9488.05 8857.01 
14.91 120 13 04 50
14.91 244 0.51
14.915 22 -9.06
14.915 23 1.35
14.915 25 0.00
14.915 30 0.00
14.915 B1 9346.69 8760.97 
14.915 B3 9475.28 8855.62 
14.915 120 13 04 50
14.915 244 0.51
14.92 22 -9.18
14.92 23 1.33
14.92 25 0.00
14.92 30 0.00
14.92 B1 9336.00 8761.03 
14.92 B3 9463.76 8855.32 
14.92 120 13 04 50
14.92 244 0.51
14.925 22 -9.29
14.925 23 1.30
14.925 25 0.00
14.925 30 0.00
14.925 B1 9326.49 8762.04 
14.925 B3 9453.31 8855.86 
14.925 120 13 04 50
14.925 244 0.51
14.93 22 -9.39
14.93 23 1.29
14.93 25 0.00
14.93 30 0.00
14.93 B1 9317.94 8763.72 
14.93 B3 9443.75 8857.03 
14.93 120 13 04 50
14.93 244 0.51
14.935 22 -9.49
14.935 23 1.27
14.935 25 0.00
14.935 30 0.00
14.935 B1 9310.15 8765.88 
14.935 B3 9434.97 8858.68 
14.935 120 13 04 50
14.935 244 0.50
14.94 22 -9.58
14.94 23 1.26
14.94 25 0.00
14.94 30 0.00
14.94 B1 9299.03 8764.40 
14.94 B3 9423.25 8857.11 
14.94 120 13 04 50
14.94 244 0.50
14.945 22 -9.67
14.945 23 1.24
14.945 25 0.00
14.945 30 0.00
14.945 B1 9287.99 8762.79 
14.945 B3 9411.54 8855.30 
14.945 120 13 04 50
14.945 244 0.50
14.95 22 -9.74
14.95 23 1.21
14.95 25 0.00
14.95 30 0.00
14.95 B1 9278.35 8762.37 
14.95 B3 9401.05 8854.47 
14.95 120 13 04 50
14.95 244 0.49
14.955 22 -9.82
14.955 23 1.19
14.955 25 0.00
14.955 30 0.00
14.955 B1 9267.20 8760.19 
14.955 B3 9389.19 8852.02 
14.955 120 13 04 50
14.955 244 0.49
14.96 22 -9.88
14.96 23 1.16
14.96 25 0.00
14.96 30 0.00
14.96 B1 9257.53 8759.28 
14.96 B3 9378.62 8850.62 
14.96 120 13 04 50
14.96 244 0.49
14.965 22 -9.95
14.965 23 1.14
14.965 25 0.00
14.965 30 0.00
14.965 B1 9249.02 8759.31 
14.965 B3 9369.11 8850.05 
14.965 120 13 04 50
14.965 244 0.49
14.97 22 -10.00
14.97 23 1.12
14.97 25 0.00
14.97 30 0.00
14.97 B1 9241.44 8760.03 
14.97 B3 9360.52 8850.13 
14.97 120 13 04 50
14.97 244 0.49
14.975 22 -10.06
14.975 23 1.11
14.975 25 0.00
14.975 30 0.00
14.975 B1 9234.61 8761.24 
14.975 B3 9352.68 8850.71 
14.975 120 13 04 50
14.975 244 0.49
14.98 22 -10.10
14.98 23 1.09
14.98 25 0.00
14.98 30 0.00
14.98 B1 9228.36 8762.82 
14.98 B3 9345.49 8851.69 
14.98 120 13 04 50
14.98 244 0.49
14.985 22 -10.15
14.985 23 1.09
14.985 25 0.00
14.985 30 0.00
14.985 B1 9222.60 8764.65 
14.985 B3 9338.83 8852.97 
14.985 120 13 04 50
14.985 244 0.48
14.99 22 -10.18
14.99 23 1.08
14.99 25 0.00
14.99 30 0.00
14.99 B1 9215.91 8765.35 
14.99 B3 9331.45 8853.28 
14.99 120 13 04 50
14.99 244 0.48
14.995 22 -10.22
14.995 23 1.07
14.995 25 0.00
14.995 30 0.00
14.995 B1 9208.52 8765.18 
14.995 B3 9323.49 8852.82 
14.995 120 13 04 50
14.995 244 0.48
15 22 -10.25
15 23 1.05
15 25 0.00
15 30 0.00
15 B1 9201.94 8765.67 
15 B3 9316.25 8852.92 
15 120 13 04 50
15 244 0.48
15.005 22 -10.27
15.005 23 1.04
15.005 25 0.00
15.005 30 0.00
15.005 B1 9197.30 8767.97 
15.005 B3 9310.82 8854.66 
15.005 120 13 04 50
15.005 244 0.48
15.01 22 -10.29
15.01 23 1.03
15.01 25 0.00
15.01 30 0.00
15.01 B1 9192.88 8770.30 
15.01 B3 9305.69 8856.52 
15.01 120 13 04 50
15.01 244 0.48
15.015 22 -10.31
15.015 23 1.03
15.015 25 0.00
15.015 30 0.00
15.015 B1 9188.64 8772.65 
15.015 B3 9300.83 8858.47 
15.015 120 13 04 50
15.015 244 0.48
15.02 22 -10.32
15.02 23 1.03
15.02 25 0.00
15.02 30 0.00
15.02 B1 9183.24 8773.69 
15.02 B3 9295.01 8859.29 
15.02 120 13 04 50
15.02 244 0.48
15.025 22 -10.33
15.025 23 1.02
15.025 25 0.00
15.025 30 0.00
15.025 B1 9179.60 8776.39 
15.025 B3 9290.80 8861.60 
15.025 120 13 04 50
15.025 244 0.48
15.03 22 -10.34
15.03 23 1.02
15.03 25 0.00
15.03 30 0.00
15.03 B1 9176.01 8779.02 
15.03 B3 9286.73 8863.91 
15.03 120 13 04 50
15.03 244 0.48
15.035 22 -10.34
15.035 23 1.02
15.035 25 0.00
15.035 30 0.00
15.035 B1 9172.49 8781.58 
15.035 B3 9282.79 8866.22 
15.035 120 13 04 50
15.035 244 0.48
15.04 22 -10.34
15.04 23 1.02
15.04 25 0.00
15.04 30 0.00
15.04 B1 9169.03 8784.11 
15.04 B3 9278.97 8868.54 
15.04 120 13 04 50
15.04 244 0.48
15.045 22 -10.34
15.045 23 1.02
15.045 25 0.00
15.045 30 0.00
15.045 B1 9165.64 8786.61 
15.045 B3 9275.27 8870.86 
15.045 120 13 04 50
15.045 244 0.48
15.05 22 -10.33
15.05 23 1.01
15.05 25 0.00
15.05 30 0.00
15.05 B1 9162.31 8789.08 
15.05 B3 9271.66 8873.19 
15.05 120 13 04 50
15.05 244 0.48
15.055 22 -10.32
15.055 23 1.01
15.055 25 0.00
15.055 30 0.00
15.055 B1 9159.06 8791.55 
15.055 B3 9268.16 8875.53 
15.055 120 13 04 50
15.055 244 0.48
15.06 22 -10.31
15.06 23 1.01
15.06 25 0.00
15.06 30 0.00
15.06 B1 9155.87 8794.00 
15.06 B3 9264.74 8877.87 
15.06 120 13 04 50
15.06 244 0.49
15.065 22 -10.29
15.065 23 1.01
15.065 25 0.00
15.065 30 0.00
15.065 B1 9154.08 8797.78 
15.065 B3 9262.61 8881.43 
15.065 120 13 04 50
15.065 244 0.48
15.07 22 -10.28
15.07 23 1.02
15.07 25 0.00
15.07 30 0.00
15.07 B1 9150.73 8799.91 
15.07 B3 9259.15 8883.57 
15.07 120 13 04 50
15.07 244 0.48
15.075 22 -10.25
15.075 23 1.01
15.075 25 0.00
15.075 30 0.00
15.075 B1 9147.52 8802.12 
15.075 B3 9255.81 8885.77 
15.075 120 13 04 50
15.075 244 0.49
15.08 22 -10.23
15.08 23 1.01
15.08 25 0.00
15.08 30 0.00
15.08 B1 9145.75 8805.72 
15.08 B3 9253.78 8889.22 
15.08 120 13 04 50
15.08 244 0.49
15.085 22 -10.20
15.085 23 1.02
15.085 25 0.00
15.085 30 0.00
15.085 B1 9143.79 8809.06 
15.085 B3 9251.63 8892.48 
15.085 120 13 04 50
15.085 244 0.48
15.09 22 -10.17
15.09 23 1.02
15.09 25 0.00
15.09 30 0.00
15.09 B1 9140.38 8810.87 
15.09 B3 9248.20 8894.40 
15.09 120 13 04 50
15.09 244 0.48
15.095 22 -10.14
15.095 23 1.01
15.095 25 0.00
15.095 30 0.00
15.095 B1 9137.17 8812.86 
15.095 B3 9244.93 8896.45 
15.095 120 13 04 50
15.095 244 0.48
15.1 22 -10.11
15.1 23 1.01
15.1 25 0.00
15.1 30 0.00
15.1 B1 9134.15 8814.99 
15.1 B3 9241.80 8898.59 
15.1 120 13 04 50
15.1 244 0.49
15.105 22 -10.07
15.105 23 1.01
15.105 25 0.00
15.105 30 0.00
15.105 B1 9132.59 8818.54 
15.105 B3 9239.99 8902.02 
15.105 120 13 04 50
15.105 244 0.49
15.11 22 -10.04
15.11 23 1.01
15.11 25 0.00
15.11 30 0.00
15.11 B1 9130.87 8821.86 
15.11 B3 9238.08 8905.28 
15.11 120 13 04 50
15.11 244 0.49
15.115 22 -10.00
15.115 23 1.01
15.115 25 0.00
15.115 30 0.00
15.115 B1 9130.35 8826.31 
15.115 B3 9237.29 8909.61 
15.115 120 13 04 50
15.115 244 0.49
15.12 22 -9.95
15.12 23 1.02
15.12 25 0.00
15.12 30 0.00
15.12 B1 9129.45 8830.31 
15.12 B3 9236.24 8913.61 
15.12 120 13 04 50
15.12 244 0.49
15.125 22 -9.91
15.125 23 1.03
15.125 25 0.00
15.125 30 0.00
15.125 B1 9126.96 8832.65 
15.125 B3 9233.80 8916.15 
15.125 120 13 04 50
15.125 244 0.49
15.13 22 -9.86
15.13 23 1.02
15.13 25 0.00
15.13 30 0.00
15.13 B1 9125.90 8836.40 
15.13 B3 9232.62 8919.93 
15.13 120 13 04 50
15.13 244 0.49
15.135 22 -9.81
15.135 23 1.03
15.135 25 0.00
15.135 30 0.00
15.135 B1 9124.64 8839.87 
15.135 B3 9231.27 8923.49 
15.135 120 13 04 50
15.135 244 0.49
15.14 22 -9.76
15.14 23 1.03
15.14 25 0.00
15.14 30 0.00
15.14 B1 9123.22 8843.15 
15.14 B3 9229.82 8926.89 
15.14 120 13 04 50
15.14 244 0.49
15.145 22 -9.71
15.145 23 1.03
15.145 25 0.00
15.145 30 0.00
15.145 B1 9121.72 8846.29 
15.145 B3 9228.28 8930.17 
15.145 120 13 04 50
15.145 244 0.49
15.15 22 -9.66
15.15 23 1.03
15.15 25 0.00
15.15 30 0.00
15.15 B1 9120.15 8849.32 
15.15 B3 9226.69 8933.35 
15.15 120 13 04 50
15.15 244 0.49
15.155 22 -9.60
15.155 23 1.04
15.155 25 0.00
15.155 30 0.00
15.155 B1 9118.55 8852.28 
15.155 B3 9225.07 8936.45 
15.155 120 13 04 50
15.155 244 0.49
15.16 22 -9.55
15.16 23 1.04
15.16 25 0.00
15.16 30 0.00
15.16 B1 9116.94 8855.18 
15.16 B3 9223.42 8939.50 
15.16 120 13 04 50
15.16 244 0.49
15.165 22 -9.49
15.165 23 1.04
15.165 25 0.00
15.165 30 0.00
15.165 B1 9115.34 8858.04 
15.165 B3 9221.77 8942.49 
15.165 120 13 04 50
15.165 244 0.49
15.17 22 -9.43
15.17 23 1.04
15.17 25 0.00
15.17 30 0.00
15.17 B1 9113.76 8860.87 
15.17 B3 9220.13 8945.46 
15.17 120 13 04 50
15.17 244 0.49
15.175 22 -9.37
15.175 23 1.03
15.175 25 0.00
15.175 30 0.00
15.175 B1 9112.20 8863.68 
15.175 B3 9218.51 8948.40 
15.175 120 13 04 50
15.175 244 0.49
15.18 22 -9.30
15.18 23 1.03
15.18 25 0.00
15.18 30 0.00
15.18 B1 9110.67 8866.47 
15.18 B3 9216.90 8951.31 
15.18 120 13 04 50
15.18 244 0.49
15.185 22 -9.24
15.185 23 1.03
15.185 25 0.00
15.185 30 0.00
15.185 B1 9109.19 8869.25 
15.185 B3 9215.33 8954.21 
15.185 120 13 04 50
15.185 244 0.49
15.19 22 -9.18
15.19 23 1.03
15.19 25 0.00
15.19 30 0.00
15.19 B1 9107.74 8872.02 
15.19 B3 9213.80 8957.10 
15.19 120 13 04 50
15.19 244 0.49
15.195 22 -9.11
15.195 23 1.03
15.195 25 0.00
15.195 30 0.00
15.195 B1 9106.35 8874.80 
15.195 B3 9212.30 8959.98 
15.195 120 13 04 50
15.195 244 0.49
15.2 22 -9.04
15.2 23 1.03
15.2 25 0.00
15.2 30 0.00
15.2 B1 9105.00 8877.56 
15.2 B3 9210.85 8962.85 
15.2 120 13 04 50
15.2 244 0.50
15.205 22 -8.97
15.205 23 1.03
15.205 25 0.00
15.205 30 0.00
15.205 B1 9105.03 8881.64 
15.205 B3 9210.64 8966.91 
15.205 120 13 04 50
15.205 244 0.49
15.21 22 -8.91
15.21 23 1.03
15.21 25 0.00
15.21 30 0.00
15.21 B1 9103.48 8884.08 
15.21 B3 9209.06 8969.54 
15.21 120 13 04 50
15.21 244 0.49
15.215 22 -8.84
15.215 23 1.03
15.215 25 0.00
15.215 30 0.00
15.215 B1 9102.06 8886.59 
15.215 B3 9207.57 8972.21 
15.215 120 13 04 50
15.215 244 0.49
15.22 22 -8.76
15.22 23 1.03
15.22 25 0.00
15.22 30 0.00
15.22 B1 9100.74 8889.16 
15.22 B3 9206.16 8974.92 
15.22 120 13 04 50
15.22 244 0.49
15.225 22 -8.69
15.225 23 1.03
15.225 25 0.00
15.225 30 0.00
15.225 B1 9099.52 8891.78 
15.225 B3 9204.83 8977.65 
15.225 120 13 04 50
15.225 244 0.49
15.23 22 -8.62
15.23 23 1.03
15.23 25 0.00
15.23 30 0.00
15.23 B1 9098.38 8894.43 
15.23 B3 9203.58 8980.40 
15.23 120 13 04 50
15.23 244 0.49
15.235 22 -8.55
15.235 23 1.03
15.235 25 0.00
15.235 30 0.00
15.235 B1 9097.32 8897.09 
15.235 B3 9202.38 8983.17 
15.235 120 13 04 50
15.235 244 0.49
15.24 22 -8.47
15.24 23 1.02
15.24 25 0.00
15.24 30 0.00
15.24 B1 9096.33 8899.77 
15.24 B3 9201.26 8985.95 
15.24 120 13 04 50
15.24 244 0.49
15.245 22 -8.40
15.245 23 1.02
15.245 25 0.00
15.245 30 0.00
15.245 B1 9095.40 8902.47 
15.245 B3 9200.20 8988.73 
15.245 120 13 04 50
15.245 244 0.49
15.25 22 -8.32
15.25 23 1.02
15.25 25 0.00
15.25 30 0.00
15.25 B1 9094.54 8905.16 
15.25 B3 9199.20 8991.52 
15.25 120 13 04 50
15.25 244 0.49
15.255 22 -8.25
15.255 23 1.02
15.255 25 0.00
15.255 30 0.00
15.255 B1 9093.74 8907.87 
15.255 B3 9198.26 8994.31 
15.255 120 13 04 50
15.255 244 0.49
15.26 22 -8.17
15.26 23 1.02
15.26 25 0.00
15.26 30 0.00
15.26 B1 9093.00 8910.57 
15.26 B3 9197.38 8997.10 
15.26 120 13 04 50
15.26 244 0.49
15.265 22 -8.09
15.265 23 1.02
15.265 25 0.00
15.265 30 0.00
15.265 B1 9092.31 8913.27 
15.265 B3 9196.55 8999.89 
15.265 120 13 04 50
15.265 244 0.49
15.27 22 -8.02
15.27 23 1.02
15.27 25 0.00
15.27 30 0.00
15.27 B1 9091.67 8915.97 
15.27 B3 9195.77 9002.68 
15.27 120 13 04 50
15.27 244 0.49
15.275 22 -7.94
15.275 23 1.02
15.275 25 0.00
15.275 30 0.00
15.275 B1 9091.08 8918.66 
15.275 B3 9195.05 9005.46 
15.275 120 13 04 50
15.275 244 0.49
15.28 22 -7.86
15.28 23 1.01
15.28 25 0.00
15.28 30 0.00
15.28 B1 9090.55 8921.35 
15.28 B3 9194.38 9008.24 
15.28 120 13 04 50
15.28 244 0.49
15.285 22 -7.78
15.285 23 1.01
15.285 25 0.35
15.285 30 0.00
15.285 B1 9090.06 8924.04 
15.285 B3 9193.77 9011.02 
15.285 120 13 04 50
15.285 244 0.49
15.29 22 -7.38
15.29 23 1.02
15.29 25 0.35
15.29 30 0.00
15.29 B1 9089.26 8926.40 
15.29 B3 9192.00 9012.59 
15.29 120 13 04 50
15.29 244 0.49
15.295 22 -7.31
15.295 23 1.02
15.295 25 0.35
15.295 30 0.00
15.295 B1 9088.48 8928.94 
15.295 B3 9190.42 9014.48 
15.295 120 13 04 50
15.295 244 0.49
15.3 22 -7.23
15.3 23 1.01
15.3 25 0.35
15.3 30 0.00
15.3 B1 9087.73 8931.61 
15.3 B3 9188.99 9016.63 
15.3 120 13 04 50
15.3 244 0.49
15.305 22 -7.16
15.305 23 1.01
15.305 25 0.47
15.305 30 0.00
15.305 B1 9087.02 8934.38 
15.305 B3 9187.71 9018.97 
15.305 120 13 04 50
15.305 244 0.49
15.31 22 -6.98
15.31 23 1.01
15.31 25 0.47
15.31 30 0.00
15.31 B1 9086.63 8937.50 
15.31 B3 9186.54 9021.48 
15.31 120 13 04 50
15.31 244 0.49
15.315 22 -6.91
15.315 23 1.01
15.315 25 1.38
15.315 30 0.00
15.315 B1 9086.17 8940.64 
15.315 B3 9185.46 9024.13 
15.315 120 13 04 50
15.315 244 0.49
15.32 22 -6.00
15.32 23 1.01
15.32 25 1.38
15.32 30 0.00
15.32 B1 9087.63 8945.80 
15.32 B3 9184.46 9026.91 
15.32 120 13 04 50
15.32 244 0.49
15.325 22 -5.94
15.325 23 1.02
15.325 25 1.38
15.325 30 0.00
15.325 B1 9088.36 8950.76 
15.325 B3 9183.31 9030.02 
15.325 120 13 04 50
15.325 244 0.49
15.33 22 -5.88
15.33 23 1.02
15.33 25 1.38
15.33 30 0.00
15.33 B1 9088.56 8955.55 
15.33 B3 9182.06 9033.39 
15.33 120 13 04 50
15.33 244 0.49
15.335 22 -5.82
15.335 23 1.02
15.335 25 1.38
15.335 30 0.00
15.335 B1 9088.36 8960.21 
15.335 B3 9180.74 9036.96 
15.335 120 13 04 50
15.335 244 0.49
15.34 22 -5.75
15.34 23 1.02
15.34 25 1.38
15.34 30 0.00
15.34 B1 9087.88 8964.75 
15.34 B3 9179.39 9040.69 
15.34 120 13 04 50
15.34 244 0.49
15.345 22 -5.69
15.345 23 1.02
15.345 25 1.38
15.345 30 0.00
15.345 B1 9087.20 8969.20 
15.345 B3 9178.03 9044.55 
15.345 120 13 04 50
15.345 244 0.49
15.35 22 -5.62
15.35 23 1.02
15.35 25 1.49
15.35 30 0.00
15.35 B1 9086.38 8973.56 
15.35 B3 9176.68 9048.49 
15.35 120 13 04 50
15.35 244 0.49
15.355 22 -5.45
15.355 23 1.02
15.355 25 1.49
15.355 30 0.00
15.355 B1 9087.00 8979.38 
15.355 B3 9176.55 9053.70 
15.355 120 13 04 50
15.355 244 0.49
15.36 22 -5.38
15.36 23 1.02
15.36 25 1.61
15.36 30 0.00
15.36 B1 9085.86 8983.48 
15.36 B3 9175.01 9057.56 
15.36 120 13 04 50
15.36 244 0.49
15.365 22 -5.20
15.365 23 1.02
15.365 25 1.49
15.365 30 0.00
15.365 B1 9086.23 8989.11 
15.365 B3 9174.72 9062.71 
15.365 120 13 04 50
15.365 244 0.49
15.37 22 -5.24
15.37 23 1.03
15.37 25 1.49
15.37 30 0.00
15.37 B1 9086.04 8994.21 
15.37 B3 9174.27 9067.73 
15.37 120 13 04 50
15.37 244 0.49
15.375 22 -5.16
15.375 23 1.03
15.375 25 1.49
15.375 30 0.00
15.375 B1 9085.67 8999.06 
15.375 B3 9173.71 9072.61 
15.375 120 13 04 50
15.375 244 0.49
15.38 22 -5.09
15.38 23 1.03
15.38 25 1.49
15.38 30 0.00
15.38 B1 9085.17 9003.72 
15.38 B3 9173.09 9077.38 
15.38 120 13 04 50
15.38 244 0.49
15.385 22 -5.01
15.385 23 1.03
15.385 25 1.61
15.385 30 0.00
15.385 B1 9083.27 9006.90 
15.385 B3 9171.24 9080.85 
15.385 120 13 04 50
15.385 244 0.49
15.39 22 -4.83
15.39 23 1.02
15.39 25 1.61
15.39 30 0.00
15.39 B1 9083.13 9011.75 
15.39 B3 9170.79 9085.65 
15.39 120 13 04 50
15.39 244 0.49
15.395 22 -4.76
15.395 23 1.03
15.395 25 1.72
15.395 30 0.00
15.395 B1 9081.51 9015.10 
15.395 B3 9169.07 9089.16 
15.395 120 13 04 50
15.395 244 0.49
15.4 22 -4.58
15.4 23 1.02
15.4 25 1.72
15.4 30 0.00
15.4 B1 9080.24 9018.77 
15.4 B3 9167.53 9092.80 
15.4 120 13 04 50
15.4 244 0.49
15.405 22 -4.50
15.405 23 1.02
15.405 25 1.72
15.405 30 0.00
15.405 B1 9079.07 9022.53 
15.405 B3 9166.13 9096.58 
15.405 120 13 04 50
15.405 244 0.49
15.41 22 -4.43
15.41 23 1.01
15.41 25 1.72
15.41 30 0.00
15.41 B1 9077.99 9026.37 
15.41 B3 9164.84 9100.46 
15.41 120 13 04 50
15.41 244 0.49
15.415 22 -4.35
15.415 23 1.01
15.415 25 1.72
15.415 30 0.00
15.415 B1 9076.98 9030.24 
15.415 B3 9163.67 9104.40 
15.415 120 13 04 50
15.415 244 0.49
15.42 22 -4.27
15.42 23 1.01
15.42 25 1.84
15.42 30 0.00
15.42 B1 9076.07 9034.12 
15.42 B3 9162.60 9108.40 
15.42 120 13 04 50
15.42 244 0.49
15.425 22 -4.09
15.425 23 1.00
15.425 25 1.84
15.425 30 0.00
15.425 B1 9075.36 9038.15 
15.425 B3 9161.63 9112.42 
15.425 120 13 04 50
15.425 244 0.49
15.43 22 -4.01
15.43 23 1.00
15.43 25 1.84
15.43 30 0.00
15.43 B1 9074.67 9042.18 
15.43 B3 9160.72 9116.49 
15.43 120 13 04 50
15.43 244 0.49
15.435 22 -3.93
15.435 23 1.00
15.435 25 1.72
15.435 30 0.00
15.435 B1 9073.98 9046.19 
15.435 B3 9159.89 9120.58 
15.435 120 13 04 50
15.435 244 0.49
15.44 22 -3.95
15.44 23 1.00
15.44 25 1.72
15.44 30 0.00
15.44 B1 9073.19 9050.02 
15.44 B3 9159.11 9124.69 
15.44 120 13 04 50
15.44 244 0.49
15.445 22 -3.87
15.445 23 0.99
15.445 25 1.84
15.445 30 0.00
15.445 B1 9072.50 9053.83 
15.445 B3 9158.44 9128.77 
15.445 120 13 04 50
15.445 244 0.49
15.45 22 -3.69
15.45 23 0.99
15.45 25 1.84
15.45 30 0.00
15.45 B1 9073.35 9059.07 
15.45 B3 9159.05 9134.02 
15.45 120 13 04 50
15.45 244 0.49
15.455 22 -3.61
15.455 23 1.00
15.455 25 1.84
15.455 30 0.00
15.455 B1 9073.92 9063.96 
15.455 B3 9159.49 9139.05 
15.455 120 13 04 50
15.455 244 0.49
15.46 22 -3.52
15.46 23 1.00
15.46 25 1.84
15.46 30 0.00
15.46 B1 9074.27 9068.58 
15.46 B3 9159.81 9143.88 
15.46 120 13 04 50
15.46 244 0.49
15.465 22 -3.44
15.465 23 1.00
15.465 25 1.84
15.465 30 0.00
15.465 B1 9073.17 9071.67 
15.465 B3 9158.85 9147.36 
15.465 120 13 04 50
15.465 244 0.49
15.47 22 -3.36
15.47 23 1.00
15.47 25 1.84
15.47 30 0.00
15.47 B1 9072.26 9074.89 
15.47 B3 9158.05 9150.93 
15.47 120 13 04 50
15.47 244 0.49
15.475 22 -3.28
15.475 23 0.99
15.475 25 1.84
15.475 30 0.00
15.475 B1 9071.53 9078.21 
15.475 B3 9157.39 9154.57 
15.475 120 13 04 50
15.475 244 0.49
15.48 22 -3.19
15.48 23 0.99
15.48 25 1.84
15.48 30 0.00
15.48 B1 9070.94 9081.60 
15.48 B3 9156.85 9158.24 
15.48 120 13 04 50
15.48 244 0.49
15.485 22 -3.11
15.485 23 0.98
15.485 25 1.72
15.485 30 0.00
15.485 B1 9070.46 9085.01 
15.485 B3 9156.42 9161.95 
15.485 120 13 04 50
15.485 244 0.49
15.49 22 -3.12
15.49 23 0.98
15.49 25 1.72
15.49 30 0.00
15.49 B1 9069.97 9088.34 
15.49 B3 9156.09 9165.67 
15.49 120 13 04 50
15.49 244 0.49
15.495 22 -3.04
15.495 23 0.98
15.495 25 1.84
15.495 30 0.00
15.495 B1 9069.62 9091.67 
15.495 B3 9155.87 9169.37 
15.495 120 13 04 50
15.495 244 0.49
15.5 22 -2.86
15.5 23 0.98
15.5 25 1.84
15.5 30 0.00
15.5 B1 9069.50 9095.10 
15.5 B3 9155.75 9173.05 
15.5 120 13 04 50
15.5 244 0.49
15.505 22 -2.77
15.505 23 0.97
15.505 25 1.72
15.505 30 0.00
15.505 B1 9069.42 9098.52 
15.505 B3 9155.69 9176.72 
15.505 120 13 04 50
15.505 244 0.49
15.51 22 -2.78
15.51 23 0.97
15.51 25 1.84
15.51 30 0.00
15.51 B1 9070.60 9103.15 
15.51 B3 9156.88 9181.59 
15.51 120 13 04 50
15.51 244 0.49
15.515 22 -2.61
15.515 23 0.98
15.515 25 1.84
15.515 30 0.00
15.515 B1 9071.67 9107.54 
15.515 B3 9157.93 9186.20 
15.515 120 13 04 50
15.515 244 0.49
15.52 22 -2.52
15.52 23 0.98
15.52 25 1.84
15.52 30 0.00
15.52 B1 9072.54 9111.68 
15.52 B3 9158.86 9190.62 
15.52 120 13 04 50
15.52 244 0.49
15.525 22 -2.44
15.525 23 0.98
15.525 25 1.85
15.525 30 0.00
15.525 B1 9073.25 9115.62 
15.525 B3 9159.68 9194.88 
15.525 120 13 04 50
15.525 244 0.49
15.53 22 -2.35
15.53 23 0.98
15.53 25 1.85
15.53 30 0.00
15.53 B1 9073.86 9119.41 
15.53 B3 9160.43 9199.01 
15.53 120 13 04 50
15.53 244 0.49
15.535 22 -2.27
15.535 23 0.98
15.535 25 1.85
15.535 30 0.00
15.535 B1 9074.40 9123.07 
15.535 B3 9161.12 9203.04 
15.535 120 13 04 50
15.535 244 0.49
15.54 22 -2.19
15.54 23 0.98
15.54 25 1.85
15.54 30 0.00
15.54 B1 9074.88 9126.63 
15.54 B3 9161.77 9206.96 
15.54 120 13 04 50
15.54 244 0.49
15.545 22 -2.11
15.545 23 0.98
15.545 25 1.75
15.545 30 0.00
15.545 B1 9075.33 9130.10 
15.545 B3 9162.40 9210.81 
15.545 120 13 04 50
15.545 244 0.49
15.55 22 -2.11
15.55 23 0.98
15.55 25 1.75
15.55 30 0.00
15.55 B1 9075.70 9133.44 
15.55 B3 9163.01 9214.58 
15.55 120 13 04 50
15.55 244 0.49
15.555 22 -2.03
15.555 23 0.98
15.555 25 1.87
15.555 30 0.00
15.555 B1 9076.10 9136.70 
15.555 B3 9163.64 9218.26 
15.555 120 13 04 50
15.555 244 0.49
15.56 22 -1.85
15.56 23 0.98
15.56 25 1.87
15.56 30 0.00
15.56 B1 9076.61 9139.97 
15.56 B3 9164.28 9221.88 
15.56 120 13 04 50
15.56 244 0.49
15.565 22 -1.77
15.565 23 0.98
15.565 25 1.87
15.565 30 0.00
15.565 B1 9075.78 9141.87 
15.565 B3 9163.72 9224.26 
15.565 120 13 04 50
15.565 244 0.49
15.57 22 -1.69
15.57 23 0.97
15.57 25 1.79
15.57 30 0.00
15.57 B1 9076.57 9145.37 
15.57 B3 9164.57 9228.01 
15.57 120 13 04 50
15.57 244 0.49
15.575 22 -1.68
15.575 23 0.97
15.575 25 1.79
15.575 30 0.00
15.575 B1 9075.92 9147.40 
15.575 B3 9164.19 9230.49 
15.575 120 13 04 50
15.575 244 0.49
15.58 22 -1.61
15.58 23 0.96
15.58 25 1.45
15.58 30 0.00
15.58 B1 9075.56 9149.63 
15.58 B3 9164.03 9233.11 
15.58 120 13 04 50
15.58 244 0.49
15.585 22 -1.79
15.585 23 0.97
15.585 25 1.02
15.585 30 0.00
15.585 B1 9076.55 9153.15 
15.585 B3 9165.23 9237.02 
15.585 120 13 04 50
15.585 244 0.49
15.59 22 -2.06
15.59 23 0.97
15.59 25 1.02
15.59 30 0.00
15.59 B1 9077.22 9156.10 
15.59 B3 9166.43 9240.72 
15.59 120 13 04 50
15.59 244 0.49
15.595 22 -1.98
15.595 23 0.97
15.595 25 0.89
15.595 30 0.00
15.595 B1 9078.09 9158.83 
15.595 B3 9167.73 9244.15 
15.595 120 13 04 50
15.595 244 0.49
15.6 22 -1.99
15.6 23 0.97
15.6 25 0.89
15.6 30 0.00
15.6 B1 9079.02 9161.30 
15.6 B3 9169.12 9247.35 
15.6 120 13 04 50
15.6 244 0.49
15.605 22 -1.91
15.605 23 0.97
15.605 25 0.79
15.605 30 0.00
15.605 B1 9080.14 9163.63 
15.605 B3 9170.59 9250.35 
15.605 120 13 04 50
15.605 244 0.50
15.61 22 -1.90
15.61 23 0.97
15.61 25 0.79
15.61 30 0.00
15.61 B1 9082.63 9167.10 
15.61 B3 9173.33 9254.37 
15.61 120 13 04 50
15.61 244 0.50
15.615 22 -1.82
15.615 23 0.97
15.615 25 0.79
15.615 30 0.00
15.615 B1 9084.97 9170.18 
15.615 B3 9175.93 9258.01 
15.615 120 13 04 50
15.615 244 0.50
15.62 22 -1.73
15.62 23 0.98
15.62 25 0.79
15.62 30 0.00
15.62 B1 9087.19 9172.97 
15.62 B3 9178.42 9261.35 
15.62 120 13 04 50
15.62 244 0.50
15.625 22 -1.65
15.625 23 0.98
15.625 25 0.79
15.625 30 0.00
15.625 B1 9089.33 9175.54 
15.625 B3 9180.80 9264.43 
15.625 120 13 04 50
15.625 244 0.50
15.63 22 -1.57
15.63 23 0.98
15.63 25 0.79
15.63 30 0.00
15.63 B1 9091.39 9177.94 
15.63 B3 9183.11 9267.31 
15.63 120 13 04 50
15.63 244 0.50
15.635 22 -1.50
15.635 23 0.98
15.635 25 0.79
15.635 30 0.00
15.635 B1 9094.71 9181.53 
15.635 B3 9186.56 9271.23 
15.635 120 13 04 50
15.635 244 0.50
15.64 22 -1.42
15.64 23 0.99
15.64 25 0.79
15.64 30 0.00
15.64 B1 9097.69 9184.72 
15.64 B3 9189.72 9274.81 
15.64 120 13 04 50
15.64 244 0.50
15.645 22 -1.35
15.645 23 0.99
15.645 25 0.79
15.645 30 0.00
15.645 B1 9099.08 9186.28 
15.645 B3 9191.45 9276.89 
15.645 120 13 04 50
15.645 244 0.50
15.65 22 -1.28
15.65 23 0.99
15.65 25 0.79
15.65 30 0.00
15.65 B1 9100.55 9187.91 
15.65 B3 9193.22 9278.96 
15.65 120 13 04 50
15.65 244 0.50
15.655 22 -1.21
15.655 23 0.99
15.655 25 0.79
15.655 30 0.00
15.655 B1 9103.43 9190.93 
15.655 B3 9196.22 9282.23 
15.655 120 13 04 50
15.655 244 0.50
15.66 22 -1.14
15.66 23 0.99
15.66 25 0.89
15.66 30 0.00
15.66 B1 9104.73 9192.35 
15.66 B3 9197.81 9284.07 
15.66 120 13 04 50
15.66 244 0.50
15.665 22 -1.00
15.665 23 0.99
15.665 25 0.89
15.665 30 0.00
15.665 B1 9107.52 9195.26 
15.665 B3 9200.66 9287.15 
15.665 120 13 04 50
15.665 244 0.50
15.67 22 -0.93
15.67 23 0.99
15.67 25 0.89
15.67 30 0.00
15.67 B1 9110.05 9197.95 
15.67 B3 9203.30 9290.06 
15.67 120 13 04 50
15.67 244 0.50
15.675 22 -0.87
15.675 23 1.00
15.675 25 0.89
15.675 30 0.00
15.675 B1 9112.37 9200.48 
15.675 B3 9205.79 9292.83 
15.675 120 13 04 50
15.675 244 0.50
15.68 22 -0.81
15.68 23 1.00
15.68 25 0.89
15.68 30 0.00
15.68 B1 9114.54 9202.88 
15.68 B3 9208.13 9295.49 
15.68 120 13 04 50
15.68 244 0.50
15.685 22 -0.75
15.685 23 1.00
15.685 25 0.89
15.685 30 0.00
15.685 B1 9116.60 9205.19 
15.685 B3 9210.37 9298.06 
15.685 120 13 04 50
15.685 244 0.50
15.69 22 -0.69
15.69 23 1.00
15.69 25 0.88
15.69 30 0.00
15.69 B1 9119.88 9208.75 
15.69 B3 9213.72 9301.76 
15.69 120 13 04 50
15.69 244 0.50
15.695 22 -0.64
15.695 23 1.01
15.695 25 1.09
15.695 30 0.00
15.695 B1 9122.78 9211.95 
15.695 B3 9216.77 9305.17 
15.695 120 13 04 50
15.695 244 0.50
15.7 22 -0.43
15.7 23 1.01
15.7 25 1.09
15.7 30 0.00
15.7 B1 9125.45 9214.91 
15.7 B3 9219.58 9308.35 
15.7 120 13 04 50
15.7 244 0.50
15.705 22 -0.38
15.705 23 1.01
15.705 25 1.09
15.705 30 0.00
15.705 B1 9126.51 9216.37 
15.705 B3 9220.97 9310.20 
15.705 120 13 04 50
15.705 244 0.50
15.71 22 -0.33
15.71 23 1.01
15.71 25 1.19
15.71 30 0.00
15.71 B1 9127.66 9218.01 
15.71 B3 9222.38 9312.14 
15.71 120 13 04 50
15.71 244 0.50
15.715 22 -0.20
15.715 23 1.01
15.715 25 1.52
15.715 30 0.00
15.715 B1 9130.21 9221.09 
15.715 B3 9225.01 9315.36 
15.715 120 13 04 50
15.715 244 0.50
15.72 22 0.08
15.72 23 1.00
15.72 25 1.52
15.72 30 0.00
15.72 B1 9132.45 9223.95 
15.72 B3 9227.43 9318.44 
15.72 120 13 04 50
15.72 244 0.50
15.725 22 0.13
15.725 23 1.01
15.725 25 1.87
15.725 30 0.00
15.725 B1 9134.39 9226.74 
15.725 B3 9229.60 9321.48 
15.725 120 13 04 50
15.725 244 0.50
15.73 22 0.44
15.73 23 1.00
15.73 25 1.87
15.73 30 0.00
15.73 B1 9136.00 9229.35 
15.73 B3 9231.56 9324.47 
15.73 120 13 04 50
15.73 244 0.50
15.735 22 0.48
15.735 23 1.00
15.735 25 1.87
15.735 30 0.00
15.735 B1 9137.37 9232.03 
15.735 B3 9233.30 9327.49 
15.735 120 13 04 50
15.735 244 0.50
15.74 22 0.52
15.74 23 1.00
15.74 25 2.54
15.74 30 0.00
15.74 B1 9138.59 9234.76 
15.74 B3 9234.84 9330.53 
15.74 120 13 04 50
15.74 244 0.51
15.745 22 1.11
15.745 23 0.98
15.745 25 2.54
15.745 30 0.00
15.745 B1 9140.50 9238.34 
15.745 B3 9237.43 9334.78 
15.745 120 13 04 50
15.745 244 0.51
15.75 22 1.14
15.75 23 0.98
15.75 25 2.54
15.75 30 0.00
15.75 B1 9141.94 9241.92 
15.75 B3 9239.53 9338.96 
15.75 120 13 04 50
15.75 244 0.51
15.755 22 1.18
15.755 23 0.98
15.755 25 2.54
15.755 30 0.00
15.755 B1 9143.05 9245.51 
15.755 B3 9241.23 9343.07 
15.755 120 13 04 50
15.755 244 0.51
15.76 22 1.21
15.76 23 0.99
15.76 25 3.56
15.76 30 0.00
15.76 B1 9143.88 9249.08 
15.76 B3 9242.62 9347.13 
15.76 120 13 04 50
15.76 244 0.51
15.765 22 2.14
15.765 23 0.93
15.765 25 3.56
15.765 30 0.00
15.765 B1 9143.17 9251.28 
15.765 B3 9243.75 9351.12 
15.765 120 13 04 50
15.765 244 0.51
15.77 22 2.16
15.77 23 0.93
15.77 25 4.47
15.77 30 0.00
15.77 B1 9142.35 9254.06 
15.77 B3 9244.42 9355.29 
15.77 120 13 04 50
15.77 244 0.51
15.775 22 3.01
15.775 23 0.85
15.775 25 5.04
15.775 30 0.00
15.775 B1 9139.67 9255.51 
15.775 B3 9244.72 9359.59 
15.775 120 13 04 50
15.775 244 0.51
15.78 22 3.55
15.78 23 0.79
15.78 25 5.04
15.78 30 0.00
15.78 B1 9135.71 9256.58 
15.78 B3 9244.48 9364.17 
15.78 120 13 04 50
15.78 244 0.51
15.785 22 3.56
15.785 23 0.78
15.785 25 5.27
15.785 30 0.00
15.785 B1 9132.01 9258.90 
15.785 B3 9243.63 9369.07 
15.785 120 13 04 50
15.785 244 0.51
15.79 22 3.78
15.79 23 0.75
15.79 25 5.27
15.79 30 0.00
15.79 B1 9129.24 9262.85 
15.79 B3 9243.52 9375.43 
15.79 120 13 04 50
15.79 244 0.51
15.795 22 3.79
15.795 23 0.76
15.795 25 5.27
15.795 30 0.00
15.795 B1 9126.40 9267.39 
15.795 B3 9242.75 9381.81 
15.795 120 13 04 50
15.795 244 0.51
15.8 22 3.81
15.8 23 0.76
15.8 25 5.27
15.8 30 0.00
15.8 B1 9122.21 9271.03 
15.8 B3 9240.28 9386.98 
15.8 120 13 04 50
15.8 244 0.52
15.805 22 3.83
15.805 23 0.75
15.805 25 5.27
15.805 30 0.00
15.805 B1 9120.97 9277.89 
15.805 B3 9240.03 9394.73 
15.805 120 13 04 50
15.805 244 0.52
15.81 22 3.86
15.81 23 0.76
15.81 25 5.27
15.81 30 0.00
15.81 B1 9119.34 9284.57 
15.81 B3 9239.21 9402.19 
15.81 120 13 04 50
15.81 244 0.52
15.815 22 3.89
15.815 23 0.77
15.815 25 5.27
15.815 30 0.00
15.815 B1 9117.44 9291.08 
15.815 B3 9237.97 9409.39 
15.815 120 13 04 50
15.815 244 0.52
15.82 22 3.92
15.82 23 0.77
15.82 25 5.38
15.82 30 0.00
15.82 B1 9115.34 9297.42 
15.82 B3 9236.39 9416.37 
15.82 120 13 04 50
15.82 244 0.52
15.825 22 4.07
15.825 23 0.77
15.825 25 5.38
15.825 30 0.00
15.825 B1 9112.80 9303.31 
15.825 B3 9234.56 9423.14 
15.825 120 13 04 50
15.825 244 0.52
15.83 22 4.11
15.83 23 0.77
15.83 25 5.38
15.83 30 0.00
15.83 B1 9110.19 9309.14 
15.83 B3 9232.51 9429.75 
15.83 120 13 04 50
15.83 244 0.51
15.835 22 4.15
15.835 23 0.77
15.835 25 5.38
15.835 30 0.00
15.835 B1 9106.25 9313.60 
15.835 B3 9229.11 9435.02 
15.835 120 13 04 50
15.835 244 0.52
15.84 22 4.20
15.84 23 0.77
15.84 25 5.27
15.84 30 0.00
15.84 B1 9103.93 9319.59 
15.84 B3 9227.03 9441.55 
15.84 120 13 04 50
15.84 244 0.52
15.845 22 4.15
15.845 23 0.78
15.845 25 5.27
15.845 30 0.00
15.845 B1 9101.84 9325.73 
15.845 B3 9224.83 9447.90 
15.845 120 13 04 50
15.845 244 0.52
15.85 22 4.21
15.85 23 0.78
15.85 25 5.27
15.85 30 0.00
15.85 B1 9099.67 9331.61 
15.85 B3 9222.59 9454.08 
15.85 120 13 04 50
15.85 244 0.52
15.855 22 4.27
15.855 23 0.78
15.855 25 5.38
15.855 30 0.00
15.855 B1 9097.44 9337.26 
15.855 B3 9220.33 9460.08 
15.855 120 13 04 50
15.855 244 0.52
15.86 22 4.44
15.86 23 0.77
15.86 25 5.38
15.86 30 0.00
15.86 B1 9094.86 9342.40 
15.86 B3 9218.07 9465.93 
15.86 120 13 04 50
15.86 244 0.52
15.865 22 4.51
15.865 23 0.77
15.865 25 5.38
15.865 30 0.00
15.865 B1 9092.30 9347.46 
15.865 B3 9215.79 9471.66 
15.865 120 13 04 50
15.865 244 0.52
15.87 22 4.58
15.87 23 0.77
15.87 25 5.38
15.87 30 0.00
15.87 B1 9089.76 9352.43 
15.87 B3 9213.51 9477.28 
15.87 120 13 04 50
15.87 244 0.52
15.875 22 4.65
15.875 23 0.77
15.875 25 5.38
15.875 30 0.00
15.875 B1 9087.25 9357.30 
15.875 B3 9211.24 9482.78 
15.875 120 13 04 50
15.875 244 0.52
15.88 22 4.72
15.88 23 0.77
15.88 25 5.49
15.88 30 0.00
15.88 B1 9084.77 9362.07 
15.88 B3 9208.99 9488.18 
15.88 120 13 04 50
15.88 244 0.52
15.885 22 4.90
15.885 23 0.75
15.885 25 5.49
15.885 30 0.00
15.885 B1 9081.98 9366.42 
15.885 B3 9206.77 9493.46 
15.885 120 13 04 50
15.885 244 0.52
15.89 22 4.98
15.89 23 0.75
15.89 25 5.49
15.89 30 0.00
15.89 B1 9079.25 9370.76 
15.89 B3 9204.55 9498.67 
15.89 120 13 04 50
15.89 244 0.52
15.895 22 5.06
15.895 23 0.75
15.895 25 5.49
15.895 30 0.00
15.895 B1 9076.57 9375.07 
15.895 B3 9202.33 9503.79 
15.895 120 13 04 50
15.895 244 0.52
15.9 22 5.15
15.9 23 0.75
15.9 25 5.49
15.9 30 0.00
15.9 B1 9073.95 9379.34 
15.9 B3 9200.13 9508.83 
15.9 120 13 04 50
15.9 244 0.52
15.905 22 5.23
15.905 23 0.75
15.905 25 5.61
15.905 30 0.00
15.905 B1 9071.36 9383.55 
15.905 B3 9197.95 9513.78 
15.905 120 13 04 50
15.905 244 0.52
15.91 22 5.42
15.91 23 0.73
15.91 25 5.61
15.91 30 0.00
15.91 B1 9068.45 9387.33 
15.91 B3 9195.79 9518.65 
15.91 120 13 04 50
15.91 244 0.52
15.915 22 5.51
15.915 23 0.73
15.915 25 5.72
15.915 30 0.00
15.915 B1 9065.62 9391.15 
15.915 B3 9193.63 9523.45 
15.915 120 13 04 50
15.915 244 0.52
15.92 22 5.71
15.92 23 0.71
15.92 25 5.83
15.92 30 0.00
15.92 B1 9062.47 9394.60 
15.92 B3 9191.47 9528.18 
15.92 120 13 04 50
15.92 244 0.51
15.925 22 5.90
15.925 23 0.69
15.925 25 5.83
15.925 30 0.00
15.925 B1 9057.73 9396.44 
15.925 B3 9188.08 9531.67 
15.925 120 13 04 50
15.925 244 0.52
15.93 22 5.99
15.93 23 0.68
15.93 25 5.95
15.93 30 0.00
15.93 B1 9054.75 9400.05 
15.93 B3 9186.06 9536.52 
15.93 120 13 04 50
15.93 244 0.51
15.935 22 6.19
15.935 23 0.67
15.935 25 5.95
15.935 30 0.00
15.935 B1 9050.09 9401.98 
15.935 B3 9182.77 9540.09 
15.935 120 13 04 50
15.935 244 0.51
15.94 22 6.28
15.94 23 0.66
15.94 25 6.52
15.94 30 0.00
15.94 B1 9045.81 9404.31 
15.94 B3 9179.60 9543.80 
15.94 120 13 04 50
15.94 244 0.52
15.945 22 6.88
15.945 23 0.57
15.945 25 6.52
15.945 30 0.00
15.945 B1 9041.04 9406.18 
15.945 B3 9177.75 9548.80 
15.945 120 13 04 50
15.945 244 0.52
15.95 22 6.97
15.95 23 0.57
15.95 25 6.63
15.95 30 0.00
15.95 B1 9036.52 9408.57 
15.95 B3 9175.59 9553.76 
15.95 120 13 04 50
15.95 244 0.52
15.955 22 7.15
15.955 23 0.55
15.955 25 6.63
15.955 30 0.00
15.955 B1 9031.72 9410.87 
15.955 B3 9173.19 9558.67 
15.955 120 13 04 50
15.955 244 0.52
15.96 22 7.25
15.96 23 0.55
15.96 25 6.63
15.96 30 0.00
15.96 B1 9027.14 9413.55 
15.96 B3 9170.57 9563.53 
15.96 120 13 04 50
15.96 244 0.51
15.965 22 7.34
15.965 23 0.54
15.965 25 6.75
15.965 30 0.00
15.965 B1 9021.40 9415.15 
15.965 B3 9166.58 9567.13 
15.965 120 13 04 50
15.965 244 0.51
15.97 22 7.53
15.97 23 0.52
15.97 25 6.75
15.97 30 0.00
15.97 B1 9015.63 9416.76 
15.97 B3 9162.70 9570.87 
15.97 120 13 04 50
15.97 244 0.51
15.975 22 7.63
15.975 23 0.51
15.975 25 6.75
15.975 30 0.00
15.975 B1 9010.28 9418.82 
15.975 B3 9158.85 9574.72 
15.975 120 13 04 50
15.975 244 0.52
15.98 22 7.73
15.98 23 0.50
15.98 25 6.75
15.98 30 0.00
15.98 B1 9006.55 9422.50 
15.98 B3 9156.26 9579.84 
15.98 120 13 04 50
15.98 244 0.51
15.985 22 7.83
15.985 23 0.50
15.985 25 6.86
15.985 30 0.00
15.985 B1 9001.43 9424.78 
15.985 B3 9152.28 9583.58 
15.985 120 13 04 50
15.985 244 0.52
15.99 22 8.03
15.99 23 0.48
15.99 25 6.86
15.99 30 0.00
15.99 B1 8997.39 9428.09 
15.99 B3 9149.58 9588.56 
15.99 120 13 04 50
15.99 244 0.52
15.995 22 8.13
15.995 23 0.48
15.995 25 6.86
15.995 30 0.00
15.995 B1 8993.31 9431.37 
15.995 B3 9146.70 9593.37 
15.995 120 13 04 50
15.995 244 0.52
16 22 8.24
16 23 0.48
16 25 6.86
16 30 0.00
16 B1 8989.20 9434.56 
16 B3 9143.68 9598.01 
16 120 13 04 50
16 244 0.52
16.005 22 8.34
16.005 23 0.48
16.005 25 6.86
16.005 30 0.00
16.005 B1 8985.07 9437.67 
16.005 B3 9140.54 9602.50 
16.005 120 13 04 50
16.005 244 0.52
16.01 22 8.45
16.01 23 0.47
16.01 25 6.86
16.01 30 0.00
16.01 B1 8980.92 9440.68 
16.01 B3 9137.33 9606.83 
16.01 120 13 04 50
16.01 244 0.51
16.015 22 8.56
16.015 23 0.47
16.015 25 6.86
16.015 30 0.00
16.015 B1 8975.43 9442.25 
16.015 B3 9132.86 9609.82 
16.015 120 13 04 50
16.015 244 0.51
16.02 22 8.67
16.02 23 0.46
16.02 25 6.86
16.02 30 0.00
16.02 B1 8970.25 9443.99 
16.02 B3 9128.58 9612.88 
16.02 120 13 04 50
16.02 244 0.51
16.025 22 8.78
16.025 23 0.46
16.025 25 6.98
16.025 30 0.00
16.025 B1 8965.30 9445.84 
16.025 B3 9124.44 9615.97 
16.025 120 13 04 50
16.025 244 0.52
16.03 22 8.99
16.03 23 0.44
16.03 25 6.98
16.03 30 0.00
16.03 B1 8961.31 9448.53 
16.03 B3 9121.63 9620.26 
16.03 120 13 04 50
16.03 244 0.52
16.035 22 9.10
16.035 23 0.44
16.035 25 6.98
16.035 30 0.00
16.035 B1 8957.22 9451.07 
16.035 B3 9118.66 9624.34 
16.035 120 13 04 50
16.035 244 0.52
16.04 22 9.21
16.04 23 0.44
16.04 25 6.98
16.04 30 0.00
16.04 B1 8954.37 9454.77 
16.04 B3 9116.76 9629.42 
16.04 120 13 04 50
16.04 244 0.52
16.045 22 9.32
16.045 23 0.44
16.045 25 7.09
16.045 30 0.00
16.045 B1 8951.15 9458.04 
16.045 B3 9114.54 9634.11 
16.045 120 13 04 50
16.045 244 0.52
16.05 22 9.52
16.05 23 0.43
16.05 25 6.98
16.05 30 0.00
16.05 B1 8945.77 9459.09 
16.05 B3 9110.87 9637.27 
16.05 120 13 04 50
16.05 244 0.52
16.055 22 9.55
16.055 23 0.44
16.055 25 6.98
16.055 30 0.00
16.055 B1 8941.14 9460.77 
16.055 B3 9107.20 9640.35 
16.055 120 13 04 50
16.055 244 0.52
16.06 22 9.66
16.06 23 0.43
16.06 25 6.98
16.06 30 0.00
16.06 B1 8936.56 9462.36 
16.06 B3 9103.55 9643.33 
16.06 120 13 04 50
16.06 244 0.52
16.065 22 9.78
16.065 23 0.43
16.065 25 6.98
16.065 30 0.00
16.065 B1 8932.02 9463.85 
16.065 B3 9099.93 9646.20 
16.065 120 13 04 50
16.065 244 0.52
16.07 22 9.89
16.07 23 0.43
16.07 25 7.09
16.07 30 0.00
16.07 B1 8927.49 9465.23 
16.07 B3 9096.33 9648.95 
16.07 120 13 04 50
16.07 244 0.52
16.075 22 10.09
16.075 23 0.41
16.075 25 7.09
16.075 30 0.00
16.075 B1 8922.41 9465.95 
16.075 B3 9092.75 9651.60 
16.075 120 13 04 50
16.075 244 0.52
16.08 22 10.20
16.08 23 0.40
16.08 25 7.09
16.08 30 0.00
16.08 B1 8917.44 9466.69 
16.08 B3 9089.16 9654.14 
16.08 120 13 04 50
16.08 244 0.52
16.085 22 10.32
16.085 23 0.40
16.085 25 7.09
16.085 30 0.00
16.085 B1 8913.87 9468.73 
16.085 B3 9086.75 9657.78 
16.085 120 13 04 50
16.085 244 0.52
16.09 22 10.43
16.09 23 0.40
16.09 25 7.09
16.09 30 0.00
16.09 B1 8908.72 9469.12 
16.09 B3 9082.90 9659.90 
16.09 120 13 04 50
16.09 244 0.52
16.095 22 10.54
16.095 23 0.40
16.095 25 7.09
16.095 30 0.00
16.095 B1 8903.68 9469.51 
16.095 B3 9079.09 9661.95 
16.095 120 13 04 50
16.095 244 0.52
16.1 22 10.65
16.1 23 0.40
16.1 25 7.09
16.1 30 0.00
16.1 B1 8900.06 9471.18 
16.1 B3 9076.51 9665.11 
16.1 120 13 04 50
16.1 244 0.52
16.105 22 10.76
16.105 23 0.40
16.105 25 7.09
16.105 30 0.00
16.105 B1 8894.84 9471.19 
16.105 B3 9072.53 9666.78 
16.105 120 13 04 50
16.105 244 0.52
16.11 22 10.87
16.11 23 0.39
16.11 25 7.09
16.11 30 0.00
16.11 B1 8889.75 9471.19 
16.11 B3 9068.61 9668.39 
16.11 120 13 04 50
16.11 244 0.52
16.115 22 10.98
16.115 23 0.39
16.115 25 7.09
16.115 30 0.00
16.115 B1 8886.06 9472.47 
16.115 B3 9065.94 9671.12 
16.115 120 13 04 50
16.115 244 0.52
16.12 22 11.09
16.12 23 0.39
16.12 25 7.09
16.12 30 0.00
16.12 B1 8882.12 9473.41 
16.12 B3 9063.08 9673.56 
16.12 120 13 04 50
16.12 244 0.52
16.125 22 11.20
16.125 23 0.39
16.125 25 7.09
16.125 30 0.00
16.125 B1 8877.96 9474.05 
16.125 B3 9060.06 9675.75 
16.125 120 13 04 50
16.125 244 0.52
16.13 22 11.31
16.13 23 0.39
16.13 25 7.20
16.13 30 0.00
16.13 B1 8873.65 9474.43 
16.13 B3 9056.92 9677.71 
16.13 120 13 04 50
16.13 244 0.52
16.135 22 11.49
16.135 23 0.38
16.135 25 7.09
16.135 30 0.00
16.135 B1 8868.58 9473.98 
16.135 B3 9053.67 9679.45 
16.135 120 13 04 50
16.135 244 0.52
16.14 22 11.52
16.14 23 0.39
16.14 25 7.20
16.14 30 0.00
16.14 B1 8864.18 9474.08 
16.14 B3 9050.31 9681.01 
16.14 120 13 04 50
16.14 244 0.52
16.145 22 11.70
16.145 23 0.37
16.145 25 7.09
16.145 30 0.00
16.145 B1 8859.02 9473.34 
16.145 B3 9046.89 9682.39 
16.145 120 13 04 50
16.145 244 0.52
16.15 22 11.73
16.15 23 0.39
16.15 25 7.09
16.15 30 0.00
16.15 B1 8853.24 9471.85 
16.15 B3 9042.18 9682.40 
16.15 120 13 04 50
16.15 244 0.52
16.155 22 11.83
16.155 23 0.38
16.155 25 7.09
16.155 30 0.00
16.155 B1 8847.68 9470.44 
16.155 B3 9037.67 9682.46 
16.155 120 13 04 50
16.155 244 0.52
16.16 22 11.93
16.16 23 0.37
16.16 25 7.09
16.16 30 0.00
16.16 B1 8842.27 9469.04 
16.16 B3 9033.31 9682.52 
16.16 120 13 04 50
16.16 244 0.52
16.165 22 12.03
16.165 23 0.37
16.165 25 7.09
16.165 30 0.00
16.165 B1 8836.98 9467.65 
16.165 B3 9029.06 9682.57 
16.165 120 13 04 50
16.165 244 0.52
16.17 22 12.13
16.17 23 0.37
16.17 25 7.09
16.17 30 0.00
16.17 B1 8831.76 9466.22 
16.17 B3 9024.90 9682.59 
16.17 120 13 04 50
16.17 244 0.51
16.175 22 12.22
16.175 23 0.36
16.175 25 7.09
16.175 30 0.00
16.175 B1 8825.28 9463.42 
16.175 B3 9019.61 9681.35 
16.175 120 13 04 50
16.175 244 0.51
16.18 22 12.32
16.18 23 0.35
16.18 25 6.98
16.18 30 0.00
16.18 B1 8819.15 9460.84 
16.18 B3 9014.60 9680.27 
16.18 120 13 04 50
16.18 244 0.52
16.185 22 12.35
16.185 23 0.36
16.185 25 6.98
16.185 30 0.00
16.185 B1 8815.28 9460.36 
16.185 B3 9011.02 9680.48 
16.185 120 13 04 50
16.185 244 0.51
16.19 22 12.44
16.19 23 0.36
16.19 25 5.84
16.19 30 0.00
16.19 B1 8809.81 9458.21 
16.19 B3 9006.19 9679.34 
16.19 120 13 04 50
16.19 244 0.51
16.195 22 11.81
16.195 23 0.50
16.195 25 5.84
16.195 30 0.00
16.195 B1 8810.94 9462.06 
16.195 B3 9001.57 9678.26 
16.195 120 13 04 50
16.195 244 0.51
16.2 22 11.93
16.2 23 0.51
16.2 25 5.73
16.2 30 0.00
16.2 B1 8810.85 9464.40 
16.2 B3 8997.37 9677.07 
16.2 120 13 04 50
16.2 244 0.52
16.205 22 11.96
16.205 23 0.53
16.205 25 5.50
16.205 30 0.00
16.205 B1 8811.77 9467.43 
16.205 B3 8994.70 9676.98 
16.205 120 13 04 50
16.205 244 0.52
16.21 22 11.91
16.21 23 0.57
16.21 25 5.50
16.21 30 0.00
16.21 B1 8812.73 9470.21 
16.21 B3 8992.08 9676.58 
16.21 120 13 04 50
16.21 244 0.52
16.215 22 12.02
16.215 23 0.58
16.215 25 5.39
16.215 30 0.00
16.215 B1 8812.61 9471.63 
16.215 B3 8989.56 9675.90 
16.215 120 13 04 50
16.215 244 0.52
16.22 22 12.04
16.22 23 0.60
16.22 25 5.39
16.22 30 0.00
16.22 B1 8812.26 9472.55 
16.22 B3 8987.10 9674.97 
16.22 120 13 04 50
16.22 244 0.52
16.225 22 12.15
16.225 23 0.60
16.225 25 4.59
16.225 30 0.00
16.225 B1 8812.48 9473.82 
16.225 B3 8985.91 9675.01 
16.225 120 13 04 50
16.225 244 0.52
16.23 22 11.67
16.23 23 0.71
16.23 25 3.00
16.23 30 0.00
16.23 B1 8815.89 9477.81 
16.23 B3 8984.53 9674.66 
16.23 120 13 04 50
16.23 244 0.52
16.235 22 10.47
16.235 23 0.88
16.235 25 3.00
16.235 30 0.00
16.235 B1 8824.87 9486.46 
16.235 B3 8983.20 9673.87 
16.235 120 13 04 50
16.235 244 0.52
16.24 22 10.62
16.24 23 0.91
16.24 25 1.88
16.24 30 0.00
16.24 B1 8831.61 9492.03 
16.24 B3 8982.34 9672.43 
16.24 120 13 04 50
16.24 244 0.52
16.245 22 9.75
16.245 23 1.01
16.245 25 1.88
16.245 30 0.00
16.245 B1 8840.76 9498.97 
16.245 B3 8981.86 9670.46 
16.245 120 13 04 50
16.245 244 0.52
16.25 22 9.91
16.25 23 1.03
16.25 25 1.88
16.25 30 0.00
16.25 B1 8848.06 9503.04 
16.25 B3 8981.97 9667.86 
16.25 120 13 04 50
16.25 244 0.52
16.255 22 10.06
16.255 23 1.05
16.255 25 1.88
16.255 30 0.00
16.255 B1 8855.25 9506.21 
16.255 B3 8983.75 9665.94 
16.255 120 13 04 50
16.255 244 0.52
16.26 22 10.20
16.26 23 1.07
16.26 25 1.77
16.26 30 0.00
16.26 B1 8861.03 9507.40 
16.26 B3 8985.63 9663.43 
16.26 120 13 04 50
16.26 244 0.52
16.265 22 10.24
16.265 23 1.09
16.265 25 1.23
16.265 30 0.00
16.265 B1 8866.10 9507.42 
16.265 B3 8987.58 9660.44 
16.265 120 13 04 50
16.265 244 0.53
16.27 22 9.87
16.27 23 1.13
16.27 25 1.23
16.27 30 0.00
16.27 B1 8873.50 9509.23 
16.27 B3 8990.78 9658.27 
16.27 120 13 04 50
16.27 244 0.53
16.275 22 10.00
16.275 23 1.15
16.275 25 1.23
16.275 30 0.00
16.275 B1 8879.64 9509.32 
16.275 B3 8993.93 9655.48 
16.275 120 13 04 50
16.275 244 0.53
16.28 22 10.13
16.28 23 1.16
16.28 25 1.23
16.28 30 0.00
16.28 B1 8884.82 9508.10 
16.28 B3 8997.02 9652.20 
16.28 120 13 04 50
16.28 244 0.53
16.285 22 10.25
16.285 23 1.17
16.285 25 1.23
16.285 30 0.00
16.285 B1 8889.24 9505.90 
16.285 B3 9000.03 9648.56 
16.285 120 13 04 50
16.285 244 0.53
16.29 22 10.37
16.29 23 1.18
16.29 25 1.00
16.29 30 0.00
16.29 B1 8893.07 9502.96 
16.29 B3 9002.96 9644.63 
16.29 120 13 04 50
16.29 244 0.52
16.295 22 10.27
16.295 23 1.20
16.295 25 1.00
16.295 30 0.00
16.295 B1 8895.91 9498.90 
16.295 B3 9004.60 9639.31 
16.295 120 13 04 50
16.295 244 0.52
16.3 22 10.38
16.3 23 1.20
16.3 25 0.78
16.3 30 0.00
16.3 B1 8898.60 9494.52 
16.3 B3 9006.43 9633.99 
16.3 120 13 04 50
16.3 244 0.52
16.305 22 10.28
16.305 23 1.21
16.305 25 0.78
16.305 30 0.00
16.305 B1 8901.93 9490.66 
16.305 B3 9008.40 9628.71 
16.305 120 13 04 50
16.305 244 0.52
16.31 22 10.38
16.31 23 1.21
16.31 25 0.65
16.31 30 0.00
16.31 B1 8905.03 9486.47 
16.31 B3 9010.53 9623.44 
16.31 120 13 04 50
16.31 244 0.53
16.315 22 10.36
16.315 23 1.22
16.315 25 0.65
16.315 30 0.00
16.315 B1 8909.69 9483.77 
16.315 B3 9013.94 9619.40 
16.315 120 13 04 50
16.315 244 0.52
16.32 22 10.45
16.32 23 1.22
16.32 25 0.54
16.32 30 0.00
16.32 B1 8912.48 9479.20 
16.32 B3 9016.01 9613.97 
16.32 120 13 04 50
16.32 244 0.52
16.325 22 10.43
16.325 23 1.23
16.325 25 0.54
16.325 30 0.00
16.325 B1 8915.55 9474.89 
16.325 B3 9018.19 9608.63 
16.325 120 13 04 50
16.325 244 0.53
16.33 22 10.52
16.33 23 1.23
16.33 25 0.54
16.33 30 0.00
16.33 B1 8919.78 9471.74 
16.33 B3 9021.65 9604.56 
16.33 120 13 04 50
16.33 244 0.53
16.335 22 10.59
16.335 23 1.23
16.335 25 0.43
16.335 30 0.00
16.335 B1 8923.55 9468.21 
16.335 B3 9024.94 9600.36 
16.335 120 13 04 50
16.335 244 0.53
16.34 22 10.57
16.34 23 1.24
16.34 25 0.43
16.34 30 0.00
16.34 B1 8927.37 9464.79 
16.34 B3 9028.07 9596.09 
16.34 120 13 04 50
16.34 244 0.53
16.345 22 10.63
16.345 23 1.25
16.345 25 0.43
16.345 30 0.00
16.345 B1 8930.84 9461.08 
16.345 B3 9031.09 9591.76 
16.345 120 13 04 50
16.345 244 0.53
16.35 22 10.70
16.35 23 1.25
16.35 25 0.43
16.35 30 0.00
16.35 B1 8934.04 9457.19 
16.35 B3 9034.01 9587.40 
16.35 120 13 04 50
16.35 244 0.53
16.355 22 10.76
16.355 23 1.25
16.355 25 0.43
16.355 30 0.00
16.355 B1 8937.01 9453.18 
16.355 B3 9036.84 9583.04 
16.355 120 13 04 50
16.355 244 0.53
16.36 22 10.81
16.36 23 1.25
16.36 25 0.43
16.36 30 0.00
16.36 B1 8939.82 9449.10 
16.36 B3 9039.58 9578.71 
16.36 120 13 04 50
16.36 244 0.53
16.365 22 10.86
16.365 23 1.25
16.365 25 0.43
16.365 30 0.00
16.365 B1 8942.48 9445.00 
16.365 B3 9042.23 9574.42 
16.365 120 13 04 50
16.365 244 0.53
16.37 22 10.92
16.37 23 1.25
16.37 25 0.43
16.37 30 0.00
16.37 B1 8944.99 9440.89 
16.37 B3 9044.81 9570.18 
16.37 120 13 04 50
16.37 244 0.53
16.375 22 10.96
16.375 23 1.25
16.375 25 0.43
16.375 30 0.00
16.375 B1 8947.42 9436.82 
16.375 B3 9047.33 9566.01 
16.375 120 13 04 50
16.375 244 0.53
16.38 22 11.00
16.38 23 1.25
16.38 25 0.43
16.38 30 0.00
16.38 B1 8949.77 9432.80 
16.38 B3 9049.77 9561.92 
16.38 120 13 04 50
16.38 244 0.53
16.385 22 11.03
16.385 23 1.25
16.385 25 0.43
16.385 30 0.00
16.385 B1 8952.05 9428.84 
16.385 B3 9052.15 9557.90 
16.385 120 13 04 50
16.385 244 0.53
16.39 22 11.06
16.39 23 1.25
16.39 25 0.43
16.39 30 0.00
16.39 B1 8954.27 9424.96 
16.39 B3 9054.49 9553.97 
16.39 120 13 04 50
16.39 244 0.53
16.395 22 11.09
16.395 23 1.25
16.395 25 0.43
16.395 30 0.00
16.395 B1 8956.45 9421.16 
16.395 B3 9056.77 9550.13 
16.395 120 13 04 50
16.395 244 0.53
16.4 22 11.12
16.4 23 1.25
16.4 25 0.43
16.4 30 0.00
16.4 B1 8958.60 9417.43 
16.4 B3 9059.01 9546.36 
16.4 120 13 04 50
16.4 244 0.53
16.405 22 11.14
16.405 23 1.25
16.405 25 0.43
16.405 30 0.00
16.405 B1 8960.71 9413.80 
16.405 B3 9061.21 9542.69 
16.405 120 13 04 50
16.405 244 0.53
16.41 22 11.15
16.41 23 1.25
16.41 25 0.43
16.41 30 0.00
16.41 B1 8962.80 9410.24 
16.41 B3 9063.38 9539.10 
16.41 120 13 04 50
16.41 244 0.53
16.415 22 11.17
16.415 23 1.25
16.415 25 0.43
16.415 30 0.00
16.415 B1 8964.87 9406.78 
16.415 B3 9065.53 9535.59 
16.415 120 13 04 50
16.415 244 0.53
16.42 22 11.18
16.42 23 1.25
16.42 25 0.43
16.42 30 0.00
16.42 B1 8966.93 9403.39 
16.42 B3 9067.64 9532.17 
16.42 120 13 04 50
16.42 244 0.52
16.425 22 11.19
16.425 23 1.25
16.425 25 0.43
16.425 30 0.00
16.425 B1 8967.65 9398.77 
16.425 B3 9068.54 9527.63 
16.425 120 13 04 50
16.425 244 0.52
16.43 22 11.20
16.43 23 1.24
16.43 25 0.43
16.43 30 0.00
16.43 B1 8968.69 9394.52 
16.43 B3 9069.66 9523.37 
16.43 120 13 04 50
16.43 244 0.53
16.435 22 11.20
16.435 23 1.23
16.435 25 0.43
16.435 30 0.00
16.435 B1 8971.28 9391.89 
16.435 B3 9072.15 9520.56 
16.435 120 13 04 50
16.435 244 0.52
16.44 22 11.20
16.44 23 1.24
16.44 25 0.43
16.44 30 0.00
16.44 B1 8972.41 9387.91 
16.44 B3 9073.35 9516.56 
16.44 120 13 04 50
16.44 244 0.53
16.445 22 11.20
16.445 23 1.23
16.445 25 0.42
16.445 30 0.00
16.445 B1 8975.09 9385.52 
16.445 B3 9075.90 9513.98 
16.445 120 13 04 50
16.445 244 0.52
16.45 22 11.19
16.45 23 1.23
16.45 25 0.42
16.45 30 0.00
16.45 B1 8976.32 9381.79 
16.45 B3 9077.16 9510.19 
16.45 120 13 04 50
16.45 244 0.52
16.455 22 11.18
16.455 23 1.23
16.455 25 0.42
16.455 30 0.00
16.455 B1 8977.76 9378.31 
16.455 B3 9078.56 9506.60 
16.455 120 13 04 50
16.455 244 0.52
16.46 22 11.17
16.46 23 1.22
16.46 25 0.42
16.46 30 0.00
16.46 B1 8979.35 9375.03 
16.46 B3 9080.10 9503.19 
16.46 120 13 04 50
16.46 244 0.53
16.465 22 11.16
16.465 23 1.22
16.465 25 0.41
16.465 30 0.00
16.465 B1 8982.38 9373.24 
16.465 B3 9082.93 9501.13 
16.465 120 13 04 50
16.465 244 0.53
16.47 22 11.14
16.47 23 1.22
16.47 25 0.41
16.47 30 0.00
16.47 B1 8985.23 9371.36 
16.47 B3 9085.62 9499.01 
16.47 120 13 04 50
16.47 244 0.53
16.475 22 11.12
16.475 23 1.23
16.475 25 0.41
16.475 30 0.00
16.475 B1 8987.91 9369.37 
16.475 B3 9088.20 9496.83 
16.475 120 13 04 50
16.475 244 0.53
16.48 22 11.10
16.48 23 1.23
16.48 25 0.63
16.48 30 0.00
16.48 B1 8990.47 9367.31 
16.48 B3 9090.70 9494.63 
16.48 120 13 04 50
16.48 244 0.53
16.485 22 11.26
16.485 23 1.22
16.485 25 0.63
16.485 30 0.00
16.485 B1 8992.01 9364.35 
16.485 B3 9093.13 9492.41 
16.485 120 13 04 50
16.485 244 0.53
16.49 22 11.24
16.49 23 1.21
16.49 25 0.85
16.49 30 0.00
16.49 B1 8993.64 9361.63 
16.49 B3 9095.47 9490.23 
16.49 120 13 04 50
16.49 244 0.53
16.495 22 11.40
16.495 23 1.20
16.495 25 1.08
16.495 30 0.00
16.495 B1 8994.36 9358.17 
16.495 B3 9097.72 9488.10 
16.495 120 13 04 50
16.495 244 0.52
16.5 22 11.55
16.5 23 1.18
16.5 25 1.08
16.5 30 0.00
16.5 B1 8992.96 9352.85 
16.5 B3 9098.66 9484.85 
16.5 120 13 04 50
16.5 244 0.52
16.505 22 11.52
16.505 23 1.17
16.505 25 0.96
16.505 30 0.00
16.505 B1 8992.25 9348.42 
16.505 B3 9099.68 9481.93 
16.505 120 13 04 50
16.505 244 0.53
16.51 22 11.38
16.51 23 1.17
16.51 25 0.96
16.51 30 0.00
16.51 B1 8993.95 9346.53 
16.51 B3 9101.96 9480.47 
16.51 120 13 04 50
16.51 244 0.53
16.515 22 11.34
16.515 23 1.17
16.515 25 1.07
16.515 30 0.00
16.515 B1 8995.63 9344.75 
16.515 B3 9104.10 9479.01 
16.515 120 13 04 50
16.515 244 0.53
16.52 22 11.40
16.52 23 1.16
16.52 25 1.42
16.52 30 0.00
16.52 B1 8996.78 9342.58 
16.52 B3 9106.13 9477.55 
16.52 120 13 04 50
16.52 244 0.52
16.525 22 11.64
16.525 23 1.14
16.525 25 1.41
16.525 30 0.00
16.525 B1 8995.07 9337.81 
16.525 B3 9106.85 9474.92 
16.525 120 13 04 50
16.525 244 0.53
16.53 22 11.59
16.53 23 1.13
16.53 25 1.41
16.53 30 0.00
16.53 B1 8995.39 9335.25 
16.53 B3 9108.82 9473.79 
16.53 120 13 04 50
16.53 244 0.52
16.535 22 11.54
16.535 23 1.13
16.535 25 1.41
16.535 30 0.00
16.535 B1 8994.62 9331.80 
16.535 B3 9109.41 9471.49 
16.535 120 13 04 50
16.535 244 0.52
16.54 22 11.50
16.54 23 1.12
16.54 25 1.41
16.54 30 0.00
16.54 B1 8994.33 9328.94 
16.54 B3 9110.10 9469.45 
16.54 120 13 04 50
16.54 244 0.52
16.545 22 11.45
16.545 23 1.11
16.545 25 1.52
16.545 30 0.00
16.545 B1 8994.41 9326.56 
16.545 B3 9110.85 9467.60 
16.545 120 13 04 50
16.545 244 0.53
16.55 22 11.49
16.55 23 1.10
16.55 25 1.52
16.55 30 0.00
16.55 B1 8995.54 9325.36 
16.55 B3 9112.87 9467.10 
16.55 120 13 04 50
16.55 244 0.52
16.555 22 11.44
16.555 23 1.10
16.555 25 1.52
16.555 30 0.00
16.555 B1 8995.36 9322.98 
16.555 B3 9113.49 9465.37 
16.555 120 13 04 50
16.555 244 0.52
16.56 22 11.40
16.56 23 1.10
16.56 25 1.52
16.56 30 0.00
16.56 B1 8995.49 9321.00 
16.56 B3 9114.19 9463.80 
16.56 120 13 04 50
16.56 244 0.53
16.565 22 11.35
16.565 23 1.09
16.565 25 1.52
16.565 30 0.00
16.565 B1 8997.20 9320.65 
16.565 B3 9116.14 9463.57 
16.565 120 13 04 50
16.565 244 0.52
16.57 22 11.30
16.57 23 1.10
16.57 25 1.52
16.57 30 0.00
16.57 B1 8997.46 9318.94 
16.57 B3 9116.72 9462.05 
16.57 120 13 04 50
16.57 244 0.52
16.575 22 11.25
16.575 23 1.09
16.575 25 1.75
16.575 30 0.00
16.575 B1 8997.95 9317.49 
16.575 B3 9117.39 9460.68 
16.575 120 13 04 50
16.575 244 0.52
16.58 22 11.38
16.58 23 1.07
16.58 25 1.86
16.58 30 0.00
16.58 B1 8997.54 9315.25 
16.58 B3 9118.15 9459.41 
16.58 120 13 04 50
16.58 244 0.52
16.585 22 11.42
16.585 23 1.06
16.585 25 1.86
16.585 30 0.00
16.585 B1 8996.92 9312.95 
16.585 B3 9118.91 9458.28 
16.585 120 13 04 50
16.585 244 0.52
16.59 22 11.36
16.59 23 1.05
16.59 25 1.86
16.59 30 0.00
16.59 B1 8996.66 9311.13 
16.59 B3 9119.65 9457.29 
16.59 120 13 04 50
16.59 244 0.52
16.595 22 11.31
16.595 23 1.05
16.595 25 1.86
16.595 30 0.00
16.595 B1 8996.68 9309.70 
16.595 B3 9120.39 9456.41 
16.595 120 13 04 50
16.595 244 0.52
16.6 22 11.26
16.6 23 1.05
16.6 25 2.20
16.6 30 0.00
16.6 B1 8996.92 9308.57 
16.6 B3 9121.12 9455.62 
16.6 120 13 04 50
16.6 244 0.52
16.605 22 11.47
16.605 23 1.02
16.605 25 2.20
16.605 30 0.00
16.605 B1 8995.66 9306.12 
16.605 B3 9121.85 9454.92 
16.605 120 13 04 50
16.605 244 0.52
16.61 22 11.41
16.61 23 1.01
16.61 25 2.66
16.61 30 0.00
16.61 B1 8994.85 9304.29 
16.61 B3 9122.50 9454.33 
16.61 120 13 04 50
16.61 244 0.52
16.615 22 11.69
16.615 23 0.97
16.615 25 3.79
16.615 30 0.00
16.615 B1 8992.05 9300.78 
16.615 B3 9123.08 9453.84 
16.615 120 13 04 50
16.615 244 0.52
16.62 22 12.38
16.62 23 0.86
16.62 25 3.79
16.62 30 0.00
16.62 B1 8983.62 9292.31 
16.62 B3 9123.49 9453.51 
16.62 120 13 04 50
16.62 244 0.52
16.625 22 12.32
16.625 23 0.84
16.625 25 4.36
16.625 30 0.00
16.625 B1 8977.03 9286.16 
16.625 B3 9123.52 9453.46 
16.625 120 13 04 50
16.625 244 0.52
16.63 22 12.58
16.63 23 0.77
16.63 25 4.36
16.63 30 0.00
16.63 B1 8967.05 9277.25 
16.63 B3 9122.05 9452.44 
16.63 120 13 04 50
16.63 244 0.52
16.635 22 12.52
16.635 23 0.74
16.635 25 4.59
16.635 30 0.00
16.635 B1 8959.18 9270.85 
16.635 B3 9120.42 9451.86 
16.635 120 13 04 50
16.635 244 0.52
16.64 22 12.59
16.64 23 0.70
16.64 25 4.59
16.64 30 0.00
16.64 B1 8951.48 9265.04 
16.64 B3 9118.68 9451.63 
16.64 120 13 04 50
16.64 244 0.52
16.645 22 12.54
16.645 23 0.69
16.645 25 4.70
16.645 30 0.00
16.645 B1 8945.29 9261.04 
16.645 B3 9116.80 9451.70 
16.645 120 13 04 50
16.645 244 0.52
16.65 22 12.54
16.65 23 0.66
16.65 25 5.04
16.65 30 0.00
16.65 B1 8939.52 9257.76 
16.65 B3 9114.80 9452.00 
16.65 120 13 04 50
16.65 244 0.52
16.655 22 12.66
16.655 23 0.62
16.655 25 5.04
16.655 30 0.00
16.655 B1 8932.56 9253.67 
16.655 B3 9112.69 9452.50 
16.655 120 13 04 50
16.655 244 0.52
16.66 22 12.62
16.66 23 0.61
16.66 25 5.27
16.66 30 0.00
16.66 B1 8926.85 9251.03 
16.66 B3 9110.43 9453.18 
16.66 120 13 04 50
16.66 244 0.52
16.665 22 12.68
16.665 23 0.57
16.665 25 5.27
16.665 30 0.00
16.665 B1 8920.59 9248.13 
16.665 B3 9108.05 9453.99 
16.665 120 13 04 50
16.665 244 0.52
16.67 22 12.64
16.67 23 0.56
16.67 25 5.27
16.67 30 0.00
16.67 B1 8915.36 9246.41 
16.67 B3 9105.52 9454.93 
16.67 120 13 04 50
16.67 244 0.52
16.675 22 12.60
16.675 23 0.56
16.675 25 5.27
16.675 30 0.00
16.675 B1 8912.23 9246.91 
16.675 B3 9104.09 9457.15 
16.675 120 13 04 50
16.675 244 0.52
16.68 22 12.56
16.68 23 0.56
16.68 25 5.27
16.68 30 0.00
16.68 B1 8909.35 9247.80 
16.68 B3 9102.34 9459.23 
16.68 120 13 04 50
16.68 244 0.52
16.685 22 12.52
16.685 23 0.56
16.685 25 5.39
16.685 30 0.00
16.685 B1 8906.66 9248.98 
16.685 B3 9100.33 9461.18 
16.685 120 13 04 50
16.685 244 0.52
16.69 22 12.54
16.69 23 0.55
16.69 25 5.39
16.69 30 0.00
16.69 B1 8903.36 9249.67 
16.69 B3 9098.14 9463.02 
16.69 120 13 04 50
16.69 244 0.52
16.695 22 12.51
16.695 23 0.55
16.695 25 5.39
16.695 30 0.00
16.695 B1 8900.34 9250.68 
16.695 B3 9095.77 9464.77 
16.695 120 13 04 50
16.695 244 0.52
16.7 22 12.48
16.7 23 0.56
16.7 25 5.27
16.7 30 0.00
16.7 B1 8897.52 9251.91 
16.7 B3 9093.26 9466.44 
16.7 120 13 04 50
16.7 244 0.52
16.705 22 12.40
16.705 23 0.57
16.705 25 5.27
16.705 30 0.00
16.705 B1 8894.26 9252.67 
16.705 B3 9089.46 9466.84 
16.705 120 13 04 50
16.705 244 0.52
16.71 22 12.37
16.71 23 0.57
16.71 25 5.27
16.71 30 0.00
16.71 B1 8891.27 9253.66 
16.71 B3 9085.84 9467.36 
16.71 120 13 04 50
16.71 244 0.52
16.715 22 12.34
16.715 23 0.57
16.715 25 5.27
16.715 30 0.00
16.715 B1 8889.81 9256.14 
16.715 B3 9083.56 9469.18 
16.715 120 13 04 50
16.715 244 0.52
16.72 22 12.32
16.72 23 0.57
16.72 25 5.39
16.72 30 0.00
16.72 B1 8888.17 9258.43 
16.72 B3 9081.17 9470.86 
16.72 120 13 04 50
16.72 244 0.52
16.725 22 12.36
16.725 23 0.56
16.725 25 5.39
16.725 30 0.00
16.725 B1 8885.68 9259.89 
16.725 B3 9078.69 9472.43 
16.725 120 13 04 50
16.725 244 0.52
16.73 22 12.34
16.73 23 0.57
16.73 25 5.39
16.73 30 0.00
16.73 B1 8883.24 9261.39 
16.73 B3 9076.14 9473.90 
16.73 120 13 04 50
16.73 244 0.52
16.735 22 12.32
16.735 23 0.57
16.735 25 5.39
16.735 30 0.00
16.735 B1 8879.52 9261.58 
16.735 B3 9072.33 9474.09 
16.735 120 13 04 50
16.735 244 0.52
16.74 22 12.30
16.74 23 0.57
16.74 25 5.39
16.74 30 0.00
16.74 B1 8876.16 9262.06 
16.74 B3 9068.71 9474.42 
16.74 120 13 04 50
16.74 244 0.52
16.745 22 12.28
16.745 23 0.56
16.745 25 5.39
16.745 30 0.00
16.745 B1 8873.06 9262.74 
16.745 B3 9065.24 9474.84 
16.745 120 13 04 50
16.745 244 0.52
16.75 22 12.27
16.75 23 0.56
16.75 25 5.39
16.75 30 0.00
16.75 B1 8870.16 9263.57 
16.75 B3 9061.90 9475.34 
16.75 120 13 04 50
16.75 244 0.52
16.755 22 12.26
16.755 23 0.56
16.755 25 5.39
16.755 30 0.00
16.755 B1 8867.39 9264.49 
16.755 B3 9058.67 9475.90 
16.755 120 13 04 50
16.755 244 0.52
16.76 22 12.25
16.76 23 0.56
16.76 25 5.50
16.76 30 0.00
16.76 B1 8864.73 9265.48 
16.76 B3 9055.52 9476.48 
16.76 120 13 04 50
16.76 244 0.52
16.765 22 12.30
16.765 23 0.55
16.765 25 5.50
16.765 30 0.00
16.765 B1 8861.47 9265.86 
16.765 B3 9052.45 9477.10 
16.765 120 13 04 50
16.765 244 0.52
16.77 22 12.29
16.77 23 0.55
16.77 25 5.50
16.77 30 0.00
16.77 B1 8859.73 9267.73 
16.77 B3 9050.61 9478.93 
16.77 120 13 04 50
16.77 244 0.52
16.775 22 12.28
16.775 23 0.56
16.775 25 5.84
16.775 30 0.00
16.775 B1 8857.81 9269.43 
16.775 B3 9048.58 9480.57 
16.775 120 13 04 50
16.775 244 0.52
16.78 22 12.45
16.78 23 0.53
16.78 25 5.84
16.78 30 0.00
16.78 B1 8852.29 9267.66 
16.78 B3 9045.19 9480.84 
16.78 120 13 04 50
16.78 244 0.52
16.785 22 12.45
16.785 23 0.52
16.785 25 5.84
16.785 30 0.00
16.785 B1 8847.46 9266.57 
16.785 B3 9041.85 9481.22 
16.785 120 13 04 50
16.785 244 0.52
16.79 22 12.44
16.79 23 0.51
16.79 25 5.84
16.79 30 0.00
16.79 B1 8843.14 9265.96 
16.79 B3 9038.55 9481.66 
16.79 120 13 04 50
16.79 244 0.52
16.795 22 12.44
16.795 23 0.51
16.795 25 5.84
16.795 30 0.00
16.795 B1 8839.21 9265.73 
16.795 B3 9035.27 9482.15 
16.795 120 13 04 50
16.795 244 0.52
16.8 22 12.44
16.8 23 0.51
16.8 25 6.52
16.8 30 0.00
16.8 B1 8835.55 9265.77 
16.8 B3 9032.02 9482.68 
16.8 120 13 04 50
16.8 244 0.52
16.805 22 12.75
16.805 23 0.43
16.805 25 6.86
16.805 30 0.00
16.805 B1 8827.62 9261.84 
16.805 B3 9028.78 9483.21 
16.805 120 13 04 50
16.805 244 0.52
16.81 22 12.88
16.81 23 0.39
16.81 25 7.55
16.81 30 0.00
16.81 B1 8818.50 9256.89 
16.81 B3 9025.45 9483.81 
16.81 120 13 04 50
16.81 244 0.52
16.815 22 12.93
16.815 23 0.29
16.815 25 7.55
16.815 30 0.00
16.815 B1 8809.15 9251.72 
16.815 B3 9021.97 9484.47 
16.815 120 13 04 50
16.815 244 0.52
16.82 22 12.94
16.82 23 0.28
16.82 25 7.55
16.82 30 0.00
16.82 B1 8801.02 9247.79 
16.82 B3 9018.34 9485.15 
16.82 120 13 04 50
16.82 244 0.52
16.825 22 12.96
16.825 23 0.27
16.825 25 7.55
16.825 30 0.00
16.825 B1 8793.82 9244.82 
16.825 B3 9014.56 9485.82 
16.825 120 13 04 50
16.825 244 0.52
16.83 22 12.97
16.83 23 0.27
16.83 25 7.66
16.83 30 0.00
16.83 B1 8787.33 9242.59 
16.83 B3 9010.68 9486.48 
16.83 120 13 04 50
16.83 244 0.52
16.835 22 12.99
16.835 23 0.25
16.835 25 7.78
16.835 30 0.00
16.835 B1 8781.02 9240.69 
16.835 B3 9006.70 9487.13 
16.835 120 13 04 50
16.835 244 0.52
16.84 22 13.01
16.84 23 0.23
16.84 25 7.78
16.84 30 0.00
16.84 B1 8774.78 9238.98 
16.84 B3 9002.64 9487.75 
16.84 120 13 04 50
16.84 244 0.52
16.845 22 13.02
16.845 23 0.23
16.845 25 7.78
16.845 30 0.00
16.845 B1 8769.03 9237.72 
16.845 B3 8998.50 9488.33 
16.845 120 13 04 50
16.845 244 0.52
16.85 22 13.04
16.85 23 0.23
16.85 25 7.78
16.85 30 0.00
16.85 B1 8763.63 9236.81 
16.85 B3 8994.31 9488.86 
16.85 120 13 04 50
16.85 244 0.52
16.855 22 13.06
16.855 23 0.23
16.855 25 7.78
16.855 30 0.00
16.855 B1 8758.51 9236.16 
16.855 B3 8990.06 9489.36 
16.855 120 13 04 50
16.855 244 0.52
16.86 22 13.08
16.86 23 0.23
16.86 25 7.78
16.86 30 0.00
16.86 B1 8753.60 9235.70 
16.86 B3 8985.77 9489.80 
16.86 120 13 04 50
16.86 244 0.52
16.865 22 13.09
16.865 23 0.23
16.865 25 7.89
16.865 30 0.00
16.865 B1 8748.85 9235.37 
16.865 B3 8981.46 9490.20 
16.865 120 13 04 50
16.865 244 0.52
16.87 22 13.12
16.87 23 0.21
16.87 25 7.89
16.87 30 0.00
16.87 B1 8743.77 9234.80 
16.87 B3 8977.12 9490.54 
16.87 120 13 04 50
16.87 244 0.52
16.875 22 13.14
16.875 23 0.21
16.875 25 7.78
16.875 30 0.00
16.875 B1 8738.88 9234.36 
16.875 B3 8972.76 9490.83 
16.875 120 13 04 50
16.875 244 0.52
16.88 22 13.15
16.88 23 0.23
16.88 25 7.89
16.88 30 0.00
16.88 B1 8734.58 9234.35 
16.88 B3 8968.38 9491.06 
16.88 120 13 04 50
16.88 244 0.52
16.885 22 13.18
16.885 23 0.22
16.885 25 7.89
16.885 30 0.00
16.885 B1 8729.84 9233.99 
16.885 B3 8964.00 9491.24 
16.885 120 13 04 50
16.885 244 0.52
16.89 22 13.20
16.89 23 0.22
16.89 25 7.89
16.89 30 0.00
16.89 B1 8725.21 9233.67 
16.89 B3 8959.60 9491.36 
16.89 120 13 04 50
16.89 244 0.52
16.895 22 13.22
16.895 23 0.22
16.895 25 7.89
16.895 30 0.00
16.895 B1 8720.66 9233.38 
16.895 B3 8955.20 9491.42 
16.895 120 13 04 50
16.895 244 0.52
16.9 22 13.24
16.9 23 0.22
16.9 25 7.89
16.9 30 0.00
16.9 B1 8716.17 9233.07 
16.9 B3 8950.81 9491.43 
16.9 120 13 04 50
16.9 244 0.52
16.905 22 13.26
16.905 23 0.22
16.905 25 7.89
16.905 30 0.00
16.905 B1 8711.72 9232.76 
16.905 B3 8946.41 9491.37 
16.905 120 13 04 50
16.905 244 0.52
16.91 22 13.29
16.91 23 0.22
16.91 25 8.00
16.91 30 0.00
16.91 B1 8707.31 9232.42 
16.91 B3 8942.01 9491.25 
16.91 120 13 04 50
16.91 244 0.52
16.915 22 13.31
16.915 23 0.21
16.915 25 8.00
16.915 30 0.00
16.915 B1 8702.39 9231.65 
16.915 B3 8937.62 9491.06 
16.915 120 13 04 50
16.915 244 0.52
16.92 22 13.33
16.92 23 0.21
16.92 25 8.00
16.92 30 0.00
16.92 B1 8697.60 9230.89 
16.92 B3 8933.23 9490.81 
16.92 120 13 04 50
16.92 244 0.52
16.925 22 13.36
16.925 23 0.21
16.925 25 8.00
16.925 30 0.00
16.925 B1 8692.90 9230.15 
16.925 B3 8928.84 9490.50 
16.925 120 13 04 50
16.925 244 0.52
16.93 22 13.38
16.93 23 0.22
16.93 25 8.00
16.93 30 0.00
16.93 B1 8688.28 9229.40 
16.93 B3 8924.46 9490.12 
16.93 120 13 04 50
16.93 244 0.52
16.935 22 13.40
16.935 23 0.22
16.935 25 8.00
16.935 30 0.00
16.935 B1 8683.72 9228.62 
16.935 B3 8920.08 9489.67 
16.935 120 13 04 50
16.935 244 0.52
16.94 22 13.43
16.94 23 0.22
16.94 25 8.00
16.94 30 0.00
16.94 B1 8679.19 9227.80 
16.94 B3 8915.71 9489.15 
16.94 120 13 04 50
16.94 244 0.52
16.945 22 13.45
16.945 23 0.22
16.945 25 8.00
16.945 30 0.00
16.945 B1 8674.68 9226.94 
16.945 B3 8911.34 9488.57 
16.945 120 13 04 50
16.945 244 0.52
16.95 22 13.47
16.95 23 0.22
16.95 25 8.00
16.95 30 0.00
16.95 B1 8670.20 9226.03 
16.95 B3 8906.99 9487.92 
16.95 120 13 04 50
16.95 244 0.52
16.955 22 13.50
16.955 23 0.22
16.955 25 8.00
16.955 30 0.00
16.955 B1 8667.05 9226.37 
16.955 B3 8903.83 9488.40 
16.955 120 13 04 50
16.955 244 0.52
16.96 22 13.52
16.96 23 0.23
16.96 25 8.00
16.96 30 0.00
16.96 B1 8663.59 9226.38 
16.96 B3 8900.45 9488.61 
16.96 120 13 04 50
16.96 244 0.52
16.965 22 13.54
16.965 23 0.24
16.965 25 8.00
16.965 30 0.00
16.965 B1 8658.59 9224.80 
16.965 B3 8895.70 9487.38 
16.965 120 13 04 50
16.965 244 0.52
16.97 22 13.57
16.97 23 0.24
16.97 25 8.00
16.97 30 0.00
16.97 B1 8653.71 9223.23 
16.97 B3 8891.04 9486.16 
16.97 120 13 04 50
16.97 244 0.52
16.975 22 13.59
16.975 23 0.24
16.975 25 8.00
16.975 30 0.00
16.975 B1 8648.92 9221.67 
16.975 B3 8886.46 9484.92 
16.975 120 13 04 50
16.975 244 0.52
16.98 22 13.62
16.98 23 0.24
16.98 25 8.00
16.98 30 0.00
16.98 B1 8644.20 9220.10 
16.98 B3 8881.95 9483.66 
16.98 120 13 04 50
16.98 244 0.52
16.985 22 13.64
16.985 23 0.24
16.985 25 8.00
16.985 30 0.00
16.985 B1 8639.52 9218.50 
16.985 B3 8877.49 9482.37 
16.985 120 13 04 50
16.985 244 0.52
16.99 22 13.66
16.99 23 0.24
16.99 25 8.00
16.99 30 0.00
16.99 B1 8634.88 9216.86 
16.99 B3 8873.07 9481.04 
16.99 120 13 04 50
16.99 244 0.52
16.995 22 13.69
16.995 23 0.24
16.995 25 8.00
16.995 30 0.00
16.995 B1 8631.58 9216.49 
16.995 B3 8869.89 9480.86 
16.995 120 13 04 50
16.995 244 0.52
17 22 13.71
17 23 0.25
17 25 8.00
17 30 0.00
17 B1 8627.98 9215.79 
17 B3 8866.50 9480.44 
17 120 13 04 50
17 244 0.52
17.005 22 13.73
17.005 23 0.25
17.005 25 8.00
17.005 30 0.00
17.005 B1 8624.15 9214.81 
17.005 B3 8862.95 9479.79 
17.005 120 13 04 50
17.005 244 0.52
17.01 22 13.76
17.01 23 0.26
17.01 25 8.00
17.01 30 0.00
17.01 B1 8618.81 9212.26 
17.01 B3 8858.08 9477.76 
17.01 120 13 04 50
17.01 244 0.52
17.015 22 13.78
17.015 23 0.26
17.015 25 8.00
17.015 30 0.00
17.015 B1 8613.64 9209.79 
17.015 B3 8853.34 9475.76 
17.015 120 13 04 50
17.015 244 0.52
17.02 22 13.80
17.02 23 0.26
17.02 25 8.00
17.02 30 0.00
17.02 B1 8608.59 9207.34 
17.02 B3 8848.71 9473.77 
17.02 120 13 04 50
17.02 244 0.52
17.025 22 13.82
17.025 23 0.26
17.025 25 8.00
17.025 30 0.00
17.025 B1 8604.94 9206.21 
17.025 B3 8845.37 9472.99 
17.025 120 13 04 50
17.025 244 0.52
17.03 22 13.85
17.03 23 0.26
17.03 25 8.00
17.03 30 0.00
17.03 B1 8601.05 9204.81 
17.03 B3 8841.87 9471.99 
17.03 120 13 04 50
17.03 244 0.52
17.035 22 13.87
17.035 23 0.27
17.035 25 8.00
17.035 30 0.00
17.035 B1 8595.63 9201.83 
17.035 B3 8837.03 9469.61 
17.035 120 13 04 50
17.035 244 0.52
17.04 22 13.89
17.04 23 0.27
17.04 25 8.00
17.04 30 0.00
17.04 B1 8591.70 9200.23 
17.04 B3 8833.53 9468.45 
17.04 120 13 04 50
17.04 244 0.52
17.045 22 13.91
17.045 23 0.27
17.045 25 8.00
17.045 30 0.00
17.045 B1 8587.57 9198.39 
17.045 B3 8829.90 9467.13 
17.045 120 13 04 50
17.045 244 0.52
17.05 22 13.93
17.05 23 0.28
17.05 25 8.00
17.05 30 0.00
17.05 B1 8583.29 9196.34 
17.05 B3 8826.17 9465.63 
17.05 120 13 04 50
17.05 244 0.52
17.055 22 13.95
17.055 23 0.28
17.055 25 8.00
17.055 30 0.00
17.055 B1 8578.89 9194.10 
17.055 B3 8822.36 9463.98 
17.055 120 13 04 50
17.055 244 0.52
17.06 22 13.97
17.06 23 0.29
17.06 25 8.00
17.06 30 0.00
17.06 B1 8574.40 9191.69 
17.06 B3 8818.48 9462.22 
17.06 120 13 04 50
17.06 244 0.52
17.065 22 13.99
17.065 23 0.29
17.065 25 8.00
17.065 30 0.00
17.065 B1 8568.53 9187.82 
17.065 B3 8813.37 9459.14 
17.065 120 13 04 50
17.065 244 0.52
17.07 22 14.01
17.07 23 0.29
17.07 25 8.00
17.07 30 0.00
17.07 B1 8562.90 9184.07 
17.07 B3 8808.45 9456.15 
17.07 120 13 04 50
17.07 244 0.52
17.075 22 14.03
17.075 23 0.29
17.075 25 8.00
17.075 30 0.00
17.075 B1 8557.46 9180.41 
17.075 B3 8803.69 9453.23 
17.075 120 13 04 50
17.075 244 0.52
17.08 22 14.05
17.08 23 0.29
17.08 25 8.00
17.08 30 0.00
17.08 B1 8552.17 9176.80 
17.08 B3 8799.06 9450.36 
17.08 120 13 04 50
17.08 244 0.52
17.085 22 14.07
17.085 23 0.28
17.085 25 8.00
17.085 30 0.00
17.085 B1 8546.98 9173.23 
17.085 B3 8794.53 9447.51 
17.085 120 13 04 50
17.085 244 0.52
17.09 22 14.09
17.09 23 0.29
17.09 25 8.00
17.09 30 0.00
17.09 B1 8541.86 9169.66 
17.09 B3 8790.08 9444.68 
17.09 120 13 04 50
17.09 244 0.52
17.095 22 14.11
17.095 23 0.29
17.095 25 8.00
17.095 30 0.00
17.095 B1 8536.80 9166.08 
17.095 B3 8785.69 9441.84 
17.095 120 13 04 50
17.095 244 0.52
17.1 22 14.13
17.1 23 0.29
17.1 25 8.00
17.1 30 0.00
17.1 B1 8531.78 9162.48 
17.1 B3 8781.35 9438.99 
17.1 120 13 04 50
17.1 244 0.52
17.105 22 14.15
17.105 23 0.29
17.105 25 8.00
17.105 30 0.00
17.105 B1 8526.78 9158.85 
17.105 B3 8777.06 9436.13 
17.105 120 13 04 50
17.105 244 0.52
17.11 22 14.16
17.11 23 0.29
17.11 25 8.00
17.11 30 0.00
17.11 B1 8521.80 9155.18 
17.11 B3 8772.79 9433.24 
17.11 120 13 04 50
17.11 244 0.52
17.115 22 14.18
17.115 23 0.29
17.115 25 8.00
17.115 30 0.00
17.115 B1 8516.83 9151.47 
17.115 B3 8768.55 9430.31 
17.115 120 13 04 50
17.115 244 0.52
17.12 22 14.20
17.12 23 0.29
17.12 25 8.00
17.12 30 0.00
17.12 B1 8511.86 9147.71 
17.12 B3 8764.32 9427.35 
17.12 120 13 04 50
17.12 244 0.52
17.125 22 14.21
17.125 23 0.29
17.125 25 8.00
17.125 30 0.00
17.125 B1 8506.90 9143.90 
17.125 B3 8760.11 9424.35 
17.125 120 13 04 50
17.125 244 0.52
17.13 22 14.23
17.13 23 0.30
17.13 25 8.00
17.13 30 0.00
17.13 B1 8501.94 9140.04 
17.13 B3 8755.92 9421.31 
17.13 120 13 04 50
17.13 244 0.52
17.135 22 14.24
17.135 23 0.30
17.135 25 8.00
17.135 30 0.00
17.135 B1 8496.97 9136.12 
17.135 B3 8751.73 9418.22 
17.135 120 13 04 50
17.135 244 0.52
17.14 22 14.26
17.14 23 0.30
17.14 25 8.00
17.14 30 0.00
17.14 B1 8491.99 9132.15 
17.14 B3 8747.55 9415.10 
17.14 120 13 04 50
17.14 244 0.52
17.145 22 14.27
17.145 23 0.30
17.145 25 8.00
17.145 30 0.00
17.145 B1 8488.33 9129.44 
17.145 B3 8744.82 9413.11 
17.145 120 13 04 50
17.145 244 0.52
17.15 22 14.28
17.15 23 0.31
17.15 25 8.00
17.15 30 0.00
17.15 B1 8484.35 9126.41 
17.15 B3 8742.11 9410.88 
17.15 120 13 04 50
17.15 244 0.52
17.155 22 14.29
17.155 23 0.31
17.155 25 8.00
17.155 30 0.00
17.155 B1 8480.11 9123.11 
17.155 B3 8739.40 9408.44 
17.155 120 13 04 50
17.155 244 0.52
17.16 22 14.29
17.16 23 0.32
17.16 25 8.00
17.16 30 0.00
17.16 B1 8475.68 9119.59 
17.16 B3 8736.67 9405.81 
17.16 120 13 04 50
17.16 244 0.52
17.165 22 14.30
17.165 23 0.32
17.165 25 8.00
17.165 30 0.00
17.165 B1 8471.10 9115.88 
17.165 B3 8733.94 9403.03 
17.165 120 13 04 50
17.165 244 0.52
17.17 22 14.31
17.17 23 0.32
17.17 25 8.00
17.17 30 0.00
17.17 B1 8466.40 9112.03 
17.17 B3 8731.18 9400.11 
17.17 120 13 04 50
17.17 244 0.52
17.175 22 14.32
17.175 23 0.33
17.175 25 8.00
17.175 30 0.00
17.175 B1 8461.60 9108.04 
17.175 B3 8728.39 9397.07 
17.175 120 13 04 50
17.175 244 0.52
17.18 22 14.32
17.18 23 0.33
17.18 25 8.00
17.18 30 0.00
17.18 B1 8456.72 9103.94 
17.18 B3 8725.56 9393.93 
17.18 120 13 04 50
17.18 244 0.52
17.185 22 14.33
17.185 23 0.33
17.185 25 8.00
17.185 30 0.00
17.185 B1 8450.46 9098.42 
17.185 B3 8721.50 9389.50 
17.185 120 13 04 50
17.185 244 0.52
17.19 22 14.34
17.19 23 0.33
17.19 25 8.00
17.19 30 0.00
17.19 B1 8444.47 9093.09 
17.19 B3 8717.63 9385.20 
17.19 120 13 04 50
17.19 244 0.52
17.195 22 14.34
17.195 23 0.33
17.195 25 8.00
17.195 30 0.00
17.195 B1 8438.67 9087.88 
17.195 B3 8713.88 9381.03 
17.195 120 13 04 50
17.195 244 0.52
17.2 22 14.35
17.2 23 0.32
17.2 25 8.00
17.2 30 0.00
17.2 B1 8433.01 9082.79 
17.2 B3 8710.23 9377.20 
17.2 120 13 04 50
17.2 244 0.52
17.205 22 14.35
17.205 23 0.32
17.205 25 8.00
17.205 30 0.00
17.205 B1 8428.77 9079.08 
17.205 B3 8707.84 9374.85 
17.205 120 13 04 50
17.205 244 0.52
17.21 22 14.35
17.21 23 0.33
17.21 25 8.00
17.21 30 0.00
17.21 B1 8424.28 9075.14 
17.21 B3 8705.27 9372.53 
17.21 120 13 04 50
17.21 244 0.52
17.215 22 14.35
17.215 23 0.33
17.215 25 8.00
17.215 30 0.00
17.215 B1 8418.27 9069.70 
17.215 B3 8701.35 9369.02 
17.215 120 13 04 50
17.215 244 0.52
17.22 22 14.35
17.22 23 0.33
17.22 25 8.00
17.22 30 0.00
17.22 B1 8413.75 9065.70 
17.22 B3 8698.70 9366.91 
17.22 120 13 04 50
17.22 244 0.52
17.225 22 14.35
17.225 23 0.33
17.225 25 8.00
17.225 30 0.00
17.225 B1 8409.03 9061.51 
17.225 B3 8695.88 9364.75 
17.225 120 13 04 50
17.225 244 0.52
17.23 22 14.35
17.23 23 0.34
17.23 25 8.00
17.23 30 0.00
17.23 B1 8404.15 9057.17 
17.23 B3 8692.91 9362.55 
17.23 120 13 04 50
17.23 244 0.52
17.235 22 14.35
17.235 23 0.34
17.235 25 8.00
17.235 30 0.00
17.235 B1 8399.14 9052.70 
17.235 B3 8689.81 9360.30 
17.235 120 13 04 50
17.235 244 0.52
17.24 22 14.35
17.24 23 0.35
17.24 25 8.00
17.24 30 0.00
17.24 B1 8394.02 9048.13 
17.24 B3 8686.58 9358.01 
17.24 120 13 04 50
17.24 244 0.52
17.245 22 14.35
17.245 23 0.35
17.245 25 8.00
17.245 30 0.00
17.245 B1 8388.83 9043.46 
17.245 B3 8683.24 9355.65 
17.245 120 13 04 50
17.245 244 0.52
17.25 22 14.35
17.25 23 0.35
17.25 25 8.00
17.25 30 0.00
17.25 B1 8383.55 9038.71 
17.25 B3 8679.80 9353.25 
17.25 120 13 04 50
17.25 244 0.52
17.255 22 14.35
17.255 23 0.36
17.255 25 8.00
17.255 30 0.00
17.255 B1 8378.23 9033.90 
17.255 B3 8676.27 9350.79 
17.255 120 13 04 50
17.255 244 0.52
17.26 22 14.35
17.26 23 0.36
17.26 25 8.00
17.26 30 0.00
17.26 B1 8372.84 9029.01 
17.26 B3 8672.63 9348.27 
17.26 120 13 04 50
17.26 244 0.52
17.265 22 14.35
17.265 23 0.36
17.265 25 8.00
17.265 30 0.00
17.265 B1 8367.41 9024.08 
17.265 B3 8668.91 9345.69 
17.265 120 13 04 50
17.265 244 0.52
17.27 22 14.35
17.27 23 0.36
17.27 25 8.00
17.27 30 0.00
17.27 B1 8361.94 9019.10 
17.27 B3 8665.11 9343.05 
17.27 120 13 04 50
17.27 244 0.52
17.275 22 14.35
17.275 23 0.37
17.275 25 8.00
17.275 30 0.00
17.275 B1 8356.43 9014.06 
17.275 B3 8661.21 9340.35 
17.275 120 13 04 50
17.275 244 0.52
17.28 22 14.35
17.28 23 0.37
17.28 25 8.00
17.28 30 0.00
17.28 B1 8350.88 9008.99 
17.28 B3 8657.24 9337.58 
17.28 120 13 04 50
17.28 244 0.52
17.285 22 14.35
17.285 23 0.37
17.285 25 8.00
17.285 30 0.00
17.285 B1 8345.30 9003.88 
17.285 B3 8653.19 9334.75 
17.285 120 13 04 50
17.285 244 0.52
17.29 22 14.36
17.29 23 0.37
17.29 25 8.00
17.29 30 0.00
17.29 B1 8339.68 8998.73 
17.29 B3 8649.04 9331.85 
17.29 120 13 04 50
17.29 244 0.52
17.295 22 14.36
17.295 23 0.38
17.295 25 7.89
17.295 30 0.00
17.295 B1 8334.03 8993.54 
17.295 B3 8644.82 9328.89 
17.295 120 13 04 50
17.295 244 0.52
17.3 22 14.36
17.3 23 0.38
17.3 25 8.00
17.3 30 0.00
17.3 B1 8328.19 8988.04 
17.3 B3 8639.33 9324.66 
17.3 120 13 04 50
17.3 244 0.52
17.305 22 14.36
17.305 23 0.38
17.305 25 8.00
17.305 30 0.00
17.305 B1 8321.19 8981.53 
17.305 B3 8633.97 9320.55 
17.305 120 13 04 50
17.305 244 0.52
17.31 22 14.36
17.31 23 0.38
17.31 25 8.00
17.31 30 0.00
17.31 B1 8314.47 8975.23 
17.31 B3 8628.72 9316.53 
17.31 120 13 04 50
17.31 244 0.52
17.315 22 14.36
17.315 23 0.38
17.315 25 8.00
17.315 30 0.00
17.315 B1 8307.95 8969.12 
17.315 B3 8623.54 9312.57 
17.315 120 13 04 50
17.315 244 0.52
17.32 22 14.36
17.32 23 0.37
17.32 25 8.00
17.32 30 0.00
17.32 B1 8301.58 8963.14 
17.32 B3 8618.41 9308.64 
17.32 120 13 04 50
17.32 244 0.52
17.325 22 14.36
17.325 23 0.37
17.325 25 8.00
17.325 30 0.00
17.325 B1 8295.31 8957.25 
17.325 B3 8613.33 9304.73 
17.325 120 13 04 50
17.325 244 0.52
17.33 22 14.36
17.33 23 0.38
17.33 25 8.00
17.33 30 0.00
17.33 B1 8289.10 8951.42 
17.33 B3 8608.26 9300.82 
17.33 120 13 04 50
17.33 244 0.52
17.335 22 14.36
17.335 23 0.38
17.335 25 7.89
17.335 30 0.00
17.335 B1 8284.26 8946.97 
17.335 B3 8604.40 9298.10 
17.335 120 13 04 50
17.335 244 0.52
17.34 22 14.36
17.34 23 0.39
17.34 25 7.78
17.34 30 0.00
17.34 B1 8278.98 8942.00 
17.34 B3 8599.13 9293.98 
17.34 120 13 04 50
17.34 244 0.52
17.345 22 14.36
17.345 23 0.39
17.345 25 7.10
17.345 30 0.00
17.345 B1 8276.03 8939.27 
17.345 B3 8595.09 9291.06 
17.345 120 13 04 50
17.345 244 0.52
17.35 22 14.36
17.35 23 0.42
17.35 25 7.10
17.35 30 0.00
17.35 B1 8277.97 8940.77 
17.35 B3 8589.66 9286.74 
17.35 120 13 04 50
17.35 244 0.52
17.355 22 14.36
17.355 23 0.44
17.355 25 5.75
17.355 30 0.00
17.355 B1 8277.98 8940.82 
17.355 B3 8584.31 9282.44 
17.355 120 13 04 50
17.355 244 0.52
17.36 22 14.35
17.36 23 0.52
17.36 25 5.75
17.36 30 0.00
17.36 B1 8288.70 8950.30 
17.36 B3 8579.00 9278.15 
17.36 120 13 04 50
17.36 244 0.52
17.365 22 14.35
17.365 23 0.56
17.365 25 5.64
17.365 30 0.00
17.365 B1 8295.46 8956.73 
17.365 B3 8573.76 9273.86 
17.365 120 13 04 50
17.365 244 0.52
17.37 22 14.34
17.37 23 0.59
17.37 25 5.42
17.37 30 0.00
17.37 B1 8300.12 8961.52 
17.37 B3 8568.60 9269.59 
17.37 120 13 04 50
17.37 244 0.52
17.375 22 14.34
17.375 23 0.63
17.375 25 5.42
17.375 30 0.00
17.375 B1 8305.43 8967.06 
17.375 B3 8564.69 9266.53 
17.375 120 13 04 50
17.375 244 0.52
17.38 22 14.34
17.38 23 0.66
17.38 25 5.42
17.38 30 0.00
17.38 B1 8308.15 8970.43 
17.38 B3 8560.61 9263.28 
17.38 120 13 04 50
17.38 244 0.52
17.385 22 14.33
17.385 23 0.68
17.385 25 5.42
17.385 30 0.00
17.385 B1 8307.63 8970.78 
17.385 B3 8555.23 9258.68 
17.385 120 13 04 50
17.385 244 0.52
17.39 22 14.33
17.39 23 0.70
17.39 25 5.31
17.39 30 0.00
17.39 B1 8305.96 8970.04 
17.39 B3 8549.95 9254.12 
17.39 120 13 04 50
17.39 244 0.52
17.395 22 14.33
17.395 23 0.71
17.395 25 5.31
17.395 30 0.00
17.395 B1 8305.64 8970.52 
17.395 B3 8545.98 9250.81 
17.395 120 13 04 50
17.395 244 0.52
17.4 22 14.33
17.4 23 0.73
17.4 25 5.19
17.4 30 0.00
17.4 B1 8304.14 8969.89 
17.4 B3 8541.86 9247.34 
17.4 120 13 04 50
17.4 244 0.52
17.405 22 14.33
17.405 23 0.75
17.405 25 4.85
17.405 30 0.00
17.405 B1 8302.62 8969.12 
17.405 B3 8537.62 9243.75 
17.405 120 13 04 50
17.405 244 0.52
17.41 22 14.32
17.41 23 0.78
17.41 25 4.85
17.41 30 0.00
17.41 B1 8301.52 8968.15 
17.41 B3 8532.09 9238.84 
17.41 120 13 04 50
17.41 244 0.52
17.415 22 14.32
17.415 23 0.79
17.415 25 4.63
17.415 30 0.00
17.415 B1 8299.44 8966.44 
17.415 B3 8526.71 9234.03 
17.415 120 13 04 50
17.415 244 0.52
17.42 22 14.32
17.42 23 0.81
17.42 25 4.29
17.42 30 0.00
17.42 B1 8299.63 8966.55 
17.42 B3 8522.64 9230.50 
17.42 120 13 04 50
17.42 244 0.52
17.425 22 14.32
17.425 23 0.86
17.425 25 4.06
17.425 30 0.00
17.425 B1 8300.73 8966.99 
17.425 B3 8518.45 9226.84 
17.425 120 13 04 50
17.425 244 0.52
17.43 22 14.31
17.43 23 0.89
17.43 25 3.95
17.43 30 0.00
17.43 B1 8300.30 8965.77 
17.43 B3 8512.97 9221.90 
17.43 120 13 04 50
17.43 244 0.52
17.435 22 14.31
17.435 23 0.91
17.435 25 3.95
17.435 30 0.00
17.435 B1 8299.42 8964.24 
17.435 B3 8507.65 9217.07 
17.435 120 13 04 50
17.435 244 0.52
17.44 22 14.31
17.44 23 0.92
17.44 25 3.39
17.44 30 0.00
17.44 B1 8297.69 8962.25 
17.44 B3 8502.46 9212.33 
17.44 120 13 04 50
17.44 244 0.52
17.445 22 14.29
17.445 23 0.99
17.445 25 3.39
17.445 30 0.00
17.445 B1 8297.33 8960.90 
17.445 B3 8497.37 9207.66 
17.445 120 13 04 50
17.445 244 0.52
17.45 22 14.29
17.45 23 0.99
17.45 25 3.05
17.45 30 0.00
17.45 B1 8296.12 8958.82 
17.45 B3 8492.38 9203.07 
17.45 120 13 04 50
17.45 244 0.52
17.455 22 14.24
17.455 23 1.03
17.455 25 2.83
17.455 30 0.00
17.455 B1 8294.92 8958.35 
17.455 B3 8487.47 9198.53 
17.455 120 13 04 50
17.455 244 0.52
17.46 22 14.19
17.46 23 1.06
17.46 25 2.83
17.46 30 0.00
17.46 B1 8293.99 8958.38 
17.46 B3 8482.66 9194.04 
17.46 120 13 04 50
17.46 244 0.52
17.465 22 14.20
17.465 23 1.07
17.465 25 2.71
17.465 30 0.00
17.465 B1 8292.15 8957.36 
17.465 B3 8477.94 9189.57 
17.465 120 13 04 50
17.465 244 0.52
17.47 22 14.18
17.47 23 1.09
17.47 25 2.71
17.47 30 0.00
17.47 B1 8291.72 8957.56 
17.47 B3 8474.47 9186.33 
17.47 120 13 04 50
17.47 244 0.52
17.475 22 14.20
17.475 23 1.10
17.475 25 2.71
17.475 30 0.00
17.475 B1 8290.25 8956.69 
17.475 B3 8470.85 9182.91 
17.475 120 13 04 50
17.475 244 0.52
17.48 22 14.21
17.48 23 1.11
17.48 25 2.71
17.48 30 0.00
17.48 B1 8288.05 8954.98 
17.48 B3 8467.08 9179.34 
17.48 120 13 04 50
17.48 244 0.52
17.485 22 14.22
17.485 23 1.12
17.485 25 2.71
17.485 30 0.00
17.485 B1 8284.24 8951.31 
17.485 B3 8462.00 9174.47 
17.485 120 13 04 50
17.485 244 0.52
17.49 22 14.23
17.49 23 1.12
17.49 25 2.60
17.49 30 0.00
17.49 B1 8280.54 8947.46 
17.49 B3 8457.03 9169.67 
17.49 120 13 04 50
17.49 244 0.52
17.495 22 14.22
17.495 23 1.13
17.495 25 2.60
17.495 30 0.00
17.495 B1 8277.04 8944.17 
17.495 B3 8452.15 9164.95 
17.495 120 13 04 50
17.495 244 0.52
17.5 22 14.23
17.5 23 1.13
17.5 25 2.60
17.5 30 0.00
17.5 B1 8273.56 8940.60 
17.5 B3 8447.34 9160.27 
17.5 120 13 04 50
17.5 244 0.52
17.505 22 14.24
17.505 23 1.14
17.505 25 2.60
17.505 30 0.00
17.505 B1 8270.08 8936.81 
17.505 B3 8442.58 9155.64 
17.505 120 13 04 50
17.505 244 0.52
17.51 22 14.25
17.51 23 1.14
17.51 25 2.60
17.51 30 0.00
17.51 B1 8267.91 8934.17 
17.51 B3 8439.05 9152.23 
17.51 120 13 04 50
17.51 244 0.52
17.515 22 14.25
17.515 23 1.15
17.515 25 2.71
17.515 30 0.00
17.515 B1 8264.05 8929.78 
17.515 B3 8434.10 9147.46 
17.515 120 13 04 50
17.515 244 0.52
17.52 22 14.28
17.52 23 1.13
17.52 25 2.60
17.52 30 0.00
17.52 B1 8261.30 8925.96 
17.52 B3 8430.40 9143.94 
17.52 120 13 04 50
17.52 244 0.52
17.525 22 14.27
17.525 23 1.15
17.525 25 2.60
17.525 30 0.00
17.525 B1 8258.54 8922.70 
17.525 B3 8426.49 9140.26 
17.525 120 13 04 50
17.525 244 0.52
17.53 22 14.28
17.53 23 1.16
17.53 25 2.60
17.53 30 0.00
17.53 B1 8255.52 8919.14 
17.53 B3 8422.41 9136.45 
17.53 120 13 04 50
17.53 244 0.52
17.535 22 14.28
17.535 23 1.16
17.535 25 2.60
17.535 30 0.00
17.535 B1 8252.28 8915.35 
17.535 B3 8418.19 9132.53 
17.535 120 13 04 50
17.535 244 0.52
17.54 22 14.29
17.54 23 1.16
17.54 25 2.60
17.54 30 0.00
17.54 B1 8248.87 8911.64 
17.54 B3 8413.85 9128.51 
17.54 120 13 04 50
17.54 244 0.52
17.545 22 14.29
17.545 23 1.17
17.545 25 2.60
17.545 30 0.00
17.545 B1 8245.30 8908.00 
17.545 B3 8409.39 9124.39 
17.545 120 13 04 50
17.545 244 0.52
17.55 22 14.29
17.55 23 1.17
17.55 25 2.60
17.55 30 0.00
17.55 B1 8241.61 8904.42 
17.55 B3 8404.86 9120.20 
17.55 120 13 04 50
17.55 244 0.52
17.555 22 14.29
17.555 23 1.17
17.555 25 2.60
17.555 30 0.00
17.555 B1 8237.81 8900.88 
17.555 B3 8400.23 9115.94 
17.555 120 13 04 50
17.555 244 0.52
17.56 22 14.29
17.56 23 1.18
17.56 25 2.71
17.56 30 0.00
17.56 B1 8233.91 8897.35 
17.56 B3 8395.53 9111.61 
17.56 120 13 04 50
17.56 244 0.52
17.565 22 14.29
17.565 23 1.17
17.565 25 2.71
17.565 30 0.00
17.565 B1 8228.12 8892.36 
17.565 B3 8389.58 9106.02 
17.565 120 13 04 50
17.565 244 0.52
17.57 22 14.29
17.57 23 1.16
17.57 25 2.71
17.57 30 0.00
17.57 B1 8222.67 8887.64 
17.57 B3 8383.79 9100.57 
17.57 120 13 04 50
17.57 244 0.52
17.575 22 14.30
17.575 23 1.16
17.575 25 2.60
17.575 30 0.00
17.575 B1 8217.44 8883.12 
17.575 B3 8378.11 9095.20 
17.575 120 13 04 50
17.575 244 0.52
17.58 22 14.30
17.58 23 1.17
17.58 25 2.60
17.58 30 0.00
17.58 B1 8212.93 8878.94 
17.58 B3 8372.54 9089.92 
17.58 120 13 04 50
17.58 244 0.52
17.585 22 14.30
17.585 23 1.17
17.585 25 2.71
17.585 30 0.00
17.585 B1 8208.41 8874.84 
17.585 B3 8367.04 9084.70 
17.585 120 13 04 50
17.585 244 0.52
17.59 22 14.30
17.59 23 1.16
17.59 25 2.71
17.59 30 0.00
17.59 B1 8203.27 8870.54 
17.59 B3 8361.59 9079.53 
17.59 120 13 04 50
17.59 244 0.52
17.595 22 14.30
17.595 23 1.16
17.595 25 2.60
17.595 30 0.00
17.595 B1 8198.21 8866.30 
17.595 B3 8356.17 9074.38 
17.595 120 13 04 50
17.595 244 0.52
17.6 22 14.30
17.6 23 1.17
17.6 25 2.60
17.6 30 0.00
17.6 B1 8193.86 8862.37 
17.6 B3 8350.77 9069.26 
17.6 120 13 04 50
17.6 244 0.52
17.605 22 14.30
17.605 23 1.17
17.605 25 2.71
17.605 30 0.00
17.605 B1 8189.40 8858.42 
17.605 B3 8345.38 9064.15 
17.605 120 13 04 50
17.605 244 0.52
17.61 22 14.30
17.61 23 1.17
17.61 25 2.71
17.61 30 0.00
17.61 B1 8182.82 8852.78 
17.61 B3 8338.80 9057.85 
17.61 120 13 04 50
17.61 244 0.52
17.615 22 14.31
17.615 23 1.16
17.615 25 2.71
17.615 30 0.00
17.615 B1 8177.93 8848.74 
17.615 B3 8333.65 9052.93 
17.615 120 13 04 50
17.615 244 0.52
17.62 22 14.31
17.62 23 1.16
17.62 25 2.60
17.62 30 0.00
17.62 B1 8172.99 8844.64 
17.62 B3 8328.43 9047.98 
17.62 120 13 04 50
17.62 244 0.52
17.625 22 14.31
17.625 23 1.17
17.625 25 2.60
17.625 30 0.00
17.625 B1 8168.78 8840.86 
17.625 B3 8323.17 9042.98 
17.625 120 13 04 50
17.625 244 0.52
17.63 22 14.31
17.63 23 1.18
17.63 25 2.60
17.63 30 0.00
17.63 B1 8164.34 8836.96 
17.63 B3 8317.86 9037.96 
17.63 120 13 04 50
17.63 244 0.52
17.635 22 14.31
17.635 23 1.18
17.635 25 2.60
17.635 30 0.00
17.635 B1 8158.41 8831.63 
17.635 B3 8311.32 9031.70 
17.635 120 13 04 50
17.635 244 0.52
17.64 22 14.31
17.64 23 1.18
17.64 25 2.60
17.64 30 0.00
17.64 B1 8152.65 8826.48 
17.64 B3 8304.97 9025.60 
17.64 120 13 04 50
17.64 244 0.52
17.645 22 14.31
17.645 23 1.18
17.645 25 2.71
17.645 30 0.00
17.645 B1 8147.00 8821.45 
17.645 B3 8298.77 9019.63 
17.645 120 13 04 50
17.645 244 0.52
17.65 22 14.31
17.65 23 1.17
17.65 25 2.71
17.65 30 0.00
17.65 B1 8140.58 8815.99 
17.65 B3 8292.69 9013.76 
17.65 120 13 04 50
17.65 244 0.52
17.655 22 14.31
17.655 23 1.17
17.655 25 2.60
17.655 30 0.00
17.655 B1 8134.42 8810.67 
17.655 B3 8286.69 9007.97 
17.655 120 13 04 50
17.655 244 0.52
17.66 22 14.31
17.66 23 1.17
17.66 25 2.60
17.66 30 0.00
17.66 B1 8129.31 8806.00 
17.66 B3 8280.75 9002.23 
17.66 120 13 04 50
17.66 244 0.52
17.665 22 14.31
17.665 23 1.18
17.665 25 2.71
17.665 30 0.00
17.665 B1 8124.12 8801.30 
17.665 B3 8274.86 8996.54 
17.665 120 13 04 50
17.665 244 0.52
17.67 22 14.32
17.67 23 1.17
17.67 25 2.60
17.67 30 0.00
17.67 B1 8119.30 8797.27 
17.67 B3 8270.20 8992.08 
17.67 120 13 04 50
17.67 244 0.52
17.675 22 14.31
17.675 23 1.18
17.675 25 2.60
17.675 30 0.00
17.675 B1 8113.88 8792.33 
17.675 B3 8264.12 8986.26 
17.675 120 13 04 50
17.675 244 0.52
17.68 22 14.32
17.68 23 1.18
17.68 25 2.71
17.68 30 0.00
17.68 B1 8108.45 8787.37 
17.68 B3 8258.10 8980.48 
17.68 120 13 04 50
17.68 244 0.52
17.685 22 14.32
17.685 23 1.18
17.685 25 2.71
17.685 30 0.00
17.685 B1 8102.08 8781.70 
17.685 B3 8252.12 8974.73 
17.685 120 13 04 50
17.685 244 0.52
17.69 22 14.32
17.69 23 1.18
17.69 25 2.60
17.69 30 0.00
17.69 B1 8095.90 8776.12 
17.69 B3 8246.17 8969.01 
17.69 120 13 04 50
17.69 244 0.52
17.695 22 14.32
17.695 23 1.19
17.695 25 2.60
17.695 30 0.00
17.695 B1 8090.78 8771.32 
17.695 B3 8240.23 8963.30 
17.695 120 13 04 50
17.695 244 0.52
17.7 22 14.32
17.7 23 1.19
17.7 25 2.60
17.7 30 0.00
17.7 B1 8085.54 8766.43 
17.7 B3 8234.29 8957.59 
17.7 120 13 04 50
17.7 244 0.52
17.705 22 14.32
17.705 23 1.19
17.705 25 2.60
17.705 30 0.00
17.705 B1 8080.19 8761.43 
17.705 B3 8228.37 8951.89 
17.705 120 13 04 50
17.705 244 0.52
17.71 22 14.32
17.71 23 1.19
17.71 25 2.60
17.71 30 0.00
17.71 B1 8074.76 8756.35 
17.71 B3 8222.43 8946.19 
17.71 120 13 04 50
17.71 244 0.52
17.715 22 14.32
17.715 23 1.20
17.715 25 2.60
17.715 30 0.00
17.715 B1 8069.26 8751.19 
17.715 B3 8216.49 8940.48 
17.715 120 13 04 50
17.715 244 0.52
17.72 22 14.32
17.72 23 1.20
17.72 25 2.71
17.72 30 0.00
17.72 B1 8065.02 8747.29 
17.72 B3 8211.85 8935.95 
17.72 120 13 04 50
17.72 244 0.52
17.725 22 14.31
17.725 23 1.20
17.725 25 2.60
17.725 30 0.00
17.725 B1 8059.44 8742.24 
17.725 B3 8207.04 8931.22 
17.725 120 13 04 50
17.725 244 0.52
17.73 22 14.31
17.73 23 1.21
17.73 25 2.71
17.73 30 0.00
17.73 B1 8054.77 8737.90 
17.73 B3 8202.09 8926.31 
17.73 120 13 04 50
17.73 244 0.52
17.735 22 14.31
17.735 23 1.21
17.735 25 2.71
17.735 30 0.00
17.735 B1 8048.83 8732.49 
17.735 B3 8197.02 8921.25 
17.735 120 13 04 50
17.735 244 0.52
17.74 22 14.31
17.74 23 1.21
17.74 25 2.60
17.74 30 0.00
17.74 B1 8042.90 8727.03 
17.74 B3 8191.86 8916.06 
17.74 120 13 04 50
17.74 244 0.52
17.745 22 14.30
17.745 23 1.22
17.745 25 2.60
17.745 30 0.00
17.745 B1 8036.65 8721.05 
17.745 B3 8185.42 8909.56 
17.745 120 13 04 50
17.745 244 0.52
17.75 22 14.30
17.75 23 1.22
17.75 25 2.60
17.75 30 0.00
17.75 B1 8030.48 8715.14 
17.75 B3 8179.17 8903.15 
17.75 120 13 04 50
17.75 244 0.52
17.755 22 14.30
17.755 23 1.22
17.755 25 2.71
17.755 30 0.00
17.755 B1 8024.37 8709.29 
17.755 B3 8173.06 8896.82 
17.755 120 13 04 50
17.755 244 0.52
17.76 22 14.30
17.76 23 1.22
17.76 25 2.60
17.76 30 0.00
17.76 B1 8018.59 8703.95 
17.76 B3 8168.26 8891.75 
17.76 120 13 04 50
17.76 244 0.52
17.765 22 14.30
17.765 23 1.22
17.765 25 2.60
17.765 30 0.00
17.765 B1 8012.45 8698.06 
17.765 B3 8162.07 8885.32 
17.765 120 13 04 50
17.765 244 0.52
17.77 22 14.29
17.77 23 1.22
17.77 25 2.60
17.77 30 0.00
17.77 B1 8006.31 8692.20 
17.77 B3 8156.00 8878.97 
17.77 120 13 04 50
17.77 244 0.52
17.775 22 14.29
17.775 23 1.23
17.775 25 2.60
17.775 30 0.00
17.775 B1 8000.20 8686.36 
17.775 B3 8150.00 8872.67 
17.775 120 13 04 50
17.775 244 0.52
17.78 22 14.29
17.78 23 1.23
17.78 25 2.41
17.78 30 0.00
17.78 B1 7995.40 8681.86 
17.78 B3 8145.25 8867.59 
17.78 120 13 04 50
17.78 244 0.52
17.785 22 14.28
17.785 23 1.24
17.785 25 2.20
17.785 30 0.00
17.785 B1 7992.05 8678.57 
17.785 B3 8140.29 8862.35 
17.785 120 13 04 50
17.785 244 0.52
17.79 22 14.28
17.79 23 1.26
17.79 25 1.90
17.79 30 0.00
17.79 B1 7989.87 8676.27 
17.79 B3 8135.15 8856.96 
17.79 120 13 04 50
17.79 244 0.52
17.795 22 14.27
17.795 23 1.29
17.795 25 1.90
17.795 30 0.00
17.795 B1 7987.95 8674.03 
17.795 B3 8128.68 8850.27 
17.795 120 13 04 50
17.795 244 0.52
17.8 22 14.27
17.8 23 1.30
17.8 25 1.91
17.8 30 0.00
17.8 B1 7985.01 8671.06 
17.8 B3 8122.38 8843.67 
17.8 120 13 04 50
17.8 244 0.52
17.805 22 14.26
17.805 23 1.31
17.805 25 1.91
17.805 30 0.00
17.805 B1 7982.53 8668.77 
17.805 B3 8117.39 8838.35 
17.805 120 13 04 50
17.805 244 0.52
17.81 22 14.26
17.81 23 1.32
17.81 25 1.94
17.81 30 0.00
17.81 B1 7979.16 8665.75 
17.81 B3 8112.23 8832.90 
17.81 120 13 04 50
17.81 244 0.52
17.815 22 14.25
17.815 23 1.33
17.815 25 1.64
17.815 30 0.00
17.815 B1 7974.88 8661.97 
17.815 B3 8106.95 8827.34 
17.815 120 13 04 50
17.815 244 0.52
17.82 22 14.25
17.82 23 1.35
17.82 25 1.22
17.82 30 0.00
17.82 B1 7971.42 8658.57 
17.82 B3 8100.36 8820.48 
17.82 120 13 04 50
17.82 244 0.52
17.825 22 14.24
17.825 23 1.38
17.825 25 1.01
17.825 30 0.00
17.825 B1 7972.13 8658.60 
17.825 B3 8095.15 8814.94 
17.825 120 13 04 50
17.825 244 0.52
17.83 22 14.23
17.83 23 1.41
17.83 25 1.01
17.83 30 0.00
17.83 B1 7972.84 8658.50 
17.83 B3 8089.83 8809.31 
17.83 120 13 04 50
17.83 244 0.52
17.835 22 14.22
17.835 23 1.43
17.835 25 0.19
17.835 30 0.00
17.835 B1 7971.91 8657.32 
17.835 B3 8084.43 8803.60 
17.835 120 13 04 50
17.835 244 0.52
17.84 22 14.20
17.84 23 1.51
17.84 25 0.00
17.84 30 0.00
17.84 B1 7974.03 8656.35 
17.84 B3 8077.77 8796.64 
17.84 120 13 04 50
17.84 244 0.52
17.845 22 14.19
17.845 23 1.54
17.845 25 0.00
17.845 30 0.00
17.845 B1 7975.23 8654.82 
17.845 B3 8071.36 8789.85 
17.845 120 13 04 50
17.845 244 0.52
17.85 22 14.19
17.85 23 1.55
17.85 25 0.00
17.85 30 0.00
17.85 B1 7976.18 8654.03 
17.85 B3 8066.35 8784.39 
17.85 120 13 04 50
17.85 244 0.52
17.855 22 14.18
17.855 23 1.56
17.855 25 0.00
17.855 30 0.00
17.855 B1 7974.29 8651.19 
17.855 B3 8060.03 8777.66 
17.855 120 13 04 50
17.855 244 0.52
17.86 22 14.18
17.86 23 1.57
17.86 25 0.00
17.86 30 0.00
17.86 B1 7971.60 8648.05 
17.86 B3 8053.89 8771.06 
17.86 120 13 04 50
17.86 244 0.52
17.865 22 14.17
17.865 23 1.58
17.865 25 0.00
17.865 30 0.00
17.865 B1 7969.61 8646.00 
17.865 B3 8049.09 8765.77 
17.865 120 13 04 50
17.865 244 0.52
17.87 22 14.17
17.87 23 1.59
17.87 25 0.00
17.87 30 0.00
17.87 B1 7965.49 8642.14 
17.87 B3 8042.93 8759.15 
17.87 120 13 04 50
17.87 244 0.52
17.875 22 14.16
17.875 23 1.59
17.875 25 0.00
17.875 30 0.00
17.875 B1 7961.08 8638.18 
17.875 B3 8036.90 8752.73 
17.875 120 13 04 50
17.875 244 0.52
17.88 22 14.16
17.88 23 1.59
17.88 25 0.00
17.88 30 0.00
17.88 B1 7957.76 8635.45 
17.88 B3 8032.17 8747.71 
17.88 120 13 04 50
17.88 244 0.52
17.885 22 14.15
17.885 23 1.60
17.885 25 0.00
17.885 30 0.00
17.885 B1 7952.59 8631.02 
17.885 B3 8026.05 8741.44 
17.885 120 13 04 50
17.885 244 0.52
17.89 22 14.15
17.89 23 1.60
17.89 25 0.00
17.89 30 0.00
17.89 B1 7948.67 8627.91 
17.89 B3 8021.23 8736.52 
17.89 120 13 04 50
17.89 244 0.52
17.895 22 14.14
17.895 23 1.61
17.895 25 0.00
17.895 30 0.00
17.895 B1 7944.33 8624.48 
17.895 B3 8016.22 8731.51 
17.895 120 13 04 50
17.895 244 0.52
17.9 22 14.14
17.9 23 1.61
17.9 25 0.00
17.9 30 0.00
17.9 B1 7939.67 8620.81 
17.9 B3 8011.06 8726.43 
17.9 120 13 04 50
17.9 244 0.52
17.905 22 14.13
17.905 23 1.62
17.905 25 0.00
17.905 30 0.00
17.905 B1 7933.43 8615.62 
17.905 B3 8004.57 8720.10 
17.905 120 13 04 50
17.905 244 0.52
17.91 22 14.12
17.91 23 1.61
17.91 25 0.00
17.91 30 0.00
17.91 B1 7927.31 8610.53 
17.91 B3 7998.25 8713.93 
17.91 120 13 04 50
17.91 244 0.52
17.915 22 14.12
17.915 23 1.61
17.915 25 0.00
17.915 30 0.00
17.915 B1 7922.58 8606.84 
17.915 B3 7993.23 8709.08 
17.915 120 13 04 50
17.915 244 0.52
17.92 22 14.11
17.92 23 1.62
17.92 25 0.00
17.92 30 0.00
17.92 B1 7917.57 8602.91 
17.92 B3 7988.02 8704.12 
17.92 120 13 04 50
17.92 244 0.52
17.925 22 14.11
17.925 23 1.63
17.925 25 0.00
17.925 30 0.00
17.925 B1 7911.01 8597.47 
17.925 B3 7981.47 8697.87 
17.925 120 13 04 50
17.925 244 0.52
17.93 22 14.10
17.93 23 1.62
17.93 25 0.00
17.93 30 0.00
17.93 B1 7904.60 8592.14 
17.93 B3 7975.05 8691.75 
17.93 120 13 04 50
17.93 244 0.52
17.935 22 14.10
17.935 23 1.62
17.935 25 0.00
17.935 30 0.00
17.935 B1 7899.62 8588.21 
17.935 B3 7969.93 8686.94 
17.935 120 13 04 50
17.935 244 0.52
17.94 22 14.09
17.94 23 1.63
17.94 25 0.00
17.94 30 0.00
17.94 B1 7893.05 8582.73 
17.94 B3 7963.41 8680.79 
17.94 120 13 04 50
17.94 244 0.52
17.945 22 14.09
17.945 23 1.63
17.945 25 0.00
17.945 30 0.00
17.945 B1 7886.60 8577.34 
17.945 B3 7956.99 8674.74 
17.945 120 13 04 50
17.945 244 0.52
17.95 22 14.08
17.95 23 1.63
17.95 25 0.00
17.95 30 0.00
17.95 B1 7880.22 8572.00 
17.95 B3 7950.63 8668.78 
17.95 120 13 04 50
17.95 244 0.52
17.955 22 14.07
17.955 23 1.63
17.955 25 0.00
17.955 30 0.00
17.955 B1 7873.90 8566.70 
17.955 B3 7944.32 8662.88 
17.955 120 13 04 50
17.955 244 0.52
17.96 22 14.07
17.96 23 1.63
17.96 25 0.00
17.96 30 0.00
17.96 B1 7867.59 8561.40 
17.96 B3 7938.03 8657.02 
17.96 120 13 04 50
17.96 244 0.52
17.965 22 14.06
17.965 23 1.63
17.965 25 0.00
17.965 30 0.00
17.965 B1 7861.29 8556.10 
17.965 B3 7931.75 8651.19 
17.965 120 13 04 50
17.965 244 0.52
17.97 22 14.06
17.97 23 1.63
17.97 25 0.00
17.97 30 0.00
17.97 B1 7856.30 8552.11 
17.97 B3 7926.66 8646.59 
17.97 120 13 04 50
17.97 244 0.52
17.975 22 14.05
17.975 23 1.64
17.975 25 0.00
17.975 30 0.00
17.975 B1 7850.95 8547.80 
17.975 B3 7921.29 8641.77 
17.975 120 13 04 50
17.975 244 0.52
17.98 22 14.04
17.98 23 1.65
17.98 25 0.00
17.98 30 0.00
17.98 B1 7845.32 8543.23 
17.98 B3 7915.71 8636.78 
17.98 120 13 04 50
17.98 244 0.52
17.985 22 14.04
17.985 23 1.66
17.985 25 0.00
17.985 30 0.00
17.985 B1 7838.16 8537.13 
17.985 B3 7908.74 8630.45 
17.985 120 13 04 50
17.985 244 0.52
17.99 22 14.03
17.99 23 1.65
17.99 25 0.00
17.99 30 0.00
17.99 B1 7831.16 8531.13 
17.99 B3 7901.89 8624.23 
17.99 120 13 04 50
17.99 244 0.52
17.995 22 14.02
17.995 23 1.65
17.995 25 0.00
17.995 30 0.00
17.995 B1 7826.92 8527.84 
17.995 B3 7897.51 8620.48 
17.995 120 13 04 50
17.995 244 0.52
18 22 14.02
18 23 1.67
18 25 0.00
18 30 0.00
18 B1 7822.06 8524.02 
18 B3 7892.65 8616.33 
18 120 13 04 50
18 244 0.52
18.005 22 14.01
18.005 23 1.68
18.005 25 0.00
18.005 30 0.00
18.005 B1 7815.42 8518.44 
18.005 B3 7886.22 8610.68 
18.005 120 13 04 50
18.005 244 0.52
18.01 22 14.00
18.01 23 1.68
18.01 25 0.00
18.01 30 0.00
18.01 B1 7810.09 8514.15 
18.01 B3 7880.94 8606.18 
18.01 120 13 04 50
18.01 244 0.52
18.015 22 13.99
18.015 23 1.69
18.015 25 -1.31
18.015 30 0.00
18.015 B1 7804.39 8509.52 
18.015 B3 7875.36 8601.44 
18.015 120 13 04 50
18.015 244 0.52
18.02 22 13.96
18.02 23 1.78
18.02 25 -3.44
18.02 30 0.00
18.02 B1 7808.95 8510.76 
18.02 B3 7869.54 8596.47 
18.02 120 13 04 50
18.02 244 0.52
18.025 22 13.37
18.025 23 1.94
18.025 25 -4.27
18.025 30 0.00
18.025 B1 7821.79 8521.24 
18.025 B3 7863.55 8591.36 
18.025 120 13 04 50
18.025 244 0.52
18.03 22 12.92
18.03 23 2.00
18.03 25 -6.05
18.03 30 0.00
18.03 B1 7834.92 8532.19 
18.03 B3 7857.71 8586.03 
18.03 120 13 04 50
18.03 244 0.53
18.035 22 11.69
18.035 23 2.03
18.035 25 -6.05
18.035 30 0.00
18.035 B1 7854.31 8548.36 
18.035 B3 7853.34 8581.59 
18.035 120 13 04 50
18.035 244 0.53
18.04 22 11.76
18.04 23 2.10
18.04 25 -8.54
18.04 30 0.00
18.04 B1 7868.01 8559.06 
18.04 B3 7849.36 8576.36 
18.04 120 13 04 50
18.04 244 0.52
18.045 22 9.70
18.045 23 1.99
18.045 25 -12.32
18.045 30 0.00
18.045 B1 7886.53 8572.42 
18.045 B3 7844.48 8569.35 
18.045 120 13 04 50
18.045 244 0.52
18.05 22 6.57
18.05 23 1.52
18.05 25 -12.32
18.05 30 0.00
18.05 B1 7908.94 8586.06 
18.05 B3 7840.74 8561.45 
18.05 120 13 04 50
18.05 244 0.52
18.055 22 6.71
18.055 23 1.60
18.055 25 -12.32
18.055 30 0.00
18.055 B1 7927.97 8594.25 
18.055 B3 7838.73 8551.79 
18.055 120 13 04 50
18.055 244 0.52
18.06 22 6.86
18.06 23 1.67
18.06 25 -13.03
18.06 30 0.00
18.06 B1 7944.49 8598.33 
18.06 B3 7838.09 8540.81 
18.06 120 13 04 50
18.06 244 0.53
18.065 22 6.45
18.065 23 1.61
18.065 25 -14.57
18.065 30 0.00
18.065 B1 7961.20 8600.94 
18.065 B3 7839.69 8530.06 
18.065 120 13 04 50
18.065 244 0.53
18.07 22 5.47
18.07 23 1.39
18.07 25 -14.57
18.07 30 0.00
18.07 B1 7976.95 8600.58 
18.07 B3 7842.01 8518.22 
18.07 120 13 04 50
18.07 244 0.53
18.075 22 5.62
18.075 23 1.45
18.075 25 -14.57
18.075 30 0.00
18.075 B1 7991.97 8598.18 
18.075 B3 7845.12 8505.17 
18.075 120 13 04 50
18.075 244 0.53
18.08 22 5.76
18.08 23 1.50
18.08 25 -15.16
18.08 30 0.00
18.08 B1 8006.37 8594.28 
18.08 B3 7848.88 8491.26 
18.08 120 13 04 50
18.08 244 0.53
18.085 22 5.47
18.085 23 1.43
18.085 25 -15.40
18.085 30 0.00
18.085 B1 8020.32 8589.03 
18.085 B3 7853.16 8476.79 
18.085 120 13 04 50
18.085 244 0.53
18.09 22 5.43
18.09 23 1.42
18.09 25 -15.76
18.09 30 0.00
18.09 B1 8034.05 8582.87 
18.09 B3 7857.94 8461.82 
18.09 120 13 04 50
18.09 244 0.53
18.095 22 5.31
18.095 23 1.39
18.095 25 -15.76
18.095 30 0.00
18.095 B1 8048.95 8577.31 
18.095 B3 7864.38 8447.70 
18.095 120 13 04 50
18.095 244 0.53
18.1 22 5.44
18.1 23 1.43
18.1 25 -15.99
18.1 30 0.00
18.1 B1 8063.50 8571.13 
18.1 B3 7870.97 8433.09 
18.1 120 13 04 50
18.1 244 0.53
18.105 22 5.39
18.105 23 1.42
18.105 25 -16.11
18.105 30 0.00
18.105 B1 8076.37 8563.04 
18.105 B3 7876.53 8417.02 
18.105 120 13 04 50
18.105 244 0.53
18.11 22 5.42
18.11 23 1.42
18.11 25 -16.11
18.11 30 0.00
18.11 B1 8089.39 8554.95 
18.11 B3 7882.53 8401.05 
18.11 120 13 04 50
18.11 244 0.53
18.115 22 5.54
18.115 23 1.45
18.115 25 -16.11
18.115 30 0.00
18.115 B1 8102.49 8546.94 
18.115 B3 7888.91 8385.23 
18.115 120 13 04 50
18.115 244 0.53
18.12 22 5.64
18.12 23 1.47
18.12 25 -16.11
18.12 30 0.00
18.12 B1 8116.91 8540.35 
18.12 B3 7896.82 8370.86 
18.12 120 13 04 50
18.12 244 0.53
18.125 22 5.74
18.125 23 1.50
18.125 25 -16.11
18.125 30 0.00
18.125 B1 8130.93 8533.56 
18.125 B3 7904.77 8356.59 
18.125 120 13 04 50
18.125 244 0.53
18.13 22 5.83
18.13 23 1.52
18.13 25 -16.11
18.13 30 0.00
18.13 B1 8144.60 8526.65 
18.13 B3 7912.79 8342.52 
18.13 120 13 04 50
18.13 244 0.53
18.135 22 5.92
18.135 23 1.55
18.135 25 -16.11
18.135 30 0.00
18.135 B1 8157.97 8519.68 
18.135 B3 7920.89 8328.72 
18.135 120 13 04 50
18.135 244 0.53
18.14 22 5.99
18.14 23 1.56
18.14 25 -16.23
18.14 30 0.00
18.14 B1 8171.07 8512.69 
18.14 B3 7929.11 8315.26 
18.14 120 13 04 50
18.14 244 0.54
18.145 22 5.99
18.145 23 1.56
18.145 25 -16.71
18.145 30 0.00
18.145 B1 8185.29 8507.04 
18.145 B3 7938.64 8303.37 
18.145 120 13 04 50
18.145 244 0.54
18.15 22 5.73
18.15 23 1.48
18.15 25 -16.71
18.15 30 0.00
18.15 B1 8199.07 8501.04 
18.15 B3 7948.09 8291.62 
18.15 120 13 04 50
18.15 244 0.54
18.155 22 5.80
18.155 23 1.50
18.155 25 -16.71
18.155 30 0.00
18.155 B1 8212.60 8494.82 
18.155 B3 7957.57 8279.95 
18.155 120 13 04 50
18.155 244 0.54
18.16 22 5.86
18.16 23 1.51
18.16 25 -16.94
18.16 30 0.00
18.16 B1 8225.91 8488.46 
18.16 B3 7967.14 8268.44 
18.16 120 13 04 50
18.16 244 0.54
18.165 22 5.76
18.165 23 1.48
18.165 25 -17.18
18.165 30 0.00
18.165 B1 8239.04 8481.98 
18.165 B3 7976.82 8257.16 
18.165 120 13 04 50
18.165 244 0.54
18.17 22 5.66
18.17 23 1.44
18.17 25 -17.65
18.17 30 0.00
18.17 B1 8252.07 8475.36 
18.17 B3 7986.68 8246.10 
18.17 120 13 04 50
18.17 244 0.54
18.175 22 5.37
18.175 23 1.34
18.175 25 -18.13
18.175 30 0.00
18.175 B1 8264.96 8468.50 
18.175 B3 7996.77 8235.24 
18.175 120 13 04 50
18.175 244 0.54
18.18 22 5.08
18.18 23 1.23
18.18 25 -18.48
18.18 30 0.00
18.18 B1 8279.09 8462.61 
18.18 B3 8008.35 8225.67 
18.18 120 13 04 50
18.18 244 0.54
18.185 22 4.86
18.185 23 1.15
18.185 25 -18.72
18.185 30 0.00
18.185 B1 8292.95 8456.10 
18.185 B3 8020.03 8215.88 
18.185 120 13 04 50
18.185 244 0.54
18.19 22 4.74
18.19 23 1.10
18.19 25 -18.72
18.19 30 0.00
18.19 B1 8306.78 8449.16 
18.19 B3 8031.90 8205.88 
18.19 120 13 04 50
18.19 244 0.54
18.195 22 4.79
18.195 23 1.11
18.195 25 -18.84
18.195 30 0.00
18.195 B1 8320.88 8442.14 
18.195 B3 8044.04 8195.75 
18.195 120 13 04 50
18.195 244 0.54
18.2 22 4.75
18.2 23 1.09
18.2 25 -19.19
18.2 30 0.00
18.2 B1 8335.02 8434.91 
18.2 B3 8056.43 8185.60 
18.2 120 13 04 50
18.2 244 0.54
18.205 22 4.51
18.205 23 0.99
18.205 25 -19.19
18.205 30 0.00
18.205 B1 8348.90 8427.23 
18.205 B3 8069.13 8175.49 
18.205 120 13 04 50
18.205 244 0.54
18.21 22 4.55
18.21 23 0.99
18.21 25 -19.19
18.21 30 0.00
18.21 B1 8363.14 8419.56 
18.21 B3 8082.17 8165.36 
18.21 120 13 04 50
18.21 244 0.54
18.215 22 4.59
18.215 23 0.99
18.215 25 -19.19
18.215 30 0.00
18.215 B1 8377.61 8411.90 
18.215 B3 8095.56 8155.56 
18.215 120 13 04 50
18.215 244 0.54
18.22 22 4.61
18.22 23 0.99
18.22 25 -19.19
18.22 30 0.00
18.22 B1 8392.22 8404.23 
18.22 B3 8109.30 8146.35 
18.22 120 13 04 50
18.22 244 0.54
18.225 22 4.62
18.225 23 0.98
18.225 25 -19.19
18.225 30 0.00
18.225 B1 8406.92 8396.53 
18.225 B3 8123.38 8137.70 
18.225 120 13 04 50
18.225 244 0.54
18.23 22 4.62
18.23 23 0.97
18.23 25 -19.19
18.23 30 0.00
18.23 B1 8421.67 8388.81 
18.23 B3 8137.86 8129.59 
18.23 120 13 04 50
18.23 244 0.54
18.235 22 4.61
18.235 23 0.96
18.235 25 -19.19
18.235 30 0.00
18.235 B1 8436.43 8381.03 
18.235 B3 8153.15 8121.99 
18.235 120 13 04 50
18.235 244 0.54
18.24 22 4.59
18.24 23 0.94
18.24 25 -19.19
18.24 30 0.00
18.24 B1 8451.17 8373.20 
18.24 B3 8169.15 8114.85 
18.24 120 13 04 50
18.24 244 0.54
18.245 22 4.56
18.245 23 0.93
18.245 25 -19.19
18.245 30 0.00
18.245 B1 8465.89 8365.29 
18.245 B3 8185.77 8108.15 
18.245 120 13 04 50
18.245 244 0.54
18.25 22 4.53
18.25 23 0.91
18.25 25 -19.19
18.25 30 0.00
18.25 B1 8480.57 8357.31 
18.25 B3 8202.92 8101.84 
18.25 120 13 04 50
18.25 244 0.54
18.255 22 4.49
18.255 23 0.89
18.255 25 -19.19
18.255 30 0.00
18.255 B1 8495.20 8349.23 
18.255 B3 8220.54 8095.90 
18.255 120 13 04 50
18.255 244 0.54
18.26 22 4.44
18.26 23 0.87
18.26 25 -19.19
18.26 30 0.00
18.26 B1 8511.10 8342.37 
18.26 B3 8239.78 8091.48 
18.26 120 13 04 50
18.26 244 0.54
18.265 22 4.38
18.265 23 0.86
18.265 25 -19.19
18.265 30 0.00
18.265 B1 8526.63 8335.06 
18.265 B3 8259.14 8087.12 
18.265 120 13 04 50
18.265 244 0.54
18.27 22 4.32
18.27 23 0.84
18.27 25 -19.19
18.27 30 0.00
18.27 B1 8541.87 8327.37 
18.27 B3 8278.64 8082.82 
18.27 120 13 04 50
18.27 244 0.54
18.275 22 4.25
18.275 23 0.81
18.275 25 -19.19
18.275 30 0.00
18.275 B1 8556.87 8319.36 
18.275 B3 8298.26 8078.58 
18.275 120 13 04 50
18.275 244 0.54
18.28 22 4.17
18.28 23 0.79
18.28 25 -19.19
18.28 30 0.00
18.28 B1 8571.70 8311.05 
18.28 B3 8318.00 8074.35 
18.28 120 13 04 50
18.28 244 0.54
18.285 22 4.09
18.285 23 0.76
18.285 25 -19.19
18.285 30 0.00
18.285 B1 8586.38 8302.46 
18.285 B3 8337.83 8070.13 
18.285 120 13 04 50
18.285 244 0.54
18.29 22 4.00
18.29 23 0.73
18.29 25 -19.19
18.29 30 0.00
18.29 B1 8600.94 8293.61 
18.29 B3 8357.74 8065.87 
18.29 120 13 04 50
18.29 244 0.54
18.295 22 3.90
18.295 23 0.70
18.295 25 -19.19
18.295 30 0.00
18.295 B1 8615.40 8284.49 
18.295 B3 8377.64 8061.52 
18.295 120 13 04 50
18.295 244 0.55
18.3 22 3.80
18.3 23 0.67
18.3 25 -19.19
18.3 30 0.00
18.3 B1 8631.10 8276.43 
18.3 B3 8398.38 8058.23 
18.3 120 13 04 50
18.3 244 0.55
18.305 22 3.69
18.305 23 0.65
18.305 25 -19.19
18.305 30 0.00
18.305 B1 8646.40 8267.77 
18.305 B3 8418.16 8054.41 
18.305 120 13 04 50
18.305 244 0.55
18.31 22 3.57
18.31 23 0.63
18.31 25 -19.19
18.31 30 0.00
18.31 B1 8661.39 8258.58 
18.31 B3 8436.67 8049.61 
18.31 120 13 04 50
18.31 244 0.55
18.315 22 3.43
18.315 23 0.60
18.315 25 -19.19
18.315 30 0.00
18.315 B1 8676.14 8248.91 
18.315 B3 8454.63 8043.39 
18.315 120 13 04 50
18.315 244 0.55
18.32 22 3.23
18.32 23 0.57
18.32 25 -19.19
18.32 30 0.00
18.32 B1 8690.69 8238.82 
18.32 B3 8473.32 8035.37 
18.32 120 13 04 50
18.32 244 0.55
18.325 22 3.03
18.325 23 0.54
18.325 25 -19.19
18.325 30 0.00
18.325 B1 8705.05 8228.34 
18.325 B3 8492.64 8025.17 
18.325 120 13 04 50
18.325 244 0.55
18.33 22 2.75
18.33 23 0.49
18.33 25 -19.19
18.33 30 0.00
18.33 B1 8720.54 8218.82 
18.33 B3 8513.68 8016.65 
18.33 120 13 04 50
18.33 244 0.55
18.335 22 2.43
18.335 23 0.44
18.335 25 -19.19
18.335 30 0.00
18.335 B1 8734.18 8207.31 
18.335 B3 8533.71 8007.63 
18.335 120 13 04 50
18.335 244 0.55
18.34 22 2.09
18.34 23 0.39
18.34 25 -18.95
18.34 30 0.00
18.34 B1 8747.66 8195.58 
18.34 B3 8554.13 7999.42 
18.34 120 13 04 50
18.34 244 0.55
18.345 22 1.92
18.345 23 0.41
18.345 25 -18.95
18.345 30 0.00
18.345 B1 8762.97 8185.49 
18.345 B3 8576.04 7993.07 
18.345 120 13 04 50
18.345 244 0.55
18.35 22 1.52
18.35 23 0.36
18.35 25 -17.18
18.35 30 0.00
18.35 B1 8777.48 8174.77 
18.35 B3 8597.89 7987.10 
18.35 120 13 04 50
18.35 244 0.55
18.355 22 2.61
18.355 23 0.84
18.355 25 -17.18
18.355 30 0.00
18.355 B1 8794.66 8165.44 
18.355 B3 8618.48 7980.28 
18.355 120 13 04 50
18.355 244 0.55
18.36 22 2.15
18.36 23 0.79
18.36 25 -16.82
18.36 30 0.00
18.36 B1 8810.01 8155.79 
18.36 B3 8639.00 7974.67 
18.36 120 13 04 50
18.36 244 0.55
18.365 22 1.97
18.365 23 0.83
18.365 25 -15.05
18.365 30 0.00
18.365 B1 8824.67 8146.35 
18.365 B3 8659.40 7970.02 
18.365 120 13 04 50
18.365 244 0.55
18.37 22 2.92
18.37 23 1.21
18.37 25 -15.05
18.37 30 0.00
18.37 B1 8842.27 8139.57 
18.37 B3 8680.82 7967.45 
18.37 120 13 04 50
18.37 244 0.55
18.375 22 2.41
18.375 23 1.16
18.375 25 -15.05
18.375 30 0.00
18.375 B1 8857.30 8132.47 
18.375 B3 8701.56 7965.95 
18.375 120 13 04 50
18.375 244 0.55
18.38 22 1.89
18.38 23 1.12
18.38 25 -13.39
18.38 30 0.00
18.38 B1 8870.28 8125.08 
18.38 B3 8721.70 7965.27 
18.38 120 13 04 50
18.38 244 0.55
18.385 22 2.65
18.385 23 1.40
18.385 25 -12.32
18.385 30 0.00
18.385 B1 8883.58 8118.03 
18.385 B3 8741.29 7965.20 
18.385 120 13 04 50
18.385 244 0.55
18.39 22 2.91
18.39 23 1.53
18.39 25 -10.67
18.39 30 0.00
18.39 B1 8895.41 8110.92 
18.39 B3 8760.15 7966.13 
18.39 120 13 04 50
18.39 244 0.55
18.395 22 3.65
18.395 23 1.73
18.395 25 -10.67
18.395 30 0.00
18.395 B1 8905.11 8102.88 
18.395 B3 8778.19 7968.10 
18.395 120 13 04 50
18.395 244 0.55
18.4 22 3.08
18.4 23 1.68
18.4 25 -5.34
18.4 30 0.00
18.4 B1 8913.19 8096.44 
18.4 B3 8795.22 7971.36 
18.4 120 13 04 50
18.4 244 0.55
18.405 22 7.16
18.405 23 2.11
18.405 25 -5.34
18.405 30 0.00
18.405 B1 8909.49 8076.63 
18.405 B3 8811.37 7975.54 
18.405 120 13 04 50
18.405 244 0.55
18.41 22 6.53
18.41 23 2.03
18.41 25 -3.57
18.41 30 0.00
18.41 B1 8906.63 8064.09 
18.41 B3 8825.62 7982.02 
18.41 120 13 04 50
18.41 244 0.55
18.415 22 7.38
18.415 23 2.00
18.415 25 -0.16
18.415 30 0.00
18.415 B1 8897.74 8049.06 
18.415 B3 8838.24 7990.12 
18.415 120 13 04 50
18.415 244 0.55
18.42 22 8.84
18.42 23 1.78
18.42 25 0.00
18.42 30 0.00
18.42 B1 8873.20 8025.12 
18.42 B3 8849.10 7999.82 
18.42 120 13 04 50
18.42 244 0.55
18.425 22 8.55
18.425 23 1.70
18.425 25 0.00
18.425 30 0.00
18.425 B1 8853.39 8007.37 
18.425 B3 8857.80 8011.17 
18.425 120 13 04 50
18.425 244 0.55
18.43 22 8.12
18.43 23 1.64
18.43 25 0.00
18.43 30 0.00
18.43 B1 8838.04 7998.13 
18.43 B3 8864.62 8023.74 
18.43 120 13 04 50
18.43 244 0.55
18.435 22 7.67
18.435 23 1.59
18.435 25 0.00
18.435 30 0.00
18.435 B1 8825.98 7995.51 
18.435 B3 8869.81 8037.15 
18.435 120 13 04 50
18.435 244 0.55
18.44 22 7.21
18.44 23 1.55
18.44 25 0.00
18.44 30 0.00
18.44 B1 8816.34 7997.61 
18.44 B3 8873.61 8051.07 
18.44 120 13 04 50
18.44 244 0.55
18.445 22 6.74
18.445 23 1.53
18.445 25 0.00
18.445 30 0.00
18.445 B1 8808.48 8003.05 
18.445 B3 8876.25 8065.28 
18.445 120 13 04 50
18.445 244 0.55
18.45 22 6.28
18.45 23 1.52
18.45 25 0.00
18.45 30 0.00
18.45 B1 8801.96 8010.79 
18.45 B3 8877.92 8079.58 
18.45 120 13 04 50
18.45 244 0.55
18.455 22 5.81
18.455 23 1.51
18.455 25 0.00
18.455 30 0.00
18.455 B1 8796.42 8020.08 
18.455 B3 8878.79 8093.81 
18.455 120 13 04 50
18.455 244 0.55
18.46 22 5.33
18.46 23 1.50
18.46 25 0.00
18.46 30 0.00
18.46 B1 8791.62 8030.37 
18.46 B3 8879.01 8107.88 
18.46 120 13 04 50
18.46 244 0.56
18.465 22 4.86
18.465 23 1.50
18.465 25 0.00
18.465 30 0.00
18.465 B1 8788.69 8042.57 
18.465 B3 8879.91 8122.88 
18.465 120 13 04 50
18.465 244 0.56
18.47 22 4.38
18.47 23 1.51
18.47 25 0.00
18.47 30 0.00
18.47 B1 8785.87 8054.74 
18.47 B3 8880.16 8137.31 
18.47 120 13 04 50
18.47 244 0.56
18.475 22 3.92
18.475 23 1.52
18.475 25 0.00
18.475 30 0.00
18.475 B1 8783.14 8066.76 
18.475 B3 8879.90 8151.18 
18.475 120 13 04 50
18.475 244 0.56
18.48 22 3.46
18.48 23 1.53
18.48 25 0.00
18.48 30 0.00
18.48 B1 8780.50 8078.54 
18.48 B3 8879.26 8164.51 
18.48 120 13 04 50
18.48 244 0.56
18.485 22 3.01
18.485 23 1.53
18.485 25 0.00
18.485 30 0.00
18.485 B1 8777.92 8090.03 
18.485 B3 8878.31 8177.29 
18.485 120 13 04 50
18.485 244 0.56
18.49 22 2.57
18.49 23 1.54
18.49 25 0.00
18.49 30 0.00
18.49 B1 8775.42 8101.19 
18.49 B3 8877.15 8189.56 
18.49 120 13 04 50
18.49 244 0.56
18.495 22 2.15
18.495 23 1.54
18.495 25 0.00
18.495 30 0.00
18.495 B1 8772.99 8112.00 
18.495 B3 8875.83 8201.32 
18.495 120 13 04 50
18.495 244 0.56
18.5 22 1.74
18.5 23 1.55
18.5 25 0.00
18.5 30 0.00
18.5 B1 8770.62 8122.46 
18.5 B3 8874.39 8212.59 
18.5 120 13 04 50
18.5 244 0.56
18.505 22 1.35
18.505 23 1.56
18.505 25 0.00
18.505 30 0.00
18.505 B1 8768.33 8132.57 
18.505 B3 8872.88 8223.40 
18.505 120 13 04 50
18.505 244 0.56
18.51 22 0.97
18.51 23 1.56
18.51 25 0.00
18.51 30 0.00
18.51 B1 8766.10 8142.32 
18.51 B3 8871.34 8233.77 
18.51 120 13 04 50
18.51 244 0.56
18.515 22 0.60
18.515 23 1.56
18.515 25 0.00
18.515 30 0.00
18.515 B1 8763.93 8151.74 
18.515 B3 8869.77 8243.71 
18.515 120 13 04 50
18.515 244 0.56
18.52 22 0.26
18.52 23 1.57
18.52 25 0.00
18.52 30 0.00
18.52 B1 8761.83 8160.83 
18.52 B3 8868.21 8253.25 
18.52 120 13 04 50
18.52 244 0.56
18.525 22 -0.07
18.525 23 1.57
18.525 25 0.00
18.525 30 0.00
18.525 B1 8759.78 8169.60 
18.525 B3 8866.66 8262.41 
18.525 120 13 04 50
18.525 244 0.56
18.53 22 -0.39
18.53 23 1.58
18.53 25 0.00
18.53 30 0.00
18.53 B1 8757.78 8178.09 
18.53 B3 8865.12 8271.23 
18.53 120 13 04 50
18.53 244 0.56
18.535 22 -0.69
18.535 23 1.58
18.535 25 0.00
18.535 30 0.00
18.535 B1 8755.84 8186.29 
18.535 B3 8863.61 8279.71 
18.535 120 13 04 50
18.535 244 0.56
18.54 22 -0.98
18.54 23 1.58
18.54 25 0.00
18.54 30 0.00
18.54 B1 8753.94 8194.24 
18.54 B3 8862.13 8287.90 
18.54 120 13 04 50
18.54 244 0.56
18.545 22 -1.25
18.545 23 1.58
18.545 25 0.79
18.545 30 0.00
18.545 B1 8752.08 8201.95 
18.545 B3 8860.69 8295.80 
18.545 120 13 04 50
18.545 244 0.56
18.55 22 -0.84
18.55 23 1.57
18.55 25 0.79
18.55 30 0.00
18.55 B1 8749.43 8208.58 
18.55 B3 8859.26 8303.44 
18.55 120 13 04 50
18.55 244 0.56
18.555 22 -1.10
18.555 23 1.57
18.555 25 1.18
18.555 30 0.00
18.555 B1 8746.89 8215.59 
18.555 B3 8857.66 8311.05 
18.555 120 13 04 50
18.555 244 0.56
18.56 22 -1.03
18.56 23 1.56
18.56 25 1.96
18.56 30 0.00
18.56 B1 8743.98 8222.38 
18.56 B3 8855.93 8318.59 
18.56 120 13 04 50
18.56 244 0.56
18.565 22 -0.59
18.565 23 1.53
18.565 25 1.97
18.565 30 0.00
18.565 B1 8741.43 8229.79 
18.565 B3 8855.20 8327.33 
18.565 120 13 04 50
18.565 244 0.56
18.57 22 -0.84
18.57 23 1.54
18.57 25 2.32
18.57 30 0.00
18.57 B1 8738.77 8237.75 
18.57 B3 8853.88 8336.00 
18.57 120 13 04 50
18.57 244 0.56
18.575 22 -0.77
18.575 23 1.53
18.575 25 2.32
18.575 30 0.00
18.575 B1 8735.54 8245.56 
18.575 B3 8852.10 8344.59 
18.575 120 13 04 50
18.575 244 0.56
18.58 22 -1.00
18.58 23 1.54
18.58 25 5.33
18.58 30 0.00
18.58 B1 8732.34 8253.89 
18.58 B3 8849.87 8353.15 
18.58 120 13 04 50
18.58 244 0.56
18.585 22 1.49
18.585 23 1.28
18.585 25 5.33
18.585 30 0.00
18.585 B1 8720.97 8254.30 
18.585 B3 8846.10 8360.48 
18.585 120 13 04 50
18.585 244 0.56
18.59 22 1.22
18.59 23 1.27
18.59 25 5.56
18.59 30 0.00
18.59 B1 8711.12 8258.48 
18.59 B3 8841.40 8368.69 
18.59 120 13 04 50
18.59 244 0.56
18.595 22 1.17
18.595 23 1.25
18.595 25 5.78
18.595 30 0.00
18.595 B1 8703.08 8265.99 
18.595 B3 8837.17 8378.75 
18.595 120 13 04 50
18.595 244 0.56
18.6 22 1.14
18.6 23 1.23
18.6 25 5.90
18.6 30 0.00
18.6 B1 8693.76 8273.34 
18.6 B3 8830.91 8387.89 
18.6 120 13 04 50
18.6 244 0.56
18.605 22 1.01
18.605 23 1.22
18.605 25 7.25
18.605 30 0.00
18.605 B1 8685.10 8282.24 
18.605 B3 8824.17 8397.50 
18.605 120 13 04 50
18.605 244 0.56
18.61 22 2.00
18.61 23 1.03
18.61 25 7.25
18.61 30 0.00
18.61 B1 8674.14 8289.43 
18.61 B3 8818.25 8408.66 
18.61 120 13 04 50
18.61 244 0.56
18.615 22 1.79
18.615 23 1.04
18.615 25 8.27
18.615 30 0.00
18.615 B1 8664.39 8299.05 
18.615 B3 8811.41 8420.11 
18.615 120 13 04 50
18.615 244 0.56
18.62 22 2.46
18.62 23 0.89
18.62 25 8.27
18.62 30 0.00
18.62 B1 8651.73 8306.53 
18.62 B3 8803.88 8431.73 
18.62 120 13 04 50
18.62 244 0.56
18.625 22 2.27
18.625 23 0.90
18.625 25 8.50
18.625 30 0.00
18.625 B1 8640.60 8316.62 
18.625 B3 8795.53 8443.65 
18.625 120 13 04 50
18.625 244 0.56
18.63 22 2.28
18.63 23 0.87
18.63 25 8.61
18.63 30 0.00
18.63 B1 8629.76 8327.64 
18.63 B3 8786.58 8455.76 
18.63 120 13 04 50
18.63 244 0.56
18.635 22 2.22
18.635 23 0.86
18.635 25 8.61
18.635 30 0.00
18.635 B1 8618.24 8338.45 
18.635 B3 8775.93 8466.85 
18.635 120 13 04 50
18.635 244 0.56
18.64 22 2.07
18.64 23 0.87
18.64 25 9.29
18.64 30 0.00
18.64 B1 8607.98 8350.81 
18.64 B3 8765.15 8478.27 
18.64 120 13 04 50
18.64 244 0.56
18.645 22 2.51
18.645 23 0.76
18.645 25 9.29
18.645 30 0.00
18.645 B1 8596.04 8361.57 
18.645 B3 8754.31 8489.94 
18.645 120 13 04 50
18.645 244 0.56
18.65 22 2.38
18.65 23 0.77
18.65 25 9.52
18.65 30 0.00
18.65 B1 8585.40 8373.95 
18.65 B3 8743.28 8501.88 
18.65 120 13 04 50
18.65 244 0.56
18.655 22 2.46
18.655 23 0.74
18.655 25 9.74
18.655 30 0.00
18.655 B1 8576.17 8387.85 
18.655 B3 8733.37 8515.20 
18.655 120 13 04 50
18.655 244 0.56
18.66 22 2.55
18.66 23 0.71
18.66 25 9.74
18.66 30 0.00
18.66 B1 8566.69 8401.55 
18.66 B3 8723.17 8528.45 
18.66 120 13 04 50
18.66 244 0.56
18.665 22 2.47
18.665 23 0.73
18.665 25 10.42
18.665 30 0.00
18.665 B1 8557.89 8415.98 
18.665 B3 8712.73 8541.63 
18.665 120 13 04 50
18.665 244 0.56
18.67 22 2.95
18.67 23 0.61
18.67 25 10.42
18.67 30 0.00
18.67 B1 8546.84 8428.07 
18.67 B3 8702.19 8554.74 
18.67 120 13 04 50
18.67 244 0.56
18.675 22 2.88
18.675 23 0.62
18.675 25 10.65
18.675 30 0.00
18.675 B1 8536.80 8441.35 
18.675 B3 8691.40 8567.87 
18.675 120 13 04 50
18.675 244 0.56
18.68 22 3.01
18.68 23 0.59
18.68 25 10.65
18.68 30 0.00
18.68 B1 8526.59 8454.46 
18.68 B3 8680.52 8580.99 
18.68 120 13 04 50
18.68 244 0.56
18.685 22 2.97
18.685 23 0.60
18.685 25 10.77
18.685 30 0.00
18.685 B1 8517.18 8468.36 
18.685 B3 8669.55 8594.10 
18.685 120 13 04 50
18.685 244 0.56
18.69 22 3.04
18.69 23 0.59
18.69 25 10.77
18.69 30 0.00
18.69 B1 8507.93 8482.28 
18.69 B3 8658.59 8607.18 
18.69 120 13 04 50
18.69 244 0.56
18.695 22 3.02
18.695 23 0.60
18.695 25 10.77
18.695 30 0.00
18.695 B1 8499.26 8496.61 
18.695 B3 8647.69 8620.22 
18.695 120 13 04 50
18.695 244 0.56
18.7 22 3.01
18.7 23 0.61
18.7 25 10.77
18.7 30 0.00
18.7 B1 8491.05 8511.15 
18.7 B3 8636.90 8633.20 
18.7 120 13 04 50
18.7 244 0.56
18.705 22 3.02
18.705 23 0.62
18.705 25 10.77
18.705 30 0.00
18.705 B1 8483.22 8525.75 
18.705 B3 8626.29 8646.11 
18.705 120 13 04 50
18.705 244 0.56
18.71 22 3.04
18.71 23 0.63
18.71 25 10.77
18.71 30 0.00
18.71 B1 8475.68 8540.28 
18.71 B3 8615.89 8658.92 
18.71 120 13 04 50
18.71 244 0.56
18.715 22 3.06
18.715 23 0.64
18.715 25 10.77
18.715 30 0.00
18.715 B1 8468.38 8554.67 
18.715 B3 8605.74 8671.64 
18.715 120 13 04 50
18.715 244 0.56
18.72 22 3.10
18.72 23 0.65
18.72 25 10.77
18.72 30 0.00
18.72 B1 8462.60 8570.19 
18.72 B3 8597.04 8685.45 
18.72 120 13 04 50
18.72 244 0.56
18.725 22 3.15
18.725 23 0.66
18.725 25 10.77
18.725 30 0.00
18.725 B1 8456.66 8585.14 
18.725 B3 8588.40 8698.92 
18.725 120 13 04 50
18.725 244 0.56
18.73 22 3.21
18.73 23 0.68
18.73 25 10.77
18.73 30 0.00
18.73 B1 8450.63 8599.59 
18.73 B3 8579.87 8712.09 
18.73 120 13 04 50
18.73 244 0.56
18.735 22 3.28
18.735 23 0.68
18.735 25 10.77
18.735 30 0.00
18.735 B1 8444.50 8613.53 
18.735 B3 8571.48 8725.00 
18.735 120 13 04 50
18.735 244 0.56
18.74 22 3.36
18.74 23 0.69
18.74 25 10.77
18.74 30 0.00
18.74 B1 8438.35 8627.04 
18.74 B3 8563.27 8737.67 
18.74 120 13 04 50
18.74 244 0.56
18.745 22 3.44
18.745 23 0.70
18.745 25 10.78
18.745 30 0.00
18.745 B1 8432.21 8640.16 
18.745 B3 8555.27 8750.12 
18.745 120 13 04 50
18.745 244 0.56
18.75 22 3.53
18.75 23 0.70
18.75 25 10.78
18.75 30 0.00
18.75 B1 8426.07 8652.88 
18.75 B3 8547.49 8762.38 
18.75 120 13 04 50
18.75 244 0.56
18.755 22 3.63
18.755 23 0.71
18.755 25 10.78
18.755 30 0.00
18.755 B1 8419.96 8665.24 
18.755 B3 8539.93 8774.45 
18.755 120 13 04 50
18.755 244 0.56
18.76 22 3.73
18.76 23 0.71
18.76 25 10.68
18.76 30 0.00
18.76 B1 8413.88 8677.24 
18.76 B3 8532.60 8786.34 
18.76 120 13 04 50
18.76 244 0.56
18.765 22 3.75
18.765 23 0.73
18.765 25 10.68
18.765 30 0.00
18.765 B1 8408.21 8689.29 
18.765 B3 8525.50 8798.07 
18.765 120 13 04 50
18.765 244 0.56
18.77 22 3.87
18.77 23 0.73
18.77 25 10.68
18.77 30 0.00
18.77 B1 8402.50 8700.87 
18.77 B3 8518.66 8809.62 
18.77 120 13 04 50
18.77 244 0.56
18.775 22 3.99
18.775 23 0.73
18.775 25 10.56
18.775 30 0.00
18.775 B1 8396.77 8712.05 
18.775 B3 8512.07 8821.00 
18.775 120 13 04 50
18.775 244 0.56
18.78 22 4.02
18.78 23 0.75
18.78 25 8.64
18.78 30 0.00
18.78 B1 8391.44 8723.26 
18.78 B3 8505.72 8832.21 
18.78 120 13 04 50
18.78 244 0.57
18.785 22 2.45
18.785 23 1.10
18.785 25 8.64
18.785 30 0.00
18.785 B1 8393.02 8741.12 
18.785 B3 8500.83 8844.46 
18.785 120 13 04 50
18.785 244 0.57
18.79 22 2.62
18.79 23 1.11
18.79 25 8.64
18.79 30 0.00
18.79 B1 8393.37 8756.26 
18.79 B3 8496.60 8855.96 
18.79 120 13 04 50
18.79 244 0.57
18.795 22 2.79
18.795 23 1.12
18.795 25 8.64
18.795 30 0.00
18.795 B1 8392.81 8769.31 
18.795 B3 8492.92 8866.85 
18.795 120 13 04 50
18.795 244 0.57
18.8 22 2.97
18.8 23 1.12
18.8 25 8.64
18.8 30 0.00
18.8 B1 8391.55 8780.75 
18.8 B3 8489.68 8877.24 
18.8 120 13 04 50
18.8 244 0.57
18.805 22 3.14
18.805 23 1.12
18.805 25 8.64
18.805 30 0.00
18.805 B1 8389.78 8790.92 
18.805 B3 8486.80 8887.21 
18.805 120 13 04 50
18.805 244 0.57
18.81 22 3.31
18.81 23 1.11
18.81 25 8.31
18.81 30 0.00
18.81 B1 8387.63 8800.11 
18.81 B3 8484.22 8896.83 
18.81 120 13 04 50
18.81 244 0.57
18.815 22 3.18
18.815 23 1.16
18.815 25 8.31
18.815 30 0.00
18.815 B1 8386.02 8809.41 
18.815 B3 8481.87 8906.15 
18.815 120 13 04 50
18.815 244 0.57
18.82 22 3.35
18.82 23 1.16
18.82 25 8.08
18.82 30 0.00
18.82 B1 8384.06 8817.78 
18.82 B3 8479.82 8915.15 
18.82 120 13 04 50
18.82 244 0.57
18.825 22 3.32
18.825 23 1.19
18.825 25 7.07
18.825 30 0.00
18.825 B1 8382.41 8826.00 
18.825 B3 8477.99 8923.87 
18.825 120 13 04 50
18.825 244 0.57
18.83 22 2.60
18.83 23 1.32
18.83 25 5.84
18.83 30 0.00
18.83 B1 8382.62 8835.69 
18.83 B3 8476.42 8932.32 
18.83 120 13 04 50
18.83 244 0.56
18.835 22 1.74
18.835 23 1.46
18.835 25 5.62
18.835 30 0.00
18.835 B1 8382.92 8844.60 
18.835 B3 8474.18 8939.13 
18.835 120 13 04 50
18.835 244 0.57
18.84 22 1.77
18.84 23 1.47
18.84 25 5.51
18.84 30 0.00
18.84 B1 8384.80 8853.56 
18.84 B3 8474.16 8946.74 
18.84 120 13 04 50
18.84 244 0.57
18.845 22 1.90
18.845 23 1.48
18.845 25 4.29
18.845 30 0.00
18.845 B1 8386.48 8861.05 
18.845 B3 8474.76 8953.76 
18.845 120 13 04 50
18.845 244 0.57
18.85 22 1.13
18.85 23 1.57
18.85 25 4.29
18.85 30 0.00
18.85 B1 8388.81 8868.33 
18.85 B3 8475.85 8960.26 
18.85 120 13 04 50
18.85 244 0.57
18.855 22 1.36
18.855 23 1.56
18.855 25 2.13
18.855 30 0.00
18.855 B1 8391.15 8874.13 
18.855 B3 8477.64 8966.10 
18.855 120 13 04 50
18.855 244 0.56
18.86 22 -0.04
18.86 23 1.65
18.86 25 2.13
18.86 30 0.00
18.86 B1 8391.91 8877.50 
18.86 B3 8478.76 8970.21 
18.86 120 13 04 50
18.86 244 0.56
18.865 22 0.21
18.865 23 1.64
18.865 25 1.71
18.865 30 0.00
18.865 B1 8393.83 8879.97 
18.865 B3 8481.04 8973.66 
18.865 120 13 04 50
18.865 244 0.57
18.87 22 0.12
18.87 23 1.64
18.87 25 1.29
18.87 30 0.00
18.87 B1 8397.60 8882.83 
18.87 B3 8485.39 8977.78 
18.87 120 13 04 50
18.87 244 0.57
18.875 22 0.03
18.875 23 1.64
18.875 25 1.29
18.875 30 0.00
18.875 B1 8401.49 8884.56 
18.875 B3 8490.25 8981.17 
18.875 120 13 04 50
18.875 244 0.57
18.88 22 0.28
18.88 23 1.64
18.88 25 0.00
18.88 30 0.00
18.88 B1 8405.97 8885.67 
18.88 B3 8495.58 8983.87 
18.88 120 13 04 50
18.88 244 0.57
18.885 22 -0.57
18.885 23 1.63
18.885 25 0.00
18.885 30 0.00
18.885 B1 8409.37 8884.99 
18.885 B3 8501.24 8986.02 
18.885 120 13 04 50
18.885 244 0.57
18.89 22 -0.30
18.89 23 1.63
18.89 25 0.00
18.89 30 0.00
18.89 B1 8413.92 8884.06 
18.89 B3 8507.44 8987.42 
18.89 120 13 04 50
18.89 244 0.57
18.895 22 -0.05
18.895 23 1.62
18.895 25 0.00
18.895 30 0.00
18.895 B1 8419.27 8882.95 
18.895 B3 8514.01 8988.24 
18.895 120 13 04 50
18.895 244 0.57
18.9 22 0.19
18.9 23 1.62
18.9 25 0.00
18.9 30 0.00
18.9 B1 8425.15 8881.75 
18.9 B3 8520.83 8988.60 
18.9 120 13 04 50
18.9 244 0.57
18.905 22 0.42
18.905 23 1.62
18.905 25 0.00
18.905 30 0.00
18.905 B1 8431.38 8880.48 
18.905 B3 8527.80 8988.61 
18.905 120 13 04 50
18.905 244 0.56
18.91 22 0.64
18.91 23 1.62
18.91 25 0.00
18.91 30 0.00
18.91 B1 8436.50 8877.88 
18.91 B3 8533.63 8987.16 
18.91 120 13 04 50
18.91 244 0.56
18.915 22 0.85
18.915 23 1.62
18.915 25 0.00
18.915 30 0.00
18.915 B1 8442.06 8875.59 
18.915 B3 8539.72 8985.74 
18.915 120 13 04 50
18.915 244 0.57
18.92 22 1.05
18.92 23 1.61
18.92 25 0.00
18.92 30 0.00
18.92 B1 8449.22 8874.88 
18.92 B3 8547.15 8985.56 
18.92 120 13 04 50
18.92 244 0.57
18.925 22 1.24
18.925 23 1.61
18.925 25 0.00
18.925 30 0.00
18.925 B1 8456.22 8874.08 
18.925 B3 8554.44 8985.20 
18.925 120 13 04 50
18.925 244 0.57
18.93 22 1.41
18.93 23 1.62
18.93 25 0.00
18.93 30 0.00
18.93 B1 8463.06 8873.22 
18.93 B3 8561.56 8984.72 
18.93 120 13 04 50
18.93 244 0.57
18.935 22 1.58
18.935 23 1.62
18.935 25 0.00
18.935 30 0.00
18.935 B1 8469.76 8872.35 
18.935 B3 8568.53 8984.16 
18.935 120 13 04 50
18.935 244 0.57
18.94 22 1.75
18.94 23 1.62
18.94 25 0.00
18.94 30 0.00
18.94 B1 8476.30 8871.47 
18.94 B3 8575.35 8983.56 
18.94 120 13 04 50
18.94 244 0.57
18.945 22 1.90
18.945 23 1.62
18.945 25 0.00
18.945 30 0.00
18.945 B1 8482.71 8870.60 
18.945 B3 8582.01 8982.92 
18.945 120 13 04 50
18.945 244 0.57
18.95 22 2.04
18.95 23 1.62
18.95 25 0.00
18.95 30 0.00
18.95 B1 8488.99 8869.76 
18.95 B3 8588.52 8982.28 
18.95 120 13 04 50
18.95 244 0.57
18.955 22 2.18
18.955 23 1.62
18.955 25 0.00
18.955 30 0.00
18.955 B1 8495.15 8868.96 
18.955 B3 8594.89 8981.65 
18.955 120 13 04 50
18.955 244 0.57
18.96 22 2.31
18.96 23 1.62
18.96 25 0.00
18.96 30 0.00
18.96 B1 8501.20 8868.19 
18.96 B3 8601.12 8981.04 
18.96 120 13 04 50
18.96 244 0.57
18.965 22 2.44
18.965 23 1.62
18.965 25 0.00
18.965 30 0.00
18.965 B1 8507.13 8867.47 
18.965 B3 8607.23 8980.46 
18.965 120 13 04 50
18.965 244 0.57
18.97 22 2.56
18.97 23 1.62
18.97 25 0.00
18.97 30 0.00
18.97 B1 8512.97 8866.79 
18.97 B3 8613.21 8979.91 
18.97 120 13 04 50
18.97 244 0.57
18.975 22 2.68
18.975 23 1.62
18.975 25 0.00
18.975 30 0.00
18.975 B1 8518.71 8866.15 
18.975 B3 8619.07 8979.40 
18.975 120 13 04 50
18.975 244 0.57
18.98 22 2.79
18.98 23 1.62
18.98 25 0.00
18.98 30 0.00
18.98 B1 8525.68 8866.89 
18.98 B3 8626.03 8980.13 
18.98 120 13 04 50
18.98 244 0.57
18.985 22 2.90
18.985 23 1.63
18.985 25 0.00
18.985 30 0.00
18.985 B1 8530.92 8866.03 
18.985 B3 8631.44 8979.48 
18.985 120 13 04 50
18.985 244 0.57
18.99 22 3.00
18.99 23 1.63
18.99 25 0.00
18.99 30 0.00
18.99 B1 8536.16 8865.31 
18.99 B3 8636.81 8978.92 
18.99 120 13 04 50
18.99 244 0.57
18.995 22 3.10
18.995 23 1.63
18.995 25 0.00
18.995 30 0.00
18.995 B1 8541.39 8864.69 
18.995 B3 8642.12 8978.45 
18.995 120 13 04 50
18.995 244 0.57
19 22 3.20
19 23 1.63
19 25 0.00
19 30 0.00
19 B1 8546.59 8864.17 
19 B3 8647.38 8978.05 
19 120 13 04 50
19 244 0.57
19.005 22 3.29
19.005 23 1.63
19.005 25 0.00
19.005 30 0.00
19.005 B1 8553.08 8865.05 
19.005 B3 8653.77 8978.92 
19.005 120 13 04 50
19.005 244 0.57
19.01 22 3.38
19.01 23 1.63
19.01 25 0.00
19.01 30 0.00
19.01 B1 8559.21 8865.69 
19.01 B3 8659.87 8979.63 
19.01 120 13 04 50
19.01 244 0.57
19.015 22 3.46
19.015 23 1.63
19.015 25 0.00
19.015 30 0.00
19.015 B1 8565.04 8866.16 
19.015 B3 8665.73 8980.23 
19.015 120 13 04 50
19.015 244 0.57
19.02 22 3.54
19.02 23 1.64
19.02 25 0.00
19.02 30 0.00
19.02 B1 8570.66 8866.52 
19.02 B3 8671.40 8980.74 
19.02 120 13 04 50
19.02 244 0.57
19.025 22 3.61
19.025 23 1.64
19.025 25 0.00
19.025 30 0.00
19.025 B1 8576.10 8866.80 
19.025 B3 8676.88 8981.19 
19.025 120 13 04 50
19.025 244 0.57
19.03 22 3.68
19.03 23 1.64
19.03 25 0.00
19.03 30 0.00
19.03 B1 8581.38 8867.03 
19.03 B3 8682.23 8981.60 
19.03 120 13 04 50
19.03 244 0.57
19.035 22 3.75
19.035 23 1.64
19.035 25 0.00
19.035 30 0.00
19.035 B1 8586.57 8867.24 
19.035 B3 8687.46 8981.98 
19.035 120 13 04 50
19.035 244 0.57
19.04 22 3.81
19.04 23 1.64
19.04 25 0.00
19.04 30 0.00
19.04 B1 8591.65 8867.44 
19.04 B3 8692.58 8982.35 
19.04 120 13 04 50
19.04 244 0.57
19.045 22 3.87
19.045 23 1.64
19.045 25 0.00
19.045 30 0.00
19.045 B1 8596.65 8867.64 
19.045 B3 8697.62 8982.70 
19.045 120 13 04 50
19.045 244 0.57
19.05 22 3.92
19.05 23 1.64
19.05 25 1.04
19.05 30 0.00
19.05 B1 8601.59 8867.85 
19.05 B3 8702.58 8983.07 
19.05 120 13 04 50
19.05 244 0.57
19.055 22 4.89
19.055 23 1.62
19.055 25 1.04
19.055 30 0.00
19.055 B1 8604.91 8866.58 
19.055 B3 8707.48 8983.44 
19.055 120 13 04 50
19.055 244 0.57
19.06 22 4.92
19.06 23 1.62
19.06 25 1.85
19.06 30 0.00
19.06 B1 8608.19 8865.97 
19.06 B3 8712.04 8984.07 
19.06 120 13 04 50
19.06 244 0.57
19.065 22 5.68
19.065 23 1.58
19.065 25 2.08
19.065 30 0.00
19.065 B1 8609.76 8864.21 
19.065 B3 8716.32 8984.91 
19.065 120 13 04 50
19.065 244 0.57
19.07 22 5.91
19.07 23 1.56
19.07 25 4.47
19.07 30 0.00
19.07 B1 8612.20 8864.24 
19.07 B3 8721.35 8987.31 
19.07 120 13 04 50
19.07 244 0.57
19.075 22 8.06
19.075 23 1.35
19.075 25 5.27
19.075 30 0.00
19.075 B1 8606.49 8857.17 
19.075 B3 8725.72 8989.84 
19.075 120 13 04 50
19.075 244 0.57
19.08 22 8.68
19.08 23 1.24
19.08 25 5.50
19.08 30 0.00
19.08 B1 8598.42 8849.84 
19.08 B3 8728.83 8992.98 
19.08 120 13 04 50
19.08 244 0.57
19.085 22 8.82
19.085 23 1.19
19.085 25 5.86
19.085 30 0.00
19.085 B1 8590.80 8844.82 
19.085 B3 8730.72 8996.73 
19.085 120 13 04 50
19.085 244 0.57
19.09 22 9.06
19.09 23 1.13
19.09 25 5.86
19.09 30 0.00
19.09 B1 8582.81 8840.95 
19.09 B3 8731.58 9000.99 
19.09 120 13 04 50
19.09 244 0.57
19.095 22 9.03
19.095 23 1.11
19.095 25 5.86
19.095 30 0.00
19.095 B1 8576.22 8839.69 
19.095 B3 8731.51 9005.67 
19.095 120 13 04 50
19.095 244 0.57
19.1 22 9.00
19.1 23 1.10
19.1 25 5.86
19.1 30 0.00
19.1 B1 8570.68 8840.35 
19.1 B3 8730.74 9010.68 
19.1 120 13 04 50
19.1 244 0.57
19.105 22 8.98
19.105 23 1.09
19.105 25 6.56
19.105 30 0.00
19.105 B1 8565.94 8842.42 
19.105 B3 8729.42 9015.90 
19.105 120 13 04 50
19.105 244 0.57
19.11 22 9.47
19.11 23 1.00
19.11 25 7.36
19.11 30 0.00
19.11 B1 8558.26 8842.11 
19.11 B3 8727.68 9021.26 
19.11 120 13 04 50
19.11 244 0.57
19.115 22 9.96
19.115 23 0.88
19.115 25 7.36
19.115 30 0.00
19.115 B1 8547.34 8839.29 
19.115 B3 8725.45 9026.82 
19.115 120 13 04 50
19.115 244 0.57
19.12 22 9.94
19.12 23 0.86
19.12 25 8.17
19.12 30 0.00
19.12 B1 8538.30 8838.94 
19.12 B3 8722.63 9032.60 
19.12 120 13 04 50
19.12 244 0.58
19.125 22 10.37
19.125 23 0.74
19.125 25 8.17
19.125 30 0.00
19.125 B1 8527.18 8837.14 
19.125 B3 8720.57 9039.72 
19.125 120 13 04 50
19.125 244 0.58
19.13 22 10.36
19.13 23 0.73
19.13 25 8.51
19.13 30 0.00
19.13 B1 8517.87 8837.61 
19.13 B3 8717.77 9046.78 
19.13 120 13 04 50
19.13 244 0.57
19.135 22 10.53
19.135 23 0.68
19.135 25 8.74
19.135 30 0.00
19.135 B1 8506.43 8836.35 
19.135 B3 8713.20 9052.56 
19.135 120 13 04 50
19.135 244 0.58
19.14 22 10.63
19.14 23 0.63
19.14 25 8.96
19.14 30 0.00
19.14 B1 8496.71 8837.10 
19.14 B3 8709.55 9059.67 
19.14 120 13 04 50
19.14 244 0.58
19.145 22 10.73
19.145 23 0.60
19.145 25 9.19
19.145 30 0.00
19.145 B1 8486.93 8838.04 
19.145 B3 8705.44 9066.65 
19.145 120 13 04 50
19.145 244 0.58
19.15 22 10.82
19.15 23 0.56
19.15 25 9.19
19.15 30 0.00
19.15 B1 8478.34 8840.35 
19.15 B3 8702.14 9074.70 
19.15 120 13 04 50
19.15 244 0.58
19.155 22 10.84
19.155 23 0.56
19.155 25 9.42
19.155 30 0.00
19.155 B1 8470.81 8843.80 
19.155 B3 8698.26 9082.41 
19.155 120 13 04 50
19.155 244 0.58
19.16 22 10.93
19.16 23 0.53
19.16 25 9.53
19.16 30 0.00
19.16 B1 8461.55 8845.38 
19.16 B3 8692.77 9088.62 
19.16 120 13 04 50
19.16 244 0.58
19.165 22 10.98
19.165 23 0.50
19.165 25 9.64
19.165 30 0.00
19.165 B1 8453.20 8847.89 
19.165 B3 8687.16 9094.75 
19.165 120 13 04 50
19.165 244 0.58
19.17 22 11.02
19.17 23 0.48
19.17 25 9.64
19.17 30 0.00
19.17 B1 8446.85 8852.41 
19.17 B3 8682.68 9102.00 
19.17 120 13 04 50
19.17 244 0.58
19.175 22 11.06
19.175 23 0.48
19.175 25 9.64
19.175 30 0.00
19.175 B1 8440.67 8857.07 
19.175 B3 8677.90 9108.91 
19.175 120 13 04 50
19.175 244 0.58
19.18 22 11.11
19.18 23 0.49
19.18 25 9.64
19.18 30 0.00
19.18 B1 8434.63 8861.81 
19.18 B3 8672.92 9115.54 
19.18 120 13 04 50
19.18 244 0.58
19.185 22 11.15
19.185 23 0.49
19.185 25 9.75
19.185 30 0.00
19.185 B1 8428.73 8866.59 
19.185 B3 8667.80 9121.90 
19.185 120 13 04 50
19.185 244 0.58
19.19 22 11.20
19.19 23 0.47
19.19 25 9.75
19.19 30 0.00
19.19 B1 8423.02 8871.45 
19.19 B3 8662.58 9128.01 
19.19 120 13 04 50
19.19 244 0.58
19.195 22 11.25
19.195 23 0.48
19.195 25 9.75
19.195 30 0.00
19.195 B1 8417.41 8876.26 
19.195 B3 8657.30 9133.89 
19.195 120 13 04 50
19.195 244 0.58
19.2 22 11.30
19.2 23 0.48
19.2 25 9.75
19.2 30 0.00
19.2 B1 8411.89 8881.01 
19.2 B3 8651.98 9139.55 
19.2 120 13 04 50
19.2 244 0.58
19.205 22 11.36
19.205 23 0.48
19.205 25 9.87
19.205 30 0.00
19.205 B1 8406.48 8885.68 
19.205 B3 8646.67 9144.99 
19.205 120 13 04 50
19.205 244 0.58
19.21 22 11.41
19.21 23 0.47
19.21 25 9.87
19.21 30 0.00
19.21 B1 8401.20 8890.31 
19.21 B3 8641.38 9150.24 
19.21 120 13 04 50
19.21 244 0.58
19.215 22 11.47
19.215 23 0.47
19.215 25 9.87
19.215 30 0.00
19.215 B1 8396.01 8894.83 
19.215 B3 8636.10 9155.30 
19.215 120 13 04 50
19.215 244 0.58
19.22 22 11.52
19.22 23 0.47
19.22 25 9.87
19.22 30 0.00
19.22 B1 8390.88 8899.23 
19.22 B3 8630.87 9160.16 
19.22 120 13 04 50
19.22 244 0.58
19.225 22 11.58
19.225 23 0.47
19.225 25 9.87
19.225 30 0.00
19.225 B1 8385.84 8903.51 
19.225 B3 8625.68 9164.85 
19.225 120 13 04 50
19.225 244 0.59
19.23 22 11.64
19.23 23 0.48
19.23 25 10.09
19.23 30 0.00
19.23 B1 8382.19 8908.99 
19.23 B3 8621.73 9170.56 
19.23 120 13 04 50
19.23 244 0.58
19.235 22 11.70
19.235 23 0.45
19.235 25 10.09
19.235 30 0.00
19.235 B1 8376.89 8912.67 
19.235 B3 8616.41 9174.69 
19.235 120 13 04 50
19.235 244 0.58
19.24 22 11.75
19.24 23 0.45
19.24 25 10.09
19.24 30 0.00
19.24 B1 8371.73 8916.28 
19.24 B3 8611.18 9178.68 
19.24 120 13 04 50
19.24 244 0.58
19.245 22 11.81
19.245 23 0.46
19.245 25 10.09
19.245 30 0.00
19.245 B1 8366.69 8919.81 
19.245 B3 8606.05 9182.54 
19.245 120 13 04 50
19.245 244 0.58
19.25 22 11.87
19.25 23 0.46
19.25 25 10.20
19.25 30 0.00
19.25 B1 8361.76 8923.22 
19.25 B3 8601.00 9186.26 
19.25 120 13 04 50
19.25 244 0.58
19.255 22 11.94
19.255 23 0.44
19.255 25 9.97
19.255 30 0.00
19.255 B1 8356.75 8926.38 
19.255 B3 8596.03 9189.84 
19.255 120 13 04 50
19.255 244 0.58
19.26 22 11.99
19.26 23 0.48
19.26 25 9.97
19.26 30 0.00
19.26 B1 8352.14 8929.68 
19.26 B3 8591.13 9193.27 
19.26 120 13 04 50
19.26 244 0.58
19.265 22 12.06
19.265 23 0.48
19.265 25 9.97
19.265 30 0.00
19.265 B1 8347.58 8932.83 
19.265 B3 8586.31 9196.57 
19.265 120 13 04 50
19.265 244 0.58
19.27 22 12.12
19.27 23 0.48
19.27 25 9.97
19.27 30 0.00
19.27 B1 8343.05 8935.84 
19.27 B3 8581.55 9199.73 
19.27 120 13 04 50
19.27 244 0.58
19.275 22 12.18
19.275 23 0.48
19.275 25 9.97
19.275 30 0.00
19.275 B1 8338.56 8938.71 
19.275 B3 8576.87 9202.76 
19.275 120 13 04 50
19.275 244 0.59
19.28 22 12.24
19.28 23 0.48
19.28 25 9.97
19.28 30 0.00
19.28 B1 8335.43 8942.73 
19.28 B3 8573.45 9206.84 
19.28 120 13 04 50
19.28 244 0.59
19.285 22 12.30
19.285 23 0.49
19.285 25 9.97
19.285 30 0.00
19.285 B1 8332.00 8946.34 
19.285 B3 8569.83 9210.57 
19.285 120 13 04 50
19.285 244 0.59
19.29 22 12.36
19.29 23 0.50
19.29 25 9.97
19.29 30 0.00
19.29 B1 8328.37 8949.57 
19.29 B3 8566.08 9214.00 
19.29 120 13 04 50
19.29 244 0.59
19.295 22 12.42
19.295 23 0.50
19.295 25 9.97
19.295 30 0.00
19.295 B1 8324.57 8952.49 
19.295 B3 8562.24 9217.15 
19.295 120 13 04 50
19.295 244 0.59
19.3 22 12.48
19.3 23 0.51
19.3 25 10.07
19.3 30 0.00
19.3 B1 8320.65 8955.10 
19.3 B3 8558.32 9220.05 
19.3 120 13 04 50
19.3 244 0.59
19.305 22 12.54
19.305 23 0.50
19.305 25 10.07
19.305 30 0.00
19.305 B1 8316.39 8957.25 
19.305 B3 8554.35 9222.72 
19.305 120 13 04 50
19.305 244 0.59
19.31 22 12.60
19.31 23 0.51
19.31 25 10.07
19.31 30 0.00
19.31 B1 8312.08 8959.17 
19.31 B3 8550.35 9225.18 
19.31 120 13 04 50
19.31 244 0.59
19.315 22 12.66
19.315 23 0.51
19.315 25 10.07
19.315 30 0.00
19.315 B1 8307.74 8960.87 
19.315 B3 8546.33 9227.44 
19.315 120 13 04 50
19.315 244 0.59
19.32 22 12.72
19.32 23 0.52
19.32 25 10.07
19.32 30 0.00
19.32 B1 8303.34 8962.35 
19.32 B3 8542.30 9229.51 
19.32 120 13 04 50
19.32 244 0.59
19.325 22 12.78
19.325 23 0.52
19.325 25 10.07
19.325 30 0.00
19.325 B1 8298.91 8963.61 
19.325 B3 8538.26 9231.40 
19.325 120 13 04 50
19.325 244 0.59
19.33 22 12.84
19.33 23 0.52
19.33 25 10.07
19.33 30 0.00
19.33 B1 8294.44 8964.67 
19.33 B3 8534.22 9233.11 
19.33 120 13 04 50
19.33 244 0.59
19.335 22 12.90
19.335 23 0.53
19.335 25 10.07
19.335 30 0.00
19.335 B1 8289.91 8965.52 
19.335 B3 8530.19 9234.66 
19.335 120 13 04 50
19.335 244 0.59
19.34 22 12.95
19.34 23 0.53
19.34 25 10.07
19.34 30 0.00
19.34 B1 8285.34 8966.16 
19.34 B3 8526.17 9236.06 
19.34 120 13 04 50
19.34 244 0.59
19.345 22 13.01
19.345 23 0.53
19.345 25 10.07
19.345 30 0.00
19.345 B1 8280.71 8966.58 
19.345 B3 8522.17 9237.30 
19.345 120 13 04 50
19.345 244 0.59
19.35 22 13.06
19.35 23 0.54
19.35 25 10.07
19.35 30 0.00
19.35 B1 8276.03 8966.80 
19.35 B3 8518.18 9238.40 
19.35 120 13 04 50
19.35 244 0.59
19.355 22 13.12
19.355 23 0.54
19.355 25 10.07
19.355 30 0.00
19.355 B1 8271.28 8966.80 
19.355 B3 8514.20 9239.33 
19.355 120 13 04 50
19.355 244 0.59
19.36 22 13.17
19.36 23 0.54
19.36 25 10.07
19.36 30 0.00
19.36 B1 8266.46 8966.59 
19.36 B3 8510.24 9240.14 
19.36 120 13 04 50
19.36 244 0.59
19.365 22 13.22
19.365 23 0.55
19.365 25 10.07
19.365 30 0.00
19.365 B1 8261.57 8966.15 
19.365 B3 8506.30 9240.80 
19.365 120 13 04 50
19.365 244 0.59
19.37 22 13.27
19.37 23 0.55
19.37 25 10.07
19.37 30 0.00
19.37 B1 8256.60 8965.50 
19.37 B3 8502.37 9241.31 
19.37 120 13 04 50
19.37 244 0.59
19.375 22 13.32
19.375 23 0.55
19.375 25 10.07
19.375 30 0.00
19.375 B1 8251.55 8964.62 
19.375 B3 8498.46 9241.70 
19.375 120 13 04 50
19.375 244 0.59
19.38 22 13.37
19.38 23 0.56
19.38 25 10.07
19.38 30 0.00
19.38 B1 8246.40 8963.50 
19.38 B3 8494.56 9241.94 
19.38 120 13 04 50
19.38 244 0.59
19.385 22 13.42
19.385 23 0.56
19.385 25 10.07
19.385 30 0.00
19.385 B1 8241.18 8962.17 
19.385 B3 8490.68 9242.05 
19.385 120 13 04 50
19.385 244 0.59
19.39 22 13.47
19.39 23 0.56
19.39 25 10.07
19.39 30 0.00
19.39 B1 8235.89 8960.60 
19.39 B3 8486.81 9242.03 
19.39 120 13 04 50
19.39 244 0.59
19.395 22 13.52
19.395 23 0.57
19.395 25 10.07
19.395 30 0.00
19.395 B1 8230.53 8958.80 
19.395 B3 8482.96 9241.87 
19.395 120 13 04 50
19.395 244 0.59
19.4 22 13.56
19.4 23 0.57
19.4 25 10.07
19.4 30 0.00
19.4 B1 8225.13 8956.80 
19.4 B3 8479.11 9241.58 
19.4 120 13 04 50
19.4 244 0.59
19.405 22 13.61
19.405 23 0.57
19.405 25 10.07
19.405 30 0.00
19.405 B1 8219.67 8954.60 
19.405 B3 8475.28 9241.15 
19.405 120 13 04 50
19.405 244 0.59
19.41 22 13.65
19.41 23 0.58
19.41 25 10.07
19.41 30 0.00
19.41 B1 8214.18 8952.21 
19.41 B3 8471.46 9240.60 
19.41 120 13 04 50
19.41 244 0.59
19.415 22 13.69
19.415 23 0.58
19.415 25 10.07
19.415 30 0.00
19.415 B1 8208.64 8949.63 
19.415 B3 8467.65 9239.92 
19.415 120 13 04 50
19.415 244 0.59
19.42 22 13.73
19.42 23 0.58
19.42 25 10.07
19.42 30 0.00
19.42 B1 8203.06 8946.88 
19.42 B3 8463.86 9239.12 
19.42 120 13 04 50
19.42 244 0.59
19.425 22 13.77
19.425 23 0.59
19.425 25 10.18
19.425 30 0.00
19.425 B1 8197.45 8943.94 
19.425 B3 8460.07 9238.18 
19.425 120 13 04 50
19.425 244 0.59
19.43 22 13.81
19.43 23 0.58
19.43 25 10.18
19.43 30 0.00
19.43 B1 8190.89 8940.02 
19.43 B3 8456.28 9237.12 
19.43 120 13 04 50
19.43 244 0.59
19.435 22 13.85
19.435 23 0.58
19.435 25 10.18
19.435 30 0.00
19.435 B1 8184.50 8936.09 
19.435 B3 8452.50 9235.93 
19.435 120 13 04 50
19.435 244 0.59
19.44 22 13.89
19.44 23 0.59
19.44 25 10.18
19.44 30 0.00
19.44 B1 8178.24 8932.13 
19.44 B3 8448.72 9234.62 
19.44 120 13 04 50
19.44 244 0.59
19.445 22 13.92
19.445 23 0.59
19.445 25 10.18
19.445 30 0.00
19.445 B1 8172.06 8928.10 
19.445 B3 8444.95 9233.18 
19.445 120 13 04 50
19.445 244 0.59
19.45 22 13.96
19.45 23 0.59
19.45 25 10.18
19.45 30 0.00
19.45 B1 8165.94 8924.00 
19.45 B3 8441.17 9231.61 
19.45 120 13 04 50
19.45 244 0.59
19.455 22 13.99
19.455 23 0.59
19.455 25 10.18
19.455 30 0.00
19.455 B1 8159.85 8919.82 
19.455 B3 8437.39 9229.94 
19.455 120 13 04 50
19.455 244 0.59
19.46 22 14.02
19.46 23 0.59
19.46 25 10.18
19.46 30 0.00
19.46 B1 8153.79 8915.53 
19.46 B3 8433.61 9228.13 
19.46 120 13 04 50
19.46 244 0.59
19.465 22 14.04
19.465 23 0.59
19.465 25 10.18
19.465 30 0.00
19.465 B1 8147.74 8911.15 
19.465 B3 8430.32 9226.20 
19.465 120 13 04 50
19.465 244 0.59
19.47 22 14.06
19.47 23 0.59
19.47 25 10.18
19.47 30 0.00
19.47 B1 8141.68 8906.65 
19.47 B3 8427.56 9224.16 
19.47 120 13 04 50
19.47 244 0.59
19.475 22 14.08
19.475 23 0.59
19.475 25 10.18
19.475 30 0.00
19.475 B1 8136.92 8903.37 
19.475 B3 8426.39 9223.21 
19.475 120 13 04 50
19.475 244 0.59
19.48 22 14.09
19.48 23 0.60
19.48 25 10.18
19.48 30 0.00
19.48 B1 8131.82 8899.71 
19.48 B3 8425.28 9221.94 
19.48 120 13 04 50
19.48 244 0.59
19.485 22 14.11
19.485 23 0.60
19.485 25 10.18
19.485 30 0.00
19.485 B1 8126.45 8895.73 
19.485 B3 8424.19 9220.39 
19.485 120 13 04 50
19.485 244 0.59
19.49 22 14.12
19.49 23 0.61
19.49 25 10.18
19.49 30 0.00
19.49 B1 8120.86 8891.48 
19.49 B3 8423.07 9218.60 
19.49 120 13 04 50
19.49 244 0.59
19.495 22 14.14
19.495 23 0.62
19.495 25 10.18
19.495 30 0.00
19.495 B1 8115.09 8886.99 
19.495 B3 8421.90 9216.59 
19.495 120 13 04 50
19.495 244 0.59
19.5 22 14.15
19.5 23 0.62
19.5 25 10.18
19.5 30 0.00
19.5 B1 8109.18 8882.28 
19.5 B3 8420.65 9214.64 
19.5 120 13 04 50
19.5 244 0.59
19.505 22 14.15
19.505 23 0.62
19.505 25 10.18
19.505 30 0.00
19.505 B1 8103.15 8877.39 
19.505 B3 8419.31 9213.13 
19.505 120 13 04 50
19.505 244 0.59
19.51 22 14.15
19.51 23 0.62
19.51 25 10.18
19.51 30 0.00
19.51 B1 8097.01 8872.34 
19.51 B3 8417.84 9211.94 
19.51 120 13 04 50
19.51 244 0.59
19.515 22 14.16
19.515 23 0.62
19.515 25 10.18
19.515 30 0.00
19.515 B1 8090.77 8867.13 
19.515 B3 8416.24 9211.01 
19.515 120 13 04 50
19.515 244 0.59
19.52 22 14.16
19.52 23 0.63
19.52 25 10.18
19.52 30 0.00
19.52 B1 8084.44 8861.78 
19.52 B3 8414.50 9210.24 
19.52 120 13 04 50
19.52 244 0.59
19.525 22 14.16
19.525 23 0.63
19.525 25 10.18
19.525 30 0.00
19.525 B1 8078.03 8856.31 
19.525 B3 8412.60 9209.58 
19.525 120 13 04 50
19.525 244 0.59
19.53 22 14.16
19.53 23 0.63
19.53 25 10.18
19.53 30 0.00
19.53 B1 8071.54 8850.71 
19.53 B3 8410.54 9208.99 
19.53 120 13 04 50
19.53 244 0.59
19.535 22 14.17
19.535 23 0.63
19.535 25 10.18
19.535 30 0.00
19.535 B1 8064.97 8845.02 
19.535 B3 8408.29 9208.41 
19.535 120 13 04 50
19.535 244 0.59
19.54 22 14.17
19.54 23 0.64
19.54 25 10.18
19.54 30 0.00
19.54 B1 8058.32 8839.21 
19.54 B3 8405.85 9207.82 
19.54 120 13 04 50
19.54 244 0.59
19.545 22 14.17
19.545 23 0.64
19.545 25 10.18
19.545 30 0.00
19.545 B1 8051.61 8833.30 
19.545 B3 8403.24 9207.17 
19.545 120 13 04 50
19.545 244 0.59
19.55 22 14.17
19.55 23 0.64
19.55 25 10.18
19.55 30 0.00
19.55 B1 8044.82 8827.30 
19.55 B3 8400.41 9206.46 
19.55 120 13 04 50
19.55 244 0.59
19.555 22 14.17
19.555 23 0.65
19.555 25 10.18
19.555 30 0.00
19.555 B1 8037.97 8821.20 
19.555 B3 8397.38 9205.64 
19.555 120 13 04 50
19.555 244 0.59
19.56 22 14.18
19.56 23 0.65
19.56 25 10.18
19.56 30 0.00
19.56 B1 8031.04 8815.02 
19.56 B3 8394.14 9204.71 
19.56 120 13 04 50
19.56 244 0.59
19.565 22 14.18
19.565 23 0.66
19.565 25 10.18
19.565 30 0.00
19.565 B1 8024.04 8808.75 
19.565 B3 8390.68 9203.65 
19.565 120 13 04 50
19.565 244 0.59
19.57 22 14.18
19.57 23 0.66
19.57 25 10.18
19.57 30 0.00
19.57 B1 8016.98 8802.40 
19.57 B3 8387.01 9202.44 
19.57 120 13 04 50
19.57 244 0.59
19.575 22 14.18
19.575 23 0.67
19.575 25 10.29
19.575 30 0.00
19.575 B1 8009.85 8795.96 
19.575 B3 8383.15 9201.07 
19.575 120 13 04 50
19.575 244 0.59
19.58 22 14.18
19.58 23 0.67
19.58 25 10.29
19.58 30 0.00
19.58 B1 8001.31 8788.26 
19.58 B3 8379.12 9199.54 
19.58 120 13 04 50
19.58 244 0.59
19.585 22 14.18
19.585 23 0.67
19.585 25 10.18
19.585 30 0.00
19.585 B1 7991.72 8779.41 
19.585 B3 8373.74 9196.64 
19.585 120 13 04 50
19.585 244 0.59
19.59 22 14.19
19.59 23 0.67
19.59 25 10.29
19.59 30 0.00
19.59 B1 7985.29 8773.45 
19.59 B3 8369.62 9194.91 
19.59 120 13 04 50
19.59 244 0.59
19.595 22 14.19
19.595 23 0.67
19.595 25 10.29
19.595 30 0.00
19.595 B1 7975.85 8764.72 
19.595 B3 8364.14 9191.77 
19.595 120 13 04 50
19.595 244 0.59
19.6 22 14.19
19.6 23 0.67
19.6 25 10.29
19.6 30 0.00
19.6 B1 7968.15 8757.63 
19.6 B3 8359.91 9189.78 
19.6 120 13 04 50
19.6 244 0.59
19.605 22 14.19
19.605 23 0.67
19.605 25 10.29
19.605 30 0.00
19.605 B1 7960.42 8750.51 
19.605 B3 8355.49 9187.52 
19.605 120 13 04 50
19.605 244 0.59
19.61 22 14.19
19.61 23 0.68
19.61 25 10.29
19.61 30 0.00
19.61 B1 7952.64 8743.34 
19.61 B3 8350.90 9185.01 
19.61 120 13 04 50
19.61 244 0.59
19.615 22 14.20
19.615 23 0.68
19.615 25 10.18
19.615 30 0.00
19.615 B1 7944.81 8736.13 
19.615 B3 8346.16 9182.25 
19.615 120 13 04 50
19.615 244 0.59
19.62 22 14.20
19.62 23 0.69
19.62 25 10.18
19.62 30 0.00
19.62 B1 7938.39 8730.17 
19.62 B3 8341.27 9179.22 
19.62 120 13 04 50
19.62 244 0.59
19.625 22 14.20
19.625 23 0.69
19.625 25 10.29
19.625 30 0.00
19.625 B1 7931.55 8723.89 
19.625 B3 8336.24 9175.95 
19.625 120 13 04 50
19.625 244 0.59
19.63 22 14.20
19.63 23 0.70
19.63 25 10.29
19.63 30 0.00
19.63 B1 7922.90 8716.03 
19.63 B3 8331.10 9172.46 
19.63 120 13 04 50
19.63 244 0.59
19.635 22 14.20
19.635 23 0.70
19.635 25 10.29
19.635 30 0.00
19.635 B1 7914.35 8708.22 
19.635 B3 8325.83 9168.77 
19.635 120 13 04 50
19.635 244 0.59
19.64 22 14.20
19.64 23 0.71
19.64 25 10.29
19.64 30 0.00
19.64 B1 7905.92 8700.40 
19.64 B3 8320.45 9164.89 
19.64 120 13 04 50
19.64 244 0.59
19.645 22 14.20
19.645 23 0.71
19.645 25 10.18
19.645 30 0.00
19.645 B1 7897.75 8692.59 
19.645 B3 8314.97 9160.84 
19.645 120 13 04 50
19.645 244 0.59
19.65 22 14.20
19.65 23 0.71
19.65 25 10.29
19.65 30 0.00
19.65 B1 7891.05 8686.11 
19.65 B3 8309.39 9156.64 
19.65 120 13 04 50
19.65 244 0.59
19.655 22 14.19
19.655 23 0.72
19.655 25 10.29
19.655 30 0.00
19.655 B1 7882.84 8677.96 
19.655 B3 8303.69 9152.28 
19.655 120 13 04 50
19.655 244 0.59
19.66 22 14.19
19.66 23 0.72
19.66 25 10.29
19.66 30 0.00
19.66 B1 7874.79 8669.83 
19.66 B3 8297.90 9147.77 
19.66 120 13 04 50
19.66 244 0.59
19.665 22 14.18
19.665 23 0.73
19.665 25 10.29
19.665 30 0.00
19.665 B1 7865.54 8660.38 
19.665 B3 8290.83 9141.94 
19.665 120 13 04 50
19.665 244 0.59
19.67 22 14.18
19.67 23 0.72
19.67 25 10.29
19.67 30 0.00
19.67 B1 7856.71 8651.20 
19.67 B3 8283.88 9136.16 
19.67 120 13 04 50
19.67 244 0.59
19.675 22 14.18
19.675 23 0.72
19.675 25 10.18
19.675 30 0.00
19.675 B1 7849.49 8643.52 
19.675 B3 8278.22 9131.59 
19.675 120 13 04 50
19.675 244 0.59
19.68 22 14.18
19.68 23 0.73
19.68 25 10.18
19.68 30 0.00
19.68 B1 7842.10 8635.79 
19.68 B3 8271.20 9125.67 
19.68 120 13 04 50
19.68 244 0.59
19.685 22 14.17
19.685 23 0.73
19.685 25 10.29
19.685 30 0.00
19.685 B1 7834.58 8627.90 
19.685 B3 8264.24 9119.75 
19.685 120 13 04 50
19.685 244 0.59
19.69 22 14.16
19.69 23 0.74
19.69 25 10.29
19.69 30 0.00
19.69 B1 7825.62 8618.64 
19.69 B3 8257.33 9113.84 
19.69 120 13 04 50
19.69 244 0.59
19.695 22 14.15
19.695 23 0.74
19.695 25 10.29
19.695 30 0.00
19.695 B1 7816.93 8609.79 
19.695 B3 8250.45 9107.90 
19.695 120 13 04 50
19.695 244 0.59
19.7 22 14.14
19.7 23 0.74
19.7 25 10.29
19.7 30 0.00
19.7 B1 7808.42 8601.23 
19.7 B3 8243.57 9101.94 
19.7 120 13 04 50
19.7 244 0.59
19.705 22 14.13
19.705 23 0.74
19.705 25 10.29
19.705 30 0.00
19.705 B1 7800.03 8592.88 
19.705 B3 8236.69 9095.94 
19.705 120 13 04 50
19.705 244 0.59
19.71 22 14.12
19.71 23 0.74
19.71 25 10.29
19.71 30 0.00
19.71 B1 7793.04 8585.98 
19.71 B3 8230.97 9091.09 
19.71 120 13 04 50
19.71 244 0.59
19.715 22 14.11
19.715 23 0.75
19.715 25 10.29
19.715 30 0.00
19.715 B1 7784.39 8577.55 
19.715 B3 8223.82 9084.80 
19.715 120 13 04 50
19.715 244 0.59
19.72 22 14.10
19.72 23 0.76
19.72 25 10.29
19.72 30 0.00
19.72 B1 7775.85 8569.23 
19.72 B3 8216.67 9078.47 
19.72 120 13 04 50
19.72 244 0.59
19.725 22 14.09
19.725 23 0.76
19.725 25 10.29
19.725 30 0.00
19.725 B1 7768.72 8562.32 
19.725 B3 8210.71 9073.29 
19.725 120 13 04 50
19.725 244 0.59
19.73 22 14.08
19.73 23 0.77
19.73 25 10.29
19.73 30 0.00
19.73 B1 7761.26 8555.13 
19.73 B3 8204.51 9067.87 
19.73 120 13 04 50
19.73 244 0.59
19.735 22 14.07
19.735 23 0.78
19.735 25 10.29
19.735 30 0.00
19.735 B1 7753.55 8547.72 
19.735 B3 8198.11 9062.24 
19.735 120 13 04 50
19.735 244 0.59
19.74 22 14.06
19.74 23 0.79
19.74 25 10.29
19.74 30 0.00
19.74 B1 7744.34 8538.80 
19.74 B3 8190.33 9055.22 
19.74 120 13 04 50
19.74 244 0.59
19.745 22 14.05
19.745 23 0.79
19.745 25 10.18
19.745 30 0.00
19.745 B1 7735.34 8530.04 
19.745 B3 8182.62 9048.19 
19.745 120 13 04 50
19.745 244 0.59
19.75 22 14.05
19.75 23 0.79
19.75 25 10.18
19.75 30 0.00
19.75 B1 7727.94 8522.67 
19.75 B3 8174.96 9041.16 
19.75 120 13 04 50
19.75 244 0.59
19.755 22 14.04
19.755 23 0.80
19.755 25 10.29
19.755 30 0.00
19.755 B1 7720.23 8515.07 
19.755 B3 8167.32 9034.10 
19.755 120 13 04 50
19.755 244 0.59
19.76 22 14.02
19.76 23 0.81
19.76 25 10.29
19.76 30 0.00
19.76 B1 7712.16 8507.29 
19.76 B3 8160.88 9028.20 
19.76 120 13 04 50
19.76 244 0.59
19.765 22 14.01
19.765 23 0.81
19.765 25 10.29
19.765 30 0.00
19.765 B1 7703.95 8499.31 
19.765 B3 8154.22 9022.06 
19.765 120 13 04 50
19.765 244 0.59
19.77 22 14.00
19.77 23 0.82
19.77 25 10.29
19.77 30 0.00
19.77 B1 7694.31 8489.87 
19.77 B3 8146.16 9014.52 
19.77 120 13 04 50
19.77 244 0.59
19.775 22 13.98
19.775 23 0.82
19.775 25 10.29
19.775 30 0.00
19.775 B1 7684.95 8480.61 
19.775 B3 8138.17 9006.98 
19.775 120 13 04 50
19.775 244 0.59
19.78 22 13.97
19.78 23 0.83
19.78 25 10.29
19.78 30 0.00
19.78 B1 7675.79 8471.48 
19.78 B3 8130.22 8999.42 
19.78 120 13 04 50
19.78 244 0.59
19.785 22 13.96
19.785 23 0.83
19.785 25 10.18
19.785 30 0.00
19.785 B1 7666.75 8462.42 
19.785 B3 8122.29 8991.82 
19.785 120 13 04 50
19.785 244 0.59
19.79 22 13.96
19.79 23 0.83
19.79 25 10.29
19.79 30 0.00
19.79 B1 7660.62 8456.07 
19.79 B3 8115.57 8985.38 
19.79 120 13 04 50
19.79 244 0.59
19.795 22 13.94
19.795 23 0.85
19.795 25 10.29
19.795 30 0.00
19.795 B1 7650.93 8446.45 
19.795 B3 8107.41 8977.50 
19.795 120 13 04 50
19.795 244 0.59
19.8 22 13.93
19.8 23 0.85
19.8 25 10.29
19.8 30 0.00
19.8 B1 7641.49 8436.97 
19.8 B3 8099.28 8969.60 
19.8 120 13 04 50
19.8 244 0.59
19.805 22 13.91
19.805 23 0.85
19.805 25 10.29
19.805 30 0.00
19.805 B1 7632.23 8427.59 
19.805 B3 8091.18 8961.67 
19.805 120 13 04 50
19.805 244 0.59
19.81 22 13.90
19.81 23 0.86
19.81 25 10.29
19.81 30 0.00
19.81 B1 7623.07 8418.27 
19.81 B3 8083.09 8953.69 
19.81 120 13 04 50
19.81 244 0.59
19.815 22 13.89
19.815 23 0.86
19.815 25 10.29
19.815 30 0.00
19.815 B1 7614.00 8408.97 
19.815 B3 8074.99 8945.65 
19.815 120 13 04 50
19.815 244 0.59
19.82 22 13.88
19.82 23 0.86
19.82 25 10.29
19.82 30 0.00
19.82 B1 7606.28 8401.00 
19.82 B3 8068.08 8938.77 
19.82 120 13 04 50
19.82 244 0.59
19.825 22 13.87
19.825 23 0.88
19.825 25 10.29
19.825 30 0.00
19.825 B1 7596.89 8391.37 
19.825 B3 8059.73 8930.43 
19.825 120 13 04 50
19.825 244 0.59
19.83 22 13.85
19.83 23 0.88
19.83 25 10.29
19.83 30 0.00
19.83 B1 7587.62 8381.81 
19.83 B3 8051.39 8922.06 
19.83 120 13 04 50
19.83 244 0.59
19.835 22 13.84
19.835 23 0.88
19.835 25 10.29
19.835 30 0.00
19.835 B1 7578.44 8372.27 
19.835 B3 8043.27 8913.64 
19.835 120 13 04 50
19.835 244 0.59
19.84 22 13.82
19.84 23 0.89
19.84 25 10.29
19.84 30 0.00
19.84 B1 7569.29 8362.73 
19.84 B3 8035.40 8905.18 
19.84 120 13 04 50
19.84 244 0.59
19.845 22 13.80
19.845 23 0.89
19.845 25 10.29
19.845 30 0.00
19.845 B1 7560.17 8353.19 
19.845 B3 8027.72 8896.66 
19.845 120 13 04 50
19.845 244 0.59
19.85 22 13.78
19.85 23 0.89
19.85 25 10.29
19.85 30 0.00
19.85 B1 7551.06 8343.64 
19.85 B3 8020.18 8888.09 
19.85 120 13 04 50
19.85 244 0.59
19.855 22 13.77
19.855 23 0.90
19.855 25 10.29
19.855 30 0.00
19.855 B1 7541.94 8334.05 
19.855 B3 8012.75 8879.46 
19.855 120 13 04 50
19.855 244 0.59
19.86 22 13.75
19.86 23 0.90
19.86 25 10.29
19.86 30 0.00
19.86 B1 7532.81 8324.43 
19.86 B3 8005.39 8870.76 
19.86 120 13 04 50
19.86 244 0.59
19.865 22 13.73
19.865 23 0.91
19.865 25 10.18
19.865 30 0.00
19.865 B1 7523.67 8314.78 
19.865 B3 7998.09 8862.00 
19.865 120 13 04 50
19.865 244 0.59
19.87 22 13.72
19.87 23 0.91
19.87 25 10.29
19.87 30 0.00
19.87 B1 7516.11 8306.52 
19.87 B3 7990.82 8853.17 
19.87 120 13 04 50
19.87 244 0.59
19.875 22 13.69
19.875 23 0.92
19.875 25 10.29
19.875 30 0.00
19.875 B1 7506.43 8296.41 
19.875 B3 7983.55 8844.28 
19.875 120 13 04 50
19.875 244 0.59
19.88 22 13.68
19.88 23 0.93
19.88 25 10.29
19.88 30 0.00
19.88 B1 7496.88 8286.36 
19.88 B3 7976.31 8835.33 
19.88 120 13 04 50
19.88 244 0.59
19.885 22 13.66
19.885 23 0.93
19.885 25 10.29
19.885 30 0.00
19.885 B1 7487.39 8276.33 
19.885 B3 7969.06 8826.31 
19.885 120 13 04 50
19.885 244 0.59
19.89 22 13.64
19.89 23 0.94
19.89 25 10.29
19.89 30 0.00
19.89 B1 7477.96 8266.31 
19.89 B3 7961.81 8817.22 
19.89 120 13 04 50
19.89 244 0.59
19.895 22 13.62
19.895 23 0.94
19.895 25 10.29
19.895 30 0.00
19.895 B1 7468.55 8256.28 
19.895 B3 7954.55 8808.07 
19.895 120 13 04 50
19.895 244 0.59
19.9 22 13.60
19.9 23 0.95
19.9 25 10.18
19.9 30 0.00
19.9 B1 7459.15 8246.23 
19.9 B3 7947.28 8798.85 
19.9 120 13 04 50
19.9 244 0.59
19.905 22 13.60
19.905 23 0.95
19.905 25 10.18
19.905 30 0.00
19.905 B1 7451.45 8237.67 
19.905 B3 7939.99 8789.58 
19.905 120 13 04 50
19.905 244 0.59
19.91 22 13.58
19.91 23 0.96
19.91 25 10.29
19.91 30 0.00
19.91 B1 7443.25 8228.72 
19.91 B3 7932.68 8780.24 
19.91 120 13 04 50
19.91 244 0.59
19.915 22 13.55
19.915 23 0.97
19.915 25 10.29
19.915 30 0.00
19.915 B1 7432.99 8217.95 
19.915 B3 7925.33 8770.83 
19.915 120 13 04 50
19.915 244 0.59
19.92 22 13.53
19.92 23 0.98
19.92 25 10.29
19.92 30 0.00
19.92 B1 7422.96 8207.30 
19.92 B3 7917.98 8761.36 
19.92 120 13 04 50
19.92 244 0.59
19.925 22 13.51
19.925 23 0.98
19.925 25 10.29
19.925 30 0.00
19.925 B1 7413.10 8196.75 
19.925 B3 7910.60 8751.84 
19.925 120 13 04 50
19.925 244 0.59
19.93 22 13.49
19.93 23 0.98
19.93 25 10.29
19.93 30 0.00
19.93 B1 7403.35 8186.25 
19.93 B3 7903.20 8742.25 
19.93 120 13 04 50
19.93 244 0.59
19.935 22 13.47
19.935 23 0.99
19.935 25 10.29
19.935 30 0.00
19.935 B1 7393.67 8175.78 
19.935 B3 7895.78 8732.60 
19.935 120 13 04 50
19.935 244 0.59
19.94 22 13.45
19.94 23 0.99
19.94 25 10.29
19.94 30 0.00
19.94 B1 7384.02 8165.33 
19.94 B3 7888.33 8722.90 
19.94 120 13 04 50
19.94 244 0.59
19.945 22 13.43
19.945 23 1.00
19.945 25 10.29
19.945 30 0.00
19.945 B1 7374.41 8154.87 
19.945 B3 7880.86 8713.28 
19.945 120 13 04 50
19.945 244 0.59
19.95 22 13.41
19.95 23 1.00
19.95 25 10.29
19.95 30 0.00
19.95 B1 7364.81 8144.41 
19.95 B3 7873.37 8703.85 
19.95 120 13 04 50
19.95 244 0.59
19.955 22 13.38
19.955 23 1.01
19.955 25 10.29
19.955 30 0.00
19.955 B1 7355.20 8133.93 
19.955 B3 7865.84 8694.56 
19.955 120 13 04 50
19.955 244 0.58
19.96 22 13.36
19.96 23 1.01
19.96 25 10.29
19.96 30 0.00
19.96 B1 7344.28 8122.11 
19.96 B3 7857.10 8684.19 
19.96 120 13 04 50
19.96 244 0.58
19.965 22 13.34
19.965 23 1.01
19.965 25 10.29
19.965 30 0.00
19.965 B1 7333.73 8110.60 
19.965 B3 7848.59 8674.14 
19.965 120 13 04 50
19.965 244 0.59
19.97 22 13.31
19.97 23 1.01
19.97 25 10.18
19.97 30 0.00
19.97 B1 7324.75 8100.63 
19.97 B3 7841.45 8665.52 
19.97 120 13 04 50
19.97 244 0.59
19.975 22 13.30
19.975 23 1.01
19.975 25 10.29
19.975 30 0.00
19.975 B1 7317.36 8092.09 
19.975 B3 7834.18 8656.88 
19.975 120 13 04 50
19.975 244 0.59
19.98 22 13.27
19.98 23 1.03
19.98 25 10.29
19.98 30 0.00
19.98 B1 7307.49 8081.43 
19.98 B3 7826.78 8648.20 
19.98 120 13 04 50
19.98 244 0.59
19.985 22 13.24
19.985 23 1.03
19.985 25 10.29
19.985 30 0.00
19.985 B1 7297.66 8070.77 
19.985 B3 7819.30 8639.50 
19.985 120 13 04 50
19.985 244 0.59
19.99 22 13.22
19.99 23 1.04
19.99 25 10.29
19.99 30 0.00
19.99 B1 7287.85 8060.08 
19.99 B3 7811.74 8630.76 
19.99 120 13 04 50
19.99 244 0.59
19.995 22 13.20
19.995 23 1.05
19.995 25 10.29
19.995 30 0.00
19.995 B1 7278.04 8049.37 
19.995 B3 7804.12 8621.99 
19.995 120 13 04 50
19.995 244 0.58
20 22 13.17
20 23 1.05
20 25 10.29
20 30 0.00
20 B1 7266.91 8037.33 
20 B3 7795.24 8612.00 
20 120 13 04 50
20 244 0.59
20.005 22 13.15
20.005 23 1.05
20.005 25 10.29
20.005 30 0.00
20.005 B1 7257.50 8026.92 
20.005 B3 7787.77 8603.39 
20.005 120 13 04 50
20.005 244 0.59
20.01 22 13.13
20.01 23 1.06
20.01 25 10.29
20.01 30 0.00
20.01 B1 7247.94 8016.40 
20.01 B3 7780.20 8594.71 
20.01 120 13 04 50
20.01 244 0.59
20.015 22 13.10
20.015 23 1.06
20.015 25 10.29
20.015 30 0.00
20.015 B1 7238.29 8005.79 
20.015 B3 7772.54 8585.97 
20.015 120 13 04 50
20.015 244 0.59
20.02 22 13.08
20.02 23 1.07
20.02 25 10.29
20.02 30 0.00
20.02 B1 7228.56 7995.11 
20.02 B3 7764.80 8577.16 
20.02 120 13 04 50
20.02 244 0.59
20.025 22 13.06
20.025 23 1.08
20.025 25 10.29
20.025 30 0.00
20.025 B1 7218.78 7984.38 
20.025 B3 7757.00 8568.30 
20.025 120 13 04 50
20.025 244 0.59
20.03 22 13.04
20.03 23 1.08
20.03 25 10.29
20.03 30 0.00
20.03 B1 7208.95 7973.60 
20.03 B3 7749.15 8559.40 
20.03 120 13 04 50
20.03 244 0.58
20.035 22 13.01
20.035 23 1.09
20.035 25 10.29
20.035 30 0.00
20.035 B1 7197.77 7961.46 
20.035 B3 7740.05 8549.25 
20.035 120 13 04 50
20.035 244 0.58
20.04 22 12.99
20.04 23 1.09
20.04 25 10.29
20.04 30 0.00
20.04 B1 7186.94 7949.62 
20.04 B3 7731.17 8539.29 
20.04 120 13 04 50
20.04 244 0.58
20.045 22 12.97
20.045 23 1.09
20.045 25 10.29
20.045 30 0.00
20.045 B1 7176.36 7937.99 
20.045 B3 7722.45 8529.46 
20.045 120 13 04 50
20.045 244 0.58
20.05 22 12.94
20.05 23 1.09
20.05 25 10.29
20.05 30 0.00
20.05 B1 7165.94 7926.52 
20.05 B3 7713.85 8519.75 
20.05 120 13 04 50
20.05 244 0.58
20.055 22 12.92
20.055 23 1.09
20.055 25 10.17
20.055 30 0.00
20.055 B1 7155.64 7915.16 
20.055 B3 7705.34 8510.11 
20.055 120 13 04 50
20.055 244 0.59
20.06 22 12.91
20.06 23 1.08
20.06 25 10.17
20.06 30 0.00
20.06 B1 7148.72 7906.99 
20.06 B3 7698.09 8501.74 
20.06 120 13 04 50
20.06 244 0.58
20.065 22 12.89
20.065 23 1.10
20.065 25 9.83
20.065 30 0.00
20.065 B1 7139.52 7896.75 
20.065 B3 7689.39 8491.98 
20.065 120 13 04 50
20.065 244 0.59
20.07 22 12.90
20.07 23 1.08
20.07 25 9.37
20.07 30 0.00
20.07 B1 7137.14 7892.77 
20.07 B3 7681.99 8483.50 
20.07 120 13 04 50
20.07 244 0.58
20.075 22 12.93
20.075 23 1.07
20.075 25 9.37
20.075 30 0.00
20.075 B1 7138.67 7892.41 
20.075 B3 7673.14 8473.65 
20.075 120 13 04 50
20.075 244 0.58
20.08 22 12.91
20.08 23 1.11
20.08 25 8.23
20.08 30 0.00
20.08 B1 7136.69 7889.35 
20.08 B3 7664.35 8463.90 
20.08 120 13 04 50
20.08 244 0.59
20.085 22 13.02
20.085 23 1.06
20.085 25 8.23
20.085 30 0.00
20.085 B1 7151.94 7901.96 
20.085 B3 7656.81 8455.43 
20.085 120 13 04 50
20.085 244 0.59
20.09 22 13.01
20.09 23 1.14
20.09 25 8.23
20.09 30 0.00
20.09 B1 7159.55 7908.65 
20.09 B3 7648.96 8446.82 
20.09 120 13 04 50
20.09 244 0.59
20.095 22 13.00
20.095 23 1.20
20.095 25 8.00
20.095 30 0.00
20.095 B1 7161.86 7910.97 
20.095 B3 7640.89 8438.11 
20.095 120 13 04 50
20.095 244 0.58
20.1 22 13.00
20.1 23 1.23
20.1 25 7.54
20.1 30 0.00
20.1 B1 7162.76 7911.95 
20.1 B3 7631.47 8428.15 
20.1 120 13 04 50
20.1 244 0.58
20.105 22 13.04
20.105 23 1.24
20.105 25 6.52
20.105 30 0.00
20.105 B1 7167.48 7916.35 
20.105 B3 7622.21 8418.39 
20.105 120 13 04 50
20.105 244 0.58
20.11 22 13.15
20.11 23 1.23
20.11 25 6.52
20.11 30 0.00
20.11 B1 7183.24 7930.74 
20.11 B3 7613.03 8408.79 
20.11 120 13 04 50
20.11 244 0.58
20.115 22 13.13
20.115 23 1.31
20.115 25 5.72
20.115 30 0.00
20.115 B1 7191.30 7938.99 
20.115 B3 7603.86 8399.36 
20.115 120 13 04 50
20.115 244 0.59
20.12 22 13.22
20.12 23 1.33
20.12 25 5.83
20.12 30 0.00
20.12 B1 7206.86 7954.21 
20.12 B3 7595.91 8391.28 
20.12 120 13 04 50
20.12 244 0.59
20.125 22 13.19
20.125 23 1.42
20.125 25 5.72
20.125 30 0.00
20.125 B1 7213.18 7961.76 
20.125 B3 7587.68 8383.13 
20.125 120 13 04 50
20.125 244 0.59
20.13 22 13.18
20.13 23 1.47
20.13 25 5.72
20.13 30 0.00
20.13 B1 7216.29 7966.45 
20.13 B3 7579.26 8374.95 
20.13 120 13 04 50
20.13 244 0.59
20.135 22 13.17
20.135 23 1.51
20.135 25 5.72
20.135 30 0.00
20.135 B1 7215.55 7967.64 
20.135 B3 7570.71 8366.75 
20.135 120 13 04 50
20.135 244 0.59
20.14 22 13.15
20.14 23 1.55
20.14 25 5.72
20.14 30 0.00
20.14 B1 7212.11 7966.21 
20.14 B3 7562.05 8358.55 
20.14 120 13 04 50
20.14 244 0.59
20.145 22 13.13
20.145 23 1.57
20.145 25 5.72
20.145 30 0.00
20.145 B1 7206.77 7962.84 
20.145 B3 7553.32 8350.35 
20.145 120 13 04 50
20.145 244 0.59
20.15 22 13.10
20.15 23 1.59
20.15 25 5.72
20.15 30 0.00
20.15 B1 7200.09 7958.01 
20.15 B3 7544.53 8342.15 
20.15 120 13 04 50
20.15 244 0.59
20.155 22 13.08
20.155 23 1.61
20.155 25 5.72
20.155 30 0.00
20.155 B1 7192.46 7952.08 
20.155 B3 7535.69 8333.93 
20.155 120 13 04 50
20.155 244 0.59
20.16 22 13.06
20.16 23 1.62
20.16 25 5.72
20.16 30 0.00
20.16 B1 7184.16 7945.33 
20.16 B3 7526.81 8325.72 
20.16 120 13 04 50
20.16 244 0.59
20.165 22 13.04
20.165 23 1.63
20.165 25 5.72
20.165 30 0.00
20.165 B1 7175.36 7937.95 
20.165 B3 7517.89 8317.49 
20.165 120 13 04 50
20.165 244 0.59
20.17 22 13.02
20.17 23 1.64
20.17 25 5.72
20.17 30 0.00
20.17 B1 7166.21 7930.10 
20.17 B3 7508.93 8309.23 
20.17 120 13 04 50
20.17 244 0.59
20.175 22 12.99
20.175 23 1.64
20.175 25 5.72
20.175 30 0.00
20.175 B1 7156.80 7921.88 
20.175 B3 7499.93 8300.95 
20.175 120 13 04 50
20.175 244 0.59
20.18 22 12.97
20.18 23 1.65
20.18 25 5.72
20.18 30 0.00
20.18 B1 7148.51 7914.69 
20.18 B3 7492.08 8293.83 
20.18 120 13 04 50
20.18 244 0.59
20.185 22 12.95
20.185 23 1.66
20.185 25 5.72
20.185 30 0.00
20.185 B1 7138.35 7905.61 
20.185 B3 7482.72 8285.26 
20.185 120 13 04 50
20.185 244 0.59
20.19 22 12.92
20.19 23 1.67
20.19 25 5.72
20.19 30 0.00
20.19 B1 7128.20 7896.45 
20.19 B3 7473.38 8276.69 
20.19 120 13 04 50
20.19 244 0.59
20.195 22 12.90
20.195 23 1.67
20.195 25 5.72
20.195 30 0.00
20.195 B1 7118.03 7887.20 
20.195 B3 7464.04 8268.11 
20.195 120 13 04 50
20.195 244 0.59
20.2 22 12.88
20.2 23 1.68
20.2 25 5.72
20.2 30 0.00
20.2 B1 7107.83 7877.87 
20.2 B3 7454.70 8259.52 
20.2 120 13 04 50
20.2 244 0.59
20.205 22 12.85
20.205 23 1.68
20.205 25 5.72
20.205 30 0.00
20.205 B1 7097.60 7868.47 
20.205 B3 7445.33 8250.89 
20.205 120 13 04 50
20.205 244 0.59
20.21 22 12.83
20.21 23 1.69
20.21 25 5.72
20.21 30 0.00
20.21 B1 7087.32 7859.00 
20.21 B3 7435.94 8242.24 
20.21 120 13 04 50
20.21 244 0.59
20.215 22 12.81
20.215 23 1.69
20.215 25 5.72
20.215 30 0.00
20.215 B1 7077.01 7849.47 
20.215 B3 7426.53 8233.55 
20.215 120 13 04 50
20.215 244 0.59
20.22 22 12.78
20.22 23 1.70
20.22 25 5.61
20.22 30 0.00
20.22 B1 7067.96 7841.20 
20.22 B3 7418.26 8226.01 
20.22 120 13 04 50
20.22 244 0.59
20.225 22 12.77
20.225 23 1.70
20.225 25 5.61
20.225 30 0.00
20.225 B1 7058.92 7832.75 
20.225 B3 7408.49 8217.00 
20.225 120 13 04 50
20.225 244 0.59
20.23 22 12.75
20.23 23 1.71
20.23 25 5.72
20.23 30 0.00
20.23 B1 7050.72 7825.26 
20.23 B3 7399.92 8209.19 
20.23 120 13 04 50
20.23 244 0.59
20.235 22 12.71
20.235 23 1.73
20.235 25 5.72
20.235 30 0.00
20.235 B1 7040.01 7815.59 
20.235 B3 7391.07 8201.12 
20.235 120 13 04 50
20.235 244 0.59
20.24 22 12.69
20.24 23 1.74
20.24 25 5.72
20.24 30 0.00
20.24 B1 7029.32 7805.84 
20.24 B3 7382.02 8192.87 
20.24 120 13 04 50
20.24 244 0.59
20.245 22 12.67
20.245 23 1.74
20.245 25 5.61
20.245 30 0.00
20.245 B1 7018.62 7796.02 
20.245 B3 7372.78 8184.42 
20.245 120 13 04 50
20.245 244 0.59
20.25 22 12.66
20.25 23 1.74
20.25 25 5.50
20.25 30 0.00
20.25 B1 7008.39 7786.39 
20.25 B3 7362.21 8174.63 
20.25 120 13 04 50
20.25 244 0.59
20.255 22 12.65
20.255 23 1.74
20.255 25 5.50
20.255 30 0.00
20.255 B1 6999.70 7778.15 
20.255 B3 7351.77 8164.94 
20.255 120 13 04 50
20.255 244 0.59
20.26 22 12.62
20.26 23 1.75
20.26 25 5.50
20.26 30 0.00
20.26 B1 6990.35 7769.43 
20.26 B3 7341.43 8155.31 
20.26 120 13 04 50
20.26 244 0.59
20.265 22 12.60
20.265 23 1.76
20.265 25 5.50
20.265 30 0.00
20.265 B1 6980.51 7760.31 
20.265 B3 7331.14 8145.73 
20.265 120 13 04 50
20.265 244 0.59
20.27 22 12.58
20.27 23 1.77
20.27 25 5.39
20.27 30 0.00
20.27 B1 6970.32 7750.92 
20.27 B3 7320.88 8136.18 
20.27 120 13 04 50
20.27 244 0.59
20.275 22 12.57
20.275 23 1.77
20.275 25 5.17
20.275 30 0.00
20.275 B1 6961.63 7742.83 
20.275 B3 7310.64 8126.63 
20.275 120 13 04 50
20.275 244 0.59
20.28 22 12.57
20.28 23 1.76
20.28 25 5.17
20.28 30 0.00
20.28 B1 6955.66 7737.17 
20.28 B3 7300.38 8117.09 
20.28 120 13 04 50
20.28 244 0.59
20.285 22 12.55
20.285 23 1.78
20.285 25 2.21
20.285 30 0.00
20.285 B1 6948.09 7730.31 
20.285 B3 7290.09 8107.53 
20.285 120 13 04 50
20.285 244 0.59
20.29 22 12.89
20.29 23 1.67
20.29 25 2.21
20.29 30 0.00
20.29 B1 6983.54 7760.91 
20.29 B3 7279.77 8097.97 
20.29 120 13 04 50
20.29 244 0.59
20.295 22 12.87
20.295 23 1.82
20.295 25 2.01
20.295 30 0.00
20.295 B1 7004.67 7781.08 
20.295 B3 7269.20 8088.44 
20.295 120 13 04 50
20.295 244 0.59
20.3 22 12.88
20.3 23 1.91
20.3 25 2.01
20.3 30 0.00
20.3 B1 7018.71 7796.00 
20.3 B3 7258.51 8079.00 
20.3 120 13 04 50
20.3 244 0.59
20.305 22 12.86
20.305 23 1.99
20.305 25 1.90
20.305 30 0.00
20.305 B1 7025.07 7804.68 
20.305 B3 7247.73 8069.64 
20.305 120 13 04 50
20.305 244 0.59
20.31 22 12.85
20.31 23 2.05
20.31 25 1.90
20.31 30 0.00
20.31 B1 7028.94 7811.38 
20.31 B3 7238.11 8061.57 
20.31 120 13 04 50
20.31 244 0.59
20.315 22 12.83
20.315 23 2.10
20.315 25 1.90
20.315 30 0.00
20.315 B1 7026.93 7812.67 
20.315 B3 7226.98 8052.15 
20.315 120 13 04 50
20.315 244 0.59
20.32 22 12.81
20.32 23 2.13
20.32 25 1.79
20.32 30 0.00
20.32 B1 7022.15 7811.28 
20.32 B3 7215.91 8042.85 
20.32 120 13 04 50
20.32 244 0.59
20.325 22 12.80
20.325 23 2.15
20.325 25 1.69
20.325 30 0.00
20.325 B1 7018.29 7810.54 
20.325 B3 7206.06 8034.83 
20.325 120 13 04 50
20.325 244 0.59
20.33 22 12.79
20.33 23 2.18
20.33 25 1.58
20.33 30 0.00
20.33 B1 7012.39 7807.62 
20.33 B3 7194.76 8025.45 
20.33 120 13 04 50
20.33 244 0.59
20.335 22 12.78
20.335 23 2.20
20.335 25 1.36
20.335 30 0.00
20.335 B1 7006.39 7804.39 
20.335 B3 7183.51 8016.16 
20.335 120 13 04 50
20.335 244 0.59
20.34 22 12.78
20.34 23 2.21
20.34 25 1.36
20.34 30 0.00
20.34 B1 7001.80 7802.22 
20.34 B3 7172.29 8006.95 
20.34 120 13 04 50
20.34 244 0.59
20.345 22 12.76
20.345 23 2.24
20.345 25 1.36
20.345 30 0.00
20.345 B1 6995.14 7798.25 
20.345 B3 7161.07 7997.78 
20.345 120 13 04 50
20.345 244 0.59
20.35 22 12.74
20.35 23 2.26
20.35 25 1.36
20.35 30 0.00
20.35 B1 6987.04 7792.93 
20.35 B3 7149.84 7988.64 
20.35 120 13 04 50
20.35 244 0.59
20.355 22 12.72
20.355 23 2.27
20.355 25 1.25
20.355 30 0.00
20.355 B1 6977.90 7786.58 
20.355 B3 7138.60 7979.51 
20.355 120 13 04 50
20.355 244 0.59
20.36 22 12.71
20.36 23 2.28
20.36 25 1.15
20.36 30 0.00
20.36 B1 6969.55 7780.75 
20.36 B3 7127.31 7970.37 
20.36 120 13 04 50
20.36 244 0.59
20.365 22 12.70
20.365 23 2.29
20.365 25 1.15
20.365 30 0.00
20.365 B1 6961.73 7775.30 
20.365 B3 7115.99 7961.22 
20.365 120 13 04 50
20.365 244 0.59
20.37 22 12.68
20.37 23 2.31
20.37 25 1.15
20.37 30 0.00
20.37 B1 6952.72 7768.82 
20.37 B3 7104.60 7952.04 
20.37 120 13 04 50
20.37 244 0.59
20.375 22 12.65
20.375 23 2.32
20.375 25 0.93
20.375 30 0.00
20.375 B1 6944.19 7762.87 
20.375 B3 7094.35 7944.01 
20.375 120 13 04 50
20.375 244 0.59
20.38 22 12.66
20.38 23 2.33
20.38 25 0.93
20.38 30 0.00
20.38 B1 6937.69 7758.55 
20.38 B3 7083.76 7935.70 
20.38 120 13 04 50
20.38 244 0.59
20.385 22 12.63
20.385 23 2.36
20.385 25 0.93
20.385 30 0.00
20.385 B1 6929.53 7752.86 
20.385 B3 7072.87 7927.14 
20.385 120 13 04 50
20.385 244 0.59
20.39 22 12.61
20.39 23 2.37
20.39 25 0.93
20.39 30 0.00
20.39 B1 6920.21 7746.13 
20.39 B3 7061.75 7918.38 
20.39 120 13 04 50
20.39 244 0.59
20.395 22 12.59
20.395 23 2.39
20.395 25 0.83
20.395 30 0.00
20.395 B1 6910.05 7738.61 
20.395 B3 7050.42 7909.43 
20.395 120 13 04 50
20.395 244 0.59
20.4 22 12.58
20.4 23 2.40
20.4 25 0.83
20.4 30 0.00
20.4 B1 6899.51 7730.47 
20.4 B3 7037.74 7899.12 
20.4 120 13 04 50
20.4 244 0.59
20.405 22 12.56
20.405 23 2.41
20.405 25 0.83
20.405 30 0.00
20.405 B1 6888.47 7721.86 
20.405 B3 7025.20 7888.91 
20.405 120 13 04 50
20.405 244 0.59
20.41 22 12.54
20.41 23 2.41
20.41 25 0.83
20.41 30 0.00
20.41 B1 6878.39 7714.21 
20.41 B3 7013.95 7879.95 
20.41 120 13 04 50
20.41 244 0.59
20.415 22 12.51
20.415 23 2.43
20.415 25 0.83
20.415 30 0.00
20.415 B1 6867.60 7705.91 
20.415 B3 7002.45 7870.77 
20.415 120 13 04 50
20.415 244 0.59
20.42 22 12.49
20.42 23 2.44
20.42 25 0.83
20.42 30 0.00
20.42 B1 6856.32 7697.11 
20.42 B3 6990.75 7861.38 
20.42 120 13 04 50
20.42 244 0.59
20.425 22 12.47
20.425 23 2.45
20.425 25 0.72
20.425 30 0.00
20.425 B1 6843.35 7686.60 
20.425 B3 6977.67 7850.62 
20.425 120 13 04 50
20.425 244 0.59
20.43 22 12.46
20.43 23 2.44
20.43 25 0.83
20.43 30 0.00
20.43 B1 6832.09 7677.45 
20.43 B3 6964.74 7839.95 
20.43 120 13 04 50
20.43 244 0.59
20.435 22 12.43
20.435 23 2.45
20.435 25 0.83
20.435 30 0.00
20.435 B1 6820.13 7667.92 
20.435 B3 6953.07 7830.50 
20.435 120 13 04 50
20.435 244 0.59
20.44 22 12.40
20.44 23 2.46
20.44 25 0.72
20.44 30 0.00
20.44 B1 6807.94 7658.11 
20.44 B3 6941.17 7820.83 
20.44 120 13 04 50
20.44 244 0.59
20.445 22 12.40
20.445 23 2.47
20.445 25 0.72
20.445 30 0.00
20.445 B1 6795.83 7648.08 
20.445 B3 6927.85 7809.73 
20.445 120 13 04 50
20.445 244 0.59
20.45 22 12.38
20.45 23 2.47
20.45 25 0.83
20.45 30 0.00
20.45 B1 6783.48 7637.85 
20.45 B3 6914.64 7798.71 
20.45 120 13 04 50
20.45 244 0.59
20.455 22 12.34
20.455 23 2.48
20.455 25 0.83
20.455 30 0.00
20.455 B1 6769.32 7626.06 
20.455 B3 6901.50 7787.68 
20.455 120 13 04 50
20.455 244 0.59
20.46 22 12.32
20.46 23 2.48
20.46 25 0.83
20.46 30 0.00
20.46 B1 6756.83 7615.78 
20.46 B3 6889.58 7777.86 
20.46 120 13 04 50
20.46 244 0.59
20.465 22 12.30
20.465 23 2.49
20.465 25 0.83
20.465 30 0.00
20.465 B1 6744.13 7605.26 
20.465 B3 6877.37 7767.74 
20.465 120 13 04 50
20.465 244 0.59
20.47 22 12.28
20.47 23 2.50
20.47 25 0.83
20.47 30 0.00
20.47 B1 6731.27 7594.52 
20.47 B3 6864.92 7757.39 
20.47 120 13 04 50
20.47 244 0.59
20.475 22 12.26
20.475 23 2.51
20.475 25 0.72
20.475 30 0.00
20.475 B1 6718.27 7583.60 
20.475 B3 6852.27 7746.81 
20.475 120 13 04 50
20.475 244 0.59
20.48 22 12.25
20.48 23 2.51
20.48 25 0.83
20.48 30 0.00
20.48 B1 6705.50 7572.60 
20.48 B3 6838.25 7734.83 
20.48 120 13 04 50
20.48 244 0.59
20.485 22 12.22
20.485 23 2.52
20.485 25 0.83
20.485 30 0.00
20.485 B1 6692.15 7561.36 
20.485 B3 6825.56 7724.13 
20.485 120 13 04 50
20.485 244 0.59
20.49 22 12.20
20.49 23 2.53
20.49 25 0.72
20.49 30 0.00
20.49 B1 6678.74 7549.95 
20.49 B3 6812.66 7713.20 
20.49 120 13 04 50
20.49 244 0.59
20.495 22 12.19
20.495 23 2.53
20.495 25 0.72
20.495 30 0.00
20.495 B1 6665.65 7538.54 
20.495 B3 6798.40 7700.87 
20.495 120 13 04 50
20.495 244 0.59
20.5 22 12.17
20.5 23 2.53
20.5 25 0.72
20.5 30 0.00
20.5 B1 6652.37 7526.98 
20.5 B3 6784.28 7688.60 
20.5 120 13 04 50
20.5 244 0.59
20.505 22 12.16
20.505 23 2.54
20.505 25 0.72
20.505 30 0.00
20.505 B1 6638.93 7515.28 
20.505 B3 6770.24 7676.36 
20.505 120 13 04 50
20.505 244 0.59
20.51 22 12.14
20.51 23 2.54
20.51 25 0.72
20.51 30 0.00
20.51 B1 6625.37 7503.45 
20.51 B3 6756.25 7664.12 
20.51 120 13 04 50
20.51 244 0.59
20.515 22 12.12
20.515 23 2.55
20.515 25 0.83
20.515 30 0.00
20.515 B1 6613.00 7492.80 
20.515 B3 6743.46 7653.04 
20.515 120 13 04 50
20.515 244 0.59
20.52 22 12.09
20.52 23 2.57
20.52 25 0.83
20.52 30 0.00
20.52 B1 6597.03 7478.88 
20.52 B3 6729.17 7640.47 
20.52 120 13 04 50
20.52 244 0.59
20.525 22 12.07
20.525 23 2.57
20.525 25 0.83
20.525 30 0.00
20.525 B1 6581.68 7465.31 
20.525 B3 6714.94 7627.89 
20.525 120 13 04 50
20.525 244 0.59
20.53 22 12.05
20.53 23 2.57
20.53 25 0.83
20.53 30 0.00
20.53 B1 6568.03 7453.30 
20.53 B3 6701.92 7616.48 
20.53 120 13 04 50
20.53 244 0.59
20.535 22 12.03
20.535 23 2.58
20.535 25 0.83
20.535 30 0.00
20.535 B1 6554.19 7441.06 
20.535 B3 6688.60 7604.76 
20.535 120 13 04 50
20.535 244 0.59
20.54 22 12.01
20.54 23 2.59
20.54 25 0.83
20.54 30 0.00
20.54 B1 6540.20 7428.63 
20.54 B3 6675.03 7592.77 
20.54 120 13 04 50
20.54 244 0.59
20.545 22 11.99
20.545 23 2.59
20.545 25 0.83
20.545 30 0.00
20.545 B1 6526.08 7416.03 
20.545 B3 6661.25 7580.55 
20.545 120 13 04 50
20.545 244 0.59
20.55 22 11.97
20.55 23 2.60
20.55 25 0.85
20.55 30 0.00
20.55 B1 6511.86 7403.27 
20.55 B3 6647.31 7568.13 
20.55 120 13 04 50
20.55 244 0.59
20.555 22 11.95
20.555 23 2.61
20.555 25 0.85
20.555 30 0.00
20.555 B1 6495.80 7388.69 
20.555 B3 6632.02 7554.32 
20.555 120 13 04 50
20.555 244 0.59
20.56 22 11.94
20.56 23 2.61
20.56 25 0.85
20.56 30 0.00
20.56 B1 6480.22 7374.43 
20.56 B3 6616.92 7540.58 
20.56 120 13 04 50
20.56 244 0.59
20.565 22 11.92
20.565 23 2.61
20.565 25 0.85
20.565 30 0.00
20.565 B1 6466.26 7361.69 
20.565 B3 6603.12 7528.08 
20.565 120 13 04 50
20.565 244 0.59
20.57 22 11.90
20.57 23 2.62
20.57 25 0.85
20.57 30 0.00
20.57 B1 6452.04 7348.70 
20.57 B3 6589.08 7515.33 
20.57 120 13 04 50
20.57 244 0.59
20.575 22 11.89
20.575 23 2.63
20.575 25 0.74
20.575 30 0.00
20.575 B1 6437.63 7335.50 
20.575 B3 6574.86 7502.36 
20.575 120 13 04 50
20.575 244 0.59
20.58 22 11.88
20.58 23 2.63
20.58 25 0.72
20.58 30 0.00
20.58 B1 6424.95 7323.69 
20.58 B3 6560.46 7489.19 
20.58 120 13 04 50
20.58 244 0.59
20.585 22 11.87
20.585 23 2.64
20.585 25 0.85
20.585 30 0.00
20.585 B1 6411.98 7311.67 
20.585 B3 6545.93 7475.84 
20.585 120 13 04 50
20.585 244 0.59
20.59 22 11.84
20.59 23 2.66
20.59 25 0.85
20.59 30 0.00
20.59 B1 6395.98 7297.12 
20.59 B3 6531.27 7462.33 
20.59 120 13 04 50
20.59 244 0.59
20.595 22 11.82
20.595 23 2.66
20.595 25 0.74
20.595 30 0.00
20.595 B1 6380.30 7282.66 
20.595 B3 6516.52 7448.66 
20.595 120 13 04 50
20.595 244 0.59
20.6 22 11.82
20.6 23 2.66
20.6 25 0.83
20.6 30 0.00
20.6 B1 6366.74 7269.87 
20.6 B3 6501.67 7434.87 
20.6 120 13 04 50
20.6 244 0.59
20.605 22 11.80
20.605 23 2.68
20.605 25 0.74
20.605 30 0.00
20.605 B1 6351.16 7255.40 
20.605 B3 6486.74 7420.93 
20.605 120 13 04 50
20.605 244 0.59
20.61 22 11.79
20.61 23 2.68
20.61 25 0.74
20.61 30 0.00
20.61 B1 6337.20 7242.17 
20.61 B3 6471.73 7406.87 
20.61 120 13 04 50
20.61 244 0.59
20.615 22 11.77
20.615 23 2.69
20.615 25 0.74
20.615 30 0.00
20.615 B1 6322.78 7228.57 
20.615 B3 6456.64 7392.68 
20.615 120 13 04 50
20.615 244 0.59
20.62 22 11.76
20.62 23 2.69
20.62 25 0.74
20.62 30 0.00
20.62 B1 6308.07 7214.67 
20.62 B3 6441.49 7378.39 
20.62 120 13 04 50
20.62 244 0.59
20.625 22 11.75
20.625 23 2.70
20.625 25 0.74
20.625 30 0.00
20.625 B1 6293.12 7200.53 
20.625 B3 6426.26 7363.96 
20.625 120 13 04 50
20.625 244 0.59
20.63 22 11.73
20.63 23 2.71
20.63 25 0.85
20.63 30 0.00
20.63 B1 6278.00 7186.18 
20.63 B3 6410.97 7349.44 
20.63 120 13 04 50
20.63 244 0.59
20.635 22 11.71
20.635 23 2.73
20.635 25 0.74
20.635 30 0.00
20.635 B1 6260.74 7169.98 
20.635 B3 6395.61 7334.80 
20.635 120 13 04 50
20.635 244 0.59
20.64 22 11.70
20.64 23 2.72
20.64 25 0.43
20.64 30 0.00
20.64 B1 6246.07 7155.78 
20.64 B3 6380.20 7320.06 
20.64 120 13 04 50
20.64 244 0.59
20.645 22 11.71
20.645 23 2.70
20.645 25 0.05
20.645 30 0.00
20.645 B1 6237.12 7146.35 
20.645 B3 6364.72 7305.21 
20.645 120 13 04 50
20.645 244 0.59
20.65 22 11.73
20.65 23 2.69
20.65 25 0.05
20.65 30 0.00
20.65 B1 6233.11 7141.33 
20.65 B3 6349.16 7290.26 
20.65 120 13 04 50
20.65 244 0.59
20.655 22 11.71
20.655 23 2.73
20.655 25 0.00
20.655 30 0.00
20.655 B1 6225.13 7133.45 
20.655 B3 6333.50 7275.20 
20.655 120 13 04 50
20.655 244 0.59
20.66 22 11.70
20.66 23 2.76
20.66 25 0.00
20.66 30 0.00
20.66 B1 6215.49 7124.31 
20.66 B3 6317.77 7260.06 
20.66 120 13 04 50
20.66 244 0.59
20.665 22 11.69
20.665 23 2.79
20.665 25 0.00
20.665 30 0.00
20.665 B1 6203.80 7113.45 
20.665 B3 6301.99 7244.85 
20.665 120 13 04 50
20.665 244 0.59
20.67 22 11.68
20.67 23 2.81
20.67 25 0.00
20.67 30 0.00
20.67 B1 6190.72 7101.34 
20.67 B3 6286.16 7229.55 
20.67 120 13 04 50
20.67 244 0.59
20.675 22 11.66
20.675 23 2.82
20.675 25 0.00
20.675 30 0.00
20.675 B1 6176.72 7088.30 
20.675 B3 6270.30 7214.19 
20.675 120 13 04 50
20.675 244 0.59
20.68 22 11.65
20.68 23 2.83
20.68 25 0.00
20.68 30 0.00
20.68 B1 6162.12 7074.57 
20.68 B3 6254.41 7198.75 
20.68 120 13 04 50
20.68 244 0.59
20.685 22 11.64
20.685 23 2.84
20.685 25 0.00
20.685 30 0.00
20.685 B1 6148.40 7061.64 
20.685 B3 6239.67 7184.44 
20.685 120 13 04 50
20.685 244 0.59
20.69 22 11.63
20.69 23 2.86
20.69 25 0.00
20.69 30 0.00
20.69 B1 6133.94 7047.95 
20.69 B3 6224.57 7169.80 
20.69 120 13 04 50
20.69 244 0.59
20.695 22 11.62
20.695 23 2.87
20.695 25 0.00
20.695 30 0.00
20.695 B1 6117.65 7032.36 
20.695 B3 6208.00 7153.67 
20.695 120 13 04 50
20.695 244 0.59
20.7 22 11.61
20.7 23 2.88
20.7 25 0.00
20.7 30 0.00
20.7 B1 6101.47 7016.72 
20.7 B3 6191.54 7137.57 
20.7 120 13 04 50
20.7 244 0.59
20.705 22 11.60
20.705 23 2.88
20.705 25 0.00
20.705 30 0.00
20.705 B1 6085.35 7001.02 
20.705 B3 6175.15 7121.48 
20.705 120 13 04 50
20.705 244 0.59
20.71 22 11.59
20.71 23 2.89
20.71 25 0.00
20.71 30 0.00
20.71 B1 6069.25 6985.25 
20.71 B3 6158.80 7105.37 
20.71 120 13 04 50
20.71 244 0.59
20.715 22 11.58
20.715 23 2.89
20.715 25 0.00
20.715 30 0.00
20.715 B1 6053.14 6969.41 
20.715 B3 6142.46 7089.24 
20.715 120 13 04 50
20.715 244 0.59
20.72 22 11.57
20.72 23 2.90
20.72 25 0.00
20.72 30 0.00
20.72 B1 6037.01 6953.50 
20.72 B3 6126.10 7073.05 
20.72 120 13 04 50
20.72 244 0.59
20.725 22 11.56
20.725 23 2.90
20.725 25 0.00
20.725 30 0.00
20.725 B1 6020.84 6937.51 
20.725 B3 6109.72 7056.81 
20.725 120 13 04 50
20.725 244 0.59
20.73 22 11.55
20.73 23 2.91
20.73 25 0.00
20.73 30 0.00
20.73 B1 6004.63 6921.43 
20.73 B3 6093.33 7040.52 
20.73 120 13 04 50
20.73 244 0.59
20.735 22 11.55
20.735 23 2.91
20.735 25 0.00
20.735 30 0.00
20.735 B1 5988.38 6905.29 
20.735 B3 6076.89 7024.17 
20.735 120 13 04 50
20.735 244 0.59
20.74 22 11.54
20.74 23 2.92
20.74 25 0.00
20.74 30 0.00
20.74 B1 5972.09 6889.07 
20.74 B3 6060.41 7007.75 
20.74 120 13 04 50
20.74 244 0.59
20.745 22 11.54
20.745 23 2.92
20.745 25 0.00
20.745 30 0.00
20.745 B1 5955.75 6872.78 
20.745 B3 6043.90 6991.27 
20.745 120 13 04 50
20.745 244 0.59
20.75 22 11.53
20.75 23 2.93
20.75 25 0.00
20.75 30 0.00
20.75 B1 5939.35 6856.42 
20.75 B3 6027.33 6974.72 
20.75 120 13 04 50
20.75 244 0.59
20.755 22 11.53
20.755 23 2.94
20.755 25 0.00
20.755 30 0.00
20.755 B1 5922.92 6839.98 
20.755 B3 6010.72 6958.10 
20.755 120 13 04 50
20.755 244 0.59
20.76 22 11.52
20.76 23 2.94
20.76 25 0.00
20.76 30 0.00
20.76 B1 5906.43 6823.48 
20.76 B3 5994.06 6941.41 
20.76 120 13 04 50
20.76 244 0.59
20.765 22 11.52
20.765 23 2.95
20.765 25 0.00
20.765 30 0.00
20.765 B1 5889.90 6806.92 
20.765 B3 5977.35 6924.66 
20.765 120 13 04 50
20.765 244 0.59
20.77 22 11.51
20.77 23 2.95
20.77 25 0.00
20.77 30 0.00
20.77 B1 5873.31 6790.28 
20.77 B3 5960.59 6907.84 
20.77 120 13 04 50
20.77 244 0.59
20.775 22 11.51
20.775 23 2.96
20.775 25 0.00
20.775 30 0.00
20.775 B1 5856.68 6773.58 
20.775 B3 5943.78 6890.96 
20.775 120 13 04 50
20.775 244 0.59
20.78 22 11.51
20.78 23 2.96
20.78 25 -1.31
20.78 30 0.00
20.78 B1 5840.11 6756.91 
20.78 B3 5926.92 6874.01 
20.78 120 13 04 50
20.78 244 0.59
20.785 22 11.51
20.785 23 2.82
20.785 25 -2.84
20.785 30 0.00
20.785 B1 5851.82 6763.53 
20.785 B3 5910.02 6856.99 
20.785 120 13 04 50
20.785 244 0.59
20.79 22 11.57
20.79 23 2.76
20.79 25 -3.67
20.79 30 0.00
20.79 B1 5885.03 6789.25 
20.79 B3 5892.95 6839.84 
20.79 120 13 04 50
20.79 244 0.59
20.795 22 11.60
20.795 23 2.86
20.795 25 -3.67
20.795 30 0.00
20.795 B1 5918.08 6817.19 
20.795 B3 5876.90 6823.77 
20.795 120 13 04 50
20.795 244 0.59
20.8 22 11.58
20.8 23 3.04
20.8 25 -4.26
20.8 30 0.00
20.8 B1 5933.49 6832.10 
20.8 B3 5860.39 6807.38 
20.8 120 13 04 50
20.8 244 0.59
20.805 22 11.60
20.805 23 3.11
20.805 25 -5.69
20.805 30 0.00
20.805 B1 5947.89 6845.95 
20.805 B3 5842.46 6789.59 
20.805 120 13 04 50
20.805 244 0.59
20.81 22 11.71
20.81 23 3.11
20.81 25 -6.63
20.81 30 0.00
20.81 B1 5979.52 6874.05 
20.81 B3 5825.92 6773.14 
20.81 120 13 04 50
20.81 244 0.59
20.815 22 11.78
20.815 23 3.22
20.815 25 -8.53
20.815 30 0.00
20.815 B1 6011.38 6903.10 
20.815 B3 5809.12 6756.58 
20.815 120 13 04 50
20.815 244 0.59
20.82 22 11.98
20.82 23 3.32
20.82 25 -8.53
20.82 30 0.00
20.82 B1 6058.63 6944.96 
20.82 B3 5792.13 6739.97 
20.82 120 13 04 50
20.82 244 0.59
20.825 22 11.93
20.825 23 3.53
20.825 25 -9.60
20.825 30 0.00
20.825 B1 6084.04 6970.59 
20.825 B3 5774.96 6723.45 
20.825 120 13 04 50
20.825 244 0.59
20.83 22 12.02
20.83 23 3.64
20.83 25 -9.60
20.83 30 0.00
20.83 B1 6112.46 6998.27 
20.83 B3 5757.79 6707.03 
20.83 120 13 04 50
20.83 244 0.59
20.835 22 11.98
20.835 23 3.79
20.835 25 -11.02
20.835 30 0.00
20.835 B1 6125.87 7014.07 
20.835 B3 5740.63 6690.79 
20.835 120 13 04 50
20.835 244 0.59
20.84 22 12.12
20.84 23 3.88
20.84 25 -11.02
20.84 30 0.00
20.84 B1 6151.36 7038.49 
20.84 B3 5723.56 6674.70 
20.84 120 13 04 50
20.84 244 0.59
20.845 22 12.07
20.845 23 4.01
20.845 25 -11.02
20.845 30 0.00
20.845 B1 6163.05 7052.20 
20.845 B3 5706.51 6658.81 
20.845 120 13 04 50
20.845 244 0.59
20.85 22 12.03
20.85 23 4.10
20.85 25 -11.02
20.85 30 0.00
20.85 B1 6165.76 7058.28 
20.85 B3 5689.55 6643.09 
20.85 120 13 04 50
20.85 244 0.59
20.855 22 12.00
20.855 23 4.16
20.855 25 -11.02
20.855 30 0.00
20.855 B1 6162.62 7058.93 
20.855 B3 5672.72 6627.52 
20.855 120 13 04 50
20.855 244 0.59
20.86 22 11.98
20.86 23 4.20
20.86 25 -11.02
20.86 30 0.00
20.86 B1 6155.64 7055.67 
20.86 B3 5655.99 6612.05 
20.86 120 13 04 50
20.86 244 0.59
20.865 22 11.95
20.865 23 4.23
20.865 25 -11.02
20.865 30 0.00
20.865 B1 6146.17 7049.62 
20.865 B3 5639.36 6596.65 
20.865 120 13 04 50
20.865 244 0.59
20.87 22 11.93
20.87 23 4.25
20.87 25 -11.14
20.87 30 0.00
20.87 B1 6135.05 7041.53 
20.87 B3 5622.79 6581.28 
20.87 120 13 04 50
20.87 244 0.60
20.875 22 11.92
20.875 23 4.26
20.875 25 -11.02
20.875 30 0.00
20.875 B1 6126.00 7034.72 
20.875 B3 5607.46 6567.12 
20.875 120 13 04 50
20.875 244 0.59
20.88 22 11.88
20.88 23 4.28
20.88 25 -11.14
20.88 30 0.00
20.88 B1 6111.96 7023.29 
20.88 B3 5590.57 6551.45 
20.88 120 13 04 50
20.88 244 0.60
20.885 22 11.88
20.885 23 4.29
20.885 25 -11.14
20.885 30 0.00
20.885 B1 6101.02 7014.06 
20.885 B3 5575.01 6537.02 
20.885 120 13 04 50
20.885 244 0.60
20.89 22 11.86
20.89 23 4.30
20.89 25 -11.14
20.89 30 0.00
20.89 B1 6088.91 7003.63 
20.89 B3 5559.16 6522.30 
20.89 120 13 04 50
20.89 244 0.60
20.895 22 11.84
20.895 23 4.32
20.895 25 -11.14
20.895 30 0.00
20.895 B1 6076.00 6992.29 
20.895 B3 5543.08 6507.34 
20.895 120 13 04 50
20.895 244 0.60
20.9 22 11.81
20.9 23 4.32
20.9 25 -11.14
20.9 30 0.00
20.9 B1 6062.59 6980.29 
20.9 B3 5526.86 6492.18 
20.9 120 13 04 50
20.9 244 0.60
20.905 22 11.79
20.905 23 4.33
20.905 25 -11.14
20.905 30 0.00
20.905 B1 6048.83 6967.80 
20.905 B3 5510.51 6476.83 
20.905 120 13 04 50
20.905 244 0.60
20.91 22 11.77
20.91 23 4.34
20.91 25 -11.14
20.91 30 0.00
20.91 B1 6034.83 6954.92 
20.91 B3 5494.06 6461.31 
20.91 120 13 04 50
20.91 244 0.60
20.915 22 11.76
20.915 23 4.34
20.915 25 -11.14
20.915 30 0.00
20.915 B1 6020.66 6941.75 
20.915 B3 5477.52 6445.64 
20.915 120 13 04 50
20.915 244 0.60
20.92 22 11.74
20.92 23 4.34
20.92 25 -11.02
20.92 30 0.00
20.92 B1 6006.38 6928.34 
20.92 B3 5460.92 6429.83 
20.92 120 13 04 50
20.92 244 0.60
20.925 22 11.70
20.925 23 4.35
20.925 25 -9.24
20.925 30 0.00
20.925 B1 5990.03 6913.20 
20.925 B3 5444.26 6413.89 
20.925 120 13 04 50
20.925 244 0.60
20.93 22 11.49
20.93 23 4.42
20.93 25 -9.24
20.93 30 0.00
20.93 B1 5943.22 6874.16 
20.93 B3 5427.54 6397.80 
20.93 120 13 04 50
20.93 244 0.60
20.935 22 11.49
20.935 23 4.32
20.935 25 -9.24
20.935 30 0.00
20.935 B1 5907.81 6842.13 
20.935 B3 5410.93 6381.55 
20.935 120 13 04 50
20.935 244 0.60
20.94 22 11.48
20.94 23 4.25
20.94 25 -9.24
20.94 30 0.00
20.94 B1 5879.75 6815.05 
20.94 B3 5394.31 6365.10 
20.94 120 13 04 50
20.94 244 0.60
20.945 22 11.48
20.945 23 4.21
20.945 25 -9.24
20.945 30 0.00
20.945 B1 5856.40 6791.44 
20.945 B3 5377.61 6348.46 
20.945 120 13 04 50
20.945 244 0.60
20.95 22 11.46
20.95 23 4.19
20.95 25 -9.24
20.95 30 0.00
20.95 B1 5836.05 6770.27 
20.95 B3 5360.81 6331.63 
20.95 120 13 04 50
20.95 244 0.60
20.955 22 11.45
20.955 23 4.17
20.955 25 -9.24
20.955 30 0.00
20.955 B1 5817.59 6750.79 
20.955 B3 5343.91 6314.63 
20.955 120 13 04 50
20.955 244 0.60
20.96 22 11.44
20.96 23 4.16
20.96 25 -9.24
20.96 30 0.00
20.96 B1 5800.33 6732.49 
20.96 B3 5326.92 6297.46 
20.96 120 13 04 50
20.96 244 0.60
20.965 22 11.42
20.965 23 4.15
20.965 25 -9.24
20.965 30 0.00
20.965 B1 5785.12 6716.30 
20.965 B3 5311.04 6281.33 
20.965 120 13 04 50
20.965 244 0.60
20.97 22 11.41
20.97 23 4.16
20.97 25 -9.24
20.97 30 0.00
20.97 B1 5768.59 6698.94 
20.97 B3 5293.53 6263.59 
20.97 120 13 04 50
20.97 244 0.60
20.975 22 11.39
20.975 23 4.16
20.975 25 -9.24
20.975 30 0.00
20.975 B1 5752.52 6682.05 
20.975 B3 5276.08 6245.80 
20.975 120 13 04 50
20.975 244 0.60
20.98 22 11.38
20.98 23 4.16
20.98 25 -9.24
20.98 30 0.00
20.98 B1 5736.73 6665.49 
20.98 B3 5258.67 6227.97 
20.98 120 13 04 50
20.98 244 0.60
20.985 22 11.37
20.985 23 4.16
20.985 25 -9.24
20.985 30 0.00
20.985 B1 5721.11 6649.13 
20.985 B3 5241.26 6210.07 
20.985 120 13 04 50
20.985 244 0.60
20.99 22 11.35
20.99 23 4.16
20.99 25 -9.24
20.99 30 0.00
20.99 B1 5705.59 6632.89 
20.99 B3 5223.86 6192.12 
20.99 120 13 04 50
20.99 244 0.60
20.995 22 11.34
20.995 23 4.16
20.995 25 -9.24
20.995 30 0.00
20.995 B1 5691.46 6618.05 
20.995 B3 5207.65 6175.31 
20.995 120 13 04 50
20.995 244 0.60
21 22 11.32
21 23 4.17
21 25 -9.24
21 30 0.00
21 B1 5675.53 6601.51 
21 B3 5189.85 6156.94 
21 120 13 04 50
21 244 0.60
21.005 22 11.31
21.005 23 4.17
21.005 25 -9.12
21.005 30 0.00
21.005 B1 5661.12 6586.42 
21.005 B3 5173.37 6139.80 
21.005 120 13 04 50
21.005 244 0.60
21.01 22 11.29
21.01 23 4.19
21.01 25 -9.12
21.01 30 0.00
21.01 B1 5643.95 6569.15 
21.01 B3 5156.57 6122.36 
21.01 120 13 04 50
21.01 244 0.60
21.015 22 11.28
21.015 23 4.19
21.015 25 -9.12
21.015 30 0.00
21.015 B1 5627.43 6552.19 
21.015 B3 5139.59 6104.69 
21.015 120 13 04 50
21.015 244 0.60
21.02 22 11.27
21.02 23 4.19
21.02 25 -9.12
21.02 30 0.00
21.02 B1 5611.32 6535.43 
21.02 B3 5122.46 6086.83 
21.02 120 13 04 50
21.02 244 0.60
21.025 22 11.26
21.025 23 4.19
21.025 25 -8.89
21.025 30 0.00
21.025 B1 5595.44 6518.81 
21.025 B3 5105.23 6068.84 
21.025 120 13 04 50
21.025 244 0.60
21.03 22 11.24
21.03 23 4.22
21.03 25 -8.77
21.03 30 0.00
21.03 B1 5574.73 6498.36 
21.03 B3 5087.92 6050.72 
21.03 120 13 04 50
21.03 244 0.60
21.035 22 11.23
21.035 23 4.21
21.035 25 -8.77
21.035 30 0.00
21.035 B1 5553.47 6477.17 
21.035 B3 5070.60 6032.52 
21.035 120 13 04 50
21.035 244 0.60
21.04 22 11.22
21.04 23 4.20
21.04 25 -6.75
21.04 30 0.00
21.04 B1 5534.37 6457.42 
21.04 B3 5053.26 6014.25 
21.04 120 13 04 50
21.04 244 0.60
21.045 22 11.18
21.045 23 4.43
21.045 25 -6.75
21.045 30 0.00
21.045 B1 5471.73 6403.27 
21.045 B3 5035.88 5995.90 
21.045 120 13 04 50
21.045 244 0.60
21.05 22 11.20
21.05 23 4.27
21.05 25 -6.16
21.05 30 0.00
21.05 B1 5426.91 6360.64 
21.05 B3 5018.68 5977.59 
21.05 120 13 04 50
21.05 244 0.60
21.055 22 11.21
21.055 23 4.25
21.055 25 -5.45
21.055 30 0.00
21.055 B1 5379.12 6314.85 
21.055 B3 5001.47 5959.24 
21.055 120 13 04 50
21.055 244 0.60
21.06 22 11.23
21.06 23 4.24
21.06 25 -5.45
21.06 30 0.00
21.06 B1 5326.20 6264.24 
21.06 B3 4984.21 5940.85 
21.06 120 13 04 50
21.06 244 0.60
21.065 22 11.24
21.065 23 4.11
21.065 25 -5.45
21.065 30 0.00
21.065 B1 5287.53 6224.10 
21.065 B3 4966.91 5922.42 
21.065 120 13 04 50
21.065 244 0.60
21.07 22 11.25
21.07 23 4.03
21.07 25 -5.21
21.07 30 0.00
21.07 B1 5257.53 6191.13 
21.07 B3 4949.47 5903.91 
21.07 120 13 04 50
21.07 244 0.60
21.075 22 11.26
21.075 23 4.01
21.075 25 -5.21
21.075 30 0.00
21.075 B1 5226.77 6158.29 
21.075 B3 4931.85 5885.28 
21.075 120 13 04 50
21.075 244 0.60
21.08 22 11.27
21.08 23 3.96
21.08 25 -5.21
21.08 30 0.00
21.08 B1 5201.52 6130.28 
21.08 B3 4914.11 5866.58 
21.08 120 13 04 50
21.08 244 0.60
21.085 22 11.27
21.085 23 3.93
21.085 25 -5.33
21.085 30 0.00
21.085 B1 5179.56 6105.55 
21.085 B3 4896.23 5847.76 
21.085 120 13 04 50
21.085 244 0.60
21.09 22 11.27
21.09 23 3.90
21.09 25 -5.21
21.09 30 0.00
21.09 B1 5162.59 6085.44 
21.09 B3 4878.23 5828.86 
21.09 120 13 04 50
21.09 244 0.60
21.095 22 11.28
21.095 23 3.92
21.095 25 -5.21
21.095 30 0.00
21.095 B1 5142.46 6063.56 
21.095 B3 4860.13 5809.87 
21.095 120 13 04 50
21.095 244 0.60
21.1 22 11.28
21.1 23 3.91
21.1 25 -5.33
21.1 30 0.00
21.1 B1 5123.51 6042.94 
21.1 B3 4841.97 5790.83 
21.1 120 13 04 50
21.1 244 0.60
21.105 22 11.28
21.105 23 3.89
21.105 25 -5.33
21.105 30 0.00
21.105 B1 5107.05 6024.31 
21.105 B3 4822.56 5770.55 
21.105 120 13 04 50
21.105 244 0.60
21.11 22 11.28
21.11 23 3.89
21.11 25 -5.33
21.11 30 0.00
21.11 B1 5090.25 6005.84 
21.11 B3 4803.51 5750.53 
21.11 120 13 04 50
21.11 244 0.60
21.115 22 11.28
21.115 23 3.89
21.115 25 -5.33
21.115 30 0.00
21.115 B1 5074.56 5988.80 
21.115 B3 4785.89 5731.92 
21.115 120 13 04 50
21.115 244 0.60
21.12 22 11.27
21.12 23 3.91
21.12 25 -5.33
21.12 30 0.00
21.12 B1 5058.21 5971.39 
21.12 B3 4768.02 5713.13 
21.12 120 13 04 50
21.12 244 0.60
21.125 22 11.27
21.125 23 3.92
21.125 25 -5.33
21.125 30 0.00
21.125 B1 5041.46 5953.74 
21.125 B3 4749.99 5694.21 
21.125 120 13 04 50
21.125 244 0.60
21.13 22 11.27
21.13 23 3.92
21.13 25 -5.33
21.13 30 0.00
21.13 B1 5024.48 5935.91 
21.13 B3 4731.86 5675.20 
21.13 120 13 04 50
21.13 244 0.60
21.135 22 11.27
21.135 23 3.93
21.135 25 -5.33
21.135 30 0.00
21.135 B1 5007.36 5917.97 
21.135 B3 4713.67 5656.14 
21.135 120 13 04 50
21.135 244 0.60
21.14 22 11.27
21.14 23 3.94
21.14 25 -5.33
21.14 30 0.00
21.14 B1 4990.16 5899.96 
21.14 B3 4695.45 5637.04 
21.14 120 13 04 50
21.14 244 0.60
21.145 22 11.27
21.145 23 3.94
21.145 25 -5.21
21.145 30 0.00
21.145 B1 4972.90 5881.87 
21.145 B3 4677.20 5617.90 
21.145 120 13 04 50
21.145 244 0.60
21.15 22 11.27
21.15 23 3.97
21.15 25 -5.21
21.15 30 0.00
21.15 B1 4951.02 5859.86 
21.15 B3 4657.75 5597.56 
21.15 120 13 04 50
21.15 244 0.60
21.155 22 11.27
21.155 23 3.95
21.155 25 -5.21
21.155 30 0.00
21.155 B1 4931.06 5839.15 
21.155 B3 4638.75 5577.56 
21.155 120 13 04 50
21.155 244 0.60
21.16 22 11.28
21.16 23 3.94
21.16 25 -5.81
21.16 30 0.00
21.16 B1 4912.19 5819.27 
21.16 B3 4620.00 5557.78 
21.16 120 13 04 50
21.16 244 0.60
21.165 22 11.26
21.165 23 3.83
21.165 25 -5.81
21.165 30 0.00
21.165 B1 4910.38 5812.93 
21.165 B3 4601.43 5538.18 
21.165 120 13 04 50
21.165 244 0.60
21.17 22 11.26
21.17 23 3.90
21.17 25 -5.81
21.17 30 0.00
21.17 B1 4901.92 5802.49 
21.17 B3 4582.89 5518.62 
21.17 120 13 04 50
21.17 244 0.60
21.175 22 11.25
21.175 23 3.94
21.175 25 -5.81
21.175 30 0.00
21.175 B1 4889.66 5789.38 
21.175 B3 4564.42 5499.14 
21.175 120 13 04 50
21.175 244 0.60
21.18 22 11.25
21.18 23 3.96
21.18 25 -6.52
21.18 30 0.00
21.18 B1 4875.25 5774.51 
21.18 B3 4546.03 5479.74 
21.18 120 13 04 50
21.18 244 0.60
21.185 22 11.23
21.185 23 3.85
21.185 25 -8.77
21.185 30 0.00
21.185 B1 4879.31 5774.02 
21.185 B3 4527.74 5460.40 
21.185 120 13 04 50
21.185 244 0.60
21.19 22 11.20
21.19 23 3.57
21.19 25 -8.77
21.19 30 0.00
21.19 B1 4934.85 5815.36 
21.19 B3 4510.59 5442.23 
21.19 120 13 04 50
21.19 244 0.60
21.195 22 11.15
21.195 23 3.87
21.195 25 -10.66
21.195 30 0.00
21.195 B1 4959.57 5836.29 
21.195 B3 4492.78 5423.55 
21.195 120 13 04 50
21.195 244 0.60
21.2 22 11.14
21.2 23 3.77
21.2 25 -11.25
21.2 30 0.00
21.2 B1 5013.52 5880.43 
21.2 B3 4474.82 5404.64 
21.2 120 13 04 50
21.2 244 0.60
21.205 22 11.10
21.205 23 3.97
21.205 25 -12.79
21.205 30 0.00
21.205 B1 5052.12 5914.52 
21.205 B3 4456.68 5385.51 
21.205 120 13 04 50
21.205 244 0.60
21.21 22 11.11
21.21 23 4.01
21.21 25 -13.98
21.21 30 0.00
21.21 B1 5103.19 5958.45 
21.21 B3 4438.62 5366.33 
21.21 120 13 04 50
21.21 244 0.60
21.215 22 11.11
21.215 23 4.15
21.215 25 -13.98
21.215 30 0.00
21.215 B1 5152.70 6001.86 
21.215 B3 4420.64 5347.15 
21.215 120 13 04 50
21.215 244 0.60
21.22 22 11.03
21.22 23 4.40
21.22 25 -15.05
21.22 30 0.00
21.22 B1 5175.93 6025.38 
21.22 B3 4402.83 5328.07 
21.22 120 13 04 50
21.22 244 0.60
21.225 22 11.05
21.225 23 4.46
21.225 25 -15.05
21.225 30 0.00
21.225 B1 5204.93 6051.60 
21.225 B3 4384.17 5307.99 
21.225 120 13 04 50
21.225 244 0.60
21.23 22 10.99
21.23 23 4.62
21.23 25 -15.28
21.23 30 0.00
21.23 B1 5216.41 6063.94 
21.23 B3 4366.23 5288.45 
21.23 120 13 04 50
21.23 244 0.60
21.235 22 10.97
21.235 23 4.70
21.235 25 -15.76
21.235 30 0.00
21.235 B1 5222.50 6070.80 
21.235 B3 4348.90 5269.38 
21.235 120 13 04 50
21.235 244 0.60
21.24 22 10.97
21.24 23 4.74
21.24 25 -15.88
21.24 30 0.00
21.24 B1 5230.28 6077.70 
21.24 B3 4332.05 5250.69 
21.24 120 13 04 50
21.24 244 0.60
21.245 22 10.94
21.245 23 4.82
21.245 25 -15.88
21.245 30 0.00
21.245 B1 5231.79 6079.10 
21.245 B3 4315.53 5232.32 
21.245 120 13 04 50
21.245 244 0.60
21.25 22 10.91
21.25 23 4.88
21.25 25 -15.99
21.25 30 0.00
21.25 B1 5227.19 6075.01 
21.25 B3 4299.32 5214.23 
21.25 120 13 04 50
21.25 244 0.60
21.255 22 10.90
21.255 23 4.91
21.255 25 -15.99
21.255 30 0.00
21.255 B1 5221.39 6069.08 
21.255 B3 4283.35 5196.33 
21.255 120 13 04 50
21.255 244 0.60
21.26 22 10.88
21.26 23 4.94
21.26 25 -15.99
21.26 30 0.00
21.26 B1 5212.48 6060.08 
21.26 B3 4267.58 5178.63 
21.26 120 13 04 50
21.26 244 0.60
21.265 22 10.86
21.265 23 4.96
21.265 25 -15.99
21.265 30 0.00
21.265 B1 5201.74 6049.04 
21.265 B3 4251.99 5161.08 
21.265 120 13 04 50
21.265 244 0.60
21.27 22 10.85
21.27 23 4.97
21.27 25 -15.99
21.27 30 0.00
21.27 B1 5189.92 6036.63 
21.27 B3 4236.53 5143.65 
21.27 120 13 04 50
21.27 244 0.60
21.275 22 10.84
21.275 23 4.98
21.275 25 -15.99
21.275 30 0.00
21.275 B1 5177.47 6023.30 
21.275 B3 4221.21 5126.32 
21.275 120 13 04 50
21.275 244 0.60
21.28 22 10.83
21.28 23 4.99
21.28 25 -15.99
21.28 30 0.00
21.28 B1 5164.66 6009.34 
21.28 B3 4205.97 5109.07 
21.28 120 13 04 50
21.28 244 0.60
21.285 22 10.82
21.285 23 4.99
21.285 25 -15.99
21.285 30 0.00
21.285 B1 5151.64 5994.99 
21.285 B3 4190.82 5091.89 
21.285 120 13 04 50
21.285 244 0.60
21.29 22 10.81
21.29 23 4.99
21.29 25 -15.99
21.29 30 0.00
21.29 B1 5138.52 5980.36 
21.29 B3 4175.74 5074.77 
21.29 120 13 04 50
21.29 244 0.60
21.295 22 10.80
21.295 23 5.00
21.295 25 -15.99
21.295 30 0.00
21.295 B1 5126.66 5966.88 
21.295 B3 4161.93 5058.91 
21.295 120 13 04 50
21.295 244 0.60
21.3 22 10.79
21.3 23 5.01
21.3 25 -16.35
21.3 30 0.00
21.3 B1 5114.23 5952.84 
21.3 B3 4147.70 5042.72 
21.3 120 13 04 50
21.3 244 0.60
21.305 22 10.80
21.305 23 4.98
21.305 25 -16.35
21.305 30 0.00
21.305 B1 5107.82 5942.92 
21.305 B3 4132.05 5025.13 
21.305 120 13 04 50
21.305 244 0.60
21.31 22 10.78
21.31 23 5.00
21.31 25 -16.94
21.31 30 0.00
21.31 B1 5098.64 5931.28 
21.31 B3 4116.73 5007.77 
21.31 120 13 04 50
21.31 244 0.60
21.315 22 10.80
21.315 23 4.96
21.315 25 -16.94
21.315 30 0.00
21.315 B1 5100.45 5928.06 
21.315 B3 4101.64 4990.59 
21.315 120 13 04 50
21.315 244 0.60
21.32 22 10.78
21.32 23 5.02
21.32 25 -16.94
21.32 30 0.00
21.32 B1 5096.15 5920.92 
21.32 B3 4086.67 4973.54 
21.32 120 13 04 50
21.32 244 0.60
21.325 22 10.76
21.325 23 5.05
21.325 25 -17.18
21.325 30 0.00
21.325 B1 5088.29 5911.19 
21.325 B3 4071.83 4956.62 
21.325 120 13 04 50
21.325 244 0.60
21.33 22 10.76
21.33 23 5.05
21.33 25 -18.01
21.33 30 0.00
21.33 B1 5083.39 5903.54 
21.33 B3 4057.13 4939.81 
21.33 120 13 04 50
21.33 244 0.60
21.335 22 10.80
21.335 23 5.01
21.335 25 -18.01
21.335 30 0.00
21.335 B1 5092.51 5906.59 
21.335 B3 4042.54 4923.09 
21.335 120 13 04 50
21.335 244 0.60
21.34 22 10.76
21.34 23 5.09
21.34 25 -18.96
21.34 30 0.00
21.34 B1 5092.63 5903.68 
21.34 B3 4027.96 4906.46 
21.34 120 13 04 50
21.34 244 0.60
21.345 22 10.81
21.345 23 5.07
21.345 25 -18.96
21.345 30 0.00
21.345 B1 5108.05 5912.67 
21.345 B3 4014.68 4891.14 
21.345 120 13 04 50
21.345 244 0.60
21.35 22 10.77
21.35 23 5.18
21.35 25 -19.19
21.35 30 0.00
21.35 B1 5112.00 5913.82 
21.35 B3 4000.94 4875.54 
21.35 120 13 04 50
21.35 244 0.60
21.355 22 10.76
21.355 23 5.23
21.355 25 -19.19
21.355 30 0.00
21.355 B1 5112.71 5912.05 
21.355 B3 3985.88 4858.63 
21.355 120 13 04 50
21.355 244 0.60
21.36 22 10.73
21.36 23 5.27
21.36 25 -19.19
21.36 30 0.00
21.36 B1 5108.12 5906.16 
21.36 B3 3971.30 4842.05 
21.36 120 13 04 50
21.36 244 0.60
21.365 22 10.70
21.365 23 5.30
21.365 25 -19.19
21.365 30 0.00
21.365 B1 5100.47 5897.54 
21.365 B3 3957.08 4825.74 
21.365 120 13 04 50
21.365 244 0.60
21.37 22 10.69
21.37 23 5.31
21.37 25 -19.19
21.37 30 0.00
21.37 B1 5092.35 5888.45 
21.37 B3 3944.33 4810.83 
21.37 120 13 04 50
21.37 244 0.60
21.375 22 10.67
21.375 23 5.33
21.375 25 -19.19
21.375 30 0.00
21.375 B1 5082.67 5877.74 
21.375 B3 3931.29 4795.70 
21.375 120 13 04 50
21.375 244 0.60
21.38 22 10.66
21.38 23 5.35
21.38 25 -19.19
21.38 30 0.00
21.38 B1 5070.77 5864.65 
21.38 B3 3916.94 4779.25 
21.38 120 13 04 50
21.38 244 0.60
21.385 22 10.65
21.385 23 5.34
21.385 25 -19.19
21.385 30 0.00
21.385 B1 5060.24 5852.63 
21.385 B3 3904.25 4764.31 
21.385 120 13 04 50
21.385 244 0.60
21.39 22 10.64
21.39 23 5.35
21.39 25 -19.31
21.39 30 0.00
21.39 B1 5049.21 5840.00 
21.39 B3 3891.37 4749.23 
21.39 120 13 04 50
21.39 244 0.60
21.395 22 10.63
21.395 23 5.35
21.395 25 -19.31
21.395 30 0.00
21.395 B1 5040.33 5828.81 
21.395 B3 3878.41 4734.07 
21.395 120 13 04 50
21.395 244 0.60
21.4 22 10.62
21.4 23 5.36
21.4 25 -19.31
21.4 30 0.00
21.4 B1 5030.30 5816.75 
21.4 B3 3865.43 4718.86 
21.4 120 13 04 50
21.4 244 0.60
21.405 22 10.61
21.405 23 5.37
21.405 25 -19.31
21.405 30 0.00
21.405 B1 5019.63 5804.15 
21.405 B3 3852.48 4703.67 
21.405 120 13 04 50
21.405 244 0.60
21.41 22 10.60
21.41 23 5.37
21.41 25 -19.31
21.41 30 0.00
21.41 B1 5008.59 5791.17 
21.41 B3 3839.58 4688.48 
21.41 120 13 04 50
21.41 244 0.61
21.415 22 10.59
21.415 23 5.37
21.415 25 -19.31
21.415 30 0.00
21.415 B1 4998.70 5779.30 
21.415 B3 3827.96 4674.53 
21.415 120 13 04 50
21.415 244 0.61
21.42 22 10.58
21.42 23 5.38
21.42 25 -19.31
21.42 30 0.00
21.42 B1 4988.17 5766.84 
21.42 B3 3815.91 4660.23 
21.42 120 13 04 50
21.42 244 0.61
21.425 22 10.57
21.425 23 5.39
21.425 25 -19.43
21.425 30 0.00
21.425 B1 4977.30 5754.00 
21.425 B3 3803.65 4645.71 
21.425 120 13 04 50
21.425 244 0.61
21.43 22 10.57
21.43 23 5.38
21.43 25 -19.43
21.43 30 0.00
21.43 B1 4968.74 5742.81 
21.43 B3 3791.32 4631.08 
21.43 120 13 04 50
21.43 244 0.61
21.435 22 10.56
21.435 23 5.40
21.435 25 -19.43
21.435 30 0.00
21.435 B1 4959.05 5730.83 
21.435 B3 3778.96 4616.39 
21.435 120 13 04 50
21.435 244 0.61
21.44 22 10.55
21.44 23 5.40
21.44 25 -19.67
21.44 30 0.00
21.44 B1 4948.73 5718.36 
21.44 B3 3766.65 4601.69 
21.44 120 13 04 50
21.44 244 0.60
21.445 22 10.55
21.445 23 5.39
21.445 25 -19.67
21.445 30 0.00
21.445 B1 4941.77 5708.02 
21.445 B3 3753.20 4585.82 
21.445 120 13 04 50
21.445 244 0.60
21.45 22 10.54
21.45 23 5.40
21.45 25 -19.67
21.45 30 0.00
21.45 B1 4933.06 5696.65 
21.45 B3 3740.33 4570.38 
21.45 120 13 04 50
21.45 244 0.60
21.455 22 10.53
21.455 23 5.40
21.455 25 -19.67
21.455 30 0.00
21.455 B1 4923.38 5684.62 
21.455 B3 3727.82 4555.25 
21.455 120 13 04 50
21.455 244 0.60
21.46 22 10.52
21.46 23 5.40
21.46 25 -19.67
21.46 30 0.00
21.46 B1 4913.16 5672.17 
21.46 B3 3715.58 4540.35 
21.46 120 13 04 50
21.46 244 0.60
21.465 22 10.51
21.465 23 5.41
21.465 25 -19.67
21.465 30 0.00
21.465 B1 4902.66 5659.45 
21.465 B3 3703.52 4525.66 
21.465 120 13 04 50
21.465 244 0.60
21.47 22 10.50
21.47 23 5.41
21.47 25 -19.67
21.47 30 0.00
21.47 B1 4892.01 5646.58 
21.47 B3 3691.61 4511.09 
21.47 120 13 04 50
21.47 244 0.60
21.475 22 10.49
21.475 23 5.41
21.475 25 -19.67
21.475 30 0.00
21.475 B1 4881.30 5633.62 
21.475 B3 3679.85 4496.65 
21.475 120 13 04 50
21.475 244 0.60
21.48 22 10.49
21.48 23 5.41
21.48 25 -19.67
21.48 30 0.00
21.48 B1 4870.59 5620.62 
21.48 B3 3668.18 4482.33 
21.48 120 13 04 50
21.48 244 0.60
21.485 22 10.48
21.485 23 5.41
21.485 25 -19.67
21.485 30 0.00
21.485 B1 4859.89 5607.60 
21.485 B3 3656.61 4468.10 
21.485 120 13 04 50
21.485 244 0.60
21.49 22 10.47
21.49 23 5.41
21.49 25 -19.67
21.49 30 0.00
21.49 B1 4849.23 5594.59 
21.49 B3 3645.17 4453.98 
21.49 120 13 04 50
21.49 244 0.60
21.495 22 10.47
21.495 23 5.41
21.495 25 -19.67
21.495 30 0.00
21.495 B1 4838.61 5581.59 
21.495 B3 3633.81 4439.93 
21.495 120 13 04 50
21.495 244 0.61
21.5 22 10.46
21.5 23 5.41
21.5 25 -19.67
21.5 30 0.00
21.5 B1 4829.36 5569.94 
21.5 B3 3623.73 4427.16 
21.5 120 13 04 50
21.5 244 0.61
21.505 22 10.45
21.505 23 5.42
21.505 25 -19.67
21.505 30 0.00
21.505 B1 4819.60 5557.86 
21.505 B3 3613.23 4414.07 
21.505 120 13 04 50
21.505 244 0.61
21.51 22 10.44
21.51 23 5.42
21.51 25 -19.78
21.51 30 0.00
21.51 B1 4809.58 5545.51 
21.51 B3 3602.54 4400.80 
21.51 120 13 04 50
21.51 244 0.61
21.515 22 10.44
21.515 23 5.41
21.515 25 -19.78
21.515 30 0.00
21.515 B1 4802.01 5534.98 
21.515 B3 3591.79 4387.44 
21.515 120 13 04 50
21.515 244 0.61
21.52 22 10.43
21.52 23 5.43
21.52 25 -19.78
21.52 30 0.00
21.52 B1 4793.28 5523.66 
21.52 B3 3581.05 4374.07 
21.52 120 13 04 50
21.52 244 0.61
21.525 22 10.42
21.525 23 5.43
21.525 25 -19.78
21.525 30 0.00
21.525 B1 4783.93 5511.88 
21.525 B3 3570.36 4360.70 
21.525 120 13 04 50
21.525 244 0.61
21.53 22 10.42
21.53 23 5.44
21.53 25 -19.78
21.53 30 0.00
21.53 B1 4774.26 5499.79 
21.53 B3 3559.76 4347.37 
21.53 120 13 04 50
21.53 244 0.61
21.535 22 10.41
21.535 23 5.44
21.535 25 -19.78
21.535 30 0.00
21.535 B1 4765.76 5488.87 
21.535 B3 3550.46 4335.31 
21.535 120 13 04 50
21.535 244 0.61
21.54 22 10.40
21.54 23 5.45
21.54 25 -19.78
21.54 30 0.00
21.54 B1 4757.95 5478.70 
21.54 B3 3541.90 4324.09 
21.54 120 13 04 50
21.54 244 0.61
21.545 22 10.39
21.545 23 5.47
21.545 25 -19.90
21.545 30 0.00
21.545 B1 4747.92 5466.40 
21.545 B3 3531.42 4311.07 
21.545 120 13 04 50
21.545 244 0.61
21.55 22 10.39
21.55 23 5.45
21.55 25 -19.90
21.55 30 0.00
21.55 B1 4740.63 5456.09 
21.55 B3 3521.16 4298.13 
21.55 120 13 04 50
21.55 244 0.61
21.555 22 10.38
21.555 23 5.46
21.555 25 -19.78
21.555 30 0.00
21.555 B1 4732.27 5445.06 
21.555 B3 3511.04 4285.25 
21.555 120 13 04 50
21.555 244 0.61
21.56 22 10.37
21.56 23 5.48
21.56 25 -19.90
21.56 30 0.00
21.56 B1 4720.70 5431.58 
21.56 B3 3501.07 4272.46 
21.56 120 13 04 50
21.56 244 0.61
21.565 22 10.37
21.565 23 5.46
21.565 25 -19.90
21.565 30 0.00
21.565 B1 4712.67 5420.60 
21.565 B3 3491.25 4259.77 
21.565 120 13 04 50
21.565 244 0.61
21.57 22 10.36
21.57 23 5.47
21.57 25 -19.90
21.57 30 0.00
21.57 B1 4703.98 5409.21 
21.57 B3 3481.52 4247.16 
21.57 120 13 04 50
21.57 244 0.61
21.575 22 10.36
21.575 23 5.47
21.575 25 -19.90
21.575 30 0.00
21.575 B1 4694.96 5397.57 
21.575 B3 3471.91 4234.65 
21.575 120 13 04 50
21.575 244 0.61
21.58 22 10.35
21.58 23 5.47
21.58 25 -19.78
21.58 30 0.00
21.58 B1 4685.78 5385.80 
21.58 B3 3462.41 4222.24 
21.58 120 13 04 50
21.58 244 0.61
21.585 22 10.34
21.585 23 5.48
21.585 25 -19.78
21.585 30 0.00
21.585 B1 4673.87 5371.93 
21.585 B3 3453.02 4209.93 
21.585 120 13 04 50
21.585 244 0.61
21.59 22 10.34
21.59 23 5.47
21.59 25 -19.90
21.59 30 0.00
21.59 B1 4663.16 5358.78 
21.59 B3 3443.78 4197.72 
21.59 120 13 04 50
21.59 244 0.61
21.595 22 10.34
21.595 23 5.46
21.595 25 -19.90
21.595 30 0.00
21.595 B1 4655.81 5348.17 
21.595 B3 3434.62 4185.61 
21.595 120 13 04 50
21.595 244 0.61
21.6 22 10.33
21.6 23 5.46
21.6 25 -19.90
21.6 30 0.00
21.6 B1 4648.99 5338.46 
21.6 B3 3426.75 4174.79 
21.6 120 13 04 50
21.6 244 0.61
21.605 22 10.32
21.605 23 5.48
21.605 25 -20.02
21.605 30 0.00
21.605 B1 4641.17 5328.00 
21.605 B3 3418.42 4163.63 
21.605 120 13 04 50
21.605 244 0.61
21.61 22 10.32
21.61 23 5.47
21.61 25 -20.02
21.61 30 0.00
21.61 B1 4634.24 5317.87 
21.61 B3 3408.72 4151.10 
21.61 120 13 04 50
21.61 244 0.61
21.615 22 10.31
21.615 23 5.48
21.615 25 -21.21
21.615 30 0.00
21.615 B1 4626.44 5307.21 
21.615 B3 3399.53 4138.94 
21.615 120 13 04 50
21.615 244 0.61
21.62 22 10.37
21.62 23 5.35
21.62 25 -21.21
21.62 30 0.00
21.62 B1 4645.80 5317.75 
21.62 B3 3391.86 4128.25 
21.62 120 13 04 50
21.62 244 0.61
21.625 22 10.32
21.625 23 5.47
21.625 25 -22.51
21.625 30 0.00
21.625 B1 4652.49 5320.10 
21.625 B3 3383.66 4117.29 
21.625 120 13 04 50
21.625 244 0.61
21.63 22 10.38
21.63 23 5.42
21.63 25 -22.86
21.63 30 0.00
21.63 B1 4679.98 5338.52 
21.63 B3 3375.39 4106.25 
21.63 120 13 04 50
21.63 244 0.61
21.635 22 10.34
21.635 23 5.53
21.635 25 -22.86
21.635 30 0.00
21.635 B1 4698.69 5351.53 
21.635 B3 3367.00 4095.20 
21.635 120 13 04 50
21.635 244 0.61
21.64 22 10.29
21.64 23 5.64
21.64 25 -22.98
21.64 30 0.00
21.64 B1 4705.38 5355.70 
21.64 B3 3358.74 4084.26 
21.64 120 13 04 50
21.64 244 0.61
21.645 22 10.27
21.645 23 5.69
21.645 25 -23.10
21.645 30 0.00
21.645 B1 4707.93 5356.21 
21.645 B3 3350.75 4073.47 
21.645 120 13 04 50
21.645 244 0.61
21.65 22 10.25
21.65 23 5.72
21.65 25 -23.22
21.65 30 0.00
21.65 B1 4708.28 5354.47 
21.65 B3 3343.02 4062.85 
21.65 120 13 04 50
21.65 244 0.62
21.655 22 10.24
21.655 23 5.75
21.655 25 -23.22
21.655 30 0.00
21.655 B1 4708.72 5352.63 
21.655 B3 3336.72 4053.60 
21.655 120 13 04 50
21.655 244 0.62
21.66 22 10.22
21.66 23 5.79
21.66 25 -23.22
21.66 30 0.00
21.66 B1 4705.54 5347.63 
21.66 B3 3330.03 4044.06 
21.66 120 13 04 50
21.66 244 0.62
21.665 22 10.20
21.665 23 5.81
21.665 25 -23.34
21.665 30 0.00
21.665 B1 4700.42 5340.67 
21.665 B3 3323.25 4034.40 
21.665 120 13 04 50
21.665 244 0.63
21.67 22 10.20
21.67 23 5.81
21.67 25 -23.34
21.67 30 0.00
21.67 B1 4699.29 5336.99 
21.67 B3 3318.90 4027.11 
21.67 120 13 04 50
21.67 244 0.63
21.675 22 10.18
21.675 23 5.85
21.675 25 -23.34
21.675 30 0.00
21.675 B1 4695.38 5330.92 
21.675 B3 3313.46 4018.96 
21.675 120 13 04 50
21.675 244 0.63
21.68 22 10.17
21.68 23 5.87
21.68 25 -23.34
21.68 30 0.00
21.68 B1 4691.32 5324.71 
21.68 B3 3308.75 4011.51 
21.68 120 13 04 50
21.68 244 0.63
21.685 22 10.16
21.685 23 5.89
21.685 25 -23.34
21.685 30 0.00
21.685 B1 4685.90 5317.12 
21.685 B3 3303.30 4003.38 
21.685 120 13 04 50
21.685 244 0.64
21.69 22 10.15
21.69 23 5.90
21.69 25 -23.34
21.69 30 0.00
21.69 B1 4682.41 5311.35 
21.69 B3 3299.95 3997.25 
21.69 120 13 04 50
21.69 244 0.64
21.695 22 10.14
21.695 23 5.93
21.695 25 -23.34
21.695 30 0.00
21.695 B1 4677.40 5304.11 
21.695 B3 3295.36 3990.03 
21.695 120 13 04 50
21.695 244 0.64
21.7 22 10.13
21.7 23 5.95
21.7 25 -23.34
21.7 30 0.00
21.7 B1 4671.61 5295.99 
21.7 B3 3290.21 3982.19 
21.7 120 13 04 50
21.7 244 0.64
21.705 22 10.12
21.705 23 5.95
21.705 25 -23.34
21.705 30 0.00
21.705 B1 4665.42 5287.33 
21.705 B3 3284.85 3974.00 
21.705 120 13 04 50
21.705 244 0.64
21.71 22 10.11
21.71 23 5.96
21.71 25 -23.34
21.71 30 0.00
21.71 B1 4659.05 5278.38 
21.71 B3 3279.45 3965.66 
21.71 120 13 04 50
21.71 244 0.64
21.715 22 10.11
21.715 23 5.96
21.715 25 -23.34
21.715 30 0.00
21.715 B1 4652.61 5269.27 
21.715 B3 3274.09 3957.27 
21.715 120 13 04 50
21.715 244 0.64
21.72 22 10.10
21.72 23 5.96
21.72 25 -23.34
21.72 30 0.00
21.72 B1 4646.17 5260.09 
21.72 B3 3268.80 3948.87 
21.72 120 13 04 50
21.72 244 0.64
21.725 22 10.10
21.725 23 5.96
21.725 25 -23.57
21.725 30 0.00
21.725 B1 4639.77 5250.88 
21.725 B3 3263.61 3940.54 
21.725 120 13 04 50
21.725 244 0.63
21.73 22 10.11
21.73 23 5.94
21.73 25 -23.57
21.73 30 0.00
21.73 B1 4636.90 5244.08 
21.73 B3 3257.34 3931.09 
21.73 120 13 04 50
21.73 244 0.63
21.735 22 10.10
21.735 23 5.95
21.735 25 -24.52
21.735 30 0.00
21.735 B1 4632.51 5236.41 
21.735 B3 3251.72 3922.18 
21.735 120 13 04 50
21.735 244 0.64
21.74 22 10.18
21.74 23 5.90
21.74 25 -24.52
21.74 30 0.00
21.74 B1 4647.43 5243.97 
21.74 B3 3247.71 3914.85 
21.74 120 13 04 50
21.74 244 0.64
21.745 22 10.14
21.745 23 5.98
21.745 25 -24.52
21.745 30 0.00
21.745 B1 4652.85 5245.32 
21.745 B3 3243.22 3907.35 
21.745 120 13 04 50
21.745 244 0.64
21.75 22 10.11
21.75 23 6.02
21.75 25 -24.64
21.75 30 0.00
21.75 B1 4653.15 5242.86 
21.75 B3 3238.69 3899.84 
21.75 120 13 04 50
21.75 244 0.64
21.755 22 10.10
21.755 23 6.04
21.755 25 -24.64
21.755 30 0.00
21.755 B1 4652.98 5239.84 
21.755 B3 3234.24 3892.38 
21.755 120 13 04 50
21.755 244 0.64
21.76 22 10.09
21.76 23 6.07
21.76 25 -24.64
21.76 30 0.00
21.76 B1 4650.28 5234.74 
21.76 B3 3229.90 3885.01 
21.76 120 13 04 50
21.76 244 0.64
21.765 22 10.08
21.765 23 6.08
21.765 25 -24.64
21.765 30 0.00
21.765 B1 4646.23 5228.37 
21.765 B3 3225.72 3877.75 
21.765 120 13 04 50
21.765 244 0.64
21.77 22 10.07
21.77 23 6.09
21.77 25 -24.64
21.77 30 0.00
21.77 B1 4641.48 5221.24 
21.77 B3 3221.69 3870.62 
21.77 120 13 04 50
21.77 244 0.63
21.775 22 10.07
21.775 23 6.09
21.775 25 -24.76
21.775 30 0.00
21.775 B1 4635.04 5212.35 
21.775 B3 3216.60 3862.40 
21.775 120 13 04 50
21.775 244 0.63
21.78 22 10.08
21.78 23 6.07
21.78 25 -24.64
21.78 30 0.00
21.78 B1 4631.31 5205.45 
21.78 B3 3212.24 3854.78 
21.78 120 13 04 50
21.78 244 0.63
21.785 22 10.06
21.785 23 6.08
21.785 25 -24.64
21.785 30 0.00
21.785 B1 4624.52 5196.32 
21.785 B3 3208.27 3847.55 
21.785 120 13 04 50
21.785 244 0.63
21.79 22 10.06
21.79 23 6.07
21.79 25 -24.64
21.79 30 0.00
21.79 B1 4617.06 5186.26 
21.79 B3 3203.38 3839.41 
21.79 120 13 04 50
21.79 244 0.63
21.795 22 10.06
21.795 23 6.06
21.795 25 -24.64
21.795 30 0.00
21.795 B1 4610.56 5176.95 
21.795 B3 3199.28 3831.96 
21.795 120 13 04 50
21.795 244 0.63
21.8 22 10.06
21.8 23 6.05
21.8 25 -24.64
21.8 30 0.00
21.8 B1 4605.93 5169.46 
21.8 B3 3196.80 3826.16 
21.8 120 13 04 50
21.8 244 0.63
21.805 22 10.05
21.805 23 6.05
21.805 25 -24.64
21.805 30 0.00
21.805 B1 4599.72 5160.49 
21.805 B3 3192.78 3819.00 
21.805 120 13 04 50
21.805 244 0.63
21.81 22 10.05
21.81 23 6.04
21.81 25 -24.64
21.81 30 0.00
21.81 B1 4593.98 5151.93 
21.81 B3 3189.26 3812.27 
21.81 120 13 04 50
21.81 244 0.63
21.815 22 10.05
21.815 23 6.04
21.815 25 -24.64
21.815 30 0.00
21.815 B1 4588.55 5143.67 
21.815 B3 3186.02 3805.83 
21.815 120 13 04 50
21.815 244 0.63
21.82 22 10.05
21.82 23 6.04
21.82 25 -24.76
21.82 30 0.00
21.82 B1 4583.29 5135.60 
21.82 B3 3182.98 3799.61 
21.82 120 13 04 50
21.82 244 0.63
21.825 22 10.06
21.825 23 6.03
21.825 25 -24.76
21.825 30 0.00
21.825 B1 4579.13 5128.13 
21.825 B3 3178.90 3792.38 
21.825 120 13 04 50
21.825 244 0.63
21.83 22 10.05
21.83 23 6.02
21.83 25 -24.76
21.83 30 0.00
21.83 B1 4574.61 5120.61 
21.83 B3 3175.52 3785.78 
21.83 120 13 04 50
21.83 244 0.62
21.835 22 10.05
21.835 23 6.02
21.835 25 -24.76
21.835 30 0.00
21.835 B1 4567.29 5110.44 
21.835 B3 3170.16 3777.20 
21.835 120 13 04 50
21.835 244 0.61
21.84 22 10.05
21.84 23 6.00
21.84 25 -24.76
21.84 30 0.00
21.84 B1 4559.78 5099.98 
21.84 B3 3165.07 3768.68 
21.84 120 13 04 50
21.84 244 0.61
21.845 22 10.06
21.845 23 5.97
21.845 25 -24.76
21.845 30 0.00
21.845 B1 4552.15 5089.36 
21.845 B3 3160.14 3760.22 
21.845 120 13 04 50
21.845 244 0.60
21.85 22 10.06
21.85 23 5.94
21.85 25 -24.76
21.85 30 0.00
21.85 B1 4543.17 5077.33 
21.85 B3 3154.12 3750.64 
21.85 120 13 04 50
21.85 244 0.60
21.855 22 10.07
21.855 23 5.91
21.855 25 -24.76
21.855 30 0.00
21.855 B1 4536.07 5067.09 
21.855 B3 3149.98 3742.81 
21.855 120 13 04 50
21.855 244 0.59
21.86 22 10.07
21.86 23 5.89
21.86 25 -24.76
21.86 30 0.00
21.86 B1 4524.73 5052.67 
21.86 B3 3141.99 3731.26 
21.86 120 13 04 50
21.86 244 0.56
21.865 22 10.08
21.865 23 5.83
21.865 25 -24.76
21.865 30 0.00
21.865 B1 4507.10 5031.75 
21.865 B3 3128.56 3713.95 
21.865 120 13 04 50
21.865 244 0.51
21.87 22 10.11
21.87 23 5.71
21.87 25 -24.76
21.87 30 0.00
21.87 B1 4478.10 4998.92 
21.87 B3 3105.30 3686.06 
21.87 120 13 04 50
21.87 244 0.43
21.875 22 10.15
21.875 23 5.50
21.875 25 -24.76
21.875 30 0.00
21.875 B1 4433.59 4949.57 
21.875 B3 3068.85 3643.55 
21.875 120 13 04 50
21.875 244 0.15
21.88 22 10.23
21.88 23 5.15
21.88 25 -24.76
21.88 30 0.00
21.88 B1 4314.52 4824.14 
21.88 B3 2966.19 3532.72 
21.88 120 13 04 50
21.88 244 0.15
21.885 22 10.46
21.885 23 4.11
21.885 25 -24.76
21.885 30 0.00
21.885 B1 4247.66 4745.35 
21.885 B3 2915.99 3466.30 
21.885 120 13 04 50
21.885 244 0.15
21.89 22 10.59
21.89 23 3.57
21.89 25 -24.76
21.89 30 0.00
21.89 B1 4207.80 4694.15 
21.89 B3 2889.43 3425.23 
21.89 120 13 04 50
21.89 244 0.07
21.895 22 10.66
21.895 23 3.28
21.895 25 -24.76
21.895 30 0.00
21.895 B1 4154.15 4631.41 
21.895 B3 2848.24 3373.24 
21.895 120 13 04 50
21.895 244 0.07
21.9 22 10.75
21.9 23 2.88
21.9 25 -24.76
21.9 30 0.00
21.9 B1 4120.43 4589.21 
21.9 B3 2824.95 3339.92 
21.9 120 13 04 50
21.9 244 0.07
21.905 22 10.80
21.905 23 2.66
21.905 25 -24.76
21.905 30 0.00
21.905 B1 4097.07 4559.04 
21.905 B3 2809.68 3316.99 
21.905 120 13 04 50
21.905 244 0.00
21.91 22 10.82
21.91 23 2.55
21.91 25 -24.76
21.91 30 0.00
21.91 B1 4055.41 4512.25 
21.91 B3 2776.53 3278.41 
21.91 120 13 04 50
21.91 244 0.00
21.915 22 10.88
21.915 23 2.27
21.915 25 -24.76
21.915 30 0.00
21.915 B1 4027.31 4478.96 
21.915 B3 2756.19 3252.16 
21.915 120 13 04 50
21.915 244 0.00
21.92 22 10.91
21.92 23 2.12
21.92 25 -24.76
21.92 30 0.00
21.92 B1 4006.40 4453.69 
21.92 B3 2741.74 3232.89 
21.92 120 13 04 50
21.92 244 0.00
21.925 22 10.93
21.925 23 2.04
21.925 25 -24.76
21.925 30 0.00
21.925 B1 3989.35 4433.24 
21.925 B3 2730.04 3217.61 
21.925 120 13 04 50
21.925 244 0.00
21.93 22 10.93
21.93 23 2.00
21.93 25 -24.76
21.93 30 0.00
21.93 B1 3974.40 4415.72 
21.93 B3 2719.65 3204.63 
21.93 120 13 04 50
21.93 244 0.00
21.935 22 10.93
21.935 23 1.97
21.935 25 -24.76
21.935 30 0.00
21.935 B1 3960.61 4400.00 
21.935 B3 2709.88 3193.00 
21.935 120 13 04 50
21.935 244 0.00
21.94 22 10.93
21.94 23 1.96
21.94 25 -24.76
21.94 30 0.00
21.94 B1 3947.46 4385.39 
21.94 B3 2700.43 3182.16 
21.94 120 13 04 50
21.94 244 0.00
21.945 22 10.93
21.945 23 1.95
21.945 25 -24.76
21.945 30 0.00
21.945 B1 3934.68 4371.46 
21.945 B3 2691.14 3171.80 
21.945 120 13 04 50
21.945 244 0.00
21.95 22 10.93
21.95 23 1.95
21.95 25 -24.76
21.95 30 0.00
21.95 B1 3922.12 4357.96 
21.95 B3 2681.96 3161.73 
21.95 120 13 04 50
21.95 244 0.00
21.955 22 10.92
21.955 23 1.95
21.955 25 -24.76
21.955 30 0.00
21.955 B1 3909.70 4344.73 
21.955 B3 2672.86 3151.85 
21.955 120 13 04 50
21.955 244 0.00
21.96 22 10.92
21.96 23 1.94
21.96 25 -24.76
21.96 30 0.00
21.96 B1 3897.37 4331.68 
21.96 B3 2663.82 3142.09 
21.96 120 13 04 50
21.96 244 0.00
21.965 22 10.91
21.965 23 1.94
21.965 25 -24.76
21.965 30 0.00
21.965 B1 3885.11 4318.76 
21.965 B3 2654.84 3132.42 
21.965 120 13 04 50
21.965 244 0.00
21.97 22 10.90
21.97 23 1.94
21.97 25 -24.76
21.97 30 0.00
21.97 B1 3872.91 4305.92 
21.97 B3 2645.92 3122.83 
21.97 120 13 04 50
21.97 244 0.00
21.975 22 10.90
21.975 23 1.94
21.975 25 -24.76
21.975 30 0.00
21.975 B1 3860.75 4293.14 
21.975 B3 2637.06 3113.29 
21.975 120 13 04 50
21.975 244 0.00
21.98 22 10.89
21.98 23 1.94
21.98 25 -24.76
21.98 30 0.00
21.98 B1 3848.64 4280.42 
21.98 B3 2628.26 3103.81 
21.98 120 13 04 50
21.98 244 0.00
21.985 22 10.89
21.985 23 1.94
21.985 25 -24.76
21.985 30 0.00
21.985 B1 3836.57 4267.73 
21.985 B3 2619.51 3094.38 
21.985 120 13 04 50
21.985 244 0.00
21.99 22 10.88
21.99 23 1.94
21.99 25 -24.76
21.99 30 0.00
21.99 B1 3824.54 4255.09 
21.99 B3 2610.82 3085.00 
21.99 120 13 04 50
21.99 244 0.00
21.995 22 10.87
21.995 23 1.94
21.995 25 -24.76
21.995 30 0.00
21.995 B1 3812.55 4242.48 
21.995 B3 2602.18 3075.67 
21.995 120 13 04 50
21.995 244 0.00
22 22 10.87
22 23 1.94
22 25 -24.76
22 30 0.00
22 B1 3800.60 4229.90 
22 B3 2593.60 3066.39 
22 120 13 04 50
22 244 0.00
22.005 22 10.86
22.005 23 1.94
22.005 25 -24.76
22.005 30 0.00
22.005 B1 3788.69 4217.36 
22.005 B3 2585.08 3057.15 
22.005 120 13 04 50
22.005 244 0.00
22.01 22 10.86
22.01 23 1.95
22.01 25 -24.76
22.01 30 0.00
22.01 B1 3776.81 4204.85 
22.01 B3 2576.61 3047.97 
22.01 120 13 04 50
22.01 244 0.00
22.015 22 10.85
22.015 23 1.95
22.015 25 -24.76
22.015 30 0.00
22.015 B1 3764.98 4192.38 
22.015 B3 2568.20 3038.84 
22.015 120 13 04 50
22.015 244 0.00
22.02 22 10.84
22.02 23 1.95
22.02 25 -24.76
22.02 30 0.00
22.02 B1 3753.18 4179.94 
22.02 B3 2559.85 3029.77 
22.02 120 13 04 50
22.02 244 0.00
22.025 22 10.84
22.025 23 1.95
22.025 25 -24.76
22.025 30 0.00
22.025 B1 3741.42 4167.54 
22.025 B3 2551.54 3020.74 
22.025 120 13 04 50
22.025 244 0.00
22.03 22 10.83
22.03 23 1.95
22.03 25 -24.76
22.03 30 0.00
22.03 B1 3729.69 4155.17 
22.03 B3 2543.30 3011.77 
22.03 120 13 04 50
22.03 244 0.00
22.035 22 10.83
22.035 23 1.95
22.035 25 -24.76
22.035 30 0.00
22.035 B1 3718.00 4142.83 
22.035 B3 2535.10 3002.85 
22.035 120 13 04 50
22.035 244 0.00
22.04 22 10.82
22.04 23 1.95
22.04 25 -24.76
22.04 30 0.00
22.04 B1 3706.35 4130.53 
22.04 B3 2526.97 2993.99 
22.04 120 13 04 50
22.04 244 0.00
22.045 22 10.81
22.045 23 1.95
22.045 25 -24.76
22.045 30 0.00
22.045 B1 3694.73 4118.27 
22.045 B3 2518.88 2985.18 
22.045 120 13 04 50
22.045 244 0.00
22.05 22 10.81
22.05 23 1.95
22.05 25 -24.76
22.05 30 0.00
22.05 B1 3683.14 4106.04 
22.05 B3 2510.85 2976.43 
22.05 120 13 04 50
22.05 244 0.00
22.055 22 10.80
22.055 23 1.95
22.055 25 -24.76
22.055 30 0.00
22.055 B1 3671.59 4093.85 
22.055 B3 2502.87 2967.73 
22.055 120 13 04 50
22.055 244 0.00
22.06 22 10.80
22.06 23 1.95
22.06 25 -24.76
22.06 30 0.00
22.06 B1 3660.08 4081.69 
22.06 B3 2494.95 2959.09 
22.06 120 13 04 50
22.06 244 0.00
22.065 22 10.79
22.065 23 1.96
22.065 25 -24.76
22.065 30 0.00
22.065 B1 3648.59 4069.57 
22.065 B3 2487.07 2950.50 
22.065 120 13 04 50
22.065 244 0.00
22.07 22 10.79
22.07 23 1.96
22.07 25 -24.76
22.07 30 0.00
22.07 B1 3637.14 4057.49 
22.07 B3 2479.25 2941.98 
22.07 120 13 04 50
22.07 244 0.00
22.075 22 10.78
22.075 23 1.96
22.075 25 -24.76
22.075 30 0.00
22.075 B1 3625.72 4045.45 
22.075 B3 2471.48 2933.51 
22.075 120 13 04 50
22.075 244 0.00
22.08 22 10.78
22.08 23 1.96
22.08 25 -24.76
22.08 30 0.00
22.08 B1 3614.34 4033.44 
22.08 B3 2463.76 2925.09 
22.08 120 13 04 50
22.08 244 0.00
22.085 22 10.77
22.085 23 1.96
22.085 25 -24.76
22.085 30 0.00
22.085 B1 3602.99 4021.47 
22.085 B3 2456.10 2916.74 
22.085 120 13 04 50
22.085 244 0.00
22.09 22 10.77
22.09 23 1.96
22.09 25 -24.76
22.09 30 0.00
22.09 B1 3591.67 4009.54 
22.09 B3 2448.48 2908.44 
22.09 120 13 04 50
22.09 244 0.00
22.095 22 10.77
22.095 23 1.96
22.095 25 -24.76
22.095 30 0.00
22.095 B1 3580.38 3997.65 
22.095 B3 2440.91 2900.20 
22.095 120 13 04 50
22.095 244 0.00
22.1 22 10.76
22.1 23 1.97
22.1 25 -24.76
22.1 30 0.00
22.1 B1 3569.12 3985.80 
22.1 B3 2433.40 2892.01 
22.1 120 13 04 50
22.1 244 0.00
22.105 22 10.76
22.105 23 1.97
22.105 25 -24.76
22.105 30 0.00
22.105 B1 3557.89 3973.98 
22.105 B3 2425.93 2883.89 
22.105 120 13 04 50
22.105 244 0.00
22.11 22 10.75
22.11 23 1.97
22.11 25 -24.76
22.11 30 0.00
22.11 B1 3546.70 3962.20 
22.11 B3 2418.51 2875.82 
22.11 120 13 04 50
22.11 244 0.00
22.115 22 10.75
22.115 23 1.97
22.115 25 -24.76
22.115 30 0.00
22.115 B1 3535.53 3950.46 
22.115 B3 2411.14 2867.81 
22.115 120 13 04 50
22.115 244 0.00
22.12 22 10.75
22.12 23 1.97
22.12 25 -24.76
22.12 30 0.00
22.12 B1 3524.40 3938.76 
22.12 B3 2403.82 2859.86 
22.12 120 13 04 50
22.12 244 0.00
22.125 22 10.74
22.125 23 1.98
22.125 25 -24.76
22.125 30 0.00
22.125 B1 3513.29 3927.10 
22.125 B3 2396.55 2851.97 
22.125 120 13 04 50
22.125 244 0.00
22.13 22 10.74
22.13 23 1.98
22.13 25 -24.76
22.13 30 0.00
22.13 B1 3502.21 3915.47 
22.13 B3 2389.33 2844.13 
22.13 120 13 04 50
22.13 244 0.00
22.135 22 10.74
22.135 23 1.98
22.135 25 -24.76
22.135 30 0.00
22.135 B1 3491.17 3903.89 
22.135 B3 2382.15 2836.35 
22.135 120 13 04 50
22.135 244 0.00
22.14 22 10.73
22.14 23 1.98
22.14 25 -24.76
22.14 30 0.00
22.14 B1 3480.15 3892.34 
22.14 B3 2375.03 2828.63 
22.14 120 13 04 50
22.14 244 0.00
22.145 22 10.73
22.145 23 1.98
22.145 25 -24.76
22.145 30 0.00
22.145 B1 3469.16 3880.83 
22.145 B3 2367.95 2820.97 
22.145 120 13 04 50
22.145 244 0.00
22.15 22 10.73
22.15 23 1.99
22.15 25 -24.76
22.15 30 0.00
22.15 B1 3458.20 3869.35 
22.15 B3 2360.92 2813.36 
22.15 120 13 04 50
22.15 244 0.00
22.155 22 10.72
22.155 23 1.99
22.155 25 -24.76
22.155 30 0.00
22.155 B1 3447.27 3857.92 
22.155 B3 2353.93 2805.82 
22.155 120 13 04 50
22.155 244 0.00
22.16 22 10.72
22.16 23 1.99
22.16 25 -24.76
22.16 30 0.00
22.16 B1 3436.37 3846.53 
22.16 B3 2346.99 2798.33 
22.16 120 13 04 50
22.16 244 0.00
22.165 22 10.72
22.165 23 1.99
22.165 25 -24.76
22.165 30 0.00
22.165 B1 3425.49 3835.17 
22.165 B3 2340.10 2790.90 
22.165 120 13 04 50
22.165 244 0.00
22.17 22 10.72
22.17 23 1.99
22.17 25 -24.76
22.17 30 0.00
22.17 B1 3414.64 3823.85 
22.17 B3 2333.26 2783.52 
22.17 120 13 04 50
22.17 244 0.00
22.175 22 10.72
22.175 23 2.00
22.175 25 -24.76
22.175 30 0.00
22.175 B1 3403.82 3812.57 
22.175 B3 2326.46 2776.20 
22.175 120 13 04 50
22.175 244 0.00
22.18 22 10.71
22.18 23 2.00
22.18 25 -24.76
22.18 30 0.00
22.18 B1 3393.03 3801.32 
22.18 B3 2319.70 2768.94 
22.18 120 13 04 50
22.18 244 0.00
22.185 22 10.71
22.185 23 2.00
22.185 25 -24.76
22.185 30 0.00
22.185 B1 3382.27 3790.11 
22.185 B3 2312.99 2761.73 
22.185 120 13 04 50
22.185 244 0.00
22.19 22 10.71
22.19 23 2.00
22.19 25 -24.76
22.19 30 0.00
22.19 B1 3371.53 3778.94 
22.19 B3 2306.33 2754.59 
22.19 120 13 04 50
22.19 244 0.00
22.195 22 10.71
22.195 23 2.01
22.195 25 -24.76
22.195 30 0.00
22.195 B1 3360.82 3767.81 
22.195 B3 2299.71 2747.49 
22.195 120 13 04 50
22.195 244 0.00
22.2 22 10.71
22.2 23 2.01
22.2 25 -24.76
22.2 30 0.00
22.2 B1 3350.13 3756.72 
22.2 B3 2293.14 2740.46 
22.2 120 13 04 50
22.2 244 0.00
22.205 22 10.70
22.205 23 2.01
22.205 25 -24.76
22.205 30 0.00
22.205 B1 3339.48 3745.66 
22.205 B3 2286.61 2733.48 
22.205 120 13 04 50
22.205 244 0.00
22.21 22 10.70
22.21 23 2.01
22.21 25 -24.76
22.21 30 0.00
22.21 B1 3328.85 3734.64 
22.21 B3 2280.12 2726.56 
22.21 120 13 04 50
22.21 244 0.00
22.215 22 10.70
22.215 23 2.02
22.215 25 -24.76
22.215 30 0.00
22.215 B1 3318.24 3723.66 
22.215 B3 2273.68 2719.69 
22.215 120 13 04 50
22.215 244 0.00
22.22 22 10.70
22.22 23 2.02
22.22 25 -24.76
22.22 30 0.00
22.22 B1 3307.66 3712.71 
22.22 B3 2267.28 2712.88 
22.22 120 13 04 50
22.22 244 0.00
22.225 22 10.70
22.225 23 2.02
22.225 25 -24.76
22.225 30 0.00
22.225 B1 3297.11 3701.80 
22.225 B3 2260.93 2706.12 
22.225 120 13 04 50
22.225 244 0.00
22.23 22 10.70
22.23 23 2.02
22.23 25 -24.76
22.23 30 0.00
22.23 B1 3286.58 3690.93 
22.23 B3 2254.62 2699.42 
22.23 120 13 04 50
22.23 244 0.00
22.235 22 10.70
22.235 23 2.03
22.235 25 -24.76
22.235 30 0.00
22.235 B1 3276.08 3680.09 
22.235 B3 2248.34 2692.77 
22.235 120 13 04 50
22.235 244 0.00
22.24 22 10.70
22.24 23 2.03
22.24 25 -24.76
22.24 30 0.00
22.24 B1 3265.60 3669.29 
22.24 B3 2242.12 2686.18 
22.24 120 13 04 50
22.24 244 0.00
22.245 22 10.70
22.245 23 2.03
22.245 25 -24.76
22.245 30 0.00
22.245 B1 3255.15 3658.53 
22.245 B3 2235.94 2679.65 
22.245 120 13 04 50
22.245 244 0.00
22.25 22 10.70
22.25 23 2.03
22.25 25 -24.76
22.25 30 0.00
22.25 B1 3244.72 3647.80 
22.25 B3 2229.79 2673.17 
22.25 120 13 04 50
22.25 244 0.00
22.255 22 10.70
22.255 23 2.04
22.255 25 -24.76
22.255 30 0.00
22.255 B1 3234.32 3637.12 
22.255 B3 2223.69 2666.74 
22.255 120 13 04 50
22.255 244 0.00
22.26 22 10.70
22.26 23 2.04
22.26 25 -24.76
22.26 30 0.00
22.26 B1 3223.94 3626.46 
22.26 B3 2217.63 2660.37 
22.26 120 13 04 50
22.26 244 0.00
22.265 22 10.70
22.265 23 2.04
22.265 25 -24.76
22.265 30 0.00
22.265 B1 3213.58 3615.85 
22.265 B3 2211.61 2654.06 
22.265 120 13 04 50
22.265 244 0.00
22.27 22 10.70
22.27 23 2.05
22.27 25 -24.76
22.27 30 0.00
22.27 B1 3203.24 3605.27 
22.27 B3 2205.63 2647.80 
22.27 120 13 04 50
22.27 244 0.00
22.275 22 10.70
22.275 23 2.05
22.275 25 -24.76
22.275 30 0.00
22.275 B1 3192.93 3594.72 
22.275 B3 2199.69 2641.59 
22.275 120 13 04 50
22.275 244 0.00
22.28 22 10.70
22.28 23 2.05
22.28 25 -24.76
22.28 30 0.00
22.28 B1 3182.65 3584.21 
22.28 B3 2193.79 2635.44 
22.28 120 13 04 50
22.28 244 0.00
22.285 22 10.70
22.285 23 2.06
22.285 25 -24.76
22.285 30 0.00
22.285 B1 3172.38 3573.74 
22.285 B3 2187.93 2629.34 
22.285 120 13 04 50
22.285 244 0.00
22.29 22 10.70
22.29 23 2.06
22.29 25 -24.76
22.29 30 0.00
22.29 B1 3162.14 3563.31 
22.29 B3 2182.11 2623.30 
22.29 120 13 04 50
22.29 244 0.00
22.295 22 10.70
22.295 23 2.06
22.295 25 -24.76
22.295 30 0.00
22.295 B1 3151.92 3552.91 
22.295 B3 2176.33 2617.31 
22.295 120 13 04 50
22.295 244 0.00
22.3 22 10.70
22.3 23 2.07
22.3 25 -24.76
22.3 30 0.00
22.3 B1 3141.72 3542.54 
22.3 B3 2170.59 2611.38 
22.3 120 13 04 50
22.3 244 0.00
22.305 22 10.70
22.305 23 2.07
22.305 25 -24.76
22.305 30 0.00
22.305 B1 3131.54 3532.21 
22.305 B3 2164.88 2605.50 
22.305 120 13 04 50
22.305 244 0.00
22.31 22 10.70
22.31 23 2.07
22.31 25 -24.88
22.31 30 0.00
22.31 B1 3121.38 3521.92 
22.31 B3 2159.21 2599.68 
22.31 120 13 04 50
22.31 244 0.00
22.315 22 10.72
22.315 23 2.08
22.315 25 -24.88
22.315 30 0.00
22.315 B1 3113.02 3512.99 
22.315 B3 2153.58 2593.91 
22.315 120 13 04 50
22.315 244 0.00
22.32 22 10.72
22.32 23 2.09
22.32 25 -24.88
22.32 30 0.00
22.32 B1 3103.68 3503.48 
22.32 B3 2147.97 2588.20 
22.32 120 13 04 50
22.32 244 0.00
22.325 22 10.72
22.325 23 2.10
22.325 25 -24.76
22.325 30 0.00
22.325 B1 3093.91 3493.67 
22.325 B3 2142.41 2582.56 
22.325 120 13 04 50
22.325 244 0.00
22.33 22 10.70
22.33 23 2.10
22.33 25 -24.76
22.33 30 0.00
22.33 B1 3082.20 3482.41 
22.33 B3 2136.89 2576.98 
22.33 120 13 04 50
22.33 244 0.00
22.335 22 10.71
22.335 23 2.10
22.335 25 -24.76
22.335 30 0.00
22.335 B1 3071.42 3471.70 
22.335 B3 2131.43 2571.45 
22.335 120 13 04 50
22.335 244 0.00
22.34 22 10.71
22.34 23 2.10
22.34 25 -24.76
22.34 30 0.00
22.34 B1 3061.07 3461.32 
22.34 B3 2125.99 2565.96 
22.34 120 13 04 50
22.34 244 0.00
22.345 22 10.72
22.345 23 2.10
22.345 25 -24.76
22.345 30 0.00
22.345 B1 3050.90 3451.11 
22.345 B3 2120.59 2560.53 
22.345 120 13 04 50
22.345 244 0.00
22.35 22 10.72
22.35 23 2.10
22.35 25 -24.76
22.35 30 0.00
22.35 B1 3040.84 3441.02 
22.35 B3 2115.21 2555.14 
22.35 120 13 04 50
22.35 244 0.00
22.355 22 10.72
22.355 23 2.11
22.355 25 -24.76
22.355 30 0.00
22.355 B1 3030.82 3431.00 
22.355 B3 2109.86 2549.80 
22.355 120 13 04 50
22.355 244 0.00
22.36 22 10.72
22.36 23 2.11
22.36 25 -24.76
22.36 30 0.00
22.36 B1 3020.84 3421.04 
22.36 B3 2104.55 2544.52 
22.36 120 13 04 50
22.36 244 0.00
22.365 22 10.73
22.365 23 2.12
22.365 25 -24.76
22.365 30 0.00
22.365 B1 3010.87 3411.12 
22.365 B3 2099.26 2539.29 
22.365 120 13 04 50
22.365 244 0.00
22.37 22 10.73
22.37 23 2.12
22.37 25 -24.76
22.37 30 0.00
22.37 B1 3000.93 3401.25 
22.37 B3 2094.01 2534.12 
22.37 120 13 04 50
22.37 244 0.00
22.375 22 10.73
22.375 23 2.12
22.375 25 -24.76
22.375 30 0.00
22.375 B1 2991.00 3391.41 
22.375 B3 2088.79 2529.00 
22.375 120 13 04 50
22.375 244 0.00
22.38 22 10.74
22.38 23 2.13
22.38 25 -24.76
22.38 30 0.00
22.38 B1 2981.08 3381.62 
22.38 B3 2083.61 2523.93 
22.38 120 13 04 50
22.38 244 0.00
22.385 22 10.74
22.385 23 2.13
22.385 25 -24.76
22.385 30 0.00
22.385 B1 2971.18 3371.85 
22.385 B3 2078.45 2518.92 
22.385 120 13 04 50
22.385 244 0.00
22.39 22 10.74
22.39 23 2.14
22.39 25 -24.76
22.39 30 0.00
22.39 B1 2961.30 3362.13 
22.39 B3 2073.33 2513.96 
22.39 120 13 04 50
22.39 244 0.00
22.395 22 10.75
22.395 23 2.14
22.395 25 -24.76
22.395 30 0.00
22.395 B1 2951.42 3352.43 
22.395 B3 2068.23 2509.05 
22.395 120 13 04 50
22.395 244 0.00
22.4 22 10.75
22.4 23 2.15
22.4 25 -24.76
22.4 30 0.00
22.4 B1 2941.56 3342.78 
22.4 B3 2063.17 2504.20 
22.4 120 13 04 50
22.4 244 0.00
22.405 22 10.76
22.405 23 2.15
22.405 25 -24.88
22.405 30 0.00
22.405 B1 2931.72 3333.15 
22.405 B3 2058.13 2499.41 
22.405 120 13 04 50
22.405 244 0.00
22.41 22 10.78
22.41 23 2.16
22.41 25 -24.76
22.41 30 0.00
22.41 B1 2923.57 3324.80 
22.41 B3 2053.12 2494.66 
22.41 120 13 04 50
22.41 244 0.00
22.415 22 10.76
22.415 23 2.17
22.415 25 -24.76
22.415 30 0.00
22.415 B1 2912.74 3314.65 
22.415 B3 2048.14 2489.99 
22.415 120 13 04 50
22.415 244 0.00
22.42 22 10.77
22.42 23 2.17
22.42 25 -24.88
22.42 30 0.00
22.42 B1 2902.52 3304.83 
22.42 B3 2043.19 2485.36 
22.42 120 13 04 50
22.42 244 0.00
22.425 22 10.79
22.425 23 2.18
22.425 25 -24.76
22.425 30 0.00
22.425 B1 2894.23 3296.40 
22.425 B3 2038.28 2480.79 
22.425 120 13 04 50
22.425 244 0.00
22.43 22 10.78
22.43 23 2.19
22.43 25 -24.76
22.43 30 0.00
22.43 B1 2883.37 3286.29 
22.43 B3 2033.38 2476.28 
22.43 120 13 04 50
22.43 244 0.00
22.435 22 10.79
22.435 23 2.19
22.435 25 -24.76
22.435 30 0.00
22.435 B1 2873.16 3276.54 
22.435 B3 2028.52 2471.82 
22.435 120 13 04 50
22.435 244 0.00
22.44 22 10.79
22.44 23 2.19
22.44 25 -24.76
22.44 30 0.00
22.44 B1 2863.21 3266.99 
22.44 B3 2023.69 2467.41 
22.44 120 13 04 50
22.44 244 0.00
22.445 22 10.80
22.445 23 2.20
22.445 25 -24.88
22.445 30 0.00
22.445 B1 2853.38 3257.56 
22.445 B3 2018.87 2463.04 
22.445 120 13 04 50
22.445 244 0.00
22.45 22 10.82
22.45 23 2.21
22.45 25 -24.88
22.45 30 0.00
22.45 B1 2845.23 3249.38 
22.45 B3 2014.08 2458.73 
22.45 120 13 04 50
22.45 244 0.00
22.455 22 10.82
22.455 23 2.22
22.455 25 -24.88
22.455 30 0.00
22.455 B1 2836.11 3240.67 
22.455 B3 2009.30 2454.49 
22.455 120 13 04 50
22.455 244 0.00
22.46 22 10.83
22.46 23 2.23
22.46 25 -24.88
22.46 30 0.00
22.46 B1 2826.61 3231.71 
22.46 B3 2004.56 2450.31 
22.46 120 13 04 50
22.46 244 0.00
22.465 22 10.83
22.465 23 2.24
22.465 25 -24.88
22.465 30 0.00
22.465 B1 2816.96 3222.65 
22.465 B3 1999.85 2446.19 
22.465 120 13 04 50
22.465 244 0.00
22.47 22 10.84
22.47 23 2.24
22.47 25 -24.76
22.47 30 0.00
22.47 B1 2807.26 3213.55 
22.47 B3 1995.17 2442.13 
22.47 120 13 04 50
22.47 244 0.00
22.475 22 10.83
22.475 23 2.24
22.475 25 -24.76
22.475 30 0.00
22.475 B1 2795.92 3203.31 
22.475 B3 1990.52 2438.12 
22.475 120 13 04 50
22.475 244 0.00
22.48 22 10.84
22.48 23 2.24
22.48 25 -24.76
22.48 30 0.00
22.48 B1 2785.59 3193.66 
22.48 B3 1985.89 2434.15 
22.48 120 13 04 50
22.48 244 0.00
22.485 22 10.85
22.485 23 2.25
22.485 25 -24.76
22.485 30 0.00
22.485 B1 2775.64 3184.32 
22.485 B3 1981.28 2430.23 
22.485 120 13 04 50
22.485 244 0.00
22.49 22 10.86
22.49 23 2.25
22.49 25 -24.76
22.49 30 0.00
22.49 B1 2765.84 3175.15 
22.49 B3 1976.68 2426.35 
22.49 120 13 04 50
22.49 244 0.00
22.495 22 10.87
22.495 23 2.26
22.495 25 -24.76
22.495 30 0.00
22.495 B1 2756.10 3166.08 
22.495 B3 1972.09 2422.53 
22.495 120 13 04 50
22.495 244 0.00
22.5 22 10.88
22.5 23 2.26
22.5 25 -24.76
22.5 30 0.00
22.5 B1 2746.39 3157.07 
22.5 B3 1967.53 2418.75 
22.5 120 13 04 50
22.5 244 0.00
22.505 22 10.88
22.505 23 2.27
22.505 25 -24.76
22.505 30 0.00
22.505 B1 2736.69 3148.12 
22.505 B3 1962.98 2415.03 
22.505 120 13 04 50
22.505 244 0.00
22.51 22 10.89
22.51 23 2.28
22.51 25 -24.76
22.51 30 0.00
22.51 B1 2727.00 3139.20 
22.51 B3 1958.46 2411.35 
22.51 120 13 04 50
22.51 244 0.00
22.515 22 10.90
22.515 23 2.28
22.515 25 -24.76
22.515 30 0.00
22.515 B1 2717.31 3130.33 
22.515 B3 1953.95 2407.73 
22.515 120 13 04 50
22.515 244 0.00
22.52 22 10.91
22.52 23 2.29
22.52 25 -24.76
22.52 30 0.00
22.52 B1 2707.62 3121.48 
22.52 B3 1949.46 2404.16 
22.52 120 13 04 50
22.52 244 0.00
22.525 22 10.92
22.525 23 2.30
22.525 25 -24.76
22.525 30 0.00
22.525 B1 2697.93 3112.68 
22.525 B3 1944.99 2400.64 
22.525 120 13 04 50
22.525 244 0.00
22.53 22 10.93
22.53 23 2.30
22.53 25 -24.88
22.53 30 0.00
22.53 B1 2688.26 3103.90 
22.53 B3 1940.54 2397.18 
22.53 120 13 04 50
22.53 244 0.00
22.535 22 10.95
22.535 23 2.32
22.535 25 -24.88
22.535 30 0.00
22.535 B1 2680.09 3096.20 
22.535 B3 1936.11 2393.77 
22.535 120 13 04 50
22.535 244 0.00
22.54 22 10.95
22.54 23 2.33
22.54 25 -24.76
22.54 30 0.00
22.54 B1 2670.95 3087.99 
22.54 B3 1931.69 2390.42 
22.54 120 13 04 50
22.54 244 0.00
22.545 22 10.95
22.545 23 2.34
22.545 25 -24.76
22.545 30 0.00
22.545 B1 2659.96 3078.54 
22.545 B3 1927.29 2387.13 
22.545 120 13 04 50
22.545 244 0.00
22.55 22 10.96
22.55 23 2.34
22.55 25 -24.76
22.55 30 0.00
22.55 B1 2649.82 3069.53 
22.55 B3 1922.94 2383.89 
22.55 120 13 04 50
22.55 244 0.00
22.555 22 10.97
22.555 23 2.34
22.555 25 -24.76
22.555 30 0.00
22.555 B1 2639.99 3060.74 
22.555 B3 1918.58 2380.69 
22.555 120 13 04 50
22.555 244 0.00
22.56 22 10.98
22.56 23 2.35
22.56 25 -24.76
22.56 30 0.00
22.56 B1 2630.26 3052.08 
22.56 B3 1914.25 2377.54 
22.56 120 13 04 50
22.56 244 0.00
22.565 22 10.99
22.565 23 2.35
22.565 25 -24.76
22.565 30 0.00
22.565 B1 2620.57 3043.50 
22.565 B3 1909.92 2374.44 
22.565 120 13 04 50
22.565 244 0.00
22.57 22 11.00
22.57 23 2.36
22.57 25 -24.76
22.57 30 0.00
22.57 B1 2610.90 3034.97 
22.57 B3 1905.61 2371.38 
22.57 120 13 04 50
22.57 244 0.00
22.575 22 11.01
22.575 23 2.37
22.575 25 -24.76
22.575 30 0.00
22.575 B1 2601.23 3026.48 
22.575 B3 1901.31 2368.38 
22.575 120 13 04 50
22.575 244 0.00
22.58 22 11.02
22.58 23 2.37
22.58 25 -24.76
22.58 30 0.00
22.58 B1 2591.57 3018.03 
22.58 B3 1897.03 2365.42 
22.58 120 13 04 50
22.58 244 0.00
22.585 22 11.03
22.585 23 2.38
22.585 25 -24.76
22.585 30 0.00
22.585 B1 2581.91 3009.62 
22.585 B3 1892.76 2362.51 
22.585 120 13 04 50
22.585 244 0.00
22.59 22 11.04
22.59 23 2.39
22.59 25 -24.76
22.59 30 0.00
22.59 B1 2572.25 3001.23 
22.59 B3 1888.51 2359.65 
22.59 120 13 04 50
22.59 244 0.00
22.595 22 11.05
22.595 23 2.40
22.595 25 -24.76
22.595 30 0.00
22.595 B1 2562.59 2992.89 
22.595 B3 1884.28 2356.84 
22.595 120 13 04 50
22.595 244 0.00
22.6 22 11.05
22.6 23 2.40
22.6 25 -24.76
22.6 30 0.00
22.6 B1 2552.94 2984.57 
22.6 B3 1880.05 2354.07 
22.6 120 13 04 50
22.6 244 0.00
22.605 22 11.06
22.605 23 2.41
22.605 25 -24.76
22.605 30 0.00
22.605 B1 2543.28 2976.28 
22.605 B3 1875.85 2351.36 
22.605 120 13 04 50
22.605 244 0.00
22.61 22 11.07
22.61 23 2.42
22.61 25 -24.76
22.61 30 0.00
22.61 B1 2533.64 2968.03 
22.61 B3 1871.66 2348.68 
22.61 120 13 04 50
22.61 244 0.00
22.615 22 11.08
22.615 23 2.42
22.615 25 -24.76
22.615 30 0.00
22.615 B1 2523.99 2959.81 
22.615 B3 1867.48 2346.06 
22.615 120 13 04 50
22.615 244 0.00
22.62 22 11.09
22.62 23 2.43
22.62 25 -24.76
22.62 30 0.00
22.62 B1 2514.35 2951.62 
22.62 B3 1863.32 2343.48 
22.62 120 13 04 50
22.62 244 0.00
22.625 22 11.10
22.625 23 2.44
22.625 25 -24.76
22.625 30 0.00
22.625 B1 2504.71 2943.46 
22.625 B3 1859.18 2340.95 
22.625 120 13 04 50
22.625 244 0.00
22.63 22 11.11
22.63 23 2.44
22.63 25 -24.76
22.63 30 0.00
22.63 B1 2495.08 2935.33 
22.63 B3 1855.04 2338.46 
22.63 120 13 04 50
22.63 244 0.00
22.635 22 11.11
22.635 23 2.45
22.635 25 -24.76
22.635 30 0.00
22.635 B1 2485.45 2927.24 
22.635 B3 1850.93 2336.01 
22.635 120 13 04 50
22.635 244 0.00
22.64 22 11.12
22.64 23 2.46
22.64 25 -24.88
22.64 30 0.00
22.64 B1 2475.83 2919.17 
22.64 B3 1846.83 2333.61 
22.64 120 13 04 50
22.64 244 0.00
22.645 22 11.14
22.645 23 2.47
22.645 25 -24.76
22.645 30 0.00
22.645 B1 2467.52 2911.96 
22.645 B3 1842.75 2331.25 
22.645 120 13 04 50
22.645 244 0.00
22.65 22 11.13
22.65 23 2.48
22.65 25 -24.76
22.65 30 0.00
22.65 B1 2457.01 2903.52 
22.65 B3 1838.68 2328.94 
22.65 120 13 04 50
22.65 244 0.00
22.655 22 11.14
22.655 23 2.48
22.655 25 -24.76
22.655 30 0.00
22.655 B1 2447.14 2895.35 
22.655 B3 1834.64 2326.67 
22.655 120 13 04 50
22.655 244 0.00
22.66 22 11.15
22.66 23 2.48
22.66 25 -24.76
22.66 30 0.00
22.66 B1 2437.47 2887.32 
22.66 B3 1830.61 2324.44 
22.66 120 13 04 50
22.66 244 0.00
22.665 22 11.16
22.665 23 2.49
22.665 25 -24.76
22.665 30 0.00
22.665 B1 2427.87 2879.37 
22.665 B3 1826.59 2322.24 
22.665 120 13 04 50
22.665 244 0.00
22.67 22 11.16
22.67 23 2.49
22.67 25 -24.76
22.67 30 0.00
22.67 B1 2418.29 2871.48 
22.67 B3 1822.59 2320.08 
22.67 120 13 04 50
22.67 244 0.00
22.675 22 11.17
22.675 23 2.50
22.675 25 -24.88
22.675 30 0.00
22.675 B1 2408.73 2863.62 
22.675 B3 1818.60 2317.95 
22.675 120 13 04 50
22.675 244 0.00
22.68 22 11.18
22.68 23 2.51
22.68 25 -24.88
22.68 30 0.00
22.68 B1 2400.42 2856.54 
22.68 B3 1814.64 2315.87 
22.68 120 13 04 50
22.68 244 0.00
22.685 22 11.18
22.685 23 2.52
22.685 25 -24.88
22.685 30 0.00
22.685 B1 2391.26 2849.07 
22.685 B3 1810.68 2313.82 
22.685 120 13 04 50
22.685 244 0.00
22.69 22 11.18
22.69 23 2.52
22.69 25 -24.88
22.69 30 0.00
22.69 B1 2381.86 2841.46 
22.69 B3 1806.77 2311.81 
22.69 120 13 04 50
22.69 244 0.00
22.695 22 11.17
22.695 23 2.53
22.695 25 -24.76
22.695 30 0.00
22.695 B1 2372.41 2833.79 
22.695 B3 1802.89 2309.84 
22.695 120 13 04 50
22.695 244 0.00
22.7 22 11.17
22.7 23 2.52
22.7 25 -24.88
22.7 30 0.02
22.7 B1 2319.53 2783.16 
22.7 B3 1760.76 2269.61 
22.7 120 13 04 50
22.7 244 0.00
22.705 22 11.29
22.705 23 1.96
22.705 25 -24.76
22.705 30 0.03
22.705 B1 2130.04 2588.56 
22.705 B3 1594.74 2097.52 
22.705 120 13 04 50
22.705 244 0.00
22.71 22 11.89
22.71 23 -0.83
22.71 25 -24.76
22.71 30 0.05
22.71 B1 2005.41 2429.14 
22.71 B3 1497.35 1957.55 
22.71 120 13 04 50
22.71 244 0.00
22.715 22 12.07
22.715 23 -2.90
22.715 25 -24.76
22.715 30 0.05
22.715 B1 1761.72 2154.28 
22.715 B3 1294.59 1720.98 
22.715 120 13 04 50
22.715 244 0.00
22.72 22 11.61
22.72 23 -6.05
22.72 25 -24.76
22.72 30 0.05
22.72 B1 1654.57 2008.87 
22.72 B3 1225.49 1614.31 
22.72 120 13 04 50
22.72 244 0.00
22.725 22 11.26
22.725 23 -6.77
22.725 25 -24.88
22.725 30 0.04
22.725 B1 1580.39 1904.26 
22.725 B3 1172.27 1530.04 
22.725 120 13 04 50
22.725 244 0.00
22.73 22 11.05
22.73 23 -7.13
22.73 25 -24.88
22.73 30 0.04
22.73 B1 1563.89 1863.08 
22.73 B3 1166.09 1496.06 
22.73 120 13 04 50
22.73 244 0.00
22.735 22 11.02
22.735 23 -7.16
22.735 25 -24.88
22.735 30 0.04
22.735 B1 1546.20 1826.47 
22.735 B3 1158.58 1465.47 
22.735 120 13 04 50
22.735 244 0.00
22.74 22 11.00
22.74 23 -7.19
22.74 25 -24.88
22.74 30 0.04
22.74 B1 1527.62 1793.28 
22.74 B3 1149.82 1437.60 
22.74 120 13 04 50
22.74 244 0.00
22.745 22 10.99
22.745 23 -7.21
22.745 25 -24.88
22.745 30 0.04
22.745 B1 1508.40 1762.69 
22.745 B3 1139.93 1411.96 
22.745 120 13 04 50
22.745 244 0.00
22.75 22 10.97
22.75 23 -7.22
22.75 25 -24.88
22.75 30 0.04
22.75 B1 1531.02 1776.37 
22.75 B3 1167.29 1426.45 
22.75 120 13 04 50
22.75 244 0.00
22.755 22 11.10
22.755 23 -7.02
22.755 25 -24.88
22.755 30 0.03
22.755 B1 1540.21 1785.66 
22.755 B3 1182.16 1439.10 
22.755 120 13 04 50
22.755 244 0.00
22.76 22 11.21
22.76 23 -6.83
22.76 25 -24.88
22.76 30 0.03
22.76 B1 1623.09 1875.17 
22.76 B3 1262.11 1526.07 
22.76 120 13 04 50
22.76 244 0.00
22.765 22 11.58
22.765 23 -5.85
22.765 25 -24.88
22.765 30 0.03
22.765 B1 1656.68 1941.10 
22.765 B3 1272.36 1596.95 
22.765 120 13 04 50
22.765 244 0.00
22.77 22 11.77
22.77 23 -5.18
22.77 25 -24.76
22.77 30 0.02
22.77 B1 1699.29 2023.99 
22.77 B3 1292.15 1684.56 
22.77 120 13 04 50
22.77 244 0.00
22.775 22 11.94
22.775 23 -4.12
22.775 25 -24.76
22.775 30 0.02
22.775 B1 1737.69 2107.27 
22.775 B3 1310.45 1760.15 
22.775 120 13 04 50
22.775 244 0.00
22.78 22 11.67
22.78 23 -2.83
22.78 25 -24.76
22.78 30 0.02
22.78 B1 1720.55 2123.35 
22.78 B3 1290.65 1759.25 
22.78 120 13 04 50
22.78 244 0.00
22.785 22 11.94
22.785 23 -2.45
22.785 25 -24.76
22.785 30 0.02
22.785 B1 1735.66 2163.69 
22.785 B3 1302.26 1783.95 
22.785 120 13 04 50
22.785 244 0.00
22.79 22 11.86
22.79 23 -1.97
22.79 25 -24.76
22.79 30 0.02
22.79 B1 1728.97 2174.95 
22.79 B3 1296.80 1789.08 
22.79 120 13 04 50
22.79 244 0.00
22.795 22 11.71
22.795 23 -1.54
22.795 25 -24.76
22.795 30 0.01
22.795 B1 1743.57 2202.38 
22.795 B3 1311.63 1814.43 
22.795 120 13 04 50
22.795 244 0.00
22.8 22 11.45
22.8 23 -0.60
22.8 25 -24.76
22.8 30 0.01
22.8 B1 1793.58 2268.19 
22.8 B3 1357.21 1876.93 
22.8 120 13 04 50
22.8 244 0.00
22.805 22 11.21
22.805 23 0.27
22.805 25 -24.76
22.805 30 0.00
22.805 B1 1800.32 2289.52 
22.805 B3 1363.91 1899.88 
22.805 120 13 04 50
22.805 244 0.00
22.81 22 10.99
22.81 23 1.04
22.81 25 -24.76
22.81 30 0.00
22.81 B1 1852.77 2356.48 
22.81 B3 1412.00 1964.57 
22.81 120 13 04 50
22.81 244 0.00
22.815 22 10.76
22.815 23 1.83
22.815 25 -24.76
22.815 30 0.00
22.815 B1 1865.30 2382.67 
22.815 B3 1424.24 1992.48 
22.815 120 13 04 50
22.815 244 0.00
22.82 22 10.64
22.82 23 2.12
22.82 25 -24.76
22.82 30 0.00
22.82 B1 1864.78 2391.15 
22.82 B3 1426.05 2004.38 
22.82 120 13 04 50
22.82 244 0.00
22.825 22 10.57
22.825 23 2.23
22.825 25 -24.88
22.825 30 0.00
22.825 B1 1859.64 2391.36 
22.825 B3 1424.58 2008.75 
22.825 120 13 04 50
22.825 244 0.00
22.83 22 10.49
22.83 23 2.27
22.83 25 -24.88
22.83 30 0.00
22.83 B1 1853.68 2387.94 
22.83 B3 1422.09 2009.43 
22.83 120 13 04 50
22.83 244 0.00
22.835 22 10.43
22.835 23 2.28
22.835 25 -24.88
22.835 30 0.00
22.835 B1 1846.74 2382.35 
22.835 B3 1419.34 2008.24 
22.835 120 13 04 50
22.835 244 0.00
22.84 22 10.38
22.84 23 2.27
22.84 25 -24.76
22.84 30 0.00
22.84 B1 1839.53 2375.68 
22.84 B3 1416.57 2006.10 
22.84 120 13 04 50
22.84 244 0.00
22.845 22 10.36
22.845 23 2.27
22.845 25 -24.76
22.845 30 0.00
22.845 B1 1831.52 2368.14 
22.845 B3 1413.84 2003.45 
22.845 120 13 04 50
22.845 244 0.00
22.85 22 10.32
22.85 23 2.25
22.85 25 -24.76
22.85 30 0.00
22.85 B1 1824.04 2360.55 
22.85 B3 1411.17 2000.55 
22.85 120 13 04 50
22.85 244 0.00
22.855 22 10.27
22.855 23 2.23
22.855 25 -24.76
22.855 30 0.00
22.855 B1 1816.85 2352.95 
22.855 B3 1408.57 1997.51 
22.855 120 13 04 50
22.855 244 0.00
22.86 22 10.22
22.86 23 2.21
22.86 25 -24.88
22.86 30 0.00
22.86 B1 1809.84 2345.35 
22.86 B3 1406.05 1994.37 
22.86 120 13 04 50
22.86 244 0.00
22.865 22 10.14
22.865 23 2.18
22.865 25 -24.88
22.865 30 0.00
22.865 B1 1803.73 2338.08 
22.865 B3 1403.62 1991.15 
22.865 120 13 04 50
22.865 244 0.00
22.87 22 10.09
22.87 23 2.17
22.87 25 -24.88
22.87 30 0.00
22.87 B1 1797.36 2330.67 
22.87 B3 1401.30 1987.85 
22.87 120 13 04 50
22.87 244 0.00
22.875 22 10.03
22.875 23 2.15
22.875 25 -24.88
22.875 30 0.00
22.875 B1 1790.98 2323.19 
22.875 B3 1399.08 1984.49 
22.875 120 13 04 50
22.875 244 0.00
22.88 22 9.98
22.88 23 2.13
22.88 25 -24.88
22.88 30 0.00
22.88 B1 1784.69 2315.70 
22.88 B3 1396.96 1981.08 
22.88 120 13 04 50
22.88 244 0.00
22.885 22 9.93
22.885 23 2.11
22.885 25 -24.88
22.885 30 0.00
22.885 B1 1778.52 2308.22 
22.885 B3 1394.92 1977.63 
22.885 120 13 04 50
22.885 244 0.00
22.89 22 9.88
22.89 23 2.09
22.89 25 -24.88
22.89 30 0.00
22.89 B1 1772.50 2300.75 
22.89 B3 1392.99 1974.14 
22.89 120 13 04 50
22.89 244 0.00
22.895 22 9.83
22.895 23 2.07
22.895 25 -24.88
22.895 30 0.00
22.895 B1 1766.62 2293.31 
22.895 B3 1391.14 1970.61 
22.895 120 13 04 50
22.895 244 0.00
22.9 22 9.78
22.9 23 2.05
22.9 25 -24.88
22.9 30 0.00
22.9 B1 1760.89 2285.89 
22.9 B3 1389.39 1967.04 
22.9 120 13 04 50
22.9 244 0.00
22.905 22 9.73
22.905 23 2.02
22.905 25 -24.88
22.905 30 0.00
22.905 B1 1755.30 2278.49 
22.905 B3 1387.74 1963.43 
22.905 120 13 04 50
22.905 244 0.00
22.91 22 9.68
22.91 23 2.00
22.91 25 -24.88
22.91 30 0.00
22.91 B1 1749.86 2271.12 
22.91 B3 1386.18 1959.78 
22.91 120 13 04 50
22.91 244 0.00
22.915 22 9.63
22.915 23 1.98
22.915 25 -24.88
22.915 30 0.00
22.915 B1 1744.57 2263.77 
22.915 B3 1384.72 1956.09 
22.915 120 13 04 50
22.915 244 0.00
22.92 22 9.58
22.92 23 1.96
22.92 25 -24.88
22.92 30 0.00
22.92 B1 1739.43 2256.45 
22.92 B3 1383.36 1952.37 
22.92 120 13 04 50
22.92 244 0.00
22.925 22 9.53
22.925 23 1.94
22.925 25 -24.88
22.925 30 0.00
22.925 B1 1734.44 2249.15 
22.925 B3 1382.10 1948.61 
22.925 120 13 04 50
22.925 244 0.00
22.93 22 9.48
22.93 23 1.92
22.93 25 -24.88
22.93 30 0.00
22.93 B1 1729.60 2241.88 
22.93 B3 1380.94 1944.81 
22.93 120 13 04 50
22.93 244 0.00
22.935 22 9.44
22.935 23 1.90
22.935 25 -24.88
22.935 30 0.00
22.935 B1 1724.91 2234.63 
22.935 B3 1379.88 1940.97 
22.935 120 13 04 50
22.935 244 0.00
22.94 22 9.39
22.94 23 1.88
22.94 25 -24.88
22.94 30 0.00
22.94 B1 1720.36 2227.41 
22.94 B3 1378.92 1937.10 
22.94 120 13 04 50
22.94 244 0.00
22.945 22 9.34
22.945 23 1.85
22.945 25 -24.88
22.945 30 0.00
22.945 B1 1715.97 2220.21 
22.945 B3 1378.07 1933.20 
22.945 120 13 04 50
22.945 244 0.00
22.95 22 9.29
22.95 23 1.83
22.95 25 -24.88
22.95 30 0.00
22.95 B1 1711.72 2213.04 
22.95 B3 1377.32 1929.26 
22.95 120 13 04 50
22.95 244 0.00
22.955 22 9.24
22.955 23 1.81
22.955 25 -24.88
22.955 30 0.00
22.955 B1 1707.62 2205.89 
22.955 B3 1376.67 1925.29 
22.955 120 13 04 50
22.955 244 0.00
22.96 22 9.19
22.96 23 1.79
22.96 25 -24.88
22.96 30 0.00
22.96 B1 1703.67 2198.76 
22.96 B3 1376.12 1921.28 
22.96 120 13 04 50
22.96 244 0.00
22.965 22 9.13
22.965 23 1.76
22.965 25 -24.76
22.965 30 0.00
22.965 B1 1699.87 2191.66 
22.965 B3 1375.68 1917.24 
22.965 120 13 04 50
22.965 244 0.00
22.97 22 9.12
22.97 23 1.75
22.97 25 -24.88
22.97 30 0.00
22.97 B1 1695.67 2184.40 
22.97 B3 1375.33 1913.17 
22.97 120 13 04 50
22.97 244 0.00
22.975 22 9.02
22.975 23 1.71
22.975 25 -24.76
22.975 30 0.00
22.975 B1 1692.47 2177.44 
22.975 B3 1375.07 1909.08 
22.975 120 13 04 50
22.975 244 0.00
22.98 22 9.01
22.98 23 1.70
22.98 25 -24.76
22.98 30 0.00
22.98 B1 1688.69 2170.28 
22.98 B3 1374.92 1904.95 
22.98 120 13 04 50
22.98 244 0.00
22.985 22 8.95
22.985 23 1.67
22.985 25 -24.76
22.985 30 0.00
22.985 B1 1685.29 2163.22 
22.985 B3 1374.85 1900.81 
22.985 120 13 04 50
22.985 244 0.00
22.99 22 8.89
22.99 23 1.64
22.99 25 -24.76
22.99 30 0.00
22.99 B1 1682.12 2156.22 
22.99 B3 1374.88 1896.63 
22.99 120 13 04 50
22.99 244 0.00
22.995 22 8.82
22.995 23 1.61
22.995 25 -24.88
22.995 30 0.00
22.995 B1 1679.14 2149.25 
22.995 B3 1375.01 1892.41 
22.995 120 13 04 50
22.995 244 0.00
23 22 8.71
23 23 1.56
23 25 -24.76
23 30 0.00
23 B1 1676.82 2142.45 
23 B3 1375.26 1888.11 
23 120 13 04 50
23 244 0.00
23.005 22 8.70
23.005 23 1.55
23.005 25 -24.88
23.005 30 0.00
23.005 B1 1673.91 2135.44 
23.005 B3 1375.61 1883.76 
23.005 120 13 04 50
23.005 244 0.00
23.01 22 8.58
23.01 23 1.50
23.01 25 -24.88
23.01 30 0.00
23.01 B1 1671.81 2128.63 
23.01 B3 1376.07 1879.35 
23.01 120 13 04 50
23.01 244 0.00
23.015 22 8.51
23.015 23 1.47
23.015 25 -24.88
23.015 30 0.00
23.015 B1 1669.67 2121.78 
23.015 B3 1376.64 1874.87 
23.015 120 13 04 50
23.015 244 0.00
23.02 22 8.45
23.02 23 1.44
23.02 25 -24.88
23.02 30 0.00
23.02 B1 1667.61 2114.92 
23.02 B3 1377.33 1870.32 
23.02 120 13 04 50
23.02 244 0.00
23.025 22 8.38
23.025 23 1.41
23.025 25 -24.88
23.025 30 0.00
23.025 B1 1665.69 2108.07 
23.025 B3 1378.11 1865.73 
23.025 120 13 04 50
23.025 244 0.00
23.03 22 8.32
23.03 23 1.38
23.03 25 -24.76
23.03 30 0.00
23.03 B1 1663.91 2101.23 
23.03 B3 1379.00 1861.08 
23.03 120 13 04 50
23.03 244 0.00
23.035 22 8.31
23.035 23 1.37
23.035 25 -24.76
23.035 30 0.00
23.035 B1 1661.82 2094.30 
23.035 B3 1379.98 1856.42 
23.035 120 13 04 50
23.035 244 0.00
23.04 22 8.25
23.04 23 1.34
23.04 25 -24.76
23.04 30 0.00
23.04 B1 1660.10 2087.46 
23.04 B3 1381.03 1851.76 
23.04 120 13 04 50
23.04 244 0.00
23.045 22 8.18
23.045 23 1.31
23.045 25 -24.88
23.045 30 0.00
23.045 B1 1658.60 2080.67 
23.045 B3 1382.17 1847.08 
23.045 120 13 04 50
23.045 244 0.00
23.05 22 8.05
23.05 23 1.25
23.05 25 -24.88
23.05 30 0.00
23.05 B1 1657.70 2074.01 
23.05 B3 1383.42 1842.33 
23.05 120 13 04 50
23.05 244 0.00
23.055 22 7.99
23.055 23 1.23
23.055 25 -24.88
23.055 30 0.00
23.055 B1 1656.75 2067.32 
23.055 B3 1384.78 1837.51 
23.055 120 13 04 50
23.055 244 0.00
23.06 22 7.92
23.06 23 1.20
23.06 25 -24.76
23.06 30 0.00
23.06 B1 1655.87 2060.61 
23.06 B3 1386.25 1832.62 
23.06 120 13 04 50
23.06 244 0.00
23.065 22 7.92
23.065 23 1.19
23.065 25 -24.76
23.065 30 0.00
23.065 B1 1654.70 2053.81 
23.065 B3 1387.80 1827.72 
23.065 120 13 04 50
23.065 244 0.00
23.07 22 7.85
23.07 23 1.16
23.07 25 -24.76
23.07 30 0.00
23.07 B1 1653.85 2047.10 
23.07 B3 1389.43 1822.82 
23.07 120 13 04 50
23.07 244 0.00
23.075 22 7.79
23.075 23 1.13
23.075 25 -24.76
23.075 30 0.00
23.075 B1 1653.20 2040.43 
23.075 B3 1391.14 1817.91 
23.075 120 13 04 50
23.075 244 0.00
23.08 22 7.72
23.08 23 1.09
23.08 25 -24.88
23.08 30 0.00
23.08 B1 1652.70 2033.79 
23.08 B3 1392.95 1812.97 
23.08 120 13 04 50
23.08 244 0.00
23.085 22 7.59
23.085 23 1.04
23.085 25 -24.76
23.085 30 0.00
23.085 B1 1652.72 2027.26 
23.085 B3 1394.85 1807.97 
23.085 120 13 04 50
23.085 244 0.00
23.09 22 7.59
23.09 23 1.04
23.09 25 -24.76
23.09 30 0.00
23.09 B1 1652.34 2020.61 
23.09 B3 1396.86 1802.92 
23.09 120 13 04 50
23.09 244 0.00
23.095 22 7.53
23.095 23 1.01
23.095 25 -24.76
23.095 30 0.00
23.095 B1 1652.19 2014.01 
23.095 B3 1398.94 1797.87 
23.095 120 13 04 50
23.095 244 0.00
23.1 22 7.46
23.1 23 0.98
23.1 25 -24.76
23.1 30 0.00
23.1 B1 1652.20 2007.44 
23.1 B3 1401.11 1792.80 
23.1 120 13 04 50
23.1 244 0.00
23.105 22 7.40
23.105 23 0.95
23.105 25 -24.88
23.105 30 0.00
23.105 B1 1652.35 2000.90 
23.105 B3 1403.36 1787.70 
23.105 120 13 04 50
23.105 244 0.00
23.11 22 7.27
23.11 23 0.89
23.11 25 -24.88
23.11 30 0.00
23.11 B1 1652.97 1994.45 
23.11 B3 1405.72 1782.56 
23.11 120 13 04 50
23.11 244 0.00
23.115 22 7.21
23.115 23 0.86
23.115 25 -24.88
23.115 30 0.00
23.115 B1 1653.56 1987.97 
23.115 B3 1408.17 1777.33 
23.115 120 13 04 50
23.115 244 0.00
23.12 22 7.15
23.12 23 0.84
23.12 25 -24.88
23.12 30 0.00
23.12 B1 1654.21 1981.48 
23.12 B3 1410.72 1772.07 
23.12 120 13 04 50
23.12 244 0.00
23.125 22 7.09
23.125 23 0.81
23.125 25 -24.88
23.125 30 0.00
23.125 B1 1654.96 1975.00 
23.125 B3 1413.35 1766.77 
23.125 120 13 04 50
23.125 244 0.00
23.13 22 7.03
23.13 23 0.78
23.13 25 -24.88
23.13 30 0.00
23.13 B1 1655.81 1968.54 
23.13 B3 1416.07 1761.45 
23.13 120 13 04 50
23.13 244 0.00
23.135 22 6.97
23.135 23 0.75
23.135 25 -24.88
23.135 30 0.00
23.135 B1 1656.77 1962.10 
23.135 B3 1418.88 1756.12 
23.135 120 13 04 50
23.135 244 0.00
23.14 22 6.91
23.14 23 0.73
23.14 25 -24.88
23.14 30 0.00
23.14 B1 1657.83 1955.67 
23.14 B3 1421.76 1750.77 
23.14 120 13 04 50
23.14 244 0.00
23.145 22 6.86
23.145 23 0.70
23.145 25 -24.88
23.145 30 0.00
23.145 B1 1659.00 1949.26 
23.145 B3 1424.73 1745.41 
23.145 120 13 04 50
23.145 244 0.00
23.15 22 6.80
23.15 23 0.67
23.15 25 -24.88
23.15 30 0.00
23.15 B1 1660.26 1942.87 
23.15 B3 1427.77 1740.04 
23.15 120 13 04 50
23.15 244 0.00
23.155 22 6.74
23.155 23 0.65
23.155 25 -24.88
23.155 30 0.00
23.155 B1 1661.63 1936.50 
23.155 B3 1430.90 1734.66 
23.155 120 13 04 50
23.155 244 0.00
23.16 22 6.68
23.16 23 0.62
23.16 25 -24.76
23.16 30 0.00
23.16 B1 1663.09 1930.14 
23.16 B3 1434.10 1729.26 
23.16 120 13 04 50
23.16 244 0.00
23.165 22 6.70
23.165 23 0.62
23.165 25 -24.76
23.165 30 0.00
23.165 B1 1664.38 1923.74 
23.165 B3 1437.37 1723.89 
23.165 120 13 04 50
23.165 244 0.00
23.17 22 6.64
23.17 23 0.60
23.17 25 -24.76
23.17 30 0.00
23.17 B1 1665.86 1917.41 
23.17 B3 1440.71 1718.57 
23.17 120 13 04 50
23.17 244 0.00
23.175 22 6.58
23.175 23 0.57
23.175 25 -24.76
23.175 30 0.00
23.175 B1 1667.48 1911.12 
23.175 B3 1444.11 1713.25 
23.175 120 13 04 50
23.175 244 0.00
23.18 22 6.52
23.18 23 0.54
23.18 25 -24.76
23.18 30 0.00
23.18 B1 1669.21 1904.84 
23.18 B3 1447.59 1707.93 
23.18 120 13 04 50
23.18 244 0.00
23.185 22 6.46
23.185 23 0.51
23.185 25 -24.76
23.185 30 0.00
23.185 B1 1671.03 1898.58 
23.185 B3 1451.14 1702.60 
23.185 120 13 04 50
23.185 244 0.00
23.19 22 6.41
23.19 23 0.49
23.19 25 -24.76
23.19 30 0.00
23.19 B1 1672.95 1892.34 
23.19 B3 1454.76 1697.25 
23.19 120 13 04 50
23.19 244 0.00
23.195 22 6.35
23.195 23 0.46
23.195 25 -24.76
23.195 30 0.00
23.195 B1 1674.96 1886.11 
23.195 B3 1458.46 1691.90 
23.195 120 13 04 50
23.195 244 0.00
23.2 22 6.29
23.2 23 0.44
23.2 25 -24.88
23.2 30 0.00
23.2 B1 1677.05 1879.90 
23.2 B3 1462.23 1686.53 
23.2 120 13 04 50
23.2 244 0.00
23.205 22 6.17
23.205 23 0.38
23.205 25 -24.88
23.205 30 0.00
23.205 B1 1679.46 1873.74 
23.205 B3 1466.08 1681.12 
23.205 120 13 04 50
23.205 244 0.00
23.21 22 6.12
23.21 23 0.36
23.21 25 -24.88
23.21 30 0.00
23.21 B1 1681.87 1867.56 
23.21 B3 1470.01 1675.65 
23.21 120 13 04 50
23.21 244 0.00
23.215 22 6.07
23.215 23 0.34
23.215 25 -24.88
23.215 30 0.00
23.215 B1 1684.34 1861.37 
23.215 B3 1474.01 1670.15 
23.215 120 13 04 50
23.215 244 0.00
23.22 22 6.02
23.22 23 0.31
23.22 25 -24.88
23.22 30 0.00
23.22 B1 1686.87 1855.18 
23.22 B3 1478.09 1664.64 
23.22 120 13 04 50
23.22 244 0.00
23.225 22 5.97
23.225 23 0.29
23.225 25 -24.88
23.225 30 0.00
23.225 B1 1689.48 1848.99 
23.225 B3 1482.24 1659.12 
23.225 120 13 04 50
23.225 244 0.00
23.23 22 5.93
23.23 23 0.27
23.23 25 -24.88
23.23 30 0.00
23.23 B1 1692.15 1842.82 
23.23 B3 1486.45 1653.60 
23.23 120 13 04 50
23.23 244 0.00
23.235 22 5.88
23.235 23 0.25
23.235 25 -24.88
23.235 30 0.00
23.235 B1 1694.91 1836.65 
23.235 B3 1490.74 1648.06 
23.235 120 13 04 50
23.235 244 0.00
23.24 22 5.84
23.24 23 0.22
23.24 25 -24.88
23.24 30 0.00
23.24 B1 1697.74 1830.48 
23.24 B3 1495.10 1642.52 
23.24 120 13 04 50
23.24 244 0.00
23.245 22 5.80
23.245 23 0.20
23.245 25 -24.88
23.245 30 0.00
23.245 B1 1700.64 1824.30 
23.245 B3 1499.54 1636.97 
23.245 120 13 04 50
23.245 244 0.00
23.25 22 5.77
23.25 23 0.18
23.25 25 -24.88
23.25 30 0.00
23.25 B1 1703.62 1818.13 
23.25 B3 1504.05 1631.40 
23.25 120 13 04 50
23.25 244 0.00
23.255 22 5.74
23.255 23 0.16
23.255 25 -24.88
23.255 30 0.00
23.255 B1 1706.69 1811.94 
23.255 B3 1508.64 1625.82 
23.255 120 13 04 50
23.255 244 0.00
23.26 22 5.71
23.26 23 0.14
23.26 25 -24.88
23.26 30 0.00
23.26 B1 1709.84 1805.73 
23.26 B3 1513.32 1620.20 
23.26 120 13 04 50
23.26 244 0.00
23.265 22 5.69
23.265 23 0.12
23.265 25 -24.88
23.265 30 0.00
23.265 B1 1713.08 1799.50 
23.265 B3 1518.10 1614.56 
23.265 120 13 04 50
23.265 244 0.00
23.27 22 5.68
23.27 23 0.09
23.27 25 -24.88
23.27 30 0.00
23.27 B1 1716.42 1793.24 
23.27 B3 1522.97 1608.88 
23.27 120 13 04 50
23.27 244 0.00
23.275 22 5.67
23.275 23 0.07
23.275 25 -24.88
23.275 30 0.00
23.275 B1 1719.85 1786.94 
23.275 B3 1527.94 1603.15 
23.275 120 13 04 50
23.275 244 0.00
23.28 22 5.66
23.28 23 0.05
23.28 25 -24.88
23.28 30 0.00
23.28 B1 1723.39 1780.59 
23.28 B3 1533.03 1597.37 
23.28 120 13 04 50
23.28 244 0.00
23.285 22 5.66
23.285 23 0.03
23.285 25 -24.88
23.285 30 0.00
23.285 B1 1727.04 1774.20 
23.285 B3 1538.23 1591.54 
23.285 120 13 04 50
23.285 244 0.00
23.29 22 5.66
23.29 23 0.01
23.29 25 -24.88
23.29 30 0.00
23.29 B1 1730.79 1767.75 
23.29 B3 1543.55 1585.65 
23.29 120 13 04 50
23.29 244 0.00
23.295 22 5.66
23.295 23 -0.01
23.295 25 -24.76
23.295 30 0.00
23.295 B1 1734.66 1761.24 
23.295 B3 1549.00 1579.68 
23.295 120 13 04 50
23.295 244 0.00
23.3 22 5.74
23.3 23 0.00
23.3 25 -24.76
23.3 30 0.00
23.3 B1 1738.54 1754.61 
23.3 B3 1554.57 1573.68 
23.3 120 13 04 50
23.3 244 0.00
23.305 22 5.75
23.305 23 -0.03
23.305 25 -24.88
23.305 30 0.00
23.305 B1 1742.55 1747.95 
23.305 B3 1560.26 1567.66 
23.305 120 13 04 50
23.305 244 0.00
23.31 22 5.70
23.31 23 -0.07
23.31 25 -24.76
23.31 30 0.03
23.31 B1 1746.77 1741.28 
23.31 B3 1566.10 1561.53 
23.31 120 13 04 50
23.31 244 0.00
23.315 22 6.23
23.315 23 -1.92
23.315 25 -24.76
23.315 30 0.39
23.315 B1 1552.45 1533.24 
23.315 B3 1384.89 1365.22 
23.315 120 13 04 50
23.315 244 0.00
23.32 22 7.18
23.32 23 -6.27
23.32 25 -24.76
23.32 30 0.39
23.32 B1 0.00 0.00 
23.32 B3 0.00 0.00 
23.32 120 13 04 50
23.32 244 0.00
23.325 22 7.23
23.325 23 -6.06
23.325 25 -24.76
23.325 30 0.39
23.325 B1 0.00 0.00 
23.325 B3 0.00 0.00 
23.325 120 13 04 50
23.325 244 0.00
23.33 22 7.21
23.33 23 -6.05
23.33 25 -24.76
23.33 30 0.39
23.33 B1 0.00 0.00 
23.33 B3 0.00 0.00 
23.33 120 13 04 50
23.33 244 0.00
23.335 22 7.18
23.335 23 -6.04
23.335 25 -24.76
23.335 30 0.57
23.335 B1 0.00 0.00 
23.335 B3 0.00 0.00 
23.335 120 13 04 50
23.335 244 0.00
23.34 22 7.16
23.34 23 -6.03
23.34 25 -24.76
23.34 30 0.74
23.34 B1 0.00 0.00 
23.34 B3 0.00 0.00 
23.34 120 13 04 50
23.34 244 0.00
23.345 22 7.13
23.345 23 -6.02
23.345 25 -24.76
23.345 30 0.76
23.345 B1 0.00 0.00 
23.345 B3 0.00 0.00 
23.345 120 13 04 50
23.345 244 0.00
23.35 22 7.11
23.35 23 -6.01
23.35 25 -24.76
23.35 30 0.76
23.35 B1 0.00 0.00 
23.35 B3 0.00 0.00 
23.35 120 13 04 50
23.35 244 0.00
23.355 22 7.08
23.355 23 -6.00
23.355 25 -24.76
23.355 30 0.76
23.355 B1 0.00 0.00 
23.355 B3 0.00 0.00 
23.355 120 13 04 50
23.355 244 0.00
23.36 22 7.06
23.36 23 -6.00
23.36 25 -24.76
23.36 30 0.78
23.36 B1 0.00 0.00 
23.36 B3 0.00 0.00 
23.36 120 13 04 50
23.36 244 0.00
23.365 22 7.03
23.365 23 -5.99
23.365 25 -24.76
23.365 30 0.79
23.365 B1 0.00 0.00 
23.365 B3 0.00 0.00 
23.365 120 13 04 50
23.365 244 0.00
23.37 22 7.00
23.37 23 -5.98
23.37 25 -24.76
23.37 30 0.80
23.37 B1 0.00 0.00 
23.37 B3 0.00 0.00 
23.37 120 13 04 50
23.37 244 0.00
23.375 22 6.97
23.375 23 -5.98
23.375 25 -24.76
23.375 30 0.80
23.375 B1 0.00 0.00 
23.375 B3 0.00 0.00 
23.375 120 13 04 50
23.375 244 0.00
23.38 22 6.93
23.38 23 -5.98
23.38 25 -24.76
23.38 30 0.80
23.38 B1 0.00 0.00 
23.38 B3 0.00 0.00 
23.38 120 13 04 50
23.38 244 0.00
23.385 22 6.89
23.385 23 -5.98
23.385 25 -24.76
23.385 30 0.80
23.385 B1 0.00 0.00 
23.385 B3 0.00 0.00 
23.385 120 13 04 50
23.385 244 0.00
23.39 22 6.85
23.39 23 -5.98
23.39 25 -24.76
23.39 30 0.80
23.39 B1 0.00 0.00 
23.39 B3 0.00 0.00 
23.39 120 13 04 50
23.39 244 0.00
23.395 22 6.81
23.395 23 -5.99
23.395 25 -24.76
23.395 30 0.80
23.395 B1 0.00 0.00 
23.395 B3 0.00 0.00 
23.395 120 13 04 50
23.395 244 0.00
23.4 22 6.77
23.4 23 -6.00
23.4 25 -24.76
23.4 30 0.80
23.4 B1 0.00 0.00 
23.4 B3 0.00 0.00 
23.4 120 13 04 50
23.4 244 0.00
23.405 22 6.72
23.405 23 -6.03
23.405 25 -24.76
23.405 30 0.80
23.405 B1 0.00 0.00 
23.405 B3 0.00 0.00 
23.405 120 13 04 50
23.405 244 0.00
23.41 22 6.65
23.41 23 -6.07
23.41 25 -24.76
23.41 30 0.80
23.41 B1 0.00 0.00 
23.41 B3 0.00 0.00 
23.41 120 13 04 50
23.41 244 0.00
23.415 22 6.58
23.415 23 -6.14
23.415 25 -24.76
23.415 30 0.80
23.415 B1 0.00 0.00 
23.415 B3 0.00 0.00 
23.415 120 13 04 50
23.415 244 0.00
23.42 22 6.49
23.42 23 -6.23
23.42 25 -24.76
23.42 30 0.80
23.42 B1 0.00 0.00 
23.42 B3 0.00 0.00 
23.42 120 13 04 50
23.42 244 0.00
23.425 22 6.30
23.425 23 -6.31
23.425 25 -24.76
23.425 30 0.79
23.425 B1 0.00 0.00 
23.425 B3 0.00 0.00 
23.425 120 13 04 50
23.425 244 0.00
23.43 22 6.05
23.43 23 -6.37
23.43 25 -24.76
23.43 30 0.79
23.43 B1 0.00 0.00 
23.43 B3 0.00 0.00 
23.43 120 13 04 50
23.43 244 0.00
23.435 22 5.70
23.435 23 -6.40
23.435 25 -24.76
23.435 30 0.79
23.435 B1 0.00 0.00 
23.435 B3 0.00 0.00 
23.435 120 13 04 50
23.435 244 0.00
23.44 22 5.32
23.44 23 -6.41
23.44 25 -24.76
23.44 30 0.78
23.44 B1 0.00 0.00 
23.44 B3 0.00 0.00 
23.44 120 13 04 50
23.44 244 0.00
23.445 22 4.93
23.445 23 -6.42
23.445 25 -24.76
23.445 30 0.78
23.445 B1 0.00 0.00 
23.445 B3 0.00 0.00 
23.445 120 13 04 50
23.445 244 0.00
23.45 22 4.56
23.45 23 -6.43
23.45 25 -24.76
23.45 30 0.78
23.45 B1 0.00 0.00 
23.45 B3 0.00 0.00 
23.45 120 13 04 50
23.45 244 0.00
23.455 22 4.20
23.455 23 -6.44
23.455 25 -24.76
23.455 30 0.78
23.455 B1 0.00 0.00 
23.455 B3 0.00 0.00 
23.455 120 13 04 50
23.455 244 0.00
23.46 22 3.86
23.46 23 -6.45
23.46 25 -24.76
23.46 30 0.78
23.46 B1 0.00 0.00 
23.46 B3 0.00 0.00 
23.46 120 13 04 50
23.46 244 0.00
23.465 22 3.54
23.465 23 -6.47
23.465 25 -24.76
23.465 30 0.77
23.465 B1 0.00 0.00 
23.465 B3 0.00 0.00 
23.465 120 13 04 50
23.465 244 0.00
23.47 22 3.25
23.47 23 -6.48
23.47 25 -24.76
23.47 30 0.77
23.47 B1 0.00 0.00 
23.47 B3 0.00 0.00 
23.47 120 13 04 50
23.47 244 0.00
23.475 22 2.98
23.475 23 -6.49
23.475 25 -24.76
23.475 30 0.76
23.475 B1 0.00 0.00 
23.475 B3 0.00 0.00 
23.475 120 13 04 50
23.475 244 0.00
23.48 22 2.73
23.48 23 -6.49
23.48 25 -24.76
23.48 30 0.76
23.48 B1 0.00 0.00 
23.48 B3 0.00 0.00 
23.48 120 13 04 50
23.48 244 0.00
23.485 22 2.50
23.485 23 -6.50
23.485 25 -24.76
23.485 30 0.76
23.485 B1 0.00 0.00 
23.485 B3 0.00 0.00 
23.485 120 13 04 50
23.485 244 0.00
23.49 22 2.29
23.49 23 -6.51
23.49 25 -24.76
23.49 30 0.75
23.49 B1 0.00 0.00 
23.49 B3 0.00 0.00 
23.49 120 13 04 50
23.49 244 0.00
23.495 22 2.11
23.495 23 -6.52
23.495 25 -24.76
23.495 30 0.75
23.495 B1 0.00 0.00 
23.495 B3 0.00 0.00 
23.495 120 13 04 50
23.495 244 0.00
23.5 22 1.94
23.5 23 -6.52
23.5 25 -24.76
23.5 30 0.73
23.5 B1 0.00 0.00 
23.5 B3 0.00 0.00 
23.5 120 13 04 50
23.5 244 0.00
23.505 22 1.78
23.505 23 -6.53
23.505 25 -24.88
23.505 30 0.46
23.505 B1 0.00 0.00 
23.505 B3 0.00 0.00 
23.505 120 13 04 50
23.505 244 0.00
23.51 22 1.59
23.51 23 -6.56
23.51 25 -24.88
23.51 30 0.46
23.51 B1 0.00 0.00 
23.51 B3 0.00 0.00 
23.51 120 13 04 50
23.51 244 0.00
23.515 22 1.47
23.515 23 -6.56
23.515 25 -24.88
23.515 30 0.46
23.515 B1 0.00 0.00 
23.515 B3 0.00 0.00 
23.515 120 13 04 50
23.515 244 0.00
23.52 22 1.36
23.52 23 -6.56
23.52 25 -24.88
23.52 30 0.46
23.52 B1 0.00 0.00 
23.52 B3 0.00 0.00 
23.52 120 13 04 50
23.52 244 0.00
23.525 22 1.26
23.525 23 -6.56
23.525 25 -24.88
23.525 30 0.46
23.525 B1 0.00 0.00 
23.525 B3 0.00 0.00 
23.525 120 13 04 50
23.525 244 0.00
23.53 22 1.17
23.53 23 -6.56
23.53 25 -24.88
23.53 30 0.46
23.53 B1 0.00 0.00 
23.53 B3 0.00 0.00 
23.53 120 13 04 50
23.53 244 0.00
23.535 22 1.09
23.535 23 -6.56
23.535 25 -24.88
23.535 30 0.20
23.535 B1 0.00 0.00 
23.535 B3 0.00 0.00 
23.535 120 13 04 50
23.535 244 0.00
23.54 22 1.02
23.54 23 -6.56
23.54 25 -24.88
23.54 30 0.20
23.54 B1 0.00 0.00 
23.54 B3 0.00 0.00 
23.54 120 13 04 50
23.54 244 0.00
23.545 22 0.96
23.545 23 -6.56
23.545 25 -24.88
23.545 30 0.20
23.545 B1 0.00 0.00 
23.545 B3 0.00 0.00 
23.545 120 13 04 50
23.545 244 0.00
23.55 22 0.90
23.55 23 -6.56
23.55 25 -24.88
23.55 30 0.13
23.55 B1 0.00 0.00 
23.55 B3 0.00 0.00 
23.55 120 13 04 50
23.55 244 0.00
23.555 22 0.85
23.555 23 -6.55
23.555 25 -24.88
23.555 30 0.13
23.555 B1 0.00 0.00 
23.555 B3 0.00 0.00 
23.555 120 13 04 50
23.555 244 0.00
23.56 22 0.81
23.56 23 -6.55
23.56 25 -24.76
23.56 30 0.06
23.56 B1 0.00 0.00 
23.56 B3 0.00 0.00 
23.56 120 13 04 50
23.56 244 0.00
23.565 22 0.82
23.565 23 -6.52
23.565 25 -24.88
23.565 30 0.00
23.565 B1 0.00 0.00 
23.565 B3 0.00 0.00 
23.565 120 13 04 50
23.565 244 0.00
23.57 22 0.73
23.57 23 -6.54
23.57 25 -24.76
23.57 30 0.00
23.57 B1 0.00 0.00 
23.57 B3 0.00 0.00 
23.57 120 13 04 50
23.57 244 0.00
23.575 22 0.77
23.575 23 -6.58
23.575 25 -24.88
23.575 30 0.00
23.575 B1 306.77 314.99 
23.575 B3 254.24 259.57 
23.575 120 13 04 50
23.575 244 0.00
23.58 22 1.46
23.58 23 -9.62
23.58 25 -24.88
23.58 30 0.00
23.58 B1 758.27 812.19 
23.58 B3 593.69 681.14 
23.58 120 13 04 50
23.58 244 0.00
23.585 22 0.30
23.585 23 -5.85
23.585 25 -24.88
23.585 30 0.00
23.585 B1 1110.43 914.29 
23.585 B3 989.35 812.75 
23.585 120 13 04 50
23.585 244 0.00
23.59 22 -0.63
23.59 23 -1.54
23.59 25 -24.88
23.59 30 0.00
23.59 B1 1164.05 921.35 
23.59 B3 1081.20 825.51 
23.59 120 13 04 50
23.59 244 0.00
23.595 22 -0.76
23.595 23 -0.81
23.595 25 -24.88
23.595 30 0.00
23.595 B1 1173.59 920.90 
23.595 B3 1100.81 826.21 
23.595 120 13 04 50
23.595 244 0.00
23.6 22 -0.79
23.6 23 -0.67
23.6 25 -24.88
23.6 30 0.00
23.6 B1 1175.30 919.80 
23.6 B3 1105.60 825.24 
23.6 120 13 04 50
23.6 244 0.00
23.605 22 -0.81
23.605 23 -0.63
23.605 25 -24.88
23.605 30 0.00
23.605 B1 1175.38 918.71 
23.605 B3 1106.61 824.08 
23.605 120 13 04 50
23.605 244 0.00
23.61 22 -0.82
23.61 23 -0.62
23.61 25 -24.88
23.61 30 0.00
23.61 B1 1175.09 917.67 
23.61 B3 1106.58 822.94 
23.61 120 13 04 50
23.61 244 0.00
23.615 22 -0.16
23.615 23 -2.26
23.615 25 -24.88
23.615 30 0.00
23.615 B1 1174.00 882.88 
23.615 B3 1105.49 820.23 
23.615 120 13 04 50
23.615 244 0.00
23.62 22 -0.26
23.62 23 -2.03
23.62 25 -24.88
23.62 30 0.00
23.62 B1 1172.13 883.05 
23.62 B3 1103.50 816.39 
23.62 120 13 04 50
23.62 244 0.00
23.625 22 -0.25
23.625 23 -2.02
23.625 25 -24.88
23.625 30 0.00
23.625 B1 1169.94 883.30 
23.625 B3 1101.17 812.53 
23.625 120 13 04 50
23.625 244 0.00
23.63 22 -0.25
23.63 23 -2.01
23.63 25 -24.88
23.63 30 0.00
23.63 B1 1167.53 883.58 
23.63 B3 1098.67 808.78 
23.63 120 13 04 50
23.63 244 0.00
23.635 22 -0.25
23.635 23 -2.01
23.635 25 -24.88
23.635 30 0.00
23.635 B1 1164.95 883.87 
23.635 B3 1096.03 805.16 
23.635 120 13 04 50
23.635 244 0.00
23.64 22 -0.25
23.64 23 -2.00
23.64 25 -24.88
23.64 30 0.00
23.64 B1 1162.22 884.15 
23.64 B3 1093.28 801.67 
23.64 120 13 04 50
23.64 244 0.00
23.645 22 -0.26
23.645 23 -1.99
23.645 25 -24.76
23.645 30 0.00
23.645 B1 1159.36 884.39 
23.645 B3 1090.44 798.28 
23.645 120 13 04 50
23.645 244 0.00
23.65 22 -0.20
23.65 23 -1.94
23.65 25 -24.76
23.65 30 0.00
23.65 B1 1156.48 884.55 
23.65 B3 1087.51 795.06 
23.65 120 13 04 50
23.65 244 0.00
23.655 22 -0.22
23.655 23 -1.93
23.655 25 -24.88
23.655 30 0.00
23.655 B1 1153.36 884.68 
23.655 B3 1084.50 791.99 
23.655 120 13 04 50
23.655 244 0.00
23.66 22 -0.32
23.66 23 -1.96
23.66 25 -24.88
23.66 30 0.00
23.66 B1 1150.04 884.72 
23.66 B3 1081.46 788.95 
23.66 120 13 04 50
23.66 244 0.00
23.665 22 -0.33
23.665 23 -1.94
23.665 25 -24.76
23.665 30 0.00
23.665 B1 1146.81 884.62 
23.665 B3 1078.37 785.91 
23.665 120 13 04 50
23.665 244 0.00
23.67 22 -0.28
23.67 23 -1.89
23.67 25 -24.88
23.67 30 0.00
23.67 B1 1143.65 884.37 
23.67 B3 1075.24 782.99 
23.67 120 13 04 50
23.67 244 0.00
23.675 22 -0.37
23.675 23 -1.91
23.675 25 -24.88
23.675 30 0.00
23.675 B1 1140.22 884.06 
23.675 B3 1072.08 780.14 
23.675 120 13 04 50
23.675 244 0.00
23.68 22 -0.38
23.68 23 -1.89
23.68 25 -24.88
23.68 30 0.00
23.68 B1 1136.87 883.57 
23.68 B3 1068.91 777.31 
23.68 120 13 04 50
23.68 244 0.00
23.685 22 -0.40
23.685 23 -1.87
23.685 25 -24.88
23.685 30 0.00
23.685 B1 1133.51 882.93 
23.685 B3 1065.71 774.53 
23.685 120 13 04 50
23.685 244 0.00
23.69 22 -0.41
23.69 23 -1.85
23.69 25 -24.88
23.69 30 0.00
23.69 B1 1130.14 882.14 
23.69 B3 1062.51 771.82 
23.69 120 13 04 50
23.69 244 0.00
23.695 22 -0.43
23.695 23 -1.83
23.695 25 -24.88
23.695 30 0.00
23.695 B1 1126.75 881.20 
23.695 B3 1059.28 769.16 
23.695 120 13 04 50
23.695 244 0.00
23.7 22 -0.44
23.7 23 -1.80
23.7 25 -24.76
23.7 30 0.00
23.7 B1 1123.35 880.17 
23.7 B3 1056.06 766.57 
23.7 120 13 04 50
23.7 244 0.00
23.705 22 -0.39
23.705 23 -1.74
23.705 25 -24.88
23.705 30 0.00
23.705 B1 1120.02 878.90 
23.705 B3 1052.83 764.08 
23.705 120 13 04 50
23.705 244 0.02
23.71 22 -0.49
23.71 23 -1.70
23.71 25 -24.88
23.71 30 0.00
23.71 B1 1121.24 879.79 
23.71 B3 1052.64 766.26 
23.71 120 13 04 50
23.71 244 0.02
23.715 22 -0.51
23.715 23 -1.63
23.715 25 -24.88
23.715 30 0.00
23.715 B1 1119.82 878.43 
23.715 B3 1049.86 766.16 
23.715 120 13 04 50
23.715 244 0.09
23.72 22 -0.57
23.72 23 -1.41
23.72 25 -24.88
23.72 30 0.00
23.72 B1 1133.99 884.53 
23.72 B3 1056.82 781.23 
23.72 120 13 04 50
23.72 244 0.17
23.725 22 -0.68
23.725 23 -0.99
23.725 25 -24.88
23.725 30 0.00
23.725 B1 1159.21 892.85 
23.725 B3 1067.08 808.57 
23.725 120 13 04 50
23.725 244 0.24
23.73 22 -0.80
23.73 23 -0.52
23.73 25 -24.88
23.73 30 0.00
23.73 B1 1188.63 900.86 
23.73 B3 1076.78 842.29 
23.73 120 13 04 50
23.73 244 0.30
23.735 22 -0.90
23.735 23 -0.10
23.735 25 -24.88
23.735 30 0.00
23.735 B1 1218.04 907.77 
23.735 B3 1084.70 878.63 
23.735 120 13 04 50
23.735 244 0.30
23.74 22 -1.06
23.74 23 0.71
23.74 25 -24.76
23.74 30 0.00
23.74 B1 1234.65 908.44 
23.74 B3 1085.32 904.93 
23.74 120 13 04 50
23.74 244 0.41
23.745 22 -1.10
23.745 23 1.08
23.745 25 -24.76
23.745 30 0.00
23.745 B1 1274.64 922.76 
23.745 B3 1100.40 955.27 
23.745 120 13 04 50
23.745 244 0.41
23.75 22 -1.11
23.75 23 1.02
23.75 25 -24.88
23.75 30 0.00
23.75 B1 1300.57 924.91 
23.75 B3 1102.74 1054.48 
23.75 120 13 04 50
23.75 244 0.46
23.755 22 -1.20
23.755 23 1.04
23.755 25 -24.88
23.755 30 0.00
23.755 B1 1336.03 933.02 
23.755 B3 1111.79 1194.69 
23.755 120 13 04 50
23.755 244 0.52
23.76 22 -1.14
23.76 23 1.22
23.76 25 -24.88
23.76 30 0.00
23.76 B1 1403.68 941.77 
23.76 B3 1121.60 1351.52 
23.76 120 13 04 50
23.76 244 0.57
23.765 22 -0.60
23.765 23 1.05
23.765 25 -24.88
23.765 30 0.00
23.765 B1 1595.02 949.79 
23.765 B3 1129.92 1524.96 
23.765 120 13 04 50
23.765 244 0.63
23.77 22 -0.72
23.77 23 1.23
23.77 25 -24.88
23.77 30 0.00
23.77 B1 1805.96 958.49 
23.77 B3 1138.60 1716.19 
23.77 120 13 04 50
23.77 244 0.73
23.775 22 -0.85
23.775 23 1.48
23.775 25 -24.88
23.775 30 0.00
23.775 B1 2048.38 972.18 
23.775 B3 1152.26 1935.95 
23.775 120 13 04 50
23.775 244 0.73
23.78 22 -0.95
23.78 23 1.59
23.78 25 -24.88
23.78 30 0.00
23.78 B1 2290.52 974.45 
23.78 B3 1154.64 2155.52 
23.78 120 13 04 50
23.78 244 0.73
23.785 22 -1.01
23.785 23 1.59
23.785 25 -24.88
23.785 30 0.00
23.785 B1 2532.40 976.56 
23.785 B3 1156.67 2374.88 
23.785 120 13 04 50
23.785 244 0.73
23.79 22 -1.06
23.79 23 1.58
23.79 25 -24.88
23.79 30 0.00
23.79 B1 2774.01 978.45 
23.79 B3 1158.79 2594.05 
23.79 120 13 04 50
23.79 244 0.73
23.795 22 -1.11
23.795 23 1.57
23.795 25 -24.88
23.795 30 0.00
23.795 B1 3015.34 980.15 
23.795 B3 1160.98 2813.01 
23.795 120 13 04 50
23.795 244 0.73
23.8 22 -1.16
23.8 23 1.56
23.8 25 -24.88
23.8 30 0.00
23.8 B1 3256.41 981.87 
23.8 B3 1163.27 3031.77 
23.8 120 13 04 50
23.8 244 0.72
23.805 22 -1.20
23.805 23 1.55
23.805 25 -24.88
23.805 30 0.00
23.805 B1 3495.89 983.00 
23.805 B3 1165.13 3249.14 
23.805 120 13 04 50
23.805 244 0.72
23.81 22 -1.24
23.81 23 1.53
23.81 25 -24.88
23.81 30 0.00
23.81 B1 3735.11 984.55 
23.81 B3 1167.51 3466.31 
23.81 120 13 04 50
23.81 244 0.72
23.815 22 -1.28
23.815 23 1.53
23.815 25 -24.88
23.815 30 0.00
23.815 B1 3974.05 986.06 
23.815 B3 1169.97 3683.28 
23.815 120 13 04 50
23.815 244 0.72
23.82 22 -1.31
23.82 23 1.52
23.82 25 -24.88
23.82 30 0.00
23.82 B1 4212.73 987.38 
23.82 B3 1172.49 3900.05 
23.82 120 13 04 50
23.82 244 0.72
23.825 22 -1.35
23.825 23 1.51
23.825 25 -24.88
23.825 30 0.00
23.825 B1 4451.15 988.72 
23.825 B3 1175.06 4116.63 
23.825 120 13 04 50
23.825 244 0.72
23.83 22 -1.38
23.83 23 1.51
23.83 25 -24.88
23.83 30 0.00
23.83 B1 4689.29 990.08 
23.83 B3 1177.69 4333.01 
23.83 120 13 04 50
23.83 244 0.72
23.835 22 -1.41
23.835 23 1.50
23.835 25 -24.88
23.835 30 0.00
23.835 B1 4927.18 991.57 
23.835 B3 1180.37 4549.19 
23.835 120 13 04 50
23.835 244 0.72
23.84 22 -1.44
23.84 23 1.50
23.84 25 -24.88
23.84 30 0.00
23.84 B1 5164.80 992.75 
23.84 B3 1183.09 4765.17 
23.84 120 13 04 50
23.84 244 0.72
23.845 22 -1.47
23.845 23 1.49
23.845 25 -24.88
23.845 30 0.00
23.845 B1 5402.15 994.00 
23.845 B3 1185.85 4980.96 
23.845 120 13 04 50
23.845 244 0.72
23.85 22 -1.49
23.85 23 1.48
23.85 25 -24.88
23.85 30 0.00
23.85 B1 5639.24 995.31 
23.85 B3 1188.64 5196.55 
23.85 120 13 04 50
23.85 244 0.72
23.855 22 -1.51
23.855 23 1.46
23.855 25 -24.88
23.855 30 0.00
23.855 B1 5874.75 995.97 
23.855 B3 1190.96 5410.75 
23.855 120 13 04 50
23.855 244 0.72
23.86 22 -1.54
23.86 23 1.45
23.86 25 -24.88
23.86 30 0.00
23.86 B1 6109.99 997.54 
23.86 B3 1193.77 5624.75 
23.86 120 13 04 50
23.86 244 0.71
23.865 22 -1.56
23.865 23 1.43
23.865 25 -24.88
23.865 30 0.00
23.865 B1 6342.33 997.65 
23.865 B3 1195.60 5836.16 
23.865 120 13 04 50
23.865 244 0.71
23.87 22 -1.57
23.87 23 1.41
23.87 25 -24.88
23.87 30 0.00
23.87 B1 6574.41 998.96 
23.87 B3 1198.37 6047.38 
23.87 120 13 04 50
23.87 244 0.70
23.875 22 -1.30
23.875 23 1.55
23.875 25 -24.88
23.875 30 0.00
23.875 B1 6800.95 1066.32 
23.875 B3 1199.89 6253.62 
23.875 120 13 04 50
23.875 244 0.70
23.88 22 -1.67
23.88 23 2.27
23.88 25 -24.76
23.88 30 0.00
23.88 B1 7027.23 1086.48 
23.88 B3 1204.82 6459.67 
23.88 120 13 04 50
23.88 244 0.68
23.885 22 -1.63
23.885 23 2.24
23.885 25 -24.88
23.885 30 0.00
23.885 B1 7247.98 1100.78 
23.885 B3 1207.87 6660.75 
23.885 120 13 04 50
23.885 244 0.67
23.89 22 -4.48
23.89 23 2.22
23.89 25 -24.88
23.89 30 0.00
23.89 B1 7056.78 1112.90 
23.89 B3 1214.14 6858.06 
23.89 120 13 04 50
23.89 244 0.67
23.895 22 -4.59
23.895 23 2.20
23.895 25 -24.76
23.895 30 0.00
23.895 B1 6820.48 1129.30 
23.895 B3 1225.18 7055.19 
23.895 120 13 04 50
23.895 244 0.65
23.9 22 -4.41
23.9 23 2.25
23.9 25 -24.88
23.9 30 0.00
23.9 B1 6570.33 1141.75 
23.9 B3 1234.64 7247.35 
23.9 120 13 04 50
23.9 244 0.63
23.905 22 -4.37
23.905 23 2.22
23.905 25 -24.88
23.905 30 0.00
23.905 B1 6306.03 1149.42 
23.905 B3 1243.73 7433.36 
23.905 120 13 04 50
23.905 244 0.63
23.91 22 -4.25
23.91 23 2.22
23.91 25 -24.88
23.91 30 0.00
23.91 B1 6035.03 1159.95 
23.91 B3 1256.23 7619.19 
23.91 120 13 04 50
23.91 244 0.63
23.915 22 -4.13
23.915 23 2.26
23.915 25 -24.88
23.915 30 0.00
23.915 B1 5756.05 1167.96 
23.915 B3 1268.54 7802.46 
23.915 120 13 04 50
23.915 244 0.63
23.92 22 -4.02
23.92 23 2.30
23.92 25 -24.88
23.92 30 0.00
23.92 B1 5469.54 1176.58 
23.92 B3 1282.87 7985.57 
23.92 120 13 04 50
23.92 244 0.61
23.925 22 -3.91
23.925 23 2.36
23.925 25 -24.88
23.925 30 0.00
23.925 B1 5169.78 1180.76 
23.925 B3 1296.31 8164.92 
23.925 120 13 04 50
23.925 244 0.60
23.93 22 -3.81
23.93 23 2.42
23.93 25 -24.88
23.93 30 0.00
23.93 B1 4849.27 1181.90 
23.93 B3 1309.63 8339.32 
23.93 120 13 04 50
23.93 244 0.60
23.935 22 -3.72
23.935 23 2.54
23.935 25 -24.88
23.935 30 0.00
23.935 B1 4510.35 1184.86 
23.935 B3 1326.76 8513.56 
23.935 120 13 04 50
23.935 244 0.60
23.94 22 -3.65
23.94 23 2.71
23.94 25 -24.88
23.94 30 0.00
23.94 B1 4141.30 1188.32 
23.94 B3 1346.15 8687.65 
23.94 120 13 04 50
23.94 244 0.59
23.945 22 -3.63
23.945 23 2.98
23.945 25 -24.88
23.945 30 0.00
23.945 B1 3723.28 1190.47 
23.945 B3 1366.98 8860.37 
23.945 120 13 04 50
23.945 244 0.59
23.95 22 -3.68
23.95 23 3.38
23.95 25 -24.88
23.95 30 0.00
23.95 B1 3225.07 1193.06 
23.95 B3 1390.17 9031.74 
23.95 120 13 04 50
23.95 244 0.59
23.955 22 -3.81
23.955 23 4.04
23.955 25 -24.88
23.955 30 0.00
23.955 B1 2601.40 1196.25 
23.955 B3 1417.52 9202.96 
23.955 120 13 04 50
23.955 244 0.59
23.96 22 -3.84
23.96 23 4.59
23.96 25 -24.88
23.96 30 0.00
23.96 B1 1875.72 1199.19 
23.96 B3 1448.64 9372.82 
23.96 120 13 04 50
23.96 244 0.58
23.965 22 -2.30
23.965 23 3.39
23.965 25 -24.88
23.965 30 0.00
23.965 B1 1611.90 1201.53 
23.965 B3 1480.03 9541.34 
23.965 120 13 04 50
23.965 244 0.57
23.97 22 -1.99
23.97 23 2.39
23.97 25 -24.88
23.97 30 0.00
23.97 B1 1518.55 1200.69 
23.97 B3 1507.59 9707.31 
23.97 120 13 04 50
23.97 244 0.57
23.975 22 -1.76
23.975 23 2.01
23.975 25 -24.88
23.975 30 0.00
23.975 B1 1506.85 1198.76 
23.975 B3 1533.68 9871.93 
23.975 120 13 04 50
23.975 244 0.57
23.98 22 -1.69
23.98 23 1.96
23.98 25 -24.88
23.98 30 0.00
23.98 B1 1510.66 1197.38 
23.98 B3 1559.93 10036.39 
23.98 120 13 04 50
23.98 244 0.56
23.985 22 -3.23
23.985 23 4.44
23.985 25 -24.88
23.985 30 0.00
23.985 B1 1512.48 1199.31 
23.985 B3 1587.23 9770.33 
23.985 120 13 04 50
23.985 244 0.56
23.99 22 -3.02
23.99 23 4.34
23.99 25 -24.88
23.99 30 0.00
23.99 B1 1513.01 1209.38 
23.99 B3 1624.97 9489.56 
23.99 120 13 04 50
23.99 244 0.56
23.995 22 -2.86
23.995 23 4.33
23.995 25 -24.88
23.995 30 0.00
23.995 B1 1512.64 1220.45 
23.995 B3 1669.40 9187.66 
23.995 120 13 04 50
23.995 244 0.55
24 22 -2.71
24 23 3.84
24 25 -24.88
24 30 0.00
24 B1 1511.37 1277.09 
24 B3 1721.65 8864.14 
24 120 13 04 50
24 244 0.55
24.005 22 -2.61
24.005 23 3.90
24.005 25 -24.88
24.005 30 0.00
24.005 B1 1510.83 1316.04 
24.005 B3 1786.21 8521.17 
24.005 120 13 04 50
24.005 244 0.54
24.01 22 -2.50
24.01 23 3.92
24.01 25 -24.88
24.01 30 0.00
24.01 B1 1509.11 1348.15 
24.01 B3 1851.70 8158.10 
24.01 120 13 04 50
24.01 244 0.54
24.015 22 -2.35
24.015 23 3.77
24.015 25 -24.88
24.015 30 0.00
24.015 B1 1508.47 1406.89 
24.015 B3 1916.62 7778.46 
24.015 120 13 04 50
24.015 244 0.54
24.02 22 -2.03
24.02 23 3.06
24.02 25 -24.88
24.02 30 0.00
24.02 B1 1507.14 1586.33 
24.02 B3 1981.30 7381.86 
24.02 120 13 04 50
24.02 244 0.54
24.025 22 -1.95
24.025 23 3.09
24.025 25 -24.88
24.025 30 0.00
24.025 B1 1505.97 1765.58 
24.025 B3 2047.69 6970.57 
24.025 120 13 04 50
24.025 244 0.54
24.03 22 -1.87
24.03 23 2.92
24.03 25 -24.88
24.03 30 0.00
24.03 B1 1504.11 1943.30 
24.03 B3 2150.31 6544.67 
24.03 120 13 04 50
24.03 244 0.54
24.035 22 -1.77
24.035 23 2.63
24.035 25 -24.88
24.035 30 0.00
24.035 B1 1502.72 2120.82 
24.035 B3 2311.06 6107.81 
24.035 120 13 04 50
24.035 244 0.54
24.04 22 -1.71
24.04 23 2.63
24.04 25 -24.88
24.04 30 0.00
24.04 B1 1501.26 2298.15 
24.04 B3 2471.66 5661.41 
24.04 120 13 04 50
24.04 244 0.54
24.045 22 -0.17
24.045 23 3.57
24.045 25 -24.88
24.045 30 0.00
24.045 B1 1594.50 2475.28 
24.045 B3 2632.11 5210.07 
24.045 120 13 04 50
24.045 244 0.54
24.05 22 0.04
24.05 23 3.42
24.05 25 -24.88
24.05 30 0.00
24.05 B1 1694.36 2652.22 
24.05 B3 2792.42 4766.10 
24.05 120 13 04 50
24.05 244 0.54
24.055 22 0.07
24.055 23 3.47
24.055 25 -24.88
24.055 30 0.00
24.055 B1 1779.47 2828.95 
24.055 B3 2952.58 4321.44 
24.055 120 13 04 50
24.055 244 0.54
24.06 22 0.09
24.06 23 3.58
24.06 25 -24.88
24.06 30 0.00
24.06 B1 1853.65 3005.49 
24.06 B3 3112.60 3864.80 
24.06 120 13 04 50
24.06 244 0.53
24.065 22 0.11
24.065 23 3.79
24.065 25 -24.76
24.065 30 0.00
24.065 B1 1918.05 3180.51 
24.065 B3 3271.27 3375.10 
24.065 120 13 04 50
24.065 244 0.53
24.07 22 0.14
24.07 23 4.21
24.07 25 -24.76
24.07 30 0.00
24.07 B1 1976.74 3355.34 
24.07 B3 3429.80 2814.66 
24.07 120 13 04 50
24.07 244 0.53
24.075 22 0.17
24.075 23 5.10
24.075 25 -24.88
24.075 30 0.00
24.075 B1 2031.69 3529.97 
24.075 B3 3588.19 2098.16 
24.075 120 13 04 50
24.075 244 0.53
24.08 22 0.24
24.08 23 5.83
24.08 25 -24.88
24.08 30 0.00
24.08 B1 2085.44 3704.41 
24.08 B3 3746.43 1251.29 
24.08 120 13 04 50
24.08 244 0.53
24.085 22 0.36
24.085 23 1.85
24.085 25 -24.88
24.085 30 0.00
24.085 B1 2159.30 3878.65 
24.085 B3 3904.52 1115.35 
24.085 120 13 04 50
24.085 244 0.53
24.09 22 0.82
24.09 23 0.78
24.09 25 -24.88
24.09 30 0.00
24.09 B1 2335.27 4052.70 
24.09 B3 4062.47 1114.47 
24.09 120 13 04 50
24.09 244 0.53
24.095 22 0.76
24.095 23 0.75
24.095 25 -24.88
24.095 30 0.00
24.095 B1 2511.03 4226.56 
24.095 B3 4220.28 1116.52 
24.095 120 13 04 50
24.095 244 0.53
24.1 22 0.70
24.1 23 0.74
24.1 25 -24.76
24.1 30 0.00
24.1 B1 2686.61 4400.22 
24.1 B3 4377.94 1118.92 
24.1 120 13 04 50
24.1 244 0.53
24.105 22 0.64
24.105 23 0.72
24.105 25 -24.88
24.105 30 0.00
24.105 B1 2861.98 4573.69 
24.105 B3 4535.46 1121.60 
24.105 120 13 04 50
24.105 244 0.53
24.11 22 0.59
24.11 23 0.71
24.11 25 -24.88
24.11 30 0.00
24.11 B1 3037.16 4746.97 
24.11 B3 4692.83 1124.56 
24.11 120 13 04 50
24.11 244 0.53
24.115 22 0.54
24.115 23 0.69
24.115 25 -24.76
24.115 30 0.00
24.115 B1 3212.15 4920.05 
24.115 B3 4850.06 1127.79 
24.115 120 13 04 50
24.115 244 0.53
24.12 22 0.50
24.12 23 0.68
24.12 25 -24.76
24.12 30 0.00
24.12 B1 3386.94 5092.94 
24.12 B3 5007.15 1131.29 
24.12 120 13 04 50
24.12 244 0.53
24.125 22 0.45
24.125 23 0.67
24.125 25 -24.76
24.125 30 0.00
24.125 B1 3561.54 5265.64 
24.125 B3 5164.09 1135.04 
24.125 120 13 04 50
24.125 244 0.53
24.13 22 0.42
24.13 23 0.65
24.13 25 -24.76
24.13 30 0.00
24.13 B1 3735.94 5438.14 
24.13 B3 5320.90 1139.06 
24.13 120 13 04 50
24.13 244 0.53
24.135 22 -0.40
24.135 23 1.30
24.135 25 -24.76
24.135 30 0.00
24.135 B1 3910.15 5443.65 
24.135 B3 5477.55 1143.61 
24.135 120 13 04 50
24.135 244 0.53
24.14 22 -1.71
24.14 23 2.41
24.14 25 -24.76
24.14 30 0.00
24.14 B1 4082.84 5164.76 
24.14 B3 5632.87 1150.95 
24.14 120 13 04 50
24.14 244 0.53
24.145 22 -1.72
24.145 23 2.45
24.145 25 -24.76
24.145 30 0.00
24.145 B1 4256.66 4874.22 
24.145 B3 5789.24 1160.66 
24.145 120 13 04 50
24.145 244 0.53
24.15 22 -1.76
24.15 23 2.53
24.15 25 -24.88
24.15 30 0.00
24.15 B1 4430.29 4565.06 
24.15 B3 5945.47 1170.76 
24.15 120 13 04 50
24.15 244 0.53
24.155 22 -1.87
24.155 23 2.61
24.155 25 -24.88
24.155 30 0.00
24.155 B1 4603.73 4231.74 
24.155 B3 6101.56 1181.73 
24.155 120 13 04 50
24.155 244 0.53
24.16 22 -1.96
24.16 23 2.76
24.16 25 -24.76
24.16 30 0.00
24.16 B1 4776.97 3864.66 
24.16 B3 6257.50 1193.78 
24.16 120 13 04 50
24.16 244 0.53
24.165 22 -4.57
24.165 23 4.44
24.165 25 -24.76
24.165 30 0.00
24.165 B1 4622.94 3445.34 
24.165 B3 6412.11 1205.18 
24.165 120 13 04 50
24.165 244 0.53
24.17 22 -4.81
24.17 23 5.18
24.17 25 -24.88
24.17 30 0.00
24.17 B1 4424.32 2943.30 
24.17 B3 6566.58 1217.06 
24.17 120 13 04 50
24.17 244 0.52
24.175 22 -5.19
24.175 23 6.12
24.175 25 -24.88
24.175 30 0.00
24.175 B1 4188.07 2295.89 
24.175 B3 6719.71 1230.20 
24.175 120 13 04 50
24.175 244 0.52
24.18 22 -5.39
24.18 23 6.91
24.18 25 -24.88
24.18 30 0.00
24.18 B1 3908.59 1547.56 
24.18 B3 6872.69 1246.38 
24.18 120 13 04 50
24.18 244 0.52
24.185 22 -4.17
24.185 23 4.63
24.185 25 -24.88
24.185 30 0.00
24.185 B1 3578.08 1320.41 
24.185 B3 7025.54 1262.39 
24.185 120 13 04 50
24.185 244 0.52
24.19 22 -3.59
24.19 23 3.90
24.19 25 -24.88
24.19 30 0.00
24.19 B1 3203.00 1311.19 
24.19 B3 7178.25 1275.58 
24.19 120 13 04 50
24.19 244 0.52
24.195 22 -3.47
24.195 23 4.12
24.195 25 -24.88
24.195 30 0.00
24.195 B1 2792.34 1317.96 
24.195 B3 7330.82 1287.99 
24.195 120 13 04 50
24.195 244 0.52
24.2 22 -3.46
24.2 23 4.27
24.2 25 -24.88
24.2 30 0.00
24.2 B1 2363.48 1326.16 
24.2 B3 7483.25 1300.62 
24.2 120 13 04 50
24.2 244 0.52
24.205 22 -3.44
24.205 23 4.45
24.205 25 -24.88
24.205 30 0.00
24.205 B1 2018.40 1333.94 
24.205 B3 7522.53 1312.55 
24.205 120 13 04 50
24.205 244 0.52
24.21 22 -2.97
24.21 23 4.96
24.21 25 -24.88
24.21 30 0.00
24.21 B1 1893.32 1342.05 
24.21 B3 7282.40 1328.45 
24.21 120 13 04 50
24.21 244 0.52
24.215 22 -4.48
24.215 23 3.87
24.215 25 -24.88
24.215 30 0.00
24.215 B1 1705.62 1350.07 
24.215 B3 7029.04 1344.19 
24.215 120 13 04 50
24.215 244 0.52
24.22 22 -3.95
24.22 23 3.07
24.22 25 -24.88
24.22 30 0.00
24.22 B1 1710.77 1357.06 
24.22 B3 6767.81 1353.66 
24.22 120 13 04 50
24.22 244 0.52
24.225 22 -3.94
24.225 23 3.13
24.225 25 -24.88
24.225 30 0.00
24.225 B1 1721.89 1363.30 
24.225 B3 6493.95 1360.60 
24.225 120 13 04 50
24.225 244 0.52
24.23 22 -3.93
24.23 23 3.22
24.23 25 -24.88
24.23 30 0.00
24.23 B1 1733.96 1370.34 
24.23 B3 6208.13 1366.75 
24.23 120 13 04 50
24.23 244 0.52
24.235 22 -3.93
24.235 23 3.34
24.235 25 -24.88
24.235 30 0.00
24.235 B1 1746.82 1378.34 
24.235 B3 5910.23 1373.03 
24.235 120 13 04 50
24.235 244 0.52
24.24 22 -3.92
24.24 23 3.47
24.24 25 -24.88
24.24 30 0.00
24.24 B1 1759.45 1386.10 
24.24 B3 5596.74 1378.05 
24.24 120 13 04 50
24.24 244 0.52
24.245 22 -3.90
24.245 23 3.62
24.245 25 -24.88
24.245 30 0.00
24.245 B1 1772.36 1394.12 
24.245 B3 5263.91 1382.12 
24.245 120 13 04 50
24.245 244 0.52
24.25 22 -3.88
24.25 23 3.80
24.25 25 -24.88
24.25 30 0.00
24.25 B1 1785.66 1402.49 
24.25 B3 4906.01 1385.48 
24.25 120 13 04 50
24.25 244 0.52
24.255 22 -3.86
24.255 23 4.02
24.255 25 -24.88
24.255 30 0.00
24.255 B1 1799.48 1411.24 
24.255 B3 4514.35 1388.39 
24.255 120 13 04 50
24.255 244 0.52
24.26 22 -3.84
24.26 23 4.31
24.26 25 -24.88
24.26 30 0.00
24.26 B1 1814.01 1420.46 
24.26 B3 4075.74 1391.06 
24.26 120 13 04 50
24.26 244 0.52
24.265 22 -3.82
24.265 23 4.71
24.265 25 -24.88
24.265 30 0.00
24.265 B1 1829.52 1430.25 
24.265 B3 3571.02 1393.74 
24.265 120 13 04 50
24.265 244 0.52
24.27 22 -3.81
24.27 23 5.21
24.27 25 -24.88
24.27 30 0.00
24.27 B1 1846.33 1440.76 
24.27 B3 2980.95 1396.70 
24.27 120 13 04 50
24.27 244 0.52
24.275 22 -3.80
24.275 23 5.40
24.275 25 -24.88
24.275 30 0.00
24.275 B1 1864.31 1451.96 
24.275 B3 2361.43 1400.14 
24.275 120 13 04 50
24.275 244 0.52
24.28 22 -3.79
24.28 23 4.13
24.28 25 -24.88
24.28 30 0.00
24.28 B1 1880.65 1462.70 
24.28 B3 1978.98 1403.70 
24.28 120 13 04 50
24.28 244 0.52
24.285 22 -3.77
24.285 23 2.71
24.285 25 -24.88
24.285 30 0.00
24.285 B1 1892.55 1471.62 
24.285 B3 1863.08 1406.48 
24.285 120 13 04 50
24.285 244 0.52
24.29 22 -3.72
24.29 23 2.23
24.29 25 -24.76
24.29 30 0.00
24.29 B1 1901.93 1479.35 
24.29 B3 1839.92 1408.43 
24.29 120 13 04 50
24.29 244 0.52
24.295 22 -3.54
24.295 23 2.18
24.295 25 -24.88
24.295 30 0.00
24.295 B1 1910.89 1486.59 
24.295 B3 1840.29 1410.02 
24.295 120 13 04 50
24.295 244 0.52
24.3 22 -3.59
24.3 23 2.11
24.3 25 -24.88
24.3 30 0.00
24.3 B1 1919.42 1493.91 
24.3 B3 1846.74 1411.54 
24.3 120 13 04 50
24.3 244 0.52
24.305 22 -3.52
24.305 23 2.12
24.305 25 -24.88
24.305 30 0.00
24.305 B1 1928.48 1501.12 
24.305 B3 1854.99 1413.07 
24.305 120 13 04 50
24.305 244 0.52
24.31 22 -3.44
24.31 23 2.13
24.31 25 -24.88
24.31 30 0.00
24.31 B1 1937.89 1508.35 
24.31 B3 1863.92 1414.75 
24.31 120 13 04 50
24.31 244 0.52
24.315 22 -3.38
24.315 23 2.15
24.315 25 -24.88
24.315 30 0.00
24.315 B1 1947.63 1515.60 
24.315 B3 1873.23 1416.64 
24.315 120 13 04 50
24.315 244 0.52
24.32 22 -3.31
24.32 23 2.17
24.32 25 -24.88
24.32 30 0.00
24.32 B1 1957.70 1522.88 
24.32 B3 1882.82 1418.78 
24.32 120 13 04 50
24.32 244 0.52
24.325 22 -3.25
24.325 23 2.18
24.325 25 -24.88
24.325 30 0.00
24.325 B1 1968.11 1530.18 
24.325 B3 1892.66 1421.17 
24.325 120 13 04 50
24.325 244 0.52
24.33 22 -3.19
24.33 23 2.20
24.33 25 -24.76
24.33 30 0.00
24.33 B1 1978.85 1537.52 
24.33 B3 1902.70 1423.81 
24.33 120 13 04 50
24.33 244 0.52
24.335 22 -3.05
24.335 23 2.26
24.335 25 -24.76
24.335 30 0.00
24.335 B1 1990.97 1545.62 
24.335 B3 1913.77 1427.59 
24.335 120 13 04 50
24.335 244 0.52
24.34 22 -3.01
24.34 23 2.29
24.34 25 -24.88
24.34 30 0.00
24.34 B1 2002.59 1553.23 
24.34 B3 1924.49 1431.13 
24.34 120 13 04 50
24.34 244 0.52
24.345 22 -3.04
24.345 23 2.25
24.345 25 -24.88
24.345 30 0.00
24.345 B1 2013.28 1559.98 
24.345 B3 1934.31 1433.86 
24.345 120 13 04 50
24.345 244 0.52
24.35 22 -2.99
24.35 23 2.26
24.35 25 -24.76
24.35 30 0.00
24.35 B1 2025.01 1567.25 
24.35 B3 1944.65 1437.21 
24.35 120 13 04 50
24.35 244 0.52
24.355 22 -2.88
24.355 23 2.31
24.355 25 -24.76
24.355 30 0.00
24.355 B1 2038.32 1575.41 
24.355 B3 1956.09 1441.76 
24.355 120 13 04 50
24.355 244 0.52
24.36 22 -2.85
24.36 23 2.32
24.36 25 -24.88
24.36 30 0.00
24.36 B1 2050.23 1582.22 
24.36 B3 1966.23 1445.25 
24.36 120 13 04 50
24.36 244 0.52
24.365 22 -2.89
24.365 23 2.29
24.365 25 -24.88
24.365 30 0.00
24.365 B1 2062.48 1589.52 
24.365 B3 1976.66 1449.27 
24.365 120 13 04 50
24.365 244 0.52
24.37 22 -2.86
24.37 23 2.30
24.37 25 -24.88
24.37 30 0.00
24.37 B1 2075.19 1596.86 
24.37 B3 1987.16 1453.52 
24.37 120 13 04 50
24.37 244 0.52
24.375 22 -2.83
24.375 23 2.31
24.375 25 -24.88
24.375 30 0.00
24.375 B1 2088.11 1604.17 
24.375 B3 1997.60 1457.93 
24.375 120 13 04 50
24.375 244 0.52
24.38 22 -2.81
24.38 23 2.32
24.38 25 -24.88
24.38 30 0.00
24.38 B1 2101.10 1611.43 
24.38 B3 2007.93 1462.49 
24.38 120 13 04 50
24.38 244 0.52
24.385 22 -2.79
24.385 23 2.33
24.385 25 -24.88
24.385 30 0.00
24.385 B1 2114.07 1618.65 
24.385 B3 2018.08 1467.18 
24.385 120 13 04 50
24.385 244 0.52
24.39 22 -2.78
24.39 23 2.34
24.39 25 -24.76
24.39 30 0.00
24.39 B1 2126.94 1625.78 
24.39 B3 2028.00 1472.01 
24.39 120 13 04 50
24.39 244 0.52
24.395 22 -2.71
24.395 23 2.38
24.395 25 -24.76
24.395 30 0.00
24.395 B1 2140.84 1633.71 
24.395 B3 2038.60 1477.80 
24.395 120 13 04 50
24.395 244 0.52
24.4 22 -2.72
24.4 23 2.39
24.4 25 -24.88
24.4 30 0.00
24.4 B1 2153.80 1640.99 
24.4 B3 2048.46 1483.20 
24.4 120 13 04 50
24.4 244 0.52
24.405 22 -2.77
24.405 23 2.37
24.405 25 -24.88
24.405 30 0.00
24.405 B1 2164.90 1647.12 
24.405 B3 2056.84 1487.70 
24.405 120 13 04 50
24.405 244 0.52
24.41 22 -2.78
24.41 23 2.36
24.41 25 -24.88
24.41 30 0.00
24.41 B1 2176.07 1653.64 
24.41 B3 2065.22 1492.72 
24.41 120 13 04 50
24.41 244 0.52
24.415 22 -2.78
24.415 23 2.36
24.415 25 -24.88
24.415 30 0.00
24.415 B1 2186.95 1660.18 
24.415 B3 2073.41 1497.94 
24.415 120 13 04 50
24.415 244 0.52
24.42 22 -2.80
24.42 23 2.36
24.42 25 -24.88
24.42 30 0.00
24.42 B1 2197.35 1666.64 
24.42 B3 2081.31 1503.26 
24.42 120 13 04 50
24.42 244 0.52
24.425 22 -2.81
24.425 23 2.37
24.425 25 -24.88
24.425 30 0.00
24.425 B1 2207.14 1672.95 
24.425 B3 2088.88 1508.64 
24.425 120 13 04 50
24.425 244 0.52
24.43 22 -2.83
24.43 23 2.37
24.43 25 -24.88
24.43 30 0.00
24.43 B1 2217.32 1680.04 
24.43 B3 2097.05 1514.89 
24.43 120 13 04 50
24.43 244 0.52
24.435 22 -2.86
24.435 23 2.38
24.435 25 -24.88
24.435 30 0.00
24.435 B1 2226.30 1686.39 
24.435 B3 2104.42 1520.63 
24.435 120 13 04 50
24.435 244 0.52
24.44 22 -2.88
24.44 23 2.38
24.44 25 -24.88
24.44 30 0.00
24.44 B1 2233.22 1691.46 
24.44 B3 2110.28 1525.43 
24.44 120 13 04 50
24.44 244 0.52
24.445 22 -2.91
24.445 23 2.37
24.445 25 -24.88
24.445 30 0.00
24.445 B1 2239.74 1696.87 
24.445 B3 2116.13 1530.74 
24.445 120 13 04 50
24.445 244 0.52
24.45 22 -2.94
24.45 23 2.36
24.45 25 -24.88
24.45 30 0.00
24.45 B1 2245.71 1702.30 
24.45 B3 2121.82 1536.20 
24.45 120 13 04 50
24.45 244 0.52
24.455 22 -2.98
24.455 23 2.35
24.455 25 -24.76
24.455 30 0.00
24.455 B1 2251.07 1707.61 
24.455 B3 2127.32 1541.72 
24.455 120 13 04 50
24.455 244 0.52
24.46 22 -2.96
24.46 23 2.37
24.46 25 -24.76
24.46 30 0.00
24.46 B1 2256.04 1712.79 
24.46 B3 2132.61 1547.28 
24.46 120 13 04 50
24.46 244 0.52
24.465 22 -3.00
24.465 23 2.36
24.465 25 -24.76
24.465 30 0.00
24.465 B1 2260.30 1717.83 
24.465 B3 2137.69 1552.88 
24.465 120 13 04 50
24.465 244 0.52
24.47 22 -3.05
24.47 23 2.35
24.47 25 -24.76
24.47 30 0.00
24.47 B1 2263.98 1722.70 
24.47 B3 2142.58 1558.48 
24.47 120 13 04 50
24.47 244 0.52
24.475 22 -3.09
24.475 23 2.34
24.475 25 -24.88
24.475 30 0.00
24.475 B1 2267.18 1727.43 
24.475 B3 2147.31 1564.05 
24.475 120 13 04 50
24.475 244 0.52
24.48 22 -3.19
24.48 23 2.30
24.48 25 -24.88
24.48 30 0.00
24.48 B1 2269.78 1731.99 
24.48 B3 2151.92 1569.56 
24.48 120 13 04 50
24.48 244 0.52
24.485 22 -3.23
24.485 23 2.29
24.485 25 -24.88
24.485 30 0.00
24.485 B1 2273.28 1737.32 
24.485 B3 2157.38 1575.79 
24.485 120 13 04 50
24.485 244 0.52
24.49 22 -3.28
24.49 23 2.29
24.49 25 -24.88
24.49 30 0.00
24.49 B1 2276.12 1741.95 
24.49 B3 2162.31 1581.45 
24.49 120 13 04 50
24.49 244 0.52
24.495 22 -3.32
24.495 23 2.28
24.495 25 -24.76
24.495 30 0.00
24.495 B1 2278.59 1746.27 
24.495 B3 2166.97 1586.88 
24.495 120 13 04 50
24.495 244 0.52
24.5 22 -3.31
24.5 23 2.28
24.5 25 -24.76
24.5 30 0.00
24.5 B1 2280.04 1749.50 
24.5 B3 2170.52 1591.43 
24.5 120 13 04 50
24.5 244 0.52
24.505 22 -3.36
24.505 23 2.26
24.505 25 -24.88
24.505 30 0.00
24.505 B1 2281.75 1753.21 
24.505 B3 2174.44 1596.47 
24.505 120 13 04 50
24.505 244 0.52
24.51 22 -3.46
24.51 23 2.21
24.51 25 -24.88
24.51 30 0.00
24.51 B1 2283.38 1756.99 
24.51 B3 2178.56 1601.61 
24.51 120 13 04 50
24.51 244 0.52
24.515 22 -3.50
24.515 23 2.19
24.515 25 -24.88
24.515 30 0.00
24.515 B1 2285.30 1760.76 
24.515 B3 2182.81 1606.69 
24.515 120 13 04 50
24.515 244 0.52
24.52 22 -3.54
24.52 23 2.17
24.52 25 -24.88
24.52 30 0.00
24.52 B1 2287.43 1764.49 
24.52 B3 2187.14 1611.72 
24.52 120 13 04 50
24.52 244 0.52
24.525 22 -3.59
24.525 23 2.16
24.525 25 -24.88
24.525 30 0.00
24.525 B1 2289.72 1768.17 
24.525 B3 2191.54 1616.70 
24.525 120 13 04 50
24.525 244 0.52
24.53 22 -4.35
24.53 23 0.33
24.53 25 -24.88
24.53 30 0.00
24.53 B1 2294.09 1767.26 
24.53 B3 1991.74 1624.13 
24.53 120 13 04 50
24.53 244 0.52
24.535 22 -4.13
24.535 23 -0.03
24.535 25 -24.88
24.535 30 0.00
24.535 B1 2300.88 1762.00 
24.535 B3 1978.69 1634.53 
24.535 120 13 04 50
24.535 244 0.52
24.54 22 -3.97
24.54 23 -0.19
24.54 25 -24.88
24.54 30 0.00
24.54 B1 2306.13 1755.45 
24.54 B3 1984.21 1644.46 
24.54 120 13 04 50
24.54 244 0.52
24.545 22 -3.82
24.545 23 -0.26
24.545 25 -24.88
24.545 30 0.00
24.545 B1 2312.41 1749.33 
24.545 B3 1992.37 1655.80 
24.545 120 13 04 50
24.545 244 0.52
24.55 22 -4.33
24.55 23 -1.30
24.55 25 -24.76
24.55 30 0.00
24.55 B1 2318.30 1745.46 
24.55 B3 2002.05 1511.52 
24.55 120 13 04 50
24.55 244 0.52
24.555 22 -4.07
24.555 23 -1.85
24.555 25 -24.88
24.555 30 0.00
24.555 B1 2319.68 1741.46 
24.555 B3 2011.08 1512.30 
24.555 120 13 04 50
24.555 244 0.52
24.56 22 -3.99
24.56 23 -1.89
24.56 25 -24.76
24.56 30 0.00
24.56 B1 2319.79 1736.44 
24.56 B3 2020.06 1521.29 
24.56 120 13 04 50
24.56 244 0.52
24.565 22 -3.79
24.565 23 -1.82
24.565 25 -24.88
24.565 30 0.00
24.565 B1 2319.77 1731.36 
24.565 B3 2029.14 1531.29 
24.565 120 13 04 50
24.565 244 0.52
24.57 22 -3.73
24.57 23 -1.78
24.57 25 -24.88
24.57 30 0.00
24.57 B1 2319.26 1726.33 
24.57 B3 2038.60 1541.81 
24.57 120 13 04 50
24.57 244 0.52
24.575 22 -3.62
24.575 23 -1.73
24.575 25 -24.88
24.575 30 0.00
24.575 B1 2319.90 1722.32 
24.575 B3 2048.37 1553.21 
24.575 120 13 04 50
24.575 244 0.52
24.58 22 -3.52
24.58 23 -1.64
24.58 25 -24.88
24.58 30 0.00
24.58 B1 2320.21 1717.93 
24.58 B3 2057.52 1564.56 
24.58 120 13 04 50
24.58 244 0.52
24.585 22 -3.37
24.585 23 -0.69
24.585 25 -24.88
24.585 30 0.00
24.585 B1 2320.40 1714.46 
24.585 B3 2081.28 1575.82 
24.585 120 13 04 50
24.585 244 0.52
24.59 22 -3.32
24.59 23 -0.52
24.59 25 -24.88
24.59 30 0.00
24.59 B1 2319.62 1712.63 
24.59 B3 2094.52 1587.42 
24.59 120 13 04 50
24.59 244 0.52
24.595 22 -3.28
24.595 23 -0.45
24.595 25 -24.88
24.595 30 0.00
24.595 B1 2317.72 1710.55 
24.595 B3 2104.46 1598.30 
24.595 120 13 04 50
24.595 244 0.52
24.6 22 -3.25
24.6 23 -0.37
24.6 25 -24.88
24.6 30 0.00
24.6 B1 2316.15 1709.48 
24.6 B3 2114.62 1610.07 
24.6 120 13 04 50
24.6 244 0.52
24.605 22 -3.21
24.605 23 -0.29
24.605 25 -24.88
24.605 30 0.00
24.605 B1 2314.72 1708.88 
24.605 B3 2124.91 1622.23 
24.605 120 13 04 50
24.605 244 0.52
24.61 22 -3.19
24.61 23 -0.21
24.61 25 -24.88
24.61 30 0.00
24.61 B1 2313.31 1708.66 
24.61 B3 2135.35 1634.37 
24.61 120 13 04 50
24.61 244 0.52
24.615 22 -3.16
24.615 23 -0.14
24.615 25 -24.76
24.615 30 0.00
24.615 B1 2311.88 1708.77 
24.615 B3 2145.91 1646.75 
24.615 120 13 04 50
24.615 244 0.52
24.62 22 -3.07
24.62 23 -0.02
24.62 25 -24.88
24.62 30 0.00
24.62 B1 2311.72 1710.01 
24.62 B3 2157.35 1660.04 
24.62 120 13 04 50
24.62 244 0.52
24.625 22 -3.12
24.625 23 0.03
24.625 25 -24.88
24.625 30 0.00
24.625 B1 2310.73 1710.94 
24.625 B3 2168.79 1673.15 
24.625 120 13 04 50
24.625 244 0.52
24.63 22 -2.84
24.63 23 0.72
24.63 25 -24.88
24.63 30 0.00
24.63 B1 2311.33 1711.71 
24.63 B3 2179.17 1722.22 
24.63 120 13 04 50
24.63 244 0.52
24.635 22 -2.89
24.635 23 0.68
24.635 25 -24.88
24.635 30 0.00
24.635 B1 2313.50 1712.85 
24.635 B3 2189.53 1745.52 
24.635 120 13 04 50
24.635 244 0.52
24.64 22 -2.87
24.64 23 0.73
24.64 25 -24.88
24.64 30 0.00
24.64 B1 2316.08 1714.33 
24.64 B3 2199.83 1769.96 
24.64 120 13 04 50
24.64 244 0.52
24.645 22 -2.71
24.645 23 0.07
24.645 25 -24.88
24.645 30 0.00
24.645 B1 2312.94 1719.03 
24.645 B3 2301.10 1790.09 
24.645 120 13 04 50
24.645 244 0.52
24.65 22 -2.78
24.65 23 0.45
24.65 25 -24.76
24.65 30 0.00
24.65 B1 2301.70 1726.82 
24.65 B3 2393.22 1800.99 
24.65 120 13 04 50
24.65 244 0.53
24.655 22 -2.82
24.655 23 0.46
24.655 25 -24.88
24.655 30 0.00
24.655 B1 2291.15 1736.16 
24.655 B3 2479.34 1809.43 
24.655 120 13 04 50
24.655 244 0.52
24.66 22 -3.00
24.66 23 0.39
24.66 25 -24.76
24.66 30 0.00
24.66 B1 2279.06 1745.03 
24.66 B3 2558.57 1812.50 
24.66 120 13 04 50
24.66 244 0.52
24.665 22 -3.03
24.665 23 0.38
24.665 25 -24.88
24.665 30 0.00
24.665 B1 2268.62 1755.51 
24.665 B3 2633.33 1811.21 
24.665 120 13 04 50
24.665 244 0.52
24.67 22 -3.06
24.67 23 0.51
24.67 25 -24.88
24.67 30 0.00
24.67 B1 2259.86 1766.60 
24.67 B3 2756.23 1806.82 
24.67 120 13 04 50
24.67 244 0.52
24.675 22 -3.01
24.675 23 0.56
24.675 25 -24.88
24.675 30 0.00
24.675 B1 2257.06 1774.57 
24.675 B3 2912.84 1805.99 
24.675 120 13 04 50
24.675 244 0.52
24.68 22 -3.06
24.68 23 0.52
24.68 25 -24.88
24.68 30 0.00
24.68 B1 2256.34 1782.11 
24.68 B3 3069.30 1806.71 
24.68 120 13 04 50
24.68 244 0.52
24.685 22 -3.12
24.685 23 0.49
24.685 25 -24.76
24.685 30 0.00
24.685 B1 2256.56 1789.76 
24.685 B3 3225.62 1805.50 
24.685 120 13 04 50
24.685 244 0.52
24.69 22 -3.11
24.69 23 0.50
24.69 25 -24.88
24.69 30 0.00
24.69 B1 2257.60 1797.66 
24.69 B3 3381.80 1802.73 
24.69 120 13 04 50
24.69 244 0.52
24.695 22 -3.25
24.695 23 0.43
24.695 25 -24.88
24.695 30 0.00
24.695 B1 2258.49 1805.82 
24.695 B3 3537.84 1798.81 
24.695 120 13 04 50
24.695 244 0.52
24.7 22 -3.32
24.7 23 0.40
24.7 25 -24.88
24.7 30 0.00
24.7 B1 2259.85 1814.26 
24.7 B3 3693.73 1792.71 
24.7 120 13 04 50
24.7 244 0.53
24.705 22 -3.15
24.705 23 -0.58
24.705 25 -24.88
24.705 30 0.00
24.705 B1 2265.42 1818.96 
24.705 B3 3850.68 1880.44 
24.705 120 13 04 50
24.705 244 0.53
24.71 22 -2.99
24.71 23 -0.17
24.71 25 -24.88
24.71 30 0.00
24.71 B1 2273.74 1817.83 
24.71 B3 4007.48 1976.48 
24.71 120 13 04 50
24.71 244 0.53
24.715 22 -2.81
24.715 23 -0.07
24.715 25 -24.88
24.715 30 0.00
24.715 B1 2280.19 1818.80 
24.715 B3 4164.14 2134.99 
24.715 120 13 04 50
24.715 244 0.53
24.72 22 -2.83
24.72 23 -0.08
24.72 25 -24.88
24.72 30 0.00
24.72 B1 2285.12 1821.92 
24.72 B3 4320.66 2293.36 
24.72 120 13 04 50
24.72 244 0.53
24.725 22 -2.84
24.725 23 -0.09
24.725 25 -24.88
24.725 30 0.00
24.725 B1 2290.02 1825.11 
24.725 B3 4477.03 2451.59 
24.725 120 13 04 50
24.725 244 0.53
24.73 22 -2.84
24.73 23 -0.09
24.73 25 -24.88
24.73 30 0.00
24.73 B1 2295.00 1828.19 
24.73 B3 4633.26 2609.67 
24.73 120 13 04 50
24.73 244 0.53
24.735 22 -2.85
24.735 23 -0.09
24.735 25 -24.76
24.735 30 0.00
24.735 B1 2300.09 1831.09 
24.735 B3 4789.35 2767.61 
24.735 120 13 04 50
24.735 244 0.53
24.74 22 -2.79
24.74 23 -0.06
24.74 25 -24.88
24.74 30 0.00
24.74 B1 2305.60 1833.78 
24.74 B3 4945.30 2925.40 
24.74 120 13 04 50
24.74 244 0.52
24.745 22 -2.86
24.745 23 -0.10
24.745 25 -24.88
24.745 30 0.00
24.745 B1 2309.76 1835.26 
24.745 B3 5099.91 3081.85 
24.745 120 13 04 50
24.745 244 0.53
24.75 22 -2.87
24.75 23 -0.10
24.75 25 -24.88
24.75 30 0.00
24.75 B1 2315.69 1838.01 
24.75 B3 5255.57 3239.36 
24.75 120 13 04 50
24.75 244 0.53
24.755 22 -2.87
24.755 23 -0.10
24.755 25 -24.88
24.755 30 0.00
24.755 B1 2321.40 1840.14 
24.755 B3 5411.09 3396.72 
24.755 120 13 04 50
24.755 244 0.53
24.76 22 -2.88
24.76 23 -0.09
24.76 25 -24.88
24.76 30 0.00
24.76 B1 2327.08 1841.84 
24.76 B3 5566.47 3553.94 
24.76 120 13 04 50
24.76 244 0.53
24.765 22 -2.88
24.765 23 -0.09
24.765 25 -24.88
24.765 30 0.00
24.765 B1 2332.82 1843.19 
24.765 B3 5721.71 3711.01 
24.765 120 13 04 50
24.765 244 0.53
24.77 22 -2.88
24.77 23 -0.09
24.77 25 -24.88
24.77 30 0.00
24.77 B1 2338.63 1844.22 
24.77 B3 5876.80 3867.95 
24.77 120 13 04 50
24.77 244 0.52
24.775 22 -2.89
24.775 23 -0.09
24.775 25 -24.88
24.775 30 0.00
24.775 B1 2343.59 1843.97 
24.775 B3 6030.56 4023.54 
24.775 120 13 04 50
24.775 244 0.53
24.78 22 -2.89
24.78 23 -0.09
24.78 25 -24.88
24.78 30 0.00
24.78 B1 2350.11 1844.95 
24.78 B3 6185.37 4180.18 
24.78 120 13 04 50
24.78 244 0.53
24.785 22 -2.89
24.785 23 -0.08
24.785 25 -24.88
24.785 30 0.00
24.785 B1 2356.32 1845.31 
24.785 B3 6340.05 4336.69 
24.785 120 13 04 50
24.785 244 0.52
24.79 22 -2.89
24.79 23 -0.07
24.79 25 -24.88
24.79 30 0.00
24.79 B1 2361.52 1844.28 
24.79 B3 6493.38 4491.85 
24.79 120 13 04 50
24.79 244 0.52
24.795 22 -2.89
24.795 23 -0.07
24.795 25 -24.88
24.795 30 0.00
24.795 B1 2367.31 1843.48 
24.795 B3 6646.57 4646.87 
24.795 120 13 04 50
24.795 244 0.52
24.8 22 -2.88
24.8 23 -0.07
24.8 25 -24.88
24.8 30 0.00
24.8 B1 2373.33 1842.63 
24.8 B3 6799.63 4801.75 
24.8 120 13 04 50
24.8 244 0.53
24.805 22 -2.88
24.805 23 -0.06
24.805 25 -24.88
24.805 30 0.00
24.805 B1 2380.38 1842.59 
24.805 B3 6953.74 4957.69 
24.805 120 13 04 50
24.805 244 0.53
24.81 22 -2.88
24.81 23 -0.05
24.81 25 -24.88
24.81 30 0.00
24.81 B1 2386.93 1841.80 
24.81 B3 7107.71 5113.48 
24.81 120 13 04 50
24.81 244 0.53
24.815 22 -2.88
24.815 23 -0.04
24.815 25 -24.88
24.815 30 0.00
24.815 B1 2393.31 1840.57 
24.815 B3 7261.54 5269.13 
24.815 120 13 04 50
24.815 244 0.53
24.82 22 -2.88
24.82 23 -0.03
24.82 25 -24.88
24.82 30 0.00
24.82 B1 2399.64 1839.07 
24.82 B3 7415.23 5424.64 
24.82 120 13 04 50
24.82 244 0.53
24.825 22 -2.88
24.825 23 -0.02
24.825 25 -24.88
24.825 30 0.00
24.825 B1 2405.98 1837.35 
24.825 B3 7568.78 5580.01 
24.825 120 13 04 50
24.825 244 0.52
24.83 22 -2.87
24.83 23 -0.01
24.83 25 -24.88
24.83 30 0.00
24.83 B1 2411.37 1834.51 
24.83 B3 7721.00 5734.03 
24.83 120 13 04 50
24.83 244 0.53
24.835 22 -2.87
24.835 23 0.00
24.835 25 -24.88
24.835 30 0.00
24.835 B1 2418.28 1833.05 
24.835 B3 7874.27 5889.12 
24.835 120 13 04 50
24.835 244 0.52
24.84 22 -2.86
24.84 23 0.01
24.84 25 -24.88
24.84 30 0.00
24.84 B1 2423.88 1830.17 
24.84 B3 8026.20 6042.86 
24.84 120 13 04 50
24.84 244 0.52
24.845 22 -2.86
24.845 23 0.01
24.845 25 -24.88
24.845 30 0.00
24.845 B1 2429.92 1827.62 
24.845 B3 8178.00 6196.47 
24.845 120 13 04 50
24.845 244 0.52
24.85 22 -2.85
24.85 23 0.02
24.85 25 -24.88
24.85 30 0.00
24.85 B1 2436.10 1825.14 
24.85 B3 8329.66 6349.94 
24.85 120 13 04 50
24.85 244 0.52
24.855 22 -2.85
24.855 23 0.03
24.855 25 -24.88
24.855 30 0.00
24.855 B1 2442.34 1822.65 
24.855 B3 8481.18 6503.27 
24.855 120 13 04 50
24.855 244 0.53
24.86 22 -2.84
24.86 23 0.05
24.86 25 -24.88
24.86 30 0.00
24.86 B1 2449.55 1821.05 
24.86 B3 8633.76 6657.65 
24.86 120 13 04 50
24.86 244 0.53
24.865 22 -2.84
24.865 23 0.07
24.865 25 -24.88
24.865 30 0.00
24.865 B1 2456.21 1818.79 
24.865 B3 8786.20 6811.89 
24.865 120 13 04 50
24.865 244 0.53
24.87 22 -2.84
24.87 23 0.08
24.87 25 -24.88
24.87 30 0.00
24.87 B1 2462.63 1816.27 
24.87 B3 8938.50 6965.99 
24.87 120 13 04 50
24.87 244 0.52
24.875 22 -3.02
24.875 23 0.08
24.875 25 -24.88
24.875 30 0.00
24.875 B1 2453.31 1814.80 
24.875 B3 9089.41 7118.70 
24.875 120 13 04 50
24.875 244 0.52
24.88 22 -2.80
24.88 23 0.08
24.88 25 -24.88
24.88 30 0.00
24.88 B1 2469.07 1807.01 
24.88 B3 9240.18 7271.27 
24.88 120 13 04 50
24.88 244 0.53
24.885 22 -2.80
24.885 23 0.11
24.885 25 -24.88
24.885 30 0.00
24.885 B1 2478.61 1805.33 
24.885 B3 9392.01 7424.89 
24.885 120 13 04 50
24.885 244 0.53
24.89 22 -2.81
24.89 23 0.14
24.89 25 -24.88
24.89 30 0.00
24.89 B1 2485.53 1802.50 
24.89 B3 9543.70 7578.38 
24.89 120 13 04 50
24.89 244 0.53
24.895 22 -2.81
24.895 23 0.16
24.895 25 -24.88
24.895 30 0.00
24.895 B1 2491.83 1799.64 
24.895 B3 9695.26 7731.73 
24.895 120 13 04 50
24.895 244 0.53
24.9 22 -2.80
24.9 23 0.18
24.9 25 -24.88
24.9 30 0.00
24.9 B1 2497.95 1796.78 
24.9 B3 9846.67 7884.94 
24.9 120 13 04 50
24.9 244 0.53
24.905 22 -2.80
24.905 23 0.19
24.905 25 -24.88
24.905 30 0.00
24.905 B1 2503.96 1793.90 
24.905 B3 9997.95 8038.00 
24.905 120 13 04 50
24.905 244 0.53
24.91 22 -2.79
24.91 23 0.21
24.91 25 -24.88
24.91 30 0.00
24.91 B1 2509.89 1791.00 
24.91 B3 10149.09 8190.93 
24.91 120 13 04 50
24.91 244 0.53
24.915 22 -2.79
24.915 23 0.23
24.915 25 -24.88
24.915 30 0.00
24.915 B1 2515.75 1788.07 
24.915 B3 10300.09 8343.72 
24.915 120 13 04 50
24.915 244 0.53
24.92 22 -2.79
24.92 23 0.24
24.92 25 -24.76
24.92 30 0.00
24.92 B1 2521.51 1785.12 
24.92 B3 10450.95 8496.37 
24.92 120 13 04 50
24.92 244 0.53
24.925 22 -2.72
24.925 23 0.29
24.925 25 -24.88
24.925 30 0.00
24.925 B1 2527.62 1782.13 
24.925 B3 10601.68 8648.88 
24.925 120 13 04 50
24.925 244 0.53
24.93 22 -2.79
24.93 23 0.28
24.93 25 -24.76
24.93 30 0.00
24.93 B1 2532.79 1779.18 
24.93 B3 10752.27 8801.25 
24.93 120 13 04 50
24.93 244 0.53
24.935 22 -2.72
24.935 23 0.33
24.935 25 -24.76
24.935 30 0.00
24.935 B1 2538.59 1776.13 
24.935 B3 10902.72 8953.48 
24.935 120 13 04 50
24.935 244 0.53
24.94 22 -2.73
24.94 23 0.35
24.94 25 -24.76
24.94 30 0.00
24.94 B1 2543.97 1773.09 
24.94 B3 11053.03 9105.57 
24.94 120 13 04 50
24.94 244 0.53
24.945 22 -14.67
24.945 23 6.84
24.945 25 -24.76
24.945 30 0.00
24.945 B1 2549.13 1770.01 
24.945 B3 10609.16 8703.81 
24.945 120 13 04 50
24.945 244 0.53
24.95 22 -14.77
24.95 23 7.12
24.95 25 -24.88
24.95 30 0.00
24.95 B1 2549.55 1797.88 
24.95 B3 10120.11 8277.72 
24.95 120 13 04 50
24.95 244 0.52
24.955 22 -14.22
24.955 23 7.31
24.955 25 -24.88
24.955 30 0.00
24.955 B1 2546.48 1821.41 
24.955 B3 9626.92 7818.38 
24.955 120 13 04 50
24.955 244 0.53
24.96 22 -13.23
24.96 23 7.47
24.96 25 -24.76
24.96 30 0.00
24.96 B1 2546.31 1847.94 
24.96 B3 9129.07 7333.07 
24.96 120 13 04 50
24.96 244 0.52
24.965 22 -11.85
24.965 23 7.58
24.965 25 -24.88
24.965 30 0.00
24.965 B1 2546.22 1870.71 
24.965 B3 8620.30 6843.37 
24.965 120 13 04 50
24.965 244 0.52
24.97 22 -10.72
24.97 23 7.68
24.97 25 -24.88
24.97 30 0.00
24.97 B1 2548.08 1893.41 
24.97 B3 8096.40 6342.73 
24.97 120 13 04 50
24.97 244 0.52
24.975 22 -9.71
24.975 23 7.91
24.975 25 -24.88
24.975 30 0.00
24.975 B1 2552.63 1914.84 
24.975 B3 7549.96 5820.61 
24.975 120 13 04 50
24.975 244 0.52
24.98 22 -8.87
24.98 23 8.28
24.98 25 -24.88
24.98 30 0.00
24.98 B1 2559.50 1935.50 
24.98 B3 6970.38 5261.72 
24.98 120 13 04 50
24.98 244 0.53
24.985 22 -8.20
24.985 23 8.87
24.985 25 -24.88
24.985 30 0.00
24.985 B1 2569.84 1957.19 
24.985 B3 6343.34 4643.38 
24.985 120 13 04 50
24.985 244 0.53
24.99 22 -7.66
24.99 23 9.81
24.99 25 -24.88
24.99 30 0.00
24.99 B1 2581.47 1977.78 
24.99 B3 5644.18 3924.62 
24.99 120 13 04 50
24.99 244 0.53
24.995 22 -7.22
24.995 23 11.27
24.995 25 -24.88
24.995 30 0.00
24.995 B1 2595.10 1999.54 
24.995 B3 4841.42 3037.36 
24.995 120 13 04 50
24.995 244 0.53
25 22 -6.78
25 23 12.95
25 25 -24.88
25 30 0.00
25 B1 2611.37 2023.49 
25 B3 3912.84 1963.31 
25 120 13 04 50
25 244 0.52
25.005 22 -6.54
25.005 23 8.88
25.005 25 -24.88
25.005 30 0.00
25.005 B1 2629.45 2048.54 
25.005 B3 2895.35 1693.39 
25.005 120 13 04 50
25.005 244 0.52
25.01 22 -6.53
25.01 23 3.40
25.01 25 -24.88
25.01 30 0.00
25.01 B1 2649.97 2065.64 
25.01 B3 2329.49 1965.64 
25.01 120 13 04 50
25.01 244 0.52
25.015 22 -6.43
25.015 23 2.33
25.015 25 -24.88
25.015 30 0.00
25.015 B1 2665.43 2073.21 
25.015 B3 2472.21 1739.85 
25.015 120 13 04 50
25.015 244 0.52
25.02 22 -6.09
25.02 23 0.94
25.02 25 -24.88
25.02 30 0.00
25.02 B1 2671.46 2081.31 
25.02 B3 2445.98 1935.81 
25.02 120 13 04 50
25.02 244 0.52
25.025 22 -5.89
25.025 23 2.55
25.025 25 -24.88
25.025 30 0.00
25.025 B1 2676.08 2085.46 
25.025 B3 2462.48 1806.79 
25.025 120 13 04 50
25.025 244 0.52
25.03 22 -5.67
25.03 23 1.27
25.03 25 -24.88
25.03 30 0.00
25.03 B1 2680.20 2092.81 
25.03 B3 2472.06 1907.00 
25.03 120 13 04 50
25.03 244 0.52
25.035 22 -5.52
25.035 23 2.09
25.035 25 -24.76
25.035 30 0.00
25.035 B1 2684.19 2097.46 
25.035 B3 2482.63 1861.19 
25.035 120 13 04 50
25.035 244 0.53
25.04 22 -5.30
25.04 23 1.63
25.04 25 -24.88
25.04 30 0.00
25.04 B1 2690.17 2105.01 
25.04 B3 2495.89 1899.35 
25.04 120 13 04 50
25.04 244 0.52
25.045 22 -5.26
25.045 23 1.83
25.045 25 -24.88
25.045 30 0.00
25.045 B1 2693.19 2108.68 
25.045 B3 2507.11 1894.69 
25.045 120 13 04 50
25.045 244 0.52
25.05 22 -5.15
25.05 23 1.68
25.05 25 -24.88
25.05 30 0.00
25.05 B1 2697.28 2113.93 
25.05 B3 2520.49 1909.33 
25.05 120 13 04 50
25.05 244 0.52
25.055 22 -5.06
25.055 23 1.69
25.055 25 -24.88
25.055 30 0.00
25.055 B1 2701.76 2118.91 
25.055 B3 2534.55 1918.00 
25.055 120 13 04 50
25.055 244 0.52
25.06 22 -4.98
25.06 23 1.66
25.06 25 -24.88
25.06 30 0.00
25.06 B1 2706.47 2123.82 
25.06 B3 2549.38 1928.97 
25.06 120 13 04 50
25.06 244 0.52
25.065 22 -4.91
25.065 23 1.63
25.065 25 -24.88
25.065 30 0.00
25.065 B1 2710.03 2127.27 
25.065 B3 2563.78 1938.99 
25.065 120 13 04 50
25.065 244 0.52
25.07 22 -4.84
25.07 23 1.59
25.07 25 -24.88
25.07 30 0.00
25.07 B1 2715.92 2133.09 
25.07 B3 2580.97 1952.03 
25.07 120 13 04 50
25.07 244 0.52
25.075 22 -4.79
25.075 23 1.58
25.075 25 -24.88
25.075 30 0.00
25.075 B1 2719.98 2136.37 
25.075 B3 2597.03 1963.30 
25.075 120 13 04 50
25.075 244 0.52
25.08 22 -4.74
25.08 23 1.54
25.08 25 -24.88
25.08 30 0.00
25.08 B1 2724.87 2140.60 
25.08 B3 2614.39 1976.24 
25.08 120 13 04 50
25.08 244 0.52
25.085 22 -4.70
25.085 23 1.52
25.085 25 -24.88
25.085 30 0.00
25.085 B1 2730.07 2144.81 
25.085 B3 2632.55 1989.85 
25.085 120 13 04 50
25.085 244 0.52
25.09 22 -4.66
25.09 23 1.50
25.09 25 -24.88
25.09 30 0.00
25.09 B1 2735.45 2148.90 
25.09 B3 2651.32 2004.02 
25.09 120 13 04 50
25.09 244 0.52
25.095 22 -4.63
25.095 23 1.48
25.095 25 -24.88
25.095 30 0.00
25.095 B1 2740.96 2152.87 
25.095 B3 2670.61 2018.73 
25.095 120 13 04 50
25.095 244 0.52
25.1 22 -4.61
25.1 23 1.46
25.1 25 -24.88
25.1 30 0.00
25.1 B1 2746.56 2156.71 
25.1 B3 2690.28 2033.87 
25.1 120 13 04 50
25.1 244 0.52
25.105 22 -4.58
25.105 23 1.44
25.105 25 -24.88
25.105 30 0.00
25.105 B1 2752.27 2160.44 
25.105 B3 2710.22 2049.35 
25.105 120 13 04 50
25.105 244 0.52
25.11 22 -4.57
25.11 23 1.43
25.11 25 -24.88
25.11 30 0.00
25.11 B1 2758.07 2164.07 
25.11 B3 2730.28 2065.03 
25.11 120 13 04 50
25.11 244 0.52
25.115 22 -4.56
25.115 23 1.42
25.115 25 -24.88
25.115 30 0.00
25.115 B1 2763.96 2167.58 
25.115 B3 2750.27 2080.72 
25.115 120 13 04 50
25.115 244 0.52
25.12 22 -4.55
25.12 23 1.41
25.12 25 -24.88
25.12 30 0.00
25.12 B1 2769.93 2171.00 
25.12 B3 2770.04 2096.26 
25.12 120 13 04 50
25.12 244 0.52
25.125 22 -4.55
25.125 23 1.41
25.125 25 -24.88
25.125 30 0.00
25.125 B1 2777.30 2175.64 
25.125 B3 2790.56 2112.58 
25.125 120 13 04 50
25.125 244 0.52
25.13 22 -4.56
25.13 23 1.42
25.13 25 -24.88
25.13 30 0.00
25.13 B1 2783.86 2179.10 
25.13 B3 2809.99 2127.73 
25.13 120 13 04 50
25.13 244 0.52
25.135 22 -4.58
25.135 23 1.43
25.135 25 -24.76
25.135 30 0.00
25.135 B1 2790.22 2182.34 
25.135 B3 2828.32 2141.72 
25.135 120 13 04 50
25.135 244 0.52
25.14 22 -4.52
25.14 23 1.47
25.14 25 -24.76
25.14 30 0.00
25.14 B1 2795.74 2184.31 
25.14 B3 2844.25 2153.26 
25.14 120 13 04 50
25.14 244 0.52
25.145 22 -4.55
25.145 23 1.46
25.145 25 -24.88
25.145 30 0.00
25.145 B1 2801.76 2187.25 
25.145 B3 2859.23 2163.91 
25.145 120 13 04 50
25.145 244 0.52
25.15 22 -4.65
25.15 23 1.43
25.15 25 -24.88
25.15 30 0.00
25.15 B1 2807.46 2190.19 
25.15 B3 2872.96 2173.21 
25.15 120 13 04 50
25.15 244 0.52
25.155 22 -4.68
25.155 23 1.43
25.155 25 -24.88
25.155 30 0.00
25.155 B1 2813.67 2193.19 
25.155 B3 2885.26 2180.85 
25.155 120 13 04 50
25.155 244 0.52
25.16 22 -4.72
25.16 23 1.45
25.16 25 -24.88
25.16 30 0.00
25.16 B1 2821.36 2197.50 
25.16 B3 2897.17 2187.85 
25.16 120 13 04 50
25.16 244 0.52
25.165 22 -4.77
25.165 23 1.47
25.165 25 -24.76
25.165 30 0.00
25.165 B1 2826.91 2199.41 
25.165 B3 2905.83 2191.32 
25.165 120 13 04 50
25.165 244 0.52
25.17 22 -4.75
25.17 23 1.51
25.17 25 -24.88
25.17 30 0.00
25.17 B1 2833.60 2202.38 
25.17 B3 2912.95 2193.14 
25.17 120 13 04 50
25.17 244 0.52
25.175 22 -4.88
25.175 23 1.48
25.175 25 -24.88
25.175 30 0.00
25.175 B1 2839.57 2205.32 
25.175 B3 2918.49 2193.42 
25.175 120 13 04 50
25.175 244 0.52
25.18 22 -4.94
25.18 23 1.49
25.18 25 -24.88
25.18 30 0.00
25.18 B1 2845.87 2208.37 
25.18 B3 2922.53 2192.15 
25.18 120 13 04 50
25.18 244 0.52
25.185 22 -5.01
25.185 23 1.50
25.185 25 -24.76
25.185 30 0.00
25.185 B1 2853.57 2212.78 
25.185 B3 2926.36 2190.77 
25.185 120 13 04 50
25.185 244 0.52
25.19 22 -5.01
25.19 23 1.56
25.19 25 -24.76
25.19 30 0.00
25.19 B1 2860.93 2216.27 
25.19 B3 2928.51 2187.80 
25.19 120 13 04 50
25.19 244 0.52
25.195 22 -5.08
25.195 23 1.57
25.195 25 -24.76
25.195 30 0.00
25.195 B1 2867.55 2219.57 
25.195 B3 2929.30 2183.83 
25.195 120 13 04 50
25.195 244 0.52
25.2 22 -5.16
25.2 23 1.57
25.2 25 -24.88
25.2 30 0.00
25.2 B1 2873.93 2222.90 
25.2 B3 2929.00 2179.21 
25.2 120 13 04 50
25.2 244 0.52
25.205 22 -5.31
25.205 23 1.53
25.205 25 -24.88
25.205 30 0.00
25.205 B1 2879.65 2226.12 
25.205 B3 2927.87 2174.26 
25.205 120 13 04 50
25.205 244 0.52
25.21 22 -5.38
25.21 23 1.53
25.21 25 -24.88
25.21 30 0.00
25.21 B1 2885.71 2229.47 
25.21 B3 2926.13 2169.14 
25.21 120 13 04 50
25.21 244 0.52
25.215 22 -5.45
25.215 23 1.53
25.215 25 -24.88
25.215 30 0.00
25.215 B1 2891.83 2232.90 
25.215 B3 2924.02 2164.13 
25.215 120 13 04 50
25.215 244 0.52
25.22 22 -5.53
25.22 23 1.52
25.22 25 -24.88
25.22 30 0.00
25.22 B1 2897.90 2236.37 
25.22 B3 2921.68 2159.39 
25.22 120 13 04 50
25.22 244 0.52
25.225 22 -5.60
25.225 23 1.51
25.225 25 -24.88
25.225 30 0.00
25.225 B1 2903.90 2239.90 
25.225 B3 2919.26 2155.06 
25.225 120 13 04 50
25.225 244 0.52
25.23 22 -5.67
25.23 23 1.51
25.23 25 -24.88
25.23 30 0.00
25.23 B1 2909.82 2243.50 
25.23 B3 2916.91 2151.22 
25.23 120 13 04 50
25.23 244 0.52
25.235 22 -5.74
25.235 23 1.50
25.235 25 -24.88
25.235 30 0.00
25.235 B1 2915.63 2247.13 
25.235 B3 2914.69 2147.91 
25.235 120 13 04 50
25.235 244 0.53
25.24 22 -5.80
25.24 23 1.49
25.24 25 -24.88
25.24 30 0.00
25.24 B1 2922.68 2252.15 
25.24 B3 2913.89 2146.33 
25.24 120 13 04 50
25.24 244 0.53
25.245 22 -5.87
25.245 23 1.50
25.245 25 -24.88
25.245 30 0.00
25.245 B1 2928.79 2256.12 
25.245 B3 2912.83 2144.58 
25.245 120 13 04 50
25.245 244 0.53
25.25 22 -5.93
25.25 23 1.50
25.25 25 -24.76
25.25 30 0.00
25.25 B1 2934.52 2259.97 
25.25 B3 2911.80 2143.08 
25.25 120 13 04 50
25.25 244 0.52
25.255 22 -5.91
25.255 23 1.53
25.255 25 -24.88
25.255 30 0.00
25.255 B1 2939.27 2262.70 
25.255 B3 2909.73 2140.79 
25.255 120 13 04 50
25.255 244 0.52
25.26 22 -6.03
25.26 23 1.47
25.26 25 -24.76
25.26 30 0.00
25.26 B1 2943.81 2266.33 
25.26 B3 2908.46 2139.84 
25.26 120 13 04 50
25.26 244 0.52
25.265 22 -6.01
25.265 23 1.49
25.265 25 -24.88
25.265 30 0.00
25.265 B1 2949.32 2270.40 
25.265 B3 2907.80 2139.54 
25.265 120 13 04 50
25.265 244 0.52
25.27 22 -6.12
25.27 23 1.44
25.27 25 -24.88
25.27 30 0.00
25.27 B1 2954.02 2274.28 
25.27 B3 2907.61 2139.84 
25.27 120 13 04 50
25.27 244 0.52
25.275 22 -6.16
25.275 23 1.43
25.275 25 -24.88
25.275 30 0.00
25.275 B1 2958.96 2278.28 
25.275 B3 2907.83 2140.48 
25.275 120 13 04 50
25.275 244 0.52
25.28 22 -6.19
25.28 23 1.42
25.28 25 -24.88
25.28 30 0.00
25.28 B1 2963.96 2282.33 
25.28 B3 2908.44 2141.47 
25.28 120 13 04 50
25.28 244 0.53
25.285 22 -6.23
25.285 23 1.42
25.285 25 -24.76
25.285 30 0.00
25.285 B1 2970.25 2287.74 
25.285 B3 2910.59 2144.00 
25.285 120 13 04 50
25.285 244 0.52
25.29 22 -6.19
25.29 23 1.46
25.29 25 -24.76
25.29 30 0.00
25.29 B1 2974.89 2290.92 
25.29 B3 2911.27 2144.79 
25.29 120 13 04 50
25.29 244 0.52
25.295 22 -6.21
25.295 23 1.45
25.295 25 -24.76
25.295 30 0.00
25.295 B1 2979.61 2294.97 
25.295 B3 2912.56 2146.65 
25.295 120 13 04 50
25.295 244 0.52
25.3 22 -6.23
25.3 23 1.43
25.3 25 -24.88
25.3 30 0.00
25.3 B1 2984.33 2299.17 
25.3 B3 2914.32 2148.97 
25.3 120 13 04 50
25.3 244 0.53
25.305 22 -6.33
25.305 23 1.39
25.305 25 -24.88
25.305 30 0.00
25.305 B1 2989.80 2304.53 
25.305 B3 2917.60 2152.78 
25.305 120 13 04 50
25.305 244 0.53
25.31 22 -6.34
25.31 23 1.40
25.31 25 -24.88
25.31 30 0.00
25.31 B1 2994.85 2308.93 
25.31 B3 2920.59 2155.81 
25.31 120 13 04 50
25.31 244 0.52
25.315 22 -6.36
25.315 23 1.40
25.315 25 -24.76
25.315 30 0.00
25.315 B1 2998.42 2311.88 
25.315 B3 2922.40 2157.62 
25.315 120 13 04 50
25.315 244 0.52
25.32 22 -6.29
25.32 23 1.41
25.32 25 -24.76
25.32 30 0.00
25.32 B1 3003.23 2316.09 
25.32 B3 2924.95 2160.47 
25.32 120 13 04 50
25.32 244 0.52
25.325 22 -6.30
25.325 23 1.40
25.325 25 -24.88
25.325 30 0.00
25.325 B1 3007.88 2320.34 
25.325 B3 2927.95 2163.83 
25.325 120 13 04 50
25.325 244 0.52
25.33 22 -6.38
25.33 23 1.36
25.33 25 -24.88
25.33 30 0.00
25.33 B1 3011.96 2324.43 
25.33 B3 2931.29 2167.41 
25.33 120 13 04 50
25.33 244 0.52
25.335 22 -6.38
25.335 23 1.35
25.335 25 -24.88
25.335 30 0.00
25.335 B1 3016.39 2328.61 
25.335 B3 2934.90 2171.03 
25.335 120 13 04 50
25.335 244 0.52
25.34 22 -6.39
25.34 23 1.35
25.34 25 -24.88
25.34 30 0.00
25.34 B1 3020.95 2332.81 
25.34 B3 2938.74 2174.77 
25.34 120 13 04 50
25.34 244 0.53
25.345 22 -6.39
25.345 23 1.34
25.345 25 -24.88
25.345 30 0.00
25.345 B1 3026.88 2338.33 
25.345 B3 2943.98 2179.81 
25.345 120 13 04 50
25.345 244 0.52
25.35 22 -6.39
25.35 23 1.35
25.35 25 -24.88
25.35 30 0.00
25.35 B1 3030.70 2341.44 
25.35 B3 2947.58 2182.88 
25.35 120 13 04 50
25.35 244 0.52
25.355 22 -6.39
25.355 23 1.34
25.355 25 -24.88
25.355 30 0.00
25.355 B1 3035.03 2345.45 
25.355 B3 2951.72 2186.75 
25.355 120 13 04 50
25.355 244 0.52
25.36 22 -6.39
25.36 23 1.33
25.36 25 -24.88
25.36 30 0.00
25.36 B1 3039.54 2349.59 
25.36 B3 2956.17 2190.87 
25.36 120 13 04 50
25.36 244 0.52
25.365 22 -6.39
25.365 23 1.32
25.365 25 -24.88
25.365 30 0.00
25.365 B1 3044.12 2353.73 
25.365 B3 2960.85 2195.11 
25.365 120 13 04 50
25.365 244 0.52
25.37 22 -6.39
25.37 23 1.31
25.37 25 -24.76
25.37 30 0.00
25.37 B1 3048.72 2357.86 
25.37 B3 2965.70 2199.44 
25.37 120 13 04 50
25.37 244 0.52
25.375 22 -6.32
25.375 23 1.35
25.375 25 -24.76
25.375 30 0.00
25.375 B1 3053.87 2362.17 
25.375 B3 2970.69 2203.82 
25.375 120 13 04 50
25.375 244 0.52
25.38 22 -6.33
25.38 23 1.34
25.38 25 -24.76
25.38 30 0.00
25.38 B1 3058.62 2366.34 
25.38 B3 2975.81 2208.40 
25.38 120 13 04 50
25.38 244 0.52
25.385 22 -6.33
25.385 23 1.33
25.385 25 -24.88
25.385 30 0.00
25.385 B1 3063.23 2370.46 
25.385 B3 2981.03 2213.05 
25.385 120 13 04 50
25.385 244 0.52
25.39 22 -6.40
25.39 23 1.29
25.39 25 -24.88
25.39 30 0.00
25.39 B1 3067.26 2374.37 
25.39 B3 2986.35 2217.74 
25.39 120 13 04 50
25.39 244 0.52
25.395 22 -6.40
25.395 23 1.29
25.395 25 -24.88
25.395 30 0.00
25.395 B1 3071.68 2378.36 
25.395 B3 2991.79 2222.32 
25.395 120 13 04 50
25.395 244 0.52
25.4 22 -6.40
25.4 23 1.28
25.4 25 -24.88
25.4 30 0.00
25.4 B1 3076.26 2382.36 
25.4 B3 2997.32 2226.91 
25.4 120 13 04 50
25.4 244 0.52
25.405 22 -6.41
25.405 23 1.27
25.405 25 -24.76
25.405 30 0.00
25.405 B1 3080.89 2386.34 
25.405 B3 3002.91 2231.50 
25.405 120 13 04 50
25.405 244 0.52
25.41 22 -6.34
25.41 23 1.31
25.41 25 -24.76
25.41 30 0.00
25.41 B1 3086.10 2390.48 
25.41 B3 3008.57 2236.11 
25.41 120 13 04 50
25.41 244 0.53
25.415 22 -6.35
25.415 23 1.30
25.415 25 -24.76
25.415 30 0.00
25.415 B1 3092.23 2395.81 
25.415 B3 3015.46 2242.03 
25.415 120 13 04 50
25.415 244 0.53
25.42 22 -6.36
25.42 23 1.31
25.42 25 -24.76
25.42 30 0.00
25.42 B1 3097.44 2400.03 
25.42 B3 3021.80 2247.14 
25.42 120 13 04 50
25.42 244 0.52
25.425 22 -6.37
25.425 23 1.31
25.425 25 -24.76
25.425 30 0.00
25.425 B1 3101.00 2402.72 
25.425 B3 3026.69 2250.82 
25.425 120 13 04 50
25.425 244 0.52
25.43 22 -6.37
25.43 23 1.29
25.43 25 -24.88
25.43 30 0.00
25.43 B1 3105.20 2406.39 
25.43 B3 3032.09 2255.27 
25.43 120 13 04 50
25.43 244 0.52
25.435 22 -6.45
25.435 23 1.24
25.435 25 -24.88
25.435 30 0.00
25.435 B1 3109.13 2410.02 
25.435 B3 3037.73 2259.91 
25.435 120 13 04 50
25.435 244 0.53
25.44 22 -6.46
25.44 23 1.23
25.44 25 -24.88
25.44 30 0.00
25.44 B1 3114.88 2415.10 
25.44 B3 3044.68 2265.64 
25.44 120 13 04 50
25.44 244 0.52
25.445 22 -6.47
25.445 23 1.25
25.445 25 -24.88
25.445 30 0.00
25.445 B1 3118.73 2417.82 
25.445 B3 3049.91 2269.30 
25.445 120 13 04 50
25.445 244 0.53
25.45 22 -6.47
25.45 23 1.23
25.45 25 -24.88
25.45 30 0.00
25.45 B1 3124.46 2422.69 
25.45 B3 3056.66 2274.72 
25.45 120 13 04 50
25.45 244 0.53
25.455 22 -6.48
25.455 23 1.24
25.455 25 -24.88
25.455 30 0.00
25.455 B1 3129.63 2426.66 
25.455 B3 3062.96 2279.45 
25.455 120 13 04 50
25.455 244 0.53
25.46 22 -6.50
25.46 23 1.24
25.46 25 -24.88
25.46 30 0.00
25.46 B1 3134.58 2430.43 
25.46 B3 3069.06 2283.95 
25.46 120 13 04 50
25.46 244 0.53
25.465 22 -6.51
25.465 23 1.23
25.465 25 -24.88
25.465 30 0.00
25.465 B1 3139.45 2434.16 
25.465 B3 3075.03 2288.36 
25.465 120 13 04 50
25.465 244 0.53
25.47 22 -6.52
25.47 23 1.23
25.47 25 -24.76
25.47 30 0.00
25.47 B1 3144.29 2437.86 
25.47 B3 3080.92 2292.72 
25.47 120 13 04 50
25.47 244 0.52
25.475 22 -6.46
25.475 23 1.26
25.475 25 -24.76
25.475 30 0.00
25.475 B1 3148.35 2440.43 
25.475 B3 3085.56 2295.81 
25.475 120 13 04 50
25.475 244 0.52
25.48 22 -6.47
25.48 23 1.24
25.48 25 -24.88
25.48 30 0.00
25.48 B1 3152.77 2443.88 
25.48 B3 3090.71 2299.78 
25.48 120 13 04 50
25.48 244 0.52
25.485 22 -6.56
25.485 23 1.19
25.485 25 -24.88
25.485 30 0.00
25.485 B1 3156.79 2447.27 
25.485 B3 3096.09 2303.96 
25.485 120 13 04 50
25.485 244 0.52
25.49 22 -6.57
25.49 23 1.19
25.49 25 -24.76
25.49 30 0.00
25.49 B1 3161.25 2450.80 
25.49 B3 3101.57 2308.06 
25.49 120 13 04 50
25.49 244 0.52
25.495 22 -6.52
25.495 23 1.22
25.495 25 -24.88
25.495 30 0.00
25.495 B1 3165.13 2453.24 
25.495 B3 3105.88 2310.90 
25.495 120 13 04 50
25.495 244 0.52
25.5 22 -6.61
25.5 23 1.16
25.5 25 -24.88
25.5 30 0.00
25.5 B1 3168.88 2456.34 
25.5 B3 3110.72 2314.58 
25.5 120 13 04 50
25.5 244 0.52
25.505 22 -6.62
25.505 23 1.15
25.505 25 -24.76
25.505 30 0.00
25.505 B1 3173.20 2459.74 
25.505 B3 3115.81 2318.37 
25.505 120 13 04 50
25.505 244 0.52
25.51 22 -6.57
25.51 23 1.18
25.51 25 -24.88
25.51 30 0.00
25.51 B1 3178.30 2463.39 
25.51 B3 3121.01 2322.17 
25.51 120 13 04 50
25.51 244 0.52
25.515 22 -6.66
25.515 23 1.14
25.515 25 -24.88
25.515 30 0.00
25.515 B1 3182.52 2466.69 
25.515 B3 3126.21 2326.04 
25.515 120 13 04 50
25.515 244 0.52
25.52 22 -6.68
25.52 23 1.13
25.52 25 -24.88
25.52 30 0.00
25.52 B1 3187.01 2470.09 
25.52 B3 3131.41 2329.79 
25.52 120 13 04 50
25.52 244 0.52
25.525 22 -6.69
25.525 23 1.12
25.525 25 -24.88
25.525 30 0.00
25.525 B1 3191.60 2473.49 
25.525 B3 3136.57 2333.47 
25.525 120 13 04 50
25.525 244 0.52
25.53 22 -6.71
25.53 23 1.12
25.53 25 -24.76
25.53 30 0.00
25.53 B1 3196.23 2476.89 
25.53 B3 3141.70 2337.10 
25.53 120 13 04 50
25.53 244 0.52
25.535 22 -6.66
25.535 23 1.15
25.535 25 -24.76
25.535 30 0.00
25.535 B1 3201.42 2480.51 
25.535 B3 3146.77 2340.69 
25.535 120 13 04 50
25.535 244 0.52
25.54 22 -6.69
25.54 23 1.15
25.54 25 -24.88
25.54 30 0.00
25.54 B1 3206.21 2483.97 
25.54 B3 3151.79 2344.34 
25.54 120 13 04 50
25.54 244 0.52
25.545 22 -6.78
25.545 23 1.11
25.545 25 -24.88
25.545 30 0.00
25.545 B1 3210.27 2487.17 
25.545 B3 3156.75 2347.99 
25.545 120 13 04 50
25.545 244 0.52
25.55 22 -6.80
25.55 23 1.10
25.55 25 -24.88
25.55 30 0.00
25.55 B1 3214.66 2490.48 
25.55 B3 3161.66 2351.50 
25.55 120 13 04 50
25.55 244 0.52
25.555 22 -6.82
25.555 23 1.09
25.555 25 -24.88
25.555 30 0.00
25.555 B1 3219.18 2493.83 
25.555 B3 3166.55 2354.95 
25.555 120 13 04 50
25.555 244 0.52
25.56 22 -6.84
25.56 23 1.09
25.56 25 -24.88
25.56 30 0.00
25.56 B1 3223.73 2497.17 
25.56 B3 3171.38 2358.34 
25.56 120 13 04 50
25.56 244 0.52
25.565 22 -6.86
25.565 23 1.08
25.565 25 -24.88
25.565 30 0.00
25.565 B1 3228.29 2500.50 
25.565 B3 3176.16 2361.71 
25.565 120 13 04 50
25.565 244 0.52
25.57 22 -6.88
25.57 23 1.08
25.57 25 -24.88
25.57 30 0.00
25.57 B1 3232.85 2503.83 
25.57 B3 3180.92 2365.06 
25.57 120 13 04 50
25.57 244 0.52
25.575 22 -6.90
25.575 23 1.08
25.575 25 -24.88
25.575 30 0.00
25.575 B1 3237.40 2507.14 
25.575 B3 3185.62 2368.38 
25.575 120 13 04 50
25.575 244 0.52
25.58 22 -6.92
25.58 23 1.07
25.58 25 -24.88
25.58 30 0.00
25.58 B1 3241.93 2510.46 
25.58 B3 3190.28 2371.68 
25.58 120 13 04 50
25.58 244 0.52
25.585 22 -6.94
25.585 23 1.07
25.585 25 -24.88
25.585 30 0.00
25.585 B1 3246.44 2513.77 
25.585 B3 3194.91 2374.97 
25.585 120 13 04 50
25.585 244 0.52
25.59 22 -6.96
25.59 23 1.06
25.59 25 -24.88
25.59 30 0.00
25.59 B1 3250.95 2517.08 
25.59 B3 3199.51 2378.25 
25.59 120 13 04 50
25.59 244 0.52
25.595 22 -6.98
25.595 23 1.06
25.595 25 -24.88
25.595 30 0.00
25.595 B1 3255.44 2520.38 
25.595 B3 3204.08 2381.51 
25.595 120 13 04 50
25.595 244 0.52
25.6 22 -7.01
25.6 23 1.05
25.6 25 -24.76
25.6 30 0.00
25.6 B1 3259.91 2523.68 
25.6 B3 3208.62 2384.76 
25.6 120 13 04 50
25.6 244 0.52
25.605 22 -6.96
25.605 23 1.08
25.605 25 -24.88
25.605 30 0.00
25.605 B1 3264.93 2527.21 
25.605 B3 3213.13 2388.00 
25.605 120 13 04 50
25.605 244 0.52
25.61 22 -7.05
25.61 23 1.04
25.61 25 -24.88
25.61 30 0.00
25.61 B1 3268.97 2530.35 
25.61 B3 3217.61 2391.35 
25.61 120 13 04 50
25.61 244 0.52
25.615 22 -7.07
25.615 23 1.04
25.615 25 -24.76
25.615 30 0.00
25.615 B1 3273.24 2533.61 
25.615 B3 3222.06 2394.61 
25.615 120 13 04 50
25.615 244 0.52
25.62 22 -7.02
25.62 23 1.07
25.62 25 -24.88
25.62 30 0.00
25.62 B1 3278.15 2537.13 
25.62 B3 3226.52 2397.85 
25.62 120 13 04 50
25.62 244 0.52
25.625 22 -7.12
25.625 23 1.03
25.625 25 -24.88
25.625 30 0.00
25.625 B1 3282.12 2540.25 
25.625 B3 3230.93 2401.19 
25.625 120 13 04 50
25.625 244 0.52
25.63 22 -7.14
25.63 23 1.02
25.63 25 -24.88
25.63 30 0.00
25.63 B1 3286.33 2543.48 
25.63 B3 3235.35 2404.44 
25.63 120 13 04 50
25.63 244 0.52
25.635 22 -7.16
25.635 23 1.02
25.635 25 -24.88
25.635 30 0.00
25.635 B1 3290.62 2546.74 
25.635 B3 3239.74 2407.67 
25.635 120 13 04 50
25.635 244 0.52
25.64 22 -7.18
25.64 23 1.01
25.64 25 -24.88
25.64 30 0.00
25.64 B1 3294.94 2550.01 
25.64 B3 3244.14 2410.89 
25.64 120 13 04 50
25.64 244 0.52
25.645 22 -7.19
25.645 23 1.01
25.645 25 -24.88
25.645 30 0.00
25.645 B1 3299.27 2553.26 
25.645 B3 3248.51 2414.10 
25.645 120 13 04 50
25.645 244 0.52
25.65 22 -7.21
25.65 23 1.00
25.65 25 -24.88
25.65 30 0.00
25.65 B1 3303.59 2556.52 
25.65 B3 3252.88 2417.33 
25.65 120 13 04 50
25.65 244 0.52
25.655 22 -7.23
25.655 23 1.00
25.655 25 -24.88
25.655 30 0.00
25.655 B1 3307.90 2559.78 
25.655 B3 3257.24 2420.55 
25.655 120 13 04 50
25.655 244 0.52
25.66 22 -7.25
25.66 23 0.99
25.66 25 -24.88
25.66 30 0.00
25.66 B1 3312.19 2563.02 
25.66 B3 3261.59 2423.79 
25.66 120 13 04 50
25.66 244 0.52
25.665 22 -7.27
25.665 23 0.99
25.665 25 -24.88
25.665 30 0.00
25.665 B1 3316.47 2566.27 
25.665 B3 3265.94 2427.02 
25.665 120 13 04 50
25.665 244 0.52
25.67 22 -7.29
25.67 23 0.98
25.67 25 -24.88
25.67 30 0.00
25.67 B1 3320.74 2569.51 
25.67 B3 3270.29 2430.26 
25.67 120 13 04 50
25.67 244 0.52
25.675 22 -7.31
25.675 23 0.98
25.675 25 -24.88
25.675 30 0.00
25.675 B1 3324.99 2572.74 
25.675 B3 3274.63 2433.50 
25.675 120 13 04 50
25.675 244 0.52
25.68 22 -7.33
25.68 23 0.97
25.68 25 -24.88
25.68 30 0.00
25.68 B1 3329.23 2575.98 
25.68 B3 3278.96 2436.75 
25.68 120 13 04 50
25.68 244 0.52
25.685 22 -7.35
25.685 23 0.97
25.685 25 -24.88
25.685 30 0.00
25.685 B1 3333.45 2579.20 
25.685 B3 3283.30 2440.01 
25.685 120 13 04 50
25.685 244 0.52
25.69 22 -7.37
25.69 23 0.96
25.69 25 -24.88
25.69 30 0.00
25.69 B1 3337.66 2582.42 
25.69 B3 3287.63 2443.26 
25.69 120 13 04 50
25.69 244 0.52
25.695 22 -7.38
25.695 23 0.96
25.695 25 -24.88
25.695 30 0.00
25.695 B1 3341.86 2585.63 
25.695 B3 3291.95 2446.52 
25.695 120 13 04 50
25.695 244 0.52
25.7 22 -7.40
25.7 23 0.95
25.7 25 -24.88
25.7 30 0.00
25.7 B1 3346.04 2588.84 
25.7 B3 3296.28 2449.79 
25.7 120 13 04 50
25.7 244 0.52
25.705 22 -7.42
25.705 23 0.95
25.705 25 -24.88
25.705 30 0.00
25.705 B1 3350.22 2592.05 
25.705 B3 3300.60 2453.06 
25.705 120 13 04 50
25.705 244 0.52
25.71 22 -7.44
25.71 23 0.94
25.71 25 -24.88
25.71 30 0.00
25.71 B1 3354.38 2595.25 
25.71 B3 3304.93 2456.34 
25.71 120 13 04 50
25.71 244 0.52
25.715 22 -7.46
25.715 23 0.94
25.715 25 -24.88
25.715 30 0.00
25.715 B1 3358.52 2598.43 
25.715 B3 3309.26 2459.61 
25.715 120 13 04 50
25.715 244 0.52
25.72 22 -7.47
25.72 23 0.93
25.72 25 -24.88
25.72 30 0.00
25.72 B1 3362.67 2601.62 
25.72 B3 3313.59 2462.89 
25.72 120 13 04 50
25.72 244 0.52
25.725 22 -7.49
25.725 23 0.93
25.725 25 -24.88
25.725 30 0.00
25.725 B1 3368.10 2606.11 
25.725 B3 3319.10 2467.37 
25.725 120 13 04 50
25.725 244 0.52
25.73 22 -7.51
25.73 23 0.94
25.73 25 -24.88
25.73 30 0.00
25.73 B1 3371.50 2608.31 
25.73 B3 3322.89 2469.90 
25.73 120 13 04 50
25.73 244 0.52
25.735 22 -7.53
25.735 23 0.92
25.735 25 -24.88
25.735 30 0.00
25.735 B1 3375.29 2611.24 
25.735 B3 3326.93 2472.92 
25.735 120 13 04 50
25.735 244 0.52
25.74 22 -7.54
25.74 23 0.91
25.74 25 -24.88
25.74 30 0.00
25.74 B1 3380.57 2615.66 
25.74 B3 3332.30 2477.31 
25.74 120 13 04 50
25.74 244 0.52
25.745 22 -7.56
25.745 23 0.92
25.745 25 -24.88
25.745 30 0.00
25.745 B1 3385.19 2619.14 
25.745 B3 3337.20 2481.00 
25.745 120 13 04 50
25.745 244 0.52
25.75 22 -7.58
25.75 23 0.92
25.75 25 -24.88
25.75 30 0.00
25.75 B1 3389.53 2622.40 
25.75 B3 3341.87 2484.46 
25.75 120 13 04 50
25.75 244 0.52
25.755 22 -7.60
25.755 23 0.92
25.755 25 -24.88
25.755 30 0.00
25.755 B1 3393.74 2625.60 
25.755 B3 3346.40 2487.82 
25.755 120 13 04 50
25.755 244 0.52
25.76 22 -7.62
25.76 23 0.92
25.76 25 -24.88
25.76 30 0.00
25.76 B1 3396.57 2627.44 
25.76 B3 3349.65 2489.96 
25.76 120 13 04 50
25.76 244 0.52
25.765 22 -7.63
25.765 23 0.90
25.765 25 -24.88
25.765 30 0.00
25.765 B1 3401.41 2631.57 
25.765 B3 3354.60 2494.03 
25.765 120 13 04 50
25.765 244 0.52
25.77 22 -7.65
25.77 23 0.90
25.77 25 -24.88
25.77 30 0.00
25.77 B1 3405.80 2634.95 
25.77 B3 3359.27 2497.61 
25.77 120 13 04 50
25.77 244 0.52
25.775 22 -7.67
25.775 23 0.90
25.775 25 -24.88
25.775 30 0.00
25.775 B1 3410.02 2638.15 
25.775 B3 3363.81 2501.02 
25.775 120 13 04 50
25.775 244 0.52
25.78 22 -7.69
25.78 23 0.90
25.78 25 -24.88
25.78 30 0.00
25.78 B1 3414.15 2641.30 
25.78 B3 3368.25 2504.37 
25.78 120 13 04 50
25.78 244 0.52
25.785 22 -7.70
25.785 23 0.89
25.785 25 -24.88
25.785 30 0.00
25.785 B1 3416.92 2643.11 
25.785 B3 3371.46 2506.47 
25.785 120 13 04 50
25.785 244 0.52
25.79 22 -7.72
25.79 23 0.87
25.79 25 -24.88
25.79 30 0.00
25.79 B1 3420.37 2645.86 
25.79 B3 3375.16 2509.32 
25.79 120 13 04 50
25.79 244 0.52
25.795 22 -7.73
25.795 23 0.86
25.795 25 -24.76
25.795 30 0.00
25.795 B1 3425.43 2650.16 
25.795 B3 3380.33 2513.62 
25.795 120 13 04 50
25.795 244 0.52
25.8 22 -7.69
25.8 23 0.91
25.8 25 -24.76
25.8 30 0.00
25.8 B1 3430.52 2653.84 
25.8 B3 3385.10 2517.26 
25.8 120 13 04 50
25.8 244 0.52
25.805 22 -7.71
25.805 23 0.91
25.805 25 -24.88
25.805 30 0.00
25.805 B1 3434.93 2657.12 
25.805 B3 3389.66 2520.76 
25.805 120 13 04 50
25.805 244 0.52
25.81 22 -7.80
25.81 23 0.87
25.81 25 -24.88
25.81 30 0.00
25.81 B1 3438.46 2659.99 
25.81 B3 3394.10 2524.23 
25.81 120 13 04 50
25.81 244 0.52
25.815 22 -7.81
25.815 23 0.86
25.815 25 -24.88
25.815 30 0.00
25.815 B1 3442.24 2663.00 
25.815 B3 3398.48 2527.55 
25.815 120 13 04 50
25.815 244 0.52
25.82 22 -7.83
25.82 23 0.86
25.82 25 -24.88
25.82 30 0.00
25.82 B1 3446.14 2666.04 
25.82 B3 3402.83 2530.82 
25.82 120 13 04 50
25.82 244 0.53
25.825 22 -7.84
25.825 23 0.85
25.825 25 -24.88
25.825 30 0.00
25.825 B1 3451.41 2670.41 
25.825 B3 3408.35 2535.25 
25.825 120 13 04 50
25.825 244 0.52
25.83 22 -7.87
25.83 23 0.86
25.83 25 -24.88
25.83 30 0.00
25.83 B1 3454.65 2672.49 
25.83 B3 3412.15 2537.74 
25.83 120 13 04 50
25.83 244 0.52
25.835 22 -7.88
25.835 23 0.85
25.835 25 -24.88
25.835 30 0.00
25.835 B1 3458.30 2675.26 
25.835 B3 3416.16 2540.69 
25.835 120 13 04 50
25.835 244 0.52
25.84 22 -7.90
25.84 23 0.84
25.84 25 -24.88
25.84 30 0.00
25.84 B1 3462.12 2678.22 
25.84 B3 3420.28 2543.80 
25.84 120 13 04 50
25.84 244 0.52
25.845 22 -7.91
25.845 23 0.83
25.845 25 -24.88
25.845 30 0.00
25.845 B1 3466.00 2681.21 
25.845 B3 3424.47 2546.96 
25.845 120 13 04 50
25.845 244 0.52
25.85 22 -7.93
25.85 23 0.83
25.85 25 -24.76
25.85 30 0.00
25.85 B1 3469.91 2684.21 
25.85 B3 3428.68 2550.14 
25.85 120 13 04 50
25.85 244 0.52
25.855 22 -7.88
25.855 23 0.86
25.855 25 -24.88
25.855 30 0.00
25.855 B1 3474.45 2687.49 
25.855 B3 3432.90 2553.31 
25.855 120 13 04 50
25.855 244 0.52
25.86 22 -7.97
25.86 23 0.82
25.86 25 -24.88
25.86 30 0.00
25.86 B1 3477.96 2690.29 
25.86 B3 3437.11 2556.59 
25.86 120 13 04 50
25.86 244 0.52
25.865 22 -7.98
25.865 23 0.81
25.865 25 -24.88
25.865 30 0.00
25.865 B1 3480.36 2691.88 
25.865 B3 3440.12 2558.58 
25.865 120 13 04 50
25.865 244 0.52
25.87 22 -8.00
25.87 23 0.79
25.87 25 -24.88
25.87 30 0.00
25.87 B1 3483.55 2694.45 
25.87 B3 3443.64 2561.27 
25.87 120 13 04 50
25.87 244 0.52
25.875 22 -8.01
25.875 23 0.78
25.875 25 -24.88
25.875 30 0.00
25.875 B1 3487.10 2697.28 
25.875 B3 3447.44 2564.21 
25.875 120 13 04 50
25.875 244 0.52
25.88 22 -8.03
25.88 23 0.78
25.88 25 -24.88
25.88 30 0.00
25.88 B1 3490.78 2700.14 
25.88 B3 3451.37 2567.23 
25.88 120 13 04 50
25.88 244 0.52
25.885 22 -8.05
25.885 23 0.77
25.885 25 -24.76
25.885 30 0.00
25.885 B1 3494.52 2703.02 
25.885 B3 3455.38 2570.28 
25.885 120 13 04 50
25.885 244 0.52
25.89 22 -8.00
25.89 23 0.80
25.89 25 -24.88
25.89 30 0.00
25.89 B1 3498.91 2706.21 
25.89 B3 3459.42 2573.34 
25.89 120 13 04 50
25.89 244 0.52
25.895 22 -8.09
25.895 23 0.76
25.895 25 -24.88
25.895 30 0.00
25.895 B1 3502.29 2708.89 
25.895 B3 3463.46 2576.48 
25.895 120 13 04 50
25.895 244 0.52
25.9 22 -8.10
25.9 23 0.76
25.9 25 -24.88
25.9 30 0.00
25.9 B1 3505.87 2711.69 
25.9 B3 3467.52 2579.57 
25.9 120 13 04 50
25.9 244 0.52
25.905 22 -8.12
25.905 23 0.75
25.905 25 -24.88
25.905 30 0.00
25.905 B1 3510.87 2715.84 
25.905 B3 3472.77 2583.81 
25.905 120 13 04 50
25.905 244 0.52
25.91 22 -8.14
25.91 23 0.76
25.91 25 -24.88
25.91 30 0.00
25.91 B1 3515.21 2719.05 
25.91 B3 3477.52 2587.32 
25.91 120 13 04 50
25.91 244 0.52
25.915 22 -8.16
25.915 23 0.76
25.915 25 -24.88
25.915 30 0.00
25.915 B1 3519.25 2722.02 
25.915 B3 3481.96 2590.53 
25.915 120 13 04 50
25.915 244 0.52
25.92 22 -8.18
25.92 23 0.76
25.92 25 -24.88
25.92 30 0.00
25.92 B1 3521.82 2723.58 
25.92 B3 3485.05 2592.45 
25.92 120 13 04 50
25.92 244 0.52
25.925 22 -8.19
25.925 23 0.74
25.925 25 -24.88
25.925 30 0.00
25.925 B1 3525.02 2726.05 
25.925 B3 3488.56 2595.03 
25.925 120 13 04 50
25.925 244 0.52
25.93 22 -8.21
25.93 23 0.73
25.93 25 -24.88
25.93 30 0.00
25.93 B1 3528.50 2728.77 
25.93 B3 3492.27 2597.86 
25.93 120 13 04 50
25.93 244 0.52
25.935 22 -8.22
25.935 23 0.72
25.935 25 -24.88
25.935 30 0.00
25.935 B1 3532.09 2731.54 
25.935 B3 3496.11 2600.78 
25.935 120 13 04 50
25.935 244 0.52
25.94 22 -8.24
25.94 23 0.72
25.94 25 -24.88
25.94 30 0.00
25.94 B1 3537.04 2735.64 
25.94 B3 3501.20 2604.92 
25.94 120 13 04 50
25.94 244 0.52
25.945 22 -8.26
25.945 23 0.73
25.945 25 -24.88
25.945 30 0.00
25.945 B1 3541.33 2738.81 
25.945 B3 3505.81 2608.36 
25.945 120 13 04 50
25.945 244 0.52
25.95 22 -8.28
25.95 23 0.73
25.95 25 -24.88
25.95 30 0.00
25.95 B1 3543.98 2740.39 
25.95 B3 3508.96 2610.32 
25.95 120 13 04 50
25.95 244 0.52
25.955 22 -8.29
25.955 23 0.71
25.955 25 -24.88
25.955 30 0.00
25.955 B1 3547.17 2742.83 
25.955 B3 3512.46 2612.89 
25.955 120 13 04 50
25.955 244 0.52
25.96 22 -8.31
25.96 23 0.70
25.96 25 -24.88
25.96 30 0.00
25.96 B1 3550.60 2745.49 
25.96 B3 3516.15 2615.69 
25.96 120 13 04 50
25.96 244 0.52
25.965 22 -8.33
25.965 23 0.70
25.965 25 -24.88
25.965 30 0.00
25.965 B1 3555.44 2749.53 
25.965 B3 3521.13 2619.76 
25.965 120 13 04 50
25.965 244 0.52
25.97 22 -8.35
25.97 23 0.71
25.97 25 -24.88
25.97 30 0.00
25.97 B1 3559.65 2752.65 
25.97 B3 3525.66 2623.14 
25.97 120 13 04 50
25.97 244 0.52
25.975 22 -8.37
25.975 23 0.71
25.975 25 -24.88
25.975 30 0.00
25.975 B1 3562.24 2754.20 
25.975 B3 3528.74 2625.07 
25.975 120 13 04 50
25.975 244 0.52
25.98 22 -8.38
25.98 23 0.69
25.98 25 -24.88
25.98 30 0.00
25.98 B1 3565.37 2756.59 
25.98 B3 3532.18 2627.60 
25.98 120 13 04 50
25.98 244 0.52
25.985 22 -8.40
25.985 23 0.68
25.985 25 -24.88
25.985 30 0.00
25.985 B1 3568.73 2759.21 
25.985 B3 3535.79 2630.35 
25.985 120 13 04 50
25.985 244 0.52
25.99 22 -8.41
25.99 23 0.67
25.99 25 -24.88
25.99 30 0.00
25.99 B1 3572.21 2761.89 
25.99 B3 3539.52 2633.18 
25.99 120 13 04 50
25.99 244 0.52
25.995 22 -8.43
25.995 23 0.67
25.995 25 -24.88
25.995 30 0.00
25.995 B1 3575.72 2764.58 
25.995 B3 3543.29 2636.04 
25.995 120 13 04 50
25.995 244 0.52
26 22 -8.45
26 23 0.66
26 25 -24.88
26 30 0.00
26 B1 3579.25 2767.25 
26 B3 3547.09 2638.91 
26 120 13 04 50
26 244 0.52
26.005 22 -8.47
26.005 23 0.66
26.005 25 -24.88
26.005 30 0.00
26.005 B1 3582.77 2769.93 
26.005 B3 3550.90 2641.78 
26.005 120 13 04 50
26.005 244 0.52
26.01 22 -8.48
26.01 23 0.65
26.01 25 -24.88
26.01 30 0.00
26.01 B1 3586.29 2772.61 
26.01 B3 3554.71 2644.65 
26.01 120 13 04 50
26.01 244 0.52
26.015 22 -8.50
26.015 23 0.65
26.015 25 -24.88
26.015 30 0.00
26.015 B1 3589.80 2775.26 
26.015 B3 3558.51 2647.50 
26.015 120 13 04 50
26.015 244 0.52
26.02 22 -8.52
26.02 23 0.65
26.02 25 -24.88
26.02 30 0.00
26.02 B1 3593.30 2777.90 
26.02 B3 3562.31 2650.35 
26.02 120 13 04 50
26.02 244 0.52
26.025 22 -8.53
26.025 23 0.64
26.025 25 -24.88
26.025 30 0.00
26.025 B1 3596.78 2780.55 
26.025 B3 3566.10 2653.19 
26.025 120 13 04 50
26.025 244 0.52
26.03 22 -8.55
26.03 23 0.64
26.03 25 -24.88
26.03 30 0.00
26.03 B1 3600.26 2783.19 
26.03 B3 3569.88 2656.03 
26.03 120 13 04 50
26.03 244 0.52
26.035 22 -8.57
26.035 23 0.63
26.035 25 -24.88
26.035 30 0.00
26.035 B1 3603.74 2785.81 
26.035 B3 3573.65 2658.85 
26.035 120 13 04 50
26.035 244 0.52
26.04 22 -8.58
26.04 23 0.63
26.04 25 -24.88
26.04 30 0.00
26.04 B1 3605.86 2787.11 
26.04 B3 3576.21 2660.47 
26.04 120 13 04 50
26.04 244 0.52
26.045 22 -8.60
26.045 23 0.61
26.045 25 -24.88
26.045 30 0.00
26.045 B1 3609.98 2790.63 
26.045 B3 3580.47 2663.99 
26.045 120 13 04 50
26.045 244 0.52
26.05 22 -8.62
26.05 23 0.61
26.05 25 -24.88
26.05 30 0.00
26.05 B1 3613.73 2793.49 
26.05 B3 3584.48 2667.07 
26.05 120 13 04 50
26.05 244 0.52
26.055 22 -8.64
26.055 23 0.61
26.055 25 -24.88
26.055 30 0.00
26.055 B1 3617.30 2796.17 
26.055 B3 3588.36 2669.98 
26.055 120 13 04 50
26.055 244 0.52
26.06 22 -8.65
26.06 23 0.61
26.06 25 -24.88
26.06 30 0.00
26.06 B1 3620.78 2798.77 
26.06 B3 3592.17 2672.81 
26.06 120 13 04 50
26.06 244 0.52
26.065 22 -8.67
26.065 23 0.61
26.065 25 -24.88
26.065 30 0.00
26.065 B1 3622.90 2800.03 
26.065 B3 3594.74 2674.41 
26.065 120 13 04 50
26.065 244 0.52
26.07 22 -8.68
26.07 23 0.59
26.07 25 -24.88
26.07 30 0.00
26.07 B1 3625.65 2802.19 
26.07 B3 3597.76 2676.69 
26.07 120 13 04 50
26.07 244 0.52
26.075 22 -8.70
26.075 23 0.58
26.075 25 -25.00
26.075 30 0.00
26.075 B1 3630.02 2805.92 
26.075 B3 3602.23 2680.44 
26.075 120 13 04 50
26.075 244 0.52
26.08 22 -8.78
26.08 23 0.55
26.08 25 -25.00
26.08 30 0.00
26.08 B1 3631.85 2807.13 
26.08 B3 3605.16 2682.39 
26.08 120 13 04 50
26.08 244 0.52
26.085 22 -8.79
26.085 23 0.53
26.085 25 -25.00
26.085 30 0.00
26.085 B1 3634.51 2809.22 
26.085 B3 3608.38 2684.71 
26.085 120 13 04 50
26.085 244 0.52
26.09 22 -8.81
26.09 23 0.53
26.09 25 -25.00
26.09 30 0.00
26.09 B1 3637.54 2811.54 
26.09 B3 3611.77 2687.15 
26.09 120 13 04 50
26.09 244 0.52
26.095 22 -8.82
26.095 23 0.52
26.095 25 -25.00
26.095 30 0.00
26.095 B1 3642.06 2815.26 
26.095 B3 3616.44 2690.86 
26.095 120 13 04 50
26.095 244 0.52
26.1 22 -8.84
26.1 23 0.53
26.1 25 -25.00
26.1 30 0.00
26.1 B1 3645.99 2818.09 
26.1 B3 3620.66 2693.89 
26.1 120 13 04 50
26.1 244 0.52
26.105 22 -8.85
26.105 23 0.53
26.105 25 -25.00
26.105 30 0.00
26.105 B1 3649.63 2820.66 
26.105 B3 3624.63 2696.64 
26.105 120 13 04 50
26.105 244 0.52
26.11 22 -8.87
26.11 23 0.53
26.11 25 -25.00
26.11 30 0.00
26.11 B1 3651.80 2821.82 
26.11 B3 3627.24 2698.10 
26.11 120 13 04 50
26.11 244 0.52
26.115 22 -8.88
26.115 23 0.51
26.115 25 -25.00
26.115 30 0.00
26.115 B1 3654.57 2823.86 
26.115 B3 3630.27 2700.21 
26.115 120 13 04 50
26.115 244 0.52
26.12 22 -8.89
26.12 23 0.51
26.12 25 -25.00
26.12 30 0.00
26.12 B1 3658.93 2827.48 
26.12 B3 3634.69 2703.77 
26.12 120 13 04 50
26.12 244 0.52
26.125 22 -8.91
26.125 23 0.51
26.125 25 -25.00
26.125 30 0.00
26.125 B1 3662.74 2830.25 
26.125 B3 3638.76 2706.74 
26.125 120 13 04 50
26.125 244 0.52
26.13 22 -8.93
26.13 23 0.52
26.13 25 -25.00
26.13 30 0.00
26.13 B1 3666.28 2832.77 
26.13 B3 3642.61 2709.47 
26.13 120 13 04 50
26.13 244 0.52
26.135 22 -8.94
26.135 23 0.51
26.135 25 -25.00
26.135 30 0.00
26.135 B1 3669.69 2835.22 
26.135 B3 3646.34 2712.11 
26.135 120 13 04 50
26.135 244 0.52
26.14 22 -8.96
26.14 23 0.51
26.14 25 -25.00
26.14 30 0.00
26.14 B1 3673.03 2837.65 
26.14 B3 3650.00 2714.72 
26.14 120 13 04 50
26.14 244 0.52
26.145 22 -8.97
26.145 23 0.51
26.145 25 -25.00
26.145 30 0.00
26.145 B1 3676.33 2840.06 
26.145 B3 3653.60 2717.30 
26.145 120 13 04 50
26.145 244 0.52
26.15 22 -8.99
26.15 23 0.50
26.15 25 -25.00
26.15 30 0.00
26.15 B1 3679.61 2842.45 
26.15 B3 3657.17 2719.87 
26.15 120 13 04 50
26.15 244 0.52
26.155 22 -9.00
26.155 23 0.50
26.155 25 -25.00
26.155 30 0.00
26.155 B1 3684.17 2846.16 
26.155 B3 3661.92 2723.62 
26.155 120 13 04 50
26.155 244 0.52
26.16 22 -9.02
26.16 23 0.51
26.16 25 -25.00
26.16 30 0.00
26.16 B1 3686.75 2847.65 
26.16 B3 3664.97 2725.50 
26.16 120 13 04 50
26.16 244 0.52
26.165 22 -9.04
26.165 23 0.50
26.165 25 -25.00
26.165 30 0.00
26.165 B1 3689.65 2849.76 
26.165 B3 3668.21 2727.78 
26.165 120 13 04 50
26.165 244 0.52
26.17 22 -9.05
26.17 23 0.49
26.17 25 -25.00
26.17 30 0.00
26.17 B1 3692.71 2852.04 
26.17 B3 3671.55 2730.22 
26.17 120 13 04 50
26.17 244 0.52
26.175 22 -9.07
26.175 23 0.49
26.175 25 -24.87
26.175 30 0.00
26.175 B1 3695.83 2854.38 
26.175 B3 3674.94 2732.72 
26.175 120 13 04 50
26.175 244 0.52
26.18 22 -9.02
26.18 23 0.52
26.18 25 -24.99
26.18 30 0.00
26.18 B1 3701.01 2858.44 
26.18 B3 3679.56 2736.44 
26.18 120 13 04 50
26.18 244 0.52
26.185 22 -9.10
26.185 23 0.50
26.185 25 -24.87
26.185 30 0.00
26.185 B1 3703.10 2859.67 
26.185 B3 3682.51 2738.40 
26.185 120 13 04 50
26.185 244 0.52
26.19 22 -9.05
26.19 23 0.52
26.19 25 -24.87
26.19 30 0.00
26.19 B1 3706.43 2862.05 
26.19 B3 3685.67 2740.69 
26.19 120 13 04 50
26.19 244 0.52
26.195 22 -9.07
26.195 23 0.51
26.195 25 -24.87
26.195 30 0.00
26.195 B1 3709.60 2864.44 
26.195 B3 3688.94 2743.22 
26.195 120 13 04 50
26.195 244 0.52
26.2 22 -9.09
26.2 23 0.50
26.2 25 -24.87
26.2 30 0.00
26.2 B1 3712.71 2866.82 
26.2 B3 3692.26 2745.82 
26.2 120 13 04 50
26.2 244 0.52
26.205 22 -9.10
26.205 23 0.50
26.205 25 -24.87
26.205 30 0.00
26.205 B1 3715.76 2869.18 
26.205 B3 3695.61 2748.47 
26.205 120 13 04 50
26.205 244 0.52
26.21 22 -9.12
26.21 23 0.49
26.21 25 -24.99
26.21 30 0.00
26.21 B1 3718.80 2871.53 
26.21 B3 3698.98 2751.11 
26.21 120 13 04 50
26.21 244 0.52
26.215 22 -9.20
26.215 23 0.46
26.215 25 -24.87
26.215 30 0.00
26.215 B1 3721.13 2873.50 
26.215 B3 3702.36 2753.75 
26.215 120 13 04 50
26.215 244 0.52
26.22 22 -9.15
26.22 23 0.48
26.22 25 -24.99
26.22 30 0.00
26.22 B1 3724.54 2876.07 
26.22 B3 3705.74 2756.30 
26.22 120 13 04 50
26.22 244 0.52
26.225 22 -9.23
26.225 23 0.45
26.225 25 -24.99
26.225 30 0.00
26.225 B1 3727.05 2878.08 
26.225 B3 3709.11 2758.88 
26.225 120 13 04 50
26.225 244 0.52
26.23 22 -9.24
26.23 23 0.44
26.23 25 -24.99
26.23 30 0.00
26.23 B1 3729.84 2880.26 
26.23 B3 3712.48 2761.39 
26.23 120 13 04 50
26.23 244 0.52
26.235 22 -9.26
26.235 23 0.44
26.235 25 -24.87
26.235 30 0.00
26.235 B1 3732.77 2882.50 
26.235 B3 3715.85 2763.86 
26.235 120 13 04 50
26.235 244 0.52
26.24 22 -9.21
26.24 23 0.47
26.24 25 -24.87
26.24 30 0.00
26.24 B1 3736.45 2885.14 
26.24 B3 3719.20 2766.31 
26.24 120 13 04 50
26.24 244 0.52
26.245 22 -9.23
26.245 23 0.46
26.245 25 -24.99
26.245 30 0.00
26.245 B1 3739.74 2887.53 
26.245 B3 3722.53 2768.85 
26.245 120 13 04 50
26.245 244 0.52
26.25 22 -9.31
26.25 23 0.43
26.25 25 -24.87
26.25 30 0.00
26.25 B1 3743.49 2890.78 
26.25 B3 3727.05 2772.60 
26.25 120 13 04 50
26.25 244 0.52
26.255 22 -9.26
26.255 23 0.47
26.255 25 -24.87
26.255 30 0.00
26.255 B1 3747.57 2893.74 
26.255 B3 3731.10 2775.60 
26.255 120 13 04 50
26.255 244 0.52
26.26 22 -9.28
26.26 23 0.47
26.26 25 -24.87
26.26 30 0.00
26.26 B1 3749.76 2894.92 
26.26 B3 3733.66 2777.18 
26.26 120 13 04 50
26.26 244 0.52
26.265 22 -9.30
26.265 23 0.46
26.265 25 -24.87
26.265 30 0.00
26.265 B1 3752.32 2896.85 
26.265 B3 3736.51 2779.32 
26.265 120 13 04 50
26.265 244 0.52
26.27 22 -9.31
26.27 23 0.45
26.27 25 -24.99
26.27 30 0.00
26.27 B1 3755.05 2899.01 
26.27 B3 3739.54 2781.69 
26.27 120 13 04 50
26.27 244 0.52
26.275 22 -9.39
26.275 23 0.41
26.275 25 -24.87
26.275 30 0.00
26.275 B1 3757.17 2900.82 
26.275 B3 3742.67 2784.16 
26.275 120 13 04 50
26.275 244 0.52
26.28 22 -9.34
26.28 23 0.43
26.28 25 -23.70
26.28 30 0.00
26.28 B1 3760.42 2903.28 
26.28 B3 3745.85 2786.57 
26.28 120 13 04 50
26.28 244 0.52
26.285 22 -8.71
26.285 23 0.77
26.285 25 -22.99
26.285 30 0.00
26.285 B1 3770.00 2909.18 
26.285 B3 3749.06 2789.04 
26.285 120 13 04 50
26.285 244 0.52
26.29 22 -8.34
26.29 23 0.99
26.29 25 -22.99
26.29 30 0.00
26.29 B1 3779.21 2914.76 
26.29 B3 3752.15 2792.45 
26.29 120 13 04 50
26.29 244 0.52
26.295 22 -8.41
26.295 23 0.99
26.295 25 -21.11
26.295 30 0.00
26.295 B1 3784.42 2918.69 
26.295 B3 3755.13 2796.81 
26.295 120 13 04 50
26.295 244 0.52
26.3 22 -7.26
26.3 23 1.52
26.3 25 -19.69
26.3 30 0.00
26.3 B1 3795.87 2925.63 
26.3 B3 3758.09 2801.51 
26.3 120 13 04 50
26.3 244 0.52
26.305 22 -6.42
26.305 23 1.89
26.305 25 -19.69
26.305 30 0.00
26.305 B1 3807.65 2933.53 
26.305 B3 3761.99 2809.05 
26.305 120 13 04 50
26.305 244 0.52
26.31 22 -6.57
26.31 23 1.89
26.31 25 -16.62
26.31 30 0.00
26.31 B1 3812.79 2939.60 
26.31 B3 3765.11 2817.66 
26.31 120 13 04 50
26.31 244 0.52
26.315 22 -4.63
26.315 23 2.57
26.315 25 -16.62
26.315 30 0.00
26.315 B1 3820.77 2943.67 
26.315 B3 3766.64 2825.35 
26.315 120 13 04 50
26.315 244 0.52
26.32 22 -4.83
26.32 23 2.51
26.32 25 -12.37
26.32 30 0.00
26.32 B1 3822.89 2949.96 
26.32 B3 3767.89 2835.97 
26.32 120 13 04 50
26.32 244 0.52
26.325 22 -2.07
26.325 23 3.18
26.325 25 -12.37
26.325 30 0.00
26.325 B1 3824.77 2949.48 
26.325 B3 3769.05 2847.56 
26.325 120 13 04 50
26.325 244 0.52
26.33 22 -2.37
26.33 23 3.08
26.33 25 -5.94
26.33 30 0.00
26.33 B1 3822.33 2956.70 
26.33 B3 3769.14 2862.32 
26.33 120 13 04 50
26.33 244 0.52
26.335 22 1.86
26.335 23 3.53
26.335 25 -5.94
26.335 30 0.00
26.335 B1 3806.15 2940.16 
26.335 B3 3769.87 2879.20 
26.335 120 13 04 50
26.335 244 0.52
26.34 22 1.53
26.34 23 3.35
26.34 25 -5.94
26.34 30 0.00
26.34 B1 3792.84 2946.56 
26.34 B3 3767.79 2899.29 
26.34 120 13 04 50
26.34 244 0.52
26.345 22 1.17
26.345 23 3.26
26.345 25 0.00
26.345 30 0.00
26.345 B1 3781.20 2960.12 
26.345 B3 3764.07 2920.20 
26.345 120 13 04 50
26.345 244 0.52
26.35 22 3.25
26.35 23 3.02
26.35 25 0.00
26.35 30 0.00
26.35 B1 3748.29 2944.58 
26.35 B3 3759.48 2940.98 
26.35 120 13 04 50
26.35 244 0.52
26.355 22 3.32
26.355 23 2.87
26.355 25 0.00
26.355 30 0.00
26.355 B1 3721.51 2951.62 
26.355 B3 3752.99 2962.80 
26.355 120 13 04 50
26.355 244 0.52
26.36 22 3.25
26.36 23 2.78
26.36 25 0.00
26.36 30 0.00
26.36 B1 3703.46 2966.84 
26.36 B3 3745.20 2984.79 
26.36 120 13 04 50
26.36 244 0.52
26.365 22 3.15
26.365 23 2.75
26.365 25 0.00
26.365 30 0.00
26.365 B1 3689.77 2983.00 
26.365 B3 3736.61 3006.61 
26.365 120 13 04 50
26.365 244 0.53
26.37 22 2.96
26.37 23 2.74
26.37 25 0.00
26.37 30 0.00
26.37 B1 3679.62 3002.32 
26.37 B3 3728.77 3029.33 
26.37 120 13 04 50
26.37 244 0.52
26.375 22 2.71
26.375 23 2.74
26.375 25 0.00
26.375 30 0.00
26.375 B1 3668.71 3020.92 
26.375 B3 3719.12 3049.83 
26.375 120 13 04 50
26.375 244 0.52
26.38 22 2.42
26.38 23 2.73
26.38 25 0.00
26.38 30 0.00
26.38 B1 3658.99 3040.19 
26.38 B3 3709.75 3070.13 
26.38 120 13 04 50
26.38 244 0.53
26.385 22 2.13
26.385 23 2.72
26.385 25 0.00
26.385 30 0.00
26.385 B1 3651.41 3060.63 
26.385 B3 3701.97 3091.20 
26.385 120 13 04 50
26.385 244 0.53
26.39 22 1.83
26.39 23 2.74
26.39 25 0.00
26.39 30 0.00
26.39 B1 3643.80 3079.80 
26.39 B3 3694.16 3111.14 
26.39 120 13 04 50
26.39 244 0.53
26.395 22 1.53
26.395 23 2.74
26.395 25 0.00
26.395 30 0.00
26.395 B1 3636.48 3098.13 
26.395 B3 3686.57 3130.23 
26.395 120 13 04 50
26.395 244 0.53
26.4 22 1.23
26.4 23 2.75
26.4 25 0.00
26.4 30 0.00
26.4 B1 3629.59 3115.76 
26.4 B3 3679.35 3148.55 
26.4 120 13 04 50
26.4 244 0.53
26.405 22 0.96
26.405 23 2.75
26.405 25 0.00
26.405 30 0.00
26.405 B1 3623.20 3132.76 
26.405 B3 3672.61 3166.19 
26.405 120 13 04 50
26.405 244 0.53
26.41 22 0.69
26.41 23 2.75
26.41 25 0.00
26.41 30 0.00
26.41 B1 3617.34 3149.15 
26.41 B3 3666.38 3183.17 
26.41 120 13 04 50
26.41 244 0.53
26.415 22 0.45
26.415 23 2.75
26.415 25 0.00
26.415 30 0.00
26.415 B1 3612.00 3164.96 
26.415 B3 3660.69 3199.54 
26.415 120 13 04 50
26.415 244 0.53
26.42 22 0.22
26.42 23 2.75
26.42 25 0.00
26.42 30 0.00
26.42 B1 3607.18 3180.22 
26.42 B3 3655.53 3215.32 
26.42 120 13 04 50
26.42 244 0.53
26.425 22 0.01
26.425 23 2.75
26.425 25 0.00
26.425 30 0.00
26.425 B1 3602.87 3194.94 
26.425 B3 3650.91 3230.51 
26.425 120 13 04 50
26.425 244 0.53
26.43 22 -0.19
26.43 23 2.75
26.43 25 0.00
26.43 30 0.00
26.43 B1 3599.05 3209.15 
26.43 B3 3646.80 3245.17 
26.43 120 13 04 50
26.43 244 0.53
26.435 22 -0.36
26.435 23 2.75
26.435 25 0.00
26.435 30 0.00
26.435 B1 3595.69 3222.88 
26.435 B3 3643.18 3259.31 
26.435 120 13 04 50
26.435 244 0.53
26.44 22 -0.52
26.44 23 2.74
26.44 25 0.00
26.44 30 0.00
26.44 B1 3592.76 3236.15 
26.44 B3 3640.04 3272.97 
26.44 120 13 04 50
26.44 244 0.53
26.445 22 -0.66
26.445 23 2.74
26.445 25 0.00
26.445 30 0.00
26.445 B1 3591.58 3250.32 
26.445 B3 3638.54 3287.36 
26.445 120 13 04 50
26.445 244 0.53
26.45 22 -0.78
26.45 23 2.76
26.45 25 0.00
26.45 30 0.00
26.45 B1 3590.09 3263.31 
26.45 B3 3636.96 3300.76 
26.45 120 13 04 50
26.45 244 0.53
26.455 22 -0.90
26.455 23 2.76
26.455 25 0.00
26.455 30 0.00
26.455 B1 3588.65 3275.62 
26.455 B3 3635.49 3313.48 
26.455 120 13 04 50
26.455 244 0.53
26.46 22 -1.00
26.46 23 2.76
26.46 25 0.00
26.46 30 0.00
26.46 B1 3587.42 3287.46 
26.46 B3 3634.26 3325.68 
26.46 120 13 04 50
26.46 244 0.53
26.465 22 -1.08
26.465 23 2.76
26.465 25 0.00
26.465 30 0.00
26.465 B1 3586.46 3298.91 
26.465 B3 3633.28 3337.43 
26.465 120 13 04 50
26.465 244 0.53
26.47 22 -1.16
26.47 23 2.76
26.47 25 0.00
26.47 30 0.00
26.47 B1 3585.79 3310.03 
26.47 B3 3632.59 3348.81 
26.47 120 13 04 50
26.47 244 0.53
26.475 22 -1.22
26.475 23 2.76
26.475 25 0.00
26.475 30 0.00
26.475 B1 3585.41 3320.86 
26.475 B3 3632.17 3359.85 
26.475 120 13 04 50
26.475 244 0.53
26.48 22 -1.28
26.48 23 2.76
26.48 25 0.00
26.48 30 0.00
26.48 B1 3583.97 3330.08 
26.48 B3 3630.84 3369.38 
26.48 120 13 04 50
26.48 244 0.53
26.485 22 -1.33
26.485 23 2.75
26.485 25 0.00
26.485 30 0.00
26.485 B1 3584.81 3341.13 
26.485 B3 3631.46 3380.38 
26.485 120 13 04 50
26.485 244 0.53
26.49 22 -1.37
26.49 23 2.75
26.49 25 0.00
26.49 30 0.00
26.49 B1 3584.18 3350.16 
26.49 B3 3630.92 3389.66 
26.49 120 13 04 50
26.49 244 0.53
26.495 22 -1.40
26.495 23 2.74
26.495 25 0.00
26.495 30 0.00
26.495 B1 3585.62 3360.85 
26.495 B3 3632.18 3400.30 
26.495 120 13 04 50
26.495 244 0.53
26.5 22 -1.43
26.5 23 2.75
26.5 25 0.00
26.5 30 0.00
26.5 B1 3586.82 3370.81 
26.5 B3 3633.36 3410.39 
26.5 120 13 04 50
26.5 244 0.53
26.505 22 -1.45
26.505 23 2.75
26.505 25 0.00
26.505 30 0.00
26.505 B1 3588.01 3380.36 
26.505 B3 3634.60 3420.10 
26.505 120 13 04 50
26.505 244 0.53
26.51 22 -1.47
26.51 23 2.75
26.51 25 0.00
26.51 30 0.00
26.51 B1 3587.97 3388.32 
26.51 B3 3634.74 3428.33 
26.51 120 13 04 50
26.51 244 0.53
26.515 22 -1.48
26.515 23 2.74
26.515 25 0.00
26.515 30 0.00
26.515 B1 3588.77 3396.82 
26.515 B3 3635.50 3436.86 
26.515 120 13 04 50
26.515 244 0.53
26.52 22 -1.49
26.52 23 2.73
26.52 25 0.00
26.52 30 0.00
26.52 B1 3590.02 3405.44 
26.52 B3 3636.70 3445.48 
26.52 120 13 04 50
26.52 244 0.52
26.525 22 -1.50
26.525 23 2.72
26.525 25 0.00
26.525 30 0.00
26.525 B1 3590.26 3412.71 
26.525 B3 3636.98 3452.88 
26.525 120 13 04 50
26.525 244 0.52
26.53 22 -1.50
26.53 23 2.71
26.53 25 0.00
26.53 30 0.00
26.53 B1 3591.39 3420.62 
26.53 B3 3637.99 3460.73 
26.53 120 13 04 50
26.53 244 0.52
26.535 22 -1.50
26.535 23 2.70
26.535 25 0.00
26.535 30 0.00
26.535 B1 3593.01 3428.73 
26.535 B3 3639.46 3468.76 
26.535 120 13 04 50
26.535 244 0.52
26.54 22 -1.49
26.54 23 2.69
26.54 25 0.00
26.54 30 0.00
26.54 B1 3594.91 3436.83 
26.54 B3 3641.24 3476.82 
26.54 120 13 04 50
26.54 244 0.52
26.545 22 -1.49
26.545 23 2.69
26.545 25 0.00
26.545 30 0.00
26.545 B1 3597.00 3444.87 
26.545 B3 3643.25 3484.86 
26.545 120 13 04 50
26.545 244 0.52
26.55 22 -1.48
26.55 23 2.69
26.55 25 0.00
26.55 30 0.00
26.55 B1 3599.24 3452.82 
26.55 B3 3645.43 3492.83 
26.55 120 13 04 50
26.55 244 0.52
26.555 22 -1.47
26.555 23 2.69
26.555 25 0.00
26.555 30 0.00
26.555 B1 3601.60 3460.66 
26.555 B3 3647.76 3500.72 
26.555 120 13 04 50
26.555 244 0.52
26.56 22 -1.46
26.56 23 2.68
26.56 25 0.00
26.56 30 0.00
26.56 B1 3604.07 3468.41 
26.56 B3 3650.19 3508.52 
26.56 120 13 04 50
26.56 244 0.52
26.565 22 -1.45
26.565 23 2.68
26.565 25 0.00
26.565 30 0.00
26.565 B1 3606.64 3476.05 
26.565 B3 3652.75 3516.23 
26.565 120 13 04 50
26.565 244 0.52
26.57 22 -1.43
26.57 23 2.68
26.57 25 0.00
26.57 30 0.00
26.57 B1 3609.32 3483.60 
26.57 B3 3655.39 3523.84 
26.57 120 13 04 50
26.57 244 0.52
26.575 22 -1.42
26.575 23 2.68
26.575 25 0.00
26.575 30 0.00
26.575 B1 3612.08 3491.06 
26.575 B3 3658.14 3531.38 
26.575 120 13 04 50
26.575 244 0.53
26.58 22 -1.40
26.58 23 2.68
26.58 25 0.00
26.58 30 0.00
26.58 B1 3616.25 3499.76 
26.58 B3 3662.16 3540.02 
26.58 120 13 04 50
26.58 244 0.52
26.585 22 -1.38
26.585 23 2.69
26.585 25 0.00
26.585 30 0.00
26.585 B1 3618.48 3506.32 
26.585 B3 3664.56 3546.87 
26.585 120 13 04 50
26.585 244 0.53
26.59 22 -1.37
26.59 23 2.68
26.59 25 0.00
26.59 30 0.00
26.59 B1 3622.50 3514.54 
26.59 B3 3668.46 3555.08 
26.59 120 13 04 50
26.59 244 0.53
26.595 22 -1.35
26.595 23 2.69
26.595 25 0.00
26.595 30 0.00
26.595 B1 3626.06 3522.13 
26.595 B3 3672.06 3562.82 
26.595 120 13 04 50
26.595 244 0.52
26.6 22 -1.33
26.6 23 2.69
26.6 25 0.00
26.6 30 0.00
26.6 B1 3628.14 3528.10 
26.6 B3 3674.33 3569.09 
26.6 120 13 04 50
26.6 244 0.52
26.605 22 -1.31
26.605 23 2.68
26.605 25 0.00
26.605 30 0.00
26.605 B1 3630.89 3534.62 
26.605 B3 3677.03 3575.68 
26.605 120 13 04 50
26.605 244 0.53
26.61 22 -1.29
26.61 23 2.67
26.61 25 0.00
26.61 30 0.00
26.61 B1 3635.28 3542.66 
26.61 B3 3681.21 3583.63 
26.61 120 13 04 50
26.61 244 0.53
26.615 22 -1.27
26.615 23 2.68
26.615 25 0.00
26.615 30 0.00
26.615 B1 3639.17 3550.03 
26.615 B3 3685.07 3591.11 
26.615 120 13 04 50
26.615 244 0.53
26.62 22 -1.25
26.62 23 2.69
26.62 25 0.00
26.62 30 0.00
26.62 B1 3642.85 3557.07 
26.62 B3 3688.79 3598.32 
26.62 120 13 04 50
26.62 244 0.52
26.625 22 -1.23
26.625 23 2.69
26.625 25 0.00
26.625 30 0.00
26.625 B1 3645.17 3562.62 
26.625 B3 3691.25 3604.15 
26.625 120 13 04 50
26.625 244 0.52
26.63 22 -1.22
26.63 23 2.68
26.63 25 0.00
26.63 30 0.00
26.63 B1 3648.17 3568.77 
26.63 B3 3694.20 3610.38 
26.63 120 13 04 50
26.63 244 0.53
26.635 22 -1.20
26.635 23 2.67
26.635 25 0.00
26.635 30 0.00
26.635 B1 3652.84 3576.47 
26.635 B3 3698.63 3617.98 
26.635 120 13 04 50
26.635 244 0.53
26.64 22 -1.18
26.64 23 2.68
26.64 25 0.00
26.64 30 0.00
26.64 B1 3657.01 3583.53 
26.64 B3 3702.77 3625.15 
26.64 120 13 04 50
26.64 244 0.53
26.645 22 -1.16
26.645 23 2.68
26.645 25 0.00
26.645 30 0.00
26.645 B1 3660.97 3590.28 
26.645 B3 3706.75 3632.06 
26.645 120 13 04 50
26.645 244 0.53
26.65 22 -1.14
26.65 23 2.68
26.65 25 0.00
26.65 30 0.00
26.65 B1 3664.88 3596.87 
26.65 B3 3710.67 3638.81 
26.65 120 13 04 50
26.65 244 0.53
26.655 22 -1.12
26.655 23 2.68
26.655 25 0.00
26.655 30 0.00
26.655 B1 3668.77 3603.35 
26.655 B3 3714.59 3645.45 
26.655 120 13 04 50
26.655 244 0.53
26.66 22 -1.10
26.66 23 2.68
26.66 25 0.00
26.66 30 0.00
26.66 B1 3674.00 3611.08 
26.66 B3 3719.70 3653.20 
26.66 120 13 04 50
26.66 244 0.53
26.665 22 -1.08
26.665 23 2.69
26.665 25 0.00
26.665 30 0.00
26.665 B1 3677.27 3616.72 
26.665 B3 3723.16 3659.18 
26.665 120 13 04 50
26.665 244 0.53
26.67 22 -1.06
26.67 23 2.69
26.67 25 0.00
26.67 30 0.00
26.67 B1 3680.94 3622.71 
26.67 B3 3726.85 3665.32 
26.67 120 13 04 50
26.67 244 0.53
26.675 22 -1.04
26.675 23 2.68
26.675 25 0.00
26.675 30 0.00
26.675 B1 3684.82 3628.82 
26.675 B3 3730.72 3671.55 
26.675 120 13 04 50
26.675 244 0.53
26.68 22 -1.02
26.68 23 2.68
26.68 25 0.00
26.68 30 0.00
26.68 B1 3688.82 3634.97 
26.68 B3 3734.68 3677.78 
26.68 120 13 04 50
26.68 244 0.53
26.685 22 -1.00
26.685 23 2.68
26.685 25 0.00
26.685 30 0.00
26.685 B1 3694.22 3642.42 
26.685 B3 3739.91 3685.21 
26.685 120 13 04 50
26.685 244 0.53
26.69 22 -0.98
26.69 23 2.69
26.69 25 0.00
26.69 30 0.00
26.69 B1 3698.98 3649.15 
26.69 B3 3744.73 3692.11 
26.69 120 13 04 50
26.69 244 0.53
26.695 22 -0.96
26.695 23 2.69
26.695 25 0.00
26.695 30 0.00
26.695 B1 3702.15 3654.21 
26.695 B3 3748.11 3697.51 
26.695 120 13 04 50
26.695 244 0.53
26.7 22 -0.94
26.7 23 2.68
26.7 25 0.00
26.7 30 0.00
26.7 B1 3707.22 3661.12 
26.7 B3 3753.07 3704.42 
26.7 120 13 04 50
26.7 244 0.53
26.705 22 -0.92
26.705 23 2.69
26.705 25 0.00
26.705 30 0.00
26.705 B1 3711.89 3667.54 
26.705 B3 3757.77 3710.98 
26.705 120 13 04 50
26.705 244 0.53
26.71 22 -0.90
26.71 23 2.69
26.71 25 0.00
26.71 30 0.00
26.71 B1 3716.40 3673.72 
26.71 B3 3762.34 3717.34 
26.71 120 13 04 50
26.71 244 0.53
26.715 22 -0.89
26.715 23 2.69
26.715 25 0.00
26.715 30 0.00
26.715 B1 3720.84 3679.78 
26.715 B3 3766.84 3723.56 
26.715 120 13 04 50
26.715 244 0.53
26.72 22 -0.87
26.72 23 2.69
26.72 25 0.00
26.72 30 0.00
26.72 B1 3725.26 3685.76 
26.72 B3 3771.32 3729.70 
26.72 120 13 04 50
26.72 244 0.53
26.725 22 -0.85
26.725 23 2.69
26.725 25 0.00
26.725 30 0.00
26.725 B1 3729.71 3691.69 
26.725 B3 3775.80 3735.77 
26.725 120 13 04 50
26.725 244 0.53
26.73 22 -0.83
26.73 23 2.69
26.73 25 0.00
26.73 30 0.00
26.73 B1 3734.17 3697.57 
26.73 B3 3780.29 3741.78 
26.73 120 13 04 50
26.73 244 0.53
26.735 22 -0.82
26.735 23 2.69
26.735 25 0.00
26.735 30 0.00
26.735 B1 3738.64 3703.43 
26.735 B3 3784.80 3747.76 
26.735 120 13 04 50
26.735 244 0.53
26.74 22 -0.80
26.74 23 2.69
26.74 25 -1.91
26.74 30 0.00
26.74 B1 3743.15 3709.25 
26.74 B3 3789.34 3753.70 
26.74 120 13 04 50
26.74 244 0.54
26.745 22 -2.14
26.745 23 2.65
26.745 25 -1.91
26.745 30 0.00
26.745 B1 3747.48 3714.83 
26.745 B3 3795.09 3760.79 
26.745 120 13 04 50
26.745 244 0.54
26.75 22 -2.07
26.75 23 2.65
26.75 25 -6.76
26.75 30 0.00
26.75 B1 3752.94 3719.57 
26.75 B3 3801.13 3766.54 
26.75 120 13 04 50
26.75 244 0.54
26.755 22 -5.76
26.755 23 2.24
26.755 25 -6.76
26.755 30 0.00
26.755 B1 3747.23 3712.20 
26.755 B3 3808.52 3772.74 
26.755 120 13 04 50
26.755 244 0.54
26.76 22 -5.55
26.76 23 2.20
26.76 25 -6.76
26.76 30 0.00
26.76 B1 3750.94 3708.69 
26.76 B3 3817.30 3775.50 
26.76 120 13 04 50
26.76 244 0.54
26.765 22 -5.36
26.765 23 2.20
26.765 25 -9.60
26.765 30 0.00
26.765 B1 3758.97 3707.11 
26.765 B3 3826.74 3776.32 
26.765 120 13 04 50
26.765 244 0.54
26.77 22 -7.04
26.77 23 1.81
26.77 25 -9.60
26.77 30 0.00
26.77 B1 3756.15 3693.68 
26.77 B3 3836.46 3776.10 
26.77 120 13 04 50
26.77 244 0.54
26.775 22 -6.85
26.775 23 1.76
26.775 25 -11.26
26.775 30 0.00
26.775 B1 3762.40 3686.78 
26.775 B3 3846.98 3773.96 
26.775 120 13 04 50
26.775 244 0.54
26.78 22 -7.52
26.78 23 1.52
26.78 25 -15.05
26.78 30 0.00
26.78 B1 3763.79 3673.91 
26.78 B3 3857.81 3770.75 
26.78 120 13 04 50
26.78 244 0.54
26.785 22 -7.79
26.785 23 1.12
26.785 25 -15.05
26.785 30 0.00
26.785 B1 3755.60 3651.71 
26.785 B3 3870.20 3767.54 
26.785 120 13 04 50
26.785 244 0.54
26.79 22 -7.80
26.79 23 1.00
26.79 25 -16.59
26.79 30 0.00
26.79 B1 3758.91 3639.61 
26.79 B3 3882.15 3762.63 
26.79 120 13 04 50
26.79 244 0.54
26.795 22 -7.81
26.795 23 0.89
26.795 25 -16.59
26.795 30 0.00
26.795 B1 3756.19 3620.79 
26.795 B3 3893.74 3756.67 
26.795 120 13 04 50
26.795 244 0.54
26.8 22 -7.82
26.8 23 0.79
26.8 25 -19.07
26.8 30 0.00
26.8 B1 3762.62 3610.94 
26.8 B3 3905.00 3750.00 
26.8 120 13 04 50
26.8 244 0.54
26.805 22 -7.83
26.805 23 0.70
26.805 25 -19.67
26.805 30 0.00
26.805 B1 3750.33 3582.23 
26.805 B3 3915.98 3742.88 
26.805 120 13 04 50
26.805 244 0.55
26.81 22 -7.85
26.81 23 0.54
26.81 25 -19.67
26.81 30 0.00
26.81 B1 3746.84 3562.87 
26.81 B3 3927.87 3736.64 
26.81 120 13 04 50
26.81 244 0.55
26.815 22 -7.86
26.815 23 0.43
26.815 25 -19.67
26.815 30 0.00
26.815 B1 3753.19 3553.64 
26.815 B3 3939.02 3729.62 
26.815 120 13 04 50
26.815 244 0.55
26.82 22 -7.88
26.82 23 0.38
26.82 25 -20.02
26.82 30 0.00
26.82 B1 3764.57 3549.43 
26.82 B3 3949.60 3722.11 
26.82 120 13 04 50
26.82 244 0.55
26.825 22 -7.90
26.825 23 0.36
26.825 25 -20.26
26.825 30 0.00
26.825 B1 3774.76 3543.95 
26.825 B3 3959.77 3714.32 
26.825 120 13 04 50
26.825 244 0.55
26.83 22 -7.93
26.83 23 0.32
26.83 25 -20.26
26.83 30 0.00
26.83 B1 3785.47 3539.09 
26.83 B3 3969.64 3706.38 
26.83 120 13 04 50
26.83 244 0.55
26.835 22 -7.95
26.835 23 0.29
26.835 25 -20.38
26.835 30 0.00
26.835 B1 3798.80 3536.96 
26.835 B3 3979.29 3698.39 
26.835 120 13 04 50
26.835 244 0.55
26.84 22 -7.99
26.84 23 0.28
26.84 25 -20.49
26.84 30 0.00
26.84 B1 3812.19 3534.93 
26.84 B3 3988.75 3690.41 
26.84 120 13 04 50
26.84 244 0.55
26.845 22 -8.02
26.845 23 0.27
26.845 25 -20.49
26.845 30 0.00
26.845 B1 3826.85 3534.24 
26.845 B3 3999.26 3683.67 
26.845 120 13 04 50
26.845 244 0.55
26.85 22 -8.06
26.85 23 0.27
26.85 25 -20.61
26.85 30 0.00
26.85 B1 3841.93 3534.02 
26.85 B3 4009.20 3676.51 
26.85 120 13 04 50
26.85 244 0.56
26.855 22 -8.09
26.855 23 0.27
26.855 25 -20.61
26.855 30 0.00
26.855 B1 3857.32 3534.18 
26.855 B3 4019.97 3670.36 
26.855 120 13 04 50
26.855 244 0.56
26.86 22 -8.13
26.86 23 0.28
26.86 25 -20.61
26.86 30 0.00
26.86 B1 3872.59 3534.29 
26.86 B3 4030.02 3663.64 
26.86 120 13 04 50
26.86 244 0.55
26.865 22 -8.18
26.865 23 0.28
26.865 25 -20.61
26.865 30 0.00
26.865 B1 3886.36 3532.99 
26.865 B3 4038.43 3655.48 
26.865 120 13 04 50
26.865 244 0.56
26.87 22 -8.22
26.87 23 0.28
26.87 25 -20.61
26.87 30 0.00
26.87 B1 3901.82 3533.57 
26.87 B3 4048.17 3648.96 
26.87 120 13 04 50
26.87 244 0.56
26.875 22 -8.27
26.875 23 0.29
26.875 25 -20.61
26.875 30 0.00
26.875 B1 3916.78 3533.71 
26.875 B3 4057.53 3642.23 
26.875 120 13 04 50
26.875 244 0.56
26.88 22 -8.32
26.88 23 0.29
26.88 25 -20.61
26.88 30 0.00
26.88 B1 3931.36 3533.59 
26.88 B3 4066.62 3635.46 
26.88 120 13 04 50
26.88 244 0.56
26.885 22 -8.37
26.885 23 0.30
26.885 25 -20.61
26.885 30 0.00
26.885 B1 3946.95 3534.61 
26.885 B3 4076.73 3629.94 
26.885 120 13 04 50
26.885 244 0.56
26.89 22 -8.42
26.89 23 0.31
26.89 25 -20.61
26.89 30 0.00
26.89 B1 3961.68 3534.85 
26.89 B3 4086.28 3623.98 
26.89 120 13 04 50
26.89 244 0.56
26.895 22 -8.47
26.895 23 0.32
26.895 25 -20.61
26.895 30 0.00
26.895 B1 3975.84 3534.51 
26.895 B3 4095.45 3617.87 
26.895 120 13 04 50
26.895 244 0.56
26.9 22 -8.52
26.9 23 0.33
26.9 25 -20.61
26.9 30 0.00
26.9 B1 3989.56 3533.67 
26.9 B3 4104.36 3611.74 
26.9 120 13 04 50
26.9 244 0.56
26.905 22 -8.58
26.905 23 0.34
26.905 25 -20.61
26.905 30 0.00
26.905 B1 4002.95 3532.35 
26.905 B3 4113.09 3605.67 
26.905 120 13 04 50
26.905 244 0.56
26.91 22 -8.64
26.91 23 0.34
26.91 25 -20.61
26.91 30 0.00
26.91 B1 4016.05 3530.61 
26.91 B3 4121.70 3599.72 
26.91 120 13 04 50
26.91 244 0.56
26.915 22 -8.69
26.915 23 0.35
26.915 25 -20.61
26.915 30 0.00
26.915 B1 4028.88 3528.47 
26.915 B3 4130.19 3593.88 
26.915 120 13 04 50
26.915 244 0.56
26.92 22 -8.75
26.92 23 0.35
26.92 25 -20.61
26.92 30 0.00
26.92 B1 4041.46 3526.00 
26.92 B3 4138.59 3588.20 
26.92 120 13 04 50
26.92 244 0.56
26.925 22 -8.81
26.925 23 0.35
26.925 25 -20.61
26.925 30 0.00
26.925 B1 4053.73 3523.22 
26.925 B3 4146.91 3582.66 
26.925 120 13 04 50
26.925 244 0.56
26.93 22 -8.87
26.93 23 0.36
26.93 25 -20.61
26.93 30 0.00
26.93 B1 4065.65 3520.23 
26.93 B3 4155.17 3577.27 
26.93 120 13 04 50
26.93 244 0.56
26.935 22 -8.89
26.935 23 0.36
26.935 25 -20.61
26.935 30 0.00
26.935 B1 4077.24 3518.66 
26.935 B3 4163.35 3572.03 
26.935 120 13 04 50
26.935 244 0.56
26.94 22 -8.92
26.94 23 0.38
26.94 25 -20.61
26.94 30 0.00
26.94 B1 4088.43 3517.73 
26.94 B3 4171.45 3566.96 
26.94 120 13 04 50
26.94 244 0.56
26.945 22 -8.95
26.945 23 0.39
26.945 25 -20.61
26.945 30 0.00
26.945 B1 4099.24 3517.10 
26.945 B3 4179.46 3562.09 
26.945 120 13 04 50
26.945 244 0.56
26.95 22 -8.97
26.95 23 0.40
26.95 25 -20.61
26.95 30 0.00
26.95 B1 4109.68 3516.63 
26.95 B3 4187.38 3557.42 
26.95 120 13 04 50
26.95 244 0.56
26.955 22 -9.00
26.955 23 0.42
26.955 25 -20.61
26.955 30 0.00
26.955 B1 4119.77 3516.27 
26.955 B3 4195.20 3552.97 
26.955 120 13 04 50
26.955 244 0.56
26.96 22 -9.03
26.96 23 0.43
26.96 25 -20.61
26.96 30 0.00
26.96 B1 4129.50 3515.95 
26.96 B3 4202.92 3548.73 
26.96 120 13 04 50
26.96 244 0.56
26.965 22 -9.05
26.965 23 0.44
26.965 25 -20.61
26.965 30 0.00
26.965 B1 4138.90 3515.70 
26.965 B3 4210.54 3544.71 
26.965 120 13 04 50
26.965 244 0.56
26.97 22 -9.08
26.97 23 0.46
26.97 25 -20.61
26.97 30 0.00
26.97 B1 4148.00 3515.50 
26.97 B3 4218.07 3540.91 
26.97 120 13 04 50
26.97 244 0.56
26.975 22 -9.10
26.975 23 0.47
26.975 25 -20.61
26.975 30 0.00
26.975 B1 4156.81 3515.35 
26.975 B3 4225.49 3537.31 
26.975 120 13 04 50
26.975 244 0.56
26.98 22 -9.13
26.98 23 0.48
26.98 25 -20.61
26.98 30 0.00
26.98 B1 4165.36 3515.24 
26.98 B3 4232.82 3533.94 
26.98 120 13 04 50
26.98 244 0.56
26.985 22 -9.16
26.985 23 0.50
26.985 25 -20.61
26.985 30 0.00
26.985 B1 4173.65 3515.20 
26.985 B3 4240.04 3530.77 
26.985 120 13 04 50
26.985 244 0.56
26.99 22 -9.18
26.99 23 0.51
26.99 25 -20.61
26.99 30 0.00
26.99 B1 4181.69 3515.19 
26.99 B3 4247.16 3527.80 
26.99 120 13 04 50
26.99 244 0.56
26.995 22 -9.21
26.995 23 0.52
26.995 25 -20.61
26.995 30 0.00
26.995 B1 4190.83 3516.55 
26.995 B3 4255.38 3526.23 
26.995 120 13 04 50
26.995 244 0.56
27 22 -9.23
27 23 0.55
27 25 -20.61
27 30 0.00
27 B1 4198.23 3515.91 
27 B3 4261.89 3523.13 
27 120 13 04 50
27 244 0.56
27.005 22 -9.25
27.005 23 0.55
27.005 25 -20.61
27.005 30 0.00
27.005 B1 4206.04 3515.73 
27.005 B3 4268.44 3520.46 
27.005 120 13 04 50
27.005 244 0.56
27.01 22 -9.27
27.01 23 0.56
27.01 25 -20.61
27.01 30 0.00
27.01 B1 4213.97 3515.79 
27.01 B3 4274.99 3518.11 
27.01 120 13 04 50
27.01 244 0.56
27.015 22 -9.29
27.015 23 0.57
27.015 25 -20.49
27.015 30 0.00
27.015 B1 4221.85 3515.96 
27.015 B3 4281.50 3516.03 
27.015 120 13 04 50
27.015 244 0.56
27.02 22 -9.26
27.02 23 0.61
27.02 25 -20.49
27.02 30 0.00
27.02 B1 4231.65 3518.12 
27.02 B3 4289.15 3515.37 
27.02 120 13 04 50
27.02 244 0.56
27.025 22 -9.28
27.025 23 0.64
27.025 25 -20.49
27.025 30 0.00
27.025 B1 4240.35 3519.30 
27.025 B3 4296.29 3514.43 
27.025 120 13 04 50
27.025 244 0.56
27.03 22 -9.31
27.03 23 0.66
27.03 25 -20.38
27.03 30 0.00
27.03 B1 4247.03 3518.76 
27.03 B3 4301.89 3512.23 
27.03 120 13 04 50
27.03 244 0.56
27.035 22 -9.28
27.035 23 0.69
27.035 25 -20.38
27.035 30 0.00
27.035 B1 4254.55 3519.38 
27.035 B3 4307.65 3510.60 
27.035 120 13 04 50
27.035 244 0.56
27.04 22 -9.30
27.04 23 0.69
27.04 25 -19.90
27.04 30 0.00
27.04 B1 4261.69 3519.99 
27.04 B3 4313.48 3509.42 
27.04 120 13 04 50
27.04 244 0.56
27.045 22 -9.08
27.045 23 0.81
27.045 25 -19.31
27.045 30 0.00
27.045 B1 4271.22 3522.74 
27.045 B3 4319.31 3508.54 
27.045 120 13 04 50
27.045 244 0.56
27.05 22 -8.78
27.05 23 0.98
27.05 25 -19.07
27.05 30 0.00
27.05 B1 4283.58 3528.20 
27.05 B3 4326.26 3509.34 
27.05 120 13 04 50
27.05 244 0.56
27.055 22 -8.69
27.055 23 1.07
27.055 25 -17.06
27.055 30 0.00
27.055 B1 4292.67 3530.92 
27.055 B3 4331.46 3509.11 
27.055 120 13 04 50
27.055 244 0.56
27.06 22 -7.38
27.06 23 1.60
27.06 25 -16.11
27.06 30 0.00
27.06 B1 4308.78 3539.37 
27.06 B3 4336.69 3509.70 
27.06 120 13 04 50
27.06 244 0.56
27.065 22 -6.79
27.065 23 1.85
27.065 25 -14.69
27.065 30 0.00
27.065 B1 4322.36 3546.94 
27.065 B3 4341.60 3512.14 
27.065 120 13 04 50
27.065 244 0.56
27.07 22 -5.86
27.07 23 2.18
27.07 25 -14.69
27.07 30 0.00
27.07 B1 4336.25 3556.11 
27.07 B3 4347.34 3517.42 
27.07 120 13 04 50
27.07 244 0.56
27.075 22 -6.03
27.075 23 2.19
27.075 25 -13.15
27.075 30 0.00
27.075 B1 4344.17 3562.90 
27.075 B3 4352.15 3523.98 
27.075 120 13 04 50
27.075 244 0.56
27.08 22 -5.04
27.08 23 2.49
27.08 25 -11.85
27.08 30 0.00
27.08 B1 4351.05 3568.92 
27.08 B3 4355.22 3529.94 
27.08 120 13 04 50
27.08 244 0.56
27.085 22 -4.30
27.085 23 2.67
27.085 25 -8.53
27.085 30 0.00
27.085 B1 4356.59 3575.53 
27.085 B3 4358.04 3537.67 
27.085 120 13 04 50
27.085 244 0.56
27.09 22 -2.21
27.09 23 3.04
27.09 25 -8.53
27.09 30 0.00
27.09 B1 4361.45 3581.07 
27.09 B3 4361.59 3548.16 
27.09 120 13 04 50
27.09 244 0.56
27.095 22 -2.48
27.095 23 3.00
27.095 25 -5.93
27.095 30 0.00
27.095 B1 4362.28 3589.48 
27.095 B3 4363.63 3560.60 
27.095 120 13 04 50
27.095 244 0.56
27.1 22 -0.75
27.1 23 3.18
27.1 25 -3.80
27.1 30 0.00
27.1 B1 4358.47 3593.44 
27.1 B3 4364.76 3573.87 
27.1 120 13 04 50
27.1 244 0.56
27.105 22 0.61
27.105 23 3.20
27.105 25 -3.80
27.105 30 0.00
27.105 B1 4349.22 3595.68 
27.105 B3 4364.50 3588.78 
27.105 120 13 04 50
27.105 244 0.56
27.11 22 0.25
27.11 23 3.12
27.11 25 -3.21
27.11 30 0.00
27.11 B1 4340.97 3605.43 
27.11 B3 4362.65 3605.37 
27.11 120 13 04 50
27.11 244 0.56
27.115 22 0.37
27.115 23 3.09
27.115 25 -0.61
27.115 30 0.00
27.115 B1 4332.04 3616.17 
27.115 B3 4359.87 3622.53 
27.115 120 13 04 50
27.115 244 0.56
27.12 22 1.99
27.12 23 3.01
27.12 25 -0.61
27.12 30 0.00
27.12 B1 4314.61 3617.72 
27.12 B3 4355.18 3638.80 
27.12 120 13 04 50
27.12 244 0.56
27.125 22 1.64
27.125 23 2.93
27.125 25 0.00
27.125 30 0.00
27.125 B1 4301.54 3628.60 
27.125 B3 4349.55 3656.59 
27.125 120 13 04 50
27.125 244 0.56
27.13 22 1.75
27.13 23 2.87
27.13 25 0.00
27.13 30 0.00
27.13 B1 4290.19 3642.03 
27.13 B3 4344.63 3676.07 
27.13 120 13 04 50
27.13 244 0.56
27.135 22 1.42
27.135 23 2.85
27.135 25 0.00
27.135 30 0.00
27.135 B1 4280.75 3658.05 
27.135 B3 4338.85 3695.25 
27.135 120 13 04 50
27.135 244 0.56
27.14 22 1.09
27.14 23 2.84
27.14 25 0.00
27.14 30 0.00
27.14 B1 4272.58 3674.92 
27.14 B3 4332.70 3714.00 
27.14 120 13 04 50
27.14 244 0.56
27.145 22 0.78
27.145 23 2.84
27.145 25 0.00
27.145 30 0.00
27.145 B1 4265.34 3691.87 
27.145 B3 4326.49 3732.22 
27.145 120 13 04 50
27.145 244 0.56
27.15 22 0.49
27.15 23 2.84
27.15 25 0.00
27.15 30 0.00
27.15 B1 4258.84 3708.56 
27.15 B3 4320.41 3749.89 
27.15 120 13 04 50
27.15 244 0.56
27.155 22 0.22
27.155 23 2.84
27.155 25 0.00
27.155 30 0.00
27.155 B1 4252.96 3724.86 
27.155 B3 4314.60 3767.00 
27.155 120 13 04 50
27.155 244 0.56
27.16 22 -0.04
27.16 23 2.84
27.16 25 0.00
27.16 30 0.00
27.16 B1 4247.63 3740.68 
27.16 B3 4309.15 3783.57 
27.16 120 13 04 50
27.16 244 0.56
27.165 22 -0.28
27.165 23 2.84
27.165 25 0.00
27.165 30 0.00
27.165 B1 4242.80 3756.03 
27.165 B3 4304.09 3799.59 
27.165 120 13 04 50
27.165 244 0.56
27.17 22 -0.50
27.17 23 2.84
27.17 25 0.00
27.17 30 0.00
27.17 B1 4238.46 3770.91 
27.17 B3 4299.46 3815.09 
27.17 120 13 04 50
27.17 244 0.56
27.175 22 -0.70
27.175 23 2.84
27.175 25 0.00
27.175 30 0.00
27.175 B1 4234.57 3785.33 
27.175 B3 4295.26 3830.08 
27.175 120 13 04 50
27.175 244 0.56
27.18 22 -0.88
27.18 23 2.83
27.18 25 0.00
27.18 30 0.00
27.18 B1 4231.10 3799.31 
27.18 B3 4291.50 3844.60 
27.18 120 13 04 50
27.18 244 0.56
27.185 22 -1.05
27.185 23 2.83
27.185 25 0.00
27.185 30 0.00
27.185 B1 4228.05 3812.88 
27.185 B3 4288.15 3858.65 
27.185 120 13 04 50
27.185 244 0.56
27.19 22 -1.20
27.19 23 2.83
27.19 25 0.00
27.19 30 0.00
27.19 B1 4225.38 3826.05 
27.19 B3 4285.21 3872.28 
27.19 120 13 04 50
27.19 244 0.56
27.195 22 -1.33
27.195 23 2.83
27.195 25 0.00
27.195 30 0.00
27.195 B1 4223.08 3838.85 
27.195 B3 4282.66 3885.49 
27.195 120 13 04 50
27.195 244 0.56
27.2 22 -1.45
27.2 23 2.83
27.2 25 0.00
27.2 30 0.00
27.2 B1 4221.13 3851.29 
27.2 B3 4280.50 3898.31 
27.2 120 13 04 50
27.2 244 0.56
27.205 22 -1.56
27.205 23 2.83
27.205 25 0.00
27.205 30 0.00
27.205 B1 4219.50 3863.40 
27.205 B3 4278.69 3910.77 
27.205 120 13 04 50
27.205 244 0.56
27.21 22 -1.66
27.21 23 2.83
27.21 25 0.00
27.21 30 0.00
27.21 B1 4218.19 3875.20 
27.21 B3 4277.21 3922.88 
27.21 120 13 04 50
27.21 244 0.56
27.215 22 -1.74
27.215 23 2.83
27.215 25 0.00
27.215 30 0.00
27.215 B1 4215.86 3885.38 
27.215 B3 4274.85 3933.46 
27.215 120 13 04 50
27.215 244 0.56
27.22 22 -1.82
27.22 23 2.81
27.22 25 0.00
27.22 30 0.00
27.22 B1 4214.41 3895.94 
27.22 B3 4273.23 3944.21 
27.22 120 13 04 50
27.22 244 0.56
27.225 22 -1.88
27.225 23 2.80
27.225 25 0.00
27.225 30 0.00
27.225 B1 4213.54 3906.56 
27.225 B3 4272.17 3954.95 
27.225 120 13 04 50
27.225 244 0.56
27.23 22 -1.94
27.23 23 2.80
27.23 25 0.00
27.23 30 0.00
27.23 B1 4213.08 3917.08 
27.23 B3 4271.52 3965.57 
27.23 120 13 04 50
27.23 244 0.56
27.235 22 -1.99
27.235 23 2.80
27.235 25 0.00
27.235 30 0.00
27.235 B1 4211.63 3926.12 
27.235 B3 4270.04 3974.84 
27.235 120 13 04 50
27.235 244 0.56
27.24 22 -2.03
27.24 23 2.78
27.24 25 0.00
27.24 30 0.00
27.24 B1 4212.37 3936.97 
27.24 B3 4270.48 3985.59 
27.24 120 13 04 50
27.24 244 0.56
27.245 22 -2.06
27.245 23 2.78
27.245 25 0.00
27.245 30 0.00
27.245 B1 4213.05 3947.28 
27.245 B3 4271.02 3995.97 
27.245 120 13 04 50
27.245 244 0.56
27.25 22 -2.09
27.25 23 2.79
27.25 25 0.00
27.25 30 0.00
27.25 B1 4212.47 3955.93 
27.25 B3 4270.50 4004.85 
27.25 120 13 04 50
27.25 244 0.56
27.255 22 -2.11
27.255 23 2.77
27.255 25 0.00
27.255 30 0.00
27.255 B1 4212.61 3964.97 
27.255 B3 4270.56 4013.95 
27.255 120 13 04 50
27.255 244 0.56
27.26 22 -2.13
27.26 23 2.77
27.26 25 0.00
27.26 30 0.00
27.26 B1 4213.19 3974.11 
27.26 B3 4271.03 4023.10 
27.26 120 13 04 50
27.26 244 0.56
27.265 22 -2.14
27.265 23 2.76
27.265 25 0.00
27.265 30 0.00
27.265 B1 4214.11 3983.25 
27.265 B3 4271.83 4032.23 
27.265 120 13 04 50
27.265 244 0.56
27.27 22 -2.15
27.27 23 2.76
27.27 25 0.00
27.27 30 0.00
27.27 B1 4215.24 3992.29 
27.27 B3 4272.87 4041.29 
27.27 120 13 04 50
27.27 244 0.56
27.275 22 -2.15
27.275 23 2.76
27.275 25 0.00
27.275 30 0.00
27.275 B1 4216.57 4001.22 
27.275 B3 4274.13 4050.25 
27.275 120 13 04 50
27.275 244 0.56
27.28 22 -1.90
27.28 23 2.88
27.28 25 0.00
27.28 30 0.00
27.28 B1 4218.06 3761.70 
27.28 B3 4275.56 4059.10 
27.28 120 13 04 50
27.28 244 0.55
27.285 22 -1.66
27.285 23 1.24
27.285 25 0.00
27.285 30 0.00
27.285 B1 4220.65 3766.19 
27.285 B3 4269.92 4072.81 
27.285 120 13 04 50
27.285 244 0.55
27.29 22 -1.57
27.29 23 1.17
27.29 25 0.00
27.29 30 0.00
27.29 B1 4225.56 3777.34 
27.29 B3 4258.20 4091.32 
27.29 120 13 04 50
27.29 244 0.56
27.295 22 -1.48
27.295 23 1.14
27.295 25 0.00
27.295 30 0.00
27.295 B1 4233.65 3788.36 
27.295 B3 4243.68 4115.10 
27.295 120 13 04 50
27.295 244 0.55
27.3 22 -1.42
27.3 23 1.13
27.3 25 0.00
27.3 30 0.00
27.3 B1 4241.57 3796.58 
27.3 B3 4225.10 4141.33 
27.3 120 13 04 50
27.3 244 0.55
27.305 22 -1.36
27.305 23 1.08
27.305 25 0.00
27.305 30 0.00
27.305 B1 4251.45 3806.34 
27.305 B3 4205.70 4171.88 
27.305 120 13 04 50
27.305 244 0.55
27.31 22 -1.31
27.31 23 1.03
27.31 25 0.00
27.31 30 0.00
27.31 B1 4263.27 3814.77 
27.31 B3 4186.33 4207.13 
27.31 120 13 04 50
27.31 244 0.55
27.315 22 -1.28
27.315 23 0.98
27.315 25 0.00
27.315 30 0.00
27.315 B1 4277.14 3823.83 
27.315 B3 4167.54 4247.76 
27.315 120 13 04 50
27.315 244 0.56
27.32 22 -1.25
27.32 23 0.94
27.32 25 0.00
27.32 30 0.00
27.32 B1 4294.58 3833.71 
27.32 B3 4150.89 4295.87 
27.32 120 13 04 50
27.32 244 0.56
27.325 22 -1.23
27.325 23 0.91
27.325 25 0.00
27.325 30 0.00
27.325 B1 4314.10 3841.73 
27.325 B3 4134.71 4351.19 
27.325 120 13 04 50
27.325 244 0.56
27.33 22 -1.22
27.33 23 0.86
27.33 25 0.00
27.33 30 0.00
27.33 B1 4336.26 3849.60 
27.33 B3 4119.43 4415.28 
27.33 120 13 04 50
27.33 244 0.55
27.335 22 -1.47
27.335 23 1.35
27.335 25 0.00
27.335 30 0.00
27.335 B1 4360.29 3865.63 
27.335 B3 4104.02 4488.81 
27.335 120 13 04 50
27.335 244 0.55
27.34 22 -1.54
27.34 23 1.36
27.34 25 0.00
27.34 30 0.00
27.34 B1 4387.99 3876.11 
27.34 B3 4091.86 4572.98 
27.34 120 13 04 50
27.34 244 0.55
27.345 22 -1.56
27.345 23 1.31
27.345 25 0.00
27.345 30 0.00
27.345 B1 4419.49 3883.68 
27.345 B3 4081.98 4668.68 
27.345 120 13 04 50
27.345 244 0.55
27.35 22 -1.60
27.35 23 1.28
27.35 25 0.00
27.35 30 0.00
27.35 B1 4455.37 3891.12 
27.35 B3 4073.43 4769.01 
27.35 120 13 04 50
27.35 244 0.56
27.355 22 -1.66
27.355 23 1.30
27.355 25 0.00
27.355 30 0.00
27.355 B1 4497.62 3899.55 
27.355 B3 4066.95 4865.75 
27.355 120 13 04 50
27.355 244 0.56
27.36 22 -1.72
27.36 23 1.32
27.36 25 0.00
27.36 30 0.00
27.36 B1 4545.56 3906.63 
27.36 B3 4060.27 4958.26 
27.36 120 13 04 50
27.36 244 0.55
27.365 22 -1.62
27.365 23 0.92
27.365 25 0.00
27.365 30 0.00
27.365 B1 4598.97 3911.55 
27.365 B3 4052.69 5121.17 
27.365 120 13 04 50
27.365 244 0.56
27.37 22 -1.68
27.37 23 0.90
27.37 25 0.00
27.37 30 0.00
27.37 B1 4660.32 3918.78 
27.37 B3 4047.82 5285.13 
27.37 120 13 04 50
27.37 244 0.56
27.375 22 -1.73
27.375 23 0.90
27.375 25 0.00
27.375 30 0.00
27.375 B1 4729.09 3924.65 
27.375 B3 4042.69 5448.94 
27.375 120 13 04 50
27.375 244 0.56
27.38 22 -1.77
27.38 23 0.88
27.38 25 0.00
27.38 30 0.00
27.38 B1 4806.42 3930.53 
27.38 B3 4037.78 5612.60 
27.38 120 13 04 50
27.38 244 0.56
27.385 22 -1.81
27.385 23 0.85
27.385 25 0.00
27.385 30 0.00
27.385 B1 4893.54 3936.36 
27.385 B3 4033.17 5776.11 
27.385 120 13 04 50
27.385 244 0.56
27.39 22 -1.84
27.39 23 -0.12
27.39 25 0.00
27.39 30 0.00
27.39 B1 5075.63 4091.74 
27.39 B3 4030.02 5940.67 
27.39 120 13 04 50
27.39 244 0.56
27.395 22 -1.63
27.395 23 -0.17
27.395 25 0.00
27.395 30 0.00
27.395 B1 5256.20 4232.72 
27.395 B3 4028.28 6103.88 
27.395 120 13 04 50
27.395 244 0.56
27.4 22 -1.50
27.4 23 -0.18
27.4 25 0.00
27.4 30 0.00
27.4 B1 5436.56 4362.53 
27.4 B3 4028.57 6266.94 
27.4 120 13 04 50
27.4 244 0.56
27.405 22 -1.37
27.405 23 -0.18
27.405 25 0.00
27.405 30 0.00
27.405 B1 5616.72 4482.78 
27.405 B3 4029.85 6429.86 
27.405 120 13 04 50
27.405 244 0.56
27.41 22 -1.24
27.41 23 -0.19
27.41 25 0.00
27.41 30 0.00
27.41 B1 5796.68 4594.85 
27.41 B3 4031.98 6592.62 
27.41 120 13 04 50
27.41 244 0.56
27.415 22 -1.12
27.415 23 -0.19
27.415 25 0.00
27.415 30 0.00
27.415 B1 5976.45 4699.87 
27.415 B3 4034.98 6755.24 
27.415 120 13 04 50
27.415 244 0.56
27.42 22 -1.02
27.42 23 -0.19
27.42 25 0.00
27.42 30 0.00
27.42 B1 6156.01 4798.86 
27.42 B3 4038.89 6917.71 
27.42 120 13 04 50
27.42 244 0.56
27.425 22 -0.92
27.425 23 -0.19
27.425 25 0.00
27.425 30 0.00
27.425 B1 6335.37 4892.63 
27.425 B3 4043.79 7080.03 
27.425 120 13 04 50
27.425 244 0.56
27.43 22 -1.48
27.43 23 -0.01
27.43 25 0.00
27.43 30 0.00
27.43 B1 6514.53 5073.40 
27.43 B3 4049.70 7242.20 
27.43 120 13 04 50
27.43 244 0.56
27.435 22 -1.43
27.435 23 -0.01
27.435 25 0.00
27.435 30 0.00
27.435 B1 6693.50 5253.97 
27.435 B3 4054.61 7404.23 
27.435 120 13 04 50
27.435 244 0.56
27.44 22 -1.38
27.44 23 -0.02
27.44 25 0.00
27.44 30 0.00
27.44 B1 6872.26 5434.33 
27.44 B3 4059.48 7566.10 
27.44 120 13 04 50
27.44 244 0.56
27.445 22 -1.32
27.445 23 -0.02
27.445 25 0.00
27.445 30 0.00
27.445 B1 7050.83 5614.50 
27.445 B3 4064.63 7727.83 
27.445 120 13 04 50
27.445 244 0.56
27.45 22 -1.27
27.45 23 -0.03
27.45 25 0.00
27.45 30 0.00
27.45 B1 7229.19 5794.46 
27.45 B3 4070.13 7889.42 
27.45 120 13 04 50
27.45 244 0.56
27.455 22 -1.22
27.455 23 -0.04
27.455 25 0.00
27.455 30 0.00
27.455 B1 7407.36 5974.23 
27.455 B3 4076.01 8050.85 
27.455 120 13 04 50
27.455 244 0.56
27.46 22 -1.18
27.46 23 -0.05
27.46 25 0.00
27.46 30 0.00
27.46 B1 7585.33 6153.79 
27.46 B3 4082.25 8212.14 
27.46 120 13 04 50
27.46 244 0.56
27.465 22 -1.13
27.465 23 -0.05
27.465 25 0.00
27.465 30 0.00
27.465 B1 7763.10 6333.16 
27.465 B3 4088.83 8373.28 
27.465 120 13 04 50
27.465 244 0.56
27.47 22 -1.09
27.47 23 -0.06
27.47 25 0.00
27.47 30 0.00
27.47 B1 7940.68 6512.32 
27.47 B3 4095.73 8534.27 
27.47 120 13 04 50
27.47 244 0.56
27.475 22 -1.04
27.475 23 -0.07
27.475 25 0.00
27.475 30 0.00
27.475 B1 8118.05 6691.29 
27.475 B3 4102.92 8695.12 
27.475 120 13 04 50
27.475 244 0.56
27.48 22 -1.00
27.48 23 -0.08
27.48 25 0.12
27.48 30 0.00
27.48 B1 8295.23 6870.05 
27.48 B3 4110.34 8855.82 
27.48 120 13 04 50
27.48 244 0.56
27.485 22 -0.97
27.485 23 -0.08
27.485 25 0.92
27.485 30 0.00
27.485 B1 8472.21 7048.62 
27.485 B3 4117.97 9016.37 
27.485 120 13 04 50
27.485 244 0.56
27.49 22 -0.93
27.49 23 -0.09
27.49 25 0.92
27.49 30 0.00
27.49 B1 8649.00 7226.99 
27.49 B3 4125.74 9176.77 
27.49 120 13 04 50
27.49 244 0.56
27.495 22 -0.89
27.495 23 -0.10
27.495 25 1.04
27.495 30 0.00
27.495 B1 8825.59 7405.16 
27.495 B3 4133.61 9337.03 
27.495 120 13 04 50
27.495 244 0.56
27.5 22 -0.86
27.5 23 -0.10
27.5 25 1.61
27.5 30 0.00
27.5 B1 9001.98 7583.13 
27.5 B3 4141.53 9497.15 
27.5 120 13 04 50
27.5 244 0.56
27.505 22 -0.83
27.505 23 -0.11
27.505 25 1.84
27.505 30 0.00
27.505 B1 9178.17 7760.91 
27.505 B3 4149.42 9657.11 
27.505 120 13 04 50
27.505 244 0.56
27.51 22 -0.80
27.51 23 -0.11
27.51 25 1.97
27.51 30 0.00
27.51 B1 9354.17 7938.49 
27.51 B3 4157.24 9816.93 
27.51 120 13 04 50
27.51 244 0.56
27.515 22 -0.78
27.515 23 -0.11
27.515 25 1.97
27.515 30 0.00
27.515 B1 9529.98 8115.86 
27.515 B3 4164.90 9976.61 
27.515 120 13 04 50
27.515 244 0.56
27.52 22 -0.75
27.52 23 -0.12
27.52 25 5.16
27.52 30 0.00
27.52 B1 9705.58 8293.04 
27.52 B3 4172.34 10136.14 
27.52 120 13 04 50
27.52 244 0.56
27.525 22 0.65
27.525 23 2.26
27.525 25 5.16
27.525 30 0.00
27.525 B1 9345.44 8470.03 
27.525 B3 4179.51 10295.52 
27.525 120 13 04 50
27.525 244 0.56
27.53 22 2.60
27.53 23 4.86
27.53 25 5.39
27.53 30 0.00
27.53 B1 8339.85 8646.82 
27.53 B3 4192.74 10454.76 
27.53 120 13 04 50
27.53 244 0.56
27.535 22 3.03
27.535 23 5.50
27.535 25 5.50
27.535 30 0.00
27.535 B1 7190.79 8823.41 
27.535 B3 4218.76 10613.86 
27.535 120 13 04 50
27.535 244 0.56
27.54 22 2.55
27.54 23 8.60
27.54 25 5.74
27.54 30 0.00
27.54 B1 5866.69 8999.80 
27.54 B3 4254.75 10373.59 
27.54 120 13 04 50
27.54 244 0.56
27.545 22 2.61
27.545 23 9.73
27.545 25 6.30
27.545 30 0.00
27.545 B1 4498.98 9176.00 
27.545 B3 4303.08 9950.46 
27.545 120 13 04 50
27.545 244 0.56
27.55 22 2.79
27.55 23 5.81
27.55 25 6.30
27.55 30 0.00
27.55 B1 3895.69 9352.00 
27.55 B3 4364.86 9446.73 
27.55 120 13 04 50
27.55 244 0.56
27.555 22 2.45
27.555 23 2.59
27.555 25 7.33
27.555 30 0.00
27.555 B1 3953.61 9527.81 
27.555 B3 4438.26 8850.59 
27.555 120 13 04 50
27.555 244 0.56
27.56 22 3.51
27.56 23 3.35
27.56 25 7.90
27.56 30 0.00
27.56 B1 3942.09 9703.42 
27.56 B3 4525.50 8145.33 
27.56 120 13 04 50
27.56 244 0.56
27.565 22 6.71
27.565 23 7.09
27.565 25 8.14
27.565 30 0.00
27.565 B1 3941.68 9076.51 
27.565 B3 4633.75 7207.23 
27.565 120 13 04 50
27.565 244 0.56
27.57 22 8.77
27.57 23 7.66
27.57 25 8.37
27.57 30 0.00
27.57 B1 3939.07 8244.39 
27.57 B3 4744.43 6214.06 
27.57 120 13 04 50
27.57 244 0.56
27.575 22 8.97
27.575 23 8.20
27.575 25 8.37
27.575 30 0.00
27.575 B1 3938.61 7339.01 
27.575 B3 4848.58 5189.17 
27.575 120 13 04 50
27.575 244 0.56
27.58 22 8.35
27.58 23 7.71
27.58 25 8.83
27.58 30 0.00
27.58 B1 3955.25 6423.32 
27.58 B3 4947.17 4359.92 
27.58 120 13 04 50
27.58 244 0.56
27.585 22 8.75
27.585 23 4.18
27.585 25 9.41
27.585 30 0.00
27.585 B1 3953.86 5557.48 
27.585 B3 5041.02 4136.57 
27.585 120 13 04 50
27.585 244 0.56
27.59 22 9.44
27.59 23 1.96
27.59 25 9.41
27.59 30 0.00
27.59 B1 3950.85 4847.42 
27.59 B3 5130.63 4136.41 
27.59 120 13 04 50
27.59 244 0.56
27.595 22 8.86
27.595 23 -0.59
27.595 25 9.41
27.595 30 0.00
27.595 B1 3948.25 4511.15 
27.595 B3 5295.78 4157.04 
27.595 120 13 04 50
27.595 244 0.56
27.6 22 8.41
27.6 23 -1.78
27.6 25 9.64
27.6 30 0.00
27.6 B1 3943.59 4405.83 
27.6 B3 5460.77 4174.97 
27.6 120 13 04 50
27.6 244 0.56
27.605 22 8.45
27.605 23 -2.24
27.605 25 10.44
27.605 30 0.00
27.605 B1 3936.50 4382.27 
27.605 B3 5624.42 4187.36 
27.605 120 13 04 50
27.605 244 0.56
27.61 22 9.29
27.61 23 -2.58
27.61 25 10.44
27.61 30 0.00
27.61 B1 3928.29 4387.45 
27.61 B3 5787.92 4198.70 
27.61 120 13 04 50
27.61 244 0.56
27.615 22 8.65
27.615 23 -1.99
27.615 25 10.44
27.615 30 0.00
27.615 B1 3922.96 4408.56 
27.615 B3 5951.28 4226.54 
27.615 120 13 04 50
27.615 244 0.56
27.62 22 8.05
27.62 23 -1.72
27.62 25 10.67
27.62 30 0.00
27.62 B1 3918.08 4439.89 
27.62 B3 6114.48 4238.40 
27.62 120 13 04 50
27.62 244 0.56
27.625 22 8.02
27.625 23 -1.73
27.625 25 11.00
27.625 30 0.00
27.625 B1 3914.10 4479.41 
27.625 B3 6278.73 4248.29 
27.625 120 13 04 50
27.625 244 0.56
27.63 22 8.12
27.63 23 -1.77
27.63 25 11.23
27.63 30 0.00
27.63 B1 3908.29 4525.78 
27.63 B3 6442.83 4256.35 
27.63 120 13 04 50
27.63 244 0.56
27.635 22 8.05
27.635 23 -1.80
27.635 25 11.23
27.635 30 0.00
27.635 B1 3903.12 4580.97 
27.635 B3 6606.78 4263.92 
27.635 120 13 04 50
27.635 244 0.56
27.64 22 3.45
27.64 23 0.04
27.64 25 11.46
27.64 30 0.00
27.64 B1 3951.10 4647.32 
27.64 B3 6770.58 4270.94 
27.64 120 13 04 50
27.64 244 0.56
27.645 22 3.38
27.645 23 -0.18
27.645 25 11.46
27.645 30 0.00
27.645 B1 4013.63 4721.10 
27.645 B3 6934.23 4276.08 
27.645 120 13 04 50
27.645 244 0.56
27.65 22 3.26
27.65 23 -0.12
27.65 25 11.46
27.65 30 0.00
27.65 B1 4060.24 4805.11 
27.65 B3 7097.73 4280.85 
27.65 120 13 04 50
27.65 244 0.56
27.655 22 3.11
27.655 23 -0.12
27.655 25 11.46
27.655 30 0.00
27.655 B1 4099.21 4902.12 
27.655 B3 7261.08 4285.30 
27.655 120 13 04 50
27.655 244 0.56
27.66 22 2.95
27.66 23 -0.15
27.66 25 11.46
27.66 30 0.00
27.66 B1 4135.32 5014.81 
27.66 B3 7424.28 4289.34 
27.66 120 13 04 50
27.66 244 0.56
27.665 22 0.01
27.665 23 1.29
27.665 25 11.46
27.665 30 0.00
27.665 B1 4169.35 5123.09 
27.665 B3 7587.34 4308.33 
27.665 120 13 04 50
27.665 244 0.56
27.67 22 1.17
27.67 23 0.07
27.67 25 11.46
27.67 30 0.00
27.67 B1 4208.48 5225.16 
27.67 B3 7750.24 4450.66 
27.67 120 13 04 50
27.67 244 0.56
27.675 22 1.23
27.675 23 -0.02
27.675 25 11.46
27.675 30 0.00
27.675 B1 4259.62 5321.51 
27.675 B3 7913.00 4583.81 
27.675 120 13 04 50
27.675 244 0.56
27.68 22 0.85
27.68 23 -0.52
27.68 25 11.46
27.68 30 0.00
27.68 B1 4322.23 5503.13 
27.68 B3 8075.61 4708.77 
27.68 120 13 04 50
27.68 244 0.56
27.685 22 0.87
27.685 23 -0.63
27.685 25 11.46
27.685 30 0.00
27.685 B1 4398.64 5684.53 
27.685 B3 8238.07 4826.37 
27.685 120 13 04 50
27.685 244 0.56
27.69 22 0.89
27.69 23 -0.75
27.69 25 11.46
27.69 30 0.00
27.69 B1 4491.51 5865.74 
27.69 B3 8400.38 4937.43 
27.69 120 13 04 50
27.69 244 0.56
27.695 22 0.88
27.695 23 -0.88
27.695 25 11.46
27.695 30 0.00
27.695 B1 4603.78 6046.75 
27.695 B3 8562.54 5042.80 
27.695 120 13 04 50
27.695 244 0.56
27.7 22 1.22
27.7 23 -1.09
27.7 25 11.46
27.7 30 0.00
27.7 B1 4709.93 6227.55 
27.7 B3 8724.56 5143.14 
27.7 120 13 04 50
27.7 244 0.56
27.705 22 1.46
27.705 23 -1.17
27.705 25 11.46
27.705 30 0.00
27.705 B1 4809.28 6408.15 
27.705 B3 8886.43 5239.05 
27.705 120 13 04 50
27.705 244 0.56
27.71 22 2.06
27.71 23 -1.55
27.71 25 11.46
27.71 30 0.00
27.71 B1 4902.79 6588.56 
27.71 B3 9048.15 5328.72 
27.71 120 13 04 50
27.71 244 0.56
27.715 22 2.52
27.715 23 -1.80
27.715 25 11.46
27.715 30 0.00
27.715 B1 4991.32 6768.76 
27.715 B3 9209.72 5415.25 
27.715 120 13 04 50
27.715 244 0.56
27.72 22 1.03
27.72 23 -1.10
27.72 25 11.46
27.72 30 0.00
27.72 B1 5075.54 6948.76 
27.72 B3 9371.15 5580.13 
27.72 120 13 04 50
27.72 244 0.56
27.725 22 -0.04
27.725 23 -1.07
27.725 25 11.45
27.725 30 0.00
27.725 B1 5257.42 7128.56 
27.725 B3 9532.43 5744.87 
27.725 120 13 04 50
27.725 244 0.56
27.73 22 -0.04
27.73 23 -1.07
27.73 25 11.45
27.73 30 0.00
27.73 B1 5439.11 7308.16 
27.73 B3 9693.56 5909.45 
27.73 120 13 04 50
27.73 244 0.56
27.735 22 1.62
27.735 23 0.53
27.735 25 11.44
27.735 30 0.00
27.735 B1 5620.59 7140.66 
27.735 B3 9854.54 6073.89 
27.735 120 13 04 50
27.735 244 0.56
27.74 22 2.56
27.74 23 1.43
27.74 25 11.44
27.74 30 0.00
27.74 B1 5801.87 6777.17 
27.74 B3 10015.38 6238.18 
27.74 120 13 04 50
27.74 244 0.56
27.745 22 2.67
27.745 23 1.55
27.745 25 11.44
27.745 30 0.00
27.745 B1 5982.94 6386.57 
27.745 B3 10176.07 6402.31 
27.745 120 13 04 50
27.745 244 0.56
27.75 22 2.80
27.75 23 1.65
27.75 25 11.44
27.75 30 0.00
27.75 B1 6165.14 5975.30 
27.75 B3 10337.81 6567.50 
27.75 120 13 04 50
27.75 244 0.56
27.755 22 2.99
27.755 23 1.67
27.755 25 11.44
27.755 30 0.00
27.755 B1 6347.13 5551.71 
27.755 B3 10499.40 6732.53 
27.755 120 13 04 50
27.755 244 0.56
27.76 22 3.27
27.76 23 1.58
27.76 25 11.43
27.76 30 0.00
27.76 B1 6528.92 5133.55 
27.76 B3 10660.85 6897.41 
27.76 120 13 04 50
27.76 244 0.56
27.765 22 3.35
27.765 23 1.05
27.765 25 11.43
27.765 30 0.00
27.765 B1 6710.51 4805.61 
27.765 B3 10822.14 7062.14 
27.765 120 13 04 50
27.765 244 0.56
27.77 22 3.29
27.77 23 0.32
27.77 25 11.43
27.77 30 0.00
27.77 B1 6891.90 4607.46 
27.77 B3 10983.29 7226.72 
27.77 120 13 04 50
27.77 244 0.57
27.775 22 3.27
27.775 23 -0.21
27.775 25 11.43
27.775 30 0.00
27.775 B1 7074.40 4504.71 
27.775 B3 11145.49 7392.35 
27.775 120 13 04 50
27.775 244 0.57
27.78 22 3.29
27.78 23 -0.52
27.78 25 11.43
27.78 30 0.00
27.78 B1 7256.70 4454.47 
27.78 B3 11307.55 7557.82 
27.78 120 13 04 50
27.78 244 0.57
27.785 22 3.34
27.785 23 -0.68
27.785 25 11.43
27.785 30 0.00
27.785 B1 7438.80 4430.45 
27.785 B3 11469.45 7723.15 
27.785 120 13 04 50
27.785 244 0.57
27.79 22 3.40
27.79 23 -0.77
27.79 25 11.43
27.79 30 0.00
27.79 B1 7622.02 4420.21 
27.79 B3 11632.40 7889.52 
27.79 120 13 04 50
27.79 244 0.57
27.795 22 3.46
27.795 23 -0.82
27.795 25 11.43
27.795 30 0.00
27.795 B1 7805.03 4415.06 
27.795 B3 11795.21 8055.73 
27.795 120 13 04 50
27.795 244 0.57
27.8 22 3.52
27.8 23 -0.85
27.8 25 11.43
27.8 30 0.00
27.8 B1 7986.52 4411.20 
27.8 B3 11956.67 8220.60 
27.8 120 13 04 50
27.8 244 0.57
27.805 22 3.57
27.805 23 -0.88
27.805 25 11.43
27.805 30 0.00
27.805 B1 8167.81 4409.59 
27.805 B3 12117.98 8385.32 
27.805 120 13 04 50
27.805 244 0.57
27.81 22 3.62
27.81 23 -0.90
27.81 25 11.43
27.81 30 0.00
27.81 B1 8348.90 4409.25 
27.81 B3 12279.14 8549.89 
27.81 120 13 04 50
27.81 244 0.57
27.815 22 6.42
27.815 23 1.53
27.815 25 11.43
27.815 30 0.00
27.815 B1 7983.98 4409.74 
27.815 B3 12440.16 8714.31 
27.815 120 13 04 50
27.815 244 0.57
27.82 22 7.81
27.82 23 2.95
27.82 25 11.43
27.82 30 0.00
27.82 B1 7300.38 4416.50 
27.82 B3 12601.03 8878.58 
27.82 120 13 04 50
27.82 244 0.57
27.825 22 7.68
27.825 23 3.25
27.825 25 11.43
27.825 30 0.00
27.825 B1 6563.58 4428.93 
27.825 B3 12761.75 9042.70 
27.825 120 13 04 50
27.825 244 0.57
27.83 22 7.55
27.83 23 3.51
27.83 25 11.43
27.83 30 0.00
27.83 B1 5781.89 4443.71 
27.83 B3 12922.33 9206.67 
27.83 120 13 04 50
27.83 244 0.57
27.835 22 7.53
27.835 23 3.66
27.835 25 11.43
27.835 30 0.00
27.835 B1 4975.13 4460.93 
27.835 B3 13083.96 9371.69 
27.835 120 13 04 50
27.835 244 0.57
27.84 22 7.80
27.84 23 3.31
27.84 25 11.43
27.84 30 0.00
27.84 B1 4221.30 4478.11 
27.84 B3 13245.44 9536.55 
27.84 120 13 04 50
27.84 244 0.57
27.845 22 7.22
27.845 23 0.86
27.845 25 11.43
27.845 30 0.00
27.845 B1 3921.60 4495.76 
27.845 B3 13406.77 9701.27 
27.845 120 13 04 50
27.845 244 0.57
27.85 22 6.82
27.85 23 -0.44
27.85 25 11.43
27.85 30 0.00
27.85 B1 3868.41 4512.27 
27.85 B3 13567.96 9865.83 
27.85 120 13 04 50
27.85 244 0.57
27.855 22 10.51
27.855 23 1.88
27.855 25 11.43
27.855 30 0.00
27.855 B1 3855.02 4527.69 
27.855 B3 13049.78 10030.25 
27.855 120 13 04 50
27.855 244 0.57
27.86 22 11.36
27.86 23 1.30
27.86 25 11.08
27.86 30 0.00
27.86 B1 3862.59 4533.52 
27.86 B3 12517.18 10194.51 
27.86 120 13 04 50
27.86 244 0.57
27.865 22 11.20
27.865 23 1.97
27.865 25 10.63
27.865 30 0.00
27.865 B1 3877.23 4532.49 
27.865 B3 11961.81 10358.63 
27.865 120 13 04 50
27.865 244 0.57
27.87 22 10.33
27.87 23 2.48
27.87 25 10.40
27.87 30 0.00
27.87 B1 3897.92 4529.37 
27.87 B3 11382.94 10523.79 
27.87 120 13 04 50
27.87 244 0.57
27.875 22 10.05
27.875 23 2.74
27.875 25 10.40
27.875 30 0.00
27.875 B1 3918.70 4524.22 
27.875 B3 10772.79 10688.80 
27.875 120 13 04 50
27.875 244 0.57
27.88 22 10.05
27.88 23 2.98
27.88 25 10.29
27.88 30 0.00
27.88 B1 3940.79 4517.24 
27.88 B3 10122.58 10853.66 
27.88 120 13 04 50
27.88 244 0.57
27.885 22 9.90
27.885 23 3.30
27.885 25 10.29
27.885 30 0.00
27.885 B1 3965.63 4510.39 
27.885 B3 9420.83 11018.37 
27.885 120 13 04 50
27.885 244 0.57
27.89 22 9.89
27.89 23 3.68
27.89 25 10.29
27.89 30 0.00
27.89 B1 3993.24 4503.35 
27.89 B3 8652.24 11182.93 
27.89 120 13 04 50
27.89 244 0.57
27.895 22 9.86
27.895 23 4.16
27.895 25 10.29
27.895 30 0.00
27.895 B1 4024.29 4496.72 
27.895 B3 7797.14 11347.34 
27.895 120 13 04 50
27.895 244 0.58
27.9 22 9.82
27.9 23 4.75
27.9 25 10.29
27.9 30 0.00
27.9 B1 4060.80 4492.12 
27.9 B3 6835.04 11512.80 
27.9 120 13 04 50
27.9 244 0.58
27.905 22 9.64
27.905 23 5.04
27.905 25 10.29
27.905 30 0.00
27.905 B1 4101.59 4487.37 
27.905 B3 5820.83 11678.10 
27.905 120 13 04 50
27.905 244 0.58
27.91 22 9.58
27.91 23 5.07
27.91 25 10.29
27.91 30 0.00
27.91 B1 4147.44 4483.30 
27.91 B3 4802.72 11843.26 
27.91 120 13 04 50
27.91 244 0.58
27.915 22 9.64
27.915 23 3.27
27.915 25 10.29
27.915 30 0.00
27.915 B1 4200.40 4481.19 
27.915 B3 4112.30 12009.46 
27.915 120 13 04 50
27.915 244 0.58
27.92 22 9.55
27.92 23 0.21
27.92 25 10.29
27.92 30 0.00
27.92 B1 4258.15 4477.64 
27.92 B3 3979.27 12175.50 
27.92 120 13 04 50
27.92 244 0.58
27.925 22 5.66
27.925 23 1.25
27.925 25 10.29
27.925 30 0.00
27.925 B1 4320.89 4472.73 
27.925 B3 3957.63 12341.40 
27.925 120 13 04 50
27.925 244 0.58
27.93 22 5.22
27.93 23 0.21
27.93 25 10.29
27.93 30 0.00
27.93 B1 4384.94 4474.31 
27.93 B3 4058.26 12505.95 
27.93 120 13 04 50
27.93 244 0.58
27.935 22 5.15
27.935 23 0.31
27.935 25 10.29
27.935 30 0.00
27.935 B1 4449.15 4481.95 
27.935 B3 4137.79 12671.54 
27.935 120 13 04 50
27.935 244 0.58
27.94 22 5.09
27.94 23 0.37
27.94 25 10.29
27.94 30 0.00
27.94 B1 4513.81 4489.47 
27.94 B3 4206.63 12836.98 
27.94 120 13 04 50
27.94 244 0.58
27.945 22 5.02
27.945 23 0.39
27.945 25 10.29
27.945 30 0.00
27.945 B1 4579.95 4497.23 
27.945 B3 4271.41 13002.28 
27.945 120 13 04 50
27.945 244 0.58
27.95 22 4.96
27.95 23 0.40
27.95 25 10.29
27.95 30 0.00
27.95 B1 4647.93 4505.28 
27.95 B3 4333.79 13167.42 
27.95 120 13 04 50
27.95 244 0.58
27.955 22 4.90
27.955 23 0.40
27.955 25 10.17
27.955 30 0.00
27.955 B1 4717.66 4513.59 
27.955 B3 4395.86 13332.41 
27.955 120 13 04 50
27.955 244 0.59
27.96 22 6.24
27.96 23 2.32
27.96 25 10.17
27.96 30 0.00
27.96 B1 4790.11 4524.10 
27.96 B3 4459.66 13149.13 
27.96 120 13 04 50
27.96 244 0.59
27.965 22 6.36
27.965 23 2.54
27.965 25 10.17
27.965 30 0.00
27.965 B1 4856.15 4537.51 
27.965 B3 4526.19 12927.53 
27.965 120 13 04 50
27.965 244 0.59
27.97 22 6.36
27.97 23 2.64
27.97 25 10.17
27.97 30 0.00
27.97 B1 4913.30 4552.39 
27.97 B3 4594.70 12696.54 
27.97 120 13 04 50
27.97 244 0.59
27.975 22 6.36
27.975 23 2.75
27.975 25 10.17
27.975 30 0.00
27.975 B1 4959.73 4568.16 
27.975 B3 4664.86 12456.38 
27.975 120 13 04 50
27.975 244 0.59
27.98 22 6.18
27.98 23 2.61
27.98 25 10.17
27.98 30 0.00
27.98 B1 4995.01 4586.07 
27.98 B3 4777.60 12208.29 
27.98 120 13 04 50
27.98 244 0.59
27.985 22 6.57
27.985 23 2.61
27.985 25 10.17
27.985 30 0.00
27.985 B1 5014.86 4604.32 
27.985 B3 4887.18 11950.04 
27.985 120 13 04 50
27.985 244 0.59
27.99 22 6.63
27.99 23 2.83
27.99 25 10.17
27.99 30 0.00
27.99 B1 5014.97 4625.33 
27.99 B3 4993.22 11679.38 
27.99 120 13 04 50
27.99 244 0.59
27.995 22 5.78
27.995 23 2.01
27.995 25 10.17
27.995 30 0.00
27.995 B1 5207.48 4645.74 
27.995 B3 5093.90 11392.74 
27.995 120 13 04 50
27.995 244 0.59
28 22 5.74
28 23 2.13
28 25 10.17
28 30 0.00
28 B1 5399.79 4666.61 
28 B3 5190.94 11092.07 
28 120 13 04 50
28 244 0.60
28.005 22 5.68
28.005 23 2.26
28.005 25 10.17
28.005 30 0.00
28.005 B1 5594.52 4691.22 
28.005 B3 5287.20 10778.86 
28.005 120 13 04 50
28.005 244 0.60
28.01 22 5.61
28.01 23 2.39
28.01 25 10.17
28.01 30 0.00
28.01 B1 5789.03 4715.88 
28.01 B3 5382.83 10449.80 
28.01 120 13 04 50
28.01 244 0.60
28.015 22 6.99
28.015 23 4.45
28.015 25 10.17
28.015 30 0.00
28.015 B1 5593.54 4741.59 
28.015 B3 5478.74 10103.72 
28.015 120 13 04 50
28.015 244 0.60
28.02 22 6.48
28.02 23 4.66
28.02 25 10.17
28.02 30 0.00
28.02 B1 5323.71 4771.38 
28.02 B3 5655.53 9740.08 
28.02 120 13 04 50
28.02 244 0.60
28.025 22 6.50
28.025 23 4.75
28.025 25 10.17
28.025 30 0.00
28.025 B1 5041.88 4803.75 
28.025 B3 5832.16 9370.38 
28.025 120 13 04 50
28.025 244 0.60
28.03 22 6.43
28.03 23 4.62
28.03 25 10.17
28.03 30 0.00
28.03 B1 4790.42 4838.60 
28.03 B3 6008.62 8994.03 
28.03 120 13 04 50
28.03 244 0.60
28.035 22 6.35
28.035 23 4.40
28.035 25 10.17
28.035 30 0.00
28.035 B1 4586.82 4875.89 
28.035 B3 6184.93 8610.68 
28.035 120 13 04 50
28.035 244 0.60
28.04 22 6.27
28.04 23 4.14
28.04 25 10.17
28.04 30 0.00
28.04 B1 4437.20 4915.73 
28.04 B3 6361.07 8220.17 
28.04 120 13 04 50
28.04 244 0.60
28.045 22 6.22
28.045 23 3.92
28.045 25 10.17
28.045 30 0.00
28.045 B1 4335.56 4958.27 
28.045 B3 6537.05 7822.63 
28.045 120 13 04 50
28.045 244 0.60
28.05 22 8.65
28.05 23 6.96
28.05 25 10.17
28.05 30 0.00
28.05 B1 4269.57 5003.75 
28.05 B3 6140.16 7418.76 
28.05 120 13 04 50
28.05 244 0.60
28.055 22 9.65
28.055 23 8.14
28.055 25 10.17
28.055 30 0.00
28.055 B1 4237.66 5047.22 
28.055 B3 5501.89 7015.13 
28.055 120 13 04 50
28.055 244 0.60
28.06 22 9.91
28.06 23 7.92
28.06 25 10.17
28.06 30 0.00
28.06 B1 4229.05 5086.70 
28.06 B3 4878.05 6618.89 
28.06 120 13 04 50
28.06 244 0.60
28.065 22 10.50
28.065 23 7.09
28.065 25 10.17
28.065 30 0.00
28.065 B1 4232.40 5122.55 
28.065 B3 4381.37 6236.19 
28.065 120 13 04 50
28.065 244 0.60
28.07 22 10.53
28.07 23 5.18
28.07 25 10.17
28.07 30 0.00
28.07 B1 4241.24 5154.67 
28.07 B3 4207.15 5874.44 
28.07 120 13 04 50
28.07 244 0.60
28.075 22 10.52
28.075 23 4.16
28.075 25 10.17
28.075 30 0.00
28.075 B1 4251.65 5184.16 
28.075 B3 4170.31 5566.19 
28.075 120 13 04 50
28.075 244 0.60
28.08 22 10.37
28.08 23 3.49
28.08 25 10.17
28.08 30 0.00
28.08 B1 4260.59 5209.15 
28.08 B3 4168.78 5348.31 
28.08 120 13 04 50
28.08 244 0.60
28.085 22 10.20
28.085 23 3.07
28.085 25 10.17
28.085 30 0.00
28.085 B1 4268.66 5229.44 
28.085 B3 4176.04 5204.70 
28.085 120 13 04 50
28.085 244 0.60
28.09 22 10.04
28.09 23 2.78
28.09 25 10.17
28.09 30 0.00
28.09 B1 4276.30 5244.91 
28.09 B3 4185.63 5114.65 
28.09 120 13 04 50
28.09 244 0.60
28.095 22 9.86
28.095 23 2.61
28.095 25 10.17
28.095 30 0.00
28.095 B1 4283.83 5255.62 
28.095 B3 4196.00 5060.29 
28.095 120 13 04 50
28.095 244 0.60
28.1 22 9.69
28.1 23 2.50
28.1 25 10.17
28.1 30 0.00
28.1 B1 4291.39 5261.71 
28.1 B3 4206.80 5028.88 
28.1 120 13 04 50
28.1 244 0.60
28.105 22 9.52
28.105 23 2.43
28.105 25 10.17
28.105 30 0.00
28.105 B1 4299.07 5263.43 
28.105 B3 4217.96 5012.00 
28.105 120 13 04 50
28.105 244 0.61
28.11 22 9.35
28.11 23 2.39
28.11 25 10.17
28.11 30 0.00
28.11 B1 4308.20 5262.46 
28.11 B3 4230.67 5005.55 
28.11 120 13 04 50
28.11 244 0.61
28.115 22 9.19
28.115 23 2.38
28.115 25 10.17
28.115 30 0.00
28.115 B1 4316.75 5257.62 
28.115 B3 4242.97 5004.59 
28.115 120 13 04 50
28.115 244 0.61
28.12 22 9.04
28.12 23 2.37
28.12 25 10.06
28.12 30 0.00
28.12 B1 4325.16 5249.47 
28.12 B3 4255.44 5007.17 
28.12 120 13 04 50
28.12 244 0.60
28.125 22 8.81
28.125 23 2.39
28.125 25 10.06
28.125 30 0.00
28.125 B1 4332.70 5237.58 
28.125 B3 4267.05 5010.90 
28.125 120 13 04 50
28.125 244 0.61
28.13 22 8.67
28.13 23 2.37
28.13 25 9.94
28.13 30 0.00
28.13 B1 4342.15 5225.15 
28.13 B3 4281.07 5017.74 
28.13 120 13 04 50
28.13 244 0.61
28.135 22 8.46
28.135 23 2.38
28.135 25 9.83
28.135 30 0.00
28.135 B1 4351.61 5211.38 
28.135 B3 4295.07 5025.47 
28.135 120 13 04 50
28.135 244 0.60
28.14 22 8.26
28.14 23 2.39
28.14 25 9.72
28.14 30 0.00
28.14 B1 4359.83 5195.44 
28.14 B3 4308.24 5032.58 
28.14 120 13 04 50
28.14 244 0.61
28.145 22 8.06
28.145 23 2.39
28.145 25 9.49
28.145 30 0.00
28.145 B1 4370.17 5180.81 
28.145 B3 4323.75 5041.61 
28.145 120 13 04 50
28.145 244 0.60
28.15 22 7.79
28.15 23 2.42
28.15 25 9.49
28.15 30 0.00
28.15 B1 4379.29 5165.08 
28.15 B3 4338.22 5049.52 
28.15 120 13 04 50
28.15 244 0.60
28.155 22 7.71
28.155 23 2.40
28.155 25 9.27
28.155 30 0.00
28.155 B1 4388.44 5149.64 
28.155 B3 4353.75 5057.76 
28.155 120 13 04 50
28.155 244 0.60
28.16 22 7.46
28.16 23 2.42
28.16 25 9.06
28.16 30 0.00
28.16 B1 4398.29 5135.42 
28.16 B3 4369.95 5066.20 
28.16 120 13 04 50
28.16 244 0.60
28.165 22 7.23
28.165 23 2.43
28.165 25 8.84
28.165 30 0.00
28.165 B1 4408.46 5122.41 
28.165 B3 4386.78 5074.66 
28.165 120 13 04 50
28.165 244 0.61
28.17 22 7.00
28.17 23 2.45
28.17 25 8.74
28.17 30 0.00
28.17 B1 4420.15 5111.94 
28.17 B3 4405.40 5084.24 
28.17 120 13 04 50
28.17 244 0.61
28.175 22 6.89
28.175 23 2.46
28.175 25 8.74
28.175 30 0.00
28.175 B1 4432.28 5103.23 
28.175 B3 4425.25 5094.49 
28.175 120 13 04 50
28.175 244 0.61
28.18 22 6.86
28.18 23 2.46
28.18 25 8.74
28.18 30 0.00
28.18 B1 4443.02 5094.53 
28.18 B3 4444.76 5103.95 
28.18 120 13 04 50
28.18 244 0.61
28.185 22 6.84
28.185 23 2.45
28.185 25 8.74
28.185 30 0.00
28.185 B1 4452.99 5086.27 
28.185 B3 4464.18 5112.82 
28.185 120 13 04 50
28.185 244 0.61
28.19 22 6.82
28.19 23 2.44
28.19 25 8.74
28.19 30 0.00
28.19 B1 4462.45 5078.71 
28.19 B3 4483.55 5121.22 
28.19 120 13 04 50
28.19 244 0.61
28.195 22 6.80
28.195 23 2.43
28.195 25 8.63
28.195 30 0.00
28.195 B1 4471.53 5072.04 
28.195 B3 4502.88 5129.22 
28.195 120 13 04 50
28.195 244 0.61
28.2 22 6.70
28.2 23 2.43
28.2 25 8.63
28.2 30 0.00
28.2 B1 4480.60 5066.63 
28.2 B3 4522.10 5136.87 
28.2 120 13 04 50
28.2 244 0.61
28.205 22 6.70
28.205 23 2.42
28.205 25 8.52
28.205 30 0.00
28.205 B1 4490.58 5063.35 
28.205 B3 4542.39 5145.38 
28.205 120 13 04 50
28.205 244 0.61
28.21 22 6.62
28.21 23 2.44
28.21 25 8.52
28.21 30 0.00
28.21 B1 4499.91 5060.73 
28.21 B3 4562.04 5153.26 
28.21 120 13 04 50
28.21 244 0.61
28.215 22 6.63
28.215 23 2.44
28.215 25 8.52
28.215 30 0.00
28.215 B1 4508.51 5058.48 
28.215 B3 4581.14 5160.58 
28.215 120 13 04 50
28.215 244 0.61
28.22 22 6.65
28.22 23 2.43
28.22 25 8.40
28.22 30 0.00
28.22 B1 4516.56 5056.76 
28.22 B3 4599.64 5167.45 
28.22 120 13 04 50
28.22 244 0.61
28.225 22 6.57
28.225 23 2.45
28.225 25 8.29
28.225 30 0.00
28.225 B1 4524.46 5056.00 
28.225 B3 4617.46 5173.94 
28.225 120 13 04 50
28.225 244 0.61
28.23 22 6.51
28.23 23 2.46
28.23 25 8.06
28.23 30 0.00
28.23 B1 4532.17 5056.02 
28.23 B3 4634.55 5180.08 
28.23 120 13 04 50
28.23 244 0.61
28.235 22 6.35
28.235 23 2.49
28.235 25 6.83
28.235 30 0.00
28.235 B1 4538.62 5055.71 
28.235 B3 4649.67 5184.68 
28.235 120 13 04 50
28.235 244 0.61
28.24 22 5.37
28.24 23 2.64
28.24 25 6.83
28.24 30 0.00
28.24 B1 4547.65 5059.03 
28.24 B3 4664.30 5189.26 
28.24 120 13 04 50
28.24 244 0.61
28.245 22 5.45
28.245 23 2.64
28.245 25 6.83
28.245 30 0.00
28.245 B1 4556.01 5061.12 
28.245 B3 4678.75 5193.43 
28.245 120 13 04 50
28.245 244 0.61
28.25 22 5.52
28.25 23 2.64
28.25 25 5.94
28.25 30 0.00
28.25 B1 4563.85 5062.70 
28.25 B3 4692.65 5197.30 
28.25 120 13 04 50
28.25 244 0.61
28.255 22 4.87
28.255 23 2.73
28.255 25 5.71
28.255 30 0.00
28.255 B1 4571.33 5064.62 
28.255 B3 4704.55 5199.73 
28.255 120 13 04 50
28.255 244 0.61
28.26 22 4.79
28.26 23 2.74
28.26 25 3.74
28.26 30 0.00
28.26 B1 4579.08 5066.48 
28.26 B3 4716.15 5202.04 
28.26 120 13 04 50
28.26 244 0.61
28.265 22 3.40
28.265 23 2.87
28.265 25 3.74
28.265 30 0.00
28.265 B1 4588.20 5070.12 
28.265 B3 4727.23 5204.19 
28.265 120 13 04 50
28.265 244 0.61
28.27 22 3.52
28.27 23 2.88
28.27 25 3.74
28.27 30 0.00
28.27 B1 4597.42 5072.13 
28.27 B3 4738.23 5205.68 
28.27 120 13 04 50
28.27 244 0.61
28.275 22 3.65
28.275 23 2.88
28.275 25 2.11
28.275 30 0.00
28.275 B1 4606.53 5073.39 
28.275 B3 4748.83 5206.70 
28.275 120 13 04 50
28.275 244 0.60
28.28 22 2.67
28.28 23 2.93
28.28 25 0.00
28.28 30 0.00
28.28 B1 4614.18 5073.40 
28.28 B3 4757.56 5206.20 
28.28 120 13 04 50
28.28 244 0.60
28.285 22 1.21
28.285 23 2.93
28.285 25 0.00
28.285 30 0.00
28.285 B1 4620.92 5071.51 
28.285 B3 4766.34 5205.40 
28.285 120 13 04 50
28.285 244 0.60
28.29 22 1.42
28.29 23 2.91
28.29 25 0.00
28.29 30 0.00
28.29 B1 4630.12 5069.75 
28.29 B3 4775.51 5203.72 
28.29 120 13 04 50
28.29 244 0.60
28.295 22 1.61
28.295 23 2.91
28.295 25 0.00
28.295 30 0.00
28.295 B1 4640.54 5068.27 
28.295 B3 4784.67 5201.47 
28.295 120 13 04 50
28.295 244 0.60
28.3 22 1.80
28.3 23 2.90
28.3 25 0.00
28.3 30 0.00
28.3 B1 4651.51 5067.10 
28.3 B3 4793.57 5198.89 
28.3 120 13 04 50
28.3 244 0.60
28.305 22 1.96
28.305 23 2.90
28.305 25 0.00
28.305 30 0.00
28.305 B1 4661.30 5064.96 
28.305 B3 4800.83 5194.93 
28.305 120 13 04 50
28.305 244 0.60
28.31 22 2.12
28.31 23 2.89
28.31 25 0.00
28.31 30 0.00
28.31 B1 4671.59 5063.70 
28.31 B3 4807.94 5191.27 
28.31 120 13 04 50
28.31 244 0.60
28.315 22 2.26
28.315 23 2.89
28.315 25 0.00
28.315 30 0.00
28.315 B1 4682.04 5063.08 
28.315 B3 4814.76 5187.89 
28.315 120 13 04 50
28.315 244 0.60
28.32 22 2.39
28.32 23 2.88
28.32 25 0.00
28.32 30 0.00
28.32 B1 4692.46 5062.94 
28.32 B3 4821.25 5184.76 
28.32 120 13 04 50
28.32 244 0.60
28.325 22 2.51
28.325 23 2.88
28.325 25 0.00
28.325 30 0.00
28.325 B1 4702.76 5063.19 
28.325 B3 4827.40 5181.89 
28.325 120 13 04 50
28.325 244 0.60
28.33 22 2.62
28.33 23 2.88
28.33 25 0.00
28.33 30 0.00
28.33 B1 4712.91 5063.76 
28.33 B3 4833.23 5179.26 
28.33 120 13 04 50
28.33 244 0.60
28.335 22 2.71
28.335 23 2.88
28.335 25 0.00
28.335 30 0.00
28.335 B1 4722.88 5064.60 
28.335 B3 4838.80 5176.87 
28.335 120 13 04 50
28.335 244 0.60
28.34 22 2.80
28.34 23 2.88
28.34 25 0.00
28.34 30 0.00
28.34 B1 4732.68 5065.67 
28.34 B3 4844.15 5174.72 
28.34 120 13 04 50
28.34 244 0.60
28.345 22 2.88
28.345 23 2.88
28.345 25 0.00
28.345 30 0.00
28.345 B1 4742.31 5066.94 
28.345 B3 4849.32 5172.80 
28.345 120 13 04 50
28.345 244 0.60
28.35 22 2.95
28.35 23 2.87
28.35 25 0.00
28.35 30 0.00
28.35 B1 4751.79 5068.40 
28.35 B3 4854.38 5171.11 
28.35 120 13 04 50
28.35 244 0.60
28.355 22 3.00
28.355 23 2.87
28.355 25 0.00
28.355 30 0.00
28.355 B1 4761.13 5070.01 
28.355 B3 4859.38 5169.63 
28.355 120 13 04 50
28.355 244 0.60
28.36 22 3.06
28.36 23 2.87
28.36 25 0.00
28.36 30 0.00
28.36 B1 4770.35 5071.75 
28.36 B3 4864.37 5168.37 
28.36 120 13 04 50
28.36 244 0.59
28.365 22 3.10
28.365 23 2.87
28.365 25 0.00
28.365 30 0.00
28.365 B1 4778.13 5072.29 
28.365 B3 4868.19 5166.12 
28.365 120 13 04 50
28.365 244 0.59
28.37 22 3.14
28.37 23 2.86
28.37 25 0.00
28.37 30 0.00
28.37 B1 4786.36 5073.45 
28.37 B3 4872.46 5164.44 
28.37 120 13 04 50
28.37 244 0.59
28.375 22 3.18
28.375 23 2.85
28.375 25 0.00
28.375 30 0.00
28.375 B1 4794.81 5075.01 
28.375 B3 4877.06 5163.20 
28.375 120 13 04 50
28.375 244 0.59
28.38 22 3.21
28.38 23 2.84
28.38 25 0.00
28.38 30 0.00
28.38 B1 4803.36 5076.84 
28.38 B3 4881.97 5162.34 
28.38 120 13 04 50
28.38 244 0.59
28.385 22 3.23
28.385 23 2.83
28.385 25 0.00
28.385 30 0.00
28.385 B1 4811.94 5078.84 
28.385 B3 4887.13 5161.79 
28.385 120 13 04 50
28.385 244 0.59
28.39 22 3.25
28.39 23 2.83
28.39 25 0.00
28.39 30 0.00
28.39 B1 4819.18 5079.64 
28.39 B3 4891.32 5160.32 
28.39 120 13 04 50
28.39 244 0.59
28.395 22 3.26
28.395 23 2.82
28.395 25 0.00
28.395 30 0.00
28.395 B1 4826.93 5081.06 
28.395 B3 4896.11 5159.46 
28.395 120 13 04 50
28.395 244 0.59
28.4 22 3.27
28.4 23 2.81
28.4 25 0.00
28.4 30 0.00
28.4 B1 4834.95 5082.84 
28.4 B3 4901.36 5159.07 
28.4 120 13 04 50
28.4 244 0.59
28.405 22 3.28
28.405 23 2.80
28.405 25 0.00
28.405 30 0.00
28.405 B1 4843.11 5084.86 
28.405 B3 4906.96 5159.06 
28.405 120 13 04 50
28.405 244 0.59
28.41 22 3.28
28.41 23 2.80
28.41 25 0.00
28.41 30 0.00
28.41 B1 4850.00 5085.72 
28.41 B3 4911.68 5158.17 
28.41 120 13 04 50
28.41 244 0.59
28.415 22 3.27
28.415 23 2.78
28.415 25 0.00
28.415 30 0.00
28.415 B1 4857.45 5087.19 
28.415 B3 4917.03 5157.92 
28.415 120 13 04 50
28.415 244 0.59
28.42 22 3.26
28.42 23 2.77
28.42 25 0.00
28.42 30 0.00
28.42 B1 4865.18 5089.02 
28.42 B3 4922.86 5158.15 
28.42 120 13 04 50
28.42 244 0.59
28.425 22 3.25
28.425 23 2.76
28.425 25 0.00
28.425 30 0.00
28.425 B1 4873.07 5091.10 
28.425 B3 4929.05 5158.75 
28.425 120 13 04 50
28.425 244 0.59
28.43 22 3.24
28.43 23 2.76
28.43 25 0.00
28.43 30 0.00
28.43 B1 4881.03 5093.32 
28.43 B3 4935.52 5159.67 
28.43 120 13 04 50
28.43 244 0.58
28.435 22 3.22
28.435 23 2.75
28.435 25 0.00
28.435 30 0.00
28.435 B1 4887.68 5094.32 
28.435 B3 4941.03 5159.66 
28.435 120 13 04 50
28.435 244 0.58
28.44 22 3.20
28.44 23 2.74
28.44 25 0.00
28.44 30 0.00
28.44 B1 4894.86 5095.89 
28.44 B3 4947.12 5160.22 
28.44 120 13 04 50
28.44 244 0.58
28.445 22 3.18
28.445 23 2.73
28.445 25 0.00
28.445 30 0.00
28.445 B1 4902.33 5097.82 
28.445 B3 4953.64 5161.25 
28.445 120 13 04 50
28.445 244 0.58
28.45 22 3.15
28.45 23 2.72
28.45 25 0.00
28.45 30 0.00
28.45 B1 4909.94 5099.96 
28.45 B3 4960.46 5162.61 
28.45 120 13 04 50
28.45 244 0.58
28.455 22 3.12
28.455 23 2.72
28.455 25 0.00
28.455 30 0.00
28.455 B1 4917.61 5102.24 
28.455 B3 4967.51 5164.25 
28.455 120 13 04 50
28.455 244 0.59
28.46 22 3.09
28.46 23 2.72
28.46 25 0.00
28.46 30 0.00
28.46 B1 4926.62 5105.95 
28.46 B3 4975.93 5167.32 
28.46 120 13 04 50
28.46 244 0.59
28.465 22 3.06
28.465 23 2.72
28.465 25 0.00
28.465 30 0.00
28.465 B1 4935.07 5109.22 
28.465 B3 4984.11 5170.22 
28.465 120 13 04 50
28.465 244 0.58
28.47 22 3.03
28.47 23 2.72
28.47 25 0.00
28.47 30 0.00
28.47 B1 4941.87 5110.93 
28.47 B3 4990.94 5171.85 
28.47 120 13 04 50
28.47 244 0.58
28.475 22 3.00
28.475 23 2.72
28.475 25 0.00
28.475 30 0.00
28.475 B1 4948.99 5112.99 
28.475 B3 4998.09 5173.83 
28.475 120 13 04 50
28.475 244 0.58
28.48 22 2.96
28.48 23 2.71
28.48 25 0.00
28.48 30 0.00
28.48 B1 4956.26 5115.29 
28.48 B3 5005.45 5176.09 
28.48 120 13 04 50
28.48 244 0.58
28.485 22 2.92
28.485 23 2.71
28.485 25 0.00
28.485 30 0.00
28.485 B1 4962.30 5116.42 
28.485 B3 5011.78 5177.35 
28.485 120 13 04 50
28.485 244 0.58
28.49 22 2.89
28.49 23 2.69
28.49 25 0.00
28.49 30 0.00
28.49 B1 4968.87 5118.16 
28.49 B3 5018.59 5179.17 
28.49 120 13 04 50
28.49 244 0.57
28.495 22 2.85
28.495 23 2.68
28.495 25 0.00
28.495 30 0.00
28.495 B1 4974.43 5118.97 
28.495 B3 5024.55 5180.18 
28.495 120 13 04 50
28.495 244 0.57
28.5 22 2.81
28.5 23 2.67
28.5 25 0.00
28.5 30 0.00
28.5 B1 4980.67 5120.52 
28.5 B3 5031.11 5181.85 
28.5 120 13 04 50
28.5 244 0.57
28.505 22 2.77
28.505 23 2.66
28.505 25 0.00
28.505 30 0.00
28.505 B1 4987.27 5122.55 
28.505 B3 5038.06 5183.99 
28.505 120 13 04 50
28.505 244 0.57
28.51 22 2.73
28.51 23 2.65
28.51 25 0.00
28.51 30 0.00
28.51 B1 4992.75 5123.57 
28.51 B3 5044.07 5185.29 
28.51 120 13 04 50
28.51 244 0.57
28.515 22 2.69
28.515 23 2.63
28.515 25 0.00
28.515 30 0.00
28.515 B1 4998.84 5125.28 
28.515 B3 5050.62 5187.22 
28.515 120 13 04 50
28.515 244 0.57
28.52 22 2.66
28.52 23 2.62
28.52 25 0.00
28.52 30 0.00
28.52 B1 5005.27 5127.45 
28.52 B3 5057.53 5189.59 
28.52 120 13 04 50
28.52 244 0.57
28.525 22 2.62
28.525 23 2.62
28.525 25 0.00
28.525 30 0.00
28.525 B1 5011.86 5129.90 
28.525 B3 5064.65 5192.29 
28.525 120 13 04 50
28.525 244 0.57
28.53 22 2.58
28.53 23 2.61
28.53 25 0.00
28.53 30 0.00
28.53 B1 5018.53 5132.56 
28.53 B3 5071.90 5195.24 
28.53 120 13 04 50
28.53 244 0.57
28.535 22 2.54
28.535 23 2.61
28.535 25 0.00
28.535 30 0.00
28.535 B1 5025.22 5135.35 
28.535 B3 5079.23 5198.37 
28.535 120 13 04 50
28.535 244 0.57
28.54 22 2.50
28.54 23 2.60
28.54 25 0.00
28.54 30 0.00
28.54 B1 5031.88 5138.25 
28.54 B3 5086.58 5201.64 
28.54 120 13 04 50
28.54 244 0.57
28.545 22 2.46
28.545 23 2.60
28.545 25 0.00
28.545 30 0.00
28.545 B1 5037.21 5139.92 
28.545 B3 5092.74 5203.84 
28.545 120 13 04 50
28.545 244 0.57
28.55 22 2.42
28.55 23 2.59
28.55 25 0.00
28.55 30 0.00
28.55 B1 5044.33 5143.48 
28.55 B3 5100.45 5207.69 
28.55 120 13 04 50
28.55 244 0.57
28.555 22 2.38
28.555 23 2.59
28.555 25 0.00
28.555 30 0.00
28.555 B1 5051.19 5146.91 
28.555 B3 5108.00 5211.49 
28.555 120 13 04 50
28.555 244 0.57
28.56 22 2.35
28.56 23 2.59
28.56 25 0.00
28.56 30 0.00
28.56 B1 5057.87 5150.28 
28.56 B3 5115.42 5215.30 
28.56 120 13 04 50
28.56 244 0.57
28.565 22 2.31
28.565 23 2.59
28.565 25 0.00
28.565 30 0.00
28.565 B1 5064.42 5153.64 
28.565 B3 5122.73 5219.11 
28.565 120 13 04 50
28.565 244 0.57
28.57 22 2.27
28.57 23 2.59
28.57 25 0.00
28.57 30 0.00
28.57 B1 5070.87 5157.01 
28.57 B3 5129.94 5222.94 
28.57 120 13 04 50
28.57 244 0.57
28.575 22 2.23
28.575 23 2.59
28.575 25 0.00
28.575 30 0.00
28.575 B1 5077.24 5160.41 
28.575 B3 5137.06 5226.79 
28.575 120 13 04 50
28.575 244 0.58
28.58 22 2.20
28.58 23 2.59
28.58 25 0.00
28.58 30 0.00
28.58 B1 5086.19 5166.49 
28.58 B3 5146.49 5233.06 
28.58 120 13 04 50
28.58 244 0.58
28.585 22 2.16
28.585 23 2.61
28.585 25 0.00
28.585 30 0.00
28.585 B1 5094.05 5171.62 
28.585 B3 5155.09 5238.65 
28.585 120 13 04 50
28.585 244 0.58
28.59 22 2.12
28.59 23 2.62
28.59 25 0.00
28.59 30 0.00
28.59 B1 5101.24 5176.18 
28.59 B3 5163.12 5243.77 
28.59 120 13 04 50
28.59 244 0.58
28.595 22 2.09
28.595 23 2.62
28.595 25 0.00
28.595 30 0.00
28.595 B1 5108.01 5180.43 
28.595 B3 5170.73 5248.60 
28.595 120 13 04 50
28.595 244 0.58
28.6 22 2.05
28.6 23 2.63
28.6 25 0.00
28.6 30 0.00
28.6 B1 5114.51 5184.50 
28.6 B3 5178.04 5253.22 
28.6 120 13 04 50
28.6 244 0.57
28.605 22 2.02
28.605 23 2.63
28.605 25 0.00
28.605 30 0.00
28.605 B1 5119.52 5187.17 
28.605 B3 5183.91 5256.52 
28.605 120 13 04 50
28.605 244 0.57
28.61 22 1.98
28.61 23 2.62
28.61 25 0.00
28.61 30 0.00
28.61 B1 5124.92 5190.31 
28.61 B3 5189.97 5260.08 
28.61 120 13 04 50
28.61 244 0.57
28.615 22 1.95
28.615 23 2.61
28.615 25 0.00
28.615 30 0.00
28.615 B1 5130.53 5193.74 
28.615 B3 5196.13 5263.84 
28.615 120 13 04 50
28.615 244 0.57
28.62 22 1.92
28.62 23 2.61
28.62 25 0.00
28.62 30 0.00
28.62 B1 5136.25 5197.38 
28.62 B3 5202.32 5267.73 
28.62 120 13 04 50
28.62 244 0.58
28.625 22 1.88
28.625 23 2.61
28.625 25 0.00
28.625 30 0.00
28.625 B1 5143.35 5202.49 
28.625 B3 5209.70 5272.92 
28.625 120 13 04 50
28.625 244 0.57
28.63 22 1.85
28.63 23 2.61
28.63 25 0.00
28.63 30 0.00
28.63 B1 5148.63 5205.86 
28.63 B3 5215.51 5276.64 
28.63 120 13 04 50
28.63 244 0.57
28.635 22 1.82
28.635 23 2.61
28.635 25 0.47
28.635 30 0.00
28.635 B1 5154.12 5209.52 
28.635 B3 5221.40 5280.52 
28.635 120 13 04 50
28.635 244 0.57
28.64 22 2.15
28.64 23 2.60
28.64 25 0.60
28.64 30 0.00
28.64 B1 5157.99 5211.66 
28.64 B3 5226.13 5283.33 
28.64 120 13 04 50
28.64 244 0.57
28.645 22 2.20
28.645 23 2.58
28.645 25 1.32
28.645 30 0.00
28.645 B1 5163.58 5215.95 
28.645 B3 5232.24 5287.93 
28.645 120 13 04 50
28.645 244 0.57
28.65 22 2.73
28.65 23 2.57
28.65 25 4.21
28.65 30 0.00
28.65 B1 5166.76 5218.25 
28.65 B3 5236.88 5291.42 
28.65 120 13 04 50
28.65 244 0.57
28.655 22 5.07
28.655 23 2.37
28.655 25 4.21
28.655 30 0.00
28.655 B1 5163.78 5215.29 
28.655 B3 5241.40 5295.57 
28.655 120 13 04 50
28.655 244 0.57
28.66 22 4.94
28.66 23 2.34
28.66 25 4.44
28.66 30 0.00
28.66 B1 5162.47 5217.06 
28.66 B3 5244.65 5301.10 
28.66 120 13 04 50
28.66 244 0.57
28.665 22 5.01
28.665 23 2.31
28.665 25 5.17
28.665 30 0.00
28.665 B1 5162.81 5222.25 
28.665 B3 5248.24 5308.71 
28.665 120 13 04 50
28.665 244 0.57
28.67 22 5.48
28.67 23 2.23
28.67 25 6.97
28.67 30 0.00
28.67 B1 5161.16 5226.67 
28.67 B3 5250.79 5316.61 
28.67 120 13 04 50
28.67 244 0.57
28.675 22 6.73
28.675 23 2.01
28.675 25 7.45
28.675 30 0.00
28.675 B1 5153.29 5226.21 
28.675 B3 5252.35 5324.87 
28.675 120 13 04 50
28.675 244 0.57
28.68 22 6.92
28.68 23 1.92
28.68 25 7.93
28.68 30 0.00
28.68 B1 5146.09 5228.46 
28.68 B3 5252.51 5333.80 
28.68 120 13 04 50
28.68 244 0.57
28.685 22 7.10
28.685 23 1.84
28.685 25 8.89
28.685 30 0.00
28.685 B1 5139.12 5232.40 
28.685 B3 5251.54 5343.20 
28.685 120 13 04 50
28.685 244 0.57
28.69 22 7.57
28.69 23 1.69
28.69 25 8.89
28.69 30 0.00
28.69 B1 5129.63 5234.96 
28.69 B3 5249.65 5352.96 
28.69 120 13 04 50
28.69 244 0.57
28.695 22 7.45
28.695 23 1.67
28.695 25 10.09
28.695 30 0.00
28.695 B1 5123.30 5241.72 
28.695 B3 5246.82 5363.07 
28.695 120 13 04 50
28.695 244 0.57
28.7 22 7.99
28.7 23 1.49
28.7 25 10.69
28.7 30 0.00
28.7 B1 5112.37 5244.52 
28.7 B3 5243.39 5373.36 
28.7 120 13 04 50
28.7 244 0.57
28.705 22 8.17
28.705 23 1.38
28.705 25 11.17
28.705 30 0.00
28.705 B1 5101.51 5248.18 
28.705 B3 5239.20 5383.87 
28.705 120 13 04 50
28.705 244 0.57
28.71 22 8.28
28.71 23 1.30
28.71 25 11.41
28.71 30 0.00
28.71 B1 5091.25 5253.05 
28.71 B3 5234.36 5394.56 
28.71 120 13 04 50
28.71 244 0.58
28.715 22 8.30
28.715 23 1.25
28.715 25 11.41
28.715 30 0.00
28.715 B1 5084.10 5261.41 
28.715 B3 5230.17 5406.52 
28.715 120 13 04 50
28.715 244 0.58
28.72 22 8.23
28.72 23 1.24
28.72 25 11.65
28.72 30 0.00
28.72 B1 5078.98 5272.03 
28.72 B3 5225.23 5418.16 
28.72 120 13 04 50
28.72 244 0.57
28.725 22 8.27
28.725 23 1.22
28.725 25 11.65
28.725 30 0.00
28.725 B1 5072.32 5281.19 
28.725 B3 5218.64 5428.32 
28.725 120 13 04 50
28.725 244 0.57
28.73 22 8.20
28.73 23 1.21
28.73 25 11.77
28.73 30 0.00
28.73 B1 5067.51 5292.12 
28.73 B3 5212.11 5438.59 
28.73 120 13 04 50
28.73 244 0.57
28.735 22 8.20
28.735 23 1.20
28.735 25 11.77
28.735 30 0.00
28.735 B1 5063.13 5303.35 
28.735 B3 5205.70 5448.89 
28.735 120 13 04 50
28.735 244 0.57
28.74 22 8.14
28.74 23 1.21
28.74 25 11.65
28.74 30 0.00
28.74 B1 5059.73 5315.38 
28.74 B3 5199.42 5459.17 
28.74 120 13 04 50
28.74 244 0.57
28.745 22 8.03
28.745 23 1.24
28.745 25 11.77
28.745 30 0.00
28.745 B1 5057.63 5328.45 
28.745 B3 5193.29 5469.37 
28.745 120 13 04 50
28.745 244 0.57
28.75 22 8.05
28.75 23 1.23
28.75 25 11.77
28.75 30 0.00
28.75 B1 5055.00 5340.71 
28.75 B3 5187.40 5479.46 
28.75 120 13 04 50
28.75 244 0.57
28.755 22 8.00
28.755 23 1.25
28.755 25 11.65
28.755 30 0.00
28.755 B1 5052.73 5353.03 
28.755 B3 5181.73 5489.46 
28.755 120 13 04 50
28.755 244 0.57
28.76 22 7.89
28.76 23 1.28
28.76 25 11.65
28.76 30 0.00
28.76 B1 5051.39 5365.94 
28.76 B3 5176.29 5499.32 
28.76 120 13 04 50
28.76 244 0.57
28.765 22 7.85
28.765 23 1.30
28.765 25 11.65
28.765 30 0.00
28.765 B1 5049.99 5378.41 
28.765 B3 5171.14 5509.04 
28.765 120 13 04 50
28.765 244 0.57
28.77 22 7.82
28.77 23 1.31
28.77 25 11.65
28.77 30 0.00
28.77 B1 5048.60 5390.50 
28.77 B3 5166.29 5518.60 
28.77 120 13 04 50
28.77 244 0.57
28.775 22 7.79
28.775 23 1.33
28.775 25 11.65
28.775 30 0.00
28.775 B1 5047.25 5402.24 
28.775 B3 5161.72 5528.01 
28.775 120 13 04 50
28.775 244 0.57
28.78 22 7.77
28.78 23 1.34
28.78 25 10.81
28.78 30 0.00
28.78 B1 5045.95 5413.66 
28.78 B3 5157.42 5537.26 
28.78 120 13 04 50
28.78 244 0.57
28.785 22 7.20
28.785 23 1.51
28.785 25 8.70
28.785 30 0.00
28.785 B1 5048.66 5428.65 
28.785 B3 5153.40 5546.37 
28.785 120 13 04 50
28.785 244 0.57
28.79 22 5.56
28.79 23 1.90
28.79 25 7.48
28.79 30 0.00
28.79 B1 5058.00 5449.50 
28.79 B3 5150.01 5555.18 
28.79 120 13 04 50
28.79 244 0.57
28.795 22 4.60
28.795 23 2.11
28.795 25 5.21
28.795 30 0.00
28.795 B1 5067.44 5468.52 
28.795 B3 5148.12 5563.29 
28.795 120 13 04 50
28.795 244 0.58
28.8 22 2.83
28.8 23 2.38
28.8 25 5.21
28.8 30 0.00
28.8 B1 5079.27 5487.78 
28.8 B3 5149.09 5571.78 
28.8 120 13 04 50
28.8 244 0.58
28.805 22 2.95
28.805 23 2.42
28.805 25 4.88
28.805 30 0.00
28.805 B1 5088.54 5501.02 
28.805 B3 5151.85 5578.74 
28.805 120 13 04 50
28.805 244 0.58
28.81 22 2.82
28.81 23 2.47
28.81 25 4.88
28.81 30 0.00
28.81 B1 5096.61 5510.79 
28.81 B3 5155.83 5584.64 
28.81 120 13 04 50
28.81 244 0.58
28.815 22 2.94
28.815 23 2.48
28.815 25 4.78
28.815 30 0.00
28.815 B1 5103.76 5517.90 
28.815 B3 5160.75 5589.70 
28.815 120 13 04 50
28.815 244 0.58
28.82 22 2.96
28.82 23 2.49
28.82 25 3.13
28.82 30 0.00
28.82 B1 5110.46 5523.43 
28.82 B3 5166.30 5594.19 
28.82 120 13 04 50
28.82 244 0.58
28.825 22 1.89
28.825 23 2.58
28.825 25 1.73
28.825 30 0.00
28.825 B1 5117.62 5528.81 
28.825 B3 5172.30 5598.24 
28.825 120 13 04 50
28.825 244 0.58
28.83 22 1.05
28.83 23 2.62
28.83 25 0.86
28.83 30 0.00
28.83 B1 5124.45 5532.28 
28.83 B3 5179.16 5601.57 
28.83 120 13 04 50
28.83 244 0.58
28.835 22 0.54
28.835 23 2.62
28.835 25 0.00
28.835 30 0.00
28.835 B1 5132.70 5535.12 
28.835 B3 5188.24 5605.22 
28.835 120 13 04 50
28.835 244 0.58
28.84 22 0.02
28.84 23 2.62
28.84 25 0.00
28.84 30 0.00
28.84 B1 5140.50 5535.65 
28.84 B3 5197.87 5607.66 
28.84 120 13 04 50
28.84 244 0.58
28.845 22 0.20
28.845 23 2.61
28.845 25 0.00
28.845 30 0.00
28.845 B1 5148.27 5534.24 
28.845 B3 5206.93 5607.82 
28.845 120 13 04 50
28.845 244 0.58
28.85 22 0.37
28.85 23 2.60
28.85 25 0.00
28.85 30 0.00
28.85 B1 5157.22 5532.96 
28.85 B3 5216.69 5607.59 
28.85 120 13 04 50
28.85 244 0.58
28.855 22 0.53
28.855 23 2.60
28.855 25 0.00
28.855 30 0.00
28.855 B1 5168.10 5533.15 
28.855 B3 5228.04 5608.32 
28.855 120 13 04 50
28.855 244 0.58
28.86 22 0.68
28.86 23 2.60
28.86 25 0.00
28.86 30 0.00
28.86 B1 5177.44 5531.73 
28.86 B3 5238.02 5607.42 
28.86 120 13 04 50
28.86 244 0.58
28.865 22 0.82
28.865 23 2.60
28.865 25 0.00
28.865 30 0.00
28.865 B1 5188.37 5531.97 
28.865 B3 5249.36 5607.81 
28.865 120 13 04 50
28.865 244 0.58
28.87 22 0.95
28.87 23 2.60
28.87 25 0.00
28.87 30 0.00
28.87 B1 5198.90 5532.04 
28.87 B3 5260.39 5607.98 
28.87 120 13 04 50
28.87 244 0.58
28.875 22 1.07
28.875 23 2.60
28.875 25 0.00
28.875 30 0.00
28.875 B1 5209.09 5532.06 
28.875 B3 5271.13 5608.07 
28.875 120 13 04 50
28.875 244 0.58
28.88 22 1.17
28.88 23 2.61
28.88 25 0.00
28.88 30 0.00
28.88 B1 5219.02 5532.12 
28.88 B3 5281.62 5608.13 
28.88 120 13 04 50
28.88 244 0.58
28.885 22 1.28
28.885 23 2.61
28.885 25 0.00
28.885 30 0.00
28.885 B1 5228.71 5532.26 
28.885 B3 5291.86 5608.25 
28.885 120 13 04 50
28.885 244 0.58
28.89 22 1.37
28.89 23 2.61
28.89 25 0.00
28.89 30 0.00
28.89 B1 5236.87 5531.19 
28.89 B3 5300.68 5607.26 
28.89 120 13 04 50
28.89 244 0.58
28.895 22 1.45
28.895 23 2.60
28.895 25 0.00
28.895 30 0.00
28.895 B1 5245.33 5530.74 
28.895 B3 5309.63 5606.73 
28.895 120 13 04 50
28.895 244 0.58
28.9 22 1.53
28.9 23 2.59
28.9 25 0.00
28.9 30 0.00
28.9 B1 5253.91 5530.72 
28.9 B3 5318.63 5606.57 
28.9 120 13 04 50
28.9 244 0.58
28.905 22 1.60
28.905 23 2.59
28.905 25 0.00
28.905 30 0.00
28.905 B1 5263.83 5532.35 
28.905 B3 5328.78 5607.91 
28.905 120 13 04 50
28.905 244 0.58
28.91 22 1.67
28.91 23 2.59
28.91 25 0.00
28.91 30 0.00
28.91 B1 5273.20 5533.77 
28.91 B3 5338.51 5609.18 
28.91 120 13 04 50
28.91 244 0.58
28.915 22 1.73
28.915 23 2.59
28.915 25 0.00
28.915 30 0.00
28.915 B1 5282.18 5535.11 
28.915 B3 5347.89 5610.44 
28.915 120 13 04 50
28.915 244 0.58
28.92 22 1.78
28.92 23 2.60
28.92 25 0.00
28.92 30 0.00
28.92 B1 5290.88 5536.44 
28.92 B3 5356.99 5611.76 
28.92 120 13 04 50
28.92 244 0.58
28.925 22 1.83
28.925 23 2.60
28.925 25 0.00
28.925 30 0.00
28.925 B1 5299.35 5537.81 
28.925 B3 5365.85 5613.13 
28.925 120 13 04 50
28.925 244 0.58
28.93 22 1.88
28.93 23 2.60
28.93 25 0.00
28.93 30 0.00
28.93 B1 5307.64 5539.26 
28.93 B3 5374.50 5614.60 
28.93 120 13 04 50
28.93 244 0.58
28.935 22 1.92
28.935 23 2.60
28.935 25 0.00
28.935 30 0.00
28.935 B1 5315.76 5540.80 
28.935 B3 5382.95 5616.16 
28.935 120 13 04 50
28.935 244 0.58
28.94 22 1.95
28.94 23 2.60
28.94 25 0.00
28.94 30 0.00
28.94 B1 5323.76 5542.43 
28.94 B3 5391.25 5617.83 
28.94 120 13 04 50
28.94 244 0.58
28.945 22 1.98
28.945 23 2.59
28.945 25 0.00
28.945 30 0.00
28.945 B1 5331.63 5544.16 
28.945 B3 5399.40 5619.60 
28.945 120 13 04 50
28.945 244 0.58
28.95 22 2.01
28.95 23 2.59
28.95 25 0.00
28.95 30 0.00
28.95 B1 5338.06 5544.67 
28.95 B3 5406.20 5620.29 
28.95 120 13 04 50
28.95 244 0.58
28.955 22 2.04
28.955 23 2.58
28.955 25 0.00
28.955 30 0.00
28.955 B1 5346.21 5547.08 
28.955 B3 5414.42 5622.60 
28.955 120 13 04 50
28.955 244 0.58
28.96 22 2.07
28.96 23 2.58
28.96 25 0.00
28.96 30 0.00
28.96 B1 5354.06 5549.39 
28.96 B3 5422.41 5624.92 
28.96 120 13 04 50
28.96 244 0.58
28.965 22 2.09
28.965 23 2.59
28.965 25 0.00
28.965 30 0.00
28.965 B1 5360.38 5550.39 
28.965 B3 5429.01 5626.08 
28.965 120 13 04 50
28.965 244 0.58
28.97 22 2.11
28.97 23 2.58
28.97 25 0.00
28.97 30 0.00
28.97 B1 5367.03 5551.87 
28.97 B3 5435.81 5627.62 
28.97 120 13 04 50
28.97 244 0.58
28.975 22 2.12
28.975 23 2.57
28.975 25 0.00
28.975 30 0.00
28.975 B1 5375.17 5555.01 
28.975 B3 5443.91 5630.64 
28.975 120 13 04 50
28.975 244 0.58
28.98 22 2.14
28.98 23 2.57
28.98 25 0.00
28.98 30 0.00
28.98 B1 5382.90 5557.92 
28.98 B3 5451.70 5633.56 
28.98 120 13 04 50
28.98 244 0.58
28.985 22 2.15
28.985 23 2.58
28.985 25 0.00
28.985 30 0.00
28.985 B1 5390.36 5560.72 
28.985 B3 5459.26 5636.43 
28.985 120 13 04 50
28.985 244 0.58
28.99 22 2.16
28.99 23 2.58
28.99 25 0.00
28.99 30 0.00
28.99 B1 5397.61 5563.47 
28.99 B3 5466.65 5639.27 
28.99 120 13 04 50
28.99 244 0.58
28.995 22 2.17
28.995 23 2.58
28.995 25 0.00
28.995 30 0.00
28.995 B1 5404.72 5566.22 
28.995 B3 5473.89 5642.13 
28.995 120 13 04 50
28.995 244 0.58
29 22 2.17
29 23 2.58
29 25 0.00
29 30 0.00
29 B1 5411.71 5568.98 
29 B3 5481.00 5645.01 
29 120 13 04 50
29 244 0.58
29.005 22 2.18
29.005 23 2.58
29.005 25 0.00
29.005 30 0.00
29.005 B1 5418.61 5571.79 
29.005 B3 5488.01 5647.92 
29.005 120 13 04 50
29.005 244 0.58
29.01 22 2.18
29.01 23 2.58
29.01 25 0.00
29.01 30 0.00
29.01 B1 5425.45 5574.64 
29.01 B3 5494.93 5650.87 
29.01 120 13 04 50
29.01 244 0.59
29.015 22 2.18
29.015 23 2.57
29.015 25 0.00
29.015 30 0.00
29.015 B1 5433.53 5578.86 
29.015 B3 5502.97 5655.05 
29.015 120 13 04 50
29.015 244 0.59
29.02 22 2.18
29.02 23 2.58
29.02 25 0.00
29.02 30 0.00
29.02 B1 5441.06 5582.66 
29.02 B3 5510.61 5658.95 
29.02 120 13 04 50
29.02 244 0.58
29.025 22 2.17
29.025 23 2.59
29.025 25 0.00
29.025 30 0.00
29.025 B1 5446.93 5584.89 
29.025 B3 5516.73 5661.47 
29.025 120 13 04 50
29.025 244 0.58
29.03 22 2.17
29.03 23 2.58
29.03 25 0.00
29.03 30 0.00
29.03 B1 5453.04 5587.46 
29.03 B3 5522.98 5664.18 
29.03 120 13 04 50
29.03 244 0.58
29.035 22 2.16
29.035 23 2.58
29.035 25 0.00
29.035 30 0.00
29.035 B1 5459.29 5590.25 
29.035 B3 5529.31 5667.06 
29.035 120 13 04 50
29.035 244 0.58
29.04 22 2.15
29.04 23 2.57
29.04 25 0.00
29.04 30 0.00
29.04 B1 5465.61 5593.21 
29.04 B3 5535.67 5670.06 
29.04 120 13 04 50
29.04 244 0.58
29.045 22 2.15
29.045 23 2.57
29.045 25 0.00
29.045 30 0.00
29.045 B1 5471.97 5596.28 
29.045 B3 5542.05 5673.17 
29.045 120 13 04 50
29.045 244 0.58
29.05 22 2.14
29.05 23 2.57
29.05 25 0.00
29.05 30 0.00
29.05 B1 5477.00 5598.12 
29.05 B3 5547.23 5675.14 
29.05 120 13 04 50
29.05 244 0.58
29.055 22 2.12
29.055 23 2.56
29.055 25 0.00
29.055 30 0.00
29.055 B1 5482.51 5600.49 
29.055 B3 5552.74 5677.51 
29.055 120 13 04 50
29.055 244 0.57
29.06 22 2.11
29.06 23 2.55
29.06 25 0.00
29.06 30 0.00
29.06 B1 5486.98 5601.90 
29.06 B3 5557.29 5678.98 
29.06 120 13 04 50
29.06 244 0.58
29.065 22 2.10
29.065 23 2.53
29.065 25 0.00
29.065 30 0.00
29.065 B1 5493.41 5605.34 
29.065 B3 5563.51 5682.19 
29.065 120 13 04 50
29.065 244 0.57
29.07 22 2.09
29.07 23 2.53
29.07 25 0.00
29.07 30 0.00
29.07 B1 5498.42 5607.44 
29.07 B3 5568.53 5684.27 
29.07 120 13 04 50
29.07 244 0.57
29.075 22 2.07
29.075 23 2.52
29.075 25 0.00
29.075 30 0.00
29.075 B1 5503.84 5610.01 
29.075 B3 5573.88 5686.72 
29.075 120 13 04 50
29.075 244 0.57
29.08 22 2.06
29.08 23 2.52
29.08 25 0.00
29.08 30 0.00
29.08 B1 5509.51 5612.90 
29.08 B3 5579.44 5689.46 
29.08 120 13 04 50
29.08 244 0.57
29.085 22 2.04
29.085 23 2.51
29.085 25 0.00
29.085 30 0.00
29.085 B1 5513.99 5614.68 
29.085 B3 5583.96 5691.20 
29.085 120 13 04 50
29.085 244 0.57
29.09 22 2.02
29.09 23 2.50
29.09 25 0.00
29.09 30 0.00
29.09 B1 5519.03 5617.06 
29.09 B3 5588.91 5693.44 
29.09 120 13 04 50
29.09 244 0.57
29.095 22 2.00
29.095 23 2.49
29.095 25 0.00
29.095 30 0.00
29.095 B1 5524.40 5619.83 
29.095 B3 5594.16 5696.02 
29.095 120 13 04 50
29.095 244 0.57
29.1 22 1.99
29.1 23 2.48
29.1 25 0.00
29.1 30 0.00
29.1 B1 5529.98 5622.87 
29.1 B3 5599.61 5698.86 
29.1 120 13 04 50
29.1 244 0.57
29.105 22 1.97
29.105 23 2.48
29.105 25 0.00
29.105 30 0.00
29.105 B1 5535.65 5626.09 
29.105 B3 5605.20 5701.88 
29.105 120 13 04 50
29.105 244 0.56
29.11 22 1.95
29.11 23 2.47
29.11 25 0.00
29.11 30 0.00
29.11 B1 5538.76 5626.78 
29.11 B3 5608.47 5702.66 
29.11 120 13 04 50
29.11 244 0.56
29.115 22 1.93
29.115 23 2.45
29.115 25 0.00
29.115 30 0.00
29.115 B1 5542.83 5628.49 
29.115 B3 5612.49 5704.21 
29.115 120 13 04 50
29.115 244 0.56
29.12 22 1.91
29.12 23 2.44
29.12 25 0.00
29.12 30 0.00
29.12 B1 5547.52 5630.86 
29.12 B3 5617.00 5706.30 
29.12 120 13 04 50
29.12 244 0.56
29.125 22 1.89
29.125 23 2.43
29.125 25 0.00
29.125 30 0.00
29.125 B1 5551.25 5632.32 
29.125 B3 5620.67 5707.60 
29.125 120 13 04 50
29.125 244 0.56
29.13 22 1.87
29.13 23 2.41
29.13 25 0.00
29.13 30 0.00
29.13 B1 5554.35 5633.22 
29.13 B3 5623.71 5708.32 
29.13 120 13 04 50
29.13 244 0.55
29.135 22 1.85
29.135 23 2.39
29.135 25 0.00
29.135 30 0.00
29.135 B1 5557.03 5633.73 
29.135 B3 5626.30 5708.63 
29.135 120 13 04 50
29.135 244 0.55
29.14 22 1.83
29.14 23 2.37
29.14 25 0.00
29.14 30 0.00
29.14 B1 5560.74 5635.32 
29.14 B3 5629.73 5709.82 
29.14 120 13 04 50
29.14 244 0.55
29.145 22 1.81
29.145 23 2.36
29.145 25 0.00
29.145 30 0.00
29.145 B1 5563.76 5636.27 
29.145 B3 5632.56 5710.46 
29.145 120 13 04 50
29.145 244 0.55
29.15 22 1.79
29.15 23 2.34
29.15 25 0.00
29.15 30 0.00
29.15 B1 5567.64 5638.14 
29.15 B3 5636.13 5711.88 
29.15 120 13 04 50
29.15 244 0.55
29.155 22 1.77
29.155 23 2.32
29.155 25 0.00
29.155 30 0.00
29.155 B1 5573.37 5641.91 
29.155 B3 5641.41 5715.07 
29.155 120 13 04 50
29.155 244 0.55
29.16 22 1.74
29.16 23 2.32
29.16 25 0.00
29.16 30 0.00
29.16 B1 5578.94 5645.59 
29.16 B3 5646.71 5718.34 
29.16 120 13 04 50
29.16 244 0.55
29.165 22 1.72
29.165 23 2.32
29.165 25 0.00
29.165 30 0.00
29.165 B1 5584.41 5649.22 
29.165 B3 5652.01 5721.68 
29.165 120 13 04 50
29.165 244 0.55
29.17 22 1.70
29.17 23 2.32
29.17 25 0.00
29.17 30 0.00
29.17 B1 5589.80 5652.84 
29.17 B3 5657.31 5725.07 
29.17 120 13 04 50
29.17 244 0.55
29.175 22 1.68
29.175 23 2.32
29.175 25 0.00
29.175 30 0.00
29.175 B1 5595.12 5656.44 
29.175 B3 5662.60 5728.51 
29.175 120 13 04 50
29.175 244 0.56
29.18 22 1.66
29.18 23 2.32
29.18 25 0.00
29.18 30 0.00
29.18 B1 5601.73 5661.37 
29.18 B3 5669.08 5733.18 
29.18 120 13 04 50
29.18 244 0.55
29.185 22 1.64
29.185 23 2.33
29.185 25 0.00
29.185 30 0.00
29.185 B1 5606.50 5664.53 
29.185 B3 5674.01 5736.37 
29.185 120 13 04 50
29.185 244 0.56
29.19 22 1.62
29.19 23 2.32
29.19 25 0.00
29.19 30 0.00
29.19 B1 5612.74 5669.18 
29.19 B3 5680.22 5740.88 
29.19 120 13 04 50
29.19 244 0.56
29.195 22 1.59
29.195 23 2.33
29.195 25 0.00
29.195 30 0.00
29.195 B1 5619.91 5674.82 
29.195 B3 5687.35 5746.35 
29.195 120 13 04 50
29.195 244 0.56
29.2 22 1.57
29.2 23 2.34
29.2 25 0.00
29.2 30 0.00
29.2 B1 5626.35 5679.78 
29.2 B3 5693.93 5751.34 
29.2 120 13 04 50
29.2 244 0.56
29.205 22 1.55
29.205 23 2.35
29.205 25 0.00
29.205 30 0.00
29.205 B1 5633.65 5685.65 
29.205 B3 5701.32 5757.19 
29.205 120 13 04 50
29.205 244 0.57
29.21 22 1.53
29.21 23 2.36
29.21 25 0.00
29.21 30 0.00
29.21 B1 5641.50 5692.11 
29.21 B3 5709.30 5763.67 
29.21 120 13 04 50
29.21 244 0.57
29.215 22 1.51
29.215 23 2.38
29.215 25 0.00
29.215 30 0.00
29.215 B1 5648.39 5697.65 
29.215 B3 5716.50 5769.42 
29.215 120 13 04 50
29.215 244 0.57
29.22 22 1.49
29.22 23 2.39
29.22 25 0.00
29.22 30 0.00
29.22 B1 5657.31 5705.26 
29.22 B3 5725.55 5777.07 
29.22 120 13 04 50
29.22 244 0.58
29.225 22 1.47
29.225 23 2.41
29.225 25 0.00
29.225 30 0.00
29.225 B1 5666.21 5712.91 
29.225 B3 5734.73 5784.90 
29.225 120 13 04 50
29.225 244 0.58
29.23 22 1.44
29.23 23 2.44
29.23 25 0.00
29.23 30 0.00
29.23 B1 5675.13 5720.61 
29.23 B3 5744.03 5792.89 
29.23 120 13 04 50
29.23 244 0.58
29.235 22 1.42
29.235 23 2.46
29.235 25 0.00
29.235 30 0.00
29.235 B1 5682.74 5727.05 
29.235 B3 5752.23 5799.82 
29.235 120 13 04 50
29.235 244 0.59
29.24 22 1.40
29.24 23 2.48
29.24 25 0.00
29.24 30 0.00
29.24 B1 5692.17 5735.33 
29.24 B3 5762.03 5808.40 
29.24 120 13 04 50
29.24 244 0.59
29.245 22 1.38
29.245 23 2.51
29.245 25 0.00
29.245 30 0.00
29.245 B1 5701.46 5743.50 
29.245 B3 5771.81 5816.99 
29.245 120 13 04 50
29.245 244 0.60
29.25 22 1.36
29.25 23 2.53
29.25 25 0.00
29.25 30 0.00
29.25 B1 5711.99 5752.96 
29.25 B3 5782.77 5826.81 
29.25 120 13 04 50
29.25 244 0.60
29.255 22 1.34
29.255 23 2.57
29.255 25 0.00
29.255 30 0.00
29.255 B1 5720.70 5760.64 
29.255 B3 5792.23 5835.16 
29.255 120 13 04 50
29.255 244 0.60
29.26 22 1.32
29.26 23 2.59
29.26 25 0.00
29.26 30 0.00
29.26 B1 5728.25 5767.19 
29.26 B3 5800.60 5842.47 
29.26 120 13 04 50
29.26 244 0.60
29.265 22 1.30
29.265 23 2.61
29.265 25 0.00
29.265 30 0.00
29.265 B1 5733.75 5771.71 
29.265 B3 5807.01 5847.83 
29.265 120 13 04 50
29.265 244 0.60
29.27 22 1.28
29.27 23 2.61
29.27 25 0.00
29.27 30 0.00
29.27 B1 5739.23 5776.22 
29.27 B3 5813.20 5853.00 
29.27 120 13 04 50
29.27 244 0.60
29.275 22 1.26
29.275 23 2.61
29.275 25 0.00
29.275 30 0.00
29.275 B1 5746.03 5782.07 
29.275 B3 5820.42 5859.23 
29.275 120 13 04 50
29.275 244 0.61
29.28 22 1.24
29.28 23 2.62
29.28 25 0.00
29.28 30 0.00
29.28 B1 5753.67 5788.79 
29.28 B3 5828.39 5866.22 
29.28 120 13 04 50
29.28 244 0.61
29.285 22 1.22
29.285 23 2.63
29.285 25 0.00
29.285 30 0.00
29.285 B1 5760.54 5794.77 
29.285 B3 5835.70 5872.59 
29.285 120 13 04 50
29.285 244 0.63
29.29 22 1.21
29.29 23 2.64
29.29 25 0.00
29.29 30 0.00
29.29 B1 5773.52 5806.89 
29.29 B3 5848.52 5884.49 
29.29 120 13 04 50
29.29 244 0.63
29.295 22 1.19
29.295 23 2.69
29.295 25 0.00
29.295 30 0.00
29.295 B1 5783.88 5816.44 
29.295 B3 5859.37 5894.48 
29.295 120 13 04 50
29.295 244 0.63
29.3 22 1.17
29.3 23 2.72
29.3 25 0.00
29.3 30 0.00
29.3 B1 5795.21 5826.99 
29.3 B3 5871.22 5905.49 
29.3 120 13 04 50
29.3 244 0.63
29.305 22 1.15
29.305 23 2.76
29.305 25 0.00
29.305 30 0.00
29.305 B1 5804.56 5835.59 
29.305 B3 5881.42 5914.89 
29.305 120 13 04 50
29.305 244 0.63
29.31 22 1.13
29.31 23 2.79
29.31 25 0.00
29.31 30 0.00
29.31 B1 5812.63 5842.92 
29.31 B3 5890.43 5923.13 
29.31 120 13 04 50
29.31 244 0.63
29.315 22 1.11
29.315 23 2.80
29.315 25 0.00
29.315 30 0.00
29.315 B1 5819.90 5849.47 
29.315 B3 5898.60 5930.53 
29.315 120 13 04 50
29.315 244 0.63
29.32 22 1.10
29.32 23 2.81
29.32 25 0.00
29.32 30 0.00
29.32 B1 5826.63 5855.49 
29.32 B3 5906.16 5937.35 
29.32 120 13 04 50
29.32 244 0.66
29.325 22 1.08
29.325 23 2.82
29.325 25 0.00
29.325 30 0.00
29.325 B1 5840.94 5869.12 
29.325 B3 5920.45 5950.92 
29.325 120 13 04 50
29.325 244 0.66
29.33 22 1.06
29.33 23 2.88
29.33 25 0.00
29.33 30 0.00
29.33 B1 5852.31 5879.84 
29.33 B3 5932.49 5962.27 
29.33 120 13 04 50
29.33 244 0.66
29.335 22 1.04
29.335 23 2.91
29.335 25 0.00
29.335 30 0.00
29.335 B1 5861.79 5888.69 
29.335 B3 5942.92 5972.05 
29.335 120 13 04 50
29.335 244 0.65
29.34 22 1.03
29.34 23 2.94
29.34 25 0.00
29.34 30 0.00
29.34 B1 5868.73 5895.01 
29.34 B3 5951.01 5979.49 
29.34 120 13 04 50
29.34 244 0.65
29.345 22 1.01
29.345 23 2.95
29.345 25 0.00
29.345 30 0.00
29.345 B1 5875.33 5901.02 
29.345 B3 5958.57 5986.42 
29.345 120 13 04 50
29.345 244 0.65
29.35 22 0.99
29.35 23 2.95
29.35 25 0.00
29.35 30 0.00
29.35 B1 5879.08 5904.17 
29.35 B3 5963.37 5990.61 
29.35 120 13 04 50
29.35 244 0.65
29.355 22 0.98
29.355 23 2.94
29.355 25 0.00
29.355 30 0.00
29.355 B1 5883.59 5908.09 
29.355 B3 5968.53 5995.15 
29.355 120 13 04 50
29.355 244 0.65
29.36 22 0.96
29.36 23 2.93
29.36 25 0.00
29.36 30 0.00
29.36 B1 5888.60 5912.51 
29.36 B3 5973.94 5999.96 
29.36 120 13 04 50
29.36 244 0.64
29.365 22 0.95
29.365 23 2.92
29.365 25 0.00
29.365 30 0.00
29.365 B1 5892.59 5915.93 
29.365 B3 5978.34 6003.76 
29.365 120 13 04 50
29.365 244 0.64
29.37 22 0.93
29.37 23 2.90
29.37 25 0.00
29.37 30 0.00
29.37 B1 5897.23 5920.02 
29.37 B3 5983.16 6008.00 
29.37 120 13 04 50
29.37 244 0.64
29.375 22 0.92
29.375 23 2.89
29.375 25 0.00
29.375 30 0.00
29.375 B1 5902.29 5924.54 
29.375 B3 5988.30 6012.58 
29.375 120 13 04 50
29.375 244 0.64
29.38 22 0.90
29.38 23 2.89
29.38 25 0.00
29.38 30 0.00
29.38 B1 5907.61 5929.33 
29.38 B3 5993.67 6017.38 
29.38 120 13 04 50
29.38 244 0.65
29.385 22 0.89
29.385 23 2.88
29.385 25 0.00
29.385 30 0.00
29.385 B1 5914.43 5935.63 
29.385 B3 6000.38 6023.55 
29.385 120 13 04 50
29.385 244 0.65
29.39 22 0.87
29.39 23 2.89
29.39 25 0.00
29.39 30 0.00
29.39 B1 5923.54 5944.25 
29.39 B3 6009.28 6031.92 
29.39 120 13 04 50
29.39 244 0.66
29.395 22 0.86
29.395 23 2.91
29.395 25 0.00
29.395 30 0.00
29.395 B1 5934.17 5954.41 
29.395 B3 6019.79 6041.92 
29.395 120 13 04 50
29.395 244 0.65
29.4 22 0.84
29.4 23 2.94
29.4 25 0.00
29.4 30 0.00
29.4 B1 5939.21 5959.00 
29.4 B3 6025.51 6047.16 
29.4 120 13 04 50
29.4 244 0.65
29.405 22 0.83
29.405 23 2.93
29.405 25 0.00
29.405 30 0.00
29.405 B1 5943.23 5962.57 
29.405 B3 6030.11 6051.28 
29.405 120 13 04 50
29.405 244 0.65
29.41 22 0.82
29.41 23 2.92
29.41 25 0.00
29.41 30 0.00
29.41 B1 5947.88 5966.77 
29.41 B3 6035.08 6055.78 
29.41 120 13 04 50
29.41 244 0.65
29.415 22 0.80
29.415 23 2.91
29.415 25 0.00
29.415 30 0.00
29.415 B1 5952.94 5971.40 
29.415 B3 6040.31 6060.55 
29.415 120 13 04 50
29.415 244 0.65
29.42 22 0.79
29.42 23 2.90
29.42 25 0.00
29.42 30 0.00
29.42 B1 5958.25 5976.29 
29.42 B3 6045.72 6065.52 
29.42 120 13 04 50
29.42 244 0.65
29.425 22 0.78
29.425 23 2.90
29.425 25 0.00
29.425 30 0.00
29.425 B1 5963.75 5981.37 
29.425 B3 6051.27 6070.62 
29.425 120 13 04 50
29.425 244 0.65
29.43 22 0.76
29.43 23 2.89
29.43 25 0.00
29.43 30 0.00
29.43 B1 5969.34 5986.56 
29.43 B3 6056.91 6075.83 
29.43 120 13 04 50
29.43 244 0.64
29.435 22 0.75
29.435 23 2.89
29.435 25 0.00
29.435 30 0.00
29.435 B1 5973.68 5990.51 
29.435 B3 6061.41 6079.91 
29.435 120 13 04 50
29.435 244 0.64
29.44 22 0.74
29.44 23 2.88
29.44 25 0.00
29.44 30 0.00
29.44 B1 5978.51 5994.95 
29.44 B3 6066.27 6084.36 
29.44 120 13 04 50
29.44 244 0.65
29.445 22 0.73
29.445 23 2.87
29.445 25 0.00
29.445 30 0.00
29.445 B1 5984.98 6001.04 
29.445 B3 6072.60 6090.27 
29.445 120 13 04 50
29.445 244 0.65
29.45 22 0.71
29.45 23 2.87
29.45 25 0.00
29.45 30 0.00
29.45 B1 5991.20 6006.90 
29.45 B3 6078.77 6096.06 
29.45 120 13 04 50
29.45 244 0.65
29.455 22 0.70
29.455 23 2.87
29.455 25 0.00
29.455 30 0.00
29.455 B1 5998.58 6013.92 
29.455 B3 6086.05 6102.96 
29.455 120 13 04 50
29.455 244 0.65
29.46 22 0.69
29.46 23 2.88
29.46 25 0.00
29.46 30 0.00
29.46 B1 6005.42 6020.41 
29.46 B3 6092.95 6109.48 
29.46 120 13 04 50
29.46 244 0.65
29.465 22 0.68
29.465 23 2.89
29.465 25 0.00
29.465 30 0.00
29.465 B1 6013.21 6027.87 
29.465 B3 6100.76 6116.94 
29.465 120 13 04 50
29.465 244 0.66
29.47 22 0.67
29.47 23 2.90
29.47 25 0.00
29.47 30 0.00
29.47 B1 6021.65 6035.98 
29.47 B3 6109.26 6125.08 
29.47 120 13 04 50
29.47 244 0.66
29.475 22 0.66
29.475 23 2.92
29.475 25 0.00
29.475 30 0.00
29.475 B1 6029.20 6043.23 
29.475 B3 6117.07 6132.55 
29.475 120 13 04 50
29.475 244 0.65
29.48 22 0.64
29.48 23 2.93
29.48 25 0.00
29.48 30 0.00
29.48 B1 6034.85 6048.57 
29.48 B3 6123.18 6138.33 
29.48 120 13 04 50
29.48 244 0.65
29.485 22 0.63
29.485 23 2.92
29.485 25 0.00
29.485 30 0.00
29.485 B1 6040.57 6053.98 
29.485 B3 6129.24 6144.06 
29.485 120 13 04 50
29.485 244 0.65
29.49 22 0.62
29.49 23 2.92
29.49 25 0.00
29.49 30 0.00
29.49 B1 6046.33 6059.44 
29.49 B3 6135.27 6149.76 
29.49 120 13 04 50
29.49 244 0.65
29.495 22 0.61
29.495 23 2.92
29.495 25 0.00
29.495 30 0.00
29.495 B1 6050.78 6063.61 
29.495 B3 6140.05 6154.24 
29.495 120 13 04 50
29.495 244 0.65
29.5 22 0.60
29.5 23 2.91
29.5 25 0.00
29.5 30 0.00
29.5 B1 6055.70 6068.24 
29.5 B3 6145.13 6159.01 
29.5 120 13 04 50
29.5 244 0.65
29.505 22 0.59
29.505 23 2.90
29.505 25 0.00
29.505 30 0.00
29.505 B1 6060.90 6073.16 
29.505 B3 6150.41 6163.99 
29.505 120 13 04 50
29.505 244 0.65
29.51 22 0.58
29.51 23 2.90
29.51 25 0.00
29.51 30 0.00
29.51 B1 6066.31 6078.28 
29.51 B3 6155.84 6169.11 
29.51 120 13 04 50
29.51 244 0.65
29.515 22 0.57
29.515 23 2.89
29.515 25 0.00
29.515 30 0.00
29.515 B1 6073.15 6084.86 
29.515 B3 6162.57 6175.54 
29.515 120 13 04 50
29.515 244 0.65
29.52 22 0.56
29.52 23 2.90
29.52 25 0.00
29.52 30 0.00
29.52 B1 6077.00 6088.44 
29.52 B3 6166.67 6179.36 
29.52 120 13 04 50
29.52 244 0.65
29.525 22 0.55
29.525 23 2.89
29.525 25 0.00
29.525 30 0.00
29.525 B1 6081.48 6092.66 
29.525 B3 6171.21 6183.62 
29.525 120 13 04 50
29.525 244 0.65
29.53 22 0.54
29.53 23 2.88
29.53 25 0.00
29.53 30 0.00
29.53 B1 6087.70 6098.63 
29.53 B3 6177.28 6189.41 
29.53 120 13 04 50
29.53 244 0.65
29.535 22 0.53
29.535 23 2.88
29.535 25 0.00
29.535 30 0.00
29.535 B1 6093.74 6104.43 
29.535 B3 6183.27 6195.13 
29.535 120 13 04 50
29.535 244 0.65
29.54 22 0.53
29.54 23 2.88
29.54 25 0.00
29.54 30 0.00
29.54 B1 6099.69 6110.13 
29.54 B3 6189.21 6200.80 
29.54 120 13 04 50
29.54 244 0.65
29.545 22 0.52
29.545 23 2.88
29.545 25 0.00
29.545 30 0.00
29.545 B1 6106.87 6117.09 
29.545 B3 6196.29 6207.64 
29.545 120 13 04 50
29.545 244 0.65
29.55 22 0.51
29.55 23 2.88
29.55 25 0.00
29.55 30 0.00
29.55 B1 6113.57 6123.55 
29.55 B3 6203.04 6214.13 
29.55 120 13 04 50
29.55 244 0.66
29.555 22 0.50
29.555 23 2.89
29.555 25 0.00
29.555 30 0.00
29.555 B1 6121.27 6131.04 
29.555 B3 6210.74 6221.59 
29.555 120 13 04 50
29.555 244 0.66
29.56 22 0.49
29.56 23 2.90
29.56 25 0.00
29.56 30 0.00
29.56 B1 6128.31 6137.87 
29.56 B3 6217.94 6228.57 
29.56 120 13 04 50
29.56 244 0.67
29.565 22 0.48
29.565 23 2.91
29.565 25 0.00
29.565 30 0.00
29.565 B1 6137.57 6146.92 
29.565 B3 6227.19 6237.59 
29.565 120 13 04 50
29.565 244 0.67
29.57 22 0.47
29.57 23 2.93
29.57 25 0.00
29.57 30 0.00
29.57 B1 6145.69 6154.83 
29.57 B3 6235.56 6245.74 
29.57 120 13 04 50
29.57 244 0.67
29.575 22 0.47
29.575 23 2.94
29.575 25 0.00
29.575 30 0.00
29.575 B1 6153.04 6161.99 
29.575 B3 6243.30 6253.26 
29.575 120 13 04 50
29.575 244 0.67
29.58 22 0.46
29.58 23 2.95
29.58 25 0.00
29.58 30 0.00
29.58 B1 6162.53 6171.29 
29.58 B3 6252.97 6262.72 
29.58 120 13 04 50
29.58 244 0.67
29.585 22 0.45
29.585 23 2.97
29.585 25 0.00
29.585 30 0.00
29.585 B1 6170.83 6179.41 
29.585 B3 6261.68 6271.23 
29.585 120 13 04 50
29.585 244 0.68
29.59 22 0.44
29.59 23 2.99
29.59 25 0.00
29.59 30 0.00
29.59 B1 6180.98 6189.38 
29.59 B3 6272.09 6281.45 
29.59 120 13 04 50
29.59 244 0.68
29.595 22 0.44
29.595 23 3.01
29.595 25 0.00
29.595 30 0.00
29.595 B1 6189.75 6197.98 
29.595 B3 6281.39 6290.55 
29.595 120 13 04 50
29.595 244 0.69
29.6 22 0.43
29.6 23 3.03
29.6 25 0.00
29.6 30 0.00
29.6 B1 6200.25 6208.30 
29.6 B3 6292.26 6301.23 
29.6 120 13 04 50
29.6 244 0.70
29.605 22 0.42
29.605 23 3.06
29.605 25 0.00
29.605 30 0.00
29.605 B1 6211.92 6219.81 
29.605 B3 6304.32 6313.12 
29.605 120 13 04 50
29.605 244 0.70
29.61 22 0.41
29.61 23 3.09
29.61 25 0.00
29.61 30 0.00
29.61 B1 6221.77 6229.50 
29.61 B3 6314.90 6323.52 
29.61 120 13 04 50
29.61 244 0.70
29.615 22 0.41
29.615 23 3.12
29.615 25 0.00
29.615 30 0.00
29.615 B1 6230.41 6237.98 
29.615 B3 6324.39 6332.84 
29.615 120 13 04 50
29.615 244 0.70
29.62 22 0.40
29.62 23 3.13
29.62 25 0.00
29.62 30 0.00
29.62 B1 6238.25 6245.67 
29.62 B3 6333.08 6341.37 
29.62 120 13 04 50
29.62 244 0.70
29.625 22 0.39
29.625 23 3.14
29.625 25 0.00
29.625 30 0.00
29.625 B1 6246.87 6254.15 
29.625 B3 6342.37 6350.50 
29.625 120 13 04 50
29.625 244 0.70
29.63 22 0.39
29.63 23 3.16
29.63 25 0.00
29.63 30 0.00
29.63 B1 6256.05 6263.17 
29.63 B3 6352.13 6360.10 
29.63 120 13 04 50
29.63 244 0.70
29.635 22 0.38
29.635 23 3.18
29.635 25 0.00
29.635 30 0.00
29.635 B1 6262.96 6269.93 
29.635 B3 6359.86 6367.67 
29.635 120 13 04 50
29.635 244 0.70
29.64 22 0.37
29.64 23 3.18
29.64 25 0.00
29.64 30 0.00
29.64 B1 6269.66 6276.49 
29.64 B3 6367.26 6374.92 
29.64 120 13 04 50
29.64 244 0.70
29.645 22 0.37
29.645 23 3.18
29.645 25 0.00
29.645 30 0.00
29.645 B1 6277.55 6284.24 
29.645 B3 6375.62 6383.12 
29.645 120 13 04 50
29.645 244 0.70
29.65 22 0.36
29.65 23 3.19
29.65 25 0.00
29.65 30 0.00
29.65 B1 6284.93 6291.48 
29.65 B3 6383.50 6390.85 
29.65 120 13 04 50
29.65 244 0.70
29.655 22 0.35
29.655 23 3.20
29.655 25 0.00
29.655 30 0.00
29.655 B1 6291.96 6298.37 
29.655 B3 6391.03 6398.23 
29.655 120 13 04 50
29.655 244 0.70
29.66 22 0.35
29.66 23 3.20
29.66 25 0.00
29.66 30 0.00
29.66 B1 6298.76 6305.05 
29.66 B3 6398.29 6405.36 
29.66 120 13 04 50
29.66 244 0.70
29.665 22 0.34
29.665 23 3.20
29.665 25 0.00
29.665 30 0.00
29.665 B1 6305.41 6311.56 
29.665 B3 6405.37 6412.29 
29.665 120 13 04 50
29.665 244 0.70
29.67 22 0.34
29.67 23 3.21
29.67 25 0.00
29.67 30 0.00
29.67 B1 6311.95 6317.98 
29.67 B3 6412.29 6419.07 
29.67 120 13 04 50
29.67 244 0.70
29.675 22 0.33
29.675 23 3.21
29.675 25 0.00
29.675 30 0.00
29.675 B1 6318.44 6324.33 
29.675 B3 6419.11 6425.75 
29.675 120 13 04 50
29.675 244 0.70
29.68 22 0.32
29.68 23 3.21
29.68 25 0.00
29.68 30 0.00
29.68 B1 6324.86 6330.64 
29.68 B3 6425.84 6432.34 
29.68 120 13 04 50
29.68 244 0.70
29.685 22 0.32
29.685 23 3.21
29.685 25 0.00
29.685 30 0.00
29.685 B1 6331.26 6336.92 
29.685 B3 6432.50 6438.88 
29.685 120 13 04 50
29.685 244 0.70
29.69 22 0.31
29.69 23 3.20
29.69 25 0.00
29.69 30 0.00
29.69 B1 6337.62 6343.17 
29.69 B3 6439.12 6445.37 
29.69 120 13 04 50
29.69 244 0.70
29.695 22 0.31
29.695 23 3.20
29.695 25 0.00
29.695 30 0.00
29.695 B1 6343.98 6349.41 
29.695 B3 6445.69 6451.82 
29.695 120 13 04 50
29.695 244 0.71
29.7 22 0.30
29.7 23 3.20
29.7 25 0.00
29.7 30 0.00
29.7 B1 6351.65 6356.95 
29.7 B3 6453.43 6459.44 
29.7 120 13 04 50
29.7 244 0.71
29.705 22 0.30
29.705 23 3.21
29.705 25 0.00
29.705 30 0.00
29.705 B1 6358.88 6364.08 
29.705 B3 6460.86 6466.74 
29.705 120 13 04 50
29.705 244 0.71
29.71 22 0.29
29.71 23 3.21
29.71 25 0.00
29.71 30 0.00
29.71 B1 6365.83 6370.92 
29.71 B3 6468.05 6473.80 
29.71 120 13 04 50
29.71 244 0.71
29.715 22 0.29
29.715 23 3.21
29.715 25 0.00
29.715 30 0.00
29.715 B1 6372.58 6377.57 
29.715 B3 6475.05 6480.70 
29.715 120 13 04 50
29.715 244 0.70
29.72 22 0.28
29.72 23 3.22
29.72 25 0.00
29.72 30 0.00
29.72 B1 6377.88 6382.77 
29.72 B3 6480.74 6486.27 
29.72 120 13 04 50
29.72 244 0.71
29.725 22 0.28
29.725 23 3.21
29.725 25 0.00
29.725 30 0.00
29.725 B1 6384.83 6389.62 
29.725 B3 6487.80 6493.22 
29.725 120 13 04 50
29.725 244 0.71
29.73 22 0.27
29.73 23 3.21
29.73 25 0.00
29.73 30 0.00
29.73 B1 6391.59 6396.28 
29.73 B3 6494.72 6500.03 
29.73 120 13 04 50
29.73 244 0.71
29.735 22 0.27
29.735 23 3.21
29.735 25 0.00
29.735 30 0.00
29.735 B1 6398.20 6402.80 
29.735 B3 6501.51 6506.72 
29.735 120 13 04 50
29.735 244 0.71
29.74 22 0.26
29.74 23 3.21
29.74 25 0.00
29.74 30 0.00
29.74 B1 6404.73 6409.23 
29.74 B3 6508.22 6513.33 
29.74 120 13 04 50
29.74 244 0.71
29.745 22 0.26
29.745 23 3.21
29.745 25 0.00
29.745 30 0.00
29.745 B1 6411.20 6415.61 
29.745 B3 6514.87 6519.87 
29.745 120 13 04 50
29.745 244 0.71
29.75 22 0.26
29.75 23 3.21
29.75 25 0.00
29.75 30 0.00
29.75 B1 6417.62 6421.95 
29.75 B3 6521.47 6526.37 
29.75 120 13 04 50
29.75 244 0.71
29.755 22 0.25
29.755 23 3.21
29.755 25 0.00
29.755 30 0.00
29.755 B1 6424.01 6428.25 
29.755 B3 6528.02 6532.84 
29.755 120 13 04 50
29.755 244 0.71
29.76 22 0.25
29.76 23 3.21
29.76 25 0.00
29.76 30 0.00
29.76 B1 6430.39 6434.54 
29.76 B3 6534.55 6539.26 
29.76 120 13 04 50
29.76 244 0.71
29.765 22 0.24
29.765 23 3.21
29.765 25 0.00
29.765 30 0.00
29.765 B1 6436.75 6440.81 
29.765 B3 6541.05 6545.67 
29.765 120 13 04 50
29.765 244 0.70
29.77 22 0.24
29.77 23 3.21
29.77 25 0.00
29.77 30 0.00
29.77 B1 6441.78 6445.76 
29.77 B3 6546.34 6550.86 
29.77 120 13 04 50
29.77 244 0.70
29.775 22 0.23
29.775 23 3.20
29.775 25 0.00
29.775 30 0.00
29.775 B1 6447.21 6451.12 
29.775 B3 6551.89 6556.33 
29.775 120 13 04 50
29.775 244 0.71
29.78 22 0.23
29.78 23 3.19
29.78 25 0.00
29.78 30 0.00
29.78 B1 6454.23 6458.06 
29.78 B3 6558.85 6563.20 
29.78 120 13 04 50
29.78 244 0.71
29.785 22 0.23
29.785 23 3.19
29.785 25 0.00
29.785 30 0.00
29.785 B1 6461.03 6464.78 
29.785 B3 6565.66 6569.93 
29.785 120 13 04 50
29.785 244 0.71
29.79 22 0.22
29.79 23 3.19
29.79 25 0.00
29.79 30 0.00
29.79 B1 6467.67 6471.34 
29.79 B3 6572.37 6576.55 
29.79 120 13 04 50
29.79 244 0.70
29.795 22 0.22
29.795 23 3.19
29.795 25 0.00
29.795 30 0.00
29.795 B1 6472.88 6476.48 
29.795 B3 6577.80 6581.90 
29.795 120 13 04 50
29.795 244 0.70
29.8 22 0.22
29.8 23 3.19
29.8 25 0.00
29.8 30 0.00
29.8 B1 6478.43 6481.95 
29.8 B3 6583.46 6587.48 
29.8 120 13 04 50
29.8 244 0.70
29.805 22 0.21
29.805 23 3.18
29.805 25 0.00
29.805 30 0.00
29.805 B1 6484.21 6487.67 
29.805 B3 6589.29 6593.23 
29.805 120 13 04 50
29.805 244 0.71
29.81 22 0.21
29.81 23 3.17
29.81 25 0.00
29.81 30 0.00
29.81 B1 6491.46 6494.85 
29.81 B3 6596.44 6600.31 
29.81 120 13 04 50
29.81 244 0.70
29.815 22 0.20
29.815 23 3.18
29.815 25 0.00
29.815 30 0.00
29.815 B1 6497.08 6500.40 
29.815 B3 6602.20 6605.98 
29.815 120 13 04 50
29.815 244 0.70
29.82 22 0.20
29.82 23 3.17
29.82 25 0.00
29.82 30 0.00
29.82 B1 6502.90 6506.15 
29.82 B3 6608.09 6611.80 
29.82 120 13 04 50
29.82 244 0.70
29.825 22 0.20
29.825 23 3.17
29.825 25 0.00
29.825 30 0.00
29.825 B1 6508.86 6512.05 
29.825 B3 6614.09 6617.73 
29.825 120 13 04 50
29.825 244 0.71
29.83 22 0.19
29.83 23 3.17
29.83 25 0.00
29.83 30 0.00
29.83 B1 6516.23 6519.35 
29.83 B3 6621.37 6624.93 
29.83 120 13 04 50
29.83 244 0.71
29.835 22 0.19
29.835 23 3.17
29.835 25 0.00
29.835 30 0.00
29.835 B1 6523.24 6526.30 
29.835 B3 6628.41 6631.91 
29.835 120 13 04 50
29.835 244 0.70
29.84 22 0.19
29.84 23 3.17
29.84 25 0.00
29.84 30 0.00
29.84 B1 6528.70 6531.70 
29.84 B3 6634.08 6637.51 
29.84 120 13 04 50
29.84 244 0.71
29.845 22 0.18
29.845 23 3.17
29.845 25 0.00
29.845 30 0.00
29.845 B1 6535.72 6538.66 
29.845 B3 6641.10 6644.46 
29.845 120 13 04 50
29.845 244 0.71
29.85 22 0.18
29.85 23 3.17
29.85 25 0.00
29.85 30 0.00
29.85 B1 6542.50 6545.39 
29.85 B3 6647.96 6651.25 
29.85 120 13 04 50
29.85 244 0.71
29.855 22 0.18
29.855 23 3.17
29.855 25 0.00
29.855 30 0.00
29.855 B1 6549.12 6551.95 
29.855 B3 6654.68 6657.91 
29.855 120 13 04 50
29.855 244 0.71
29.86 22 0.18
29.86 23 3.17
29.86 25 0.00
29.86 30 0.00
29.86 B1 6555.62 6558.39 
29.86 B3 6661.31 6664.49 
29.86 120 13 04 50
29.86 244 0.71
29.865 22 0.17
29.865 23 3.17
29.865 25 0.00
29.865 30 0.00
29.865 B1 6562.04 6564.76 
29.865 B3 6667.87 6670.98 
29.865 120 13 04 50
29.865 244 0.71
29.87 22 0.17
29.87 23 3.17
29.87 25 0.00
29.87 30 0.00
29.87 B1 6569.74 6572.40 
29.87 B3 6675.56 6678.61 
29.87 120 13 04 50
29.87 244 0.71
29.875 22 0.17
29.875 23 3.18
29.875 25 0.00
29.875 30 0.00
29.875 B1 6576.97 6579.59 
29.875 B3 6682.94 6685.93 
29.875 120 13 04 50
29.875 244 0.71
29.88 22 0.16
29.88 23 3.18
29.88 25 0.00
29.88 30 0.00
29.88 B1 6583.92 6586.48 
29.88 B3 6690.06 6693.00 
29.88 120 13 04 50
29.88 244 0.71
29.885 22 0.16
29.885 23 3.18
29.885 25 0.00
29.885 30 0.00
29.885 B1 6590.65 6593.17 
29.885 B3 6697.01 6699.89 
29.885 120 13 04 50
29.885 244 0.71
29.89 22 0.16
29.89 23 3.19
29.89 25 0.00
29.89 30 0.00
29.89 B1 6597.25 6599.71 
29.89 B3 6703.80 6706.63 
29.89 120 13 04 50
29.89 244 0.71
29.895 22 0.16
29.895 23 3.19
29.895 25 0.00
29.895 30 0.00
29.895 B1 6602.42 6604.83 
29.895 B3 6709.30 6712.08 
29.895 120 13 04 50
29.895 244 0.71
29.9 22 0.15
29.9 23 3.18
29.9 25 0.00
29.9 30 0.00
29.9 B1 6607.93 6610.30 
29.9 B3 6715.01 6717.73 
29.9 120 13 04 50
29.9 244 0.71
29.905 22 0.15
29.905 23 3.17
29.905 25 0.00
29.905 30 0.00
29.905 B1 6615.00 6617.32 
29.905 B3 6722.07 6724.73 
29.905 120 13 04 50
29.905 244 0.71
29.91 22 0.15
29.91 23 3.18
29.91 25 0.00
29.91 30 0.00
29.91 B1 6621.80 6624.08 
29.91 B3 6728.95 6731.56 
29.91 120 13 04 50
29.91 244 0.71
29.915 22 0.15
29.915 23 3.18
29.915 25 0.00
29.915 30 0.00
29.915 B1 6628.45 6630.68 
29.915 B3 6735.70 6738.27 
29.915 120 13 04 50
29.915 244 0.71
29.92 22 0.14
29.92 23 3.18
29.92 25 0.00
29.92 30 0.00
29.92 B1 6634.97 6637.16 
29.92 B3 6742.35 6744.87 
29.92 120 13 04 50
29.92 244 0.71
29.925 22 0.14
29.925 23 3.18
29.925 25 0.00
29.925 30 0.00
29.925 B1 6641.41 6643.56 
29.925 B3 6748.94 6751.41 
29.925 120 13 04 50
29.925 244 0.71
29.93 22 0.14
29.93 23 3.18
29.93 25 0.00
29.93 30 0.00
29.93 B1 6647.79 6649.90 
29.93 B3 6755.46 6757.88 
29.93 120 13 04 50
29.93 244 0.71
29.935 22 0.14
29.935 23 3.18
29.935 25 0.00
29.935 30 0.00
29.935 B1 6654.14 6656.20 
29.935 B3 6761.95 6764.32 
29.935 120 13 04 50
29.935 244 0.72
29.94 22 0.13
29.94 23 3.18
29.94 25 0.00
29.94 30 0.00
29.94 B1 6661.77 6663.80 
29.94 B3 6769.59 6771.92 
29.94 120 13 04 50
29.94 244 0.72
29.945 22 0.13
29.945 23 3.18
29.945 25 0.00
29.945 30 0.00
29.945 B1 6668.99 6670.97 
29.945 B3 6776.93 6779.22 
29.945 120 13 04 50
29.945 244 0.72
29.95 22 0.13
29.95 23 3.19
29.95 25 0.00
29.95 30 0.00
29.95 B1 6675.91 6677.86 
29.95 B3 6784.04 6786.28 
29.95 120 13 04 50
29.95 244 0.72
29.955 22 0.13
29.955 23 3.19
29.955 25 0.00
29.955 30 0.00
29.955 B1 6682.64 6684.54 
29.955 B3 6790.97 6793.17 
29.955 120 13 04 50
29.955 244 0.72
29.96 22 0.12
29.96 23 3.19
29.96 25 0.00
29.96 30 0.00
29.96 B1 6690.54 6692.42 
29.96 B3 6798.97 6801.13 
29.96 120 13 04 50
29.96 244 0.72
29.965 22 0.12
29.965 23 3.20
29.965 25 0.00
29.965 30 0.00
29.965 B1 6697.95 6699.79 
29.965 B3 6806.58 6808.71 
29.965 120 13 04 50
29.965 244 0.72
29.97 22 0.12
29.97 23 3.20
29.97 25 0.00
29.97 30 0.00
29.97 B1 6705.03 6706.83 
29.97 B3 6813.91 6815.99 
29.97 120 13 04 50
29.97 244 0.72
29.975 22 0.12
29.975 23 3.21
29.975 25 0.00
29.975 30 0.00
29.975 B1 6710.54 6712.31 
29.975 B3 6819.83 6821.87 
29.975 120 13 04 50
29.975 244 0.72
29.98 22 0.12
29.98 23 3.20
29.98 25 0.00
29.98 30 0.00
29.98 B1 6716.30 6718.03 
29.98 B3 6825.86 6827.87 
29.98 120 13 04 50
29.98 244 0.72
29.985 22 0.11
29.985 23 3.20
29.985 25 0.00
29.985 30 0.00
29.985 B1 6723.54 6725.24 
29.985 B3 6833.17 6835.14 
29.985 120 13 04 50
29.985 244 0.72
29.99 22 0.11
29.99 23 3.20
29.99 25 0.00
29.99 30 0.00
29.99 B1 6730.49 6732.16 
29.99 B3 6840.27 6842.20 
29.99 120 13 04 50
29.99 244 0.72
29.995 22 0.11
29.995 23 3.20
29.995 25 0.00
29.995 30 0.00
29.995 B1 6738.56 6740.21 
29.995 B3 6848.40 6850.30 
29.995 120 13 04 50
29.995 244 0.72
30 22 0.11
30 23 3.21
30 25 0.00
30 30 0.00
30 B1 6746.10 6747.71 
30 B3 6856.12 6857.99 
30 120 13 04 50
30 244 0.72
30.005 22 0.11
30.005 23 3.22
30.005 25 0.00
30.005 30 0.00
30.005 B1 6753.27 6754.84 
30.005 B3 6863.55 6865.38 
30.005 120 13 04 50
30.005 244 0.72
30.01 22 0.11
30.01 23 3.22
30.01 25 0.00
30.01 30 0.00
30.01 B1 6760.18 6761.73 
30.01 B3 6870.75 6872.54 
30.01 120 13 04 50
30.01 244 0.72
30.015 22 0.10
30.015 23 3.22
30.015 25 0.00
30.015 30 0.00
30.015 B1 6766.92 6768.44 
30.015 B3 6877.76 6879.53 
30.015 120 13 04 50
30.015 244 0.72
30.02 22 0.10
30.02 23 3.22
30.02 25 0.00
30.02 30 0.00
30.02 B1 6773.53 6775.03 
30.02 B3 6884.66 6886.38 
30.02 120 13 04 50
30.02 244 0.72
30.025 22 0.10
30.025 23 3.22
30.025 25 0.00
30.025 30 0.00
30.025 B1 6778.75 6780.21 
30.025 B3 6890.24 6891.94 
30.025 120 13 04 50
30.025 244 0.72
30.03 22 0.10
30.03 23 3.22
30.03 25 0.00
30.03 30 0.00
30.03 B1 6785.62 6787.06 
30.03 B3 6897.22 6898.89 
30.03 120 13 04 50
30.03 244 0.72
30.035 22 0.10
30.035 23 3.22
30.035 25 0.00
30.035 30 0.00
30.035 B1 6792.32 6793.73 
30.035 B3 6904.08 6905.71 
30.035 120 13 04 50
30.035 244 0.72
30.04 22 0.10
30.04 23 3.22
30.04 25 0.00
30.04 30 0.00
30.04 B1 6798.91 6800.30 
30.04 B3 6910.84 6912.44 
30.04 120 13 04 50
30.04 244 0.73
30.045 22 0.09
30.045 23 3.22
30.045 25 0.00
30.045 30 0.00
30.045 B1 6806.74 6808.10 
30.045 B3 6918.72 6920.29 
30.045 120 13 04 50
30.045 244 0.73
30.05 22 0.09
30.05 23 3.23
30.05 25 0.00
30.05 30 0.00
30.05 B1 6814.13 6815.46 
30.05 B3 6926.26 6927.81 
30.05 120 13 04 50
30.05 244 0.73
30.055 22 0.09
30.055 23 3.23
30.055 25 0.00
30.055 30 0.00
30.055 B1 6821.20 6822.51 
30.055 B3 6933.55 6935.07 
30.055 120 13 04 50
30.055 244 0.73
30.06 22 0.09
30.06 23 3.23
30.06 25 0.00
30.06 30 0.00
30.06 B1 6828.05 6829.33 
30.06 B3 6940.65 6942.14 
30.06 120 13 04 50
30.06 244 0.73
30.065 22 0.09
30.065 23 3.23
30.065 25 0.00
30.065 30 0.00
30.065 B1 6834.76 6836.02 
30.065 B3 6947.61 6949.07 
30.065 120 13 04 50
30.065 244 0.73
30.07 22 0.09
30.07 23 3.23
30.07 25 0.00
30.07 30 0.00
30.07 B1 6841.36 6842.60 
30.07 B3 6954.45 6955.88 
30.07 120 13 04 50
30.07 244 0.73
30.075 22 0.08
30.075 23 3.23
30.075 25 0.00
30.075 30 0.00
30.075 B1 6847.89 6849.10 
30.075 B3 6961.20 6962.62 
30.075 120 13 04 50
30.075 244 0.73
30.08 22 0.08
30.08 23 3.23
30.08 25 0.00
30.08 30 0.00
30.08 B1 6855.69 6856.88 
30.08 B3 6969.09 6970.48 
30.08 120 13 04 50
30.08 244 0.73
30.085 22 0.08
30.085 23 3.24
30.085 25 0.00
30.085 30 0.00
30.085 B1 6863.06 6864.23 
30.085 B3 6976.65 6978.01 
30.085 120 13 04 50
30.085 244 0.73
30.09 22 0.08
30.09 23 3.25
30.09 25 0.00
30.09 30 0.00
30.09 B1 6870.13 6871.28 
30.09 B3 6983.96 6985.30 
30.09 120 13 04 50
30.09 244 0.73
30.095 22 0.08
30.095 23 3.25
30.095 25 0.00
30.095 30 0.00
30.095 B1 6877.00 6878.13 
30.095 B3 6991.09 6992.39 
30.095 120 13 04 50
30.095 244 0.73
30.1 22 0.08
30.1 23 3.25
30.1 25 0.00
30.1 30 0.00
30.1 B1 6883.72 6884.83 
30.1 B3 6998.07 6999.36 
30.1 120 13 04 50
30.1 244 0.73
30.105 22 0.08
30.105 23 3.25
30.105 25 0.00
30.105 30 0.00
30.105 B1 6890.35 6891.44 
30.105 B3 7004.93 7006.20 
30.105 120 13 04 50
30.105 244 0.73
30.11 22 0.08
30.11 23 3.25
30.11 25 0.00
30.11 30 0.00
30.11 B1 6896.91 6897.98 
30.11 B3 7011.72 7012.96 
30.11 120 13 04 50
30.11 244 0.74
30.115 22 0.07
30.115 23 3.25
30.115 25 0.00
30.115 30 0.00
30.115 B1 6904.74 6905.78 
30.115 B3 7019.64 7020.86 
30.115 120 13 04 50
30.115 244 0.74
30.12 22 0.07
30.12 23 3.26
30.12 25 0.00
30.12 30 0.00
30.12 B1 6912.14 6913.16 
30.12 B3 7027.23 7028.43 
30.12 120 13 04 50
30.12 244 0.74
30.125 22 0.07
30.125 23 3.26
30.125 25 0.00
30.125 30 0.00
30.125 B1 6919.25 6920.26 
30.125 B3 7034.58 7035.76 
30.125 120 13 04 50
30.125 244 0.74
30.13 22 0.07
30.13 23 3.26
30.13 25 0.00
30.13 30 0.00
30.13 B1 6926.15 6927.14 
30.13 B3 7041.74 7042.90 
30.13 120 13 04 50
30.13 244 0.74
30.135 22 0.07
30.135 23 3.26
30.135 25 0.00
30.135 30 0.00
30.135 B1 6932.91 6933.88 
30.135 B3 7048.75 7049.89 
30.135 120 13 04 50
30.135 244 0.74
30.14 22 0.07
30.14 23 3.26
30.14 25 0.00
30.14 30 0.00
30.14 B1 6940.89 6941.84 
30.14 B3 7056.85 7057.97 
30.14 120 13 04 50
30.14 244 0.74
30.145 22 0.07
30.145 23 3.27
30.145 25 0.00
30.145 30 0.00
30.145 B1 6948.41 6949.35 
30.145 B3 7064.60 7065.69 
30.145 120 13 04 50
30.145 244 0.74
30.15 22 0.07
30.15 23 3.28
30.15 25 0.00
30.15 30 0.00
30.15 B1 6955.62 6956.54 
30.15 B3 7072.07 7073.14 
30.15 120 13 04 50
30.15 244 0.74
30.155 22 0.06
30.155 23 3.28
30.155 25 0.00
30.155 30 0.00
30.155 B1 6962.60 6963.50 
30.155 B3 7079.34 7080.40 
30.155 120 13 04 50
30.155 244 0.74
30.16 22 0.06
30.16 23 3.28
30.16 25 0.00
30.16 30 0.00
30.16 B1 6969.42 6970.31 
30.16 B3 7086.44 7087.48 
30.16 120 13 04 50
30.16 244 0.74
30.165 22 0.06
30.165 23 3.28
30.165 25 0.00
30.165 30 0.00
30.165 B1 6977.46 6978.34 
30.165 B3 7094.63 7095.65 
30.165 120 13 04 50
30.165 244 0.74
30.17 22 0.06
30.17 23 3.29
30.17 25 0.00
30.17 30 0.00
30.17 B1 6985.04 6985.90 
30.17 B3 7102.44 7103.45 
30.17 120 13 04 50
30.17 244 0.74
30.175 22 0.06
30.175 23 3.29
30.175 25 0.08
30.175 30 0.00
30.175 B1 6992.29 6993.13 
30.175 B3 7109.99 7110.97 
30.175 120 13 04 50
30.175 244 0.74
30.18 22 0.12
30.18 23 3.30
30.18 25 0.08
30.18 30 0.00
30.18 B1 6999.32 7000.15 
30.18 B3 7117.31 7118.29 
30.18 120 13 04 50
30.18 244 0.74
30.185 22 0.12
30.185 23 3.30
30.185 25 1.07
30.185 30 0.00
30.185 B1 7006.16 7007.02 
30.185 B3 7124.46 7125.46 
30.185 120 13 04 50
30.185 244 0.74
30.19 22 0.85
30.19 23 3.29
30.19 25 1.07
30.19 30 0.00
30.19 B1 7012.50 7013.43 
30.19 B3 7131.46 7132.51 
30.19 120 13 04 50
30.19 244 0.74
30.195 22 0.83
30.195 23 3.29
30.195 25 1.82
30.195 30 0.00
30.195 B1 7018.54 7020.22 
30.195 B3 7138.08 7139.75 
30.195 120 13 04 50
30.195 244 0.75
30.2 22 1.41
30.2 23 3.27
30.2 25 2.56
30.2 30 0.00
30.2 B1 7025.05 7027.92 
30.2 B3 7145.61 7148.30 
30.2 120 13 04 50
30.2 244 0.75
30.205 22 2.01
30.205 23 3.24
30.205 25 2.94
30.205 30 0.00
30.205 B1 7029.99 7034.88 
30.205 B3 7152.44 7156.89 
30.205 120 13 04 50
30.205 244 0.75
30.21 22 2.29
30.21 23 3.22
30.21 25 3.43
30.21 30 0.00
30.21 B1 7033.99 7042.00 
30.21 B3 7158.48 7165.69 
30.21 120 13 04 50
30.21 244 0.75
30.215 22 2.68
30.215 23 3.18
30.215 25 3.43
30.215 30 0.00
30.215 B1 7036.87 7049.03 
30.215 B3 7163.82 7174.76 
30.215 120 13 04 50
30.215 244 0.75
30.22 22 2.63
30.22 23 3.18
30.22 25 3.68
30.22 30 0.00
30.22 B1 7039.77 7057.10 
30.22 B3 7168.45 7184.13 
30.22 120 13 04 50
30.22 244 0.75
30.225 22 2.80
30.225 23 3.16
30.225 25 3.68
30.225 30 0.00
30.225 B1 7043.51 7066.68 
30.225 B3 7173.77 7194.92 
30.225 120 13 04 50
30.225 244 0.75
30.23 22 2.75
30.23 23 3.17
30.23 25 3.68
30.23 30 0.00
30.23 B1 7046.97 7076.59 
30.23 B3 7178.36 7205.64 
30.23 120 13 04 50
30.23 244 0.76
30.235 22 2.70
30.235 23 3.17
30.235 25 3.68
30.235 30 0.00
30.235 B1 7051.59 7088.01 
30.235 B3 7183.61 7217.49 
30.235 120 13 04 50
30.235 244 0.75
30.24 22 2.66
30.24 23 3.18
30.24 25 3.68
30.24 30 0.00
30.24 B1 7054.41 7097.83 
30.24 B3 7187.02 7227.81 
30.24 120 13 04 50
30.24 244 0.75
30.245 22 2.62
30.245 23 3.19
30.245 25 3.94
30.245 30 0.00
30.245 B1 7057.31 7107.79 
30.245 B3 7190.23 7238.10 
30.245 120 13 04 50
30.245 244 0.76
30.25 22 2.82
30.25 23 3.17
30.25 25 3.94
30.25 30 0.00
30.25 B1 7061.11 7118.63 
30.25 B3 7194.50 7249.53 
30.25 120 13 04 50
30.25 244 0.76
30.255 22 2.79
30.255 23 3.17
30.255 25 4.06
30.255 30 0.00
30.255 B1 7064.65 7129.35 
30.255 B3 7198.34 7260.73 
30.255 120 13 04 50
30.255 244 0.75
30.26 22 2.86
30.26 23 3.17
30.26 25 4.19
30.26 30 0.00
30.26 B1 7066.48 7138.39 
30.26 B3 7200.69 7270.50 
30.26 120 13 04 50
30.26 244 0.75
30.265 22 2.95
30.265 23 3.16
30.265 25 4.19
30.265 30 0.00
30.265 B1 7067.07 7146.22 
30.265 B3 7201.86 7279.18 
30.265 120 13 04 50
30.265 244 0.75
30.27 22 2.92
30.27 23 3.15
30.27 25 4.95
30.27 30 0.00
30.27 B1 7069.66 7156.10 
30.27 B3 7204.49 7289.40 
30.27 120 13 04 50
30.27 244 0.75
30.275 22 3.57
30.275 23 3.07
30.275 25 4.95
30.275 30 0.00
30.275 B1 7070.61 7164.36 
30.275 B3 7207.08 7299.60 
30.275 120 13 04 50
30.275 244 0.75
30.28 22 3.53
30.28 23 3.07
30.28 25 6.06
30.28 30 0.00
30.28 B1 7071.93 7173.47 
30.28 B3 7209.39 7309.95 
30.28 120 13 04 50
30.28 244 0.75
30.285 22 4.49
30.285 23 2.94
30.285 25 6.06
30.285 30 0.00
30.285 B1 7070.39 7180.03 
30.285 B3 7211.51 7320.39 
30.285 120 13 04 50
30.285 244 0.75
30.29 22 4.44
30.29 23 2.93
30.29 25 6.18
30.29 30 0.00
30.29 B1 7069.61 7188.30 
30.29 B3 7213.12 7331.16 
30.29 120 13 04 50
30.29 244 0.75
30.295 22 4.51
30.295 23 2.91
30.295 25 6.43
30.295 30 0.00
30.295 B1 7069.04 7197.35 
30.295 B3 7214.34 7342.14 
30.295 120 13 04 50
30.295 244 0.75
30.3 22 4.69
30.3 23 2.88
30.3 25 6.55
30.3 30 0.00
30.3 B1 7068.18 7206.54 
30.3 B3 7215.28 7353.27 
30.3 120 13 04 50
30.3 244 0.75
30.305 22 4.76
30.305 23 2.86
30.305 25 6.68
30.305 30 0.00
30.305 B1 7067.48 7216.25 
30.305 B3 7215.94 7364.54 
30.305 120 13 04 50
30.305 244 0.75
30.31 22 4.84
30.31 23 2.84
30.31 25 6.68
30.31 30 0.00
30.31 B1 7065.52 7224.98 
30.31 B3 7215.17 7374.71 
30.31 120 13 04 50
30.31 244 0.75
30.315 22 4.81
30.315 23 2.84
30.315 25 6.68
30.315 30 0.00
30.315 B1 7064.41 7234.74 
30.315 B3 7214.49 7385.21 
30.315 120 13 04 50
30.315 244 0.75
30.32 22 4.79
30.32 23 2.83
30.32 25 6.68
30.32 30 0.00
30.32 B1 7063.92 7245.14 
30.32 B3 7213.93 7395.92 
30.32 120 13 04 50
30.32 244 0.75
30.325 22 4.77
30.325 23 2.83
30.325 25 6.68
30.325 30 0.00
30.325 B1 7063.88 7255.94 
30.325 B3 7213.51 7406.77 
30.325 120 13 04 50
30.325 244 0.75
30.33 22 4.76
30.33 23 2.83
30.33 25 6.93
30.33 30 0.00
30.33 B1 7064.21 7266.98 
30.33 B3 7213.21 7417.67 
30.33 120 13 04 50
30.33 244 0.75
30.335 22 4.97
30.335 23 2.80
30.335 25 6.93
30.335 30 0.00
30.335 B1 7064.00 7277.33 
30.335 B3 7213.06 7428.60 
30.335 120 13 04 50
30.335 244 0.75
30.34 22 4.97
30.34 23 2.79
30.34 25 7.43
30.34 30 0.00
30.34 B1 7064.16 7288.01 
30.34 B3 7212.97 7439.56 
30.34 120 13 04 50
30.34 244 0.75
30.345 22 5.40
30.345 23 2.72
30.345 25 8.30
30.345 30 0.00
30.345 B1 7062.89 7297.19 
30.345 B3 7212.96 7450.52 
30.345 120 13 04 50
30.345 244 0.75
30.35 22 6.12
30.35 23 2.58
30.35 25 8.30
30.35 30 0.00
30.35 B1 7058.88 7303.87 
30.35 B3 7212.86 7461.56 
30.35 120 13 04 50
30.35 244 0.75
30.355 22 6.11
30.355 23 2.58
30.355 25 8.30
30.355 30 0.00
30.355 B1 7055.99 7312.26 
30.355 B3 7212.39 7472.82 
30.355 120 13 04 50
30.355 244 0.75
30.36 22 6.11
30.36 23 2.57
30.36 25 8.30
30.36 30 0.00
30.36 B1 7053.93 7321.83 
30.36 B3 7211.68 7484.19 
30.36 120 13 04 50
30.36 244 0.75
30.365 22 6.11
30.365 23 2.57
30.365 25 9.54
30.365 30 0.00
30.365 B1 7052.47 7332.16 
30.365 B3 7210.83 7495.62 
30.365 120 13 04 50
30.365 244 0.75
30.37 22 7.08
30.37 23 2.36
30.37 25 9.54
30.37 30 0.00
30.37 B1 7047.39 7339.00 
30.37 B3 7211.10 7508.25 
30.37 120 13 04 50
30.37 244 0.75
30.375 22 7.08
30.375 23 2.36
30.375 25 10.15
30.375 30 0.00
30.375 B1 7043.51 7347.67 
30.375 B3 7210.64 7520.82 
30.375 120 13 04 50
30.375 244 0.75
30.38 22 7.51
30.38 23 2.25
30.38 25 10.65
30.38 30 0.00
30.38 B1 7036.18 7353.35 
30.38 B3 7208.46 7532.13 
30.38 120 13 04 50
30.38 244 0.75
30.385 22 7.85
30.385 23 2.15
30.385 25 10.65
30.385 30 0.00
30.385 B1 7028.02 7358.68 
30.385 B3 7205.97 7543.67 
30.385 120 13 04 50
30.385 244 0.75
30.39 22 7.86
30.39 23 2.13
30.39 25 10.65
30.39 30 0.00
30.39 B1 7021.74 7366.36 
30.39 B3 7203.13 7555.42 
30.39 120 13 04 50
30.39 244 0.75
30.395 22 7.87
30.395 23 2.13
30.395 25 10.65
30.395 30 0.00
30.395 B1 7016.79 7375.63 
30.395 B3 7200.07 7567.29 
30.395 120 13 04 50
30.395 244 0.75
30.4 22 7.90
30.4 23 2.12
30.4 25 10.78
30.4 30 0.00
30.4 B1 7012.81 7385.95 
30.4 B3 7196.87 7579.20 
30.4 120 13 04 50
30.4 244 0.75
30.405 22 8.01
30.405 23 2.10
30.405 25 10.78
30.405 30 0.00
30.405 B1 7008.86 7396.31 
30.405 B3 7193.62 7591.11 
30.405 120 13 04 50
30.405 244 0.75
30.41 22 8.04
30.41 23 2.10
30.41 25 10.78
30.41 30 0.00
30.41 B1 7005.56 7407.29 
30.41 B3 7190.33 7603.00 
30.41 120 13 04 50
30.41 244 0.75
30.415 22 8.09
30.415 23 2.10
30.415 25 10.90
30.415 30 0.00
30.415 B1 7002.74 7418.62 
30.415 B3 7187.06 7614.82 
30.415 120 13 04 50
30.415 244 0.75
30.42 22 8.21
30.42 23 2.08
30.42 25 10.90
30.42 30 0.00
30.42 B1 6999.62 7429.49 
30.42 B3 7183.85 7626.56 
30.42 120 13 04 50
30.42 244 0.75
30.425 22 8.26
30.425 23 2.08
30.425 25 10.78
30.425 30 0.00
30.425 B1 6996.93 7440.62 
30.425 B3 7180.70 7638.20 
30.425 120 13 04 50
30.425 244 0.75
30.43 22 8.24
30.43 23 2.10
30.43 25 10.78
30.43 30 0.00
30.43 B1 6995.16 7452.46 
30.43 B3 7177.63 7649.74 
30.43 120 13 04 50
30.43 244 0.75
30.435 22 8.30
30.435 23 2.10
30.435 25 10.90
30.435 30 0.00
30.435 B1 6993.46 7464.09 
30.435 B3 7174.70 7661.13 
30.435 120 13 04 50
30.435 244 0.75
30.44 22 8.44
30.44 23 2.08
30.44 25 10.90
30.44 30 0.00
30.44 B1 6991.19 7474.87 
30.44 B3 7171.92 7672.37 
30.44 120 13 04 50
30.44 244 0.74
30.445 22 8.51
30.445 23 2.09
30.445 25 10.78
30.445 30 0.00
30.445 B1 6987.80 7484.29 
30.445 B3 7168.06 7682.29 
30.445 120 13 04 50
30.445 244 0.75
30.45 22 8.50
30.45 23 2.10
30.45 25 10.90
30.45 30 0.00
30.45 B1 6986.91 7495.90 
30.45 B3 7165.81 7693.49 
30.45 120 13 04 50
30.45 244 0.74
30.455 22 8.66
30.455 23 2.08
30.455 25 10.90
30.455 30 0.00
30.455 B1 6983.92 7505.11 
30.455 B3 7162.47 7703.29 
30.455 120 13 04 50
30.455 244 0.74
30.46 22 8.74
30.46 23 2.08
30.46 25 10.90
30.46 30 0.00
30.46 B1 6981.37 7514.48 
30.46 B3 7159.48 7713.13 
30.46 120 13 04 50
30.46 244 0.74
30.465 22 8.83
30.465 23 2.07
30.465 25 10.90
30.465 30 0.00
30.465 B1 6979.13 7523.89 
30.465 B3 7156.80 7722.98 
30.465 120 13 04 50
30.465 244 0.74
30.47 22 8.91
30.47 23 2.07
30.47 25 11.02
30.47 30 0.00
30.47 B1 6977.13 7533.26 
30.47 B3 7154.36 7732.80 
30.47 120 13 04 50
30.47 244 0.74
30.475 22 9.08
30.475 23 2.05
30.475 25 11.15
30.475 30 0.00
30.475 B1 6974.65 7541.90 
30.475 B3 7152.16 7742.56 
30.475 120 13 04 50
30.475 244 0.74
30.48 22 9.25
30.48 23 2.02
30.48 25 11.02
30.48 30 0.00
30.48 B1 6971.80 7549.96 
30.48 B3 7150.13 7752.25 
30.48 120 13 04 50
30.48 244 0.74
30.485 22 9.27
30.485 23 2.04
30.485 25 11.02
30.485 30 0.00
30.485 B1 6969.96 7558.83 
30.485 B3 7148.19 7761.86 
30.485 120 13 04 50
30.485 244 0.74
30.49 22 9.36
30.49 23 2.04
30.49 25 11.02
30.49 30 0.00
30.49 B1 6968.21 7567.56 
30.49 B3 7146.40 7771.36 
30.49 120 13 04 50
30.49 244 0.74
30.495 22 9.46
30.495 23 2.03
30.495 25 11.15
30.495 30 0.00
30.495 B1 6966.53 7576.13 
30.495 B3 7144.75 7780.75 
30.495 120 13 04 50
30.495 244 0.74
30.5 22 9.64
30.5 23 2.01
30.5 25 11.15
30.5 30 0.00
30.5 B1 6964.25 7583.87 
30.5 B3 7143.23 7790.00 
30.5 120 13 04 50
30.5 244 0.75
30.505 22 9.74
30.505 23 2.01
30.505 25 11.15
30.505 30 0.00
30.505 B1 6963.48 7592.93 
30.505 B3 7142.98 7800.34 
30.505 120 13 04 50
30.505 244 0.75
30.51 22 9.84
30.51 23 2.01
30.51 25 11.15
30.51 30 0.00
30.51 B1 6962.45 7601.58 
30.51 B3 7142.52 7810.30 
30.51 120 13 04 50
30.51 244 0.75
30.515 22 9.94
30.515 23 2.01
30.515 25 11.15
30.515 30 0.00
30.515 B1 6961.25 7609.88 
30.515 B3 7141.95 7819.95 
30.515 120 13 04 50
30.515 244 0.75
30.52 22 10.05
30.52 23 2.01
30.52 25 11.15
30.52 30 0.00
30.52 B1 6959.93 7617.85 
30.52 B3 7141.27 7829.30 
30.52 120 13 04 50
30.52 244 0.74
30.525 22 10.15
30.525 23 2.01
30.525 25 11.15
30.525 30 0.00
30.525 B1 6957.21 7624.22 
30.525 B3 7139.36 7837.20 
30.525 120 13 04 50
30.525 244 0.74
30.53 22 10.26
30.53 23 2.01
30.53 25 11.15
30.53 30 0.00
30.53 B1 6954.83 7630.65 
30.53 B3 7137.70 7845.09 
30.53 120 13 04 50
30.53 244 0.74
30.535 22 10.36
30.535 23 2.00
30.535 25 11.15
30.535 30 0.00
30.535 B1 6952.67 7637.09 
30.535 B3 7136.26 7852.96 
30.535 120 13 04 50
30.535 244 0.75
30.54 22 10.47
30.54 23 1.99
30.54 25 11.15
30.54 30 0.00
30.54 B1 6952.00 7644.78 
30.54 B3 7136.17 7861.96 
30.54 120 13 04 50
30.54 244 0.74
30.545 22 10.58
30.545 23 1.99
30.545 25 11.27
30.545 30 0.00
30.545 B1 6949.72 7650.72 
30.545 B3 7134.76 7869.45 
30.545 120 13 04 50
30.545 244 0.75
30.55 22 10.76
30.55 23 1.97
30.55 25 11.27
30.55 30 0.00
30.55 B1 6948.27 7657.27 
30.55 B3 7134.72 7878.09 
30.55 120 13 04 50
30.55 244 0.75
30.555 22 10.86
30.555 23 1.97
30.555 25 11.27
30.555 30 0.00
30.555 B1 6946.72 7663.60 
30.555 B3 7134.52 7886.44 
30.555 120 13 04 50
30.555 244 0.75
30.56 22 10.97
30.56 23 1.97
30.56 25 11.27
30.56 30 0.00
30.56 B1 6945.11 7669.72 
30.56 B3 7134.20 7894.52 
30.56 120 13 04 50
30.56 244 0.75
30.565 22 11.07
30.565 23 1.96
30.565 25 11.27
30.565 30 0.00
30.565 B1 6943.45 7675.62 
30.565 B3 7133.80 7902.37 
30.565 120 13 04 50
30.565 244 0.75
30.57 22 11.18
30.57 23 1.96
30.57 25 11.27
30.57 30 0.00
30.57 B1 6941.75 7681.33 
30.57 B3 7133.35 7910.00 
30.57 120 13 04 50
30.57 244 0.75
30.575 22 11.28
30.575 23 1.96
30.575 25 11.27
30.575 30 0.00
30.575 B1 6940.03 7686.84 
30.575 B3 7132.86 7917.42 
30.575 120 13 04 50
30.575 244 0.75
30.58 22 11.39
30.58 23 1.96
30.58 25 11.27
30.58 30 0.00
30.58 B1 6938.28 7692.15 
30.58 B3 7132.36 7924.64 
30.58 120 13 04 50
30.58 244 0.75
30.585 22 11.49
30.585 23 1.95
30.585 25 11.27
30.585 30 0.00
30.585 B1 6936.51 7697.27 
30.585 B3 7131.84 7931.69 
30.585 120 13 04 50
30.585 244 0.75
30.59 22 11.60
30.59 23 1.95
30.59 25 11.27
30.59 30 0.00
30.59 B1 6934.72 7702.20 
30.59 B3 7131.32 7938.55 
30.59 120 13 04 50
30.59 244 0.75
30.595 22 11.70
30.595 23 1.95
30.595 25 11.27
30.595 30 0.00
30.595 B1 6932.92 7706.94 
30.595 B3 7130.81 7945.24 
30.595 120 13 04 50
30.595 244 0.75
30.6 22 11.80
30.6 23 1.94
30.6 25 11.27
30.6 30 0.00
30.6 B1 6931.09 7711.50 
30.6 B3 7130.29 7951.76 
30.6 120 13 04 50
30.6 244 0.74
30.605 22 11.90
30.605 23 1.94
30.605 25 11.27
30.605 30 0.00
30.605 B1 6927.92 7714.56 
30.605 B3 7128.58 7956.92 
30.605 120 13 04 50
30.605 244 0.75
30.61 22 12.00
30.61 23 1.93
30.61 25 11.27
30.61 30 0.00
30.61 B1 6926.47 7719.09 
30.61 B3 7128.36 7963.35 
30.61 120 13 04 50
30.61 244 0.75
30.615 22 12.09
30.615 23 1.93
30.615 25 11.27
30.615 30 0.00
30.615 B1 6924.86 7723.36 
30.615 B3 7128.08 7969.57 
30.615 120 13 04 50
30.615 244 0.74
30.62 22 12.18
30.62 23 1.93
30.62 25 11.39
30.62 30 0.00
30.62 B1 6921.83 7726.50 
30.62 B3 7126.56 7974.41 
30.62 120 13 04 50
30.62 244 0.75
30.625 22 12.30
30.625 23 1.89
30.625 25 11.27
30.625 30 0.00
30.625 B1 6920.99 7733.72 
30.625 B3 7127.68 7981.67 
30.625 120 13 04 50
30.625 244 0.75
30.63 22 12.35
30.63 23 1.92
30.63 25 11.27
30.63 30 0.00
30.63 B1 6919.23 7738.65 
30.63 B3 7127.21 7987.29 
30.63 120 13 04 50
30.63 244 0.75
30.635 22 12.43
30.635 23 1.92
30.635 25 11.27
30.635 30 0.00
30.635 B1 6917.39 7743.80 
30.635 B3 7126.76 7992.74 
30.635 120 13 04 50
30.635 244 0.75
30.64 22 12.50
30.64 23 1.91
30.64 25 11.27
30.64 30 0.00
30.64 B1 6915.73 7749.08 
30.64 B3 7126.32 7998.01 
30.64 120 13 04 50
30.64 244 0.75
30.645 22 12.56
30.645 23 1.91
30.645 25 11.39
30.645 30 0.00
30.645 B1 6914.80 7754.40 
30.645 B3 7125.89 8003.12 
30.645 120 13 04 50
30.645 244 0.75
30.65 22 12.63
30.65 23 1.89
30.65 25 11.27
30.65 30 0.00
30.65 B1 6915.00 7760.22 
30.65 B3 7125.49 8008.07 
30.65 120 13 04 50
30.65 244 0.75
30.655 22 12.69
30.655 23 1.91
30.655 25 11.27
30.655 30 0.00
30.655 B1 6914.80 7765.35 
30.655 B3 7125.09 8012.82 
30.655 120 13 04 50
30.655 244 0.75
30.66 22 12.74
30.66 23 1.91
30.66 25 11.27
30.66 30 0.00
30.66 B1 6914.89 7770.40 
30.66 B3 7124.72 8017.42 
30.66 120 13 04 50
30.66 244 0.75
30.665 22 12.80
30.665 23 1.91
30.665 25 11.27
30.665 30 0.00
30.665 B1 6915.20 7775.34 
30.665 B3 7124.37 8021.84 
30.665 120 13 04 50
30.665 244 0.75
30.67 22 12.86
30.67 23 1.91
30.67 25 11.27
30.67 30 0.00
30.67 B1 6915.64 7780.14 
30.67 B3 7124.06 8026.09 
30.67 120 13 04 50
30.67 244 0.75
30.675 22 12.91
30.675 23 1.91
30.675 25 11.27
30.675 30 0.00
30.675 B1 6916.15 7784.77 
30.675 B3 7123.79 8030.17 
30.675 120 13 04 50
30.675 244 0.75
30.68 22 12.96
30.68 23 1.91
30.68 25 11.39
30.68 30 0.00
30.68 B1 6916.70 7789.22 
30.68 B3 7123.53 8034.09 
30.68 120 13 04 50
30.68 244 0.75
30.685 22 13.02
30.685 23 1.90
30.685 25 11.39
30.685 30 0.00
30.685 B1 6917.48 7793.64 
30.685 B3 7123.31 8037.84 
30.685 120 13 04 50
30.685 244 0.75
30.69 22 13.07
30.69 23 1.90
30.69 25 11.39
30.69 30 0.00
30.69 B1 6918.11 7797.75 
30.69 B3 7123.11 8041.41 
30.69 120 13 04 50
30.69 244 0.75
30.695 22 13.12
30.695 23 1.90
30.695 25 11.39
30.695 30 0.00
30.695 B1 6918.60 7801.57 
30.695 B3 7122.92 8044.82 
30.695 120 13 04 50
30.695 244 0.75
30.7 22 13.16
30.7 23 1.91
30.7 25 11.39
30.7 30 0.00
30.7 B1 6918.96 7805.09 
30.7 B3 7122.76 8048.06 
30.7 120 13 04 50
30.7 244 0.75
30.705 22 13.21
30.705 23 1.91
30.705 25 11.39
30.705 30 0.00
30.705 B1 6919.19 7808.33 
30.705 B3 7122.63 8051.15 
30.705 120 13 04 50
30.705 244 0.75
30.71 22 13.25
30.71 23 1.91
30.71 25 11.39
30.71 30 0.00
30.71 B1 6920.62 7812.60 
30.71 B3 7123.70 8055.28 
30.71 120 13 04 50
30.71 244 0.75
30.715 22 13.28
30.715 23 1.92
30.715 25 11.26
30.715 30 0.00
30.715 B1 6921.57 7816.32 
30.715 B3 7125.52 8059.01 
30.715 120 13 04 50
30.715 244 0.75
30.72 22 13.30
30.72 23 1.93
30.72 25 11.26
30.72 30 0.00
30.72 B1 6920.99 7818.38 
30.72 B3 7126.93 8061.22 
30.72 120 13 04 50
30.72 244 0.75
30.725 22 13.33
30.725 23 1.93
30.725 25 11.26
30.725 30 0.00
30.725 B1 6921.76 7821.63 
30.725 B3 7130.35 8064.58 
30.725 120 13 04 50
30.725 244 0.75
30.73 22 13.35
30.73 23 1.94
30.73 25 11.26
30.73 30 0.00
30.73 B1 6920.83 7823.09 
30.73 B3 7132.94 8066.43 
30.73 120 13 04 50
30.73 244 0.75
30.735 22 13.37
30.735 23 1.93
30.735 25 11.26
30.735 30 0.00
30.735 B1 6919.92 7824.43 
30.735 B3 7136.00 8068.27 
30.735 120 13 04 50
30.735 244 0.75
30.74 22 13.39
30.74 23 1.93
30.74 25 11.26
30.74 30 0.00
30.74 B1 6918.96 7825.60 
30.74 B3 7139.38 8070.04 
30.74 120 13 04 50
30.74 244 0.75
30.745 22 13.41
30.745 23 1.93
30.745 25 11.39
30.745 30 0.00
30.745 B1 6919.24 7827.89 
30.745 B3 7144.17 8072.95 
30.745 120 13 04 50
30.745 244 0.75
30.75 22 13.43
30.75 23 1.93
30.75 25 11.26
30.75 30 0.00
30.75 B1 6918.49 7829.18 
30.75 B3 7148.84 8075.56 
30.75 120 13 04 50
30.75 244 0.75
30.755 22 13.44
30.755 23 1.94
30.755 25 11.26
30.755 30 0.00
30.755 B1 6916.74 7829.35 
30.755 B3 7152.18 8077.45 
30.755 120 13 04 50
30.755 244 0.75
30.76 22 13.45
30.76 23 1.94
30.76 25 11.26
30.76 30 0.00
30.76 B1 6914.94 7829.35 
30.76 B3 7155.57 8080.30 
30.76 120 13 04 50
30.76 244 0.75
30.765 22 13.45
30.765 23 1.94
30.765 25 11.26
30.765 30 0.00
30.765 B1 6914.36 7830.49 
30.765 B3 7160.16 8085.10 
30.765 120 13 04 50
30.765 244 0.75
30.77 22 13.46
30.77 23 1.94
30.77 25 11.26
30.77 30 0.00
30.77 B1 6913.32 7831.17 
30.77 B3 7164.48 8090.32 
30.77 120 13 04 50
30.77 244 0.75
30.775 22 13.46
30.775 23 1.95
30.775 25 11.26
30.775 30 0.00
30.775 B1 6911.88 7831.42 
30.775 B3 7168.51 8095.83 
30.775 120 13 04 50
30.775 244 0.75
30.78 22 13.46
30.78 23 1.95
30.78 25 11.26
30.78 30 0.00
30.78 B1 6910.12 7831.31 
30.78 B3 7172.26 8101.55 
30.78 120 13 04 50
30.78 244 0.75
30.785 22 13.46
30.785 23 1.95
30.785 25 11.26
30.785 30 0.00
30.785 B1 6908.09 7830.89 
30.785 B3 7175.74 8107.41 
30.785 120 13 04 50
30.785 244 0.75
30.79 22 13.47
30.79 23 1.96
30.79 25 11.26
30.79 30 0.00
30.79 B1 6905.84 7830.19 
30.79 B3 7178.93 8113.34 
30.79 120 13 04 50
30.79 244 0.75
30.795 22 13.47
30.795 23 1.96
30.795 25 11.26
30.795 30 0.00
30.795 B1 6903.41 7829.25 
30.795 B3 7181.84 8119.29 
30.795 120 13 04 50
30.795 244 0.75
30.8 22 13.47
30.8 23 1.97
30.8 25 11.38
30.8 30 0.00
30.8 B1 6899.48 7826.78 
30.8 B3 7183.24 8124.02 
30.8 120 13 04 50
30.8 244 0.75
30.805 22 13.47
30.805 23 1.96
30.805 25 11.38
30.805 30 0.00
30.805 B1 6896.14 7824.88 
30.805 B3 7185.76 8130.05 
30.805 120 13 04 50
30.805 244 0.75
30.81 22 13.48
30.81 23 1.96
30.81 25 11.26
30.81 30 0.00
30.81 B1 6892.80 7822.90 
30.81 B3 7187.93 8135.96 
30.81 120 13 04 50
30.81 244 0.75
30.815 22 13.48
30.815 23 1.97
30.815 25 11.26
30.815 30 0.00
30.815 B1 6890.36 7821.67 
30.815 B3 7189.74 8141.70 
30.815 120 13 04 50
30.815 244 0.75
30.82 22 13.48
30.82 23 1.98
30.82 25 11.26
30.82 30 0.00
30.82 B1 6887.65 7820.19 
30.82 B3 7191.20 8147.29 
30.82 120 13 04 50
30.82 244 0.75
30.825 22 13.48
30.825 23 1.98
30.825 25 11.26
30.825 30 0.00
30.825 B1 6884.70 7818.50 
30.825 B3 7192.30 8152.68 
30.825 120 13 04 50
30.825 244 0.75
30.83 22 13.48
30.83 23 1.99
30.83 25 11.26
30.83 30 0.00
30.83 B1 6881.55 7816.60 
30.83 B3 7193.03 8157.86 
30.83 120 13 04 50
30.83 244 0.75
30.835 22 13.48
30.835 23 2.00
30.835 25 11.38
30.835 30 0.00
30.835 B1 6878.23 7814.52 
30.835 B3 7193.42 8162.81 
30.835 120 13 04 50
30.835 244 0.75
30.84 22 13.49
30.84 23 2.00
30.84 25 11.38
30.84 30 0.00
30.84 B1 6873.68 7811.33 
30.84 B3 7193.53 8167.55 
30.84 120 13 04 50
30.84 244 0.75
30.845 22 13.49
30.845 23 2.00
30.845 25 11.26
30.845 30 0.00
30.845 B1 6869.25 7808.17 
30.845 B3 7193.36 8172.01 
30.845 120 13 04 50
30.845 244 0.75
30.85 22 13.49
30.85 23 2.01
30.85 25 11.38
30.85 30 0.00
30.85 B1 6865.97 7805.98 
30.85 B3 7192.95 8176.23 
30.85 120 13 04 50
30.85 244 0.76
30.855 22 13.49
30.855 23 2.01
30.855 25 11.38
30.855 30 0.00
30.855 B1 6862.65 7803.94 
30.855 B3 7193.52 8181.37 
30.855 120 13 04 50
30.855 244 0.76
30.86 22 13.49
30.86 23 2.02
30.86 25 11.38
30.86 30 0.00
30.86 B1 6859.03 7801.60 
30.86 B3 7193.67 8186.05 
30.86 120 13 04 50
30.86 244 0.76
30.865 22 13.49
30.865 23 2.02
30.865 25 11.38
30.865 30 0.00
30.865 B1 6855.16 7799.04 
30.865 B3 7193.46 8190.29 
30.865 120 13 04 50
30.865 244 0.75
30.87 22 13.50
30.87 23 2.03
30.87 25 11.38
30.87 30 0.00
30.87 B1 6849.76 7794.93 
30.87 B3 7191.71 8192.90 
30.87 120 13 04 50
30.87 244 0.76
30.875 22 13.50
30.875 23 2.03
30.875 25 11.38
30.875 30 0.00
30.875 B1 6845.83 7792.22 
30.875 B3 7191.11 8196.47 
30.875 120 13 04 50
30.875 244 0.76
30.88 22 13.50
30.88 23 2.04
30.88 25 11.38
30.88 30 0.00
30.88 B1 6841.64 7789.29 
30.88 B3 7190.20 8199.59 
30.88 120 13 04 50
30.88 244 0.75
30.885 22 13.50
30.885 23 2.05
30.885 25 11.38
30.885 30 0.00
30.885 B1 6835.91 7784.83 
30.885 B3 7187.82 8201.09 
30.885 120 13 04 50
30.885 244 0.75
30.89 22 13.50
30.89 23 2.05
30.89 25 11.38
30.89 30 0.00
30.89 B1 6830.33 7780.46 
30.89 B3 7185.41 8202.32 
30.89 120 13 04 50
30.89 244 0.75
30.895 22 13.51
30.895 23 2.05
30.895 25 11.38
30.895 30 0.00
30.895 B1 6824.82 7776.13 
30.895 B3 7182.96 8203.27 
30.895 120 13 04 50
30.895 244 0.75
30.9 22 13.51
30.9 23 2.05
30.9 25 11.25
30.9 30 0.00
30.9 B1 6819.33 7771.81 
30.9 B3 7180.45 8203.95 
30.9 120 13 04 50
30.9 244 0.75
30.905 22 13.51
30.905 23 2.05
30.905 25 11.37
30.905 30 0.00
30.905 B1 6815.19 7768.68 
30.905 B3 7177.85 8204.40 
30.905 120 13 04 50
30.905 244 0.75
30.91 22 13.51
30.91 23 2.06
30.91 25 11.37
30.91 30 0.00
30.91 B1 6809.38 7764.15 
30.91 B3 7175.16 8204.61 
30.91 120 13 04 50
30.91 244 0.75
30.915 22 13.52
30.915 23 2.06
30.915 25 11.37
30.915 30 0.00
30.915 B1 6803.59 7759.62 
30.915 B3 7172.38 8204.61 
30.915 120 13 04 50
30.915 244 0.75
30.92 22 13.52
30.92 23 2.06
30.92 25 11.37
30.92 30 0.00
30.92 B1 6797.77 7755.04 
30.92 B3 7169.49 8204.40 
30.92 120 13 04 50
30.92 244 0.75
30.925 22 13.52
30.925 23 2.07
30.925 25 11.37
30.925 30 0.00
30.925 B1 6791.90 7750.41 
30.925 B3 7166.48 8204.01 
30.925 120 13 04 50
30.925 244 0.75
30.93 22 13.52
30.93 23 2.07
30.93 25 11.25
30.93 30 0.00
30.93 B1 6785.96 7745.73 
30.93 B3 7163.35 8203.43 
30.93 120 13 04 50
30.93 244 0.75
30.935 22 13.52
30.935 23 2.07
30.935 25 11.25
30.935 30 0.00
30.935 B1 6781.35 7742.20 
30.935 B3 7160.11 8202.67 
30.935 120 13 04 50
30.935 244 0.75
30.94 22 13.53
30.94 23 2.08
30.94 25 11.37
30.94 30 0.00
30.94 B1 6776.28 7738.34 
30.94 B3 7156.74 8201.74 
30.94 120 13 04 50
30.94 244 0.76
30.945 22 13.53
30.945 23 2.09
30.945 25 11.37
30.945 30 0.00
30.945 B1 6770.75 7734.28 
30.945 B3 7154.44 8201.83 
30.945 120 13 04 50
30.945 244 0.76
30.95 22 13.53
30.95 23 2.09
30.95 25 11.37
30.95 30 0.00
30.95 B1 6764.93 7729.93 
30.95 B3 7151.80 8201.60 
30.95 120 13 04 50
30.95 244 0.76
30.955 22 13.53
30.955 23 2.10
30.955 25 11.37
30.955 30 0.00
30.955 B1 6758.88 7725.36 
30.955 B3 7148.84 8201.07 
30.955 120 13 04 50
30.955 244 0.76
30.96 22 13.53
30.96 23 2.11
30.96 25 11.37
30.96 30 0.00
30.96 B1 6752.62 7720.56 
30.96 B3 7145.61 8200.26 
30.96 120 13 04 50
30.96 244 0.76
30.965 22 13.53
30.965 23 2.11
30.965 25 11.37
30.965 30 0.00
30.965 B1 6746.18 7715.58 
30.965 B3 7142.13 8199.20 
30.965 120 13 04 50
30.965 244 0.76
30.97 22 13.54
30.97 23 2.12
30.97 25 11.37
30.97 30 0.00
30.97 B1 6739.57 7710.41 
30.97 B3 7138.42 8197.90 
30.97 120 13 04 50
30.97 244 0.76
30.975 22 13.54
30.975 23 2.12
30.975 25 11.37
30.975 30 0.00
30.975 B1 6732.80 7705.08 
30.975 B3 7134.50 8196.37 
30.975 120 13 04 50
30.975 244 0.75
30.98 22 13.54
30.98 23 2.13
30.98 25 11.37
30.98 30 0.00
30.98 B1 6724.58 7698.29 
30.98 B3 7129.19 8193.43 
30.98 120 13 04 50
30.98 244 0.75
30.985 22 13.54
30.985 23 2.13
30.985 25 11.37
30.985 30 0.00
30.985 B1 6716.56 7691.63 
30.985 B3 7123.90 8190.45 
30.985 120 13 04 50
30.985 244 0.75
30.99 22 13.55
30.99 23 2.13
30.99 25 11.37
30.99 30 0.00
30.99 B1 6708.68 7685.05 
30.99 B3 7118.63 8187.42 
30.99 120 13 04 50
30.99 244 0.75
30.995 22 13.55
30.995 23 2.13
30.995 25 11.37
30.995 30 0.00
30.995 B1 6700.85 7678.50 
30.995 B3 7113.32 8184.32 
30.995 120 13 04 50
30.995 244 0.75
31 22 13.55
31 23 2.13
31 25 11.37
31 30 0.00
31 B1 6693.04 7671.96 
31 B3 7107.97 8181.15 
31 120 13 04 50
31 244 0.75
31.005 22 13.56
31.005 23 2.13
31.005 25 11.37
31.005 30 0.00
31.005 B1 6685.19 7665.40 
31.005 B3 7102.55 8177.87 
31.005 120 13 04 50
31.005 244 0.75
31.01 22 13.56
31.01 23 2.13
31.01 25 11.37
31.01 30 0.00
31.01 B1 6677.30 7658.80 
31.01 B3 7097.05 8174.51 
31.01 120 13 04 50
31.01 244 0.76
31.015 22 13.56
31.015 23 2.14
31.015 25 11.25
31.015 30 0.00
31.015 B1 6670.66 7653.45 
31.015 B3 7092.66 8172.24 
31.015 120 13 04 50
31.015 244 0.76
31.02 22 13.56
31.02 23 2.14
31.02 25 11.37
31.02 30 0.00
31.02 B1 6665.29 7649.24 
31.02 B3 7087.95 8169.69 
31.02 120 13 04 50
31.02 244 0.75
31.025 22 13.56
31.025 23 2.16
31.025 25 11.37
31.025 30 0.00
31.025 B1 6656.10 7641.63 
31.025 B3 7081.75 8165.68 
31.025 120 13 04 50
31.025 244 0.76
31.03 22 13.57
31.03 23 2.16
31.03 25 11.37
31.03 30 0.00
31.03 B1 6648.41 7635.42 
31.03 B3 7076.72 8162.81 
31.03 120 13 04 50
31.03 244 0.76
31.035 22 13.57
31.035 23 2.17
31.035 25 11.37
31.035 30 0.00
31.035 B1 6640.48 7628.97 
31.035 B3 7071.41 8159.67 
31.035 120 13 04 50
31.035 244 0.75
31.04 22 13.57
31.04 23 2.17
31.04 25 11.25
31.04 30 0.00
31.04 B1 6631.02 7620.98 
31.04 B3 7064.66 8155.11 
31.04 120 13 04 50
31.04 244 0.75
31.045 22 13.57
31.045 23 2.17
31.045 25 11.25
31.045 30 0.00
31.045 B1 6623.53 7614.64 
31.045 B3 7057.91 8150.49 
31.045 120 13 04 50
31.045 244 0.75
31.05 22 13.58
31.05 23 2.18
31.05 25 11.37
31.05 30 0.00
31.05 B1 6615.65 7608.04 
31.05 B3 7051.13 8145.80 
31.05 120 13 04 50
31.05 244 0.75
31.055 22 13.57
31.055 23 2.18
31.055 25 11.37
31.055 30 0.00
31.055 B1 6606.10 7599.58 
31.055 B3 7044.31 8141.03 
31.055 120 13 04 50
31.055 244 0.75
31.06 22 13.56
31.06 23 2.18
31.06 25 11.37
31.06 30 0.00
31.06 B1 6597.28 7591.24 
31.06 B3 7037.42 8136.17 
31.06 120 13 04 50
31.06 244 0.75
31.065 22 13.56
31.065 23 2.18
31.065 25 11.37
31.065 30 0.00
31.065 B1 6588.92 7582.95 
31.065 B3 7030.48 8131.21 
31.065 120 13 04 50
31.065 244 0.75
31.07 22 13.55
31.07 23 2.19
31.07 25 11.37
31.07 30 0.00
31.07 B1 6580.83 7574.68 
31.07 B3 7023.44 8126.13 
31.07 120 13 04 50
31.07 244 0.75
31.075 22 13.55
31.075 23 2.19
31.075 25 11.37
31.075 30 0.00
31.075 B1 6572.92 7566.39 
31.075 B3 7016.33 8120.93 
31.075 120 13 04 50
31.075 244 0.75
31.08 22 13.54
31.08 23 2.19
31.08 25 11.37
31.08 30 0.00
31.08 B1 6565.09 7558.04 
31.08 B3 7009.12 8115.61 
31.08 120 13 04 50
31.08 244 0.75
31.085 22 13.53
31.085 23 2.20
31.085 25 11.37
31.085 30 0.00
31.085 B1 6557.27 7549.63 
31.085 B3 7001.82 8110.16 
31.085 120 13 04 50
31.085 244 0.75
31.09 22 13.53
31.09 23 2.20
31.09 25 11.37
31.09 30 0.00
31.09 B1 6549.48 7541.14 
31.09 B3 6994.42 8104.57 
31.09 120 13 04 50
31.09 244 0.75
31.095 22 13.52
31.095 23 2.21
31.095 25 11.37
31.095 30 0.00
31.095 B1 6541.63 7532.55 
31.095 B3 6986.92 8098.84 
31.095 120 13 04 50
31.095 244 0.75
31.1 22 13.51
31.1 23 2.21
31.1 25 11.37
31.1 30 0.00
31.1 B1 6533.74 7523.85 
31.1 B3 6979.33 8092.97 
31.1 120 13 04 50
31.1 244 0.75
31.105 22 13.50
31.105 23 2.22
31.105 25 11.37
31.105 30 0.00
31.105 B1 6525.81 7515.18 
31.105 B3 6971.64 8086.97 
31.105 120 13 04 50
31.105 244 0.75
31.11 22 13.49
31.11 23 2.22
31.11 25 11.37
31.11 30 0.00
31.11 B1 6517.80 7506.90 
31.11 B3 6963.85 8080.81 
31.11 120 13 04 50
31.11 244 0.75
31.115 22 13.47
31.115 23 2.23
31.115 25 11.25
31.115 30 0.00
31.115 B1 6509.72 7498.87 
31.115 B3 6956.04 8074.50 
31.115 120 13 04 50
31.115 244 0.75
31.12 22 13.46
31.12 23 2.23
31.12 25 11.25
31.12 30 0.00
31.12 B1 6503.22 7492.46 
31.12 B3 6948.76 8068.05 
31.12 120 13 04 50
31.12 244 0.75
31.125 22 13.44
31.125 23 2.24
31.125 25 11.25
31.125 30 0.00
31.125 B1 6496.12 7485.76 
31.125 B3 6941.86 8061.44 
31.125 120 13 04 50
31.125 244 0.75
31.13 22 13.42
31.13 23 2.24
31.13 25 11.25
31.13 30 0.00
31.13 B1 6488.57 7478.82 
31.13 B3 6935.24 8054.67 
31.13 120 13 04 50
31.13 244 0.75
31.135 22 13.39
31.135 23 2.25
31.135 25 11.25
31.135 30 0.00
31.135 B1 6480.71 7471.69 
31.135 B3 6928.81 8047.76 
31.135 120 13 04 50
31.135 244 0.75
31.14 22 13.37
31.14 23 2.26
31.14 25 11.25
31.14 30 0.00
31.14 B1 6472.59 7464.37 
31.14 B3 6922.50 8040.69 
31.14 120 13 04 50
31.14 244 0.75
31.145 22 13.34
31.145 23 2.27
31.145 25 11.37
31.145 30 0.00
31.145 B1 6464.28 7456.89 
31.145 B3 6916.27 8033.48 
31.145 120 13 04 50
31.145 244 0.75
31.15 22 13.31
31.15 23 2.28
31.15 25 11.37
31.15 30 0.00
31.15 B1 6454.14 7447.80 
31.15 B3 6910.07 8026.10 
31.15 120 13 04 50
31.15 244 0.75
31.155 22 13.28
31.155 23 2.28
31.155 25 11.24
31.155 30 0.00
31.155 B1 6444.40 7438.95 
31.155 B3 6903.91 8018.58 
31.155 120 13 04 50
31.155 244 0.75
31.16 22 13.27
31.16 23 2.28
31.16 25 11.24
31.16 30 0.00
31.16 B1 6436.63 7431.74 
31.16 B3 6897.74 8010.89 
31.16 120 13 04 50
31.16 244 0.76
31.165 22 13.24
31.165 23 2.29
31.165 25 11.24
31.165 30 0.00
31.165 B1 6429.74 7425.54 
31.165 B3 6892.75 8004.26 
31.165 120 13 04 50
31.165 244 0.75
31.17 22 13.22
31.17 23 2.31
31.17 25 11.24
31.17 30 0.00
31.17 B1 6420.80 7417.42 
31.17 B3 6886.22 7996.10 
31.17 120 13 04 50
31.17 244 0.75
31.175 22 13.19
31.175 23 2.31
31.175 25 11.24
31.175 30 0.00
31.175 B1 6411.75 7409.16 
31.175 B3 6879.72 7987.82 
31.175 120 13 04 50
31.175 244 0.75
31.18 22 13.17
31.18 23 2.32
31.18 25 11.24
31.18 30 0.00
31.18 B1 6402.63 7400.80 
31.18 B3 6873.23 7979.41 
31.18 120 13 04 50
31.18 244 0.75
31.185 22 13.14
31.185 23 2.33
31.185 25 10.87
31.185 30 0.00
31.185 B1 6393.41 7392.31 
31.185 B3 6866.71 7970.88 
31.185 120 13 04 50
31.185 244 0.75
31.19 22 13.15
31.19 23 2.32
31.19 25 10.75
31.19 30 0.00
31.19 B1 6389.44 7388.38 
31.19 B3 6860.17 7962.22 
31.19 120 13 04 50
31.19 244 0.76
31.195 22 13.14
31.195 23 2.34
31.195 25 10.62
31.195 30 0.00
31.195 B1 6386.74 7386.01 
31.195 B3 6854.75 7954.62 
31.195 120 13 04 50
31.195 244 0.75
31.2 22 13.13
31.2 23 2.36
31.2 25 10.25
31.2 30 0.00
31.2 B1 6382.24 7382.15 
31.2 B3 6847.78 7945.52 
31.2 120 13 04 50
31.2 244 0.75
31.205 22 13.15
31.205 23 2.37
31.205 25 10.12
31.205 30 0.00
31.205 B1 6381.38 7381.59 
31.205 B3 6840.80 7936.35 
31.205 120 13 04 50
31.205 244 0.75
31.21 22 13.14
31.21 23 2.39
31.21 25 10.12
31.21 30 0.00
31.21 B1 6379.39 7380.36 
31.21 B3 6833.79 7927.08 
31.21 120 13 04 50
31.21 244 0.75
31.215 22 13.12
31.215 23 2.43
31.215 25 9.75
31.215 30 0.00
31.215 B1 6374.86 7377.10 
31.215 B3 6826.74 7917.75 
31.215 120 13 04 50
31.215 244 0.75
31.22 22 13.13
31.22 23 2.43
31.22 25 9.25
31.22 30 0.00
31.22 B1 6373.87 7376.92 
31.22 B3 6819.64 7908.33 
31.22 120 13 04 50
31.22 244 0.75
31.225 22 13.16
31.225 23 2.45
31.225 25 9.00
31.225 30 0.00
31.225 B1 6376.90 7380.41 
31.225 B3 6812.48 7898.85 
31.225 120 13 04 50
31.225 244 0.75
31.23 22 13.17
31.23 23 2.48
31.23 25 8.88
31.23 30 0.00
31.23 B1 6379.10 7383.61 
31.23 B3 6805.23 7889.30 
31.23 120 13 04 50
31.23 244 0.75
31.235 22 13.16
31.235 23 2.52
31.235 25 8.51
31.235 30 0.00
31.235 B1 6379.03 7385.11 
31.235 B3 6797.89 7880.13 
31.235 120 13 04 50
31.235 244 0.75
31.24 22 13.17
31.24 23 2.54
31.24 25 8.51
31.24 30 0.00
31.24 B1 6380.82 7388.29 
31.24 B3 6790.48 7871.49 
31.24 120 13 04 50
31.24 244 0.75
31.245 22 13.14
31.245 23 2.59
31.245 25 8.39
31.245 30 0.00
31.245 B1 6378.75 7388.34 
31.245 B3 6782.98 7863.26 
31.245 120 13 04 50
31.245 244 0.75
31.25 22 13.12
31.25 23 2.61
31.25 25 8.26
31.25 30 0.00
31.25 B1 6375.79 7387.53 
31.25 B3 6775.39 7855.39 
31.25 120 13 04 50
31.25 244 0.76
31.255 22 13.10
31.255 23 2.64
31.255 25 8.26
31.255 30 0.00
31.255 B1 6373.51 7387.42 
31.255 B3 6768.94 7848.97 
31.255 120 13 04 50
31.255 244 0.75
31.26 22 13.07
31.26 23 2.67
31.26 25 8.14
31.26 30 0.00
31.26 B1 6367.35 7383.71 
31.26 B3 6760.90 7841.33 
31.26 120 13 04 50
31.26 244 0.76
31.265 22 13.05
31.265 23 2.68
31.265 25 8.02
31.265 30 0.00
31.265 B1 6362.91 7381.46 
31.265 B3 6754.07 7835.10 
31.265 120 13 04 50
31.265 244 0.76
31.27 22 13.04
31.27 23 2.71
31.27 25 8.02
31.27 30 0.00
31.27 B1 6358.25 7378.93 
31.27 B3 6746.92 7828.78 
31.27 120 13 04 50
31.27 244 0.76
31.275 22 13.00
31.275 23 2.73
31.275 25 8.02
31.275 30 0.00
31.275 B1 6351.75 7374.74 
31.275 B3 6739.49 7822.38 
31.275 120 13 04 50
31.275 244 0.75
31.28 22 12.97
31.28 23 2.75
31.28 25 8.14
31.28 30 0.00
31.28 B1 6342.64 7367.98 
31.28 B3 6730.65 7814.71 
31.28 120 13 04 50
31.28 244 0.76
31.285 22 12.92
31.285 23 2.77
31.285 25 8.02
31.285 30 0.00
31.285 B1 6332.68 7360.47 
31.285 B3 6723.12 7808.39 
31.285 120 13 04 50
31.285 244 0.76
31.29 22 12.90
31.29 23 2.77
31.29 25 8.02
31.29 30 0.00
31.29 B1 6324.25 7354.03 
31.29 B3 6715.35 7801.94 
31.29 120 13 04 50
31.29 244 0.76
31.295 22 12.87
31.295 23 2.79
31.295 25 8.02
31.295 30 0.00
31.295 B1 6315.07 7346.85 
31.295 B3 6707.38 7795.36 
31.295 120 13 04 50
31.295 244 0.76
31.3 22 12.83
31.3 23 2.80
31.3 25 7.89
31.3 30 0.00
31.3 B1 6305.35 7339.10 
31.3 B3 6699.24 7788.67 
31.3 120 13 04 50
31.3 244 0.76
31.305 22 12.81
31.305 23 2.81
31.305 25 7.89
31.305 30 0.00
31.305 B1 6297.03 7332.45 
31.305 B3 6690.92 7781.85 
31.305 120 13 04 50
31.305 244 0.76
31.31 22 12.78
31.31 23 2.82
31.31 25 7.89
31.31 30 0.00
31.31 B1 6287.82 7325.04 
31.31 B3 6682.45 7774.92 
31.31 120 13 04 50
31.31 244 0.76
31.315 22 12.74
31.315 23 2.83
31.315 25 7.89
31.315 30 0.00
31.315 B1 6277.97 7317.05 
31.315 B3 6673.84 7767.87 
31.315 120 13 04 50
31.315 244 0.76
31.32 22 12.71
31.32 23 2.85
31.32 25 7.89
31.32 30 0.00
31.32 B1 6267.65 7308.58 
31.32 B3 6665.10 7760.71 
31.32 120 13 04 50
31.32 244 0.76
31.325 22 12.67
31.325 23 2.86
31.325 25 7.64
31.325 30 0.00
31.325 B1 6256.98 7299.75 
31.325 B3 6656.23 7753.43 
31.325 120 13 04 50
31.325 244 0.75
31.33 22 12.66
31.33 23 2.85
31.33 25 7.64
31.33 30 0.00
31.33 B1 6248.40 7292.43 
31.33 B3 6646.04 7744.84 
31.33 120 13 04 50
31.33 244 0.76
31.335 22 12.63
31.335 23 2.87
31.335 25 7.64
31.335 30 0.00
31.335 B1 6240.13 7285.72 
31.335 B3 6637.21 7737.57 
31.335 120 13 04 50
31.335 244 0.76
31.34 22 12.59
31.34 23 2.89
31.34 25 7.64
31.34 30 0.00
31.34 B1 6230.71 7278.08 
31.34 B3 6628.17 7730.12 
31.34 120 13 04 50
31.34 244 0.76
31.345 22 12.56
31.345 23 2.90
31.345 25 7.64
31.345 30 0.00
31.345 B1 6220.49 7269.75 
31.345 B3 6618.95 7722.53 
31.345 120 13 04 50
31.345 244 0.76
31.35 22 12.52
31.35 23 2.91
31.35 25 7.64
31.35 30 0.00
31.35 B1 6209.69 7260.87 
31.35 B3 6609.57 7714.80 
31.35 120 13 04 50
31.35 244 0.76
31.355 22 12.49
31.355 23 2.93
31.355 25 7.64
31.355 30 0.00
31.355 B1 6198.48 7251.55 
31.355 B3 6600.05 7706.93 
31.355 120 13 04 50
31.355 244 0.76
31.36 22 12.45
31.36 23 2.94
31.36 25 7.64
31.36 30 0.00
31.36 B1 6186.94 7241.89 
31.36 B3 6590.39 7698.92 
31.36 120 13 04 50
31.36 244 0.75
31.365 22 12.42
31.365 23 2.95
31.365 25 7.64
31.365 30 0.00
31.365 B1 6173.83 7230.61 
31.365 B3 6579.39 7689.57 
31.365 120 13 04 50
31.365 244 0.75
31.37 22 12.38
31.37 23 2.95
31.37 25 7.64
31.37 30 0.00
31.37 B1 6160.95 7219.45 
31.37 B3 6568.57 7680.35 
31.37 120 13 04 50
31.37 244 0.76
31.375 22 12.35
31.375 23 2.95
31.375 25 7.52
31.375 30 0.00
31.375 B1 6149.50 7209.64 
31.375 B3 6559.03 7672.35 
31.375 120 13 04 50
31.375 244 0.75
31.38 22 12.32
31.38 23 2.96
31.38 25 7.52
31.38 30 0.00
31.38 B1 6138.30 7199.82 
31.38 B3 6548.04 7662.93 
31.38 120 13 04 50
31.38 244 0.75
31.385 22 12.29
31.385 23 2.97
31.385 25 7.52
31.385 30 0.00
31.385 B1 6126.55 7189.61 
31.385 B3 6537.11 7653.55 
31.385 120 13 04 50
31.385 244 0.75
31.39 22 12.26
31.39 23 2.98
31.39 25 7.52
31.39 30 0.00
31.39 B1 6114.39 7179.06 
31.39 B3 6526.20 7644.17 
31.39 120 13 04 50
31.39 244 0.75
31.395 22 12.22
31.395 23 2.99
31.395 25 7.64
31.395 30 0.00
31.395 B1 6101.93 7168.25 
31.395 B3 6515.27 7634.76 
31.395 120 13 04 50
31.395 244 0.76
31.4 22 12.18
31.4 23 3.01
31.4 25 7.52
31.4 30 0.00
31.4 B1 6088.50 7156.78 
31.4 B3 6505.51 7626.49 
31.4 120 13 04 50
31.4 244 0.75
31.405 22 12.16
31.405 23 3.01
31.405 25 7.52
31.405 30 0.00
31.405 B1 6075.86 7145.64 
31.405 B3 6494.18 7616.73 
31.405 120 13 04 50
31.405 244 0.75
31.41 22 12.13
31.41 23 3.02
31.41 25 7.39
31.41 30 0.00
31.41 B1 6062.96 7134.28 
31.41 B3 6482.84 7606.92 
31.41 120 13 04 50
31.41 244 0.75
31.415 22 12.11
31.415 23 3.02
31.415 25 7.39
31.415 30 0.00
31.415 B1 6051.87 7124.43 
31.415 B3 6471.49 7597.07 
31.415 120 13 04 50
31.415 244 0.75
31.42 22 12.08
31.42 23 3.03
31.42 25 7.15
31.42 30 0.00
31.42 B1 6039.88 7113.93 
31.42 B3 6460.06 7587.13 
31.42 120 13 04 50
31.42 244 0.76
31.425 22 12.07
31.425 23 3.03
31.425 25 6.77
31.425 30 0.00
31.425 B1 6032.75 7107.74 
31.425 B3 6449.75 7578.31 
31.425 120 13 04 50
31.425 244 0.75
31.43 22 12.08
31.43 23 3.03
31.43 25 6.77
31.43 30 0.00
31.43 B1 6028.20 7103.76 
31.43 B3 6437.84 7567.95 
31.43 120 13 04 50
31.43 244 0.75
31.435 22 12.05
31.435 23 3.07
31.435 25 6.77
31.435 30 0.00
31.435 B1 6020.38 7097.44 
31.435 B3 6425.86 7557.56 
31.435 120 13 04 50
31.435 244 0.75
31.44 22 12.02
31.44 23 3.10
31.44 25 6.65
31.44 30 0.00
31.44 B1 6010.41 7089.42 
31.44 B3 6413.84 7547.10 
31.44 120 13 04 50
31.44 244 0.75
31.445 22 12.01
31.445 23 3.11
31.445 25 6.65
31.445 30 0.00
31.445 B1 6001.09 7081.88 
31.445 B3 6401.76 7536.58 
31.445 120 13 04 50
31.445 244 0.75
31.45 22 11.98
31.45 23 3.13
31.45 25 6.65
31.45 30 0.00
31.45 B1 5990.07 7072.91 
31.45 B3 6389.60 7525.99 
31.45 120 13 04 50
31.45 244 0.75
31.455 22 11.96
31.455 23 3.15
31.455 25 6.53
31.455 30 0.00
31.455 B1 5977.89 7062.87 
31.455 B3 6377.36 7515.30 
31.455 120 13 04 50
31.455 244 0.75
31.46 22 11.94
31.46 23 3.16
31.46 25 6.15
31.46 30 0.00
31.46 B1 5967.06 7053.79 
31.46 B3 6365.03 7504.53 
31.46 120 13 04 50
31.46 244 0.75
31.465 22 11.95
31.465 23 3.15
31.465 25 5.41
31.465 30 0.00
31.465 B1 5961.32 7048.95 
31.465 B3 6352.61 7493.65 
31.465 120 13 04 50
31.465 244 0.75
31.47 22 11.99
31.47 23 3.14
31.47 25 4.05
31.47 30 0.00
31.47 B1 5965.07 7052.30 
31.47 B3 6340.06 7482.67 
31.47 120 13 04 50
31.47 244 0.75
31.475 22 12.11
31.475 23 3.12
31.475 25 3.18
31.475 30 0.00
31.475 B1 5984.60 7069.55 
31.475 B3 6327.32 7471.57 
31.475 120 13 04 50
31.475 244 0.75
31.48 22 12.18
31.48 23 3.20
31.48 25 3.18
31.48 30 0.00
31.48 B1 6005.74 7089.66 
31.48 B3 6314.36 7460.40 
31.48 120 13 04 50
31.48 244 0.75
31.485 22 12.16
31.485 23 3.33
31.485 25 3.18
31.485 30 0.00
31.485 B1 6014.43 7100.76 
31.485 B3 6301.18 7449.20 
31.485 120 13 04 50
31.485 244 0.75
31.49 22 12.14
31.49 23 3.41
31.49 25 0.00
31.49 30 0.00
31.49 B1 6015.11 7105.41 
31.49 B3 6287.89 7437.98 
31.49 120 13 04 50
31.49 244 0.75
31.495 22 12.46
31.495 23 3.38
31.495 25 0.00
31.495 30 0.00
31.495 B1 6056.80 7143.07 
31.495 B3 6274.52 7426.76 
31.495 120 13 04 50
31.495 244 0.75
31.5 22 12.43
31.5 23 3.57
31.5 25 0.00
31.5 30 0.00
31.5 B1 6079.08 7167.46 
31.5 B3 6260.89 7415.61 
31.5 120 13 04 50
31.5 244 0.75
31.505 22 12.40
31.505 23 3.69
31.505 25 0.00
31.505 30 0.00
31.505 B1 6088.88 7182.69 
31.505 B3 6247.13 7404.55 
31.505 120 13 04 50
31.505 244 0.75
31.51 22 12.37
31.51 23 3.78
31.51 25 0.00
31.51 30 0.00
31.51 B1 6089.24 7189.76 
31.51 B3 6232.12 7392.36 
31.51 120 13 04 50
31.51 244 0.75
31.515 22 12.35
31.515 23 3.83
31.515 25 0.00
31.515 30 0.00
31.515 B1 6084.76 7191.98 
31.515 B3 6217.40 7380.47 
31.515 120 13 04 50
31.515 244 0.75
31.52 22 12.32
31.52 23 3.87
31.52 25 0.00
31.52 30 0.00
31.52 B1 6078.40 7191.80 
31.52 B3 6204.10 7370.01 
31.52 120 13 04 50
31.52 244 0.75
31.525 22 12.30
31.525 23 3.91
31.525 25 0.00
31.525 30 0.00
31.525 B1 6069.46 7188.44 
31.525 B3 6190.61 7359.44 
31.525 120 13 04 50
31.525 244 0.75
31.53 22 12.28
31.53 23 3.93
31.53 25 0.00
31.53 30 0.00
31.53 B1 6058.79 7182.60 
31.53 B3 6176.97 7348.77 
31.53 120 13 04 50
31.53 244 0.75
31.535 22 12.26
31.535 23 3.96
31.535 25 0.00
31.535 30 0.00
31.535 B1 6045.63 7173.50 
31.535 B3 6161.99 7336.80 
31.535 120 13 04 50
31.535 244 0.75
31.54 22 12.24
31.54 23 3.96
31.54 25 0.00
31.54 30 0.00
31.54 B1 6032.11 7163.75 
31.54 B3 6147.20 7324.94 
31.54 120 13 04 50
31.54 244 0.75
31.545 22 12.21
31.545 23 3.97
31.545 25 0.00
31.545 30 0.00
31.545 B1 6018.32 7153.48 
31.545 B3 6132.51 7313.14 
31.545 120 13 04 50
31.545 244 0.75
31.55 22 12.19
31.55 23 3.98
31.55 25 0.00
31.55 30 0.00
31.55 B1 6004.29 7142.78 
31.55 B3 6117.85 7301.33 
31.55 120 13 04 50
31.55 244 0.75
31.555 22 12.17
31.555 23 3.98
31.555 25 0.00
31.555 30 0.00
31.555 B1 5990.08 7131.72 
31.555 B3 6103.20 7289.48 
31.555 120 13 04 50
31.555 244 0.75
31.56 22 12.14
31.56 23 3.99
31.56 25 0.00
31.56 30 0.00
31.56 B1 5975.69 7120.34 
31.56 B3 6088.49 7277.54 
31.56 120 13 04 50
31.56 244 0.75
31.565 22 12.12
31.565 23 4.00
31.565 25 0.00
31.565 30 0.00
31.565 B1 5962.47 7109.99 
31.565 B3 6074.92 7266.68 
31.565 120 13 04 50
31.565 244 0.75
31.57 22 12.09
31.57 23 4.01
31.57 25 0.00
31.57 30 0.00
31.57 B1 5947.33 7097.68 
31.57 B3 6059.74 7254.25 
31.57 120 13 04 50
31.57 244 0.75
31.575 22 12.07
31.575 23 4.02
31.575 25 0.00
31.575 30 0.00
31.575 B1 5932.21 7085.23 
31.575 B3 6044.56 7241.71 
31.575 120 13 04 50
31.575 244 0.75
31.58 22 12.05
31.58 23 4.02
31.58 25 0.00
31.58 30 0.00
31.58 B1 5917.07 7072.62 
31.58 B3 6029.34 7229.04 
31.58 120 13 04 50
31.58 244 0.75
31.585 22 12.02
31.585 23 4.03
31.585 25 0.00
31.585 30 0.00
31.585 B1 5903.19 7061.16 
31.585 B3 6015.25 7217.43 
31.585 120 13 04 50
31.585 244 0.75
31.59 22 12.00
31.59 23 4.04
31.59 25 0.00
31.59 30 0.00
31.59 B1 5888.77 7049.14 
31.59 B3 6000.76 7205.40 
31.59 120 13 04 50
31.59 244 0.75
31.595 22 11.97
31.595 23 4.06
31.595 25 0.00
31.595 30 0.00
31.595 B1 5873.96 7036.68 
31.595 B3 5985.94 7193.00 
31.595 120 13 04 50
31.595 244 0.75
31.6 22 11.95
31.6 23 4.07
31.6 25 0.00
31.6 30 0.00
31.6 B1 5858.86 7023.83 
31.6 B3 5970.84 7180.26 
31.6 120 13 04 50
31.6 244 0.75
31.605 22 11.92
31.605 23 4.08
31.605 25 0.00
31.605 30 0.00
31.605 B1 5842.20 7009.34 
31.605 B3 5954.32 7166.01 
31.605 120 13 04 50
31.605 244 0.75
31.61 22 11.90
31.61 23 4.08
31.61 25 0.00
31.61 30 0.00
31.61 B1 5825.83 6994.93 
31.61 B3 5937.93 7151.72 
31.61 120 13 04 50
31.61 244 0.75
31.615 22 11.88
31.615 23 4.08
31.615 25 0.00
31.615 30 0.00
31.615 B1 5810.92 6981.83 
31.615 B3 5922.78 7138.54 
31.615 120 13 04 50
31.615 244 0.75
31.62 22 11.85
31.62 23 4.10
31.62 25 0.00
31.62 30 0.00
31.62 B1 5794.28 6967.00 
31.62 B3 5906.12 7123.82 
31.62 120 13 04 50
31.62 244 0.75
31.625 22 11.83
31.625 23 4.10
31.625 25 0.00
31.625 30 0.00
31.625 B1 5777.78 6952.17 
31.625 B3 5889.52 7109.01 
31.625 120 13 04 50
31.625 244 0.75
31.63 22 11.80
31.63 23 4.10
31.63 25 0.00
31.63 30 0.00
31.63 B1 5761.35 6937.30 
31.63 B3 5872.93 7094.09 
31.63 120 13 04 50
31.63 244 0.75
31.635 22 11.78
31.635 23 4.11
31.635 25 0.00
31.635 30 0.00
31.635 B1 5744.93 6922.35 
31.635 B3 5856.31 7079.06 
31.635 120 13 04 50
31.635 244 0.75
31.64 22 11.76
31.64 23 4.11
31.64 25 0.00
31.64 30 0.00
31.64 B1 5729.77 6908.58 
31.64 B3 5840.83 7065.07 
31.64 120 13 04 50
31.64 244 0.75
31.645 22 11.73
31.645 23 4.13
31.645 25 0.00
31.645 30 0.00
31.645 B1 5714.07 6894.31 
31.645 B3 5824.95 7050.67 
31.645 120 13 04 50
31.645 244 0.75
31.65 22 11.71
31.65 23 4.14
31.65 25 0.00
31.65 30 0.00
31.65 B1 5697.99 6879.63 
31.65 B3 5808.74 7035.90 
31.65 120 13 04 50
31.65 244 0.75
31.655 22 11.69
31.655 23 4.15
31.655 25 0.00
31.655 30 0.00
31.655 B1 5681.62 6864.59 
31.655 B3 5792.27 7020.82 
31.655 120 13 04 50
31.655 244 0.75
31.66 22 11.67
31.66 23 4.16
31.66 25 0.00
31.66 30 0.00
31.66 B1 5665.03 6849.25 
31.66 B3 5775.59 7005.43 
31.66 120 13 04 50
31.66 244 0.75
31.665 22 11.65
31.665 23 4.17
31.665 25 0.00
31.665 30 0.00
31.665 B1 5648.27 6833.65 
31.665 B3 5758.71 6989.77 
31.665 120 13 04 50
31.665 244 0.75
31.67 22 11.62
31.67 23 4.18
31.67 25 0.00
31.67 30 0.00
31.67 B1 5631.36 6817.82 
31.67 B3 5741.65 6973.85 
31.67 120 13 04 50
31.67 244 0.75
31.675 22 11.60
31.675 23 4.19
31.675 25 0.00
31.675 30 0.00
31.675 B1 5614.31 6801.75 
31.675 B3 5724.45 6957.70 
31.675 120 13 04 50
31.675 244 0.75
31.68 22 11.58
31.68 23 4.20
31.68 25 0.00
31.68 30 0.00
31.68 B1 5597.14 6785.49 
31.68 B3 5707.11 6941.32 
31.68 120 13 04 50
31.68 244 0.75
31.685 22 11.57
31.685 23 4.21
31.685 25 0.00
31.685 30 0.00
31.685 B1 5579.85 6769.04 
31.685 B3 5689.64 6924.72 
31.685 120 13 04 50
31.685 244 0.75
31.69 22 11.55
31.69 23 4.21
31.69 25 0.00
31.69 30 0.00
31.69 B1 5561.14 6751.08 
31.69 B3 5670.84 6906.72 
31.69 120 13 04 50
31.69 244 0.75
31.695 22 11.53
31.695 23 4.21
31.695 25 0.00
31.695 30 0.00
31.695 B1 5542.80 6733.32 
31.695 B3 5652.27 6888.79 
31.695 120 13 04 50
31.695 244 0.75
31.7 22 11.51
31.7 23 4.22
31.7 25 0.00
31.7 30 0.00
31.7 B1 5524.67 6715.66 
31.7 B3 5633.81 6870.87 
31.7 120 13 04 50
31.7 244 0.75
31.705 22 11.50
31.705 23 4.22
31.705 25 -0.69
31.705 30 0.00
31.705 B1 5507.92 6699.34 
31.705 B3 5616.61 6854.11 
31.705 120 13 04 50
31.705 244 0.75
31.71 22 11.52
31.71 23 4.17
31.71 25 -2.00
31.71 30 0.00
31.71 B1 5504.25 6693.18 
31.71 B3 5599.06 6837.03 
31.71 120 13 04 50
31.71 244 0.75
31.715 22 11.59
31.715 23 4.12
31.715 25 -2.00
31.715 30 0.00
31.715 B1 5520.43 6703.27 
31.715 B3 5581.19 6819.66 
31.715 120 13 04 50
31.715 244 0.75
31.72 22 11.56
31.72 23 4.25
31.72 25 -5.07
31.72 30 0.00
31.72 B1 5523.68 6705.27 
31.72 B3 5562.94 6802.02 
31.72 120 13 04 50
31.72 244 0.75
31.725 22 11.83
31.725 23 4.15
31.725 25 -5.07
31.725 30 0.00
31.725 B1 5572.47 6742.27 
31.725 B3 5543.32 6783.01 
31.725 120 13 04 50
31.725 244 0.75
31.73 22 11.79
31.73 23 4.38
31.73 25 -5.29
31.73 30 0.00
31.73 B1 5596.22 6763.56 
31.73 B3 5523.64 6764.13 
31.73 120 13 04 50
31.73 244 0.75
31.735 22 11.77
31.735 23 4.52
31.735 25 -5.83
31.735 30 0.00
31.735 B1 5609.69 6778.05 
31.735 B3 5505.27 6746.63 
31.735 120 13 04 50
31.735 244 0.75
31.74 22 11.79
31.74 23 4.61
31.74 25 -7.26
31.74 30 0.00
31.74 B1 5620.97 6790.57 
31.74 B3 5486.68 6729.01 
31.74 120 13 04 50
31.74 244 0.75
31.745 22 11.91
31.745 23 4.68
31.745 25 -7.26
31.745 30 0.00
31.745 B1 5643.62 6810.83 
31.745 B3 5466.74 6710.14 
31.745 120 13 04 50
31.745 244 0.75
31.75 22 11.86
31.75 23 4.81
31.75 25 -7.26
31.75 30 0.00
31.75 B1 5651.70 6820.81 
31.75 B3 5446.97 6691.52 
31.75 120 13 04 50
31.75 244 0.75
31.755 22 11.82
31.755 23 4.90
31.755 25 -7.59
31.755 30 0.00
31.755 B1 5650.72 6823.52 
31.755 B3 5427.41 6673.13 
31.755 120 13 04 50
31.755 244 0.75
31.76 22 11.82
31.76 23 4.95
31.76 25 -7.81
31.76 30 0.00
31.76 B1 5649.34 6824.97 
31.76 B3 5408.02 6654.89 
31.76 120 13 04 50
31.76 244 0.75
31.765 22 11.81
31.765 23 5.00
31.765 25 -7.81
31.765 30 0.00
31.765 B1 5647.25 6825.54 
31.765 B3 5389.92 6637.97 
31.765 120 13 04 50
31.765 244 0.75
31.77 22 11.78
31.77 23 5.06
31.77 25 -7.81
31.77 30 0.00
31.77 B1 5639.91 6821.58 
31.77 B3 5371.55 6620.86 
31.77 120 13 04 50
31.77 244 0.75
31.775 22 11.75
31.775 23 5.10
31.775 25 -7.81
31.775 30 0.00
31.775 B1 5629.27 6814.37 
31.775 B3 5352.97 6603.58 
31.775 120 13 04 50
31.775 244 0.75
31.78 22 11.72
31.78 23 5.12
31.78 25 -7.92
31.78 30 0.00
31.78 B1 5616.53 6804.82 
31.78 B3 5334.26 6586.14 
31.78 120 13 04 50
31.78 244 0.75
31.785 22 11.70
31.785 23 5.14
31.785 25 -7.92
31.785 30 0.00
31.785 B1 5604.25 6794.89 
31.785 B3 5315.43 6568.54 
31.785 120 13 04 50
31.785 244 0.75
31.79 22 11.67
31.79 23 5.16
31.79 25 -7.92
31.79 30 0.00
31.79 B1 5590.42 6783.32 
31.79 B3 5296.48 6550.77 
31.79 120 13 04 50
31.79 244 0.75
31.795 22 11.64
31.795 23 5.17
31.795 25 -7.92
31.795 30 0.00
31.795 B1 5575.60 6770.55 
31.795 B3 5277.45 6532.85 
31.795 120 13 04 50
31.795 244 0.75
31.8 22 11.61
31.8 23 5.18
31.8 25 -7.92
31.8 30 0.00
31.8 B1 5560.12 6756.86 
31.8 B3 5258.33 6514.76 
31.8 120 13 04 50
31.8 244 0.75
31.805 22 11.59
31.805 23 5.19
31.805 25 -7.92
31.805 30 0.00
31.805 B1 5544.18 6742.47 
31.805 B3 5239.11 6496.51 
31.805 120 13 04 50
31.805 244 0.75
31.81 22 11.56
31.81 23 5.20
31.81 25 -7.92
31.81 30 0.00
31.81 B1 5527.95 6727.55 
31.81 B3 5219.82 6478.09 
31.81 120 13 04 50
31.81 244 0.75
31.815 22 11.53
31.815 23 5.21
31.815 25 -7.92
31.815 30 0.00
31.815 B1 5511.49 6712.20 
31.815 B3 5200.44 6459.50 
31.815 120 13 04 50
31.815 244 0.75
31.82 22 11.51
31.82 23 5.21
31.82 25 -7.92
31.82 30 0.00
31.82 B1 5494.86 6696.48 
31.82 B3 5180.97 6440.72 
31.82 120 13 04 50
31.82 244 0.75
31.825 22 11.48
31.825 23 5.22
31.825 25 -8.14
31.825 30 0.00
31.825 B1 5478.10 6680.46 
31.825 B3 5161.41 6421.78 
31.825 120 13 04 50
31.825 244 0.75
31.83 22 11.48
31.83 23 5.21
31.83 25 -9.13
31.83 30 0.00
31.83 B1 5465.12 6667.05 
31.83 B3 5141.77 6402.65 
31.83 120 13 04 50
31.83 244 0.75
31.835 22 11.55
31.835 23 5.19
31.835 25 -9.13
31.835 30 0.00
31.835 B1 5466.67 6663.98 
31.835 B3 5120.82 6382.15 
31.835 120 13 04 50
31.835 244 0.75
31.84 22 11.51
31.84 23 5.25
31.84 25 -12.09
31.84 30 0.00
31.84 B1 5461.12 6656.88 
31.84 B3 5100.06 6361.78 
31.84 120 13 04 50
31.84 244 0.75
31.845 22 11.79
31.845 23 5.22
31.845 25 -12.09
31.845 30 0.00
31.845 B1 5501.54 6683.42 
31.845 B3 5080.66 6342.69 
31.845 120 13 04 50
31.845 244 0.75
31.85 22 11.71
31.85 23 5.40
31.85 25 -12.09
31.85 30 0.00
31.85 B1 5520.10 6698.14 
31.85 B3 5060.75 6323.46 
31.85 120 13 04 50
31.85 244 0.75
31.855 22 11.65
31.855 23 5.52
31.855 25 -12.09
31.855 30 0.00
31.855 B1 5525.40 6704.32 
31.855 B3 5040.64 6304.13 
31.855 120 13 04 50
31.855 244 0.75
31.86 22 11.61
31.86 23 5.60
31.86 25 -12.09
31.86 30 0.00
31.86 B1 5522.56 6704.18 
31.86 B3 5020.46 6284.74 
31.86 120 13 04 50
31.86 244 0.75
31.865 22 11.57
31.865 23 5.65
31.865 25 -12.53
31.865 30 0.00
31.865 B1 5514.69 6699.32 
31.865 B3 5000.27 6265.27 
31.865 120 13 04 50
31.865 244 0.75
31.87 22 11.57
31.87 23 5.67
31.87 25 -12.53
31.87 30 0.00
31.87 B1 5509.41 6695.72 
31.87 B3 4978.88 6244.54 
31.87 120 13 04 50
31.87 244 0.75
31.875 22 11.54
31.875 23 5.71
31.875 25 -13.62
31.875 30 0.00
31.875 B1 5500.04 6688.29 
31.875 B3 4957.87 6224.02 
31.875 120 13 04 50
31.875 244 0.75
31.88 22 11.59
31.88 23 5.70
31.88 25 -13.62
31.88 30 0.00
31.88 B1 5506.79 6694.05 
31.88 B3 4938.29 6204.84 
31.88 120 13 04 50
31.88 244 0.75
31.885 22 11.54
31.885 23 5.78
31.885 25 -13.84
31.885 30 0.00
31.885 B1 5504.93 6693.74 
31.885 B3 4918.42 6185.45 
31.885 120 13 04 50
31.885 244 0.75
31.89 22 11.52
31.89 23 5.83
31.89 25 -13.95
31.89 30 0.00
31.89 B1 5501.22 6691.76 
31.89 B3 4898.39 6165.90 
31.89 120 13 04 50
31.89 244 0.75
31.895 22 11.49
31.895 23 5.87
31.895 25 -13.95
31.895 30 0.00
31.895 B1 5494.64 6687.07 
31.895 B3 4878.27 6146.22 
31.895 120 13 04 50
31.895 244 0.75
31.9 22 11.46
31.9 23 5.91
31.9 25 -14.17
31.9 30 0.00
31.9 B1 5484.59 6678.91 
31.9 B3 4858.07 6126.40 
31.9 120 13 04 50
31.9 244 0.75
31.905 22 11.44
31.905 23 5.93
31.905 25 -14.17
31.905 30 0.00
31.905 B1 5474.54 6669.71 
31.905 B3 4836.64 6105.27 
31.905 120 13 04 50
31.905 244 0.75
31.91 22 11.42
31.91 23 5.95
31.91 25 -14.17
31.91 30 0.00
31.91 B1 5462.31 6658.10 
31.91 B3 4815.55 6084.32 
31.91 120 13 04 50
31.91 244 0.75
31.915 22 11.40
31.915 23 5.97
31.915 25 -14.17
31.915 30 0.00
31.915 B1 5450.03 6645.96 
31.915 B3 4795.87 6064.68 
31.915 120 13 04 50
31.915 244 0.75
31.92 22 11.37
31.92 23 5.99
31.92 25 -17.02
31.92 30 0.00
31.92 B1 5435.05 6630.72 
31.92 B3 4774.74 6043.60 
31.92 120 13 04 50
31.92 244 0.74
31.925 22 11.54
31.925 23 5.94
31.925 25 -17.02
31.925 30 0.00
31.925 B1 5462.61 6648.80 
31.925 B3 4752.62 6021.41 
31.925 120 13 04 50
31.925 244 0.74
31.93 22 11.47
31.93 23 6.07
31.93 25 -17.02
31.93 30 0.00
31.93 B1 5473.65 6657.90 
31.93 B3 4730.85 5999.58 
31.93 120 13 04 50
31.93 244 0.74
31.935 22 11.41
31.935 23 6.15
31.935 25 -17.02
31.935 30 0.00
31.935 B1 5474.66 6660.38 
31.935 B3 4709.45 5978.06 
31.935 120 13 04 50
31.935 244 0.74
31.94 22 11.37
31.94 23 6.20
31.94 25 -17.02
31.94 30 0.00
31.94 B1 5469.55 6657.89 
31.94 B3 4688.33 5956.73 
31.94 120 13 04 50
31.94 244 0.74
31.945 22 11.33
31.945 23 6.23
31.945 25 -17.79
31.945 30 0.00
31.945 B1 5460.66 6651.63 
31.945 B3 4667.44 5935.55 
31.945 120 13 04 50
31.945 244 0.75
31.95 22 11.35
31.95 23 6.25
31.95 25 -19.43
31.95 30 0.00
31.95 B1 5462.26 6652.56 
31.95 B3 4647.90 5915.64 
31.95 120 13 04 50
31.95 244 0.75
31.955 22 11.40
31.955 23 6.32
31.955 25 -19.43
31.955 30 0.00
31.955 B1 5482.38 6666.96 
31.955 B3 4629.22 5896.69 
31.955 120 13 04 50
31.955 244 0.75
31.96 22 11.33
31.96 23 6.42
31.96 25 -19.87
31.96 30 0.00
31.96 B1 5489.33 6673.83 
31.96 B3 4609.87 5877.29 
31.96 120 13 04 50
31.96 244 0.75
31.965 22 11.31
31.965 23 6.50
31.965 25 -22.94
31.965 30 0.00
31.965 B1 5492.99 6677.81 
31.965 B3 4589.00 5856.35 
31.965 120 13 04 50
31.965 244 0.75
31.97 22 11.37
31.97 23 6.65
31.97 25 -22.94
31.97 30 0.00
31.97 B1 5529.24 6697.76 
31.97 B3 4568.36 5835.46 
31.97 120 13 04 50
31.97 244 0.75
31.975 22 11.29
31.975 23 6.78
31.975 25 -22.94
31.975 30 0.00
31.975 B1 5546.85 6710.13 
31.975 B3 4547.91 5814.70 
31.975 120 13 04 50
31.975 244 0.75
31.98 22 11.23
31.98 23 6.85
31.98 25 -23.27
31.98 30 0.00
31.98 B1 5553.11 6716.76 
31.98 B3 4527.73 5794.04 
31.98 120 13 04 50
31.98 244 0.75
31.985 22 11.18
31.985 23 6.92
31.985 25 -23.49
31.985 30 0.00
31.985 B1 5556.36 6720.18 
31.985 B3 4507.79 5773.43 
31.985 120 13 04 50
31.985 244 0.75
31.99 22 11.15
31.99 23 6.97
31.99 25 -23.49
31.99 30 0.00
31.99 B1 5556.48 6720.82 
31.99 B3 4488.06 5752.89 
31.99 120 13 04 50
31.99 244 0.75
31.995 22 11.11
31.995 23 7.01
31.995 25 -23.49
31.995 30 0.00
31.995 B1 5552.08 6718.70 
31.995 B3 4468.50 5732.37 
31.995 120 13 04 50
31.995 244 0.75
32 22 11.09
32 23 7.03
32 25 -23.49
32 30 0.00
32 B1 5544.86 6714.29 
32 B3 4449.07 5711.86 
32 120 13 04 50
32 244 0.74
32.005 22 11.06
32.005 23 7.04
32.005 25 -23.60
32.005 30 0.00
32.005 B1 5534.55 6706.60 
32.005 B3 4428.54 5690.13 
32.005 120 13 04 50
32.005 244 0.75
32.01 22 11.04
32.01 23 7.05
32.01 25 -23.60
32.01 30 0.00
32.01 B1 5526.29 6699.55 
32.01 B3 4409.68 5669.89 
32.01 120 13 04 50
32.01 244 0.75
32.015 22 11.02
32.015 23 7.06
32.015 25 -23.60
32.015 30 0.00
32.015 B1 5516.62 6690.99 
32.015 B3 4390.70 5649.54 
32.015 120 13 04 50
32.015 244 0.75
32.02 22 11.00
32.02 23 7.07
32.02 25 -23.60
32.02 30 0.00
32.02 B1 5506.05 6681.21 
32.02 B3 4371.64 5629.08 
32.02 120 13 04 50
32.02 244 0.75
32.025 22 10.98
32.025 23 7.08
32.025 25 -23.60
32.025 30 0.00
32.025 B1 5494.90 6670.45 
32.025 B3 4352.51 5608.53 
32.025 120 13 04 50
32.025 244 0.75
32.03 22 10.96
32.03 23 7.08
32.03 25 -23.60
32.03 30 0.00
32.03 B1 5483.37 6658.87 
32.03 B3 4333.33 5587.88 
32.03 120 13 04 50
32.03 244 0.75
32.035 22 10.95
32.035 23 7.08
32.035 25 -23.60
32.035 30 0.00
32.035 B1 5471.56 6646.62 
32.035 B3 4314.10 5567.16 
32.035 120 13 04 50
32.035 244 0.75
32.04 22 10.93
32.04 23 7.09
32.04 25 -23.60
32.04 30 0.00
32.04 B1 5459.56 6633.78 
32.04 B3 4294.83 5546.35 
32.04 120 13 04 50
32.04 244 0.75
32.045 22 10.91
32.045 23 7.09
32.045 25 -23.60
32.045 30 0.00
32.045 B1 5447.41 6620.46 
32.045 B3 4275.53 5525.48 
32.045 120 13 04 50
32.045 244 0.75
32.05 22 10.90
32.05 23 7.09
32.05 25 -23.60
32.05 30 0.00
32.05 B1 5435.16 6606.70 
32.05 B3 4256.19 5504.53 
32.05 120 13 04 50
32.05 244 0.75
32.055 22 10.88
32.055 23 7.09
32.055 25 -23.60
32.055 30 0.00
32.055 B1 5422.78 6592.56 
32.055 B3 4236.81 5483.52 
32.055 120 13 04 50
32.055 244 0.75
32.06 22 10.86
32.06 23 7.09
32.06 25 -23.60
32.06 30 0.00
32.06 B1 5410.33 6578.08 
32.06 B3 4217.40 5462.44 
32.06 120 13 04 50
32.06 244 0.75
32.065 22 10.85
32.065 23 7.09
32.065 25 -23.60
32.065 30 0.00
32.065 B1 5397.80 6563.29 
32.065 B3 4197.96 5441.29 
32.065 120 13 04 50
32.065 244 0.75
32.07 22 10.83
32.07 23 7.09
32.07 25 -23.60
32.07 30 0.00
32.07 B1 5385.19 6548.21 
32.07 B3 4178.49 5420.08 
32.07 120 13 04 50
32.07 244 0.75
32.075 22 10.82
32.075 23 7.09
32.075 25 -23.60
32.075 30 0.00
32.075 B1 5372.50 6532.87 
32.075 B3 4158.99 5398.80 
32.075 120 13 04 50
32.075 244 0.75
32.08 22 10.80
32.08 23 7.09
32.08 25 -23.60
32.08 30 0.00
32.08 B1 5359.74 6517.27 
32.08 B3 4139.47 5377.48 
32.08 120 13 04 50
32.08 244 0.75
32.085 22 10.79
32.085 23 7.09
32.085 25 -23.60
32.085 30 0.00
32.085 B1 5348.24 6502.76 
32.085 B3 4121.12 5357.31 
32.085 120 13 04 50
32.085 244 0.75
32.09 22 10.77
32.09 23 7.10
32.09 25 -23.60
32.09 30 0.00
32.09 B1 5336.17 6487.72 
32.09 B3 4102.29 5336.75 
32.09 120 13 04 50
32.09 244 0.75
32.095 22 10.75
32.095 23 7.10
32.095 25 -23.60
32.095 30 0.00
32.095 B1 5323.72 6472.23 
32.095 B3 4083.16 5315.90 
32.095 120 13 04 50
32.095 244 0.75
32.1 22 10.74
32.1 23 7.10
32.1 25 -23.60
32.1 30 0.00
32.1 B1 5309.70 6455.03 
32.1 B3 4062.66 5293.64 
32.1 120 13 04 50
32.1 244 0.75
32.105 22 10.72
32.105 23 7.10
32.105 25 -23.60
32.105 30 0.00
32.105 B1 5296.04 6437.82 
32.105 B3 4042.51 5271.55 
32.105 120 13 04 50
32.105 244 0.75
32.11 22 10.71
32.11 23 7.09
32.11 25 -23.60
32.11 30 0.00
32.11 B1 5282.56 6420.57 
32.11 B3 4022.58 5249.57 
32.11 120 13 04 50
32.11 244 0.75
32.115 22 10.70
32.115 23 7.09
32.115 25 -23.60
32.115 30 0.00
32.115 B1 5269.16 6403.25 
32.115 B3 4002.76 5227.66 
32.115 120 13 04 50
32.115 244 0.75
32.12 22 10.68
32.12 23 7.09
32.12 25 -23.60
32.12 30 0.00
32.12 B1 5255.79 6385.84 
32.12 B3 3983.02 5205.79 
32.12 120 13 04 50
32.12 244 0.75
32.125 22 10.67
32.125 23 7.09
32.125 25 -23.60
32.125 30 0.00
32.125 B1 5242.42 6368.33 
32.125 B3 3963.33 5183.95 
32.125 120 13 04 50
32.125 244 0.75
32.13 22 10.65
32.13 23 7.09
32.13 25 -23.60
32.13 30 0.00
32.13 B1 5229.03 6350.71 
32.13 B3 3943.66 5162.12 
32.13 120 13 04 50
32.13 244 0.75
32.135 22 10.64
32.135 23 7.08
32.135 25 -23.60
32.135 30 0.00
32.135 B1 5215.59 6332.97 
32.135 B3 3924.01 5140.29 
32.135 120 13 04 50
32.135 244 0.75
32.14 22 10.63
32.14 23 7.08
32.14 25 -23.60
32.14 30 0.00
32.14 B1 5202.12 6315.11 
32.14 B3 3904.37 5118.46 
32.14 120 13 04 50
32.14 244 0.75
32.145 22 10.61
32.145 23 7.08
32.145 25 -23.60
32.145 30 0.00
32.145 B1 5188.61 6297.14 
32.145 B3 3884.75 5096.62 
32.145 120 13 04 50
32.145 244 0.75
32.15 22 10.60
32.15 23 7.08
32.15 25 -23.60
32.15 30 0.00
32.15 B1 5175.04 6279.05 
32.15 B3 3865.14 5074.78 
32.15 120 13 04 50
32.15 244 0.75
32.155 22 10.59
32.155 23 7.08
32.155 25 -23.60
32.155 30 0.00
32.155 B1 5162.77 6262.16 
32.155 B3 3846.75 5054.12 
32.155 120 13 04 50
32.155 244 0.75
32.16 22 10.57
32.16 23 7.09
32.16 25 -23.60
32.16 30 0.00
32.16 B1 5148.59 6243.50 
32.16 B3 3826.68 5031.91 
32.16 120 13 04 50
32.16 244 0.75
32.165 22 10.56
32.165 23 7.09
32.165 25 -23.60
32.165 30 0.00
32.165 B1 5134.59 6224.83 
32.165 B3 3806.84 5009.80 
32.165 120 13 04 50
32.165 244 0.75
32.17 22 10.55
32.17 23 7.09
32.17 25 -23.60
32.17 30 0.00
32.17 B1 5120.68 6206.12 
32.17 B3 3787.14 4987.77 
32.17 120 13 04 50
32.17 244 0.75
32.175 22 10.54
32.175 23 7.09
32.175 25 -23.60
32.175 30 0.00
32.175 B1 5106.80 6187.36 
32.175 B3 3767.54 4965.78 
32.175 120 13 04 50
32.175 244 0.75
32.18 22 10.53
32.18 23 7.08
32.18 25 -23.60
32.18 30 0.00
32.18 B1 5094.25 6169.86 
32.18 B3 3749.19 4945.03 
32.18 120 13 04 50
32.18 244 0.75
32.185 22 10.52
32.185 23 7.09
32.185 25 -23.60
32.185 30 0.00
32.185 B1 5081.14 6151.96 
32.185 B3 3730.39 4923.95 
32.185 120 13 04 50
32.185 244 0.75
32.19 22 10.50
32.19 23 7.10
32.19 25 -23.60
32.19 30 0.00
32.19 B1 5067.71 6133.72 
32.19 B3 3711.35 4902.64 
32.19 120 13 04 50
32.19 244 0.75
32.195 22 10.49
32.195 23 7.10
32.195 25 -23.60
32.195 30 0.00
32.195 B1 5054.07 6115.91 
32.195 B3 3692.19 4881.19 
32.195 120 13 04 50
32.195 244 0.75
32.2 22 10.47
32.2 23 7.09
32.2 25 -23.60
32.2 30 0.00
32.2 B1 5040.30 6098.63 
32.2 B3 3672.99 4859.63 
32.2 120 13 04 50
32.2 244 0.75
32.205 22 10.45
32.205 23 7.08
32.205 25 -23.60
32.205 30 0.00
32.205 B1 5026.46 6081.70 
32.205 B3 3653.77 4837.98 
32.205 120 13 04 50
32.205 244 0.75
32.21 22 10.43
32.21 23 7.08
32.21 25 -23.60
32.21 30 0.00
32.21 B1 5012.59 6064.99 
32.21 B3 3634.56 4816.27 
32.21 120 13 04 50
32.21 244 0.75
32.215 22 10.41
32.215 23 7.07
32.215 25 -23.60
32.215 30 0.00
32.215 B1 4997.35 6047.10 
32.215 B3 3614.21 4793.32 
32.215 120 13 04 50
32.215 244 0.75
32.22 22 10.39
32.22 23 7.06
32.22 25 -23.60
32.22 30 0.00
32.22 B1 4983.97 6031.03 
32.22 B3 3595.61 4771.89 
32.22 120 13 04 50
32.22 244 0.75
32.225 22 10.37
32.225 23 7.06
32.225 25 -23.60
32.225 30 0.00
32.225 B1 4970.36 6014.85 
32.225 B3 3576.83 4750.33 
32.225 120 13 04 50
32.225 244 0.75
32.23 22 10.35
32.23 23 7.06
32.23 25 -23.60
32.23 30 0.00
32.23 B1 4955.29 5997.25 
32.23 B3 3556.79 4727.47 
32.23 120 13 04 50
32.23 244 0.75
32.235 22 10.33
32.235 23 7.05
32.235 25 -23.60
32.235 30 0.00
32.235 B1 4940.71 5980.02 
32.235 B3 3537.27 4704.93 
32.235 120 13 04 50
32.235 244 0.75
32.24 22 10.31
32.24 23 7.04
32.24 25 -23.60
32.24 30 0.00
32.24 B1 4926.40 5963.03 
32.24 B3 3518.06 4682.60 
32.24 120 13 04 50
32.24 244 0.75
32.245 22 10.30
32.245 23 7.03
32.245 25 -23.71
32.245 30 0.00
32.245 B1 4913.57 5947.48 
32.245 B3 3500.26 4661.62 
32.245 120 13 04 50
32.245 244 0.75
32.25 22 10.29
32.25 23 7.03
32.25 25 -23.60
32.25 30 0.00
32.25 B1 4901.14 5931.70 
32.25 B3 3480.87 4639.18 
32.25 120 13 04 50
32.25 244 0.75
32.255 22 10.26
32.255 23 7.03
32.255 25 -23.60
32.255 30 0.00
32.255 B1 4885.93 5914.19 
32.255 B3 3461.83 4616.94 
32.255 120 13 04 50
32.255 244 0.75
32.26 22 10.24
32.26 23 7.02
32.26 25 -23.60
32.26 30 0.00
32.26 B1 4871.29 5896.96 
32.26 B3 3443.06 4594.86 
32.26 120 13 04 50
32.26 244 0.75
32.265 22 10.23
32.265 23 7.02
32.265 25 -23.60
32.265 30 0.00
32.265 B1 4856.99 5879.91 
32.265 B3 3424.44 4572.88 
32.265 120 13 04 50
32.265 244 0.75
32.27 22 10.21
32.27 23 7.01
32.27 25 -23.60
32.27 30 0.00
32.27 B1 4842.90 5862.96 
32.27 B3 3405.96 4550.99 
32.27 120 13 04 50
32.27 244 0.75
32.275 22 10.20
32.275 23 7.01
32.275 25 -23.60
32.275 30 0.00
32.275 B1 4830.25 5847.39 
32.275 B3 3388.78 4530.38 
32.275 120 13 04 50
32.275 244 0.75
32.28 22 10.18
32.28 23 7.01
32.28 25 -23.60
32.28 30 0.00
32.28 B1 4815.80 5830.10 
32.28 B3 3369.96 4508.23 
32.28 120 13 04 50
32.28 244 0.75
32.285 22 10.17
32.285 23 7.01
32.285 25 -23.60
32.285 30 0.00
32.285 B1 4802.98 5814.31 
32.285 B3 3352.70 4487.48 
32.285 120 13 04 50
32.285 244 0.75
32.29 22 10.16
32.29 23 7.01
32.29 25 -23.60
32.29 30 0.00
32.29 B1 4789.79 5798.18 
32.29 B3 3335.11 4466.48 
32.29 120 13 04 50
32.29 244 0.75
32.295 22 10.14
32.295 23 7.02
32.295 25 -23.60
32.295 30 0.00
32.295 B1 4776.39 5781.82 
32.295 B3 3317.41 4445.33 
32.295 120 13 04 50
32.295 244 0.75
32.3 22 10.13
32.3 23 7.02
32.3 25 -23.60
32.3 30 0.00
32.3 B1 4762.91 5765.32 
32.3 B3 3299.71 4424.10 
32.3 120 13 04 50
32.3 244 0.75
32.305 22 10.12
32.305 23 7.02
32.305 25 -23.60
32.305 30 0.00
32.305 B1 4749.39 5748.72 
32.305 B3 3282.04 4402.86 
32.305 120 13 04 50
32.305 244 0.75
32.31 22 10.10
32.31 23 7.02
32.31 25 -23.71
32.31 30 0.00
32.31 B1 4734.53 5730.74 
32.31 B3 3263.27 4380.42 
32.31 120 13 04 50
32.31 244 0.75
32.315 22 10.10
32.315 23 7.00
32.315 25 -23.71
32.315 30 0.00
32.315 B1 4722.64 5714.76 
32.315 B3 3245.16 4358.40 
32.315 120 13 04 50
32.315 244 0.75
32.32 22 10.09
32.32 23 7.00
32.32 25 -24.15
32.32 30 0.00
32.32 B1 4710.06 5698.52 
32.32 B3 3227.43 4336.69 
32.32 120 13 04 50
32.32 244 0.75
32.325 22 10.10
32.325 23 6.96
32.325 25 -24.15
32.325 30 0.00
32.325 B1 4706.65 5688.56 
32.325 B3 3209.96 4315.21 
32.325 120 13 04 50
32.325 244 0.75
32.33 22 10.07
32.33 23 6.99
32.33 25 -24.91
32.33 30 0.00
32.33 B1 4698.85 5676.29 
32.33 B3 3192.59 4293.92 
32.33 120 13 04 50
32.33 244 0.75
32.335 22 10.10
32.335 23 6.95
32.335 25 -24.91
32.335 30 0.00
32.335 B1 4705.19 5673.69 
32.335 B3 3175.41 4272.78 
32.335 120 13 04 50
32.335 244 0.75
32.34 22 10.06
32.34 23 7.02
32.34 25 -24.91
32.34 30 0.00
32.34 B1 4702.93 5666.30 
32.34 B3 3158.27 4251.77 
32.34 120 13 04 50
32.34 244 0.75
32.345 22 10.03
32.345 23 7.05
32.345 25 -24.91
32.345 30 0.00
32.345 B1 4695.94 5655.81 
32.345 B3 3141.32 4230.92 
32.345 120 13 04 50
32.345 244 0.75
32.35 22 10.00
32.35 23 7.07
32.35 25 -24.91
32.35 30 0.00
32.35 B1 4686.37 5643.33 
32.35 B3 3124.58 4210.21 
32.35 120 13 04 50
32.35 244 0.75
32.355 22 9.99
32.355 23 7.08
32.355 25 -24.91
32.355 30 0.00
32.355 B1 4675.40 5629.53 
32.355 B3 3108.06 4189.64 
32.355 120 13 04 50
32.355 244 0.74
32.36 22 9.97
32.36 23 7.09
32.36 25 -24.91
32.36 30 0.00
32.36 B1 4662.34 5613.59 
32.36 B3 3090.53 4168.00 
32.36 120 13 04 50
32.36 244 0.74
32.365 22 9.96
32.365 23 7.08
32.365 25 -24.91
32.365 30 0.00
32.365 B1 4649.47 5597.56 
32.365 B3 3073.77 4146.91 
32.365 120 13 04 50
32.365 244 0.74
32.37 22 9.95
32.37 23 7.08
32.37 25 -24.91
32.37 30 0.00
32.37 B1 4636.72 5581.48 
32.37 B3 3057.47 4126.20 
32.37 120 13 04 50
32.37 244 0.75
32.375 22 9.94
32.375 23 7.07
32.375 25 -24.91
32.375 30 0.00
32.375 B1 4625.39 5566.69 
32.375 B3 3042.63 4106.96 
32.375 120 13 04 50
32.375 244 0.75
32.38 22 9.92
32.38 23 7.08
32.38 25 -24.91
32.38 30 0.00
32.38 B1 4613.54 5551.44 
32.38 B3 3027.40 4087.53 
32.38 120 13 04 50
32.38 244 0.74
32.385 22 9.91
32.385 23 7.08
32.385 25 -24.91
32.385 30 0.00
32.385 B1 4600.12 5534.57 
32.385 B3 3010.85 4066.80 
32.385 120 13 04 50
32.385 244 0.74
32.39 22 9.90
32.39 23 7.07
32.39 25 -24.91
32.39 30 0.00
32.39 B1 4587.19 5518.00 
32.39 B3 2994.94 4046.49 
32.39 120 13 04 50
32.39 244 0.74
32.395 22 9.89
32.395 23 7.06
32.395 25 -24.91
32.395 30 0.00
32.395 B1 4574.55 5501.62 
32.395 B3 2979.41 4026.47 
32.395 120 13 04 50
32.395 244 0.74
32.4 22 9.88
32.4 23 7.06
32.4 25 -24.91
32.4 30 0.00
32.4 B1 4562.09 5485.38 
32.4 B3 2964.12 4006.69 
32.4 120 13 04 50
32.4 244 0.74
32.405 22 9.87
32.405 23 7.06
32.405 25 -24.91
32.405 30 0.00
32.405 B1 4549.76 5469.25 
32.405 B3 2949.03 3987.10 
32.405 120 13 04 50
32.405 244 0.74
32.41 22 9.86
32.41 23 7.05
32.41 25 -24.91
32.41 30 0.00
32.41 B1 4537.53 5453.19 
32.41 B3 2934.11 3967.66 
32.41 120 13 04 50
32.41 244 0.74
32.415 22 9.86
32.415 23 7.05
32.415 25 -24.91
32.415 30 0.00
32.415 B1 4525.39 5437.20 
32.415 B3 2919.34 3948.39 
32.415 120 13 04 50
32.415 244 0.74
32.42 22 9.85
32.42 23 7.05
32.42 25 -24.91
32.42 30 0.00
32.42 B1 4513.33 5421.27 
32.42 B3 2904.72 3929.23 
32.42 120 13 04 50
32.42 244 0.74
32.425 22 9.84
32.425 23 7.05
32.425 25 -24.91
32.425 30 0.00
32.425 B1 4501.34 5405.40 
32.425 B3 2890.25 3910.23 
32.425 120 13 04 50
32.425 244 0.75
32.43 22 9.83
32.43 23 7.04
32.43 25 -24.91
32.43 30 0.00
32.43 B1 4490.75 5390.89 
32.43 B3 2877.13 3892.54 
32.43 120 13 04 50
32.43 244 0.75
32.435 22 9.82
32.435 23 7.05
32.435 25 -24.91
32.435 30 0.00
32.435 B1 4479.63 5375.97 
32.435 B3 2863.51 3874.53 
32.435 120 13 04 50
32.435 244 0.75
32.44 22 9.81
32.44 23 7.06
32.44 25 -24.91
32.44 30 0.00
32.44 B1 4468.27 5360.80 
32.44 B3 2849.76 3856.38 
32.44 120 13 04 50
32.44 244 0.75
32.445 22 9.80
32.445 23 7.06
32.445 25 -24.91
32.445 30 0.00
32.445 B1 4456.83 5345.50 
32.445 B3 2836.04 3838.19 
32.445 120 13 04 50
32.445 244 0.74
32.45 22 9.79
32.45 23 7.06
32.45 25 -24.91
32.45 30 0.00
32.45 B1 4444.05 5328.82 
32.45 B3 2821.23 3818.83 
32.45 120 13 04 50
32.45 244 0.74
32.455 22 9.78
32.455 23 7.05
32.455 25 -24.91
32.455 30 0.00
32.455 B1 4431.91 5312.60 
32.455 B3 2807.22 3800.00 
32.455 120 13 04 50
32.455 244 0.74
32.46 22 9.78
32.46 23 7.04
32.46 25 -24.91
32.46 30 0.00
32.46 B1 4420.14 5296.70 
32.46 B3 2793.64 3781.55 
32.46 120 13 04 50
32.46 244 0.74
32.465 22 9.77
32.465 23 7.03
32.465 25 -24.91
32.465 30 0.00
32.465 B1 4408.61 5281.02 
32.465 B3 2780.34 3763.38 
32.465 120 13 04 50
32.465 244 0.74
32.47 22 9.76
32.47 23 7.03
32.47 25 -24.91
32.47 30 0.00
32.47 B1 4397.24 5265.50 
32.47 B3 2767.25 3745.45 
32.47 120 13 04 50
32.47 244 0.74
32.475 22 9.75
32.475 23 7.03
32.475 25 -24.91
32.475 30 0.00
32.475 B1 4385.99 5250.10 
32.475 B3 2754.33 3727.71 
32.475 120 13 04 50
32.475 244 0.74
32.48 22 9.75
32.48 23 7.02
32.48 25 -24.91
32.48 30 0.00
32.48 B1 4374.86 5234.82 
32.48 B3 2741.58 3710.14 
32.48 120 13 04 50
32.48 244 0.74
32.485 22 9.74
32.485 23 7.02
32.485 25 -24.91
32.485 30 0.00
32.485 B1 4363.81 5219.62 
32.485 B3 2729.02 3692.74 
32.485 120 13 04 50
32.485 244 0.74
32.49 22 9.73
32.49 23 7.02
32.49 25 -24.91
32.49 30 0.00
32.49 B1 4352.87 5204.52 
32.49 B3 2716.61 3675.50 
32.49 120 13 04 50
32.49 244 0.74
32.495 22 9.73
32.495 23 7.02
32.495 25 -24.91
32.495 30 0.00
32.495 B1 4340.69 5188.18 
32.495 B3 2703.17 3657.22 
32.495 120 13 04 50
32.495 244 0.74
32.5 22 9.72
32.5 23 7.00
32.5 25 -24.91
32.5 30 0.00
32.5 B1 4329.21 5172.40 
32.5 B3 2690.59 3639.58 
32.5 120 13 04 50
32.5 244 0.74
32.505 22 9.72
32.505 23 7.00
32.505 25 -24.91
32.505 30 0.00
32.505 B1 4318.15 5157.01 
32.505 B3 2678.45 3622.36 
32.505 120 13 04 50
32.505 244 0.74
32.51 22 9.71
32.51 23 6.99
32.51 25 -24.91
32.51 30 0.00
32.51 B1 4307.34 5141.89 
32.51 B3 2666.59 3605.49 
32.51 120 13 04 50
32.51 244 0.74
32.515 22 9.71
32.515 23 6.99
32.515 25 -24.91
32.515 30 0.00
32.515 B1 4296.70 5126.97 
32.515 B3 2654.95 3588.86 
32.515 120 13 04 50
32.515 244 0.74
32.52 22 9.70
32.52 23 6.99
32.52 25 -24.91
32.52 30 0.00
32.52 B1 4286.20 5112.19 
32.52 B3 2643.48 3572.45 
32.52 120 13 04 50
32.52 244 0.74
32.525 22 9.70
32.525 23 6.98
32.525 25 -24.91
32.525 30 0.00
32.525 B1 4275.81 5097.54 
32.525 B3 2632.19 3556.23 
32.525 120 13 04 50
32.525 244 0.74
32.53 22 9.69
32.53 23 6.98
32.53 25 -24.91
32.53 30 0.00
32.53 B1 4265.53 5083.00 
32.53 B3 2621.08 3540.20 
32.53 120 13 04 50
32.53 244 0.74
32.535 22 9.69
32.535 23 6.98
32.535 25 -24.91
32.535 30 0.00
32.535 B1 4255.35 5068.56 
32.535 B3 2610.14 3524.33 
32.535 120 13 04 50
32.535 244 0.74
32.54 22 9.68
32.54 23 6.98
32.54 25 -24.91
32.54 30 0.00
32.54 B1 4245.26 5054.22 
32.54 B3 2599.37 3508.63 
32.54 120 13 04 50
32.54 244 0.74
32.545 22 9.68
32.545 23 6.98
32.545 25 -24.91
32.545 30 0.00
32.545 B1 4235.26 5039.97 
32.545 B3 2588.77 3493.11 
32.545 120 13 04 50
32.545 244 0.74
32.55 22 9.67
32.55 23 6.97
32.55 25 -24.91
32.55 30 0.00
32.55 B1 4225.38 5025.83 
32.55 B3 2578.35 3477.76 
32.55 120 13 04 50
32.55 244 0.74
32.555 22 9.67
32.555 23 6.97
32.555 25 -24.91
32.555 30 0.00
32.555 B1 4215.58 5011.76 
32.555 B3 2568.10 3462.57 
32.555 120 13 04 50
32.555 244 0.74
32.56 22 9.66
32.56 23 6.97
32.56 25 -24.91
32.56 30 0.00
32.56 B1 4205.89 4997.79 
32.56 B3 2558.03 3447.55 
32.56 120 13 04 50
32.56 244 0.74
32.565 22 9.66
32.565 23 6.97
32.565 25 -24.91
32.565 30 0.00
32.565 B1 4196.29 4983.91 
32.565 B3 2548.12 3432.70 
32.565 120 13 04 50
32.565 244 0.74
32.57 22 9.65
32.57 23 6.97
32.57 25 -24.91
32.57 30 0.00
32.57 B1 4186.79 4970.13 
32.57 B3 2538.40 3418.02 
32.57 120 13 04 50
32.57 244 0.74
32.575 22 9.65
32.575 23 6.97
32.575 25 -24.91
32.575 30 0.00
32.575 B1 4177.39 4956.45 
32.575 B3 2528.85 3403.53 
32.575 120 13 04 50
32.575 244 0.75
32.58 22 9.64
32.58 23 6.97
32.58 25 -24.91
32.58 30 0.00
32.58 B1 4170.74 4945.49 
32.58 B3 2521.86 3391.58 
32.58 120 13 04 50
32.58 244 0.75
32.585 22 9.63
32.585 23 6.99
32.585 25 -24.91
32.585 30 0.00
32.585 B1 4162.90 4933.61 
32.585 B3 2513.57 3378.79 
32.585 120 13 04 50
32.585 244 0.74
32.59 22 9.63
32.59 23 7.00
32.59 25 -24.91
32.59 30 0.00
32.59 B1 4153.20 4919.88 
32.59 B3 2503.74 3364.40 
32.59 120 13 04 50
32.59 244 0.74
32.595 22 9.63
32.595 23 6.99
32.595 25 -24.91
32.595 30 0.00
32.595 B1 4143.95 4906.41 
32.595 B3 2494.64 3350.38 
32.595 120 13 04 50
32.595 244 0.74
32.6 22 9.62
32.6 23 6.99
32.6 25 -24.91
32.6 30 0.00
32.6 B1 4134.96 4893.13 
32.6 B3 2485.91 3336.66 
32.6 120 13 04 50
32.6 244 0.74
32.605 22 9.62
32.605 23 6.99
32.605 25 -24.91
32.605 30 0.00
32.605 B1 4126.15 4880.00 
32.605 B3 2477.44 3323.17 
32.605 120 13 04 50
32.605 244 0.74
32.61 22 9.62
32.61 23 6.98
32.61 25 -24.91
32.61 30 0.00
32.61 B1 4117.50 4867.01 
32.61 B3 2469.17 3309.88 
32.61 120 13 04 50
32.61 244 0.74
32.615 22 9.61
32.615 23 6.98
32.615 25 -24.91
32.615 30 0.00
32.615 B1 4108.96 4854.14 
32.615 B3 2461.09 3296.80 
32.615 120 13 04 50
32.615 244 0.74
32.62 22 9.61
32.62 23 6.98
32.62 25 -24.91
32.62 30 0.00
32.62 B1 4100.53 4841.37 
32.62 B3 2453.18 3283.91 
32.62 120 13 04 50
32.62 244 0.74
32.625 22 9.61
32.625 23 6.98
32.625 25 -24.91
32.625 30 0.00
32.625 B1 4092.21 4828.73 
32.625 B3 2445.45 3271.19 
32.625 120 13 04 50
32.625 244 0.74
32.63 22 9.60
32.63 23 6.98
32.63 25 -24.91
32.63 30 0.00
32.63 B1 4084.00 4816.19 
32.63 B3 2437.90 3258.67 
32.63 120 13 04 50
32.63 244 0.74
32.635 22 9.60
32.635 23 6.98
32.635 25 -24.91
32.635 30 0.00
32.635 B1 4075.90 4803.76 
32.635 B3 2430.52 3246.32 
32.635 120 13 04 50
32.635 244 0.74
32.64 22 9.60
32.64 23 6.97
32.64 25 -24.91
32.64 30 0.00
32.64 B1 4067.91 4791.45 
32.64 B3 2423.32 3234.16 
32.64 120 13 04 50
32.64 244 0.74
32.645 22 9.59
32.645 23 6.97
32.645 25 -24.91
32.645 30 0.00
32.645 B1 4060.02 4779.23 
32.645 B3 2416.30 3222.18 
32.645 120 13 04 50
32.645 244 0.74
32.65 22 9.59
32.65 23 6.97
32.65 25 -24.91
32.65 30 0.00
32.65 B1 4052.23 4767.13 
32.65 B3 2409.44 3210.37 
32.65 120 13 04 50
32.65 244 0.74
32.655 22 9.59
32.655 23 6.97
32.655 25 -24.91
32.655 30 0.00
32.655 B1 4044.56 4755.14 
32.655 B3 2402.78 3198.75 
32.655 120 13 04 50
32.655 244 0.74
32.66 22 9.59
32.66 23 6.97
32.66 25 -24.91
32.66 30 0.00
32.66 B1 4035.67 4741.94 
32.66 B3 2395.08 3186.11 
32.66 120 13 04 50
32.66 244 0.74
32.665 22 9.59
32.665 23 6.95
32.665 25 -24.91
32.665 30 0.00
32.665 B1 4028.87 4730.70 
32.665 B3 2389.53 3175.40 
32.665 120 13 04 50
32.665 244 0.74
32.67 22 9.58
32.67 23 6.96
32.67 25 -24.91
32.67 30 0.00
32.67 B1 4021.83 4719.35 
32.67 B3 2383.63 3164.61 
32.67 120 13 04 50
32.67 244 0.74
32.675 22 9.58
32.675 23 6.96
32.675 25 -24.91
32.675 30 0.00
32.675 B1 4014.74 4707.98 
32.675 B3 2377.74 3153.86 
32.675 120 13 04 50
32.675 244 0.74
32.68 22 9.57
32.68 23 6.96
32.68 25 -24.91
32.68 30 0.00
32.68 B1 4007.68 4696.65 
32.68 B3 2371.96 3143.22 
32.68 120 13 04 50
32.68 244 0.74
32.685 22 9.57
32.685 23 6.96
32.685 25 -24.91
32.685 30 0.00
32.685 B1 3999.37 4684.07 
32.685 B3 2365.15 3131.53 
32.685 120 13 04 50
32.685 244 0.74
32.69 22 9.57
32.69 23 6.95
32.69 25 -24.91
32.69 30 0.00
32.69 B1 3991.81 4672.11 
32.69 B3 2359.29 3120.55 
32.69 120 13 04 50
32.69 244 0.74
32.695 22 9.57
32.695 23 6.94
32.695 25 -24.91
32.695 30 0.00
32.695 B1 3984.68 4660.58 
32.695 B3 2353.86 3110.03 
32.695 120 13 04 50
32.695 244 0.74
32.7 22 9.57
32.7 23 6.93
32.7 25 -24.91
32.7 30 0.00
32.7 B1 3977.80 4649.32 
32.7 B3 2348.68 3099.84 
32.7 120 13 04 50
32.7 244 0.74
32.705 22 9.56
32.705 23 6.93
32.705 25 -24.91
32.705 30 0.00
32.705 B1 3971.10 4638.28 
32.705 B3 2343.69 3089.90 
32.705 120 13 04 50
32.705 244 0.74
32.71 22 9.56
32.71 23 6.93
32.71 25 -24.91
32.71 30 0.00
32.71 B1 3964.54 4627.40 
32.71 B3 2338.87 3080.18 
32.71 120 13 04 50
32.71 244 0.74
32.715 22 9.56
32.715 23 6.92
32.715 25 -24.91
32.715 30 0.00
32.715 B1 3958.11 4616.68 
32.715 B3 2334.24 3070.66 
32.715 120 13 04 50
32.715 244 0.74
32.72 22 9.56
32.72 23 6.92
32.72 25 -24.91
32.72 30 0.00
32.72 B1 3951.79 4606.09 
32.72 B3 2329.76 3061.32 
32.72 120 13 04 50
32.72 244 0.74
32.725 22 9.55
32.725 23 6.92
32.725 25 -24.91
32.725 30 0.00
32.725 B1 3944.27 4594.30 
32.725 B3 2324.27 3050.98 
32.725 120 13 04 50
32.725 244 0.74
32.73 22 9.55
32.73 23 6.90
32.73 25 -24.91
32.73 30 0.00
32.73 B1 3938.86 4584.51 
32.73 B3 2320.95 3042.57 
32.73 120 13 04 50
32.73 244 0.74
32.735 22 9.55
32.735 23 6.91
32.735 25 -24.91
32.735 30 0.00
32.735 B1 3933.21 4574.60 
32.735 B3 2317.25 3034.07 
32.735 120 13 04 50
32.735 244 0.74
32.74 22 9.54
32.74 23 6.91
32.74 25 -24.91
32.74 30 0.00
32.74 B1 3927.49 4564.67 
32.74 B3 2313.54 3025.60 
32.74 120 13 04 50
32.74 244 0.74
32.745 22 9.54
32.745 23 6.91
32.745 25 -24.91
32.745 30 0.00
32.745 B1 3920.50 4553.46 
32.745 B3 2308.76 3016.03 
32.745 120 13 04 50
32.745 244 0.74
32.75 22 9.54
32.75 23 6.89
32.75 25 -24.91
32.75 30 0.00
32.75 B1 3914.26 4542.89 
32.75 B3 2304.93 3007.19 
32.75 120 13 04 50
32.75 244 0.74
32.755 22 9.54
32.755 23 6.89
32.755 25 -24.91
32.755 30 0.00
32.755 B1 3908.43 4532.72 
32.755 B3 2301.51 2998.79 
32.755 120 13 04 50
32.755 244 0.74
32.76 22 9.54
32.76 23 6.88
32.76 25 -24.91
32.76 30 0.00
32.76 B1 3902.85 4522.83 
32.76 B3 2298.33 2990.70 
32.76 120 13 04 50
32.76 244 0.74
32.765 22 9.53
32.765 23 6.88
32.765 25 -24.91
32.765 30 0.00
32.765 B1 3897.44 4513.14 
32.765 B3 2295.34 2982.87 
32.765 120 13 04 50
32.765 244 0.74
32.77 22 9.53
32.77 23 6.87
32.77 25 -24.91
32.77 30 0.00
32.77 B1 3892.18 4503.62 
32.77 B3 2292.52 2975.22 
32.77 120 13 04 50
32.77 244 0.74
32.775 22 9.53
32.775 23 6.87
32.775 25 -24.91
32.775 30 0.00
32.775 B1 3887.04 4494.26 
32.775 B3 2289.87 2967.78 
32.775 120 13 04 50
32.775 244 0.74
32.78 22 9.52
32.78 23 6.87
32.78 25 -24.91
32.78 30 0.00
32.78 B1 3882.03 4485.02 
32.78 B3 2287.39 2960.52 
32.78 120 13 04 50
32.78 244 0.74
32.785 22 9.52
32.785 23 6.87
32.785 25 -24.91
32.785 30 0.00
32.785 B1 3877.13 4475.92 
32.785 B3 2285.07 2953.43 
32.785 120 13 04 50
32.785 244 0.74
32.79 22 9.52
32.79 23 6.86
32.79 25 -24.91
32.79 30 0.00
32.79 B1 3872.34 4466.93 
32.79 B3 2282.92 2946.52 
32.79 120 13 04 50
32.79 244 0.73
32.795 22 9.51
32.795 23 6.86
32.795 25 -24.91
32.795 30 0.00
32.795 B1 3866.36 4456.74 
32.795 B3 2279.75 2938.58 
32.795 120 13 04 50
32.795 244 0.73
32.8 22 9.51
32.8 23 6.84
32.8 25 -24.91
32.8 30 0.00
32.8 B1 3861.17 4447.24 
32.8 B3 2277.55 2931.41 
32.8 120 13 04 50
32.8 244 0.73
32.805 22 9.51
32.805 23 6.84
32.805 25 -24.91
32.805 30 0.00
32.805 B1 3856.41 4438.18 
32.805 B3 2275.76 2924.70 
32.805 120 13 04 50
32.805 244 0.73
32.81 22 9.51
32.81 23 6.83
32.81 25 -24.91
32.81 30 0.00
32.81 B1 3851.90 4429.40 
32.81 B3 2274.19 2918.30 
32.81 120 13 04 50
32.81 244 0.73
32.815 22 9.50
32.815 23 6.83
32.815 25 -24.91
32.815 30 0.00
32.815 B1 3847.57 4420.85 
32.815 B3 2272.82 2912.14 
32.815 120 13 04 50
32.815 244 0.73
32.82 22 9.50
32.82 23 6.82
32.82 25 -24.91
32.82 30 0.00
32.82 B1 3843.39 4412.46 
32.82 B3 2271.60 2906.18 
32.82 120 13 04 50
32.82 244 0.73
32.825 22 9.50
32.825 23 6.82
32.825 25 -24.91
32.825 30 0.00
32.825 B1 3839.33 4404.21 
32.825 B3 2270.55 2900.41 
32.825 120 13 04 50
32.825 244 0.73
32.83 22 9.49
32.83 23 6.82
32.83 25 -24.91
32.83 30 0.00
32.83 B1 3835.39 4396.10 
32.83 B3 2269.66 2894.81 
32.83 120 13 04 50
32.83 244 0.73
32.835 22 9.49
32.835 23 6.81
32.835 25 -24.91
32.835 30 0.00
32.835 B1 3831.57 4388.12 
32.835 B3 2268.94 2889.38 
32.835 120 13 04 50
32.835 244 0.73
32.84 22 9.49
32.84 23 6.81
32.84 25 -24.91
32.84 30 0.00
32.84 B1 3827.87 4380.25 
32.84 B3 2268.37 2884.13 
32.84 120 13 04 50
32.84 244 0.73
32.845 22 9.48
32.845 23 6.81
32.845 25 -24.91
32.845 30 0.00
32.845 B1 3824.27 4372.52 
32.845 B3 2267.96 2879.03 
32.845 120 13 04 50
32.845 244 0.73
32.85 22 9.48
32.85 23 6.80
32.85 25 -24.91
32.85 30 0.00
32.85 B1 3820.80 4364.90 
32.85 B3 2267.73 2874.11 
32.85 120 13 04 50
32.85 244 0.73
32.855 22 9.48
32.855 23 6.80
32.855 25 -24.91
32.855 30 0.00
32.855 B1 3817.43 4357.38 
32.855 B3 2267.65 2869.36 
32.855 120 13 04 50
32.855 244 0.73
32.86 22 9.47
32.86 23 6.80
32.86 25 -24.91
32.86 30 0.00
32.86 B1 3814.17 4349.99 
32.86 B3 2267.73 2864.76 
32.86 120 13 04 50
32.86 244 0.73
32.865 22 9.47
32.865 23 6.80
32.865 25 -24.91
32.865 30 0.00
32.865 B1 3811.03 4342.72 
32.865 B3 2267.97 2860.34 
32.865 120 13 04 50
32.865 244 0.73
32.87 22 9.47
32.87 23 6.79
32.87 25 -24.91
32.87 30 0.00
32.87 B1 3808.00 4335.56 
32.87 B3 2268.37 2856.07 
32.87 120 13 04 50
32.87 244 0.73
32.875 22 9.46
32.875 23 6.79
32.875 25 -24.91
32.875 30 0.00
32.875 B1 3805.08 4328.52 
32.875 B3 2268.93 2851.98 
32.875 120 13 04 50
32.875 244 0.73
32.88 22 9.46
32.88 23 6.79
32.88 25 -24.91
32.88 30 0.00
32.88 B1 3802.28 4321.58 
32.88 B3 2269.64 2848.04 
32.88 120 13 04 50
32.88 244 0.73
32.885 22 9.45
32.885 23 6.78
32.885 25 -24.91
32.885 30 0.00
32.885 B1 3799.59 4314.78 
32.885 B3 2270.52 2844.27 
32.885 120 13 04 50
32.885 244 0.73
32.89 22 9.45
32.89 23 6.78
32.89 25 -24.91
32.89 30 0.00
32.89 B1 3795.69 4306.75 
32.89 B3 2270.34 2839.46 
32.89 120 13 04 50
32.89 244 0.73
32.895 22 9.45
32.895 23 6.76
32.895 25 -24.91
32.895 30 0.00
32.895 B1 3792.60 4299.44 
32.895 B3 2271.16 2835.43 
32.895 120 13 04 50
32.895 244 0.73
32.9 22 9.45
32.9 23 6.75
32.9 25 -24.91
32.9 30 0.00
32.9 B1 3791.25 4293.87 
32.9 B3 2273.55 2833.04 
32.9 120 13 04 50
32.9 244 0.73
32.905 22 9.44
32.905 23 6.76
32.905 25 -24.91
32.905 30 0.00
32.905 B1 3789.45 4288.00 
32.905 B3 2275.34 2830.32 
32.905 120 13 04 50
32.905 244 0.73
32.91 22 9.44
32.91 23 6.76
32.91 25 -24.91
32.91 30 0.00
32.91 B1 3786.19 4280.70 
32.91 B3 2275.87 2826.35 
32.91 120 13 04 50
32.91 244 0.73
32.915 22 9.44
32.915 23 6.75
32.915 25 -24.91
32.915 30 0.00
32.915 B1 3783.63 4273.99 
32.915 B3 2277.32 2823.05 
32.915 120 13 04 50
32.915 244 0.73
32.92 22 9.43
32.92 23 6.74
32.92 25 -24.91
32.92 30 0.00
32.92 B1 3782.76 4268.96 
32.92 B3 2280.33 2821.34 
32.92 120 13 04 50
32.92 244 0.73
32.925 22 9.43
32.925 23 6.75
32.925 25 -24.91
32.925 30 0.00
32.925 B1 3781.43 4263.58 
32.925 B3 2282.73 2819.29 
32.925 120 13 04 50
32.925 244 0.73
32.93 22 9.42
32.93 23 6.75
32.93 25 -24.91
32.93 30 0.00
32.93 B1 3779.94 4258.07 
32.93 B3 2285.08 2817.15 
32.93 120 13 04 50
32.93 244 0.73
32.935 22 9.42
32.935 23 6.75
32.935 25 -24.91
32.935 30 0.00
32.935 B1 3778.44 4252.55 
32.935 B3 2287.51 2815.06 
32.935 120 13 04 50
32.935 244 0.73
32.94 22 9.41
32.94 23 6.74
32.94 25 -24.91
32.94 30 0.00
32.94 B1 3777.01 4247.07 
32.94 B3 2290.08 2813.07 
32.94 120 13 04 50
32.94 244 0.73
32.945 22 9.41
32.945 23 6.74
32.945 25 -24.91
32.945 30 0.00
32.945 B1 3775.65 4241.66 
32.945 B3 2292.78 2811.22 
32.945 120 13 04 50
32.945 244 0.73
32.95 22 9.41
32.95 23 6.74
32.95 25 -24.91
32.95 30 0.00
32.95 B1 3774.40 4236.34 
32.95 B3 2295.65 2809.52 
32.95 120 13 04 50
32.95 244 0.73
32.955 22 9.40
32.955 23 6.73
32.955 25 -24.91
32.955 30 0.00
32.955 B1 3773.25 4231.12 
32.955 B3 2298.66 2807.95 
32.955 120 13 04 50
32.955 244 0.73
32.96 22 9.40
32.96 23 6.73
32.96 25 -24.91
32.96 30 0.00
32.96 B1 3772.20 4226.02 
32.96 B3 2301.82 2806.55 
32.96 120 13 04 50
32.96 244 0.73
32.965 22 9.39
32.965 23 6.73
32.965 25 -24.91
32.965 30 0.00
32.965 B1 3771.26 4221.01 
32.965 B3 2305.13 2805.29 
32.965 120 13 04 50
32.965 244 0.73
32.97 22 9.39
32.97 23 6.72
32.97 25 -24.91
32.97 30 0.00
32.97 B1 3769.11 4214.79 
32.97 B3 2307.38 2802.98 
32.97 120 13 04 50
32.97 244 0.73
32.975 22 9.39
32.975 23 6.71
32.975 25 -24.91
32.975 30 0.00
32.975 B1 3769.09 4210.60 
32.975 B3 2311.78 2802.65 
32.975 120 13 04 50
32.975 244 0.73
32.98 22 9.38
32.98 23 6.71
32.98 25 -24.91
32.98 30 0.00
32.98 B1 3768.78 4206.24 
32.98 B3 2315.77 2802.13 
32.98 120 13 04 50
32.98 244 0.73
32.985 22 9.38
32.985 23 6.71
32.985 25 -24.91
32.985 30 0.00
32.985 B1 3767.07 4200.51 
32.985 B3 2318.53 2800.41 
32.985 120 13 04 50
32.985 244 0.73
32.99 22 9.38
32.99 23 6.69
32.99 25 -24.91
32.99 30 0.00
32.99 B1 3766.10 4195.42 
32.99 B3 2322.18 2799.39 
32.99 120 13 04 50
32.99 244 0.73
32.995 22 9.37
32.995 23 6.68
32.995 25 -24.91
32.995 30 0.00
32.995 B1 3766.84 4192.03 
32.995 B3 2327.40 2799.96 
32.995 120 13 04 50
32.995 244 0.73
33 22 9.37
33 23 6.69
33 25 -24.91
33 30 0.00
33 B1 3765.78 4186.97 
33 B3 2330.84 2798.99 
33 120 13 04 50
33 244 0.73
33.005 22 9.37
33.005 23 6.68
33.005 25 -24.91
33.005 30 0.00
33.005 B1 3765.27 4182.38 
33.005 B3 2334.99 2798.54 
33.005 120 13 04 50
33.005 244 0.73
33.01 22 9.36
33.01 23 6.67
33.01 25 -24.91
33.01 30 0.00
33.01 B1 3765.05 4178.09 
33.01 B3 2339.44 2798.42 
33.01 120 13 04 50
33.01 244 0.73
33.015 22 9.36
33.015 23 6.67
33.015 25 -24.91
33.015 30 0.00
33.015 B1 3765.03 4174.01 
33.015 B3 2344.11 2798.54 
33.015 120 13 04 50
33.015 244 0.73
33.02 22 9.36
33.02 23 6.66
33.02 25 -24.91
33.02 30 0.00
33.02 B1 3765.14 4170.08 
33.02 B3 2348.92 2798.82 
33.02 120 13 04 50
33.02 244 0.73
33.025 22 9.35
33.025 23 6.66
33.025 25 -24.91
33.025 30 0.00
33.025 B1 3765.38 4166.28 
33.025 B3 2353.86 2799.28 
33.025 120 13 04 50
33.025 244 0.73
33.03 22 9.35
33.03 23 6.65
33.03 25 -25.00
33.03 30 0.00
33.03 B1 3765.72 4162.61 
33.03 B3 2358.96 2799.89 
33.03 120 13 04 50
33.03 244 0.73
33.035 22 9.35
33.035 23 6.64
33.035 25 -25.00
33.035 30 0.00
33.035 B1 3768.26 4160.75 
33.035 B3 2364.19 2800.64 
33.035 120 13 04 50
33.035 244 0.73
33.04 22 9.34
33.04 23 6.64
33.04 25 -24.91
33.04 30 0.00
33.04 B1 3769.75 4158.19 
33.04 B3 2369.53 2801.52 
33.04 120 13 04 50
33.04 244 0.73
33.045 22 9.33
33.045 23 6.66
33.045 25 -24.91
33.045 30 0.00
33.045 B1 3768.75 4153.63 
33.045 B3 2375.02 2802.55 
33.045 120 13 04 50
33.045 244 0.73
33.05 22 9.33
33.05 23 6.64
33.05 25 -24.91
33.05 30 0.00
33.05 B1 3768.74 4149.73 
33.05 B3 2380.68 2803.74 
33.05 120 13 04 50
33.05 244 0.73
33.055 22 9.33
33.055 23 6.64
33.055 25 -24.91
33.055 30 0.00
33.055 B1 3769.24 4146.25 
33.055 B3 2386.47 2805.07 
33.055 120 13 04 50
33.055 244 0.73
33.06 22 9.33
33.06 23 6.63
33.06 25 -24.91
33.06 30 0.00
33.06 B1 3771.35 4144.35 
33.06 B3 2393.58 2807.74 
33.06 120 13 04 50
33.06 244 0.73
33.065 22 9.32
33.065 23 6.64
33.065 25 -24.91
33.065 30 0.00
33.065 B1 3772.93 4142.03 
33.065 B3 2400.04 2809.93 
33.065 120 13 04 50
33.065 244 0.73
33.07 22 9.32
33.07 23 6.64
33.07 25 -24.91
33.07 30 0.00
33.07 B1 3773.01 4138.21 
33.07 B3 2405.19 2810.77 
33.07 120 13 04 50
33.07 244 0.73
33.075 22 9.32
33.075 23 6.63
33.075 25 -24.91
33.075 30 0.00
33.075 B1 3773.76 4134.96 
33.075 B3 2411.16 2812.24 
33.075 120 13 04 50
33.075 244 0.73
33.08 22 9.32
33.08 23 6.62
33.08 25 -24.91
33.08 30 0.00
33.08 B1 3774.87 4132.06 
33.08 B3 2417.48 2814.07 
33.08 120 13 04 50
33.08 244 0.73
33.085 22 9.32
33.085 23 6.62
33.085 25 -24.91
33.085 30 0.00
33.085 B1 3776.17 4129.38 
33.085 B3 2424.00 2816.15 
33.085 120 13 04 50
33.085 244 0.73
33.09 22 9.32
33.09 23 6.61
33.09 25 -24.91
33.09 30 0.00
33.09 B1 3777.62 4126.87 
33.09 B3 2430.67 2818.41 
33.09 120 13 04 50
33.09 244 0.73
33.095 22 9.31
33.095 23 6.61
33.095 25 -24.91
33.095 30 0.00
33.095 B1 3779.17 4124.49 
33.095 B3 2437.47 2820.83 
33.095 120 13 04 50
33.095 244 0.73
33.1 22 9.31
33.1 23 6.60
33.1 25 -24.91
33.1 30 0.00
33.1 B1 3780.83 4122.23 
33.1 B3 2444.40 2823.40 
33.1 120 13 04 50
33.1 244 0.73
33.105 22 9.31
33.105 23 6.60
33.105 25 -24.91
33.105 30 0.00
33.105 B1 3782.57 4120.07 
33.105 B3 2451.46 2826.10 
33.105 120 13 04 50
33.105 244 0.73
33.11 22 9.31
33.11 23 6.60
33.11 25 -24.91
33.11 30 0.00
33.11 B1 3784.41 4118.01 
33.11 B3 2458.63 2828.95 
33.11 120 13 04 50
33.11 244 0.73
33.115 22 9.31
33.115 23 6.60
33.115 25 -24.91
33.115 30 0.00
33.115 B1 3786.32 4116.05 
33.115 B3 2465.93 2831.94 
33.115 120 13 04 50
33.115 244 0.72
33.12 22 9.31
33.12 23 6.59
33.12 25 -24.91
33.12 30 0.00
33.12 B1 3787.01 4112.87 
33.12 B3 2472.15 2833.86 
33.12 120 13 04 50
33.12 244 0.72
33.125 22 9.31
33.125 23 6.58
33.125 25 -24.91
33.125 30 0.00
33.125 B1 3787.14 4109.07 
33.125 B3 2478.04 2835.33 
33.125 120 13 04 50
33.125 244 0.72
33.13 22 9.31
33.13 23 6.55
33.13 25 -24.91
33.13 30 0.00
33.13 B1 3788.36 4106.29 
33.13 B3 2485.06 2837.85 
33.13 120 13 04 50
33.13 244 0.72
33.135 22 9.31
33.135 23 6.54
33.135 25 -24.91
33.135 30 0.00
33.135 B1 3790.11 4104.10 
33.135 B3 2492.53 2840.91 
33.135 120 13 04 50
33.135 244 0.72
33.14 22 9.31
33.14 23 6.53
33.14 25 -24.91
33.14 30 0.00
33.14 B1 3790.82 4100.92 
33.14 B3 2499.03 2843.10 
33.14 120 13 04 50
33.14 244 0.72
33.145 22 9.32
33.145 23 6.52
33.145 25 -24.91
33.145 30 0.00
33.145 B1 3792.38 4098.57 
33.145 B3 2506.43 2846.13 
33.145 120 13 04 50
33.145 244 0.68
33.15 22 9.32
33.15 23 6.51
33.15 25 -24.91
33.15 30 0.00
33.15 B1 3781.17 4083.50 
33.15 B3 2502.25 2837.65 
33.15 120 13 04 50
33.15 244 0.68
33.155 22 9.35
33.155 23 6.36
33.155 25 -24.91
33.155 30 0.00
33.155 B1 3777.15 4074.87 
33.155 B3 2505.67 2835.59 
33.155 120 13 04 50
33.155 244 0.68
33.16 22 9.37
33.16 23 6.30
33.16 25 -25.00
33.16 30 0.00
33.16 B1 3776.37 4069.63 
33.16 B3 2511.82 2836.60 
33.16 120 13 04 50
33.16 244 0.58
33.165 22 9.38
33.165 23 6.26
33.165 25 -25.00
33.165 30 0.00
33.165 B1 3747.22 4036.00 
33.165 B3 2490.25 2810.40 
33.165 120 13 04 50
33.165 244 0.58
33.17 22 9.46
33.17 23 5.91
33.17 25 -24.91
33.17 30 0.00
33.17 B1 3734.63 4017.57 
33.17 B3 2486.99 2799.89 
33.17 120 13 04 50
33.17 244 0.52
33.175 22 9.49
33.175 23 5.77
33.175 25 -24.91
33.175 30 0.00
33.175 B1 3705.16 3983.00 
33.175 B3 2469.80 2776.39 
33.175 120 13 04 50
33.175 244 0.44
33.18 22 9.57
33.18 23 5.45
33.18 25 -24.91
33.18 30 0.00
33.18 B1 3666.97 3938.89 
33.18 B3 2444.99 2744.40 
33.18 120 13 04 50
33.18 244 0.44
33.185 22 9.67
33.185 23 5.03
33.185 25 -24.91
33.185 30 0.00
33.185 B1 3649.61 3914.87 
33.185 B3 2439.82 2731.14 
33.185 120 13 04 50
33.185 244 0.29
33.19 22 9.72
33.19 23 4.85
33.19 25 -24.91
33.19 30 0.00
33.19 B1 3589.79 3849.44 
33.19 B3 2394.52 2679.63 
33.19 120 13 04 50
33.19 244 0.29
33.195 22 9.87
33.195 23 4.20
33.195 25 -24.91
33.195 30 0.00
33.195 B1 3562.10 3814.39 
33.195 B3 2381.44 2657.43 
33.195 120 13 04 50
33.195 244 0.22
33.2 22 9.94
33.2 23 3.93
33.2 25 -24.91
33.2 30 0.00
33.2 B1 3524.37 3770.55 
33.2 B3 2357.30 2626.46 
33.2 120 13 04 50
33.2 244 0.11
33.205 22 10.03
33.205 23 3.55
33.205 25 -24.91
33.205 30 0.00
33.205 B1 3468.56 3708.85 
33.205 B3 2316.91 2579.40 
33.205 120 13 04 50
33.205 244 0.11
33.21 22 10.17
33.21 23 2.98
33.21 25 -24.91
33.21 30 0.00
33.21 B1 3440.89 3674.63 
33.21 B3 2303.46 2558.16 
33.21 120 13 04 50
33.21 244 0.07
33.215 22 10.23
33.215 23 2.74
33.215 25 -24.91
33.215 30 0.00
33.215 B1 3413.39 3641.97 
33.215 B3 2288.09 2537.25 
33.215 120 13 04 50
33.215 244 0.04
33.22 22 10.29
33.22 23 2.51
33.22 25 -24.91
33.22 30 0.00
33.22 B1 3388.26 3612.47 
33.22 B3 2274.05 2518.59 
33.22 120 13 04 50
33.22 244 0.02
33.225 22 10.35
33.225 23 2.31
33.225 25 -24.91
33.225 30 0.00
33.225 B1 3365.23 3585.68 
33.225 B3 2261.35 2501.92 
33.225 120 13 04 50
33.225 244 0.02
33.23 22 10.39
33.23 23 2.14
33.23 25 -24.91
33.23 30 0.00
33.23 B1 3350.82 3567.99 
33.23 B3 2256.02 2493.12 
33.23 120 13 04 50
33.23 244 0.00
33.235 22 10.42
33.235 23 2.07
33.235 25 -24.91
33.235 30 0.00
33.235 B1 3335.04 3549.67 
33.235 B3 2248.58 2483.13 
33.235 120 13 04 50
33.235 244 0.00
33.24 22 10.44
33.24 23 1.98
33.24 25 -24.91
33.24 30 0.00
33.24 B1 3322.48 3534.92 
33.24 B3 2243.81 2476.11 
33.24 120 13 04 50
33.24 244 0.00
33.245 22 10.46
33.245 23 1.93
33.245 25 -24.91
33.245 30 0.00
33.245 B1 3312.70 3523.31 
33.245 B3 2241.20 2471.65 
33.245 120 13 04 50
33.245 244 0.00
33.25 22 10.47
33.25 23 1.90
33.25 25 -24.91
33.25 30 0.00
33.25 B1 3304.22 3513.37 
33.25 B3 2239.43 2468.42 
33.25 120 13 04 50
33.25 244 0.00
33.255 22 10.48
33.255 23 1.89
33.255 25 -24.91
33.255 30 0.00
33.255 B1 3296.36 3504.31 
33.255 B3 2237.98 2465.79 
33.255 120 13 04 50
33.255 244 0.00
33.26 22 10.49
33.26 23 1.89
33.26 25 -24.91
33.26 30 0.00
33.26 B1 3288.79 3495.74 
33.26 B3 2236.67 2463.48 
33.26 120 13 04 50
33.26 244 0.00
33.265 22 10.49
33.265 23 1.89
33.265 25 -24.91
33.265 30 0.00
33.265 B1 3281.38 3487.44 
33.265 B3 2235.44 2461.34 
33.265 120 13 04 50
33.265 244 0.00
33.27 22 10.50
33.27 23 1.90
33.27 25 -24.91
33.27 30 0.00
33.27 B1 3274.05 3479.30 
33.27 B3 2234.26 2459.31 
33.27 120 13 04 50
33.27 244 0.00
33.275 22 10.51
33.275 23 1.90
33.275 25 -24.91
33.275 30 0.00
33.275 B1 3266.76 3471.26 
33.275 B3 2233.12 2457.36 
33.275 120 13 04 50
33.275 244 0.00
33.28 22 10.51
33.28 23 1.90
33.28 25 -24.91
33.28 30 0.00
33.28 B1 3259.51 3463.29 
33.28 B3 2232.01 2455.49 
33.28 120 13 04 50
33.28 244 0.00
33.285 22 10.52
33.285 23 1.91
33.285 25 -24.91
33.285 30 0.00
33.285 B1 3252.28 3455.37 
33.285 B3 2230.95 2453.67 
33.285 120 13 04 50
33.285 244 0.00
33.29 22 10.53
33.29 23 1.91
33.29 25 -24.91
33.29 30 0.00
33.29 B1 3245.07 3447.50 
33.29 B3 2229.91 2451.91 
33.29 120 13 04 50
33.29 244 0.00
33.295 22 10.53
33.295 23 1.92
33.295 25 -24.91
33.295 30 0.00
33.295 B1 3237.87 3439.67 
33.295 B3 2228.91 2450.21 
33.295 120 13 04 50
33.295 244 0.00
33.3 22 10.54
33.3 23 1.92
33.3 25 -24.91
33.3 30 0.00
33.3 B1 3230.69 3431.87 
33.3 B3 2227.95 2448.57 
33.3 120 13 04 50
33.3 244 0.00
33.305 22 10.55
33.305 23 1.93
33.305 25 -24.91
33.305 30 0.00
33.305 B1 3223.51 3424.11 
33.305 B3 2227.01 2446.99 
33.305 120 13 04 50
33.305 244 0.00
33.31 22 10.56
33.31 23 1.93
33.31 25 -24.91
33.31 30 0.00
33.31 B1 3216.35 3416.39 
33.31 B3 2226.10 2445.47 
33.31 120 13 04 50
33.31 244 0.00
33.315 22 10.56
33.315 23 1.94
33.315 25 -24.91
33.315 30 0.00
33.315 B1 3209.20 3408.71 
33.315 B3 2225.23 2444.01 
33.315 120 13 04 50
33.315 244 0.00
33.32 22 10.57
33.32 23 1.95
33.32 25 -24.91
33.32 30 0.00
33.32 B1 3202.05 3401.06 
33.32 B3 2224.38 2442.61 
33.32 120 13 04 50
33.32 244 0.00
33.325 22 10.58
33.325 23 1.95
33.325 25 -24.91
33.325 30 0.00
33.325 B1 3194.90 3393.45 
33.325 B3 2223.56 2441.27 
33.325 120 13 04 50
33.325 244 0.00
33.33 22 10.59
33.33 23 1.96
33.33 25 -24.91
33.33 30 0.00
33.33 B1 3187.76 3385.87 
33.33 B3 2222.77 2440.00 
33.33 120 13 04 50
33.33 244 0.00
33.335 22 10.60
33.335 23 1.97
33.335 25 -24.91
33.335 30 0.00
33.335 B1 3180.62 3378.33 
33.335 B3 2221.99 2438.79 
33.335 120 13 04 50
33.335 244 0.00
33.34 22 10.61
33.34 23 1.97
33.34 25 -24.91
33.34 30 0.00
33.34 B1 3173.48 3370.83 
33.34 B3 2221.25 2437.64 
33.34 120 13 04 50
33.34 244 0.00
33.345 22 10.62
33.345 23 1.98
33.345 25 -24.91
33.345 30 0.00
33.345 B1 3166.34 3363.36 
33.345 B3 2220.52 2436.55 
33.345 120 13 04 50
33.345 244 0.00
33.35 22 10.64
33.35 23 1.99
33.35 25 -24.91
33.35 30 0.00
33.35 B1 3159.19 3355.93 
33.35 B3 2219.82 2435.53 
33.35 120 13 04 50
33.35 244 0.00
33.355 22 10.65
33.355 23 2.00
33.355 25 -24.91
33.355 30 0.00
33.355 B1 3152.05 3348.53 
33.355 B3 2219.13 2434.57 
33.355 120 13 04 50
33.355 244 0.00
33.36 22 10.66
33.36 23 2.01
33.36 25 -24.91
33.36 30 0.00
33.36 B1 3144.89 3341.17 
33.36 B3 2218.46 2433.68 
33.36 120 13 04 50
33.36 244 0.00
33.365 22 10.67
33.365 23 2.01
33.365 25 -24.91
33.365 30 0.00
33.365 B1 3137.73 3333.84 
33.365 B3 2217.81 2432.85 
33.365 120 13 04 50
33.365 244 0.00
33.37 22 10.69
33.37 23 2.02
33.37 25 -24.91
33.37 30 0.00
33.37 B1 3130.56 3326.55 
33.37 B3 2217.18 2432.09 
33.37 120 13 04 50
33.37 244 0.00
33.375 22 10.70
33.375 23 2.03
33.375 25 -24.91
33.375 30 0.00
33.375 B1 3123.37 3319.30 
33.375 B3 2216.56 2431.39 
33.375 120 13 04 50
33.375 244 0.00
33.38 22 10.71
33.38 23 2.04
33.38 25 -24.91
33.38 30 0.00
33.38 B1 3116.18 3312.08 
33.38 B3 2215.96 2430.76 
33.38 120 13 04 50
33.38 244 0.00
33.385 22 10.73
33.385 23 2.05
33.385 25 -24.91
33.385 30 0.00
33.385 B1 3108.97 3304.90 
33.385 B3 2215.36 2430.19 
33.385 120 13 04 50
33.385 244 0.00
33.39 22 10.74
33.39 23 2.06
33.39 25 -24.91
33.39 30 0.00
33.39 B1 3101.75 3297.75 
33.39 B3 2214.78 2429.69 
33.39 120 13 04 50
33.39 244 0.00
33.395 22 10.76
33.395 23 2.07
33.395 25 -24.91
33.395 30 0.00
33.395 B1 3094.51 3290.63 
33.395 B3 2214.21 2429.25 
33.395 120 13 04 50
33.395 244 0.00
33.4 22 10.77
33.4 23 2.08
33.4 25 -24.91
33.4 30 0.00
33.4 B1 3087.25 3283.55 
33.4 B3 2213.65 2428.88 
33.4 120 13 04 50
33.4 244 0.00
33.405 22 10.79
33.405 23 2.09
33.405 25 -24.91
33.405 30 0.00
33.405 B1 3079.98 3276.51 
33.405 B3 2213.10 2428.57 
33.405 120 13 04 50
33.405 244 0.00
33.41 22 10.81
33.41 23 2.10
33.41 25 -24.91
33.41 30 0.00
33.41 B1 3072.69 3269.49 
33.41 B3 2212.55 2428.33 
33.41 120 13 04 50
33.41 244 0.00
33.415 22 10.82
33.415 23 2.11
33.415 25 -24.91
33.415 30 0.00
33.415 B1 3065.38 3262.51 
33.415 B3 2212.01 2428.16 
33.415 120 13 04 50
33.415 244 0.00
33.42 22 10.84
33.42 23 2.12
33.42 25 -24.91
33.42 30 0.00
33.42 B1 3058.04 3255.57 
33.42 B3 2211.47 2428.04 
33.42 120 13 04 50
33.42 244 0.00
33.425 22 10.86
33.425 23 2.13
33.425 25 -24.91
33.425 30 0.00
33.425 B1 3050.69 3248.66 
33.425 B3 2210.94 2428.00 
33.425 120 13 04 50
33.425 244 0.00
33.43 22 10.88
33.43 23 2.14
33.43 25 -24.91
33.43 30 0.00
33.43 B1 3043.30 3241.78 
33.43 B3 2210.41 2428.01 
33.43 120 13 04 50
33.43 244 0.00
33.435 22 10.89
33.435 23 2.16
33.435 25 -24.91
33.435 30 0.00
33.435 B1 3035.90 3234.93 
33.435 B3 2209.89 2428.09 
33.435 120 13 04 50
33.435 244 0.00
33.44 22 10.91
33.44 23 2.17
33.44 25 -24.91
33.44 30 0.00
33.44 B1 3028.47 3228.11 
33.44 B3 2209.36 2428.24 
33.44 120 13 04 50
33.44 244 0.00
33.445 22 10.93
33.445 23 2.18
33.445 25 -24.91
33.445 30 0.00
33.445 B1 3021.02 3221.33 
33.445 B3 2208.84 2428.44 
33.445 120 13 04 50
33.445 244 0.00
33.45 22 10.95
33.45 23 2.19
33.45 25 -24.91
33.45 30 0.00
33.45 B1 3013.54 3214.58 
33.45 B3 2208.31 2428.71 
33.45 120 13 04 50
33.45 244 0.00
33.455 22 10.97
33.455 23 2.20
33.455 25 -24.91
33.455 30 0.00
33.455 B1 3006.03 3207.85 
33.455 B3 2207.79 2429.04 
33.455 120 13 04 50
33.455 244 0.00
33.46 22 10.99
33.46 23 2.21
33.46 25 -24.91
33.46 30 0.00
33.46 B1 2998.49 3201.16 
33.46 B3 2207.26 2429.43 
33.46 120 13 04 50
33.46 244 0.00
33.465 22 11.01
33.465 23 2.22
33.465 25 -24.91
33.465 30 0.00
33.465 B1 2990.93 3194.50 
33.465 B3 2206.73 2429.88 
33.465 120 13 04 50
33.465 244 0.00
33.47 22 11.03
33.47 23 2.24
33.47 25 -24.91
33.47 30 0.00
33.47 B1 2983.34 3187.87 
33.47 B3 2206.19 2430.39 
33.47 120 13 04 50
33.47 244 0.00
33.475 22 11.05
33.475 23 2.25
33.475 25 -24.91
33.475 30 0.00
33.475 B1 2975.73 3181.27 
33.475 B3 2205.65 2430.96 
33.475 120 13 04 50
33.475 244 0.00
33.48 22 11.07
33.48 23 2.26
33.48 25 -24.91
33.48 30 0.00
33.48 B1 2968.08 3174.69 
33.48 B3 2205.11 2431.58 
33.48 120 13 04 50
33.48 244 0.00
33.485 22 11.09
33.485 23 2.27
33.485 25 -24.91
33.485 30 0.00
33.485 B1 2960.40 3168.15 
33.485 B3 2204.56 2432.26 
33.485 120 13 04 50
33.485 244 0.00
33.49 22 11.11
33.49 23 2.28
33.49 25 -24.91
33.49 30 0.00
33.49 B1 2952.70 3161.63 
33.49 B3 2204.01 2433.00 
33.49 120 13 04 50
33.49 244 0.00
33.495 22 11.13
33.495 23 2.29
33.495 25 -24.91
33.495 30 0.00
33.495 B1 2944.97 3155.15 
33.495 B3 2203.45 2433.79 
33.495 120 13 04 50
33.495 244 0.00
33.5 22 11.14
33.5 23 2.31
33.5 25 -24.91
33.5 30 0.00
33.5 B1 2937.22 3148.69 
33.5 B3 2202.88 2434.64 
33.5 120 13 04 50
33.5 244 0.00
33.505 22 11.16
33.505 23 2.32
33.505 25 -24.91
33.505 30 0.00
33.505 B1 2929.43 3142.26 
33.505 B3 2202.30 2435.54 
33.505 120 13 04 50
33.505 244 0.00
33.51 22 11.18
33.51 23 2.33
33.51 25 -24.91
33.51 30 0.00
33.51 B1 2921.62 3135.85 
33.51 B3 2201.72 2436.48 
33.51 120 13 04 50
33.51 244 0.00
33.515 22 11.20
33.515 23 2.34
33.515 25 -24.91
33.515 30 0.00
33.515 B1 2913.79 3129.47 
33.515 B3 2201.13 2437.48 
33.515 120 13 04 50
33.515 244 0.00
33.52 22 11.22
33.52 23 2.35
33.52 25 -24.91
33.52 30 0.00
33.52 B1 2905.92 3123.12 
33.52 B3 2200.53 2438.53 
33.52 120 13 04 50
33.52 244 0.00
33.525 22 11.23
33.525 23 2.36
33.525 25 -24.91
33.525 30 0.00
33.525 B1 2898.04 3116.79 
33.525 B3 2199.92 2439.62 
33.525 120 13 04 50
33.525 244 0.00
33.53 22 11.25
33.53 23 2.37
33.53 25 -24.91
33.53 30 0.00
33.53 B1 2890.13 3110.49 
33.53 B3 2199.31 2440.75 
33.53 120 13 04 50
33.53 244 0.00
33.535 22 11.27
33.535 23 2.38
33.535 25 -24.91
33.535 30 0.00
33.535 B1 2882.20 3104.22 
33.535 B3 2198.68 2441.93 
33.535 120 13 04 50
33.535 244 0.00
33.54 22 11.28
33.54 23 2.39
33.54 25 -24.91
33.54 30 0.00
33.54 B1 2874.25 3097.97 
33.54 B3 2198.05 2443.15 
33.54 120 13 04 50
33.54 244 0.00
33.545 22 11.30
33.545 23 2.40
33.545 25 -24.91
33.545 30 0.00
33.545 B1 2866.28 3091.74 
33.545 B3 2197.41 2444.41 
33.545 120 13 04 50
33.545 244 0.00
33.55 22 11.31
33.55 23 2.41
33.55 25 -24.91
33.55 30 0.00
33.55 B1 2858.29 3085.54 
33.55 B3 2196.77 2445.71 
33.55 120 13 04 50
33.55 244 0.00
33.555 22 11.32
33.555 23 2.42
33.555 25 -24.91
33.555 30 0.00
33.555 B1 2850.29 3079.36 
33.555 B3 2196.11 2447.05 
33.555 120 13 04 50
33.555 244 0.00
33.56 22 11.33
33.56 23 2.42
33.56 25 -24.91
33.56 30 0.00
33.56 B1 2842.27 3073.21 
33.56 B3 2195.45 2448.41 
33.56 120 13 04 50
33.56 244 0.00
33.565 22 11.34
33.565 23 2.43
33.565 25 -24.91
33.565 30 0.00
33.565 B1 2834.24 3067.08 
33.565 B3 2194.78 2449.81 
33.565 120 13 04 50
33.565 244 0.00
33.57 22 11.35
33.57 23 2.44
33.57 25 -24.91
33.57 30 0.00
33.57 B1 2826.21 3060.97 
33.57 B3 2194.10 2451.24 
33.57 120 13 04 50
33.57 244 0.00
33.575 22 11.36
33.575 23 2.45
33.575 25 -24.91
33.575 30 0.00
33.575 B1 2818.16 3054.88 
33.575 B3 2193.42 2452.69 
33.575 120 13 04 50
33.575 244 0.00
33.58 22 11.37
33.58 23 2.45
33.58 25 -24.91
33.58 30 0.00
33.58 B1 2810.11 3048.82 
33.58 B3 2192.73 2454.17 
33.58 120 13 04 50
33.58 244 0.00
33.585 22 11.37
33.585 23 2.46
33.585 25 -24.91
33.585 30 0.00
33.585 B1 2802.06 3042.78 
33.585 B3 2192.03 2455.67 
33.585 120 13 04 50
33.585 244 0.00
33.59 22 11.38
33.59 23 2.46
33.59 25 -24.91
33.59 30 0.00
33.59 B1 2794.01 3036.75 
33.59 B3 2191.34 2457.18 
33.59 120 13 04 50
33.59 244 0.00
33.595 22 11.38
33.595 23 2.46
33.595 25 -24.91
33.595 30 0.00
33.595 B1 2785.96 3030.75 
33.595 B3 2190.64 2458.71 
33.595 120 13 04 50
33.595 244 0.00
33.6 22 11.37
33.6 23 2.46
33.6 25 -24.91
33.6 30 0.00
33.6 B1 2777.93 3024.77 
33.6 B3 2189.93 2460.26 
33.6 120 13 04 50
33.6 244 0.00
33.605 22 11.36
33.605 23 2.46
33.605 25 -24.91
33.605 30 0.00
33.605 B1 2769.91 3018.81 
33.605 B3 2189.23 2461.80 
33.605 120 13 04 50
33.605 244 0.00
33.61 22 11.34
33.61 23 2.45
33.61 25 -24.91
33.61 30 0.00
33.61 B1 2761.93 3012.86 
33.61 B3 2188.54 2463.33 
33.61 120 13 04 50
33.61 244 0.00
33.615 22 11.32
33.615 23 2.45
33.615 25 -24.91
33.615 30 0.00
33.615 B1 2753.99 3006.93 
33.615 B3 2187.86 2464.84 
33.615 120 13 04 50
33.615 244 0.00
33.62 22 11.29
33.62 23 2.43
33.62 25 -24.91
33.62 30 0.00
33.62 B1 2746.12 3001.00 
33.62 B3 2187.20 2466.32 
33.62 120 13 04 50
33.62 244 0.00
33.625 22 11.26
33.625 23 2.42
33.625 25 -24.91
33.625 30 0.00
33.625 B1 2738.31 2995.08 
33.625 B3 2186.55 2467.75 
33.625 120 13 04 50
33.625 244 0.00
33.63 22 11.22
33.63 23 2.40
33.63 25 -24.91
33.63 30 0.00
33.63 B1 2730.60 2989.16 
33.63 B3 2185.94 2469.11 
33.63 120 13 04 50
33.63 244 0.00
33.635 22 11.17
33.635 23 2.38
33.635 25 -24.91
33.635 30 0.00
33.635 B1 2722.99 2983.25 
33.635 B3 2185.35 2470.41 
33.635 120 13 04 50
33.635 244 0.00
33.64 22 11.12
33.64 23 2.36
33.64 25 -24.91
33.64 30 0.00
33.64 B1 2715.48 2977.34 
33.64 B3 2184.81 2471.63 
33.64 120 13 04 50
33.64 244 0.00
33.645 22 11.07
33.645 23 2.34
33.645 25 -24.91
33.645 30 0.00
33.645 B1 2708.10 2971.42 
33.645 B3 2184.30 2472.75 
33.645 120 13 04 50
33.645 244 0.00
33.65 22 11.01
33.65 23 2.31
33.65 25 -24.91
33.65 30 0.00
33.65 B1 2700.85 2965.50 
33.65 B3 2183.84 2473.78 
33.65 120 13 04 50
33.65 244 0.00
33.655 22 10.95
33.655 23 2.29
33.655 25 -24.91
33.655 30 0.00
33.655 B1 2693.74 2959.58 
33.655 B3 2183.43 2474.70 
33.655 120 13 04 50
33.655 244 0.00
33.66 22 10.88
33.66 23 2.26
33.66 25 -24.91
33.66 30 0.00
33.66 B1 2686.78 2953.65 
33.66 B3 2183.08 2475.51 
33.66 120 13 04 50
33.66 244 0.00
33.665 22 10.80
33.665 23 2.22
33.665 25 -24.91
33.665 30 0.00
33.665 B1 2679.98 2947.71 
33.665 B3 2182.78 2476.20 
33.665 120 13 04 50
33.665 244 0.00
33.67 22 10.72
33.67 23 2.19
33.67 25 -24.91
33.67 30 0.00
33.67 B1 2673.34 2941.76 
33.67 B3 2182.55 2476.76 
33.67 120 13 04 50
33.67 244 0.00
33.675 22 10.63
33.675 23 2.15
33.675 25 -24.91
33.675 30 0.00
33.675 B1 2666.89 2935.80 
33.675 B3 2182.38 2477.18 
33.675 120 13 04 50
33.675 244 0.00
33.68 22 10.54
33.68 23 2.11
33.68 25 -24.91
33.68 30 0.00
33.68 B1 2660.63 2929.83 
33.68 B3 2182.28 2477.45 
33.68 120 13 04 50
33.68 244 0.00
33.685 22 10.45
33.685 23 2.06
33.685 25 -24.91
33.685 30 0.00
33.685 B1 2654.56 2923.84 
33.685 B3 2182.25 2477.57 
33.685 120 13 04 50
33.685 244 0.00
33.69 22 10.35
33.69 23 2.02
33.69 25 -24.91
33.69 30 0.00
33.69 B1 2648.70 2917.84 
33.69 B3 2182.29 2477.53 
33.69 120 13 04 50
33.69 244 0.00
33.695 22 10.24
33.695 23 1.97
33.695 25 -24.91
33.695 30 0.00
33.695 B1 2643.04 2911.83 
33.695 B3 2182.41 2477.32 
33.695 120 13 04 50
33.695 244 0.00
33.7 22 10.14
33.7 23 1.92
33.7 25 -24.91
33.7 30 0.00
33.7 B1 2637.59 2905.79 
33.7 B3 2182.61 2476.94 
33.7 120 13 04 50
33.7 244 0.00
33.705 22 10.03
33.705 23 1.87
33.705 25 -24.91
33.705 30 0.00
33.705 B1 2632.35 2899.75 
33.705 B3 2182.89 2476.40 
33.705 120 13 04 50
33.705 244 0.00
33.71 22 9.93
33.71 23 1.83
33.71 25 -24.91
33.71 30 0.00
33.71 B1 2627.33 2893.68 
33.71 B3 2183.25 2475.69 
33.71 120 13 04 50
33.71 244 0.00
33.715 22 9.82
33.715 23 1.78
33.715 25 -24.91
33.715 30 0.00
33.715 B1 2622.53 2887.60 
33.715 B3 2183.70 2474.80 
33.715 120 13 04 50
33.715 244 0.00
33.72 22 9.71
33.72 23 1.73
33.72 25 -24.91
33.72 30 0.00
33.72 B1 2617.94 2881.51 
33.72 B3 2184.22 2473.75 
33.72 120 13 04 50
33.72 244 0.00
33.725 22 9.60
33.725 23 1.68
33.725 25 -24.91
33.725 30 0.00
33.725 B1 2613.57 2875.40 
33.725 B3 2184.84 2472.53 
33.725 120 13 04 50
33.725 244 0.00
33.73 22 9.49
33.73 23 1.63
33.73 25 -24.91
33.73 30 0.00
33.73 B1 2609.41 2869.27 
33.73 B3 2185.55 2471.15 
33.73 120 13 04 50
33.73 244 0.00
33.735 22 9.39
33.735 23 1.58
33.735 25 -24.91
33.735 30 0.00
33.735 B1 2605.46 2863.13 
33.735 B3 2186.34 2469.60 
33.735 120 13 04 50
33.735 244 0.00
33.74 22 9.28
33.74 23 1.53
33.74 25 -24.91
33.74 30 0.00
33.74 B1 2601.73 2856.98 
33.74 B3 2187.22 2467.90 
33.74 120 13 04 50
33.74 244 0.00
33.745 22 9.17
33.745 23 1.48
33.745 25 -24.91
33.745 30 0.00
33.745 B1 2598.21 2850.82 
33.745 B3 2188.19 2466.04 
33.745 120 13 04 50
33.745 244 0.00
33.75 22 9.07
33.75 23 1.43
33.75 25 -24.91
33.75 30 0.00
33.75 B1 2594.89 2844.64 
33.75 B3 2189.25 2464.03 
33.75 120 13 04 50
33.75 244 0.00
33.755 22 8.96
33.755 23 1.38
33.755 25 -24.91
33.755 30 0.00
33.755 B1 2591.78 2838.45 
33.755 B3 2190.41 2461.87 
33.755 120 13 04 50
33.755 244 0.00
33.76 22 8.86
33.76 23 1.34
33.76 25 -24.91
33.76 30 0.00
33.76 B1 2588.87 2832.25 
33.76 B3 2191.65 2459.57 
33.76 120 13 04 50
33.76 244 0.00
33.765 22 8.76
33.765 23 1.29
33.765 25 -24.91
33.765 30 0.00
33.765 B1 2586.15 2826.05 
33.765 B3 2192.99 2457.14 
33.765 120 13 04 50
33.765 244 0.00
33.77 22 8.66
33.77 23 1.24
33.77 25 -24.91
33.77 30 0.00
33.77 B1 2583.63 2819.83 
33.77 B3 2194.42 2454.57 
33.77 120 13 04 50
33.77 244 0.00
33.775 22 8.56
33.775 23 1.20
33.775 25 -24.91
33.775 30 0.00
33.775 B1 2581.30 2813.61 
33.775 B3 2195.95 2451.88 
33.775 120 13 04 50
33.775 244 0.00
33.78 22 8.46
33.78 23 1.15
33.78 25 -24.91
33.78 30 0.00
33.78 B1 2579.15 2807.38 
33.78 B3 2197.56 2449.06 
33.78 120 13 04 50
33.78 244 0.00
33.785 22 8.37
33.785 23 1.11
33.785 25 -24.91
33.785 30 0.00
33.785 B1 2577.19 2801.14 
33.785 B3 2199.27 2446.13 
33.785 120 13 04 50
33.785 244 0.00
33.79 22 8.28
33.79 23 1.07
33.79 25 -24.91
33.79 30 0.00
33.79 B1 2575.40 2794.89 
33.79 B3 2201.08 2443.08 
33.79 120 13 04 50
33.79 244 0.00
33.795 22 8.18
33.795 23 1.02
33.795 25 -24.91
33.795 30 0.00
33.795 B1 2573.79 2788.64 
33.795 B3 2202.97 2439.93 
33.795 120 13 04 50
33.795 244 0.00
33.8 22 8.09
33.8 23 0.98
33.8 25 -24.91
33.8 30 0.00
33.8 B1 2572.35 2782.39 
33.8 B3 2204.96 2436.67 
33.8 120 13 04 50
33.8 244 0.00
33.805 22 8.00
33.805 23 0.94
33.805 25 -24.91
33.805 30 0.00
33.805 B1 2571.08 2776.13 
33.805 B3 2207.04 2433.32 
33.805 120 13 04 50
33.805 244 0.00
33.81 22 7.92
33.81 23 0.90
33.81 25 -24.91
33.81 30 0.00
33.81 B1 2569.97 2769.87 
33.81 B3 2209.22 2429.88 
33.81 120 13 04 50
33.81 244 0.00
33.815 22 7.83
33.815 23 0.86
33.815 25 -24.91
33.815 30 0.00
33.815 B1 2569.02 2763.60 
33.815 B3 2211.49 2426.34 
33.815 120 13 04 50
33.815 244 0.00
33.82 22 7.75
33.82 23 0.82
33.82 25 -24.91
33.82 30 0.00
33.82 B1 2568.23 2757.33 
33.82 B3 2213.85 2422.72 
33.82 120 13 04 50
33.82 244 0.00
33.825 22 7.66
33.825 23 0.78
33.825 25 -24.91
33.825 30 0.00
33.825 B1 2567.59 2751.06 
33.825 B3 2216.30 2419.02 
33.825 120 13 04 50
33.825 244 0.00
33.83 22 7.58
33.83 23 0.74
33.83 25 -24.91
33.83 30 0.00
33.83 B1 2567.10 2744.79 
33.83 B3 2218.85 2415.25 
33.83 120 13 04 50
33.83 244 0.00
33.835 22 7.50
33.835 23 0.71
33.835 25 -24.91
33.835 30 0.00
33.835 B1 2566.75 2738.51 
33.835 B3 2221.49 2411.40 
33.835 120 13 04 50
33.835 244 0.00
33.84 22 7.42
33.84 23 0.67
33.84 25 -24.91
33.84 30 0.00
33.84 B1 2566.55 2732.23 
33.84 B3 2224.22 2407.48 
33.84 120 13 04 50
33.84 244 0.00
33.845 22 7.34
33.845 23 0.63
33.845 25 -24.91
33.845 30 0.00
33.845 B1 2566.49 2725.95 
33.845 B3 2227.05 2403.50 
33.845 120 13 04 50
33.845 244 0.00
33.85 22 7.27
33.85 23 0.60
33.85 25 -24.91
33.85 30 0.00
33.85 B1 2566.56 2719.67 
33.85 B3 2229.96 2399.45 
33.85 120 13 04 50
33.85 244 0.00
33.855 22 7.19
33.855 23 0.56
33.855 25 -25.00
33.855 30 0.00
33.855 B1 2566.77 2713.39 
33.855 B3 2232.97 2395.35 
33.855 120 13 04 50
33.855 244 0.00
33.86 22 7.06
33.86 23 0.50
33.86 25 -24.91
33.86 30 0.00
33.86 B1 2567.32 2707.24 
33.86 B3 2236.06 2391.19 
33.86 120 13 04 50
33.86 244 0.00
33.865 22 7.04
33.865 23 0.50
33.865 25 -24.91
33.865 30 0.00
33.865 B1 2567.72 2700.86 
33.865 B3 2239.27 2386.92 
33.865 120 13 04 50
33.865 244 0.00
33.87 22 6.97
33.87 23 0.46
33.87 25 -24.91
33.87 30 0.00
33.87 B1 2568.28 2694.53 
33.87 B3 2242.55 2382.63 
33.87 120 13 04 50
33.87 244 0.00
33.875 22 6.90
33.875 23 0.43
33.875 25 -24.91
33.875 30 0.00
33.875 B1 2568.98 2688.22 
33.875 B3 2245.93 2378.31 
33.875 120 13 04 50
33.875 244 0.00
33.88 22 6.84
33.88 23 0.40
33.88 25 -24.91
33.88 30 0.00
33.88 B1 2569.81 2681.92 
33.88 B3 2249.39 2373.95 
33.88 120 13 04 50
33.88 244 0.00
33.885 22 6.77
33.885 23 0.36
33.885 25 -24.91
33.885 30 0.00
33.885 B1 2570.76 2675.61 
33.885 B3 2252.95 2369.54 
33.885 120 13 04 50
33.885 244 0.00
33.89 22 6.71
33.89 23 0.33
33.89 25 -24.91
33.89 30 0.00
33.89 B1 2571.83 2669.30 
33.89 B3 2256.60 2365.09 
33.89 120 13 04 50
33.89 244 0.00
33.895 22 6.65
33.895 23 0.30
33.895 25 -24.91
33.895 30 0.00
33.895 B1 2573.02 2662.97 
33.895 B3 2260.35 2360.59 
33.895 120 13 04 50
33.895 244 0.00
33.9 22 6.59
33.9 23 0.27
33.9 25 -24.91
33.9 30 0.00
33.9 B1 2574.34 2656.63 
33.9 B3 2264.19 2356.05 
33.9 120 13 04 50
33.9 244 0.00
33.905 22 6.54
33.905 23 0.24
33.905 25 -24.91
33.905 30 0.00
33.905 B1 2575.77 2650.27 
33.905 B3 2268.14 2351.45 
33.905 120 13 04 50
33.905 244 0.00
33.91 22 6.49
33.91 23 0.21
33.91 25 -24.91
33.91 30 0.00
33.91 B1 2577.32 2643.89 
33.91 B3 2272.20 2346.80 
33.91 120 13 04 50
33.91 244 0.00
33.915 22 6.44
33.915 23 0.18
33.915 25 -24.91
33.915 30 0.00
33.915 B1 2579.00 2637.49 
33.915 B3 2276.37 2342.10 
33.915 120 13 04 50
33.915 244 0.00
33.92 22 6.40
33.92 23 0.15
33.92 25 -24.91
33.92 30 0.00
33.92 B1 2580.80 2631.06 
33.92 B3 2280.64 2337.34 
33.92 120 13 04 50
33.92 244 0.00
33.925 22 6.36
33.925 23 0.12
33.925 25 -24.91
33.925 30 0.00
33.925 B1 2582.73 2624.59 
33.925 B3 2285.04 2332.53 
33.925 120 13 04 50
33.925 244 0.00
33.93 22 6.32
33.93 23 0.09
33.93 25 -24.91
33.93 30 0.00
33.93 B1 2584.78 2618.09 
33.93 B3 2289.55 2327.66 
33.93 120 13 04 50
33.93 244 0.00
33.935 22 6.28
33.935 23 0.06
33.935 25 -24.91
33.935 30 0.00
33.935 B1 2586.96 2611.54 
33.935 B3 2294.18 2322.73 
33.935 120 13 04 50
33.935 244 0.00
33.94 22 6.25
33.94 23 0.03
33.94 25 -24.91
33.94 30 0.00
33.94 B1 2589.26 2604.96 
33.94 B3 2298.94 2317.73 
33.94 120 13 04 50
33.94 244 0.00
33.945 22 6.22
33.945 23 0.00
33.945 25 -24.91
33.945 30 0.00
33.945 B1 2591.70 2598.32 
33.945 B3 2303.83 2312.67 
33.945 120 13 04 50
33.945 244 0.00
33.95 22 6.19
33.95 23 -0.03
33.95 25 -24.91
33.95 30 0.00
33.95 B1 2594.26 2591.63 
33.95 B3 2308.86 2307.54 
33.95 120 13 04 50
33.95 244 0.00
33.955 22 6.17
33.955 23 -0.06
33.955 25 -24.91
33.955 30 0.00
33.955 B1 2596.95 2584.88 
33.955 B3 2314.01 2302.34 
33.955 120 13 04 50
33.955 244 0.00
33.96 22 6.15
33.96 23 -0.09
33.96 25 -24.91
33.96 30 0.00
33.96 B1 2599.78 2578.07 
33.96 B3 2319.31 2297.07 
33.96 120 13 04 50
33.96 244 0.00
33.965 22 6.13
33.965 23 -0.12
33.965 25 -24.91
33.965 30 0.00
33.965 B1 2602.74 2571.20 
33.965 B3 2324.74 2291.72 
33.965 120 13 04 50
33.965 244 0.00
33.97 22 6.11
33.97 23 -0.14
33.97 25 -24.91
33.97 30 0.00
33.97 B1 2605.83 2564.26 
33.97 B3 2330.32 2286.29 
33.97 120 13 04 50
33.97 244 0.00
33.975 22 6.10
33.975 23 -0.17
33.975 25 -24.91
33.975 30 0.00
33.975 B1 2609.06 2557.24 
33.975 B3 2336.05 2280.79 
33.975 120 13 04 50
33.975 244 0.00
33.98 22 6.09
33.98 23 -0.20
33.98 25 -24.91
33.98 30 0.00
33.98 B1 2612.42 2550.14 
33.98 B3 2341.93 2275.20 
33.98 120 13 04 50
33.98 244 0.00
33.985 22 6.08
33.985 23 -0.23
33.985 25 -24.91
33.985 30 0.00
33.985 B1 2615.92 2542.97 
33.985 B3 2347.97 2269.52 
33.985 120 13 04 50
33.985 244 0.00
33.99 22 6.07
33.99 23 -0.25
33.99 25 -24.91
33.99 30 0.00
33.99 B1 2619.55 2535.70 
33.99 B3 2354.15 2263.76 
33.99 120 13 04 50
33.99 244 0.00
33.995 22 6.06
33.995 23 -0.28
33.995 25 -24.91
33.995 30 0.00
33.995 B1 2623.31 2528.34 
33.995 B3 2360.50 2257.91 
33.995 120 13 04 50
33.995 244 0.00
34 22 6.06
34 23 -0.31
34 25 -24.91
34 30 0.00
34 B1 2627.21 2520.89 
34 B3 2367.01 2251.97 
34 120 13 04 50
34 244 0.00
34.005 22 6.05
34.005 23 -0.33
34.005 25 -24.91
34.005 30 0.00
34.005 B1 2631.25 2513.34 
34.005 B3 2373.67 2245.93 
34.005 120 13 04 50
34.005 244 0.00
34.01 22 6.05
34.01 23 -0.36
34.01 25 -24.91
34.01 30 0.00
34.01 B1 2635.41 2505.68 
34.01 B3 2380.50 2239.80 
34.01 120 13 04 50
34.01 244 0.00
34.015 22 6.05
34.015 23 -0.39
34.015 25 -24.91
34.015 30 0.00
34.015 B1 2639.71 2497.92 
34.015 B3 2387.49 2233.57 
34.015 120 13 04 50
34.015 244 0.00
34.02 22 6.05
34.02 23 -0.41
34.02 25 -24.91
34.02 30 0.00
34.02 B1 2644.13 2490.05 
34.02 B3 2394.64 2227.24 
34.02 120 13 04 50
34.02 244 0.00
34.025 22 6.05
34.025 23 -0.44
34.025 25 -24.91
34.025 30 0.00
34.025 B1 2648.68 2482.07 
34.025 B3 2401.96 2220.81 
34.025 120 13 04 50
34.025 244 0.00
34.03 22 6.04
34.03 23 -0.47
34.03 25 -24.91
34.03 30 0.00
34.03 B1 2653.36 2473.97 
34.03 B3 2409.43 2214.29 
34.03 120 13 04 50
34.03 244 0.00
34.035 22 6.03
34.035 23 -0.50
34.035 25 -24.91
34.035 30 0.00
34.035 B1 2658.15 2465.75 
34.035 B3 2417.06 2207.66 
34.035 120 13 04 50
34.035 244 0.00
34.04 22 6.02
34.04 23 -0.52
34.04 25 -24.91
34.04 30 0.00
34.04 B1 2663.05 2457.42 
34.04 B3 2424.85 2200.93 
34.04 120 13 04 50
34.04 244 0.00
34.045 22 6.00
34.045 23 -0.55
34.045 25 -24.91
34.045 30 0.00
34.045 B1 2668.07 2448.96 
34.045 B3 2432.79 2194.09 
34.045 120 13 04 50
34.045 244 0.00
34.05 22 5.98
34.05 23 -0.58
34.05 25 -24.91
34.05 30 0.00
34.05 B1 2673.20 2440.39 
34.05 B3 2440.87 2187.15 
34.05 120 13 04 50
34.05 244 0.00
34.055 22 5.95
34.055 23 -0.61
34.055 25 -24.91
34.055 30 0.00
34.055 B1 2678.43 2431.69 
34.055 B3 2449.09 2180.11 
34.055 120 13 04 50
34.055 244 0.00
34.06 22 5.91
34.06 23 -0.64
34.06 25 -24.91
34.06 30 0.00
34.06 B1 2683.75 2422.88 
34.06 B3 2457.45 2172.96 
34.06 120 13 04 50
34.06 244 0.00
34.065 22 5.87
34.065 23 -0.68
34.065 25 -24.91
34.065 30 0.00
34.065 B1 2689.15 2413.95 
34.065 B3 2465.92 2165.72 
34.065 120 13 04 50
34.065 244 0.00
34.07 22 5.82
34.07 23 -0.71
34.07 25 -24.91
34.07 30 0.00
34.07 B1 2694.64 2404.91 
34.07 B3 2474.50 2158.37 
34.07 120 13 04 50
34.07 244 0.00
34.075 22 5.75
34.075 23 -0.74
34.075 25 -24.91
34.075 30 0.00
34.075 B1 2700.18 2395.76 
34.075 B3 2483.18 2150.94 
34.075 120 13 04 50
34.075 244 0.00
34.08 22 5.65
34.08 23 -0.77
34.08 25 -24.91
34.08 30 0.00
34.08 B1 2705.77 2386.51 
34.08 B3 2491.94 2143.42 
34.08 120 13 04 50
34.08 244 0.00
34.085 22 5.51
34.085 23 -0.81
34.085 25 -24.91
34.085 30 0.00
34.085 B1 2711.37 2377.20 
34.085 B3 2500.74 2135.85 
34.085 120 13 04 50
34.085 244 0.00
34.09 22 5.33
34.09 23 -0.84
34.09 25 -24.91
34.09 30 0.00
34.09 B1 2716.94 2367.86 
34.09 B3 2509.54 2128.27 
34.09 120 13 04 50
34.09 244 0.00
34.095 22 5.10
34.095 23 -0.88
34.095 25 -25.00
34.095 30 0.00
34.095 B1 2722.42 2358.53 
34.095 B3 2518.29 2120.73 
34.095 120 13 04 50
34.095 244 0.00
34.1 22 4.76
34.1 23 -0.93
34.1 25 -24.91
34.1 30 0.00
34.1 B1 2727.63 2349.33 
34.1 B3 2526.90 2113.29 
34.1 120 13 04 50
34.1 244 0.00
34.105 22 4.50
34.105 23 -0.94
34.105 25 -24.91
34.105 30 0.00
34.105 B1 2732.87 2340.18 
34.105 B3 2535.33 2105.96 
34.105 120 13 04 50
34.105 244 0.00
34.11 22 4.15
34.11 23 -0.98
34.11 25 -24.91
34.11 30 0.00
34.11 B1 2737.77 2331.25 
34.11 B3 2543.49 2098.88 
34.11 120 13 04 50
34.11 244 0.00
34.115 22 3.98
34.115 23 -1.31
34.115 25 -24.91
34.115 30 0.00
34.115 B1 2742.33 2118.43 
34.115 B3 2551.33 2092.09 
34.115 120 13 04 50
34.115 244 0.00
34.12 22 4.88
34.12 23 -4.50
34.12 25 -24.91
34.12 30 0.00
34.12 B1 2746.23 2323.83 
34.12 B3 2558.61 2085.26 
34.12 120 13 04 50
34.12 244 0.00
34.125 22 3.49
34.125 23 -2.59
34.125 25 -24.91
34.125 30 0.00
34.125 B1 2747.55 2132.69 
34.125 B3 2563.71 2074.87 
34.125 120 13 04 50
34.125 244 0.00
34.13 22 3.86
34.13 23 -4.41
34.13 25 -24.91
34.13 30 0.00
34.13 B1 2749.29 2298.85 
34.13 B3 2569.03 2065.83 
34.13 120 13 04 50
34.13 244 0.00
34.135 22 2.66
34.135 23 -2.91
34.135 25 -24.91
34.135 30 0.00
34.135 B1 2749.55 2146.15 
34.135 B3 2572.65 2055.46 
34.135 120 13 04 50
34.135 244 0.00
34.14 22 2.89
34.14 23 -4.34
34.14 25 -24.91
34.14 30 0.00
34.14 B1 2750.22 2275.31 
34.14 B3 2576.59 2046.49 
34.14 120 13 04 50
34.14 244 0.00
34.145 22 0.71
34.145 23 -4.95
34.145 25 -24.91
34.145 30 0.00
34.145 B1 2635.96 2157.83 
34.145 B3 2579.06 2036.92 
34.145 120 13 04 50
34.145 244 0.00
34.15 22 0.64
34.15 23 -8.11
34.15 25 -24.91
34.15 30 0.00
34.15 B1 2674.68 2252.52 
34.15 B3 2579.44 2026.99 
34.15 120 13 04 50
34.15 244 0.00
34.155 22 -0.33
34.155 23 -6.97
34.155 25 -24.91
34.155 30 0.00
34.155 B1 2659.95 2161.80 
34.155 B3 2574.14 2014.88 
34.155 120 13 04 50
34.155 244 0.00
34.16 22 -0.26
34.16 23 -7.88
34.16 25 -24.91
34.16 30 0.00
34.16 B1 2674.85 2230.03 
34.16 B3 2568.24 2002.46 
34.16 120 13 04 50
34.16 244 0.00
34.165 22 -0.96
34.165 23 -7.11
34.165 25 -24.91
34.165 30 0.00
34.165 B1 2672.51 2162.86 
34.165 B3 2560.96 1989.11 
34.165 120 13 04 50
34.165 244 0.00
34.17 22 -1.05
34.17 23 -6.81
34.17 25 -24.91
34.17 30 0.00
34.17 B1 2680.16 2231.75 
34.17 B3 2554.00 1975.97 
34.17 120 13 04 50
34.17 244 0.00
34.175 22 -1.72
34.175 23 -5.86
34.175 25 -24.91
34.175 30 0.00
34.175 B1 2681.53 2168.17 
34.175 B3 2546.99 1963.43 
34.175 120 13 04 50
34.175 244 0.00
34.18 22 -1.77
34.18 23 -6.26
34.18 25 -24.91
34.18 30 0.00
34.18 B1 2686.80 2195.68 
34.18 B3 2540.80 1952.13 
34.18 120 13 04 50
34.18 244 0.00
34.185 22 -2.15
34.185 23 -5.87
34.185 25 -24.91
34.185 30 0.00
34.185 B1 2688.72 2169.09 
34.185 B3 2534.43 1941.12 
34.185 120 13 04 50
34.185 244 0.00
34.19 22 -2.24
34.19 23 -4.72
34.19 25 -24.91
34.19 30 0.00
34.19 B1 2714.03 2171.35 
34.19 B3 2528.37 1930.73 
34.19 120 13 04 50
34.19 244 0.00
34.195 22 -2.33
34.195 23 -4.24
34.195 25 -24.91
34.195 30 0.00
34.195 B1 2705.29 2161.81 
34.195 B3 2524.33 1921.31 
34.195 120 13 04 50
34.195 244 0.00
34.2 22 -2.35
34.2 23 -4.14
34.2 25 -24.91
34.2 30 0.00
34.2 B1 2709.07 2157.54 
34.2 B3 2521.49 1912.88 
34.2 120 13 04 50
34.2 244 0.00
34.205 22 -2.42
34.205 23 -3.92
34.205 25 -24.91
34.205 30 0.00
34.205 B1 2708.26 2151.37 
34.205 B3 2518.98 1905.20 
34.205 120 13 04 50
34.205 244 0.00
34.21 22 -2.47
34.21 23 -3.74
34.21 25 -24.91
34.21 30 0.00
34.21 B1 2708.18 2145.89 
34.21 B3 2516.72 1898.21 
34.21 120 13 04 50
34.21 244 0.00
34.215 22 -2.50
34.215 23 -3.56
34.215 25 -24.91
34.215 30 0.00
34.215 B1 2707.43 2140.32 
34.215 B3 2514.59 1891.82 
34.215 120 13 04 50
34.215 244 0.00
34.22 22 -2.53
34.22 23 -3.37
34.22 25 -24.91
34.22 30 0.00
34.22 B1 2706.33 2134.85 
34.22 B3 2512.59 1886.01 
34.22 120 13 04 50
34.22 244 0.00
34.225 22 -2.55
34.225 23 -3.19
34.225 25 -24.91
34.225 30 0.00
34.225 B1 2704.87 2129.44 
34.225 B3 2510.70 1880.73 
34.225 120 13 04 50
34.225 244 0.00
34.23 22 -2.61
34.23 23 -2.55
34.23 25 -24.91
34.23 30 0.00
34.23 B1 2703.05 2092.30 
34.23 B3 2508.92 1875.95 
34.23 120 13 04 50
34.23 244 0.00
34.235 22 -0.20
34.235 23 -2.30
34.235 25 -24.91
34.235 30 0.00
34.235 B1 2669.59 2061.73 
34.235 B3 2507.01 1872.52 
34.235 120 13 04 50
34.235 244 0.00
34.24 22 -0.32
34.24 23 -2.68
34.24 25 -24.91
34.24 30 0.00
34.24 B1 2641.35 2037.32 
34.24 B3 2504.52 1869.93 
34.24 120 13 04 50
34.24 244 0.00
34.245 22 -0.45
34.245 23 -2.94
34.245 25 -24.91
34.245 30 0.00
34.245 B1 2617.60 2017.94 
34.245 B3 2501.20 1867.03 
34.245 120 13 04 50
34.245 244 0.00
34.25 22 -0.58
34.25 23 -3.15
34.25 25 -24.91
34.25 30 0.00
34.25 B1 2597.69 2002.65 
34.25 B3 2497.03 1863.59 
34.25 120 13 04 50
34.25 244 0.00
34.255 22 -0.71
34.255 23 -3.33
34.255 25 -24.91
34.255 30 0.00
34.255 B1 2581.02 1990.67 
34.255 B3 2492.05 1859.62 
34.255 120 13 04 50
34.255 244 0.00
34.26 22 -0.55
34.26 23 -0.29
34.26 25 -24.91
34.26 30 0.00
34.26 B1 2578.16 1988.46 
34.26 B3 2486.35 1855.19 
34.26 120 13 04 50
34.26 244 0.00
34.265 22 -0.64
34.265 23 -0.32
34.265 25 -24.91
34.265 30 0.00
34.265 B1 2575.29 1986.25 
34.265 B3 2483.15 1855.04 
34.265 120 13 04 50
34.265 244 0.00
34.27 22 -0.73
34.27 23 -0.33
34.27 25 -24.91
34.27 30 0.00
34.27 B1 2572.43 1984.05 
34.27 B3 2481.06 1856.06 
34.27 120 13 04 50
34.27 244 0.00
34.275 22 -0.81
34.275 23 -0.33
34.275 25 -24.91
34.275 30 0.00
34.275 B1 2569.58 1981.84 
34.275 B3 2479.40 1857.40 
34.275 120 13 04 50
34.275 244 0.00
34.28 22 -0.89
34.28 23 -0.32
34.28 25 -24.91
34.28 30 0.00
34.28 B1 2566.72 1979.64 
34.28 B3 2477.87 1858.85 
34.28 120 13 04 50
34.28 244 0.00
34.285 22 -0.96
34.285 23 -0.32
34.285 25 -24.91
34.285 30 0.00
34.285 B1 2563.87 1977.45 
34.285 B3 2476.32 1860.34 
34.285 120 13 04 50
34.285 244 0.00
34.29 22 -1.03
34.29 23 -0.31
34.29 25 -24.91
34.29 30 0.00
34.29 B1 2561.02 1975.25 
34.29 B3 2474.67 1861.86 
34.29 120 13 04 50
34.29 244 0.00
34.295 22 -1.09
34.295 23 -0.31
34.295 25 -24.91
34.295 30 0.00
34.295 B1 2558.18 1973.06 
34.295 B3 2472.90 1863.40 
34.295 120 13 04 50
34.295 244 0.00
34.3 22 -1.15
34.3 23 -0.30
34.3 25 -24.91
34.3 30 0.00
34.3 B1 2555.34 1970.87 
34.3 B3 2470.99 1864.97 
34.3 120 13 04 50
34.3 244 0.00
34.305 22 -1.21
34.305 23 -0.30
34.305 25 -24.91
34.305 30 0.00
34.305 B1 2552.50 1968.68 
34.305 B3 2468.95 1866.55 
34.305 120 13 04 50
34.305 244 0.00
34.31 22 -1.26
34.31 23 -0.29
34.31 25 -24.91
34.31 30 0.00
34.31 B1 2549.66 1966.49 
34.31 B3 2466.77 1868.13 
34.31 120 13 04 50
34.31 244 0.00
34.315 22 -1.30
34.315 23 -0.29
34.315 25 -24.91
34.315 30 0.00
34.315 B1 2546.83 1964.31 
34.315 B3 2464.45 1869.73 
34.315 120 13 04 50
34.315 244 0.00
34.32 22 -1.35
34.32 23 -0.29
34.32 25 -24.91
34.32 30 0.00
34.32 B1 2544.00 1962.13 
34.32 B3 2462.01 1871.34 
34.32 120 13 04 50
34.32 244 0.00
34.325 22 -1.38
34.325 23 -0.29
34.325 25 -24.91
34.325 30 0.00
34.325 B1 2541.18 1959.95 
34.325 B3 2459.45 1872.95 
34.325 120 13 04 50
34.325 244 0.00
34.33 22 -1.42
34.33 23 -0.28
34.33 25 -24.91
34.33 30 0.00
34.33 B1 2538.36 1957.78 
34.33 B3 2456.78 1874.56 
34.33 120 13 04 50
34.33 244 0.00
34.335 22 -1.45
34.335 23 -0.28
34.335 25 -24.91
34.335 30 0.00
34.335 B1 2535.54 1955.60 
34.335 B3 2454.01 1876.17 
34.335 120 13 04 50
34.335 244 0.00
34.34 22 -1.48
34.34 23 -0.28
34.34 25 -24.91
34.34 30 0.00
34.34 B1 2532.72 1953.43 
34.34 B3 2451.13 1877.79 
34.34 120 13 04 50
34.34 244 0.00
34.345 22 -1.51
34.345 23 -0.28
34.345 25 -24.91
34.345 30 0.00
34.345 B1 2529.91 1951.27 
34.345 B3 2448.17 1879.41 
34.345 120 13 04 50
34.345 244 0.00
34.35 22 -1.53
34.35 23 -0.28
34.35 25 -24.91
34.35 30 0.00
34.35 B1 2527.10 1949.10 
34.35 B3 2445.12 1881.02 
34.35 120 13 04 50
34.35 244 0.00
34.355 22 -1.55
34.355 23 -0.28
34.355 25 -24.91
34.355 30 0.00
34.355 B1 2524.29 1946.94 
34.355 B3 2441.99 1882.63 
34.355 120 13 04 50
34.355 244 0.00
34.36 22 -1.57
34.36 23 -0.28
34.36 25 -24.91
34.36 30 0.00
34.36 B1 2521.49 1944.77 
34.36 B3 2438.79 1884.25 
34.36 120 13 04 50
34.36 244 0.00
34.365 22 -1.59
34.365 23 -0.28
34.365 25 -24.91
34.365 30 0.00
34.365 B1 2518.69 1942.62 
34.365 B3 2435.52 1885.86 
34.365 120 13 04 50
34.365 244 0.00
34.37 22 -1.60
34.37 23 -0.28
34.37 25 -24.91
34.37 30 0.00
34.37 B1 2515.89 1940.46 
34.37 B3 2432.19 1887.48 
34.37 120 13 04 50
34.37 244 0.00
34.375 22 -1.62
34.375 23 -0.28
34.375 25 -24.91
34.375 30 0.00
34.375 B1 2513.09 1938.31 
34.375 B3 2428.80 1889.09 
34.375 120 13 04 50
34.375 244 0.00
34.38 22 -1.63
34.38 23 -0.28
34.38 25 -24.91
34.38 30 0.00
34.38 B1 2510.30 1936.15 
34.38 B3 2425.37 1890.71 
34.38 120 13 04 50
34.38 244 0.00
34.385 22 -1.64
34.385 23 -0.29
34.385 25 -24.91
34.385 30 0.00
34.385 B1 2507.52 1934.00 
34.385 B3 2421.90 1892.32 
34.385 120 13 04 50
34.385 244 0.00
34.39 22 -1.65
34.39 23 -0.29
34.39 25 -24.91
34.39 30 0.00
34.39 B1 2504.73 1931.86 
34.39 B3 2418.39 1893.95 
34.39 120 13 04 50
34.39 244 0.00
34.395 22 -1.66
34.395 23 -0.29
34.395 25 -24.91
34.395 30 0.00
34.395 B1 2501.95 1929.71 
34.395 B3 2414.85 1895.57 
34.395 120 13 04 50
34.395 244 0.00
34.4 22 -1.66
34.4 23 -0.30
34.4 25 -24.91
34.4 30 0.00
34.4 B1 2499.17 1927.57 
34.4 B3 2411.29 1897.20 
34.4 120 13 04 50
34.4 244 0.00
34.405 22 -1.67
34.405 23 -0.30
34.405 25 -24.91
34.405 30 0.00
34.405 B1 2496.39 1925.43 
34.405 B3 2407.70 1898.84 
34.405 120 13 04 50
34.405 244 0.00
34.41 22 -1.67
34.41 23 -0.31
34.41 25 -24.91
34.41 30 0.00
34.41 B1 2493.62 1923.29 
34.41 B3 2404.11 1900.49 
34.41 120 13 04 50
34.41 244 0.00
34.415 22 -1.67
34.415 23 -0.31
34.415 25 -24.91
34.415 30 0.00
34.415 B1 2490.85 1921.16 
34.415 B3 2400.50 1902.15 
34.415 120 13 04 50
34.415 244 0.00
34.42 22 -1.67
34.42 23 -0.32
34.42 25 -24.91
34.42 30 0.00
34.42 B1 2488.09 1919.03 
34.42 B3 2396.90 1903.82 
34.42 120 13 04 50
34.42 244 0.00
34.425 22 -1.67
34.425 23 -0.32
34.425 25 -24.91
34.425 30 0.00
34.425 B1 2485.32 1916.90 
34.425 B3 2393.29 1905.50 
34.425 120 13 04 50
34.425 244 0.00
34.43 22 -1.67
34.43 23 -0.33
34.43 25 -24.91
34.43 30 0.00
34.43 B1 2482.56 1914.77 
34.43 B3 2389.70 1907.19 
34.43 120 13 04 50
34.43 244 0.00
34.435 22 -1.67
34.435 23 -0.34
34.435 25 -24.91
34.435 30 0.00
34.435 B1 2479.80 1912.64 
34.435 B3 2386.12 1908.91 
34.435 120 13 04 50
34.435 244 0.00
34.44 22 -1.67
34.44 23 -0.34
34.44 25 -24.91
34.44 30 0.00
34.44 B1 2477.05 1910.52 
34.44 B3 2382.56 1910.64 
34.44 120 13 04 50
34.44 244 0.00
34.445 22 -1.67
34.445 23 -0.35
34.445 25 -24.91
34.445 30 0.00
34.445 B1 2474.30 1908.40 
34.445 B3 2379.02 1912.39 
34.445 120 13 04 50
34.445 244 0.00
34.45 22 -1.66
34.45 23 -0.36
34.45 25 -24.91
34.45 30 0.00
34.45 B1 2471.55 1906.28 
34.45 B3 2375.50 1914.17 
34.45 120 13 04 50
34.45 244 0.00
34.455 22 -1.66
34.455 23 -0.37
34.455 25 -24.91
34.455 30 0.00
34.455 B1 2468.81 1904.17 
34.455 B3 2372.03 1915.97 
34.455 120 13 04 50
34.455 244 0.00
34.46 22 -1.66
34.46 23 -0.38
34.46 25 -24.91
34.46 30 0.00
34.46 B1 2466.06 1902.05 
34.46 B3 2368.59 1917.79 
34.46 120 13 04 50
34.46 244 0.00
34.465 22 -1.65
34.465 23 -0.39
34.465 25 -24.91
34.465 30 0.00
34.465 B1 2463.33 1899.94 
34.465 B3 2365.20 1919.64 
34.465 120 13 04 50
34.465 244 0.00
34.47 22 -1.64
34.47 23 -0.40
34.47 25 -24.91
34.47 30 0.00
34.47 B1 2460.59 1897.83 
34.47 B3 2361.85 1921.53 
34.47 120 13 04 50
34.47 244 0.00
34.475 22 -1.64
34.475 23 -0.41
34.475 25 -24.91
34.475 30 0.00
34.475 B1 2457.86 1895.73 
34.475 B3 2358.56 1923.44 
34.475 120 13 04 50
34.475 244 0.00
34.48 22 -1.63
34.48 23 -0.42
34.48 25 -24.91
34.48 30 0.00
34.48 B1 2455.13 1893.62 
34.48 B3 2355.32 1925.39 
34.48 120 13 04 50
34.48 244 0.00
34.485 22 -1.62
34.485 23 -0.43
34.485 25 -24.91
34.485 30 0.00
34.485 B1 2452.40 1891.52 
34.485 B3 2352.15 1927.37 
34.485 120 13 04 50
34.485 244 0.00
34.49 22 -1.61
34.49 23 -0.45
34.49 25 -24.91
34.49 30 0.00
34.49 B1 2449.68 1889.42 
34.49 B3 2349.04 1929.40 
34.49 120 13 04 50
34.49 244 0.00
34.495 22 -1.60
34.495 23 -0.46
34.495 25 -24.91
34.495 30 0.00
34.495 B1 2446.96 1887.32 
34.495 B3 2346.00 1931.46 
34.495 120 13 04 50
34.495 244 0.00
34.5 22 -1.60
34.5 23 -0.47
34.5 25 -24.91
34.5 30 0.00
34.5 B1 2444.24 1885.23 
34.5 B3 2343.03 1933.56 
34.5 120 13 04 50
34.5 244 0.00
34.505 22 -1.59
34.505 23 -0.49
34.505 25 -24.91
34.505 30 0.00
34.505 B1 2441.53 1883.14 
34.505 B3 2340.15 1935.71 
34.505 120 13 04 50
34.505 244 0.00
34.51 22 -1.58
34.51 23 -0.50
34.51 25 -24.91
34.51 30 0.00
34.51 B1 2438.81 1881.05 
34.51 B3 2337.34 1937.90 
34.51 120 13 04 50
34.51 244 0.00
34.515 22 -1.57
34.515 23 -0.52
34.515 25 -24.91
34.515 30 0.00
34.515 B1 2436.10 1878.96 
34.515 B3 2334.63 1940.15 
34.515 120 13 04 50
34.515 244 0.00
34.52 22 -1.55
34.52 23 -0.53
34.52 25 -24.91
34.52 30 0.00
34.52 B1 2433.40 1876.87 
34.52 B3 2332.01 1942.44 
34.52 120 13 04 50
34.52 244 0.00
34.525 22 -1.54
34.525 23 -0.55
34.525 25 -24.91
34.525 30 0.00
34.525 B1 2430.70 1874.79 
34.525 B3 2329.48 1944.79 
34.525 120 13 04 50
34.525 244 0.00
34.53 22 -1.53
34.53 23 -0.56
34.53 25 -24.91
34.53 30 0.00
34.53 B1 2428.00 1872.71 
34.53 B3 2327.04 1947.19 
34.53 120 13 04 50
34.53 244 0.00
34.535 22 -13.01
34.535 23 -5.21
34.535 25 -24.91
34.535 30 0.00
34.535 B1 2227.45 1976.06 
34.535 B3 2324.71 1949.65 
34.535 120 13 04 50
34.535 244 0.00
34.54 22 -17.04
34.54 23 -8.04
34.54 25 -24.91
34.54 30 0.00
34.54 B1 2364.66 1910.14 
34.54 B3 2326.46 1938.43 
34.54 120 13 04 50
34.54 244 0.00
34.545 22 -16.79
34.545 23 -7.40
34.545 25 -24.91
34.545 30 0.00
34.545 B1 2293.90 1965.93 
34.545 B3 2328.62 1916.83 
34.545 120 13 04 50
34.545 244 0.00
34.55 22 -15.88
34.55 23 -7.21
34.55 25 -24.91
34.55 30 0.00
34.55 B1 2384.57 1894.07 
34.55 B3 2332.22 1891.39 
34.55 120 13 04 50
34.55 244 0.00
34.555 22 -14.80
34.555 23 -6.84
34.555 25 -24.91
34.555 30 0.00
34.555 B1 2349.62 1959.90 
34.555 B3 2334.99 1866.85 
34.555 120 13 04 50
34.555 244 0.00
34.56 22 -13.80
34.56 23 -6.04
34.56 25 -24.91
34.56 30 0.00
34.56 B1 2402.25 1876.79 
34.56 B3 2337.68 1843.34 
34.56 120 13 04 50
34.56 244 0.00
34.565 22 -12.47
34.565 23 -6.10
34.565 25 -24.91
34.565 30 0.00
34.565 B1 2389.83 1959.22 
34.565 B3 2339.69 1823.07 
34.565 120 13 04 50
34.565 244 0.00
34.57 22 -12.68
34.57 23 -6.50
34.57 25 -24.91
34.57 30 0.00
34.57 B1 2417.22 1857.14 
34.57 B3 2209.14 1804.25 
34.57 120 13 04 50
34.57 244 0.00
34.575 22 -11.38
34.575 23 -8.57
34.575 25 -24.91
34.575 30 0.00
34.575 B1 2406.29 1963.15 
34.575 B3 2278.84 1789.16 
34.575 120 13 04 50
34.575 244 0.00
34.58 22 -10.99
34.58 23 -6.65
34.58 25 -24.91
34.58 30 0.00
34.58 B1 2408.52 1825.55 
34.58 B3 2252.35 1773.98 
34.58 120 13 04 50
34.58 244 0.00
34.585 22 -9.49
34.585 23 -8.11
34.585 25 -24.91
34.585 30 0.00
34.585 B1 2405.36 1976.52 
34.585 B3 2271.56 1761.70 
34.585 120 13 04 50
34.585 244 0.00
34.59 22 -9.41
34.59 23 -5.94
34.59 25 -24.91
34.59 30 0.00
34.59 B1 2399.64 1780.25 
34.59 B3 2267.68 1748.98 
34.59 120 13 04 50
34.59 244 0.00
34.595 22 -7.52
34.595 23 -7.94
34.595 25 -24.91
34.595 30 0.00
34.595 B1 2398.13 2013.41 
34.595 B3 2276.62 1739.17 
34.595 120 13 04 50
34.595 244 0.00
34.6 22 -8.05
34.6 23 -4.84
34.6 25 -24.91
34.6 30 0.00
34.6 B1 2388.28 1703.92 
34.6 B3 2275.46 1728.50 
34.6 120 13 04 50
34.6 244 0.00
34.605 22 -5.66
34.605 23 -8.33
34.605 25 -24.91
34.605 30 0.00
34.605 B1 2386.98 2107.80 
34.605 B3 2283.19 1721.07 
34.605 120 13 04 50
34.605 244 0.00
34.61 22 -7.31
34.61 23 -3.14
34.61 25 -24.91
34.61 30 0.00
34.61 B1 2374.57 1556.23 
34.61 B3 2279.72 1711.92 
34.61 120 13 04 50
34.61 244 0.00
34.615 22 -3.58
34.615 23 -9.86
34.615 25 -24.91
34.615 30 0.00
34.615 B1 2373.89 2341.17 
34.615 B3 2289.39 1706.64 
34.615 120 13 04 50
34.615 244 0.00
34.62 22 -7.31
34.62 23 0.82
34.62 25 -24.91
34.62 30 0.00
34.62 B1 2358.61 1309.95 
34.62 B3 2299.23 1698.46 
34.62 120 13 04 50
34.62 244 0.00
34.625 22 -1.19
34.625 23 -11.16
34.625 25 -24.91
34.625 30 0.00
34.625 B1 2363.16 2674.01 
34.625 B3 2303.99 1695.24 
34.625 120 13 04 50
34.625 244 0.00
34.63 22 -7.47
34.63 23 3.46
34.63 25 -24.91
34.63 30 0.00
34.63 B1 2348.87 1231.87 
34.63 B3 2286.92 1688.44 
34.63 120 13 04 50
34.63 244 0.00
34.635 22 -0.20
34.635 23 -11.49
34.635 25 -24.91
34.635 30 0.00
34.635 B1 2353.07 2713.16 
34.635 B3 2305.15 1686.16 
34.635 120 13 04 50
34.635 244 0.00
34.64 22 -6.91
34.64 23 3.99
34.64 25 -24.91
34.64 30 0.00
34.64 B1 2340.71 1234.79 
34.64 B3 2280.25 1681.32 
34.64 120 13 04 50
34.64 244 0.00
34.645 22 0.31
34.645 23 -11.12
34.645 25 -24.91
34.645 30 0.00
34.645 B1 2342.05 2704.42 
34.645 B3 2300.87 1679.17 
34.645 120 13 04 50
34.645 244 0.00
34.65 22 -6.42
34.65 23 4.28
34.65 25 -24.91
34.65 30 0.00
34.65 B1 2332.09 1224.21 
34.65 B3 2275.01 1674.42 
34.65 120 13 04 50
34.65 244 0.00
34.655 22 0.87
34.655 23 -10.90
34.655 25 -24.91
34.655 30 0.00
34.655 B1 2331.31 2701.37 
34.655 B3 2293.62 1672.90 
34.655 120 13 04 50
34.655 244 0.00
34.66 22 -5.91
34.66 23 4.48
34.66 25 -24.91
34.66 30 0.00
34.66 B1 2323.21 1215.95 
34.66 B3 2269.85 1671.38 
34.66 120 13 04 50
34.66 244 0.00
34.665 22 1.19
34.665 23 -10.61
34.665 25 -24.91
34.665 30 0.00
34.665 B1 2321.09 2686.50 
34.665 B3 2286.25 1669.86 
34.665 120 13 04 50
34.665 244 0.00
34.67 22 -4.17
34.67 23 6.74
34.67 25 -24.91
34.67 30 0.00
34.67 B1 2314.55 1237.98 
34.67 B3 2163.31 1668.34 
34.67 120 13 04 50
34.67 244 0.00
34.675 22 1.37
34.675 23 -9.30
34.675 25 -24.91
34.675 30 0.00
34.675 B1 2313.68 2606.92 
34.675 B3 2154.09 1654.92 
34.675 120 13 04 50
34.675 244 0.00
34.68 22 -5.34
34.68 23 3.63
34.68 25 -24.91
34.68 30 0.00
34.68 B1 2309.97 1312.01 
34.68 B3 2145.50 1630.47 
34.68 120 13 04 50
34.68 244 0.00
34.685 22 0.24
34.685 23 -8.84
34.685 25 -24.91
34.685 30 0.00
34.685 B1 2308.23 2419.55 
34.685 B3 2139.58 1653.62 
34.685 120 13 04 50
34.685 244 0.00
34.69 22 -4.78
34.69 23 2.00
34.69 25 -24.91
34.69 30 0.00
34.69 B1 2304.13 1422.93 
34.69 B3 2133.90 1636.24 
34.69 120 13 04 50
34.69 244 0.00
34.695 22 -0.71
34.695 23 -7.13
34.695 25 -24.91
34.695 30 0.00
34.695 B1 2301.50 2182.26 
34.695 B3 2130.19 1654.68 
34.695 120 13 04 50
34.695 244 0.00
34.7 22 -4.01
34.7 23 -0.08
34.7 25 -24.91
34.7 30 0.00
34.7 B1 2297.02 1578.64 
34.7 B3 2126.73 1640.78 
34.7 120 13 04 50
34.7 244 0.00
34.705 22 -1.82
34.705 23 -5.12
34.705 25 -24.91
34.705 30 0.00
34.705 B1 2293.42 1935.09 
34.705 B3 2124.57 1653.22 
34.705 120 13 04 50
34.705 244 0.00
34.71 22 -3.23
34.71 23 -2.23
34.71 25 -24.91
34.71 30 0.00
34.71 B1 2288.60 1736.86 
34.71 B3 2122.75 1644.47 
34.71 120 13 04 50
34.71 244 0.00
34.715 22 -2.25
34.715 23 -3.03
34.715 25 -24.91
34.715 30 0.00
34.715 B1 2283.93 1796.32 
34.715 B3 2120.82 1649.31 
34.715 120 13 04 50
34.715 244 0.00
34.72 22 -2.52
34.72 23 -2.61
34.72 25 -24.91
34.72 30 0.00
34.72 B1 2279.61 1781.70 
34.72 B3 2118.89 1648.08 
34.72 120 13 04 50
34.72 244 0.00
34.725 22 -2.58
34.725 23 -2.69
34.725 25 -24.91
34.725 30 0.00
34.725 B1 2275.68 1779.45 
34.725 B3 2116.96 1649.64 
34.725 120 13 04 50
34.725 244 0.00
34.73 22 -2.68
34.73 23 -2.68
34.73 25 -24.91
34.73 30 0.00
34.73 B1 2271.95 1776.64 
34.73 B3 2115.04 1649.72 
34.73 120 13 04 50
34.73 244 0.00
34.735 22 -2.78
34.735 23 -2.69
34.735 25 -24.91
34.735 30 0.00
34.735 B1 2268.31 1773.84 
34.735 B3 2113.11 1649.96 
34.735 120 13 04 50
34.735 244 0.00
34.74 22 -2.62
34.74 23 -2.15
34.74 25 -24.91
34.74 30 0.00
34.74 B1 2264.70 1771.05 
34.74 B3 2111.19 1654.63 
34.74 120 13 04 50
34.74 244 0.00
34.745 22 -2.55
34.745 23 -2.02
34.745 25 -24.91
34.745 30 0.00
34.745 B1 2261.35 1768.66 
34.745 B3 2109.27 1652.88 
34.745 120 13 04 50
34.745 244 0.00
34.75 22 -2.65
34.75 23 -2.04
34.75 25 -24.91
34.75 30 0.00
34.75 B1 2258.31 1766.37 
34.75 B3 2107.35 1650.95 
34.75 120 13 04 50
34.75 244 0.00
34.755 22 -2.74
34.755 23 -2.05
34.755 25 -24.91
34.755 30 0.00
34.755 B1 2255.43 1764.09 
34.755 B3 2105.43 1648.76 
34.755 120 13 04 50
34.755 244 0.00
34.76 22 -2.85
34.76 23 -2.07
34.76 25 -24.91
34.76 30 0.00
34.76 B1 2252.64 1761.82 
34.76 B3 2103.51 1646.29 
34.76 120 13 04 50
34.76 244 0.00
34.765 22 -2.95
34.765 23 -2.10
34.765 25 -24.91
34.765 30 0.00
34.765 B1 2249.88 1759.55 
34.765 B3 2101.60 1643.58 
34.765 120 13 04 50
34.765 244 0.00
34.77 22 -3.07
34.77 23 -2.14
34.77 25 -24.91
34.77 30 0.00
34.77 B1 2247.11 1757.27 
34.77 B3 2099.69 1640.63 
34.77 120 13 04 50
34.77 244 0.00
34.775 22 -3.18
34.775 23 -2.17
34.775 25 -24.91
34.775 30 0.00
34.775 B1 2244.33 1755.02 
34.775 B3 2097.78 1637.47 
34.775 120 13 04 50
34.775 244 0.00
34.78 22 -3.32
34.78 23 -2.22
34.78 25 -24.91
34.78 30 0.00
34.78 B1 2241.53 1752.72 
34.78 B3 2095.87 1634.08 
34.78 120 13 04 50
34.78 244 0.00
34.785 22 -3.46
34.785 23 -2.28
34.785 25 -24.91
34.785 30 0.00
34.785 B1 2238.72 1750.36 
34.785 B3 2093.96 1630.47 
34.785 120 13 04 50
34.785 244 0.00
34.79 22 -3.61
34.79 23 -2.33
34.79 25 -24.91
34.79 30 0.00
34.79 B1 2235.92 1747.93 
34.79 B3 2092.06 1626.65 
34.79 120 13 04 50
34.79 244 0.00
34.795 22 -3.75
34.795 23 -2.39
34.795 25 -24.91
34.795 30 0.00
34.795 B1 2233.15 1745.44 
34.795 B3 2090.15 1622.62 
34.795 120 13 04 50
34.795 244 0.00
34.8 22 -3.90
34.8 23 -2.45
34.8 25 -24.91
34.8 30 0.00
34.8 B1 2230.39 1742.87 
34.8 B3 2088.25 1618.42 
34.8 120 13 04 50
34.8 244 0.00
34.805 22 -4.04
34.805 23 -2.51
34.805 25 -24.91
34.805 30 0.00
34.805 B1 2227.66 1740.24 
34.805 B3 2086.35 1614.07 
34.805 120 13 04 50
34.805 244 0.00
34.81 22 -4.14
34.81 23 -2.60
34.81 25 -24.91
34.81 30 0.00
34.81 B1 2224.94 1738.30 
34.81 B3 2084.45 1609.58 
34.81 120 13 04 50
34.81 244 0.00
34.815 22 -2.76
34.815 23 -1.96
34.815 25 -24.91
34.815 30 0.00
34.815 B1 2222.31 1736.38 
34.815 B3 2082.55 1592.91 
34.815 120 13 04 50
34.815 244 0.00
34.82 22 -2.87
34.82 23 -2.12
34.82 25 -24.91
34.82 30 0.00
34.82 B1 2222.18 1734.45 
34.82 B3 2080.66 1579.54 
34.82 120 13 04 50
34.82 244 0.00
34.825 22 -2.91
34.825 23 -2.15
34.825 25 -24.91
34.825 30 0.00
34.825 B1 2222.18 1732.52 
34.825 B3 2078.77 1568.96 
34.825 120 13 04 50
34.825 244 0.00
34.83 22 -2.95
34.83 23 -2.16
34.83 25 -24.91
34.83 30 0.00
34.83 B1 2222.17 1730.60 
34.83 B3 2076.87 1560.66 
34.83 120 13 04 50
34.83 244 0.00
34.835 22 -2.98
34.835 23 -2.17
34.835 25 -24.91
34.835 30 0.00
34.835 B1 2222.10 1728.68 
34.835 B3 2074.98 1554.23 
34.835 120 13 04 50
34.835 244 0.00
34.84 22 -3.00
34.84 23 -2.17
34.84 25 -24.91
34.84 30 0.00
34.84 B1 2222.00 1726.76 
34.84 B3 2073.10 1549.32 
34.84 120 13 04 50
34.84 244 0.00
34.845 22 -3.02
34.845 23 -2.15
34.845 25 -25.00
34.845 30 0.00
34.845 B1 2221.84 1724.85 
34.845 B3 2071.21 1545.66 
34.845 120 13 04 50
34.845 244 0.00
34.85 22 -2.74
34.85 23 -1.90
34.85 25 -24.91
34.85 30 0.00
34.85 B1 2221.25 1722.93 
34.85 B3 2069.33 1544.26 
34.85 120 13 04 50
34.85 244 0.00
34.855 22 -2.74
34.855 23 -1.90
34.855 25 -24.91
34.855 30 0.00
34.855 B1 2221.76 1721.02 
34.855 B3 2067.44 1542.85 
34.855 120 13 04 50
34.855 244 0.00
34.86 22 -2.77
34.86 23 -1.91
34.86 25 -24.91
34.86 30 0.00
34.86 B1 2221.93 1719.11 
34.86 B3 2065.56 1541.45 
34.86 120 13 04 50
34.86 244 0.00
34.865 22 -2.79
34.865 23 -1.91
34.865 25 -24.91
34.865 30 0.00
34.865 B1 2222.07 1717.20 
34.865 B3 2063.68 1540.05 
34.865 120 13 04 50
34.865 244 0.00
34.87 22 -2.82
34.87 23 -1.92
34.87 25 -24.91
34.87 30 0.00
34.87 B1 2222.19 1715.30 
34.87 B3 2061.80 1538.65 
34.87 120 13 04 50
34.87 244 0.00
34.875 22 -2.83
34.875 23 -1.92
34.875 25 -24.91
34.875 30 0.00
34.875 B1 2222.28 1713.39 
34.875 B3 2059.93 1537.25 
34.875 120 13 04 50
34.875 244 0.00
34.88 22 -2.85
34.88 23 -1.92
34.88 25 -24.91
34.88 30 0.00
34.88 B1 2222.35 1711.49 
34.88 B3 2058.05 1535.85 
34.88 120 13 04 50
34.88 244 0.00
34.885 22 -2.86
34.885 23 -1.92
34.885 25 -24.91
34.885 30 0.00
34.885 B1 2222.39 1709.59 
34.885 B3 2056.18 1534.45 
34.885 120 13 04 50
34.885 244 0.00
34.89 22 -2.87
34.89 23 -1.92
34.89 25 -24.91
34.89 30 0.00
34.89 B1 2222.39 1707.70 
34.89 B3 2054.31 1533.06 
34.89 120 13 04 50
34.89 244 0.00
34.895 22 -2.88
34.895 23 -1.91
34.895 25 -24.91
34.895 30 0.00
34.895 B1 2222.36 1705.80 
34.895 B3 2052.44 1531.67 
34.895 120 13 04 50
34.895 244 0.00
34.9 22 -2.88
34.9 23 -1.91
34.9 25 -24.91
34.9 30 0.00
34.9 B1 2222.29 1703.91 
34.9 B3 2050.57 1530.27 
34.9 120 13 04 50
34.9 244 0.00
34.905 22 -2.89
34.905 23 -1.90
34.905 25 -24.91
34.905 30 0.00
34.905 B1 2222.18 1702.02 
34.905 B3 2048.71 1528.88 
34.905 120 13 04 50
34.905 244 0.00
34.91 22 -2.88
34.91 23 -1.90
34.91 25 -24.91
34.91 30 0.00
34.91 B1 2222.03 1700.13 
34.91 B3 2046.84 1527.49 
34.91 120 13 04 50
34.91 244 0.00
34.915 22 -2.88
34.915 23 -1.89
34.915 25 -24.91
34.915 30 0.00
34.915 B1 2221.82 1698.24 
34.915 B3 2044.98 1526.10 
34.915 120 13 04 50
34.915 244 0.00
34.92 22 -2.88
34.92 23 -1.88
34.92 25 -24.91
34.92 30 0.00
34.92 B1 2221.58 1696.36 
34.92 B3 2043.12 1524.72 
34.92 120 13 04 50
34.92 244 0.00
34.925 22 -2.87
34.925 23 -1.87
34.925 25 -24.91
34.925 30 0.00
34.925 B1 2221.27 1694.48 
34.925 B3 2041.26 1523.33 
34.925 120 13 04 50
34.925 244 0.00
34.93 22 -2.86
34.93 23 -1.86
34.93 25 -24.91
34.93 30 0.00
34.93 B1 2220.92 1692.60 
34.93 B3 2039.40 1521.95 
34.93 120 13 04 50
34.93 244 0.00
34.935 22 -2.85
34.935 23 -1.85
34.935 25 -24.91
34.935 30 0.00
34.935 B1 2220.51 1690.72 
34.935 B3 2037.55 1520.56 
34.935 120 13 04 50
34.935 244 0.00
34.94 22 -2.84
34.94 23 -1.84
34.94 25 -24.91
34.94 30 0.00
34.94 B1 2220.04 1688.84 
34.94 B3 2035.69 1519.18 
34.94 120 13 04 50
34.94 244 0.00
34.945 22 -2.82
34.945 23 -1.82
34.945 25 -24.91
34.945 30 0.00
34.945 B1 2219.52 1686.97 
34.945 B3 2033.84 1517.80 
34.945 120 13 04 50
34.945 244 0.00
34.95 22 -6.34
34.95 23 -2.49
34.95 25 -24.91
34.95 30 0.00
34.95 B1 2218.95 1685.10 
34.95 B3 2153.47 1516.42 
34.95 120 13 04 50
34.95 244 0.00
34.955 22 -6.30
34.955 23 -1.56
34.955 25 -24.91
34.955 30 0.00
34.955 B1 2212.29 1683.23 
34.955 B3 2133.65 1515.04 
34.955 120 13 04 50
34.955 244 0.00
34.96 22 -8.88
34.96 23 -0.99
34.96 25 -24.91
34.96 30 0.00
34.96 B1 2205.03 1659.60 
34.96 B3 2123.15 1561.17 
34.96 120 13 04 50
34.96 244 0.00
34.965 22 -8.67
34.965 23 -0.88
34.965 25 -24.91
34.965 30 0.00
34.965 B1 2197.43 1637.27 
34.965 B3 2114.18 1576.99 
34.965 120 13 04 50
34.965 244 0.00
34.97 22 -8.18
34.97 23 -0.89
34.97 25 -24.91
34.97 30 0.00
34.97 B1 2190.14 1635.98 
34.97 B3 2106.10 1583.52 
34.97 120 13 04 50
34.97 244 0.00
34.975 22 -7.72
34.975 23 -0.85
34.975 25 -24.91
34.975 30 0.00
34.975 B1 2183.30 1639.15 
34.975 B3 2098.72 1586.68 
34.975 120 13 04 50
34.975 244 0.00
34.98 22 -7.25
34.98 23 -0.82
34.98 25 -24.91
34.98 30 0.00
34.98 B1 2177.00 1642.93 
34.98 B3 2092.02 1588.27 
34.98 120 13 04 50
34.98 244 0.00
34.985 22 -8.74
34.985 23 -1.16
34.985 25 -24.91
34.985 30 0.00
34.985 B1 2170.55 1647.29 
34.985 B3 2084.73 1516.52 
34.985 120 13 04 50
34.985 244 0.00
34.99 22 -7.91
34.99 23 -1.52
34.99 25 -24.91
34.99 30 0.00
34.99 B1 2163.66 1651.17 
34.99 B3 2076.64 1515.25 
34.99 120 13 04 50
34.99 244 0.00
34.995 22 -7.20
34.995 23 -1.50
34.995 25 -24.91
34.995 30 0.00
34.995 B1 2157.15 1654.10 
34.995 B3 2069.10 1517.37 
34.995 120 13 04 50
34.995 244 0.00
35 22 -6.59
35 23 -1.47
35 25 -24.91
35 30 0.00
35 B1 2151.27 1656.29 
35 B3 2062.41 1519.04 
35 120 13 04 50
35 244 0.00
35.005 22 -6.06
35.005 23 -1.44
35.005 25 -24.91
35.005 30 0.00
35.005 B1 2146.06 1657.89 
35.005 B3 2056.51 1520.13 
35.005 120 13 04 50
35.005 244 0.00
35.01 22 -5.61
35.01 23 -1.41
35.01 25 -24.91
35.01 30 0.00
35.01 B1 2141.46 1658.98 
35.01 B3 2051.31 1520.74 
35.01 120 13 04 50
35.01 244 0.00
35.015 22 -5.23
35.015 23 -1.39
35.015 25 -24.91
35.015 30 0.00
35.015 B1 2137.39 1659.66 
35.015 B3 2046.70 1520.95 
35.015 120 13 04 50
35.015 244 0.00
35.02 22 -4.90
35.02 23 -1.37
35.02 25 -24.91
35.02 30 0.00
35.02 B1 2133.79 1660.00 
35.02 B3 2042.58 1520.83 
35.02 120 13 04 50
35.02 244 0.00
35.025 22 -4.60
35.025 23 -1.35
35.025 25 -24.91
35.025 30 0.00
35.025 B1 2130.57 1660.03 
35.025 B3 2038.90 1520.42 
35.025 120 13 04 50
35.025 244 0.00
35.03 22 -4.34
35.03 23 -1.34
35.03 25 -24.91
35.03 30 0.00
35.03 B1 2127.70 1659.80 
35.03 B3 2035.59 1519.78 
35.03 120 13 04 50
35.03 244 0.00
35.035 22 -4.12
35.035 23 -1.33
35.035 25 -24.91
35.035 30 0.00
35.035 B1 2125.10 1659.34 
35.035 B3 2032.59 1518.94 
35.035 120 13 04 50
35.035 244 0.00
35.04 22 -3.93
35.04 23 -1.32
35.04 25 -24.91
35.04 30 0.00
35.04 B1 2122.75 1658.70 
35.04 B3 2029.87 1517.95 
35.04 120 13 04 50
35.04 244 0.00
35.045 22 -3.77
35.045 23 -1.32
35.045 25 -24.91
35.045 30 0.00
35.045 B1 2120.59 1657.89 
35.045 B3 2027.37 1516.83 
35.045 120 13 04 50
35.045 244 0.00
35.05 22 -3.64
35.05 23 -1.31
35.05 25 -24.91
35.05 30 0.00
35.05 B1 2118.58 1656.95 
35.05 B3 2025.06 1515.61 
35.05 120 13 04 50
35.05 244 0.00
35.055 22 -3.52
35.055 23 -1.31
35.055 25 -24.91
35.055 30 0.00
35.055 B1 2116.71 1655.89 
35.055 B3 2022.91 1514.30 
35.055 120 13 04 50
35.055 244 0.00
35.06 22 -3.42
35.06 23 -1.31
35.06 25 -24.91
35.06 30 0.00
35.06 B1 2114.95 1654.73 
35.06 B3 2020.89 1512.92 
35.06 120 13 04 50
35.06 244 0.00
35.065 22 -3.33
35.065 23 -1.32
35.065 25 -24.91
35.065 30 0.00
35.065 B1 2113.27 1653.49 
35.065 B3 2018.99 1511.49 
35.065 120 13 04 50
35.065 244 0.00
35.07 22 -3.26
35.07 23 -1.32
35.07 25 -24.91
35.07 30 0.00
35.07 B1 2111.67 1652.18 
35.07 B3 2017.19 1510.01 
35.07 120 13 04 50
35.07 244 0.00
35.075 22 -3.19
35.075 23 -1.32
35.075 25 -24.91
35.075 30 0.00
35.075 B1 2110.13 1650.80 
35.075 B3 2015.48 1508.50 
35.075 120 13 04 50
35.075 244 0.00
35.08 22 -3.14
35.08 23 -1.33
35.08 25 -24.91
35.08 30 0.00
35.08 B1 2108.63 1649.37 
35.08 B3 2013.84 1506.95 
35.08 120 13 04 50
35.08 244 0.00
35.085 22 -3.09
35.085 23 -1.33
35.085 25 -24.91
35.085 30 0.00
35.085 B1 2107.18 1647.89 
35.085 B3 2012.26 1505.38 
35.085 120 13 04 50
35.085 244 0.00
35.09 22 -3.05
35.09 23 -1.34
35.09 25 -24.91
35.09 30 0.00
35.09 B1 2105.76 1646.36 
35.09 B3 2010.74 1503.79 
35.09 120 13 04 50
35.09 244 0.00
35.095 22 -3.01
35.095 23 -1.34
35.095 25 -24.91
35.095 30 0.00
35.095 B1 2104.37 1644.80 
35.095 B3 2009.28 1502.18 
35.095 120 13 04 50
35.095 244 0.00
35.1 22 -2.98
35.1 23 -1.35
35.1 25 -24.91
35.1 30 0.00
35.1 B1 2103.00 1643.21 
35.1 B3 2007.86 1500.56 
35.1 120 13 04 50
35.1 244 0.00
35.105 22 -2.95
35.105 23 -1.35
35.105 25 -24.91
35.105 30 0.00
35.105 B1 2101.65 1641.58 
35.105 B3 2006.49 1498.93 
35.105 120 13 04 50
35.105 244 0.00
35.11 22 -2.93
35.11 23 -1.36
35.11 25 -24.91
35.11 30 0.00
35.11 B1 2100.32 1639.93 
35.11 B3 2005.15 1497.30 
35.11 120 13 04 50
35.11 244 0.00
35.115 22 -2.91
35.115 23 -1.36
35.115 25 -24.91
35.115 30 0.00
35.115 B1 2099.01 1638.26 
35.115 B3 2003.85 1495.66 
35.115 120 13 04 50
35.115 244 0.00
35.12 22 -2.89
35.12 23 -1.37
35.12 25 -24.91
35.12 30 0.00
35.12 B1 2097.70 1636.57 
35.12 B3 2002.58 1494.02 
35.12 120 13 04 50
35.12 244 0.00
35.125 22 -2.88
35.125 23 -1.37
35.125 25 -24.91
35.125 30 0.00
35.125 B1 2096.41 1634.86 
35.125 B3 2001.34 1492.37 
35.125 120 13 04 50
35.125 244 0.00
35.13 22 -2.86
35.13 23 -1.37
35.13 25 -24.91
35.13 30 0.00
35.13 B1 2095.12 1633.13 
35.13 B3 2000.13 1490.73 
35.13 120 13 04 50
35.13 244 0.00
35.135 22 -2.86
35.135 23 -1.38
35.135 25 -24.91
35.135 30 0.00
35.135 B1 2093.84 1631.40 
35.135 B3 1998.93 1489.09 
35.135 120 13 04 50
35.135 244 0.00
35.14 22 -2.85
35.14 23 -1.38
35.14 25 -24.91
35.14 30 0.00
35.14 B1 2092.56 1629.65 
35.14 B3 1997.76 1487.46 
35.14 120 13 04 50
35.14 244 0.00
35.145 22 -2.85
35.145 23 -1.38
35.145 25 -24.91
35.145 30 0.00
35.145 B1 2091.28 1627.90 
35.145 B3 1996.61 1485.83 
35.145 120 13 04 50
35.145 244 0.00
35.15 22 -2.85
35.15 23 -1.39
35.15 25 -24.91
35.15 30 0.00
35.15 B1 2089.99 1626.14 
35.15 B3 1995.47 1484.21 
35.15 120 13 04 50
35.15 244 0.00
35.155 22 -2.85
35.155 23 -1.39
35.155 25 -24.91
35.155 30 0.00
35.155 B1 2088.70 1624.38 
35.155 B3 1994.34 1482.60 
35.155 120 13 04 50
35.155 244 0.00
35.16 22 -2.86
35.16 23 -1.39
35.16 25 -24.91
35.16 30 0.00
35.16 B1 2087.41 1622.62 
35.16 B3 1993.22 1481.00 
35.16 120 13 04 50
35.16 244 0.00
35.165 22 -2.86
35.165 23 -1.39
35.165 25 -24.91
35.165 30 0.00
35.165 B1 2086.10 1620.86 
35.165 B3 1992.11 1479.41 
35.165 120 13 04 50
35.165 244 0.03
35.17 22 -2.89
35.17 23 -1.35
35.17 25 -24.91
35.17 30 0.00
35.17 B1 2092.76 1626.70 
35.17 B3 1998.86 1485.42 
35.17 120 13 04 50
35.17 244 0.03
35.175 22 -2.92
35.175 23 -1.27
35.175 25 -24.91
35.175 30 0.00
35.175 B1 2095.14 1627.99 
35.175 B3 2002.35 1487.86 
35.175 120 13 04 50
35.175 244 0.11
35.18 22 -2.97
35.18 23 -1.11
35.18 25 -24.91
35.18 30 0.00
35.18 B1 2115.50 1646.55 
35.18 B3 2023.61 1507.52 
35.18 120 13 04 50
35.18 244 0.11
35.185 22 -3.04
35.185 23 -0.88
35.185 25 -24.91
35.185 30 0.00
35.185 B1 2124.25 1653.02 
35.185 B3 2035.51 1517.21 
35.185 120 13 04 50
35.185 244 0.11
35.19 22 -3.08
35.19 23 -0.78
35.19 25 -24.91
35.19 30 0.00
35.19 B1 2128.03 1655.11 
35.19 B3 2042.19 1521.89 
35.19 120 13 04 50
35.19 244 0.13
35.195 22 -3.12
35.195 23 -0.69
35.195 25 -24.91
35.195 30 0.00
35.195 B1 2135.63 1661.29 
35.195 B3 2051.79 1529.72 
35.195 120 13 04 50
35.195 244 0.13
35.2 22 -3.16
35.2 23 -0.61
35.2 25 -24.91
35.2 30 0.00
35.2 B1 2139.09 1663.43 
35.2 B3 2057.20 1533.45 
35.2 120 13 04 50
35.2 244 0.18
35.205 22 -3.21
35.205 23 -0.50
35.205 25 -24.91
35.205 30 0.00
35.205 B1 2151.65 1674.47 
35.205 B3 2070.95 1545.43 
35.205 120 13 04 50
35.205 244 0.18
35.21 22 -3.27
35.21 23 -0.36
35.21 25 -24.91
35.21 30 0.00
35.21 B1 2157.50 1678.62 
35.21 B3 2078.68 1551.16 
35.21 120 13 04 50
35.21 244 0.20
35.215 22 -3.31
35.215 23 -0.26
35.215 25 -24.91
35.215 30 0.00
35.215 B1 2166.45 1685.90 
35.215 B3 2088.90 1559.34 
35.215 120 13 04 50
35.215 244 0.20
35.22 22 -3.36
35.22 23 -0.17
35.22 25 -24.91
35.22 30 0.00
35.22 B1 2170.97 1688.81 
35.22 B3 2094.72 1563.08 
35.22 120 13 04 50
35.22 244 0.25
35.225 22 -3.42
35.225 23 -0.05
35.225 25 -24.91
35.225 30 0.00
35.225 B1 2186.40 1702.30 
35.225 B3 2110.63 1576.65 
35.225 120 13 04 50
35.225 244 0.29
35.23 22 -3.49
35.23 23 0.17
35.23 25 -24.91
35.23 30 0.00
35.23 B1 2202.83 1716.05 
35.23 B3 2128.20 1591.15 
35.23 120 13 04 50
35.23 244 0.33
35.235 22 -3.57
35.235 23 0.40
35.235 25 -24.91
35.235 30 0.00
35.235 B1 2220.91 1730.97 
35.235 B3 2147.69 1606.95 
35.235 120 13 04 50
35.235 244 0.33
35.24 22 -3.64
35.24 23 0.58
35.24 25 -24.91
35.24 30 0.00
35.24 B1 2230.19 1737.21 
35.24 B3 2158.74 1614.13 
35.24 120 13 04 50
35.24 244 0.36
35.245 22 -3.70
35.245 23 0.71
35.245 25 -24.91
35.245 30 0.00
35.245 B1 2243.70 1747.83 
35.245 B3 2172.99 1624.59 
35.245 120 13 04 50
35.245 244 0.38
35.25 22 -3.76
35.25 23 0.87
35.25 25 -24.91
35.25 30 0.00
35.25 B1 2256.27 1757.36 
35.25 B3 2186.16 1633.80 
35.25 120 13 04 50
35.25 244 0.40
35.255 22 -3.81
35.255 23 1.01
35.255 25 -24.91
35.255 30 0.00
35.255 B1 2268.63 1766.61 
35.255 B3 2198.82 1642.44 
35.255 120 13 04 50
35.255 244 0.40
35.26 22 -3.86
35.26 23 1.11
35.26 25 -24.91
35.26 30 0.00
35.26 B1 2276.14 1771.24 
35.26 B3 2206.55 1646.34 
35.26 120 13 04 50
35.26 244 0.43
35.265 22 -3.90
35.265 23 1.19
35.265 25 -24.91
35.265 30 0.00
35.265 B1 2288.52 1780.76 
35.265 B3 2218.39 1654.47 
35.265 120 13 04 50
35.265 244 0.44
35.27 22 -3.96
35.27 23 1.31
35.27 25 -24.91
35.27 30 0.00
35.27 B1 2300.20 1789.32 
35.27 B3 2229.61 1661.81 
35.27 120 13 04 50
35.27 244 0.44
35.275 22 -4.00
35.275 23 1.40
35.275 25 -24.91
35.275 30 0.00
35.275 B1 2307.77 1793.98 
35.275 B3 2236.81 1665.33 
35.275 120 13 04 50
35.275 244 0.44
35.28 22 -4.02
35.28 23 1.43
35.28 25 -24.91
35.28 30 0.00
35.28 B1 2313.62 1797.33 
35.28 B3 2241.99 1667.30 
35.28 120 13 04 50
35.28 244 0.44
35.285 22 -4.05
35.285 23 1.45
35.285 25 -24.91
35.285 30 0.00
35.285 B1 2319.72 1801.17 
35.285 B3 2247.10 1669.58 
35.285 120 13 04 50
35.285 244 0.44
35.29 22 -4.07
35.29 23 1.46
35.29 25 -24.91
35.29 30 0.00
35.29 B1 2324.94 1804.31 
35.29 B3 2251.27 1671.22 
35.29 120 13 04 50
35.29 244 0.44
35.295 22 -4.09
35.295 23 1.46
35.295 25 -24.91
35.295 30 0.00
35.295 B1 2329.77 1807.23 
35.295 B3 2254.98 1672.68 
35.295 120 13 04 50
35.295 244 0.45
35.3 22 -4.11
35.3 23 1.47
35.3 25 -24.91
35.3 30 0.00
35.3 B1 2335.42 1811.02 
35.3 B3 2259.44 1675.04 
35.3 120 13 04 50
35.3 244 0.45
35.305 22 -4.13
35.305 23 1.48
35.305 25 -24.91
35.305 30 0.00
35.305 B1 2340.43 1814.22 
35.305 B3 2263.38 1676.98 
35.305 120 13 04 50
35.305 244 0.45
35.31 22 -4.14
35.31 23 1.48
35.31 25 -24.91
35.31 30 0.00
35.31 B1 2345.16 1817.26 
35.31 B3 2267.10 1678.86 
35.31 120 13 04 50
35.31 244 0.45
35.315 22 -4.16
35.315 23 1.48
35.315 25 -24.91
35.315 30 0.00
35.315 B1 2349.75 1820.27 
35.315 B3 2270.74 1680.79 
35.315 120 13 04 50
35.315 244 0.45
35.32 22 -4.17
35.32 23 1.47
35.32 25 -24.91
35.32 30 0.00
35.32 B1 2354.28 1823.31 
35.32 B3 2274.37 1682.84 
35.32 120 13 04 50
35.32 244 0.44
35.325 22 -4.18
35.325 23 1.46
35.325 25 -24.91
35.325 30 0.00
35.325 B1 2357.78 1825.47 
35.325 B3 2277.09 1684.16 
35.325 120 13 04 50
35.325 244 0.44
35.33 22 -4.17
35.33 23 1.44
35.33 25 -24.91
35.33 30 0.00
35.33 B1 2357.64 1828.01 
35.33 B3 2280.14 1690.27 
35.33 120 13 04 50
35.33 244 0.45
35.335 22 -4.20
35.335 23 1.50
35.335 25 -24.91
35.335 30 0.00
35.335 B1 2364.80 1829.91 
35.335 B3 2283.13 1686.93 
35.335 120 13 04 50
35.335 244 0.45
35.34 22 -4.21
35.34 23 1.46
35.34 25 -24.91
35.34 30 0.00
35.34 B1 2369.84 1833.18 
35.34 B3 2286.68 1689.00 
35.34 120 13 04 50
35.34 244 0.45
35.345 22 -4.22
35.345 23 1.46
35.345 25 -24.91
35.345 30 0.00
35.345 B1 2374.40 1836.42 
35.345 B3 2290.48 1691.64 
35.345 120 13 04 50
35.345 244 0.45
35.35 22 -4.23
35.35 23 1.45
35.35 25 -24.91
35.35 30 0.00
35.35 B1 2378.83 1839.70 
35.35 B3 2294.42 1694.43 
35.35 120 13 04 50
35.35 244 0.45
35.355 22 -4.24
35.355 23 1.45
35.355 25 -24.91
35.355 30 0.00
35.355 B1 2383.25 1843.03 
35.355 B3 2298.45 1697.34 
35.355 120 13 04 50
35.355 244 0.45
35.36 22 -4.24
35.36 23 1.44
35.36 25 -24.91
35.36 30 0.00
35.36 B1 2388.97 1847.72 
35.36 B3 2303.76 1701.54 
35.36 120 13 04 50
35.36 244 0.45
35.365 22 -4.26
35.365 23 1.46
35.365 25 -24.91
35.365 30 0.00
35.365 B1 2392.37 1849.78 
35.365 B3 2307.18 1703.54 
35.365 120 13 04 50
35.365 244 0.45
35.37 22 -4.26
35.37 23 1.43
35.37 25 -24.91
35.37 30 0.00
35.37 B1 2396.58 1853.29 
35.37 B3 2311.20 1706.69 
35.37 120 13 04 50
35.37 244 0.45
35.375 22 -4.26
35.375 23 1.43
35.375 25 -24.91
35.375 30 0.00
35.375 B1 2400.95 1856.78 
35.375 B3 2315.45 1709.95 
35.375 120 13 04 50
35.375 244 0.45
35.38 22 -4.26
35.38 23 1.42
35.38 25 -24.91
35.38 30 0.00
35.38 B1 2405.37 1860.29 
35.38 B3 2319.82 1713.31 
35.38 120 13 04 50
35.38 244 0.44
35.385 22 -4.27
35.385 23 1.42
35.385 25 -24.91
35.385 30 0.00
35.385 B1 2408.49 1862.52 
35.385 B3 2323.06 1715.53 
35.385 120 13 04 50
35.385 244 0.44
35.39 22 -4.27
35.39 23 1.39
35.39 25 -24.91
35.39 30 0.00
35.39 B1 2412.63 1866.14 
35.39 B3 2327.15 1718.92 
35.39 120 13 04 50
35.39 244 0.45
35.395 22 -4.27
35.395 23 1.38
35.395 25 -24.91
35.395 30 0.00
35.395 B1 2418.31 1871.01 
35.395 B3 2332.72 1723.62 
35.395 120 13 04 50
35.395 244 0.44
35.4 22 -4.28
35.4 23 1.40
35.4 25 -24.91
35.4 30 0.00
35.4 B1 2420.40 1871.93 
35.4 B3 2335.27 1724.88 
35.4 120 13 04 50
35.4 244 0.44
35.405 22 -4.28
35.405 23 1.35
35.405 25 -24.91
35.405 30 0.00
35.405 B1 2424.32 1875.64 
35.405 B3 2339.18 1728.32 
35.405 120 13 04 50
35.405 244 0.44
35.41 22 -4.28
35.41 23 1.35
35.41 25 -24.91
35.41 30 0.00
35.41 B1 2428.62 1879.23 
35.41 B3 2343.55 1731.92 
35.41 120 13 04 50
35.41 244 0.44
35.415 22 -4.28
35.415 23 1.34
35.415 25 -24.91
35.415 30 0.00
35.415 B1 2433.01 1882.84 
35.415 B3 2348.10 1735.57 
35.415 120 13 04 50
35.415 244 0.44
35.42 22 -4.29
35.42 23 1.34
35.42 25 -24.91
35.42 30 0.00
35.42 B1 2437.44 1886.46 
35.42 B3 2352.74 1739.24 
35.42 120 13 04 50
35.42 244 0.44
35.425 22 -4.29
35.425 23 1.33
35.425 25 -24.91
35.425 30 0.00
35.425 B1 2441.90 1890.10 
35.425 B3 2357.42 1742.95 
35.425 120 13 04 50
35.425 244 0.44
35.43 22 -4.30
35.43 23 1.33
35.43 25 -24.91
35.43 30 0.00
35.43 B1 2446.36 1893.75 
35.43 B3 2362.14 1746.68 
35.43 120 13 04 50
35.43 244 0.44
35.435 22 -4.30
35.435 23 1.32
35.435 25 -24.91
35.435 30 0.00
35.435 B1 2450.85 1897.41 
35.435 B3 2366.88 1750.43 
35.435 120 13 04 50
35.435 244 0.44
35.44 22 -4.31
35.44 23 1.32
35.44 25 -24.91
35.44 30 0.00
35.44 B1 2455.35 1901.09 
35.44 B3 2371.65 1754.20 
35.44 120 13 04 50
35.44 244 0.44
35.445 22 -4.31
35.445 23 1.32
35.445 25 -24.91
35.445 30 0.00
35.445 B1 2459.88 1904.77 
35.445 B3 2376.45 1757.98 
35.445 120 13 04 50
35.445 244 0.44
35.45 22 -4.32
35.45 23 1.31
35.45 25 -25.00
35.45 30 0.00
35.45 B1 2464.41 1908.46 
35.45 B3 2381.25 1761.77 
35.45 120 13 04 50
35.45 244 0.44
35.455 22 -4.38
35.455 23 1.28
35.455 25 -24.91
35.455 30 0.00
35.455 B1 2468.62 1912.09 
35.455 B3 2386.07 1765.58 
35.455 120 13 04 50
35.455 244 0.44
35.46 22 -4.33
35.46 23 1.30
35.46 25 -24.91
35.46 30 0.00
35.46 B1 2473.50 1915.81 
35.46 B3 2390.91 1769.28 
35.46 120 13 04 50
35.46 244 0.44
35.465 22 -4.34
35.465 23 1.30
35.465 25 -24.91
35.465 30 0.00
35.465 B1 2478.14 1919.51 
35.465 B3 2395.76 1773.08 
35.465 120 13 04 50
35.465 244 0.44
35.47 22 -4.34
35.47 23 1.30
35.47 25 -24.91
35.47 30 0.00
35.47 B1 2481.42 1921.89 
35.47 B3 2399.40 1775.68 
35.47 120 13 04 50
35.47 244 0.44
35.475 22 -4.35
35.475 23 1.27
35.475 25 -24.91
35.475 30 0.00
35.475 B1 2485.67 1925.57 
35.475 B3 2403.78 1779.31 
35.475 120 13 04 50
35.475 244 0.44
35.48 22 -4.35
35.48 23 1.27
35.48 25 -24.91
35.48 30 0.00
35.48 B1 2491.46 1930.54 
35.48 B3 2409.61 1784.24 
35.48 120 13 04 50
35.48 244 0.44
35.485 22 -4.37
35.485 23 1.28
35.485 25 -24.91
35.485 30 0.00
35.485 B1 2495.01 1932.88 
35.485 B3 2413.60 1786.95 
35.485 120 13 04 50
35.485 244 0.44
35.49 22 -4.37
35.49 23 1.26
35.49 25 -24.91
35.49 30 0.00
35.49 B1 2500.66 1937.85 
35.49 B3 2419.29 1791.74 
35.49 120 13 04 50
35.49 244 0.44
35.495 22 -4.39
35.495 23 1.28
35.495 25 -24.91
35.495 30 0.00
35.495 B1 2504.18 1940.20 
35.495 B3 2423.23 1794.42 
35.495 120 13 04 50
35.495 244 0.44
35.5 22 -4.39
35.5 23 1.26
35.5 25 -24.91
35.5 30 0.00
35.5 B1 2508.51 1943.82 
35.5 B3 2427.68 1797.97 
35.5 120 13 04 50
35.5 244 0.44
35.505 22 -4.40
35.505 23 1.25
35.505 25 -24.91
35.505 30 0.00
35.505 B1 2513.01 1947.44 
35.505 B3 2432.32 1801.62 
35.505 120 13 04 50
35.505 244 0.44
35.51 22 -4.41
35.51 23 1.25
35.51 25 -24.91
35.51 30 0.00
35.51 B1 2517.54 1951.03 
35.51 B3 2437.00 1805.26 
35.51 120 13 04 50
35.51 244 0.44
35.515 22 -4.42
35.515 23 1.24
35.515 25 -24.91
35.515 30 0.00
35.515 B1 2523.42 1955.94 
35.515 B3 2442.89 1810.08 
35.515 120 13 04 50
35.515 244 0.44
35.52 22 -4.44
35.52 23 1.26
35.52 25 -24.91
35.52 30 0.00
35.52 B1 2528.32 1959.57 
35.52 B3 2448.06 1813.88 
35.52 120 13 04 50
35.52 244 0.44
35.525 22 -4.45
35.525 23 1.26
35.525 25 -24.91
35.525 30 0.00
35.525 B1 2533.01 1963.18 
35.525 B3 2452.96 1817.53 
35.525 120 13 04 50
35.525 244 0.44
35.53 22 -4.46
35.53 23 1.26
35.53 25 -24.91
35.53 30 0.00
35.53 B1 2538.95 1968.10 
35.53 B3 2458.95 1822.33 
35.53 120 13 04 50
35.53 244 0.44
35.535 22 -4.48
35.535 23 1.27
35.535 25 -24.91
35.535 30 0.00
35.535 B1 2543.92 1971.75 
35.535 B3 2464.17 1826.12 
35.535 120 13 04 50
35.535 244 0.44
35.54 22 -4.49
35.54 23 1.27
35.54 25 -24.91
35.54 30 0.00
35.54 B1 2548.65 1975.37 
35.54 B3 2469.09 1829.74 
35.54 120 13 04 50
35.54 244 0.44
35.545 22 -4.50
35.545 23 1.27
35.545 25 -24.91
35.545 30 0.00
35.545 B1 2553.31 1978.98 
35.545 B3 2473.89 1833.32 
35.545 120 13 04 50
35.545 244 0.44
35.55 22 -4.52
35.55 23 1.27
35.55 25 -25.00
35.55 30 0.00
35.55 B1 2556.64 1981.25 
35.55 B3 2477.43 1835.68 
35.55 120 13 04 50
35.55 244 0.44
35.555 22 -4.58
35.555 23 1.22
35.555 25 -25.00
35.555 30 0.00
35.555 B1 2560.55 1984.68 
35.555 B3 2481.64 1838.98 
35.555 120 13 04 50
35.555 244 0.44
35.56 22 -4.59
35.56 23 1.21
35.56 25 -24.91
35.56 30 0.00
35.56 B1 2564.98 1988.16 
35.56 B3 2486.10 1842.30 
35.56 120 13 04 50
35.56 244 0.44
35.565 22 -4.55
35.565 23 1.23
35.565 25 -24.91
35.565 30 0.00
35.565 B1 2571.22 1993.02 
35.565 B3 2491.83 1846.83 
35.565 120 13 04 50
35.565 244 0.44
35.57 22 -4.57
35.57 23 1.25
35.57 25 -24.91
35.57 30 0.00
35.57 B1 2576.22 1996.60 
35.57 B3 2496.86 1850.46 
35.57 120 13 04 50
35.57 244 0.44
35.575 22 -4.58
35.575 23 1.25
35.575 25 -24.91
35.575 30 0.00
35.575 B1 2580.90 2000.12 
35.575 B3 2501.63 1853.94 
35.575 120 13 04 50
35.575 244 0.44
35.58 22 -4.60
35.58 23 1.25
35.58 25 -24.91
35.58 30 0.00
35.58 B1 2585.48 2003.62 
35.58 B3 2506.28 1857.38 
35.58 120 13 04 50
35.58 244 0.44
35.585 22 -4.61
35.585 23 1.24
35.585 25 -24.91
35.585 30 0.00
35.585 B1 2590.03 2007.11 
35.585 B3 2510.87 1860.79 
35.585 120 13 04 50
35.585 244 0.44
35.59 22 -4.63
35.59 23 1.24
35.59 25 -24.91
35.59 30 0.00
35.59 B1 2594.56 2010.58 
35.59 B3 2515.43 1864.18 
35.59 120 13 04 50
35.59 244 0.44
35.595 22 -4.64
35.595 23 1.24
35.595 25 -24.91
35.595 30 0.00
35.595 B1 2599.06 2014.04 
35.595 B3 2519.97 1867.55 
35.595 120 13 04 50
35.595 244 0.45
35.6 22 -4.66
35.6 23 1.23
35.6 25 -24.91
35.6 30 0.00
35.6 B1 2606.20 2020.13 
35.6 B3 2526.87 1873.30 
35.6 120 13 04 50
35.6 244 0.45
35.605 22 -4.69
35.605 23 1.27
35.605 25 -24.91
35.605 30 0.00
35.605 B1 2611.47 2023.78 
35.605 B3 2532.38 1877.14 
35.605 120 13 04 50
35.605 244 0.45
35.61 22 -4.70
35.61 23 1.27
35.61 25 -24.91
35.61 30 0.00
35.61 B1 2616.24 2027.29 
35.61 B3 2537.34 1880.63 
35.61 120 13 04 50
35.61 244 0.45
35.615 22 -4.72
35.615 23 1.27
35.615 25 -24.91
35.615 30 0.00
35.615 B1 2619.54 2029.47 
35.615 B3 2540.87 1882.85 
35.615 120 13 04 50
35.615 244 0.45
35.62 22 -4.73
35.62 23 1.24
35.62 25 -24.91
35.62 30 0.00
35.62 B1 2623.71 2032.84 
35.62 B3 2545.00 1886.00 
35.62 120 13 04 50
35.62 244 0.45
35.625 22 -4.75
35.625 23 1.24
35.625 25 -24.91
35.625 30 0.00
35.625 B1 2628.10 2036.28 
35.625 B3 2549.33 1889.30 
35.625 120 13 04 50
35.625 244 0.45
35.63 22 -4.76
35.63 23 1.23
35.63 25 -24.91
35.63 30 0.00
35.63 B1 2632.53 2039.69 
35.63 B3 2553.74 1892.62 
35.63 120 13 04 50
35.63 244 0.45
35.635 22 -4.78
35.635 23 1.23
35.635 25 -24.91
35.635 30 0.00
35.635 B1 2638.30 2044.42 
35.635 B3 2559.38 1897.14 
35.635 120 13 04 50
35.635 244 0.45
35.64 22 -4.80
35.64 23 1.24
35.64 25 -25.00
35.64 30 0.00
35.64 B1 2643.13 2047.94 
35.64 B3 2564.34 1900.70 
35.64 120 13 04 50
35.64 244 0.45
35.645 22 -4.87
35.645 23 1.21
35.645 25 -24.91
35.645 30 0.00
35.645 B1 2647.36 2051.29 
35.645 B3 2569.02 1904.09 
35.645 120 13 04 50
35.645 244 0.45
35.65 22 -4.83
35.65 23 1.24
35.65 25 -24.91
35.65 30 0.00
35.65 B1 2652.15 2054.76 
35.65 B3 2573.60 1907.34 
35.65 120 13 04 50
35.65 244 0.45
35.655 22 -4.85
35.655 23 1.23
35.655 25 -24.91
35.655 30 0.00
35.655 B1 2656.70 2058.17 
35.655 B3 2578.11 1910.67 
35.655 120 13 04 50
35.655 244 0.45
35.66 22 -4.86
35.66 23 1.23
35.66 25 -24.91
35.66 30 0.00
35.66 B1 2661.15 2061.59 
35.66 B3 2582.59 1914.00 
35.66 120 13 04 50
35.66 244 0.45
35.665 22 -4.88
35.665 23 1.22
35.665 25 -24.91
35.665 30 0.00
35.665 B1 2665.58 2064.98 
35.665 B3 2587.06 1917.33 
35.665 120 13 04 50
35.665 244 0.46
35.67 22 -4.90
35.67 23 1.22
35.67 25 -24.91
35.67 30 0.00
35.67 B1 2671.31 2069.69 
35.67 B3 2592.71 1921.86 
35.67 120 13 04 50
35.67 244 0.46
35.675 22 -4.92
35.675 23 1.23
35.675 25 -24.91
35.675 30 0.00
35.675 B1 2677.44 2074.53 
35.675 B3 2598.88 1926.64 
35.675 120 13 04 50
35.675 244 0.46
35.68 22 -4.94
35.68 23 1.25
35.68 25 -24.91
35.68 30 0.00
35.68 B1 2682.41 2078.09 
35.68 B3 2604.09 1930.32 
35.68 120 13 04 50
35.68 244 0.46
35.685 22 -4.96
35.685 23 1.25
35.685 25 -24.91
35.685 30 0.00
35.685 B1 2688.35 2082.86 
35.685 B3 2610.12 1934.97 
35.685 120 13 04 50
35.685 244 0.46
35.69 22 -4.98
35.69 23 1.27
35.69 25 -24.91
35.69 30 0.00
35.69 B1 2693.30 2086.46 
35.69 B3 2615.31 1938.65 
35.69 120 13 04 50
35.69 244 0.47
35.695 22 -4.99
35.695 23 1.27
35.695 25 -24.91
35.695 30 0.00
35.695 B1 2699.26 2091.28 
35.695 B3 2621.36 1943.34 
35.695 120 13 04 50
35.695 244 0.47
35.7 22 -5.01
35.7 23 1.29
35.7 25 -24.91
35.7 30 0.00
35.7 B1 2704.25 2094.90 
35.7 B3 2626.59 1947.07 
35.7 120 13 04 50
35.7 244 0.48
35.705 22 -5.03
35.705 23 1.29
35.705 25 -24.91
35.705 30 0.00
35.705 B1 2711.58 2101.07 
35.705 B3 2633.88 1953.00 
35.705 120 13 04 50
35.705 244 0.48
35.71 22 -5.06
35.71 23 1.32
35.71 25 -24.91
35.71 30 0.00
35.71 B1 2717.04 2104.89 
35.71 B3 2639.70 1957.04 
35.71 120 13 04 50
35.71 244 0.48
35.715 22 -5.07
35.715 23 1.32
35.715 25 -25.00
35.715 30 0.00
35.715 B1 2721.95 2108.51 
35.715 B3 2644.92 1960.71 
35.715 120 13 04 50
35.715 244 0.48
35.72 22 -5.14
35.72 23 1.30
35.72 25 -24.91
35.72 30 0.00
35.72 B1 2726.33 2112.02 
35.72 B3 2649.89 1964.31 
35.72 120 13 04 50
35.72 244 0.47
35.725 22 -5.10
35.725 23 1.32
35.725 25 -24.91
35.725 30 0.00
35.725 B1 2730.00 2114.36 
35.725 B3 2653.55 1966.60 
35.725 120 13 04 50
35.725 244 0.48
35.73 22 -5.11
35.73 23 1.29
35.73 25 -24.91
35.73 30 0.00
35.73 B1 2735.63 2119.13 
35.73 B3 2659.01 1971.08 
35.73 120 13 04 50
35.73 244 0.48
35.735 22 -5.13
35.735 23 1.30
35.735 25 -24.91
35.735 30 0.00
35.735 B1 2740.57 2122.83 
35.735 B3 2664.06 1974.85 
35.735 120 13 04 50
35.735 244 0.48
35.74 22 -5.15
35.74 23 1.30
35.74 25 -24.91
35.74 30 0.00
35.74 B1 2745.29 2126.43 
35.74 B3 2668.93 1978.46 
35.74 120 13 04 50
35.74 244 0.48
35.745 22 -5.17
35.745 23 1.30
35.745 25 -24.91
35.745 30 0.00
35.745 B1 2749.95 2130.01 
35.745 B3 2673.74 1982.05 
35.745 120 13 04 50
35.745 244 0.48
35.75 22 -5.18
35.75 23 1.29
35.75 25 -24.91
35.75 30 0.00
35.75 B1 2754.58 2133.59 
35.75 B3 2678.52 1985.63 
35.75 120 13 04 50
35.75 244 0.48
35.755 22 -5.20
35.755 23 1.29
35.755 25 -24.91
35.755 30 0.00
35.755 B1 2759.20 2137.17 
35.755 B3 2683.27 1989.21 
35.755 120 13 04 50
35.755 244 0.48
35.76 22 -5.22
35.76 23 1.28
35.76 25 -24.91
35.76 30 0.00
35.76 B1 2763.80 2140.74 
35.76 B3 2688.02 1992.78 
35.76 120 13 04 50
35.76 244 0.48
35.765 22 -5.23
35.765 23 1.28
35.765 25 -24.91
35.765 30 0.00
35.765 B1 2768.41 2144.31 
35.765 B3 2692.77 1996.36 
35.765 120 13 04 50
35.765 244 0.48
35.77 22 -5.25
35.77 23 1.27
35.77 25 -24.91
35.77 30 0.00
35.77 B1 2773.01 2147.87 
35.77 B3 2697.50 1999.93 
35.77 120 13 04 50
35.77 244 0.48
35.775 22 -5.26
35.775 23 1.27
35.775 25 -24.91
35.775 30 0.00
35.775 B1 2777.60 2151.43 
35.775 B3 2702.24 2003.50 
35.775 120 13 04 50
35.775 244 0.47
35.78 22 -5.28
35.78 23 1.26
35.78 25 -25.00
35.78 30 0.00
35.78 B1 2780.86 2153.67 
35.78 B3 2705.77 2005.87 
35.78 120 13 04 50
35.78 244 0.48
35.785 22 -5.34
35.785 23 1.21
35.785 25 -25.00
35.785 30 0.00
35.785 B1 2785.94 2158.27 
35.785 B3 2711.14 2010.33 
35.785 120 13 04 50
35.785 244 0.48
35.79 22 -5.36
35.79 23 1.22
35.79 25 -25.00
35.79 30 0.00
35.79 B1 2790.72 2161.89 
35.79 B3 2716.15 2014.00 
35.79 120 13 04 50
35.79 244 0.48
35.795 22 -5.37
35.795 23 1.22
35.795 25 -25.00
35.795 30 0.00
35.795 B1 2795.41 2165.40 
35.795 B3 2720.99 2017.48 
35.795 120 13 04 50
35.795 244 0.48
35.8 22 -5.39
35.8 23 1.22
35.8 25 -25.00
35.8 30 0.00
35.8 B1 2800.06 2168.91 
35.8 B3 2725.77 2020.94 
35.8 120 13 04 50
35.8 244 0.48
35.805 22 -5.40
35.805 23 1.21
35.805 25 -25.00
35.805 30 0.00
35.805 B1 2804.70 2172.42 
35.805 B3 2730.51 2024.39 
35.805 120 13 04 50
35.805 244 0.48
35.81 22 -5.41
35.81 23 1.21
35.81 25 -25.00
35.81 30 0.00
35.81 B1 2809.31 2175.92 
35.81 B3 2735.23 2027.83 
35.81 120 13 04 50
35.81 244 0.47
35.815 22 -5.43
35.815 23 1.21
35.815 25 -24.91
35.815 30 0.00
35.815 B1 2812.61 2178.09 
35.815 B3 2738.74 2030.08 
35.815 120 13 04 50
35.815 244 0.48
35.82 22 -5.38
35.82 23 1.21
35.82 25 -24.91
35.82 30 0.00
35.82 B1 2818.44 2182.83 
35.82 B3 2744.09 2034.43 
35.82 120 13 04 50
35.82 244 0.48
35.825 22 -5.41
35.825 23 1.22
35.825 25 -24.91
35.825 30 0.00
35.825 B1 2823.38 2186.50 
35.825 B3 2749.04 2038.17 
35.825 120 13 04 50
35.825 244 0.48
35.83 22 -5.42
35.83 23 1.22
35.83 25 -24.91
35.83 30 0.00
35.83 B1 2828.02 2190.02 
35.83 B3 2753.84 2041.77 
35.83 120 13 04 50
35.83 244 0.48
35.835 22 -5.44
35.835 23 1.21
35.835 25 -24.91
35.835 30 0.00
35.835 B1 2832.56 2193.54 
35.835 B3 2758.56 2045.34 
35.835 120 13 04 50
35.835 244 0.47
35.84 22 -5.46
35.84 23 1.21
35.84 25 -24.91
35.84 30 0.00
35.84 B1 2835.76 2195.73 
35.84 B3 2762.05 2047.70 
35.84 120 13 04 50
35.84 244 0.47
35.845 22 -5.47
35.845 23 1.19
35.845 25 -24.91
35.845 30 0.00
35.845 B1 2839.79 2199.04 
35.845 B3 2766.16 2050.94 
35.845 120 13 04 50
35.845 244 0.48
35.85 22 -5.48
35.85 23 1.18
35.85 25 -25.00
35.85 30 0.00
35.85 B1 2845.40 2203.80 
35.85 B3 2771.73 2055.57 
35.85 120 13 04 50
35.85 244 0.48
35.855 22 -5.56
35.855 23 1.16
35.855 25 -25.00
35.855 30 0.00
35.855 B1 2849.87 2207.32 
35.855 B3 2776.78 2059.36 
35.855 120 13 04 50
35.855 244 0.48
35.86 22 -5.57
35.86 23 1.16
35.86 25 -25.00
35.86 30 0.00
35.86 B1 2854.40 2210.78 
35.86 B3 2781.61 2062.85 
35.86 120 13 04 50
35.86 244 0.48
35.865 22 -5.58
35.865 23 1.16
35.865 25 -25.00
35.865 30 0.00
35.865 B1 2858.94 2214.23 
35.865 B3 2786.34 2066.27 
35.865 120 13 04 50
35.865 244 0.47
35.87 22 -5.60
35.87 23 1.15
35.87 25 -24.91
35.87 30 0.00
35.87 B1 2862.16 2216.35 
35.87 B3 2789.82 2068.48 
35.87 120 13 04 50
35.87 244 0.47
35.875 22 -5.56
35.875 23 1.16
35.875 25 -24.91
35.875 30 0.00
35.875 B1 2866.60 2219.71 
35.875 B3 2793.90 2071.56 
35.875 120 13 04 50
35.875 244 0.47
35.88 22 -5.57
35.88 23 1.15
35.88 25 -25.00
35.88 30 0.00
35.88 B1 2871.00 2223.13 
35.88 B3 2798.22 2074.94 
35.88 120 13 04 50
35.88 244 0.48
35.885 22 -5.64
35.885 23 1.12
35.885 25 -25.00
35.885 30 0.00
35.885 B1 2876.32 2227.74 
35.885 B3 2803.86 2079.58 
35.885 120 13 04 50
35.885 244 0.47
35.89 22 -5.66
35.89 23 1.13
35.89 25 -25.00
35.89 30 0.00
35.89 B1 2879.77 2229.99 
35.89 B3 2807.73 2082.07 
35.89 120 13 04 50
35.89 244 0.47
35.895 22 -5.67
35.895 23 1.11
35.895 25 -25.00
35.895 30 0.00
35.895 B1 2883.89 2233.21 
35.895 B3 2811.97 2085.20 
35.895 120 13 04 50
35.895 244 0.48
35.9 22 -5.68
35.9 23 1.10
35.9 25 -24.91
35.9 30 0.00
35.9 B1 2889.53 2237.89 
35.9 B3 2817.56 2089.68 
35.9 120 13 04 50
35.9 244 0.47
35.905 22 -5.65
35.905 23 1.14
35.905 25 -24.91
35.905 30 0.00
35.905 B1 2893.45 2240.25 
35.905 B3 2821.39 2092.13 
35.905 120 13 04 50
35.905 244 0.47
35.91 22 -5.67
35.91 23 1.13
35.91 25 -25.00
35.91 30 0.00
35.91 B1 2897.65 2243.50 
35.91 B3 2825.58 2095.33 
35.91 120 13 04 50
35.91 244 0.47
35.915 22 -5.73
35.915 23 1.09
35.915 25 -25.00
35.915 30 0.00
35.915 B1 2901.54 2246.75 
35.915 B3 2829.94 2098.71 
35.915 120 13 04 50
35.915 244 0.47
35.92 22 -5.75
35.92 23 1.09
35.92 25 -25.00
35.92 30 0.00
35.92 B1 2905.76 2250.07 
35.92 B3 2834.37 2102.04 
35.92 120 13 04 50
35.92 244 0.47
35.925 22 -5.76
35.925 23 1.08
35.925 25 -25.00
35.925 30 0.00
35.925 B1 2910.09 2253.40 
35.925 B3 2838.83 2105.35 
35.925 120 13 04 50
35.925 244 0.47
35.93 22 -5.78
35.93 23 1.08
35.93 25 -24.91
35.93 30 0.00
35.93 B1 2914.45 2256.73 
35.93 B3 2843.29 2108.66 
35.93 120 13 04 50
35.93 244 0.48
35.935 22 -5.74
35.935 23 1.10
35.935 25 -25.00
35.935 30 0.00
35.935 B1 2920.51 2261.49 
35.935 B3 2848.96 2113.16 
35.935 120 13 04 50
35.935 244 0.47
35.94 22 -5.81
35.94 23 1.09
35.94 25 -25.00
35.94 30 0.00
35.94 B1 2923.73 2263.62 
35.94 B3 2852.79 2115.69 
35.94 120 13 04 50
35.94 244 0.47
35.945 22 -5.83
35.945 23 1.07
35.945 25 -25.00
35.945 30 0.00
35.945 B1 2927.68 2266.77 
35.945 B3 2856.96 2118.78 
35.945 120 13 04 50
35.945 244 0.48
35.95 22 -5.84
35.95 23 1.06
35.95 25 -25.00
35.95 30 0.00
35.95 B1 2933.21 2271.37 
35.95 B3 2862.48 2123.21 
35.95 120 13 04 50
35.95 244 0.48
35.955 22 -5.86
35.955 23 1.07
35.955 25 -25.00
35.955 30 0.00
35.955 B1 2937.98 2274.88 
35.955 B3 2867.44 2126.83 
35.955 120 13 04 50
35.955 244 0.48
35.96 22 -5.87
35.96 23 1.07
35.96 25 -25.00
35.96 30 0.00
35.96 B1 2942.49 2278.24 
35.96 B3 2872.15 2130.23 
35.96 120 13 04 50
35.96 244 0.47
35.965 22 -5.89
35.965 23 1.07
35.965 25 -25.00
35.965 30 0.00
35.965 B1 2945.58 2280.25 
35.965 B3 2875.54 2132.37 
35.965 120 13 04 50
35.965 244 0.48
35.97 22 -5.90
35.97 23 1.05
35.97 25 -25.00
35.97 30 0.00
35.97 B1 2950.78 2284.66 
35.97 B3 2880.67 2136.55 
35.97 120 13 04 50
35.97 244 0.48
35.975 22 -5.92
35.975 23 1.06
35.975 25 -25.00
35.975 30 0.00
35.975 B1 2955.41 2288.14 
35.975 B3 2885.43 2140.09 
35.975 120 13 04 50
35.975 244 0.48
35.98 22 -5.94
35.98 23 1.06
35.98 25 -25.00
35.98 30 0.00
35.98 B1 2959.85 2291.46 
35.98 B3 2890.04 2143.46 
35.98 120 13 04 50
35.98 244 0.47
35.985 22 -5.95
35.985 23 1.05
35.985 25 -25.00
35.985 30 0.00
35.985 B1 2962.89 2293.45 
35.985 B3 2893.36 2145.58 
35.985 120 13 04 50
35.985 244 0.47
35.99 22 -5.96
35.99 23 1.03
35.99 25 -25.00
35.99 30 0.00
35.99 B1 2966.71 2296.51 
35.99 B3 2897.24 2148.54 
35.99 120 13 04 50
35.99 244 0.47
35.995 22 -5.98
35.995 23 1.02
35.995 25 -25.00
35.995 30 0.00
35.995 B1 2970.80 2299.72 
35.995 B3 2901.38 2151.72 
35.995 120 13 04 50
35.995 244 0.47
36 22 -5.99
36 23 1.02
36 25 -25.00
36 30 0.00
36 B1 2974.97 2302.96 
36 B3 2905.63 2154.95 
36 120 13 04 50
36 244 0.47
36.005 22 -6.01
36.005 23 1.01
36.005 25 -25.00
36.005 30 0.00
36.005 B1 2979.17 2306.18 
36.005 B3 2909.93 2158.19 
36.005 120 13 04 50
36.005 244 0.47
36.01 22 -6.02
36.01 23 1.01
36.01 25 -25.00
36.01 30 0.00
36.01 B1 2983.37 2309.40 
36.01 B3 2914.26 2161.44 
36.01 120 13 04 50
36.01 244 0.47
36.015 22 -6.04
36.015 23 1.00
36.015 25 -25.00
36.015 30 0.00
36.015 B1 2987.56 2312.62 
36.015 B3 2918.58 2164.67 
36.015 120 13 04 50
36.015 244 0.47
36.02 22 -6.06
36.02 23 1.00
36.02 25 -25.00
36.02 30 0.00
36.02 B1 2991.75 2315.82 
36.02 B3 2922.90 2167.91 
36.02 120 13 04 50
36.02 244 0.47
36.025 22 -6.07
36.025 23 0.99
36.025 25 -25.00
36.025 30 0.00
36.025 B1 2995.92 2319.02 
36.025 B3 2927.22 2171.14 
36.025 120 13 04 50
36.025 244 0.47
36.03 22 -6.09
36.03 23 0.99
36.03 25 -24.91
36.03 30 0.00
36.03 B1 3000.09 2322.21 
36.03 B3 2931.53 2174.36 
36.03 120 13 04 50
36.03 244 0.47
36.035 22 -6.05
36.035 23 1.01
36.035 25 -24.91
36.035 30 0.00
36.035 B1 3004.64 2325.54 
36.035 B3 2935.83 2177.58 
36.035 120 13 04 50
36.035 244 0.47
36.04 22 -6.07
36.04 23 1.01
36.04 25 -25.00
36.04 30 0.00
36.04 B1 3008.88 2328.76 
36.04 B3 2940.12 2180.88 
36.04 120 13 04 50
36.04 244 0.47
36.045 22 -6.14
36.045 23 0.97
36.045 25 -25.00
36.045 30 0.00
36.045 B1 3012.60 2331.83 
36.045 B3 2944.40 2184.20 
36.045 120 13 04 50
36.045 244 0.47
36.05 22 -6.16
36.05 23 0.97
36.05 25 -25.00
36.05 30 0.00
36.05 B1 3016.58 2334.98 
36.05 B3 2948.67 2187.43 
36.05 120 13 04 50
36.05 244 0.47
36.055 22 -6.17
36.055 23 0.96
36.055 25 -25.00
36.055 30 0.00
36.055 B1 3020.64 2338.13 
36.055 B3 2952.95 2190.63 
36.055 120 13 04 50
36.055 244 0.47
36.06 22 -6.19
36.06 23 0.96
36.06 25 -25.00
36.06 30 0.00
36.06 B1 3024.74 2341.28 
36.06 B3 2957.22 2193.82 
36.06 120 13 04 50
36.06 244 0.47
36.065 22 -6.20
36.065 23 0.95
36.065 25 -25.00
36.065 30 0.00
36.065 B1 3028.83 2344.42 
36.065 B3 2961.48 2197.00 
36.065 120 13 04 50
36.065 244 0.48
36.07 22 -6.22
36.07 23 0.95
36.07 25 -25.00
36.07 30 0.00
36.07 B1 3034.24 2348.87 
36.07 B3 2966.92 2201.37 
36.07 120 13 04 50
36.07 244 0.47
36.075 22 -6.24
36.075 23 0.96
36.075 25 -25.00
36.075 30 0.00
36.075 B1 3037.52 2350.94 
36.075 B3 2970.57 2203.71 
36.075 120 13 04 50
36.075 244 0.47
36.08 22 -6.25
36.08 23 0.95
36.08 25 -25.00
36.08 30 0.00
36.08 B1 3041.30 2353.88 
36.08 B3 2974.52 2206.65 
36.08 120 13 04 50
36.08 244 0.48
36.085 22 -6.27
36.085 23 0.94
36.085 25 -24.91
36.085 30 0.00
36.085 B1 3046.58 2358.28 
36.085 B3 2979.81 2210.94 
36.085 120 13 04 50
36.085 244 0.48
36.09 22 -6.24
36.09 23 0.98
36.09 25 -25.00
36.09 30 0.00
36.09 B1 3051.52 2361.79 
36.09 B3 2984.57 2214.45 
36.09 120 13 04 50
36.09 244 0.48
36.095 22 -6.31
36.095 23 0.95
36.095 25 -25.00
36.095 30 0.00
36.095 B1 3055.48 2364.88 
36.095 B3 2989.07 2217.82 
36.095 120 13 04 50
36.095 244 0.48
36.1 22 -6.32
36.1 23 0.95
36.1 25 -25.00
36.1 30 0.00
36.1 B1 3059.52 2368.00 
36.1 B3 2993.44 2221.05 
36.1 120 13 04 50
36.1 244 0.48
36.105 22 -6.34
36.105 23 0.94
36.105 25 -25.00
36.105 30 0.00
36.105 B1 3063.59 2371.13 
36.105 B3 2997.76 2224.25 
36.105 120 13 04 50
36.105 244 0.48
36.11 22 -6.35
36.11 23 0.94
36.11 25 -25.00
36.11 30 0.00
36.11 B1 3067.67 2374.26 
36.11 B3 3002.03 2227.43 
36.11 120 13 04 50
36.11 244 0.48
36.115 22 -6.37
36.115 23 0.93
36.115 25 -25.00
36.115 30 0.00
36.115 B1 3071.73 2377.38 
36.115 B3 3006.30 2230.61 
36.115 120 13 04 50
36.115 244 0.48
36.12 22 -6.39
36.12 23 0.93
36.12 25 -25.00
36.12 30 0.00
36.12 B1 3075.80 2380.49 
36.12 B3 3010.54 2233.78 
36.12 120 13 04 50
36.12 244 0.48
36.125 22 -6.40
36.125 23 0.92
36.125 25 -25.00
36.125 30 0.00
36.125 B1 3079.85 2383.59 
36.125 B3 3014.77 2236.94 
36.125 120 13 04 50
36.125 244 0.48
36.13 22 -6.42
36.13 23 0.92
36.13 25 -25.00
36.13 30 0.00
36.13 B1 3083.89 2386.69 
36.13 B3 3018.99 2240.10 
36.13 120 13 04 50
36.13 244 0.48
36.135 22 -6.43
36.135 23 0.92
36.135 25 -25.00
36.135 30 0.00
36.135 B1 3087.93 2389.78 
36.135 B3 3023.20 2243.25 
36.135 120 13 04 50
36.135 244 0.48
36.14 22 -6.45
36.14 23 0.91
36.14 25 -25.00
36.14 30 0.00
36.14 B1 3091.96 2392.87 
36.14 B3 3027.41 2246.40 
36.14 120 13 04 50
36.14 244 0.48
36.145 22 -6.47
36.145 23 0.91
36.145 25 -25.00
36.145 30 0.00
36.145 B1 3095.97 2395.94 
36.145 B3 3031.61 2249.54 
36.145 120 13 04 50
36.145 244 0.48
36.15 22 -6.48
36.15 23 0.90
36.15 25 -25.00
36.15 30 0.00
36.15 B1 3101.30 2400.34 
36.15 B3 3036.99 2253.87 
36.15 120 13 04 50
36.15 244 0.48
36.155 22 -6.50
36.155 23 0.91
36.155 25 -25.00
36.155 30 0.00
36.155 B1 3105.84 2403.68 
36.155 B3 3041.79 2257.39 
36.155 120 13 04 50
36.155 244 0.48
36.16 22 -6.52
36.16 23 0.92
36.16 25 -25.00
36.16 30 0.00
36.16 B1 3110.07 2406.82 
36.16 B3 3046.30 2260.66 
36.16 120 13 04 50
36.16 244 0.48
36.165 22 -6.53
36.165 23 0.91
36.165 25 -25.00
36.165 30 0.00
36.165 B1 3114.18 2409.92 
36.165 B3 3050.67 2263.86 
36.165 120 13 04 50
36.165 244 0.48
36.17 22 -6.55
36.17 23 0.91
36.17 25 -25.00
36.17 30 0.00
36.17 B1 3118.23 2413.01 
36.17 B3 3054.96 2267.03 
36.17 120 13 04 50
36.17 244 0.48
36.175 22 -6.57
36.175 23 0.90
36.175 25 -25.00
36.175 30 0.00
36.175 B1 3123.59 2417.42 
36.175 B3 3060.40 2271.39 
36.175 120 13 04 50
36.175 244 0.48
36.18 22 -6.59
36.18 23 0.92
36.18 25 -25.00
36.18 30 0.00
36.18 B1 3128.15 2420.78 
36.18 B3 3065.24 2274.93 
36.18 120 13 04 50
36.18 244 0.48
36.185 22 -6.60
36.185 23 0.92
36.185 25 -25.00
36.185 30 0.00
36.185 B1 3132.40 2423.94 
36.185 B3 3069.80 2278.23 
36.185 120 13 04 50
36.185 244 0.48
36.19 22 -6.62
36.19 23 0.91
36.19 25 -25.00
36.19 30 0.00
36.19 B1 3136.53 2427.05 
36.19 B3 3074.19 2281.44 
36.19 120 13 04 50
36.19 244 0.48
36.195 22 -6.64
36.195 23 0.91
36.195 25 -25.00
36.195 30 0.00
36.195 B1 3140.61 2430.16 
36.195 B3 3078.51 2284.63 
36.195 120 13 04 50
36.195 244 0.48
36.2 22 -6.65
36.2 23 0.91
36.2 25 -25.00
36.2 30 0.00
36.2 B1 3144.66 2433.26 
36.2 B3 3082.78 2287.81 
36.2 120 13 04 50
36.2 244 0.48
36.205 22 -6.67
36.205 23 0.90
36.205 25 -25.00
36.205 30 0.00
36.205 B1 3148.69 2436.34 
36.205 B3 3087.03 2290.98 
36.205 120 13 04 50
36.205 244 0.49
36.21 22 -6.68
36.21 23 0.90
36.21 25 -25.00
36.21 30 0.00
36.21 B1 3154.04 2440.75 
36.21 B3 3092.46 2295.33 
36.21 120 13 04 50
36.21 244 0.49
36.215 22 -6.70
36.215 23 0.91
36.215 25 -25.00
36.215 30 0.00
36.215 B1 3158.60 2444.12 
36.215 B3 3097.30 2298.90 
36.215 120 13 04 50
36.215 244 0.49
36.22 22 -6.72
36.22 23 0.91
36.22 25 -25.00
36.22 30 0.00
36.22 B1 3162.86 2447.28 
36.22 B3 3101.86 2302.19 
36.22 120 13 04 50
36.22 244 0.48
36.225 22 -6.74
36.225 23 0.91
36.225 25 -25.00
36.225 30 0.00
36.225 B1 3165.67 2449.07 
36.225 B3 3105.06 2304.23 
36.225 120 13 04 50
36.225 244 0.48
36.23 22 -6.75
36.23 23 0.89
36.23 25 -25.00
36.23 30 0.00
36.23 B1 3169.20 2451.88 
36.23 B3 3108.76 2307.02 
36.23 120 13 04 50
36.23 244 0.48
36.235 22 -6.77
36.235 23 0.88
36.235 25 -25.00
36.235 30 0.00
36.235 B1 3172.99 2454.88 
36.235 B3 3112.70 2310.05 
36.235 120 13 04 50
36.235 244 0.49
36.24 22 -6.78
36.24 23 0.87
36.24 25 -25.00
36.24 30 0.00
36.24 B1 3178.21 2459.24 
36.24 B3 3117.93 2314.34 
36.24 120 13 04 50
36.24 244 0.48
36.245 22 -6.80
36.245 23 0.88
36.245 25 -25.00
36.245 30 0.00
36.245 B1 3181.38 2461.25 
36.245 B3 3121.47 2316.66 
36.245 120 13 04 50
36.245 244 0.48
36.25 22 -6.81
36.25 23 0.87
36.25 25 -25.00
36.25 30 0.00
36.25 B1 3185.02 2464.08 
36.25 B3 3125.31 2319.53 
36.25 120 13 04 50
36.25 244 0.48
36.255 22 -6.83
36.255 23 0.86
36.255 25 -25.00
36.255 30 0.00
36.255 B1 3188.83 2467.05 
36.255 B3 3129.30 2322.56 
36.255 120 13 04 50
36.255 244 0.48
36.26 22 -6.85
36.26 23 0.85
36.26 25 -25.00
36.26 30 0.00
36.26 B1 3192.72 2470.06 
36.26 B3 3133.35 2325.65 
36.26 120 13 04 50
36.26 244 0.48
36.265 22 -6.86
36.265 23 0.85
36.265 25 -25.00
36.265 30 0.00
36.265 B1 3196.62 2473.06 
36.265 B3 3137.44 2328.74 
36.265 120 13 04 50
36.265 244 0.48
36.27 22 -6.88
36.27 23 0.84
36.27 25 -25.00
36.27 30 0.00
36.27 B1 3200.53 2476.06 
36.27 B3 3141.54 2331.82 
36.27 120 13 04 50
36.27 244 0.49
36.275 22 -6.89
36.275 23 0.84
36.275 25 -25.00
36.275 30 0.00
36.275 B1 3205.75 2480.38 
36.275 B3 3146.84 2336.11 
36.275 120 13 04 50
36.275 244 0.49
36.28 22 -6.91
36.28 23 0.85
36.28 25 -25.00
36.28 30 0.00
36.28 B1 3210.20 2483.67 
36.28 B3 3151.57 2339.60 
36.28 120 13 04 50
36.28 244 0.48
36.285 22 -6.93
36.285 23 0.85
36.285 25 -25.00
36.285 30 0.00
36.285 B1 3213.03 2485.42 
36.285 B3 3154.82 2341.64 
36.285 120 13 04 50
36.285 244 0.48
36.29 22 -6.94
36.29 23 0.83
36.29 25 -25.00
36.29 30 0.00
36.29 B1 3216.48 2488.14 
36.29 B3 3158.48 2344.38 
36.29 120 13 04 50
36.29 244 0.48
36.295 22 -6.96
36.295 23 0.82
36.295 25 -25.00
36.295 30 0.00
36.295 B1 3220.18 2491.05 
36.295 B3 3162.35 2347.33 
36.295 120 13 04 50
36.295 244 0.48
36.3 22 -6.98
36.3 23 0.82
36.3 25 -25.00
36.3 30 0.00
36.3 B1 3223.98 2494.00 
36.3 B3 3166.30 2350.36 
36.3 120 13 04 50
36.3 244 0.48
36.305 22 -6.99
36.305 23 0.81
36.305 25 -25.00
36.305 30 0.00
36.305 B1 3227.80 2496.95 
36.305 B3 3170.30 2353.40 
36.305 120 13 04 50
36.305 244 0.48
36.31 22 -7.01
36.31 23 0.81
36.31 25 -25.00
36.31 30 0.00
36.31 B1 3231.63 2499.89 
36.31 B3 3174.33 2356.44 
36.31 120 13 04 50
36.31 244 0.48
36.315 22 -7.02
36.315 23 0.80
36.315 25 -24.91
36.315 30 0.00
36.315 B1 3234.13 2501.51 
36.315 B3 3177.16 2358.28 
36.315 120 13 04 50
36.315 244 0.48
36.32 22 -6.99
36.32 23 0.81
36.32 25 -24.91
36.32 30 0.00
36.32 B1 3237.81 2504.30 
36.32 B3 3180.55 2360.90 
36.32 120 13 04 50
36.32 244 0.48
36.325 22 -7.00
36.325 23 0.80
36.325 25 -24.91
36.325 30 0.00
36.325 B1 3241.49 2507.19 
36.325 B3 3184.20 2363.84 
36.325 120 13 04 50
36.325 244 0.48
36.33 22 -7.02
36.33 23 0.79
36.33 25 -25.00
36.33 30 0.00
36.33 B1 3245.15 2510.10 
36.33 B3 3187.98 2366.88 
36.33 120 13 04 50
36.33 244 0.48
36.335 22 -7.09
36.335 23 0.76
36.335 25 -25.00
36.335 30 0.00
36.335 B1 3248.39 2512.81 
36.335 B3 3191.83 2369.95 
36.335 120 13 04 50
36.335 244 0.48
36.34 22 -7.11
36.34 23 0.75
36.34 25 -25.00
36.34 30 0.00
36.34 B1 3251.91 2515.62 
36.34 B3 3195.73 2372.93 
36.34 120 13 04 50
36.34 244 0.48
36.345 22 -7.12
36.345 23 0.75
36.345 25 -25.00
36.345 30 0.00
36.345 B1 3254.23 2517.14 
36.345 B3 3198.44 2374.69 
36.345 120 13 04 50
36.345 244 0.48
36.35 22 -7.13
36.35 23 0.73
36.35 25 -25.00
36.35 30 0.00
36.35 B1 3257.34 2519.65 
36.35 B3 3201.71 2377.21 
36.35 120 13 04 50
36.35 244 0.48
36.355 22 -7.15
36.355 23 0.72
36.355 25 -25.00
36.355 30 0.00
36.355 B1 3260.76 2522.38 
36.355 B3 3205.25 2379.96 
36.355 120 13 04 50
36.355 244 0.48
36.36 22 -7.16
36.36 23 0.71
36.36 25 -24.91
36.36 30 0.00
36.36 B1 3264.30 2525.14 
36.36 B3 3208.93 2382.80 
36.36 120 13 04 50
36.36 244 0.48
36.365 22 -7.13
36.365 23 0.73
36.365 25 -25.00
36.365 30 0.00
36.365 B1 3268.33 2528.09 
36.365 B3 3212.68 2385.66 
36.365 120 13 04 50
36.365 244 0.48
36.37 22 -7.20
36.37 23 0.70
36.37 25 -25.00
36.37 30 0.00
36.37 B1 3271.63 2530.74 
36.37 B3 3216.45 2388.60 
36.37 120 13 04 50
36.37 244 0.48
36.375 22 -7.21
36.375 23 0.70
36.375 25 -25.00
36.375 30 0.00
36.375 B1 3275.11 2533.46 
36.375 B3 3220.25 2391.48 
36.375 120 13 04 50
36.375 244 0.48
36.38 22 -7.23
36.38 23 0.69
36.38 25 -25.00
36.38 30 0.00
36.38 B1 3278.66 2536.21 
36.38 B3 3224.05 2394.35 
36.38 120 13 04 50
36.38 244 0.48
36.385 22 -7.24
36.385 23 0.69
36.385 25 -25.00
36.385 30 0.00
36.385 B1 3282.23 2538.95 
36.385 B3 3227.84 2397.19 
36.385 120 13 04 50
36.385 244 0.48
36.39 22 -7.26
36.39 23 0.68
36.39 25 -25.00
36.39 30 0.00
36.39 B1 3287.12 2543.00 
36.39 B3 3232.82 2401.22 
36.39 120 13 04 50
36.39 244 0.48
36.395 22 -7.28
36.395 23 0.69
36.395 25 -25.00
36.395 30 0.00
36.395 B1 3289.95 2544.73 
36.395 B3 3236.06 2403.29 
36.395 120 13 04 50
36.395 244 0.48
36.4 22 -7.29
36.4 23 0.68
36.4 25 -25.00
36.4 30 0.00
36.4 B1 3293.21 2547.22 
36.4 B3 3239.55 2405.86 
36.4 120 13 04 50
36.4 244 0.48
36.405 22 -7.31
36.405 23 0.67
36.405 25 -25.00
36.405 30 0.00
36.405 B1 3296.64 2549.89 
36.405 B3 3243.17 2408.60 
36.405 120 13 04 50
36.405 244 0.48
36.41 22 -7.32
36.41 23 0.67
36.41 25 -25.00
36.41 30 0.00
36.41 B1 3300.13 2552.58 
36.41 B3 3246.86 2411.38 
36.41 120 13 04 50
36.41 244 0.48
36.415 22 -7.34
36.415 23 0.66
36.415 25 -25.00
36.415 30 0.00
36.415 B1 3303.64 2555.28 
36.415 B3 3250.56 2414.19 
36.415 120 13 04 50
36.415 244 0.48
36.42 22 -7.35
36.42 23 0.66
36.42 25 -25.00
36.42 30 0.00
36.42 B1 3307.16 2557.97 
36.42 B3 3254.29 2416.99 
36.42 120 13 04 50
36.42 244 0.48
36.425 22 -7.37
36.425 23 0.65
36.425 25 -25.00
36.425 30 0.00
36.425 B1 3310.67 2560.65 
36.425 B3 3258.01 2419.79 
36.425 120 13 04 50
36.425 244 0.48
36.43 22 -7.38
36.43 23 0.65
36.43 25 -24.91
36.43 30 0.00
36.43 B1 3314.18 2563.33 
36.43 B3 3261.73 2422.58 
36.43 120 13 04 50
36.43 244 0.48
36.435 22 -7.35
36.435 23 0.67
36.435 25 -24.91
36.435 30 0.00
36.435 B1 3319.44 2567.51 
36.435 B3 3266.64 2426.57 
36.435 120 13 04 50
36.435 244 0.48
36.44 22 -7.37
36.44 23 0.68
36.44 25 -24.91
36.44 30 0.00
36.44 B1 3323.65 2570.59 
36.44 B3 3270.99 2429.86 
36.44 120 13 04 50
36.44 244 0.48
36.445 22 -7.39
36.445 23 0.68
36.445 25 -25.00
36.445 30 0.00
36.445 B1 3327.43 2573.40 
36.445 B3 3275.06 2432.93 
36.445 120 13 04 50
36.445 244 0.48
36.45 22 -7.46
36.45 23 0.65
36.45 25 -25.00
36.45 30 0.00
36.45 B1 3330.59 2575.95 
36.45 B3 3278.97 2435.90 
36.45 120 13 04 50
36.45 244 0.48
36.455 22 -7.47
36.455 23 0.65
36.455 25 -25.00
36.455 30 0.00
36.455 B1 3333.95 2578.60 
36.455 B3 3282.81 2438.75 
36.455 120 13 04 50
36.455 244 0.48
36.46 22 -7.49
36.46 23 0.64
36.46 25 -25.00
36.46 30 0.00
36.46 B1 3337.40 2581.27 
36.46 B3 3286.60 2441.56 
36.46 120 13 04 50
36.46 244 0.48
36.465 22 -7.50
36.465 23 0.64
36.465 25 -25.00
36.465 30 0.00
36.465 B1 3340.88 2583.94 
36.465 B3 3290.36 2444.35 
36.465 120 13 04 50
36.465 244 0.48
36.47 22 -7.52
36.47 23 0.64
36.47 25 -25.00
36.47 30 0.00
36.47 B1 3344.38 2586.60 
36.47 B3 3294.10 2447.13 
36.47 120 13 04 50
36.47 244 0.48
36.475 22 -7.53
36.475 23 0.63
36.475 25 -25.00
36.475 30 0.00
36.475 B1 3347.87 2589.26 
36.475 B3 3297.82 2449.90 
36.475 120 13 04 50
36.475 244 0.48
36.48 22 -7.55
36.48 23 0.63
36.48 25 -25.00
36.48 30 0.00
36.48 B1 3351.35 2591.90 
36.48 B3 3301.54 2452.67 
36.48 120 13 04 50
36.48 244 0.48
36.485 22 -7.56
36.485 23 0.62
36.485 25 -25.00
36.485 30 0.00
36.485 B1 3354.82 2594.55 
36.485 B3 3305.24 2455.43 
36.485 120 13 04 50
36.485 244 0.48
36.49 22 -7.58
36.49 23 0.62
36.49 25 -25.00
36.49 30 0.00
36.49 B1 3358.29 2597.19 
36.49 B3 3308.93 2458.18 
36.49 120 13 04 50
36.49 244 0.48
36.495 22 -7.59
36.495 23 0.62
36.495 25 -25.00
36.495 30 0.00
36.495 B1 3361.75 2599.82 
36.495 B3 3312.61 2460.94 
36.495 120 13 04 50
36.495 244 0.48
36.5 22 -7.61
36.5 23 0.61
36.5 25 -25.00
36.5 30 0.00
36.5 B1 3365.19 2602.43 
36.5 B3 3316.29 2463.68 
36.5 120 13 04 50
36.5 244 0.48
36.505 22 -7.63
36.505 23 0.61
36.505 25 -25.00
36.505 30 0.00
36.505 B1 3368.63 2605.05 
36.505 B3 3319.95 2466.42 
36.505 120 13 04 50
36.505 244 0.48
36.51 22 -7.64
36.51 23 0.60
36.51 25 -25.00
36.51 30 0.00
36.51 B1 3372.06 2607.66 
36.51 B3 3323.61 2469.16 
36.51 120 13 04 50
36.51 244 0.48
36.515 22 -7.66
36.515 23 0.60
36.515 25 -25.00
36.515 30 0.00
36.515 B1 3376.80 2611.58 
36.515 B3 3328.45 2473.08 
36.515 120 13 04 50
36.515 244 0.48
36.52 22 -7.67
36.52 23 0.61
36.52 25 -24.91
36.52 30 0.00
36.52 B1 3380.80 2614.52 
36.52 B3 3332.76 2476.26 
36.52 120 13 04 50
36.52 244 0.48
36.525 22 -7.64
36.525 23 0.64
36.525 25 -24.91
36.525 30 0.00
36.525 B1 3383.62 2616.12 
36.525 B3 3335.58 2477.96 
36.525 120 13 04 50
36.525 244 0.48
36.53 22 -7.66
36.53 23 0.62
36.53 25 -24.91
36.53 30 0.00
36.53 B1 3386.72 2618.49 
36.53 B3 3338.76 2480.39 
36.53 120 13 04 50
36.53 244 0.48
36.535 22 -7.67
36.535 23 0.61
36.535 25 -24.80
36.535 30 0.00
36.535 B1 3391.26 2622.36 
36.535 B3 3343.33 2484.28 
36.535 120 13 04 50
36.535 244 0.48
36.54 22 -7.63
36.54 23 0.65
36.54 25 -3.03
36.54 30 0.00
36.54 B1 3394.37 2624.25 
36.54 B3 3346.27 2486.30 
36.54 120 13 04 50
36.54 244 0.48
36.545 22 3.73
36.545 23 3.46
36.545 25 -3.03
36.545 30 0.00
36.545 B1 3383.03 2549.12 
36.545 B3 3350.70 2490.12 
36.545 120 13 04 50
36.545 244 0.48
36.55 22 3.89
36.55 23 3.06
36.55 25 -3.03
36.55 30 0.00
36.55 B1 3372.08 2539.59 
36.55 B3 3350.35 2506.25 
36.55 120 13 04 50
36.55 244 0.48
36.555 22 3.93
36.555 23 2.94
36.555 25 0.00
36.555 30 0.00
36.555 B1 3359.65 2552.02 
36.555 B3 3347.00 2526.16 
36.555 120 13 04 50
36.555 244 0.49
36.56 22 3.98
36.56 23 2.81
36.56 25 0.00
36.56 30 0.00
36.56 B1 3333.72 2539.54 
36.56 B3 3343.03 2548.33 
36.56 120 13 04 50
36.56 244 0.49
36.565 22 4.05
36.565 23 2.63
36.565 25 0.00
36.565 30 0.00
36.565 B1 3316.92 2552.44 
36.565 B3 3337.30 2569.98 
36.565 120 13 04 50
36.565 244 0.48
36.57 22 4.08
36.57 23 2.58
36.57 25 0.00
36.57 30 0.00
36.57 B1 3303.07 2570.60 
36.57 B3 3329.18 2589.90 
36.57 120 13 04 50
36.57 244 0.49
36.575 22 4.11
36.575 23 2.55
36.575 25 0.00
36.575 30 0.00
36.575 B1 3292.25 2592.37 
36.575 B3 3322.05 2611.33 
36.575 120 13 04 50
36.575 244 0.49
36.58 22 4.13
36.58 23 2.57
36.58 25 0.00
36.58 30 0.00
36.58 B1 3280.24 2613.45 
36.58 B3 3314.21 2632.05 
36.58 120 13 04 50
36.58 244 0.49
36.585 22 4.13
36.585 23 2.58
36.585 25 0.00
36.585 30 0.00
36.585 B1 3268.90 2635.19 
36.585 B3 3307.20 2653.60 
36.585 120 13 04 50
36.585 244 0.50
36.59 22 4.05
36.59 23 2.59
36.59 25 0.00
36.59 30 0.00
36.59 B1 3261.90 2657.51 
36.59 B3 3301.84 2676.60 
36.59 120 13 04 50
36.59 244 0.50
36.595 22 3.96
36.595 23 2.64
36.595 25 0.00
36.595 30 0.00
36.595 B1 3254.17 2675.27 
36.595 B3 3295.04 2697.69 
36.595 120 13 04 50
36.595 244 0.50
36.6 22 3.76
36.6 23 2.65
36.6 25 0.00
36.6 30 0.00
36.6 B1 3246.27 2693.32 
36.6 B3 3287.59 2717.83 
36.6 120 13 04 50
36.6 244 0.50
36.605 22 3.51
36.605 23 2.65
36.605 25 0.00
36.605 30 0.00
36.605 B1 3238.52 2711.70 
36.605 B3 3279.96 2737.29 
36.605 120 13 04 50
36.605 244 0.50
36.61 22 3.24
36.61 23 2.65
36.61 25 0.00
36.61 30 0.00
36.61 B1 3231.10 2729.80 
36.61 B3 3272.45 2756.14 
36.61 120 13 04 50
36.61 244 0.50
36.615 22 2.95
36.615 23 2.65
36.615 25 0.00
36.615 30 0.00
36.615 B1 3224.09 2747.42 
36.615 B3 3265.24 2774.39 
36.615 120 13 04 50
36.615 244 0.50
36.62 22 2.65
36.62 23 2.65
36.62 25 0.00
36.62 30 0.00
36.62 B1 3216.23 2763.15 
36.62 B3 3257.24 2790.83 
36.62 120 13 04 50
36.62 244 0.50
36.625 22 2.36
36.625 23 2.64
36.625 25 0.00
36.625 30 0.00
36.625 B1 3209.67 2779.20 
36.625 B3 3250.30 2807.31 
36.625 120 13 04 50
36.625 244 0.50
36.63 22 2.07
36.63 23 2.63
36.63 25 0.00
36.63 30 0.00
36.63 B1 3203.93 2794.92 
36.63 B3 3244.15 2823.45 
36.63 120 13 04 50
36.63 244 0.50
36.635 22 1.79
36.635 23 2.63
36.635 25 0.00
36.635 30 0.00
36.635 B1 3200.16 2811.46 
36.635 B3 3239.89 2840.30 
36.635 120 13 04 50
36.635 244 0.50
36.64 22 1.53
36.64 23 2.64
36.64 25 0.00
36.64 30 0.00
36.64 B1 3196.17 2826.59 
36.64 B3 3235.67 2856.00 
36.64 120 13 04 50
36.64 244 0.50
36.645 22 1.29
36.645 23 2.65
36.645 25 0.00
36.645 30 0.00
36.645 B1 3191.07 2839.58 
36.645 B3 3230.55 2869.67 
36.645 120 13 04 50
36.645 244 0.50
36.65 22 1.06
36.65 23 2.63
36.65 25 0.00
36.65 30 0.00
36.65 B1 3187.14 2852.83 
36.65 B3 3226.38 2883.29 
36.65 120 13 04 50
36.65 244 0.50
36.655 22 0.86
36.655 23 2.63
36.655 25 0.00
36.655 30 0.00
36.655 B1 3185.28 2867.16 
36.655 B3 3224.13 2897.81 
36.655 120 13 04 50
36.655 244 0.50
36.66 22 0.66
36.66 23 2.64
36.66 25 0.00
36.66 30 0.00
36.66 B1 3181.84 2878.91 
36.66 B3 3220.70 2910.13 
36.66 120 13 04 50
36.66 244 0.50
36.665 22 0.49
36.665 23 2.63
36.665 25 0.00
36.665 30 0.00
36.665 B1 3179.35 2890.82 
36.665 B3 3218.07 2922.34 
36.665 120 13 04 50
36.665 244 0.50
36.67 22 0.33
36.67 23 2.63
36.67 25 0.00
36.67 30 0.00
36.67 B1 3177.48 2902.51 
36.67 B3 3216.02 2934.28 
36.67 120 13 04 50
36.67 244 0.50
36.675 22 0.19
36.675 23 2.62
36.675 25 0.00
36.675 30 0.00
36.675 B1 3176.05 2913.87 
36.675 B3 3214.46 2945.88 
36.675 120 13 04 50
36.675 244 0.50
36.68 22 0.06
36.68 23 2.62
36.68 25 0.00
36.68 30 0.00
36.68 B1 3176.34 2926.21 
36.68 B3 3214.53 2958.33 
36.68 120 13 04 50
36.68 244 0.50
36.685 22 -0.06
36.685 23 2.64
36.685 25 0.00
36.685 30 0.00
36.685 B1 3176.17 2937.35 
36.685 B3 3214.39 2969.81 
36.685 120 13 04 50
36.685 244 0.50
36.69 22 -0.16
36.69 23 2.64
36.69 25 0.00
36.69 30 0.00
36.69 B1 3174.69 2946.58 
36.69 B3 3213.12 2979.49 
36.69 120 13 04 50
36.69 244 0.50
36.695 22 -0.25
36.695 23 2.63
36.695 25 0.00
36.695 30 0.00
36.695 B1 3175.51 2957.57 
36.695 B3 3213.78 2990.51 
36.695 120 13 04 50
36.695 244 0.50
36.7 22 -0.34
36.7 23 2.63
36.7 25 0.00
36.7 30 0.00
36.7 B1 3176.07 2967.70 
36.7 B3 3214.38 3000.85 
36.7 120 13 04 50
36.7 244 0.50
36.705 22 -0.41
36.705 23 2.64
36.705 25 0.00
36.705 30 0.00
36.705 B1 3178.01 2978.69 
36.705 B3 3216.25 3011.93 
36.705 120 13 04 50
36.705 244 0.50
36.71 22 -0.47
36.71 23 2.65
36.71 25 0.00
36.71 30 0.00
36.71 B1 3177.99 2987.21 
36.71 B3 3216.53 3020.88 
36.71 120 13 04 50
36.71 244 0.50
36.715 22 -0.53
36.715 23 2.64
36.715 25 0.00
36.715 30 0.00
36.715 B1 3179.98 2997.34 
36.715 B3 3218.47 3031.05 
36.715 120 13 04 50
36.715 244 0.50
36.72 22 -0.58
36.72 23 2.65
36.72 25 0.00
36.72 30 0.00
36.72 B1 3181.57 3006.62 
36.72 B3 3220.18 3040.54 
36.72 120 13 04 50
36.72 244 0.50
36.725 22 -0.62
36.725 23 2.66
36.725 25 0.00
36.725 30 0.00
36.725 B1 3183.13 3015.48 
36.725 B3 3221.86 3049.59 
36.725 120 13 04 50
36.725 244 0.50
36.73 22 -0.66
36.73 23 2.66
36.73 25 0.00
36.73 30 0.00
36.73 B1 3184.77 3024.07 
36.73 B3 3223.61 3058.34 
36.73 120 13 04 50
36.73 244 0.50
36.735 22 -0.69
36.735 23 2.66
36.735 25 0.00
36.735 30 0.00
36.735 B1 3186.55 3032.47 
36.735 B3 3225.48 3066.86 
36.735 120 13 04 50
36.735 244 0.50
36.74 22 -0.72
36.74 23 2.66
36.74 25 0.00
36.74 30 0.00
36.74 B1 3188.48 3040.69 
36.74 B3 3227.47 3075.19 
36.74 120 13 04 50
36.74 244 0.50
36.745 22 -0.74
36.745 23 2.66
36.745 25 0.00
36.745 30 0.00
36.745 B1 3190.55 3048.77 
36.745 B3 3229.60 3083.34 
36.745 120 13 04 50
36.745 244 0.51
36.75 22 -0.76
36.75 23 2.66
36.75 25 0.00
36.75 30 0.00
36.75 B1 3194.08 3058.02 
36.75 B3 3233.06 3092.55 
36.75 120 13 04 50
36.75 244 0.50
36.755 22 -0.78
36.755 23 2.67
36.755 25 0.00
36.755 30 0.00
36.755 B1 3195.64 3064.99 
36.755 B3 3234.88 3099.83 
36.755 120 13 04 50
36.755 244 0.50
36.76 22 -0.79
36.76 23 2.66
36.76 25 0.00
36.76 30 0.00
36.76 B1 3197.80 3072.38 
36.76 B3 3237.09 3107.29 
36.76 120 13 04 50
36.76 244 0.50
36.765 22 -0.80
36.765 23 2.65
36.765 25 0.00
36.765 30 0.00
36.765 B1 3200.26 3079.83 
36.765 B3 3239.55 3114.77 
36.765 120 13 04 50
36.765 244 0.50
36.77 22 -0.80
36.77 23 2.65
36.77 25 0.00
36.77 30 0.00
36.77 B1 3202.90 3087.25 
36.77 B3 3242.19 3122.22 
36.77 120 13 04 50
36.77 244 0.50
36.775 22 -0.81
36.775 23 2.65
36.775 25 0.00
36.775 30 0.00
36.775 B1 3205.67 3094.58 
36.775 B3 3244.95 3129.59 
36.775 120 13 04 50
36.775 244 0.50
36.78 22 -0.81
36.78 23 2.65
36.78 25 0.00
36.78 30 0.00
36.78 B1 3208.54 3101.82 
36.78 B3 3247.84 3136.88 
36.78 120 13 04 50
36.78 244 0.50
36.785 22 -0.81
36.785 23 2.65
36.785 25 0.00
36.785 30 0.00
36.785 B1 3210.18 3107.66 
36.785 B3 3249.61 3142.89 
36.785 120 13 04 50
36.785 244 0.50
36.79 22 -0.81
36.79 23 2.63
36.79 25 0.00
36.79 30 0.00
36.79 B1 3214.01 3115.54 
36.79 B3 3253.22 3150.60 
36.79 120 13 04 50
36.79 244 0.50
36.795 22 -0.81
36.795 23 2.64
36.795 25 0.00
36.795 30 0.00
36.795 B1 3217.45 3122.83 
36.795 B3 3256.64 3157.93 
36.795 120 13 04 50
36.795 244 0.50
36.8 22 -0.81
36.8 23 2.64
36.8 25 0.00
36.8 30 0.00
36.8 B1 3220.77 3129.84 
36.8 B3 3259.99 3165.04 
36.8 120 13 04 50
36.8 244 0.50
36.805 22 -0.80
36.805 23 2.64
36.805 25 0.00
36.805 30 0.00
36.805 B1 3224.09 3136.72 
36.805 B3 3263.34 3172.01 
36.805 120 13 04 50
36.805 244 0.50
36.81 22 -0.80
36.81 23 2.64
36.81 25 0.00
36.81 30 0.00
36.81 B1 3227.46 3143.50 
36.81 B3 3266.73 3178.87 
36.81 120 13 04 50
36.81 244 0.50
36.815 22 -0.79
36.815 23 2.64
36.815 25 0.00
36.815 30 0.00
36.815 B1 3229.56 3148.88 
36.815 B3 3268.95 3184.46 
36.815 120 13 04 50
36.815 244 0.50
36.82 22 -0.78
36.82 23 2.62
36.82 25 0.00
36.82 30 0.00
36.82 B1 3232.48 3154.99 
36.82 B3 3271.77 3190.55 
36.82 120 13 04 50
36.82 244 0.50
36.825 22 -0.78
36.825 23 2.61
36.825 25 0.00
36.825 30 0.00
36.825 B1 3235.77 3161.34 
36.825 B3 3274.93 3196.85 
36.825 120 13 04 50
36.825 244 0.50
36.83 22 -0.77
36.83 23 2.61
36.83 25 0.00
36.83 30 0.00
36.83 B1 3239.22 3167.74 
36.83 B3 3278.29 3203.24 
36.83 120 13 04 50
36.83 244 0.50
36.835 22 -0.76
36.835 23 2.61
36.835 25 0.00
36.835 30 0.00
36.835 B1 3242.78 3174.12 
36.835 B3 3281.77 3209.64 
36.835 120 13 04 50
36.835 244 0.50
36.84 22 -0.75
36.84 23 2.60
36.84 25 0.00
36.84 30 0.00
36.84 B1 3246.40 3180.45 
36.84 B3 3285.34 3216.03 
36.84 120 13 04 50
36.84 244 0.50
36.845 22 -0.74
36.845 23 2.60
36.845 25 0.00
36.845 30 0.00
36.845 B1 3248.76 3185.42 
36.845 B3 3287.78 3221.18 
36.845 120 13 04 50
36.845 244 0.50
36.85 22 -0.73
36.85 23 2.59
36.85 25 0.00
36.85 30 0.00
36.85 B1 3253.26 3192.45 
36.85 B3 3292.02 3228.05 
36.85 120 13 04 50
36.85 244 0.50
36.855 22 -0.72
36.855 23 2.59
36.855 25 0.00
36.855 30 0.00
36.855 B1 3257.34 3198.95 
36.855 B3 3296.05 3234.61 
36.855 120 13 04 50
36.855 244 0.50
36.86 22 -0.71
36.86 23 2.60
36.86 25 0.00
36.86 30 0.00
36.86 B1 3259.95 3203.88 
36.86 B3 3298.79 3239.77 
36.86 120 13 04 50
36.86 244 0.50
36.865 22 -0.70
36.865 23 2.58
36.865 25 0.00
36.865 30 0.00
36.865 B1 3263.30 3209.49 
36.865 B3 3302.05 3245.39 
36.865 120 13 04 50
36.865 244 0.50
36.87 22 -0.69
36.87 23 2.57
36.87 25 0.00
36.87 30 0.00
36.87 B1 3266.97 3215.32 
36.87 B3 3305.60 3251.21 
36.87 120 13 04 50
36.87 244 0.50
36.875 22 -0.68
36.875 23 2.57
36.875 25 0.00
36.875 30 0.00
36.875 B1 3270.79 3221.22 
36.875 B3 3309.31 3257.12 
36.875 120 13 04 50
36.875 244 0.50
36.88 22 -0.67
36.88 23 2.57
36.88 25 0.00
36.88 30 0.00
36.88 B1 3274.68 3227.11 
36.88 B3 3313.13 3263.05 
36.88 120 13 04 50
36.88 244 0.50
36.885 22 -0.65
36.885 23 2.57
36.885 25 0.00
36.885 30 0.00
36.885 B1 3278.63 3232.98 
36.885 B3 3317.03 3268.97 
36.885 120 13 04 50
36.885 244 0.50
36.89 22 -0.64
36.89 23 2.56
36.89 25 0.00
36.89 30 0.00
36.89 B1 3282.62 3238.81 
36.89 B3 3320.98 3274.87 
36.89 120 13 04 50
36.89 244 0.49
36.895 22 -0.63
36.895 23 2.56
36.895 25 0.00
36.895 30 0.00
36.895 B1 3285.32 3243.28 
36.895 B3 3323.78 3279.54 
36.895 120 13 04 50
36.895 244 0.49
36.9 22 -0.62
36.9 23 2.55
36.9 25 0.00
36.9 30 0.00
36.9 B1 3288.82 3248.49 
36.9 B3 3327.17 3284.74 
36.9 120 13 04 50
36.9 244 0.49
36.905 22 -0.61
36.905 23 2.54
36.905 25 0.00
36.905 30 0.00
36.905 B1 3292.65 3253.97 
36.905 B3 3330.87 3290.18 
36.905 120 13 04 50
36.905 244 0.49
36.91 22 -0.60
36.91 23 2.53
36.91 25 0.00
36.91 30 0.00
36.91 B1 3296.64 3259.53 
36.91 B3 3334.75 3295.74 
36.91 120 13 04 50
36.91 244 0.49
36.915 22 -0.59
36.915 23 2.53
36.915 25 0.00
36.915 30 0.00
36.915 B1 3300.71 3265.10 
36.915 B3 3338.75 3301.34 
36.915 120 13 04 50
36.915 244 0.49
36.92 22 -0.58
36.92 23 2.53
36.92 25 0.00
36.92 30 0.00
36.92 B1 3304.81 3270.65 
36.92 B3 3342.81 3306.94 
36.92 120 13 04 50
36.92 244 0.50
36.925 22 -0.57
36.925 23 2.53
36.925 25 -0.96
36.925 30 0.00
36.925 B1 3310.28 3277.50 
36.925 B3 3348.13 3313.73 
36.925 120 13 04 50
36.925 244 0.50
36.93 22 -1.18
36.93 23 2.53
36.93 25 -3.56
36.93 30 0.00
36.93 B1 3314.65 3283.18 
36.93 B3 3352.94 3319.95 
36.93 120 13 04 50
36.93 244 0.50
36.935 22 -3.07
36.935 23 2.43
36.935 25 -3.56
36.935 30 0.00
36.935 B1 3315.82 3284.63 
36.935 B3 3357.89 3325.45 
36.935 120 13 04 50
36.935 244 0.50
36.94 22 -2.95
36.94 23 2.41
36.94 25 -4.81
36.94 30 0.00
36.94 B1 3320.90 3286.59 
36.94 B3 3364.03 3329.25 
36.94 120 13 04 50
36.94 244 0.50
36.945 22 -3.80
36.945 23 2.31
36.945 25 -7.08
36.945 30 0.00
36.945 B1 3324.60 3285.93 
36.945 B3 3370.73 3332.19 
36.945 120 13 04 50
36.945 244 0.50
36.95 22 -5.36
36.95 23 2.05
36.95 25 -9.69
36.95 30 0.00
36.95 B1 3325.37 3280.44 
36.95 B3 3379.38 3335.21 
36.95 120 13 04 50
36.95 244 0.50
36.955 22 -6.82
36.955 23 1.67
36.955 25 -11.73
36.955 30 0.00
36.955 B1 3322.02 3267.63 
36.955 B3 3389.83 3337.03 
36.955 120 13 04 50
36.955 244 0.50
36.96 22 -7.55
36.96 23 1.35
36.96 25 -11.73
36.96 30 0.00
36.96 B1 3317.36 3250.02 
36.96 B3 3400.65 3335.70 
36.96 120 13 04 50
36.96 244 0.50
36.965 22 -7.39
36.965 23 1.27
36.965 25 -13.89
36.965 30 0.00
36.965 B1 3324.51 3241.94 
36.965 B3 3411.81 3331.92 
36.965 120 13 04 50
36.965 244 0.50
36.97 22 -7.64
36.97 23 1.01
36.97 25 -13.89
36.97 30 0.00
36.97 B1 3327.09 3229.46 
36.97 B3 3422.96 3326.85 
36.97 120 13 04 50
36.97 244 0.50
36.975 22 -7.65
36.975 23 0.95
36.975 25 -15.14
36.975 30 0.00
36.975 B1 3335.62 3221.52 
36.975 B3 3434.04 3320.70 
36.975 120 13 04 50
36.975 244 0.50
36.98 22 -7.66
36.98 23 0.83
36.98 25 -16.05
36.98 30 0.00
36.98 B1 3341.83 3211.51 
36.98 B3 3445.00 3313.94 
36.98 120 13 04 50
36.98 244 0.50
36.985 22 -7.67
36.985 23 0.73
36.985 25 -16.84
36.985 30 0.00
36.985 B1 3346.98 3200.36 
36.985 B3 3455.78 3306.76 
36.985 120 13 04 50
36.985 244 0.50
36.99 22 -7.68
36.99 23 0.63
36.99 25 -17.18
36.99 30 0.00
36.99 B1 3351.99 3189.05 
36.99 B3 3466.37 3299.30 
36.99 120 13 04 50
36.99 244 0.51
36.995 22 -7.70
36.995 23 0.56
36.995 25 -17.18
36.995 30 0.00
36.995 B1 3361.51 3182.34 
36.995 B3 3477.94 3292.84 
36.995 120 13 04 50
36.995 244 0.51
37 22 -7.72
37 23 0.53
37 25 -17.52
37 30 0.00
37 B1 3374.34 3178.86 
37 B3 3488.79 3285.68 
37 120 13 04 50
37 244 0.51
37.005 22 -7.74
37.005 23 0.50
37.005 25 -18.43
37.005 30 0.00
37.005 B1 3386.19 3174.41 
37.005 B3 3499.22 3278.17 
37.005 120 13 04 50
37.005 244 0.51
37.01 22 -7.76
37.01 23 0.44
37.01 25 -19.00
37.01 30 0.00
37.01 B1 3393.20 3165.40 
37.01 B3 3509.34 3270.50 
37.01 120 13 04 50
37.01 244 0.51
37.015 22 -7.78
37.015 23 0.37
37.015 25 -19.22
37.015 30 0.00
37.015 B1 3400.17 3156.76 
37.015 B3 3519.22 3262.75 
37.015 120 13 04 50
37.015 244 0.51
37.02 22 -7.80
37.02 23 0.32
37.02 25 -19.45
37.02 30 0.00
37.02 B1 3411.08 3152.27 
37.02 B3 3530.10 3256.14 
37.02 120 13 04 50
37.02 244 0.51
37.025 22 -9.34
37.025 23 -0.57
37.025 25 -19.45
37.025 30 0.00
37.025 B1 3422.47 2934.82 
37.025 B3 3540.28 3248.93 
37.025 120 13 04 50
37.025 244 0.51
37.03 22 -10.00
37.03 23 -2.37
37.03 25 -19.45
37.03 30 0.00
37.03 B1 3439.76 2934.93 
37.03 B3 3545.36 3245.07 
37.03 120 13 04 50
37.03 244 0.51
37.035 22 -10.11
37.035 23 -2.40
37.035 25 -19.45
37.035 30 0.00
37.035 B1 3461.00 2932.86 
37.035 B3 3545.57 3242.24 
37.035 120 13 04 50
37.035 244 0.52
37.04 22 -10.19
37.04 23 -2.43
37.04 25 -19.45
37.04 30 0.00
37.04 B1 3485.87 2933.05 
37.04 B3 3544.10 3242.36 
37.04 120 13 04 50
37.04 244 0.52
37.045 22 -10.26
37.045 23 -2.42
37.045 25 -19.45
37.045 30 0.00
37.045 B1 3511.27 2930.65 
37.045 B3 3540.52 3244.26 
37.045 120 13 04 50
37.045 244 0.51
37.05 22 -10.27
37.05 23 -2.41
37.05 25 -19.45
37.05 30 0.00
37.05 B1 3535.66 2927.40 
37.05 B3 3534.87 3247.50 
37.05 120 13 04 50
37.05 244 0.52
37.055 22 -10.14
37.055 23 -2.36
37.055 25 -19.45
37.055 30 0.00
37.055 B1 3562.17 2928.29 
37.055 B3 3530.91 3255.54 
37.055 120 13 04 50
37.055 244 0.52
37.06 22 -9.94
37.06 23 -2.25
37.06 25 -19.45
37.06 30 0.00
37.06 B1 3589.15 2925.90 
37.06 B3 3526.84 3267.33 
37.06 120 13 04 50
37.06 244 0.52
37.065 22 -9.64
37.065 23 -2.13
37.065 25 -19.45
37.065 30 0.00
37.065 B1 3618.23 2925.28 
37.065 B3 3523.02 3283.73 
37.065 120 13 04 50
37.065 244 0.52
37.07 22 -9.32
37.07 23 -2.00
37.07 25 -19.45
37.07 30 0.00
37.07 B1 3649.08 2923.91 
37.07 B3 3519.55 3305.68 
37.07 120 13 04 50
37.07 244 0.52
37.075 22 -8.97
37.075 23 -1.86
37.075 25 -19.45
37.075 30 0.00
37.075 B1 3683.03 2924.52 
37.075 B3 3517.66 3335.39 
37.075 120 13 04 50
37.075 244 0.52
37.08 22 -8.63
37.08 23 -1.71
37.08 25 -19.45
37.08 30 0.00
37.08 B1 3718.52 2922.88 
37.08 B3 3515.29 3372.62 
37.08 120 13 04 50
37.08 244 0.52
37.085 22 -8.29
37.085 23 -1.59
37.085 25 -19.45
37.085 30 0.00
37.085 B1 3756.19 2922.31 
37.085 B3 3512.94 3418.91 
37.085 120 13 04 50
37.085 244 0.52
37.09 22 -7.81
37.09 23 -0.80
37.09 25 -19.45
37.09 30 0.00
37.09 B1 3796.68 2939.42 
37.09 B3 3510.72 3476.02 
37.09 120 13 04 50
37.09 244 0.52
37.095 22 -6.95
37.095 23 -0.37
37.095 25 -19.56
37.095 30 0.00
37.095 B1 3840.31 2961.28 
37.095 B3 3509.38 3544.73 
37.095 120 13 04 50
37.095 244 0.52
37.1 22 -6.89
37.1 23 -0.23
37.1 25 -19.56
37.1 30 0.00
37.1 B1 3887.65 2959.26 
37.1 B3 3510.07 3624.34 
37.1 120 13 04 50
37.1 244 0.52
37.105 22 -6.74
37.105 23 -0.16
37.105 25 -19.56
37.105 30 0.00
37.105 B1 3938.70 2960.30 
37.105 B3 3510.24 3706.01 
37.105 120 13 04 50
37.105 244 0.52
37.11 22 -6.63
37.11 23 -0.05
37.11 25 -19.56
37.11 30 0.00
37.11 B1 3994.62 2960.53 
37.11 B3 3510.32 3783.04 
37.11 120 13 04 50
37.11 244 0.52
37.115 22 -6.54
37.115 23 0.03
37.115 25 -19.56
37.115 30 0.00
37.115 B1 4056.69 2961.04 
37.115 B3 3510.38 3856.23 
37.115 120 13 04 50
37.115 244 0.52
37.12 22 -6.24
37.12 23 -0.37
37.12 25 -19.68
37.12 30 0.00
37.12 B1 4126.28 2961.32 
37.12 B3 3510.39 4011.78 
37.12 120 13 04 50
37.12 244 0.52
37.125 22 -6.24
37.125 23 -0.35
37.125 25 -20.02
37.125 30 0.00
37.125 B1 4205.60 2960.01 
37.125 B3 3510.49 4167.18 
37.125 120 13 04 50
37.125 244 0.52
37.13 22 -5.65
37.13 23 -0.63
37.13 25 -20.24
37.13 30 0.00
37.13 B1 4376.57 2957.17 
37.13 B3 3510.55 4322.44 
37.13 120 13 04 50
37.13 244 0.52
37.135 22 -5.87
37.135 23 -0.66
37.135 25 -20.36
37.135 30 0.00
37.135 B1 4547.35 2954.83 
37.135 B3 3509.26 4477.56 
37.135 120 13 04 50
37.135 244 0.52
37.14 22 -6.03
37.14 23 -0.66
37.14 25 -20.47
37.14 30 0.00
37.14 B1 4717.94 2952.94 
37.14 B3 3508.08 4632.54 
37.14 120 13 04 50
37.14 244 0.52
37.145 22 -6.18
37.145 23 -0.66
37.145 25 -20.47
37.145 30 0.00
37.145 B1 4887.01 2949.62 
37.145 B3 3505.89 4786.19 
37.145 120 13 04 50
37.145 244 0.52
37.15 22 -6.27
37.15 23 -0.65
37.15 25 -20.47
37.15 30 0.00
37.15 B1 5055.90 2948.21 
37.15 B3 3504.98 4939.69 
37.15 120 13 04 50
37.15 244 0.52
37.155 22 -6.36
37.155 23 -0.62
37.155 25 -20.47
37.155 30 0.00
37.155 B1 5224.60 2946.65 
37.155 B3 3504.28 5093.05 
37.155 120 13 04 50
37.155 244 0.52
37.16 22 -4.91
37.16 23 0.26
37.16 25 -20.47
37.16 30 0.00
37.16 B1 5394.44 3022.62 
37.16 B3 3504.88 5247.47 
37.16 120 13 04 50
37.16 244 0.52
37.165 22 -3.14
37.165 23 -0.12
37.165 25 -20.58
37.165 30 0.00
37.165 B1 5564.08 3149.09 
37.165 B3 3505.76 5401.74 
37.165 120 13 04 50
37.165 244 0.52
37.17 22 -3.05
37.17 23 -0.09
37.17 25 -20.47
37.17 30 0.00
37.17 B1 5733.54 3265.28 
37.17 B3 3506.08 5555.88 
37.17 120 13 04 50
37.17 244 0.52
37.175 22 -2.96
37.175 23 -0.08
37.175 25 -20.47
37.175 30 0.00
37.175 B1 5902.80 3373.75 
37.175 B3 3506.91 5709.88 
37.175 120 13 04 50
37.175 244 0.52
37.18 22 -2.87
37.18 23 -0.08
37.18 25 -20.58
37.18 30 0.00
37.18 B1 6071.88 3476.64 
37.18 B3 3508.36 5863.73 
37.18 120 13 04 50
37.18 244 0.52
37.185 22 -2.78
37.185 23 -0.08
37.185 25 -20.58
37.185 30 0.00
37.185 B1 6240.77 3575.51 
37.185 B3 3510.50 6017.45 
37.185 120 13 04 50
37.185 244 0.52
37.19 22 -2.70
37.19 23 -0.08
37.19 25 -20.58
37.19 30 0.00
37.19 B1 6409.48 3671.10 
37.19 B3 3513.38 6171.02 
37.19 120 13 04 50
37.19 244 0.52
37.195 22 -2.73
37.195 23 0.19
37.195 25 -20.58
37.195 30 0.00
37.195 B1 6577.99 3842.66 
37.195 B3 3517.06 6324.46 
37.195 120 13 04 50
37.195 244 0.52
37.2 22 -2.69
37.2 23 0.19
37.2 25 -20.58
37.2 30 0.00
37.2 B1 6746.32 4014.03 
37.2 B3 3519.82 6477.75 
37.2 120 13 04 50
37.2 244 0.52
37.205 22 -2.63
37.205 23 0.18
37.205 25 -20.58
37.205 30 0.00
37.205 B1 6914.46 4185.21 
37.205 B3 3522.70 6630.90 
37.205 120 13 04 50
37.205 244 0.52
37.21 22 -2.58
37.21 23 0.18
37.21 25 -20.58
37.21 30 0.00
37.21 B1 7082.42 4356.21 
37.21 B3 3525.89 6783.92 
37.21 120 13 04 50
37.21 244 0.52
37.215 22 -2.52
37.215 23 0.17
37.215 25 -20.58
37.215 30 0.00
37.215 B1 7250.18 4527.01 
37.215 B3 3529.46 6936.80 
37.215 120 13 04 50
37.215 244 0.52
37.22 22 -2.47
37.22 23 0.16
37.22 25 -20.58
37.22 30 0.00
37.22 B1 7417.76 4697.62 
37.22 B3 3533.40 7089.53 
37.22 120 13 04 50
37.22 244 0.52
37.225 22 -2.41
37.225 23 0.15
37.225 25 -20.81
37.225 30 0.00
37.225 B1 7585.16 4868.04 
37.225 B3 3537.72 7242.13 
37.225 120 13 04 50
37.225 244 0.52
37.23 22 -2.36
37.23 23 0.14
37.23 25 -20.81
37.23 30 0.00
37.23 B1 7751.04 5036.94 
37.23 B3 3541.19 7393.39 
37.23 120 13 04 50
37.23 244 0.52
37.235 22 -2.30
37.235 23 0.13
37.235 25 -20.81
37.235 30 0.00
37.235 B1 7916.75 5205.67 
37.235 B3 3545.70 7544.51 
37.235 120 13 04 50
37.235 244 0.52
37.24 22 -2.25
37.24 23 0.12
37.24 25 -20.81
37.24 30 0.00
37.24 B1 8082.26 5374.20 
37.24 B3 3550.78 7695.50 
37.24 120 13 04 50
37.24 244 0.52
37.245 22 -2.20
37.245 23 0.11
37.245 25 -20.81
37.245 30 0.00
37.245 B1 8247.60 5542.55 
37.245 B3 3556.24 7846.35 
37.245 120 13 04 50
37.245 244 0.52
37.25 22 -2.15
37.25 23 0.10
37.25 25 -20.81
37.25 30 0.00
37.25 B1 8412.75 5710.71 
37.25 B3 3561.98 7997.06 
37.25 120 13 04 50
37.25 244 0.52
37.255 22 -2.10
37.255 23 0.09
37.255 25 -20.81
37.255 30 0.00
37.255 B1 8577.71 5878.68 
37.255 B3 3567.93 8147.63 
37.255 120 13 04 50
37.255 244 0.52
37.26 22 -2.05
37.26 23 0.08
37.26 25 -20.81
37.26 30 0.00
37.26 B1 8742.50 6046.47 
37.26 B3 3574.05 8298.06 
37.26 120 13 04 50
37.26 244 0.52
37.265 22 -2.01
37.265 23 0.08
37.265 25 -20.93
37.265 30 0.00
37.265 B1 8908.42 6215.39 
37.265 B3 3581.46 8449.56 
37.265 120 13 04 50
37.265 244 0.52
37.27 22 -1.97
37.27 23 0.07
37.27 25 -20.93
37.27 30 0.00
37.27 B1 9072.83 6382.80 
37.27 B3 3587.16 8599.72 
37.27 120 13 04 50
37.27 244 0.52
37.275 22 -1.93
37.275 23 0.07
37.275 25 -20.81
37.275 30 0.00
37.275 B1 9237.06 6550.02 
37.275 B3 3593.12 8749.74 
37.275 120 13 04 50
37.275 244 0.52
37.28 22 -1.90
37.28 23 0.06
37.28 25 -20.81
37.28 30 0.00
37.28 B1 9399.79 6715.74 
37.28 B3 3597.94 8898.44 
37.28 120 13 04 50
37.28 244 0.52
37.285 22 -1.87
37.285 23 0.06
37.285 25 -20.93
37.285 30 0.00
37.285 B1 9562.34 6881.27 
37.285 B3 3603.18 9046.99 
37.285 120 13 04 50
37.285 244 0.52
37.29 22 -1.84
37.29 23 0.05
37.29 25 -20.93
37.29 30 0.00
37.29 B1 9726.02 7047.94 
37.29 B3 3609.69 9196.60 
37.29 120 13 04 50
37.29 244 0.52
37.295 22 -1.82
37.295 23 0.05
37.295 25 -20.93
37.295 30 0.00
37.295 B1 9889.53 7214.43 
37.295 B3 3615.57 9346.08 
37.295 120 13 04 50
37.295 244 0.52
37.3 22 -1.80
37.3 23 0.05
37.3 25 -20.81
37.3 30 0.00
37.3 B1 10052.85 7380.73 
37.3 B3 3620.88 9495.43 
37.3 120 13 04 50
37.3 244 0.52
37.305 22 -1.78
37.305 23 0.05
37.305 25 -20.81
37.305 30 0.00
37.305 B1 10215.99 7546.84 
37.305 B3 3625.63 9644.63 
37.305 120 13 04 50
37.305 244 0.52
37.31 22 -3.98
37.31 23 1.80
37.31 25 -20.81
37.31 30 0.00
37.31 B1 10378.96 7712.77 
37.31 B3 3629.82 9488.85 
37.31 120 13 04 50
37.31 244 0.52
37.315 22 -4.50
37.315 23 2.36
37.315 25 -20.81
37.315 30 0.00
37.315 B1 10541.73 7878.52 
37.315 B3 3635.16 9232.28 
37.315 120 13 04 50
37.315 244 0.52
37.32 22 -4.37
37.32 23 2.48
37.32 25 -20.81
37.32 30 0.00
37.32 B1 10704.33 8044.08 
37.32 B3 3642.03 8951.48 
37.32 120 13 04 50
37.32 244 0.52
37.325 22 -4.23
37.325 23 2.60
37.325 25 -20.70
37.325 30 0.00
37.325 B1 10866.75 8209.45 
37.325 B3 3650.12 8645.08 
37.325 120 13 04 50
37.325 244 0.52
37.33 22 -4.08
37.33 23 2.74
37.33 25 -20.70
37.33 30 0.00
37.33 B1 11028.98 8374.65 
37.33 B3 3659.24 8311.02 
37.33 120 13 04 50
37.33 244 0.52
37.335 22 -6.13
37.335 23 2.26
37.335 25 -19.45
37.335 30 0.00
37.335 B1 10806.69 8539.66 
37.335 B3 3669.26 7946.36 
37.335 120 13 04 50
37.335 244 0.52
37.34 22 -14.31
37.34 23 3.91
37.34 25 -11.96
37.34 30 0.00
37.34 B1 10176.77 8281.75 
37.34 B3 3687.58 7534.34 
37.34 120 13 04 50
37.34 244 0.52
37.345 22 -15.55
37.345 23 8.67
37.345 25 0.00
37.345 30 0.00
37.345 B1 9492.17 7496.05 
37.345 B3 3722.50 7057.12 
37.345 120 13 04 50
37.345 244 0.52
37.35 22 5.44
37.35 23 13.55
37.35 25 0.00
37.35 30 0.00
37.35 B1 8647.41 6592.81 
37.35 B3 3768.47 6509.53 
37.35 120 13 04 50
37.35 244 0.52
37.355 22 4.73
37.355 23 15.69
37.355 25 0.00
37.355 30 0.00
37.355 B1 7701.87 5517.78 
37.355 B3 3815.93 5874.08 
37.355 120 13 04 50
37.355 244 0.52
37.36 22 3.83
37.36 23 17.67
37.36 25 0.00
37.36 30 0.00
37.36 B1 6616.82 4292.00 
37.36 B3 3868.52 5164.74 
37.36 120 13 04 50
37.36 244 0.52
37.365 22 3.39
37.365 23 18.37
37.365 25 0.00
37.365 30 0.00
37.365 B1 5341.45 3155.90 
37.365 B3 3928.86 4417.19 
37.365 120 13 04 50
37.365 244 0.52
37.37 22 2.72
37.37 23 12.31
37.37 25 0.00
37.37 30 0.00
37.37 B1 3931.98 3213.66 
37.37 B3 3996.01 3681.47 
37.37 120 13 04 50
37.37 244 0.51
37.375 22 2.03
37.375 23 5.04
37.375 25 0.00
37.375 30 0.00
37.375 B1 3307.53 3238.73 
37.375 B3 4070.54 3115.64 
37.375 120 13 04 50
37.375 244 0.51
37.38 22 2.00
37.38 23 -2.89
37.38 25 0.00
37.38 30 0.00
37.38 B1 3460.70 3261.75 
37.38 B3 4163.25 3184.63 
37.38 120 13 04 50
37.38 244 0.51
37.385 22 1.91
37.385 23 -1.38
37.385 25 0.00
37.385 30 0.00
37.385 B1 3407.73 3269.24 
37.385 B3 4252.46 3190.10 
37.385 120 13 04 50
37.385 244 0.51
37.39 22 1.83
37.39 23 -1.82
37.39 25 0.00
37.39 30 0.00
37.39 B1 3414.76 3282.47 
37.39 B3 4336.00 3203.90 
37.39 120 13 04 50
37.39 244 0.51
37.395 22 1.77
37.395 23 -1.73
37.395 25 0.00
37.395 30 0.00
37.395 B1 3403.93 3295.43 
37.395 B3 4414.62 3215.02 
37.395 120 13 04 50
37.395 244 0.51
37.4 22 1.68
37.4 23 -1.78
37.4 25 0.00
37.4 30 0.00
37.4 B1 3415.07 3309.97 
37.4 B3 4566.07 3225.47 
37.4 120 13 04 50
37.4 244 0.51
37.405 22 1.46
37.405 23 -1.59
37.405 25 0.00
37.405 30 0.00
37.405 B1 3404.30 3325.02 
37.405 B3 4717.38 3234.97 
37.405 120 13 04 50
37.405 244 0.51
37.41 22 1.41
37.41 23 -1.65
37.41 25 0.00
37.41 30 0.00
37.41 B1 3400.85 3341.85 
37.41 B3 4868.56 3244.18 
37.41 120 13 04 50
37.41 244 0.51
37.415 22 1.36
37.415 23 -1.65
37.415 25 0.00
37.415 30 0.00
37.415 B1 3395.63 3361.25 
37.415 B3 5019.59 3252.61 
37.415 120 13 04 50
37.415 244 0.51
37.42 22 1.31
37.42 23 -1.66
37.42 25 0.00
37.42 30 0.00
37.42 B1 3391.42 3384.06 
37.42 B3 5170.49 3260.40 
37.42 120 13 04 50
37.42 244 0.51
37.425 22 1.27
37.425 23 -1.67
37.425 25 0.00
37.425 30 0.00
37.425 B1 3387.29 3411.29 
37.425 B3 5321.25 3267.57 
37.425 120 13 04 50
37.425 244 0.52
37.43 22 1.22
37.43 23 -1.68
37.43 25 0.00
37.43 30 0.00
37.43 B1 3384.81 3445.62 
37.43 B3 5473.07 3275.37 
37.43 120 13 04 50
37.43 244 0.51
37.435 22 0.95
37.435 23 -1.02
37.435 25 0.00
37.435 30 0.00
37.435 B1 3379.48 3485.68 
37.435 B3 5623.55 3290.86 
37.435 120 13 04 50
37.435 244 0.51
37.44 22 0.81
37.44 23 -0.94
37.44 25 0.00
37.44 30 0.00
37.44 B1 3377.17 3535.66 
37.44 B3 5773.90 3294.95 
37.44 120 13 04 50
37.44 244 0.51
37.445 22 0.76
37.445 23 -0.97
37.445 25 0.00
37.445 30 0.00
37.445 B1 3374.19 3597.58 
37.445 B3 5924.10 3299.44 
37.445 120 13 04 50
37.445 244 0.51
37.45 22 0.71
37.45 23 -1.03
37.45 25 0.00
37.45 30 0.00
37.45 B1 3371.56 3675.04 
37.45 B3 6074.18 3303.31 
37.45 120 13 04 50
37.45 244 0.51
37.455 22 0.67
37.455 23 -1.11
37.455 25 0.00
37.455 30 0.00
37.455 B1 3368.90 3773.01 
37.455 B3 6224.11 3306.62 
37.455 120 13 04 50
37.455 244 0.51
37.46 22 0.78
37.46 23 -0.95
37.46 25 0.00
37.46 30 0.00
37.46 B1 3366.27 3876.95 
37.46 B3 6373.91 3309.11 
37.46 120 13 04 50
37.46 244 0.51
37.465 22 0.67
37.465 23 -0.85
37.465 25 0.00
37.465 30 0.00
37.465 B1 3364.29 3972.11 
37.465 B3 6523.57 3311.24 
37.465 120 13 04 50
37.465 244 0.52
37.47 22 -2.56
37.47 23 0.79
37.47 25 0.00
37.47 30 0.00
37.47 B1 3363.62 4061.21 
37.47 B3 6674.29 3314.44 
37.47 120 13 04 50
37.47 244 0.52
37.475 22 -1.52
37.475 23 0.15
37.475 25 0.00
37.475 30 0.00
37.475 B1 3444.20 4143.72 
37.475 B3 6824.88 3315.50 
37.475 120 13 04 50
37.475 244 0.52
37.48 22 -1.37
37.48 23 0.28
37.48 25 0.00
37.48 30 0.00
37.48 B1 3506.37 4220.70 
37.48 B3 6975.32 3318.34 
37.48 120 13 04 50
37.48 244 0.51
37.485 22 -1.16
37.485 23 -0.21
37.485 25 0.00
37.485 30 0.00
37.485 B1 3561.71 4387.69 
37.485 B3 7124.44 3320.11 
37.485 120 13 04 50
37.485 244 0.51
37.49 22 -1.02
37.49 23 -0.23
37.49 25 0.00
37.49 30 0.00
37.49 B1 3617.36 4554.49 
37.49 B3 7273.41 3326.89 
37.49 120 13 04 50
37.49 244 0.51
37.495 22 -4.73
37.495 23 2.05
37.495 25 0.00
37.495 30 0.00
37.495 B1 3676.33 4721.11 
37.495 B3 7422.26 3192.18 
37.495 120 13 04 50
37.495 244 0.51
37.5 22 -0.42
37.5 23 -0.39
37.5 25 0.00
37.5 30 0.00
37.5 B1 3739.82 4887.54 
37.5 B3 7570.96 3332.79 
37.5 120 13 04 50
37.5 244 0.51
37.505 22 -0.20
37.505 23 -0.53
37.505 25 0.00
37.505 30 0.00
37.505 B1 3822.77 5053.79 
37.505 B3 7719.53 3461.20 
37.505 120 13 04 50
37.505 244 0.52
37.51 22 0.00
37.51 23 -0.68
37.51 25 0.00
37.51 30 0.00
37.51 B1 3927.47 5221.17 
37.51 B3 7869.16 3579.98 
37.51 120 13 04 50
37.51 244 0.52
37.515 22 0.12
37.515 23 -0.66
37.515 25 0.00
37.515 30 0.00
37.515 B1 4023.49 5388.37 
37.515 B3 8018.65 3689.32 
37.515 120 13 04 50
37.515 244 0.52
37.52 22 0.23
37.52 23 -0.65
37.52 25 0.00
37.52 30 0.00
37.52 B1 4112.21 5555.38 
37.52 B3 8168.01 3790.60 
37.52 120 13 04 50
37.52 244 0.52
37.525 22 0.32
37.525 23 -0.64
37.525 25 0.00
37.525 30 0.00
37.525 B1 4194.78 5722.20 
37.525 B3 8317.23 3885.02 
37.525 120 13 04 50
37.525 244 0.51
37.53 22 0.41
37.53 23 -0.64
37.53 25 0.00
37.53 30 0.00
37.53 B1 4270.80 5887.52 
37.53 B3 8465.12 3972.39 
37.53 120 13 04 50
37.53 244 0.52
37.535 22 0.78
37.535 23 -0.87
37.535 25 0.00
37.535 30 0.00
37.535 B1 4341.65 6053.97 
37.535 B3 8614.07 4056.02 
37.535 120 13 04 50
37.535 244 0.52
37.54 22 1.00
37.54 23 -0.97
37.54 25 0.00
37.54 30 0.00
37.54 B1 4408.96 6220.24 
37.54 B3 8762.89 4135.33 
37.54 120 13 04 50
37.54 244 0.52
37.545 22 1.09
37.545 23 -0.98
37.545 25 0.00
37.545 30 0.00
37.545 B1 4473.19 6386.33 
37.545 B3 8911.57 4210.91 
37.545 120 13 04 50
37.545 244 0.52
37.55 22 -0.03
37.55 23 -0.88
37.55 25 0.00
37.55 30 0.00
37.55 B1 4641.22 6552.23 
37.55 B3 9060.11 4363.74 
37.55 120 13 04 50
37.55 244 0.52
37.555 22 -0.03
37.555 23 -0.88
37.555 25 0.00
37.555 30 0.00
37.555 B1 4809.06 6717.95 
37.555 B3 9208.52 4516.43 
37.555 120 13 04 50
37.555 244 0.52
37.56 22 -0.03
37.56 23 -0.88
37.56 25 0.00
37.56 30 0.00
37.56 B1 4976.71 6883.48 
37.56 B3 9356.79 4668.98 
37.56 120 13 04 50
37.56 244 0.52
37.565 22 -0.03
37.565 23 -0.88
37.565 25 0.00
37.565 30 0.00
37.565 B1 5144.18 7048.82 
37.565 B3 9504.93 4821.40 
37.565 120 13 04 50
37.565 244 0.52
37.57 22 -0.03
37.57 23 -0.88
37.57 25 0.00
37.57 30 0.00
37.57 B1 5311.46 7213.99 
37.57 B3 9652.93 4973.67 
37.57 120 13 04 50
37.57 244 0.52
37.575 22 -0.03
37.575 23 -0.88
37.575 25 0.00
37.575 30 0.00
37.575 B1 5478.56 7378.97 
37.575 B3 9800.80 5125.81 
37.575 120 13 04 50
37.575 244 0.52
37.58 22 -0.03
37.58 23 -0.88
37.58 25 0.00
37.58 30 0.00
37.58 B1 5645.47 7543.76 
37.58 B3 9948.53 5277.80 
37.58 120 13 04 50
37.58 244 0.52
37.585 22 -0.03
37.585 23 -0.87
37.585 25 0.00
37.585 30 0.00
37.585 B1 5813.52 7709.69 
37.585 B3 10097.32 5430.86 
37.585 120 13 04 50
37.585 244 0.52
37.59 22 -0.03
37.59 23 -0.87
37.59 25 0.00
37.59 30 0.00
37.59 B1 5980.05 7874.12 
37.59 B3 10244.78 5582.57 
37.59 120 13 04 50
37.59 244 0.52
37.595 22 -0.03
37.595 23 -0.87
37.595 25 0.00
37.595 30 0.00
37.595 B1 6147.73 8039.69 
37.595 B3 10393.30 5735.35 
37.595 120 13 04 50
37.595 244 0.52
37.6 22 -0.03
37.6 23 -0.87
37.6 25 0.00
37.6 30 0.00
37.6 B1 6315.21 8205.07 
37.6 B3 10541.69 5887.98 
37.6 120 13 04 50
37.6 244 0.52
37.605 22 -0.04
37.605 23 -0.87
37.605 25 0.00
37.605 30 0.00
37.605 B1 6482.51 8370.27 
37.605 B3 10689.95 6040.48 
37.605 120 13 04 50
37.605 244 0.52
37.61 22 -0.04
37.61 23 -0.87
37.61 25 0.00
37.61 30 0.00
37.61 B1 6649.63 8535.28 
37.61 B3 10838.06 6192.84 
37.61 120 13 04 50
37.61 244 0.52
37.615 22 -0.04
37.615 23 -0.87
37.615 25 0.00
37.615 30 0.00
37.615 B1 6816.55 8700.11 
37.615 B3 10986.04 6345.06 
37.615 120 13 04 50
37.615 244 0.52
37.62 22 -0.04
37.62 23 -0.87
37.62 25 0.00
37.62 30 0.00
37.62 B1 6983.30 8864.76 
37.62 B3 11133.89 6497.14 
37.62 120 13 04 50
37.62 244 0.52
37.625 22 -0.04
37.625 23 -0.87
37.625 25 0.00
37.625 30 0.00
37.625 B1 7149.85 9029.22 
37.625 B3 11281.60 6649.08 
37.625 120 13 04 50
37.625 244 0.52
37.63 22 -0.04
37.63 23 -0.87
37.63 25 0.00
37.63 30 0.00
37.63 B1 7316.22 9193.50 
37.63 B3 11429.18 6800.88 
37.63 120 13 04 50
37.63 244 0.52
37.635 22 -0.04
37.635 23 -0.87
37.635 25 0.00
37.635 30 0.00
37.635 B1 7482.41 9357.60 
37.635 B3 11576.62 6952.54 
37.635 120 13 04 50
37.635 244 0.52
37.64 22 -0.04
37.64 23 -0.87
37.64 25 0.00
37.64 30 0.00
37.64 B1 7648.41 9521.51 
37.64 B3 11723.93 7104.07 
37.64 120 13 04 50
37.64 244 0.52
37.645 22 -0.59
37.645 23 1.64
37.645 25 0.00
37.645 30 0.00
37.645 B1 7814.23 9212.21 
37.645 B3 11871.11 7255.46 
37.645 120 13 04 50
37.645 244 0.52
37.65 22 -0.77
37.65 23 2.49
37.65 25 0.00
37.65 30 0.00
37.65 B1 7979.86 8740.36 
37.65 B3 12018.15 7406.71 
37.65 120 13 04 50
37.65 244 0.52
37.655 22 -0.82
37.655 23 2.80
37.655 25 0.00
37.655 30 0.00
37.655 B1 8145.31 8210.76 
37.655 B3 12165.05 7557.82 
37.655 120 13 04 50
37.655 244 0.52
37.66 22 -0.87
37.66 23 3.18
37.66 25 0.00
37.66 30 0.00
37.66 B1 8310.57 7612.26 
37.66 B3 12311.82 7708.79 
37.66 120 13 04 50
37.66 244 0.52
37.665 22 -0.92
37.665 23 3.64
37.665 25 0.00
37.665 30 0.00
37.665 B1 8476.97 6930.33 
37.665 B3 12459.66 7860.82 
37.665 120 13 04 50
37.665 244 0.52
37.67 22 -1.44
37.67 23 6.39
37.67 25 0.00
37.67 30 0.00
37.67 B1 8238.06 6143.08 
37.67 B3 12607.35 8012.72 
37.67 120 13 04 50
37.67 244 0.52
37.675 22 -1.91
37.675 23 9.36
37.675 25 0.00
37.675 30 0.00
37.675 B1 7562.84 5235.56 
37.675 B3 12754.92 8164.47 
37.675 120 13 04 50
37.675 244 0.52
37.68 22 -1.86
37.68 23 10.30
37.68 25 0.00
37.68 30 0.00
37.68 B1 6781.04 4264.95 
37.68 B3 12902.34 8316.09 
37.68 120 13 04 50
37.68 244 0.52
37.685 22 -1.82
37.685 23 9.71
37.685 25 0.00
37.685 30 0.00
37.685 B1 5867.49 3534.10 
37.685 B3 13049.64 8467.57 
37.685 120 13 04 50
37.685 244 0.52
37.69 22 -1.71
37.69 23 7.26
37.69 25 0.00
37.69 30 0.00
37.69 B1 4819.17 3380.48 
37.69 B3 13196.80 8618.91 
37.69 120 13 04 50
37.69 244 0.52
37.695 22 -1.52
37.695 23 6.05
37.695 25 0.00
37.695 30 0.00
37.695 B1 3830.79 3385.06 
37.695 B3 13343.82 8770.11 
37.695 120 13 04 50
37.695 244 0.52
37.7 22 -1.33
37.7 23 2.59
37.7 25 0.00
37.7 30 0.00
37.7 B1 3467.05 3391.52 
37.7 B3 13490.71 8921.17 
37.7 120 13 04 50
37.7 244 0.53
37.705 22 -1.25
37.705 23 0.53
37.705 25 0.00
37.705 30 0.00
37.705 B1 3480.75 3396.89 
37.705 B3 13638.67 9073.29 
37.705 120 13 04 50
37.705 244 0.52
37.71 22 -1.22
37.71 23 0.62
37.71 25 0.00
37.71 30 0.00
37.71 B1 3482.36 3398.28 
37.71 B3 13785.29 9224.08 
37.71 120 13 04 50
37.71 244 0.52
37.715 22 -4.35
37.715 23 2.33
37.715 25 0.00
37.715 30 0.00
37.715 B1 3486.29 3401.26 
37.715 B3 13280.84 9374.73 
37.715 120 13 04 50
37.715 244 0.52
37.72 22 -3.66
37.72 23 2.03
37.72 25 0.00
37.72 30 0.00
37.72 B1 3496.26 3402.99 
37.72 B3 12768.89 9525.24 
37.72 120 13 04 50
37.72 244 0.53
37.725 22 -3.33
37.725 23 2.09
37.725 25 0.00
37.725 30 0.00
37.725 B1 3509.52 3403.79 
37.725 B3 12247.73 9676.81 
37.725 120 13 04 50
37.725 244 0.53
37.73 22 -3.00
37.73 23 2.17
37.73 25 0.00
37.73 30 0.00
37.73 B1 3523.60 3403.07 
37.73 B3 11712.68 9828.24 
37.73 120 13 04 50
37.73 244 0.53
37.735 22 -2.68
37.735 23 2.27
37.735 25 0.00
37.735 30 0.00
37.735 B1 3539.95 3402.33 
37.735 B3 11159.37 9979.54 
37.735 120 13 04 50
37.735 244 0.53
37.74 22 -2.44
37.74 23 3.16
37.74 25 0.00
37.74 30 0.00
37.74 B1 3558.95 3401.64 
37.74 B3 10577.68 10130.69 
37.74 120 13 04 50
37.74 244 0.53
37.745 22 -2.23
37.745 23 3.36
37.745 25 0.00
37.745 30 0.00
37.745 B1 3581.69 3402.71 
37.745 B3 9964.10 10281.71 
37.745 120 13 04 50
37.745 244 0.53
37.75 22 -2.01
37.75 23 3.60
37.75 25 0.00
37.75 30 0.00
37.75 B1 3607.73 3404.16 
37.75 B3 9308.86 10432.59 
37.75 120 13 04 50
37.75 244 0.53
37.755 22 -1.80
37.755 23 3.91
37.755 25 0.00
37.755 30 0.00
37.755 B1 3637.63 3405.98 
37.755 B3 8598.73 10583.33 
37.755 120 13 04 50
37.755 244 0.53
37.76 22 -1.61
37.76 23 4.32
37.76 25 0.00
37.76 30 0.00
37.76 B1 3672.25 3408.27 
37.76 B3 7815.67 10733.94 
37.76 120 13 04 50
37.76 244 0.53
37.765 22 -2.73
37.765 23 7.08
37.765 25 0.00
37.765 30 0.00
37.765 B1 3712.63 3411.12 
37.765 B3 6935.88 10472.70 
37.765 120 13 04 50
37.765 244 0.53
37.77 22 -2.69
37.77 23 8.19
37.77 25 0.00
37.77 30 0.00
37.77 B1 3757.89 3427.67 
37.77 B3 5934.78 10122.98 
37.77 120 13 04 50
37.77 244 0.53
37.775 22 -2.24
37.775 23 8.47
37.775 25 0.00
37.775 30 0.00
37.775 B1 3807.59 3443.20 
37.775 B3 4889.37 9773.07 
37.775 120 13 04 50
37.775 244 0.53
37.78 22 -2.10
37.78 23 8.10
37.78 25 0.00
37.78 30 0.00
37.78 B1 3863.45 3458.83 
37.78 B3 3909.96 9425.96 
37.78 120 13 04 50
37.78 244 0.53
37.785 22 -1.84
37.785 23 4.38
37.785 25 0.00
37.785 30 0.00
37.785 B1 3926.37 3474.17 
37.785 B3 3600.96 9084.80 
37.785 120 13 04 50
37.785 244 0.53
37.79 22 -1.58
37.79 23 2.62
37.79 25 0.00
37.79 30 0.00
37.79 B1 3995.35 3485.65 
37.79 B3 3606.84 8752.17 
37.79 120 13 04 50
37.79 244 0.53
37.795 22 -1.32
37.795 23 2.55
37.795 25 0.00
37.795 30 0.00
37.795 B1 4072.76 3495.72 
37.795 B3 3611.75 8431.43 
37.795 120 13 04 50
37.795 244 0.53
37.8 22 -1.09
37.8 23 2.43
37.8 25 0.00
37.8 30 0.00
37.8 B1 4162.44 3505.40 
37.8 B3 3616.77 8126.86 
37.8 120 13 04 50
37.8 244 0.53
37.805 22 -3.50
37.805 23 3.97
37.805 25 0.00
37.805 30 0.00
37.805 B1 4268.21 3514.40 
37.805 B3 3609.63 7843.28 
37.805 120 13 04 50
37.805 244 0.54
37.81 22 -1.53
37.81 23 2.87
37.81 25 0.00
37.81 30 0.00
37.81 B1 4370.04 3532.91 
37.81 B3 3721.27 7572.84 
37.81 120 13 04 50
37.81 244 0.54
37.815 22 -1.26
37.815 23 2.91
37.815 25 0.00
37.815 30 0.00
37.815 B1 4464.84 3545.55 
37.815 B3 3826.89 7309.43 
37.815 120 13 04 50
37.815 244 0.54
37.82 22 -1.04
37.82 23 2.85
37.82 25 0.00
37.82 30 0.00
37.82 B1 4553.68 3559.23 
37.82 B3 3935.59 7053.81 
37.82 120 13 04 50
37.82 244 0.54
37.825 22 -0.86
37.825 23 2.76
37.825 25 0.00
37.825 30 0.00
37.825 B1 4637.41 3572.84 
37.825 B3 4052.59 6806.64 
37.825 120 13 04 50
37.825 244 0.54
37.83 22 -0.76
37.83 23 2.75
37.83 25 0.00
37.83 30 0.00
37.83 B1 4716.75 3586.60 
37.83 B3 4163.27 6568.57 
37.83 120 13 04 50
37.83 244 0.54
37.835 22 -0.62
37.835 23 2.18
37.835 25 0.00
37.835 30 0.00
37.835 B1 4892.43 3602.05 
37.835 B3 4268.41 6341.30 
37.835 120 13 04 50
37.835 244 0.54
37.84 22 -0.56
37.84 23 2.16
37.84 25 0.00
37.84 30 0.00
37.84 B1 5067.91 3616.36 
37.84 B3 4367.56 6122.56 
37.84 120 13 04 50
37.84 244 0.54
37.845 22 -0.50
37.845 23 2.13
37.845 25 0.00
37.845 30 0.00
37.845 B1 5243.20 3631.13 
37.845 B3 4461.53 5912.84 
37.845 120 13 04 50
37.845 244 0.54
37.85 22 -0.46
37.85 23 2.09
37.85 25 0.00
37.85 30 0.00
37.85 B1 5418.30 3646.41 
37.85 B3 4551.01 5714.66 
37.85 120 13 04 50
37.85 244 0.54
37.855 22 -0.42
37.855 23 2.05
37.855 25 0.00
37.855 30 0.00
37.855 B1 5593.20 3662.20 
37.855 B3 4636.58 5527.15 
37.855 120 13 04 50
37.855 244 0.54
37.86 22 -0.38
37.86 23 2.02
37.86 25 0.00
37.86 30 0.00
37.86 B1 5767.91 3678.56 
37.86 B3 4718.75 5349.47 
37.86 120 13 04 50
37.86 244 0.54
37.865 22 -0.03
37.865 23 1.67
37.865 25 0.00
37.865 30 0.00
37.865 B1 5943.74 3696.87 
37.865 B3 4797.90 5186.45 
37.865 120 13 04 50
37.865 244 0.54
37.87 22 0.08
37.87 23 1.57
37.87 25 0.00
37.87 30 0.00
37.87 B1 6119.38 3715.44 
37.87 B3 4874.68 5033.22 
37.87 120 13 04 50
37.87 244 0.54
37.875 22 0.11
37.875 23 1.53
37.875 25 0.00
37.875 30 0.00
37.875 B1 6294.82 3735.14 
37.875 B3 4949.37 4889.48 
37.875 120 13 04 50
37.875 244 0.55
37.88 22 0.13
37.88 23 1.49
37.88 25 0.00
37.88 30 0.00
37.88 B1 6471.38 3757.45 
37.88 B3 5023.42 4757.20 
37.88 120 13 04 50
37.88 244 0.55
37.885 22 -0.34
37.885 23 1.42
37.885 25 0.00
37.885 30 0.00
37.885 B1 6647.75 3780.46 
37.885 B3 5185.07 4635.72 
37.885 120 13 04 50
37.885 244 0.55
37.89 22 -0.33
37.89 23 1.33
37.89 25 0.00
37.89 30 0.00
37.89 B1 6823.93 3802.53 
37.89 B3 5346.58 4532.64 
37.89 120 13 04 50
37.89 244 0.55
37.895 22 -0.32
37.895 23 1.25
37.895 25 0.00
37.895 30 0.00
37.895 B1 6999.91 3824.66 
37.895 B3 5507.94 4446.24 
37.895 120 13 04 50
37.895 244 0.55
37.9 22 -0.30
37.9 23 1.17
37.9 25 0.00
37.9 30 0.00
37.9 B1 7175.69 3847.23 
37.9 B3 5669.16 4374.45 
37.9 120 13 04 50
37.9 244 0.55
37.905 22 -0.29
37.905 23 1.10
37.905 25 0.00
37.905 30 0.00
37.905 B1 7351.27 3870.39 
37.905 B3 5830.23 4315.02 
37.905 120 13 04 50
37.905 244 0.55
37.91 22 -0.28
37.91 23 1.05
37.91 25 0.00
37.91 30 0.00
37.91 B1 7526.66 3894.22 
37.91 B3 5991.15 4265.79 
37.91 120 13 04 50
37.91 244 0.55
37.915 22 -0.47
37.915 23 3.37
37.915 25 0.00
37.915 30 0.00
37.915 B1 7274.26 3918.73 
37.915 B3 6151.92 4224.81 
37.915 120 13 04 50
37.915 244 0.55
37.92 22 -0.53
37.92 23 4.46
37.92 25 0.00
37.92 30 0.00
37.92 B1 6819.95 3945.66 
37.92 B3 6312.55 4186.75 
37.92 120 13 04 50
37.92 244 0.55
37.925 22 -0.52
37.925 23 4.81
37.925 25 0.00
37.925 30 0.00
37.925 B1 6300.72 3975.52 
37.925 B3 6473.03 4149.30 
37.925 120 13 04 50
37.925 244 0.55
37.93 22 -0.50
37.93 23 5.16
37.93 25 0.00
37.93 30 0.00
37.93 B1 5716.99 4008.06 
37.93 B3 6633.36 4113.07 
37.93 120 13 04 50
37.93 244 0.55
37.935 22 -0.49
37.935 23 5.37
37.935 25 0.00
37.935 30 0.00
37.935 B1 5092.62 4043.23 
37.935 B3 6793.55 4078.71 
37.935 120 13 04 50
37.935 244 0.55
37.94 22 -0.49
37.94 23 5.08
37.94 25 0.00
37.94 30 0.00
37.94 B1 4517.11 4081.06 
37.94 B3 6953.59 4046.77 
37.94 120 13 04 50
37.94 244 0.55
37.945 22 -0.67
37.945 23 7.85
37.945 25 0.00
37.945 30 0.00
37.945 B1 4114.21 4121.58 
37.945 B3 6439.77 4017.56 
37.945 120 13 04 50
37.945 244 0.55
37.95 22 -0.83
37.95 23 8.77
37.95 25 0.00
37.95 30 0.00
37.95 B1 3931.19 4159.52 
37.95 B3 5540.00 3996.39 
37.95 120 13 04 50
37.95 244 0.55
37.955 22 -0.92
37.955 23 8.08
37.955 25 0.00
37.955 30 0.00
37.955 B1 3879.88 4192.91 
37.955 B3 4634.67 3985.00 
37.955 120 13 04 50
37.955 244 0.55
37.96 22 -1.00
37.96 23 6.18
37.96 25 0.00
37.96 30 0.00
37.96 B1 3875.36 4220.21 
37.96 B3 4028.98 3978.89 
37.96 120 13 04 50
37.96 244 0.55
37.965 22 -1.05
37.965 23 3.77
37.965 25 0.00
37.965 30 0.00
37.965 B1 3883.01 4241.33 
37.965 B3 3849.80 3975.76 
37.965 120 13 04 50
37.965 244 0.55
37.97 22 -1.08
37.97 23 2.96
37.97 25 0.00
37.97 30 0.00
37.97 B1 3890.31 4256.07 
37.97 B3 3824.06 3973.89 
37.97 120 13 04 50
37.97 244 0.55
37.975 22 -1.09
37.975 23 2.87
37.975 25 0.00
37.975 30 0.00
37.975 B1 3896.25 4264.65 
37.975 B3 3823.69 3972.83 
37.975 120 13 04 50
37.975 244 0.55
37.98 22 -1.09
37.98 23 2.88
37.98 25 0.00
37.98 30 0.00
37.98 B1 3901.88 4267.58 
37.98 B3 3827.91 3972.59 
37.98 120 13 04 50
37.98 244 0.55
37.985 22 -1.09
37.985 23 2.90
37.985 25 0.00
37.985 30 0.00
37.985 B1 3907.75 4265.47 
37.985 B3 3833.52 3973.19 
37.985 120 13 04 50
37.985 244 0.55
37.99 22 -1.08
37.99 23 2.92
37.99 25 0.00
37.99 30 0.00
37.99 B1 3914.02 4259.05 
37.99 B3 3840.02 3974.59 
37.99 120 13 04 50
37.99 244 0.55
37.995 22 -1.06
37.995 23 2.93
37.995 25 0.00
37.995 30 0.00
37.995 B1 3920.74 4249.12 
37.995 B3 3847.28 3976.75 
37.995 120 13 04 50
37.995 244 0.55
38 22 -1.04
38 23 2.94
38 25 0.00
38 30 0.00
38 B1 3927.90 4236.52 
38 B3 3855.28 3979.63 
38 120 13 04 50
38 244 0.55
38.005 22 -1.02
38.005 23 2.94
38.005 25 0.00
38.005 30 0.00
38.005 B1 3935.46 4222.12 
38.005 B3 3863.99 3983.16 
38.005 120 13 04 50
38.005 244 0.55
38.01 22 -0.99
38.01 23 2.94
38.01 25 0.00
38.01 30 0.00
38.01 B1 3943.40 4206.70 
38.01 B3 3873.40 3987.28 
38.01 120 13 04 50
38.01 244 0.55
38.015 22 -0.96
38.015 23 2.93
38.015 25 0.00
38.015 30 0.00
38.015 B1 3951.67 4190.99 
38.015 B3 3883.50 3991.93 
38.015 120 13 04 50
38.015 244 0.55
38.02 22 -0.93
38.02 23 2.92
38.02 25 0.00
38.02 30 0.00
38.02 B1 3960.24 4175.58 
38.02 B3 3894.29 3997.07 
38.02 120 13 04 50
38.02 244 0.55
38.025 22 -0.90
38.025 23 2.90
38.025 25 0.00
38.025 30 0.00
38.025 B1 3969.07 4160.93 
38.025 B3 3905.76 4002.65 
38.025 120 13 04 50
38.025 244 0.55
38.03 22 -0.86
38.03 23 2.88
38.03 25 0.00
38.03 30 0.00
38.03 B1 3978.14 4147.37 
38.03 B3 3917.89 4008.64 
38.03 120 13 04 50
38.03 244 0.55
38.035 22 -0.83
38.035 23 2.87
38.035 25 0.00
38.035 30 0.00
38.035 B1 3987.38 4135.10 
38.035 B3 3930.69 4014.98 
38.035 120 13 04 50
38.035 244 0.55
38.04 22 -0.79
38.04 23 2.85
38.04 25 0.00
38.04 30 0.00
38.04 B1 3996.77 4124.22 
38.04 B3 3944.14 4021.66 
38.04 120 13 04 50
38.04 244 0.55
38.045 22 -0.76
38.045 23 2.83
38.045 25 0.00
38.045 30 0.00
38.045 B1 4006.27 4114.76 
38.045 B3 3958.24 4028.65 
38.045 120 13 04 50
38.045 244 0.55
38.05 22 -0.72
38.05 23 2.81
38.05 25 0.00
38.05 30 0.00
38.05 B1 4015.83 4106.69 
38.05 B3 3972.96 4035.91 
38.05 120 13 04 50
38.05 244 0.55
38.055 22 -0.69
38.055 23 2.79
38.055 25 0.00
38.055 30 0.00
38.055 B1 4025.42 4099.92 
38.055 B3 3988.29 4043.44 
38.055 120 13 04 50
38.055 244 0.55
38.06 22 -0.65
38.06 23 2.77
38.06 25 0.00
38.06 30 0.00
38.06 B1 4035.01 4094.38 
38.06 B3 4004.20 4051.21 
38.06 120 13 04 50
38.06 244 0.55
38.065 22 -0.62
38.065 23 2.76
38.065 25 0.00
38.065 30 0.00
38.065 B1 4044.54 4089.99 
38.065 B3 4020.65 4059.18 
38.065 120 13 04 50
38.065 244 0.56
38.07 22 -0.59
38.07 23 2.74
38.07 25 0.00
38.07 30 0.00
38.07 B1 4055.31 4087.94 
38.07 B3 4038.79 4068.56 
38.07 120 13 04 50
38.07 244 0.56
38.075 22 -0.56
38.075 23 2.74
38.075 25 0.00
38.075 30 0.00
38.075 B1 4065.32 4086.21 
38.075 B3 4056.85 4077.60 
38.075 120 13 04 50
38.075 244 0.56
38.08 22 -0.53
38.08 23 2.73
38.08 25 0.00
38.08 30 0.00
38.08 B1 4074.87 4085.02 
38.08 B3 4075.04 4086.53 
38.08 120 13 04 50
38.08 244 0.56
38.085 22 -0.50
38.085 23 2.72
38.085 25 0.00
38.085 30 0.00
38.085 B1 4084.09 4084.43 
38.085 B3 4093.42 4095.45 
38.085 120 13 04 50
38.085 244 0.56
38.09 22 -0.47
38.09 23 2.71
38.09 25 0.00
38.09 30 0.00
38.09 B1 4093.03 4084.48 
38.09 B3 4111.97 4104.40 
38.09 120 13 04 50
38.09 244 0.56
38.095 22 -0.45
38.095 23 2.70
38.095 25 0.00
38.095 30 0.00
38.095 B1 4101.69 4085.14 
38.095 B3 4130.60 4113.41 
38.095 120 13 04 50
38.095 244 0.55
38.1 22 -0.42
38.1 23 2.70
38.1 25 0.00
38.1 30 0.00
38.1 B1 4108.76 4085.06 
38.1 B3 4148.04 4121.27 
38.1 120 13 04 50
38.1 244 0.55
38.105 22 -0.40
38.105 23 2.68
38.105 25 0.00
38.105 30 0.00
38.105 B1 4116.16 4086.19 
38.105 B3 4165.79 4129.64 
38.105 120 13 04 50
38.105 244 0.56
38.11 22 -0.37
38.11 23 2.66
38.11 25 0.00
38.11 30 0.00
38.11 B1 4124.89 4089.48 
38.11 B3 4184.75 4139.49 
38.11 120 13 04 50
38.11 244 0.56
38.115 22 -0.35
38.115 23 2.67
38.115 25 0.00
38.115 30 0.00
38.115 B1 4132.90 4092.72 
38.115 B3 4203.10 4149.02 
38.115 120 13 04 50
38.115 244 0.55
38.12 22 -0.33
38.12 23 2.67
38.12 25 0.00
38.12 30 0.00
38.12 B1 4139.05 4094.82 
38.12 B3 4219.63 4157.17 
38.12 120 13 04 50
38.12 244 0.55
38.125 22 -0.31
38.125 23 2.66
38.125 25 0.00
38.125 30 0.00
38.125 B1 4145.37 4097.89 
38.125 B3 4235.82 4165.62 
38.125 120 13 04 50
38.125 244 0.56
38.13 22 -0.30
38.13 23 2.65
38.13 25 0.00
38.13 30 0.00
38.13 B1 4152.97 4102.91 
38.13 B3 4252.62 4175.39 
38.13 120 13 04 50
38.13 244 0.55
38.135 22 -0.28
38.135 23 2.66
38.135 25 0.00
38.135 30 0.00
38.135 B1 4158.51 4106.41 
38.135 B3 4267.14 4183.56 
38.135 120 13 04 50
38.135 244 0.55
38.14 22 -0.26
38.14 23 2.65
38.14 25 0.00
38.14 30 0.00
38.14 B1 4164.12 4110.64 
38.14 B3 4280.87 4191.86 
38.14 120 13 04 50
38.14 244 0.55
38.145 22 -0.25
38.145 23 2.65
38.145 25 0.00
38.145 30 0.00
38.145 B1 4169.65 4115.37 
38.145 B3 4293.65 4200.18 
38.145 120 13 04 50
38.145 244 0.55
38.15 22 -0.23
38.15 23 2.65
38.15 25 0.00
38.15 30 0.00
38.15 B1 4175.04 4120.45 
38.15 B3 4305.39 4208.43 
38.15 120 13 04 50
38.15 244 0.55
38.155 22 -0.22
38.155 23 2.66
38.155 25 0.00
38.155 30 0.00
38.155 B1 4180.26 4125.83 
38.155 B3 4315.99 4216.57 
38.155 120 13 04 50
38.155 244 0.55
38.16 22 -0.21
38.16 23 2.66
38.16 25 0.00
38.16 30 0.00
38.16 B1 4185.30 4131.45 
38.16 B3 4325.39 4224.55 
38.16 120 13 04 50
38.16 244 0.55
38.165 22 -0.20
38.165 23 2.66
38.165 25 0.00
38.165 30 0.00
38.165 B1 4190.17 4137.29 
38.165 B3 4333.59 4232.35 
38.165 120 13 04 50
38.165 244 0.55
38.17 22 -0.19
38.17 23 2.67
38.17 25 0.00
38.17 30 0.00
38.17 B1 4194.89 4143.32 
38.17 B3 4340.58 4239.95 
38.17 120 13 04 50
38.17 244 0.55
38.175 22 -0.18
38.175 23 2.67
38.175 25 0.00
38.175 30 0.00
38.175 B1 4199.48 4149.51 
38.175 B3 4346.41 4247.33 
38.175 120 13 04 50
38.175 244 0.56
38.18 22 -0.17
38.18 23 2.68
38.18 25 0.00
38.18 30 0.00
38.18 B1 4205.27 4157.19 
38.18 B3 4352.31 4255.68 
38.18 120 13 04 50
38.18 244 0.56
38.185 22 -0.16
38.185 23 2.69
38.185 25 0.00
38.185 30 0.00
38.185 B1 4210.38 4164.33 
38.185 B3 4356.84 4263.38 
38.185 120 13 04 50
38.185 244 0.55
38.19 22 -0.15
38.19 23 2.70
38.19 25 0.00
38.19 30 0.00
38.19 B1 4213.77 4169.95 
38.19 B3 4358.98 4269.40 
38.19 120 13 04 50
38.19 244 0.56
38.195 22 -0.15
38.195 23 2.70
38.195 25 0.00
38.195 30 0.00
38.195 B1 4218.83 4177.49 
38.195 B3 4361.63 4276.61 
38.195 120 13 04 50
38.195 244 0.56
38.2 22 -0.14
38.2 23 2.71
38.2 25 0.00
38.2 30 0.00
38.2 B1 4223.48 4184.71 
38.2 B3 4363.33 4283.33 
38.2 120 13 04 50
38.2 244 0.56
38.205 22 -0.14
38.205 23 2.72
38.205 25 0.00
38.205 30 0.00
38.205 B1 4227.91 4191.78 
38.205 B3 4364.24 4289.65 
38.205 120 13 04 50
38.205 244 0.56
38.21 22 -0.13
38.21 23 2.72
38.21 25 0.00
38.21 30 0.00
38.21 B1 4232.22 4198.82 
38.21 B3 4364.53 4295.65 
38.21 120 13 04 50
38.21 244 0.56
38.215 22 -0.13
38.215 23 2.72
38.215 25 0.00
38.215 30 0.00
38.215 B1 4236.46 4205.84 
38.215 B3 4364.36 4301.35 
38.215 120 13 04 50
38.215 244 0.56
38.22 22 -0.12
38.22 23 2.73
38.22 25 0.00
38.22 30 0.00
38.22 B1 4240.68 4212.86 
38.22 B3 4363.85 4306.81 
38.22 120 13 04 50
38.22 244 0.55
38.225 22 -0.12
38.225 23 2.73
38.225 25 0.00
38.225 30 0.00
38.225 B1 4243.58 4218.54 
38.225 B3 4361.92 4310.84 
38.225 120 13 04 50
38.225 244 0.56
38.23 22 -0.12
38.23 23 2.72
38.23 25 0.00
38.23 30 0.00
38.23 B1 4248.41 4226.16 
38.23 B3 4361.45 4316.28 
38.23 120 13 04 50
38.23 244 0.56
38.235 22 -0.11
38.235 23 2.72
38.235 25 0.00
38.235 30 0.00
38.235 B1 4252.99 4233.44 
38.235 B3 4360.84 4321.38 
38.235 120 13 04 50
38.235 244 0.55
38.24 22 -0.11
38.24 23 2.72
38.24 25 0.00
38.24 30 0.00
38.24 B1 4256.14 4239.21 
38.24 B3 4359.01 4325.04 
38.24 120 13 04 50
38.24 244 0.56
38.245 22 -0.11
38.245 23 2.71
38.245 25 0.00
38.245 30 0.00
38.245 B1 4261.17 4246.79 
38.245 B3 4358.83 4330.10 
38.245 120 13 04 50
38.245 244 0.55
38.25 22 -0.11
38.25 23 2.72
38.25 25 0.00
38.25 30 0.00
38.25 B1 4264.60 4252.66 
38.25 B3 4357.45 4333.65 
38.25 120 13 04 50
38.25 244 0.55
38.255 22 -0.11
38.255 23 2.71
38.255 25 0.00
38.255 30 0.00
38.255 B1 4268.51 4258.90 
38.255 B3 4356.58 4337.38 
38.255 120 13 04 50
38.255 244 0.55
38.26 22 -0.10
38.26 23 2.70
38.26 25 0.00
38.26 30 0.00
38.26 B1 4272.70 4265.28 
38.26 B3 4356.14 4341.20 
38.26 120 13 04 50
38.26 244 0.55
38.265 22 -0.10
38.265 23 2.70
38.265 25 0.00
38.265 30 0.00
38.265 B1 4277.06 4271.71 
38.265 B3 4356.10 4345.07 
38.265 120 13 04 50
38.265 244 0.55
38.27 22 -0.10
38.27 23 2.70
38.27 25 0.00
38.27 30 0.00
38.27 B1 4281.54 4278.11 
38.27 B3 4356.44 4348.96 
38.27 120 13 04 50
38.27 244 0.55
38.275 22 -0.10
38.275 23 2.69
38.275 25 0.00
38.275 30 0.00
38.275 B1 4286.10 4284.45 
38.275 B3 4357.12 4352.85 
38.275 120 13 04 50
38.275 244 0.55
38.28 22 -0.10
38.28 23 2.69
38.28 25 0.00
38.28 30 0.00
38.28 B1 4290.74 4290.72 
38.28 B3 4358.15 4356.75 
38.28 120 13 04 50
38.28 244 0.55
38.285 22 -0.10
38.285 23 2.69
38.285 25 0.00
38.285 30 0.00
38.285 B1 4295.44 4296.90 
38.285 B3 4359.50 4360.64 
38.285 120 13 04 50
38.285 244 0.55
38.29 22 -0.10
38.29 23 2.69
38.29 25 0.00
38.29 30 0.00
38.29 B1 4300.19 4302.98 
38.29 B3 4361.17 4364.55 
38.29 120 13 04 50
38.29 244 0.55
38.295 22 -0.10
38.295 23 2.68
38.295 25 0.00
38.295 30 0.00
38.295 B1 4305.00 4308.98 
38.295 B3 4363.15 4368.47 
38.295 120 13 04 50
38.295 244 0.56
38.3 22 -0.10
38.3 23 2.68
38.3 25 0.00
38.3 30 0.00
38.3 B1 4311.17 4316.19 
38.3 B3 4366.62 4373.61 
38.3 120 13 04 50
38.3 244 0.56
38.305 22 -0.10
38.305 23 2.69
38.305 25 0.00
38.305 30 0.00
38.305 B1 4316.79 4322.72 
38.305 B3 4369.96 4378.36 
38.305 120 13 04 50
38.305 244 0.56
38.31 22 -0.10
38.31 23 2.70
38.31 25 0.00
38.31 30 0.00
38.31 B1 4322.14 4328.85 
38.31 B3 4373.28 4382.88 
38.31 120 13 04 50
38.31 244 0.55
38.315 22 -0.10
38.315 23 2.70
38.315 25 0.00
38.315 30 0.00
38.315 B1 4326.04 4333.39 
38.315 B3 4375.52 4386.07 
38.315 120 13 04 50
38.315 244 0.56
38.32 22 -0.09
38.32 23 2.69
38.32 25 0.00
38.32 30 0.00
38.32 B1 4331.81 4339.65 
38.32 B3 4379.54 4390.83 
38.32 120 13 04 50
38.32 244 0.56
38.325 22 -0.09
38.325 23 2.69
38.325 25 0.00
38.325 30 0.00
38.325 B1 4337.30 4345.52 
38.325 B3 4383.56 4395.41 
38.325 120 13 04 50
38.325 244 0.56
38.33 22 -0.09
38.33 23 2.69
38.33 25 0.00
38.33 30 0.00
38.33 B1 4342.64 4351.13 
38.33 B3 4387.67 4399.92 
38.33 120 13 04 50
38.33 244 0.56
38.335 22 -0.09
38.335 23 2.69
38.335 25 0.00
38.335 30 0.00
38.335 B1 4347.91 4356.57 
38.335 B3 4391.90 4404.38 
38.335 120 13 04 50
38.335 244 0.56
38.34 22 -0.09
38.34 23 2.69
38.34 25 0.00
38.34 30 0.00
38.34 B1 4353.16 4361.89 
38.34 B3 4396.29 4408.86 
38.34 120 13 04 50
38.34 244 0.55
38.345 22 -0.09
38.345 23 2.69
38.345 25 0.00
38.345 30 0.00
38.345 B1 4357.10 4365.80 
38.345 B3 4399.63 4412.17 
38.345 120 13 04 50
38.345 244 0.56
38.35 22 -0.09
38.35 23 2.68
38.35 25 0.00
38.35 30 0.00
38.35 B1 4362.95 4371.52 
38.35 B3 4404.77 4417.15 
38.35 120 13 04 50
38.35 244 0.56
38.355 22 -0.09
38.355 23 2.68
38.355 25 0.00
38.355 30 0.00
38.355 B1 4368.53 4376.92 
38.355 B3 4409.90 4422.02 
38.355 120 13 04 50
38.355 244 0.56
38.36 22 -0.09
38.36 23 2.68
38.36 25 0.00
38.36 30 0.00
38.36 B1 4373.98 4382.12 
38.36 B3 4415.07 4426.85 
38.36 120 13 04 50
38.36 244 0.56
38.365 22 -0.08
38.365 23 2.68
38.365 25 0.00
38.365 30 0.00
38.365 B1 4379.36 4387.19 
38.365 B3 4420.31 4431.67 
38.365 120 13 04 50
38.365 244 0.56
38.37 22 -0.08
38.37 23 2.68
38.37 25 0.00
38.37 30 0.00
38.37 B1 4384.70 4392.17 
38.37 B3 4425.64 4436.52 
38.37 120 13 04 50
38.37 244 0.56
38.375 22 -0.08
38.375 23 2.68
38.375 25 0.00
38.375 30 0.00
38.375 B1 4390.03 4397.09 
38.375 B3 4431.06 4441.40 
38.375 120 13 04 50
38.375 244 0.56
38.38 22 -0.08
38.38 23 2.68
38.38 25 0.00
38.38 30 0.00
38.38 B1 4395.35 4401.97 
38.38 B3 4436.58 4446.33 
38.38 120 13 04 50
38.38 244 0.56
38.385 22 -0.08
38.385 23 2.67
38.385 25 0.00
38.385 30 0.00
38.385 B1 4400.66 4406.82 
38.385 B3 4442.19 4451.31 
38.385 120 13 04 50
38.385 244 0.56
38.39 22 -0.08
38.39 23 2.67
38.39 25 0.00
38.39 30 0.00
38.39 B1 4405.97 4411.64 
38.39 B3 4447.87 4456.34 
38.39 120 13 04 50
38.39 244 0.56
38.395 22 -0.08
38.395 23 2.67
38.395 25 0.00
38.395 30 0.00
38.395 B1 4411.27 4416.44 
38.395 B3 4453.63 4461.42 
38.395 120 13 04 50
38.395 244 0.55
38.4 22 -0.07
38.4 23 2.67
38.4 25 0.00
38.4 30 0.00
38.4 B1 4415.24 4419.90 
38.4 B3 4458.25 4465.35 
38.4 120 13 04 50
38.4 244 0.55
38.405 22 -0.07
38.405 23 2.66
38.405 25 0.00
38.405 30 0.00
38.405 B1 4419.80 4423.94 
38.405 B3 4463.36 4469.75 
38.405 120 13 04 50
38.405 244 0.56
38.41 22 -0.07
38.41 23 2.65
38.41 25 0.00
38.41 30 0.00
38.41 B1 4425.98 4429.60 
38.41 B3 4469.96 4475.66 
38.41 120 13 04 50
38.41 244 0.56
38.415 22 -0.07
38.415 23 2.65
38.415 25 0.00
38.415 30 0.00
38.415 B1 4431.74 4434.85 
38.415 B3 4476.35 4481.35 
38.415 120 13 04 50
38.415 244 0.55
38.42 22 -0.07
38.42 23 2.66
38.42 25 0.00
38.42 30 0.00
38.42 B1 4435.95 4438.56 
38.42 B3 4481.41 4485.72 
38.42 120 13 04 50
38.42 244 0.55
38.425 22 -0.07
38.425 23 2.64
38.425 25 0.00
38.425 30 0.00
38.425 B1 4440.60 4442.74 
38.425 B3 4486.81 4490.44 
38.425 120 13 04 50
38.425 244 0.55
38.43 22 -0.06
38.43 23 2.64
38.43 25 0.00
38.43 30 0.00
38.43 B1 4445.49 4447.16 
38.43 B3 4492.42 4495.40 
38.43 120 13 04 50
38.43 244 0.56
38.435 22 -0.06
38.435 23 2.63
38.435 25 0.00
38.435 30 0.00
38.435 B1 4451.82 4453.05 
38.435 B3 4499.35 4501.71 
38.435 120 13 04 50
38.435 244 0.55
38.44 22 -0.06
38.44 23 2.64
38.44 25 0.00
38.44 30 0.00
38.44 B1 4456.31 4457.13 
38.44 B3 4504.75 4506.50 
38.44 120 13 04 50
38.44 244 0.55
38.445 22 -0.06
38.445 23 2.63
38.445 25 0.00
38.445 30 0.00
38.445 B1 4461.10 4461.52 
38.445 B3 4510.35 4511.53 
38.445 120 13 04 50
38.445 244 0.55
38.45 22 -0.06
38.45 23 2.63
38.45 25 0.00
38.45 30 0.00
38.45 B1 4466.04 4466.08 
38.45 B3 4516.05 4516.69 
38.45 120 13 04 50
38.45 244 0.56
38.455 22 -0.06
38.455 23 2.63
38.455 25 0.00
38.455 30 0.00
38.455 B1 4472.36 4472.08 
38.455 B3 4523.02 4523.15 
38.455 120 13 04 50
38.455 244 0.56
38.46 22 -0.05
38.46 23 2.63
38.46 25 0.00
38.46 30 0.00
38.46 B1 4478.16 4477.55 
38.46 B3 4529.59 4529.25 
38.46 120 13 04 50
38.46 244 0.56
38.465 22 -0.05
38.465 23 2.64
38.465 25 0.00
38.465 30 0.00
38.465 B1 4483.65 4482.75 
38.465 B3 4535.91 4535.13 
38.465 120 13 04 50
38.465 244 0.56
38.47 22 -0.05
38.47 23 2.64
38.47 25 0.00
38.47 30 0.00
38.47 B1 4488.97 4487.81 
38.47 B3 4542.05 4540.87 
38.47 120 13 04 50
38.47 244 0.55
38.475 22 -0.05
38.475 23 2.64
38.475 25 0.00
38.475 30 0.00
38.475 B1 4492.88 4491.49 
38.475 B3 4546.87 4545.33 
38.475 120 13 04 50
38.475 244 0.55
38.48 22 -0.05
38.48 23 2.63
38.48 25 0.00
38.48 30 0.00
38.48 B1 4497.29 4495.70 
38.48 B3 4551.99 4550.13 
38.48 120 13 04 50
38.48 244 0.55
38.485 22 -0.05
38.485 23 2.62
38.485 25 0.00
38.485 30 0.00
38.485 B1 4501.98 4500.22 
38.485 B3 4557.30 4555.16 
38.485 120 13 04 50
38.485 244 0.56
38.49 22 -0.04
38.49 23 2.62
38.49 25 0.00
38.49 30 0.00
38.49 B1 4508.15 4506.24 
38.49 B3 4563.91 4561.51 
38.49 120 13 04 50
38.49 244 0.56
38.495 22 -0.04
38.495 23 2.63
38.495 25 0.00
38.495 30 0.00
38.495 B1 4513.82 4511.78 
38.495 B3 4570.15 4567.54 
38.495 120 13 04 50
38.495 244 0.56
38.5 22 -0.04
38.5 23 2.63
38.5 25 0.00
38.5 30 0.00
38.5 B1 4519.21 4517.08 
38.5 B3 4576.14 4573.36 
38.5 120 13 04 50
38.5 244 0.56
38.505 22 -0.04
38.505 23 2.63
38.505 25 0.00
38.505 30 0.00
38.505 B1 4525.76 4523.55 
38.505 B3 4583.16 4580.23 
38.505 120 13 04 50
38.505 244 0.56
38.51 22 -0.04
38.51 23 2.64
38.51 25 0.00
38.51 30 0.00
38.51 B1 4531.66 4529.39 
38.51 B3 4589.64 4586.60 
38.51 120 13 04 50
38.51 244 0.56
38.515 22 -0.04
38.515 23 2.65
38.515 25 0.00
38.515 30 0.00
38.515 B1 4537.19 4534.89 
38.515 B3 4595.76 4592.64 
38.515 120 13 04 50
38.515 244 0.56
38.52 22 -0.04
38.52 23 2.65
38.52 25 0.00
38.52 30 0.00
38.52 B1 4542.52 4540.20 
38.52 B3 4601.64 4598.47 
38.52 120 13 04 50
38.52 244 0.56
38.525 22 -0.04
38.525 23 2.65
38.525 25 0.00
38.525 30 0.00
38.525 B1 4547.73 4545.42 
38.525 B3 4607.35 4604.15 
38.525 120 13 04 50
38.525 244 0.56
38.53 22 -0.04
38.53 23 2.65
38.53 25 0.00
38.53 30 0.00
38.53 B1 4552.88 4550.59 
38.53 B3 4612.92 4609.73 
38.53 120 13 04 50
38.53 244 0.56
38.535 22 -0.03
38.535 23 2.65
38.535 25 0.00
38.535 30 0.00
38.535 B1 4557.99 4555.74 
38.535 B3 4618.39 4615.22 
38.535 120 13 04 50
38.535 244 0.56
38.54 22 -0.03
38.54 23 2.65
38.54 25 0.00
38.54 30 0.00
38.54 B1 4563.08 4560.87 
38.54 B3 4623.80 4620.68 
38.54 120 13 04 50
38.54 244 0.56
38.545 22 -0.03
38.545 23 2.65
38.545 25 0.00
38.545 30 0.00
38.545 B1 4568.16 4566.01 
38.545 B3 4629.13 4626.08 
38.545 120 13 04 50
38.545 244 0.56
38.55 22 -0.03
38.55 23 2.65
38.55 25 0.00
38.55 30 0.00
38.55 B1 4574.54 4572.47 
38.55 B3 4635.61 4632.65 
38.55 120 13 04 50
38.55 244 0.56
38.555 22 -0.03
38.555 23 2.66
38.555 25 0.00
38.555 30 0.00
38.555 B1 4580.36 4578.37 
38.555 B3 4641.65 4638.79 
38.555 120 13 04 50
38.555 244 0.56
38.56 22 -0.03
38.56 23 2.67
38.56 25 0.00
38.56 30 0.00
38.56 B1 4585.87 4583.96 
38.56 B3 4647.39 4644.64 
38.56 120 13 04 50
38.56 244 0.56
38.565 22 -0.03
38.565 23 2.67
38.565 25 0.00
38.565 30 0.00
38.565 B1 4591.19 4589.38 
38.565 B3 4652.93 4650.30 
38.565 120 13 04 50
38.565 244 0.56
38.57 22 -0.03
38.57 23 2.67
38.57 25 0.00
38.57 30 0.00
38.57 B1 4596.42 4594.70 
38.57 B3 4658.32 4655.83 
38.57 120 13 04 50
38.57 244 0.56
38.575 22 -0.03
38.575 23 2.67
38.575 25 0.00
38.575 30 0.00
38.575 B1 4601.59 4599.98 
38.575 B3 4663.62 4661.27 
38.575 120 13 04 50
38.575 244 0.56
38.58 22 -0.03
38.58 23 2.67
38.58 25 0.00
38.58 30 0.00
38.58 B1 4606.73 4605.23 
38.58 B3 4668.85 4666.65 
38.58 120 13 04 50
38.58 244 0.56
38.585 22 -0.03
38.585 23 2.67
38.585 25 0.00
38.585 30 0.00
38.585 B1 4611.86 4610.46 
38.585 B3 4674.02 4671.98 
38.585 120 13 04 50
38.585 244 0.56
38.59 22 -0.02
38.59 23 2.67
38.59 25 0.00
38.59 30 0.00
38.59 B1 4616.98 4615.69 
38.59 B3 4679.15 4677.27 
38.59 120 13 04 50
38.59 244 0.56
38.595 22 -0.02
38.595 23 2.67
38.595 25 0.00
38.595 30 0.00
38.595 B1 4622.09 4620.91 
38.595 B3 4684.25 4682.52 
38.595 120 13 04 50
38.595 244 0.56
38.6 22 -0.02
38.6 23 2.67
38.6 25 0.00
38.6 30 0.00
38.6 B1 4627.20 4626.13 
38.6 B3 4689.33 4687.76 
38.6 120 13 04 50
38.6 244 0.56
38.605 22 -0.02
38.605 23 2.66
38.605 25 0.00
38.605 30 0.00
38.605 B1 4632.31 4631.34 
38.605 B3 4694.40 4692.97 
38.605 120 13 04 50
38.605 244 0.56
38.61 22 -0.02
38.61 23 2.66
38.61 25 0.00
38.61 30 0.00
38.61 B1 4637.42 4636.55 
38.61 B3 4699.44 4698.17 
38.61 120 13 04 50
38.61 244 0.57
38.615 22 -0.02
38.615 23 2.66
38.615 25 0.00
38.615 30 0.00
38.615 B1 4643.85 4643.08 
38.615 B3 4705.66 4704.54 
38.615 120 13 04 50
38.615 244 0.57
38.62 22 -0.02
38.62 23 2.67
38.62 25 0.00
38.62 30 0.00
38.62 B1 4649.72 4649.05 
38.62 B3 4711.50 4710.51 
38.62 120 13 04 50
38.62 244 0.56
38.625 22 -0.02
38.625 23 2.68
38.625 25 0.00
38.625 30 0.00
38.625 B1 4653.96 4653.38 
38.625 B3 4715.86 4715.01 
38.625 120 13 04 50
38.625 244 0.56
38.63 22 -0.02
38.63 23 2.67
38.63 25 0.00
38.63 30 0.00
38.63 B1 4658.59 4658.09 
38.63 B3 4720.45 4719.73 
38.63 120 13 04 50
38.63 244 0.57
38.635 22 -0.02
38.635 23 2.66
38.635 25 0.00
38.635 30 0.00
38.635 B1 4664.74 4664.33 
38.635 B3 4726.38 4725.78 
38.635 120 13 04 50
38.635 244 0.56
38.64 22 -0.02
38.64 23 2.67
38.64 25 0.00
38.64 30 0.00
38.64 B1 4669.15 4668.81 
38.64 B3 4730.82 4730.33 
38.64 120 13 04 50
38.64 244 0.56
38.645 22 -0.02
38.645 23 2.66
38.645 25 0.00
38.645 30 0.00
38.645 B1 4673.86 4673.59 
38.645 B3 4735.45 4735.07 
38.645 120 13 04 50
38.645 244 0.57
38.65 22 -0.02
38.65 23 2.66
38.65 25 0.00
38.65 30 0.00
38.65 B1 4681.39 4681.19 
38.65 B3 4742.60 4742.33 
38.65 120 13 04 50
38.65 244 0.57
38.655 22 -0.02
38.655 23 2.68
38.655 25 -0.13
38.655 30 0.00
38.655 B1 4687.91 4687.76 
38.655 B3 4749.06 4748.87 
38.655 120 13 04 50
38.655 244 0.57
38.66 22 -0.10
38.66 23 2.69
38.66 25 -0.27
38.66 30 0.00
38.66 B1 4693.85 4693.77 
38.66 B3 4755.06 4754.96 
38.66 120 13 04 50
38.66 244 0.57
38.665 22 -0.19
38.665 23 2.69
38.665 25 -0.40
38.665 30 0.00
38.665 B1 4698.19 4698.05 
38.665 B3 4759.62 4759.51 
38.665 120 13 04 50
38.665 244 0.57
38.67 22 -0.27
38.67 23 2.68
38.67 25 -0.66
38.67 30 0.00
38.67 B1 4704.29 4703.93 
38.67 B3 4765.64 4765.38 
38.67 120 13 04 50
38.67 244 0.57
38.675 22 -0.44
38.675 23 2.68
38.675 25 -0.66
38.675 30 0.00
38.675 B1 4708.74 4707.99 
38.675 B3 4770.28 4769.70 
38.675 120 13 04 50
38.675 244 0.57
38.68 22 -0.43
38.68 23 2.68
38.68 25 -0.79
38.68 30 0.00
38.68 B1 4713.76 4712.28 
38.68 B3 4775.29 4774.09 
38.68 120 13 04 50
38.68 244 0.57
38.685 22 -0.51
38.685 23 2.67
38.685 25 -0.79
38.685 30 0.00
38.685 B1 4719.02 4716.67 
38.685 B3 4780.53 4778.54 
38.685 120 13 04 50
38.685 244 0.57
38.69 22 -0.50
38.69 23 2.67
38.69 25 -0.79
38.69 30 0.00
38.69 B1 4724.54 4721.12 
38.69 B3 4785.95 4782.99 
38.69 120 13 04 50
38.69 244 0.57
38.695 22 -0.49
38.695 23 2.66
38.695 25 -0.79
38.695 30 0.00
38.695 B1 4731.51 4726.92 
38.695 B3 4792.70 4788.63 
38.695 120 13 04 50
38.695 244 0.57
38.7 22 -0.47
38.7 23 2.67
38.7 25 -0.79
38.7 30 0.00
38.7 B1 4737.98 4732.20 
38.7 B3 4799.12 4793.89 
38.7 120 13 04 50
38.7 244 0.57
38.705 22 -0.46
38.705 23 2.68
38.705 25 -0.79
38.705 30 0.00
38.705 B1 4744.18 4737.19 
38.705 B3 4805.34 4798.91 
38.705 120 13 04 50
38.705 244 0.57
38.71 22 -0.46
38.71 23 2.68
38.71 25 -0.79
38.71 30 0.00
38.71 B1 4750.20 4742.02 
38.71 B3 4811.42 4803.79 
38.71 120 13 04 50
38.71 244 0.57
38.715 22 -0.45
38.715 23 2.68
38.715 25 -0.79
38.715 30 0.00
38.715 B1 4756.12 4746.77 
38.715 B3 4817.39 4808.56 
38.715 120 13 04 50
38.715 244 0.57
38.72 22 -0.44
38.72 23 2.68
38.72 25 -0.79
38.72 30 0.00
38.72 B1 4761.97 4751.47 
38.72 B3 4823.30 4813.28 
38.72 120 13 04 50
38.72 244 0.57
38.725 22 -0.43
38.725 23 2.68
38.725 25 -0.66
38.725 30 0.00
38.725 B1 4767.77 4756.16 
38.725 B3 4829.16 4817.98 
38.725 120 13 04 50
38.725 244 0.57
38.73 22 -0.34
38.73 23 2.68
38.73 25 -0.80
38.73 30 0.00
38.73 B1 4772.25 4759.55 
38.73 B3 4833.78 4821.46 
38.73 120 13 04 50
38.73 244 0.57
38.735 22 -0.43
38.735 23 2.67
38.735 25 -0.80
38.735 30 0.00
38.735 B1 4778.46 4764.81 
38.735 B3 4839.91 4826.57 
38.735 120 13 04 50
38.735 244 0.57
38.74 22 -0.42
38.74 23 2.67
38.74 25 -0.80
38.74 30 0.00
38.74 B1 4784.44 4769.82 
38.74 B3 4845.90 4831.54 
38.74 120 13 04 50
38.74 244 0.57
38.745 22 -0.42
38.745 23 2.67
38.745 25 -0.80
38.745 30 0.00
38.745 B1 4791.61 4776.01 
38.745 B3 4853.00 4837.61 
38.745 120 13 04 50
38.745 244 0.57
38.75 22 -0.41
38.75 23 2.68
38.75 25 -0.80
38.75 30 0.00
38.75 B1 4798.15 4781.60 
38.75 B3 4859.64 4843.25 
38.75 120 13 04 50
38.75 244 0.57
38.755 22 -0.41
38.755 23 2.69
38.755 25 -0.80
38.755 30 0.00
38.755 B1 4803.00 4785.50 
38.755 B3 4864.78 4847.40 
38.755 120 13 04 50
38.755 244 0.57
38.76 22 -0.40
38.76 23 2.68
38.76 25 -0.80
38.76 30 0.00
38.76 B1 4809.50 4791.09 
38.76 B3 4871.30 4852.96 
38.76 120 13 04 50
38.76 244 0.57
38.765 22 -0.40
38.765 23 2.69
38.765 25 -0.80
38.765 30 0.00
38.765 B1 4815.62 4796.32 
38.765 B3 4877.54 4858.27 
38.765 120 13 04 50
38.765 244 0.57
38.77 22 -0.40
38.77 23 2.69
38.77 25 -0.80
38.77 30 0.00
38.77 B1 4821.54 4801.37 
38.77 B3 4883.62 4863.44 
38.77 120 13 04 50
38.77 244 0.58
38.775 22 -0.40
38.775 23 2.69
38.775 25 -0.80
38.775 30 0.00
38.775 B1 4828.64 4807.64 
38.775 B3 4890.75 4869.68 
38.775 120 13 04 50
38.775 244 0.58
38.78 22 -0.39
38.78 23 2.70
38.78 25 -0.80
38.78 30 0.00
38.78 B1 4835.13 4813.30 
38.78 B3 4897.42 4875.49 
38.78 120 13 04 50
38.78 244 0.58
38.785 22 -0.39
38.785 23 2.71
38.785 25 -0.80
38.785 30 0.00
38.785 B1 4841.26 4818.64 
38.785 B3 4903.77 4881.01 
38.785 120 13 04 50
38.785 244 0.58
38.79 22 -0.39
38.79 23 2.71
38.79 25 -0.80
38.79 30 0.00
38.79 B1 4847.17 4823.77 
38.79 B3 4909.91 4886.34 
38.79 120 13 04 50
38.79 244 0.58
38.795 22 -0.39
38.795 23 2.71
38.795 25 -0.80
38.795 30 0.00
38.795 B1 4854.26 4830.12 
38.795 B3 4917.10 4892.75 
38.795 120 13 04 50
38.795 244 0.58
38.8 22 -0.39
38.8 23 2.72
38.8 25 -0.80
38.8 30 0.00
38.8 B1 4860.75 4835.87 
38.8 B3 4923.81 4898.69 
38.8 120 13 04 50
38.8 244 0.58
38.805 22 -0.39
38.805 23 2.73
38.805 25 -0.80
38.805 30 0.00
38.805 B1 4866.87 4841.29 
38.805 B3 4930.19 4904.34 
38.805 120 13 04 50
38.805 244 0.58
38.81 22 -0.39
38.81 23 2.73
38.81 25 -0.80
38.81 30 0.00
38.81 B1 4872.77 4846.51 
38.81 B3 4936.36 4909.79 
38.81 120 13 04 50
38.81 244 0.58
38.815 22 -0.39
38.815 23 2.73
38.815 25 -0.80
38.815 30 0.00
38.815 B1 4878.55 4851.62 
38.815 B3 4942.37 4915.11 
38.815 120 13 04 50
38.815 244 0.58
38.82 22 -0.39
38.82 23 2.73
38.82 25 -0.80
38.82 30 0.00
38.82 B1 4884.25 4856.68 
38.82 B3 4948.28 4920.35 
38.82 120 13 04 50
38.82 244 0.58
38.825 22 -0.39
38.825 23 2.73
38.825 25 -0.80
38.825 30 0.00
38.825 B1 4889.89 4861.69 
38.825 B3 4954.12 4925.54 
38.825 120 13 04 50
38.825 244 0.58
38.83 22 -0.40
38.83 23 2.73
38.83 25 -0.80
38.83 30 0.00
38.83 B1 4895.50 4866.70 
38.83 B3 4959.90 4930.69 
38.83 120 13 04 50
38.83 244 0.58
38.835 22 -0.40
38.835 23 2.73
38.835 25 -0.80
38.835 30 0.00
38.835 B1 4901.09 4871.70 
38.835 B3 4965.65 4935.82 
38.835 120 13 04 50
38.835 244 0.59
38.84 22 -0.40
38.84 23 2.73
38.84 25 -0.80
38.84 30 0.00
38.84 B1 4907.98 4878.02 
38.84 B3 4972.55 4942.14 
38.84 120 13 04 50
38.84 244 0.59
38.845 22 -0.40
38.845 23 2.74
38.845 25 -0.80
38.845 30 0.00
38.845 B1 4914.32 4883.79 
38.845 B3 4979.06 4948.07 
38.845 120 13 04 50
38.845 244 0.58
38.85 22 -0.40
38.85 23 2.74
38.85 25 -0.80
38.85 30 0.00
38.85 B1 4919.03 4887.95 
38.85 B3 4984.11 4952.55 
38.85 120 13 04 50
38.85 244 0.59
38.855 22 -0.41
38.855 23 2.73
38.855 25 -0.80
38.855 30 0.00
38.855 B1 4925.38 4893.78 
38.855 B3 4990.53 4958.43 
38.855 120 13 04 50
38.855 244 0.59
38.86 22 -0.41
38.86 23 2.74
38.86 25 -0.80
38.86 30 0.00
38.86 B1 4931.41 4899.29 
38.86 B3 4996.71 4964.08 
38.86 120 13 04 50
38.86 244 0.59
38.865 22 -0.41
38.865 23 2.74
38.865 25 -0.80
38.865 30 0.00
38.865 B1 4937.24 4904.62 
38.865 B3 5002.72 4969.57 
38.865 120 13 04 50
38.865 244 0.59
38.87 22 -0.41
38.87 23 2.74
38.87 25 -0.80
38.87 30 0.00
38.87 B1 4944.27 4911.15 
38.87 B3 5009.80 4976.14 
38.87 120 13 04 50
38.87 244 0.59
38.875 22 -0.42
38.875 23 2.75
38.875 25 -0.80
38.875 30 0.00
38.875 B1 4949.37 4915.78 
38.875 B3 5015.23 4981.08 
38.875 120 13 04 50
38.875 244 0.59
38.88 22 -0.42
38.88 23 2.75
38.88 25 -0.80
38.88 30 0.00
38.88 B1 4954.65 4920.59 
38.88 B3 5020.73 4986.10 
38.88 120 13 04 50
38.88 244 0.59
38.885 22 -0.42
38.885 23 2.75
38.885 25 -0.80
38.885 30 0.00
38.885 B1 4961.35 4926.83 
38.885 B3 5027.46 4992.36 
38.885 120 13 04 50
38.885 244 0.59
38.89 22 -0.43
38.89 23 2.75
38.89 25 -0.80
38.89 30 0.00
38.89 B1 4967.57 4932.61 
38.89 B3 5033.84 4998.28 
38.89 120 13 04 50
38.89 244 0.59
38.895 22 -0.43
38.895 23 2.76
38.895 25 -0.80
38.895 30 0.00
38.895 B1 4973.52 4938.12 
38.895 B3 5039.99 5003.99 
38.895 120 13 04 50
38.895 244 0.59
38.9 22 -0.43
38.9 23 2.76
38.9 25 -0.80
38.9 30 0.00
38.9 B1 4979.30 4943.47 
38.9 B3 5045.97 5009.53 
38.9 120 13 04 50
38.9 244 0.59
38.905 22 -0.44
38.905 23 2.76
38.905 25 -0.80
38.905 30 0.00
38.905 B1 4984.98 4948.74 
38.905 B3 5051.84 5014.97 
38.905 120 13 04 50
38.905 244 0.59
38.91 22 -0.44
38.91 23 2.76
38.91 25 -0.80
38.91 30 0.00
38.91 B1 4990.60 4953.96 
38.91 B3 5057.63 5020.35 
38.91 120 13 04 50
38.91 244 0.59
38.915 22 -0.44
38.915 23 2.76
38.915 25 -0.80
38.915 30 0.00
38.915 B1 4996.18 4959.14 
38.915 B3 5063.37 5025.68 
38.915 120 13 04 50
38.915 244 0.59
38.92 22 -0.45
38.92 23 2.76
38.92 25 -0.80
38.92 30 0.00
38.92 B1 5001.73 4964.31 
38.92 B3 5069.06 5030.97 
38.92 120 13 04 50
38.92 244 0.59
38.925 22 -0.45
38.925 23 2.76
38.925 25 -0.80
38.925 30 0.00
38.925 B1 5007.27 4969.47 
38.925 B3 5074.73 5036.25 
38.925 120 13 04 50
38.925 244 0.59
38.93 22 -0.46
38.93 23 2.76
38.93 25 -0.80
38.93 30 0.00
38.93 B1 5012.79 4974.62 
38.93 B3 5080.37 5041.50 
38.93 120 13 04 50
38.93 244 0.59
38.935 22 -0.46
38.935 23 2.75
38.935 25 -0.80
38.935 30 0.00
38.935 B1 5018.30 4979.78 
38.935 B3 5085.99 5046.76 
38.935 120 13 04 50
38.935 244 0.59
38.94 22 -0.46
38.94 23 2.75
38.94 25 -0.80
38.94 30 0.00
38.94 B1 5023.81 4984.92 
38.94 B3 5091.60 5051.99 
38.94 120 13 04 50
38.94 244 0.59
38.945 22 -0.47
38.945 23 2.75
38.945 25 -0.80
38.945 30 0.00
38.945 B1 5029.31 4990.08 
38.945 B3 5097.19 5057.23 
38.945 120 13 04 50
38.945 244 0.59
38.95 22 -0.47
38.95 23 2.75
38.95 25 -0.80
38.95 30 0.00
38.95 B1 5034.80 4995.23 
38.95 B3 5102.78 5062.46 
38.95 120 13 04 50
38.95 244 0.59
38.955 22 -0.48
38.955 23 2.75
38.955 25 -0.80
38.955 30 0.00
38.955 B1 5040.29 5000.38 
38.955 B3 5108.35 5067.69 
38.955 120 13 04 50
38.955 244 0.59
38.96 22 -0.48
38.96 23 2.75
38.96 25 -0.80
38.96 30 0.00
38.96 B1 5045.77 5005.54 
38.96 B3 5113.91 5072.92 
38.96 120 13 04 50
38.96 244 0.59
38.965 22 -0.48
38.965 23 2.75
38.965 25 -0.80
38.965 30 0.00
38.965 B1 5052.56 5012.02 
38.965 B3 5120.66 5079.34 
38.965 120 13 04 50
38.965 244 0.59
38.97 22 -0.49
38.97 23 2.76
38.97 25 -0.80
38.97 30 0.00
38.97 B1 5058.83 5017.97 
38.97 B3 5127.04 5085.38 
38.97 120 13 04 50
38.97 244 0.59
38.975 22 -0.49
38.975 23 2.76
38.975 25 -0.80
38.975 30 0.00
38.975 B1 5064.79 5023.62 
38.975 B3 5133.17 5091.19 
38.975 120 13 04 50
38.975 244 0.59
38.98 22 -0.50
38.98 23 2.76
38.98 25 -0.80
38.98 30 0.00
38.98 B1 5070.57 5029.08 
38.98 B3 5139.12 5096.82 
38.98 120 13 04 50
38.98 244 0.59
38.985 22 -0.50
38.985 23 2.76
38.985 25 -0.80
38.985 30 0.00
38.985 B1 5076.23 5034.45 
38.985 B3 5144.95 5102.34 
38.985 120 13 04 50
38.985 244 0.59
38.99 22 -0.51
38.99 23 2.76
38.99 25 -0.80
38.99 30 0.00
38.99 B1 5081.82 5039.75 
38.99 B3 5150.69 5107.77 
38.99 120 13 04 50
38.99 244 0.59
38.995 22 -0.51
38.995 23 2.76
38.995 25 -0.80
38.995 30 0.00
38.995 B1 5087.37 5045.01 
38.995 B3 5156.38 5113.16 
38.995 120 13 04 50
38.995 244 0.59
39 22 -0.51
39 23 2.76
39 25 -0.80
39 30 0.00
39 B1 5092.89 5050.25 
39 B3 5162.03 5118.51 
39 120 13 04 50
39 244 0.59
39.005 22 -0.52
39.005 23 2.76
39.005 25 -0.80
39.005 30 0.00
39.005 B1 5098.39 5055.47 
39.005 B3 5167.64 5123.83 
39.005 120 13 04 50
39.005 244 0.59
39.01 22 -0.52
39.01 23 2.76
39.01 25 -0.80
39.01 30 0.00
39.01 B1 5103.88 5060.69 
39.01 B3 5173.23 5129.14 
39.01 120 13 04 50
39.01 244 0.59
39.015 22 -0.53
39.015 23 2.76
39.015 25 -0.80
39.015 30 0.00
39.015 B1 5109.36 5065.91 
39.015 B3 5178.80 5134.44 
39.015 120 13 04 50
39.015 244 0.59
39.02 22 -0.53
39.02 23 2.76
39.02 25 -0.80
39.02 30 0.00
39.02 B1 5114.83 5071.13 
39.02 B3 5184.36 5139.73 
39.02 120 13 04 50
39.02 244 0.59
39.025 22 -0.54
39.025 23 2.76
39.025 25 -0.94
39.025 30 0.00
39.025 B1 5120.29 5076.34 
39.025 B3 5189.91 5145.00 
39.025 120 13 04 50
39.025 244 0.59
39.03 22 -0.64
39.03 23 2.75
39.03 25 -0.94
39.03 30 0.00
39.03 B1 5125.71 5081.50 
39.03 B3 5195.45 5150.28 
39.03 120 13 04 50
39.03 244 0.59
39.035 22 -0.64
39.035 23 2.75
39.035 25 -0.94
39.035 30 0.00
39.035 B1 5131.19 5086.62 
39.035 B3 5201.02 5155.50 
39.035 120 13 04 50
39.035 244 0.59
39.04 22 -0.64
39.04 23 2.75
39.04 25 -0.94
39.04 30 0.00
39.04 B1 5136.70 5091.73 
39.04 B3 5206.61 5160.69 
39.04 120 13 04 50
39.04 244 0.59
39.045 22 -0.65
39.045 23 2.75
39.045 25 -1.07
39.045 30 0.00
39.045 B1 5142.23 5096.82 
39.045 B3 5212.22 5165.87 
39.045 120 13 04 50
39.045 244 0.59
39.05 22 -0.74
39.05 23 2.75
39.05 25 -1.07
39.05 30 0.00
39.05 B1 5147.73 5101.86 
39.05 B3 5217.83 5171.03 
39.05 120 13 04 50
39.05 244 0.59
39.055 22 -0.74
39.055 23 2.74
39.055 25 -1.07
39.055 30 0.00
39.055 B1 5153.28 5106.86 
39.055 B3 5223.48 5176.13 
39.055 120 13 04 50
39.055 244 0.59
39.06 22 -0.74
39.06 23 2.74
39.06 25 -1.20
39.06 30 0.00
39.06 B1 5158.89 5111.85 
39.06 B3 5229.16 5181.21 
39.06 120 13 04 50
39.06 244 0.60
39.065 22 -0.83
39.065 23 2.74
39.065 25 -1.20
39.065 30 0.00
39.065 B1 5165.77 5118.09 
39.065 B3 5236.04 5187.45 
39.065 120 13 04 50
39.065 244 0.60
39.07 22 -0.83
39.07 23 2.75
39.07 25 -1.20
39.07 30 0.00
39.07 B1 5172.22 5123.79 
39.07 B3 5242.61 5193.28 
39.07 120 13 04 50
39.07 244 0.60
39.075 22 -0.83
39.075 23 2.75
39.075 25 -1.20
39.075 30 0.00
39.075 B1 5178.42 5129.17 
39.075 B3 5248.97 5198.84 
39.075 120 13 04 50
39.075 244 0.60
39.08 22 -0.83
39.08 23 2.75
39.08 25 -1.20
39.08 30 0.00
39.08 B1 5184.45 5134.36 
39.08 B3 5255.17 5204.19 
39.08 120 13 04 50
39.08 244 0.60
39.085 22 -0.83
39.085 23 2.75
39.085 25 -1.20
39.085 30 0.00
39.085 B1 5190.38 5139.45 
39.085 B3 5261.25 5209.43 
39.085 120 13 04 50
39.085 244 0.60
39.09 22 -0.83
39.09 23 2.75
39.09 25 -1.20
39.09 30 0.00
39.09 B1 5196.25 5144.47 
39.09 B3 5267.27 5214.58 
39.09 120 13 04 50
39.09 244 0.60
39.095 22 -0.83
39.095 23 2.75
39.095 25 -1.20
39.095 30 0.00
39.095 B1 5202.06 5149.47 
39.095 B3 5273.22 5219.68 
39.095 120 13 04 50
39.095 244 0.60
39.1 22 -0.83
39.1 23 2.75
39.1 25 -1.20
39.1 30 0.00
39.1 B1 5207.85 5154.45 
39.1 B3 5279.12 5224.75 
39.1 120 13 04 50
39.1 244 0.60
39.105 22 -0.83
39.105 23 2.75
39.105 25 -1.20
39.105 30 0.00
39.105 B1 5213.60 5159.41 
39.105 B3 5284.99 5229.79 
39.105 120 13 04 50
39.105 244 0.60
39.11 22 -0.83
39.11 23 2.75
39.11 25 -1.20
39.11 30 0.00
39.11 B1 5219.33 5164.38 
39.11 B3 5290.83 5234.83 
39.11 120 13 04 50
39.11 244 0.60
39.115 22 -0.84
39.115 23 2.75
39.115 25 -1.20
39.115 30 0.00
39.115 B1 5225.05 5169.35 
39.115 B3 5296.64 5239.85 
39.115 120 13 04 50
39.115 244 0.60
39.12 22 -0.84
39.12 23 2.75
39.12 25 -1.20
39.12 30 0.00
39.12 B1 5232.07 5175.64 
39.12 B3 5303.64 5246.08 
39.12 120 13 04 50
39.12 244 0.60
39.125 22 -0.84
39.125 23 2.76
39.125 25 -1.20
39.125 30 0.00
39.125 B1 5238.57 5181.44 
39.125 B3 5310.25 5251.95 
39.125 120 13 04 50
39.125 244 0.60
39.13 22 -0.84
39.13 23 2.76
39.13 25 -1.20
39.13 30 0.00
39.13 B1 5244.76 5186.93 
39.13 B3 5316.61 5257.58 
39.13 120 13 04 50
39.13 244 0.60
39.135 22 -0.85
39.135 23 2.76
39.135 25 -1.20
39.135 30 0.00
39.135 B1 5250.75 5192.24 
39.135 B3 5322.79 5263.04 
39.135 120 13 04 50
39.135 244 0.60
39.14 22 -0.85
39.14 23 2.77
39.14 25 -1.33
39.14 30 0.00
39.14 B1 5256.62 5197.45 
39.14 B3 5328.84 5268.40 
39.14 120 13 04 50
39.14 244 0.60
39.145 22 -0.95
39.145 23 2.76
39.145 25 -1.46
39.145 30 0.00
39.145 B1 5262.34 5202.53 
39.145 B3 5334.80 5273.68 
39.145 120 13 04 50
39.145 244 0.60
39.15 22 -1.04
39.15 23 2.76
39.15 25 -1.46
39.15 30 0.00
39.15 B1 5268.00 5207.48 
39.15 B3 5340.72 5278.87 
39.15 120 13 04 50
39.15 244 0.60
39.155 22 -1.04
39.155 23 2.76
39.155 25 -1.46
39.155 30 0.00
39.155 B1 5273.76 5212.37 
39.155 B3 5346.67 5283.95 
39.155 120 13 04 50
39.155 244 0.60
39.16 22 -1.04
39.16 23 2.76
39.16 25 -1.85
39.16 30 0.00
39.16 B1 5279.56 5217.23 
39.16 B3 5352.61 5288.97 
39.16 120 13 04 50
39.16 244 0.60
39.165 22 -1.33
39.165 23 2.75
39.165 25 -1.85
39.165 30 0.00
39.165 B1 5285.10 5221.79 
39.165 B3 5358.56 5293.94 
39.165 120 13 04 50
39.165 244 0.60
39.17 22 -1.33
39.17 23 2.74
39.17 25 -1.99
39.17 30 0.00
39.17 B1 5290.92 5226.30 
39.17 B3 5364.62 5298.75 
39.17 120 13 04 50
39.17 244 0.60
39.175 22 -1.42
39.175 23 2.74
39.175 25 -2.38
39.175 30 0.00
39.175 B1 5296.77 5230.67 
39.175 B3 5370.75 5303.45 
39.175 120 13 04 50
39.175 244 0.60
39.18 22 -1.72
39.18 23 2.72
39.18 25 -2.64
39.18 30 0.00
39.18 B1 5302.41 5234.64 
39.18 B3 5376.96 5308.04 
39.18 120 13 04 50
39.18 244 0.60
39.185 22 -1.91
39.185 23 2.71
39.185 25 -2.90
39.185 30 0.00
39.185 B1 5308.16 5238.28 
39.185 B3 5383.35 5312.41 
39.185 120 13 04 50
39.185 244 0.60
39.19 22 -2.10
39.19 23 2.69
39.19 25 -2.90
39.19 30 0.00
39.19 B1 5314.03 5241.60 
39.19 B3 5389.91 5316.54 
39.19 120 13 04 50
39.19 244 0.60
39.195 22 -2.07
39.195 23 2.69
39.195 25 -3.03
39.195 30 0.00
39.195 B1 5320.44 5244.99 
39.195 B3 5396.68 5320.42 
39.195 120 13 04 50
39.195 244 0.60
39.2 22 -2.15
39.2 23 2.68
39.2 25 -3.16
39.2 30 0.00
39.2 B1 5326.95 5248.25 
39.2 B3 5403.56 5324.15 
39.2 120 13 04 50
39.2 244 0.60
39.205 22 -2.24
39.205 23 2.67
39.205 25 -3.30
39.205 30 0.00
39.205 B1 5333.56 5251.39 
39.205 B3 5410.55 5327.72 
39.205 120 13 04 50
39.205 244 0.60
39.21 22 -2.32
39.21 23 2.66
39.21 25 -3.30
39.21 30 0.00
39.21 B1 5340.26 5254.42 
39.21 B3 5417.63 5331.17 
39.21 120 13 04 50
39.21 244 0.61
39.215 22 -2.29
39.215 23 2.66
39.215 25 -3.30
39.215 30 0.00
39.215 B1 5348.56 5258.87 
39.215 B3 5426.00 5335.69 
39.215 120 13 04 50
39.215 244 0.61
39.22 22 -2.27
39.22 23 2.67
39.22 25 -3.30
39.22 30 0.00
39.22 B1 5356.53 5262.90 
39.22 B3 5434.06 5339.79 
39.22 120 13 04 50
39.22 244 0.61
39.225 22 -2.25
39.225 23 2.67
39.225 25 -3.30
39.225 30 0.00
39.225 B1 5364.25 5266.69 
39.225 B3 5441.89 5343.62 
39.225 120 13 04 50
39.225 244 0.61
39.23 22 -2.23
39.23 23 2.68
39.23 25 -3.43
39.23 30 0.00
39.23 B1 5371.80 5270.37 
39.23 B3 5449.54 5347.28 
39.23 120 13 04 50
39.23 244 0.61
39.235 22 -2.33
39.235 23 2.67
39.235 25 -3.43
39.235 30 0.00
39.235 B1 5379.02 5273.79 
39.235 B3 5457.04 5350.85 
39.235 120 13 04 50
39.235 244 0.60
39.24 22 -2.31
39.24 23 2.67
39.24 25 -3.56
39.24 30 0.00
39.24 B1 5384.94 5275.90 
39.24 B3 5463.28 5353.13 
39.24 120 13 04 50
39.24 244 0.61
39.245 22 -2.40
39.245 23 2.66
39.245 25 -3.69
39.245 30 0.00
39.245 B1 5392.45 5279.66 
39.245 B3 5470.96 5356.92 
39.245 120 13 04 50
39.245 244 0.61
39.25 22 -2.50
39.25 23 2.65
39.25 25 -3.69
39.25 30 0.00
39.25 B1 5399.67 5283.06 
39.25 B3 5478.52 5360.53 
39.25 120 13 04 50
39.25 244 0.61
39.255 22 -2.48
39.255 23 2.65
39.255 25 -3.69
39.255 30 0.00
39.255 B1 5406.95 5286.44 
39.255 B3 5486.01 5363.98 
39.255 120 13 04 50
39.255 244 0.61
39.26 22 -2.47
39.26 23 2.65
39.26 25 -3.69
39.26 30 0.00
39.26 B1 5414.24 5289.81 
39.26 B3 5493.42 5367.35 
39.26 120 13 04 50
39.26 244 0.61
39.265 22 -2.46
39.265 23 2.65
39.265 25 -3.69
39.265 30 0.00
39.265 B1 5421.51 5293.21 
39.265 B3 5500.77 5370.69 
39.265 120 13 04 50
39.265 244 0.61
39.27 22 -2.45
39.27 23 2.65
39.27 25 -3.69
39.27 30 0.00
39.27 B1 5428.73 5296.63 
39.27 B3 5508.04 5374.01 
39.27 120 13 04 50
39.27 244 0.60
39.275 22 -2.44
39.275 23 2.65
39.275 25 -3.69
39.275 30 0.00
39.275 B1 5434.58 5298.76 
39.275 B3 5514.06 5376.16 
39.275 120 13 04 50
39.275 244 0.60
39.28 22 -2.44
39.28 23 2.64
39.28 25 -3.95
39.28 30 0.00
39.28 B1 5440.85 5301.44 
39.28 B3 5520.34 5378.68 
39.28 120 13 04 50
39.28 244 0.61
39.285 22 -2.65
39.285 23 2.62
39.285 25 -3.95
39.285 30 0.00
39.285 B1 5448.26 5305.36 
39.285 B3 5528.00 5382.69 
39.285 120 13 04 50
39.285 244 0.61
39.29 22 -2.64
39.29 23 2.62
39.29 25 -3.95
39.29 30 0.00
39.29 B1 5455.59 5309.07 
39.29 B3 5535.50 5386.44 
39.29 120 13 04 50
39.29 244 0.61
39.295 22 -2.64
39.295 23 2.63
39.295 25 -3.95
39.295 30 0.00
39.295 B1 5462.84 5312.66 
39.295 B3 5542.88 5390.05 
39.295 120 13 04 50
39.295 244 0.61
39.3 22 -2.64
39.3 23 2.63
39.3 25 -3.95
39.3 30 0.00
39.3 B1 5470.02 5316.19 
39.3 B3 5550.16 5393.57 
39.3 120 13 04 50
39.3 244 0.61
39.305 22 -2.64
39.305 23 2.63
39.305 25 -3.95
39.305 30 0.00
39.305 B1 5477.13 5319.72 
39.305 B3 5557.34 5397.05 
39.305 120 13 04 50
39.305 244 0.61
39.31 22 -2.64
39.31 23 2.63
39.31 25 -3.95
39.31 30 0.00
39.31 B1 5484.16 5323.25 
39.31 B3 5564.43 5400.51 
39.31 120 13 04 50
39.31 244 0.61
39.315 22 -2.64
39.315 23 2.63
39.315 25 -3.95
39.315 30 0.00
39.315 B1 5491.13 5326.80 
39.315 B3 5571.46 5403.98 
39.315 120 13 04 50
39.315 244 0.61
39.32 22 -2.65
39.32 23 2.63
39.32 25 -3.95
39.32 30 0.00
39.32 B1 5498.04 5330.37 
39.32 B3 5578.42 5407.48 
39.32 120 13 04 50
39.32 244 0.61
39.325 22 -2.65
39.325 23 2.63
39.325 25 -3.95
39.325 30 0.00
39.325 B1 5506.19 5335.30 
39.325 B3 5586.52 5412.20 
39.325 120 13 04 50
39.325 244 0.61
39.33 22 -2.66
39.33 23 2.64
39.33 25 -3.95
39.33 30 0.00
39.33 B1 5512.51 5338.45 
39.33 B3 5593.01 5415.41 
39.33 120 13 04 50
39.33 244 0.61
39.335 22 -2.67
39.335 23 2.64
39.335 25 -3.95
39.335 30 0.00
39.335 B1 5518.93 5341.81 
39.335 B3 5599.57 5418.77 
39.335 120 13 04 50
39.335 244 0.61
39.34 22 -2.68
39.34 23 2.63
39.34 25 -3.82
39.34 30 0.00
39.34 B1 5525.42 5345.33 
39.34 B3 5606.13 5422.24 
39.34 120 13 04 50
39.34 244 0.61
39.345 22 -2.58
39.345 23 2.64
39.345 25 -3.95
39.345 30 0.00
39.345 B1 5532.11 5349.15 
39.345 B3 5612.69 5425.80 
39.345 120 13 04 50
39.345 244 0.61
39.35 22 -2.71
39.35 23 2.63
39.35 25 -3.95
39.35 30 0.00
39.35 B1 5538.47 5352.82 
39.35 B3 5619.20 5429.49 
39.35 120 13 04 50
39.35 244 0.61
39.355 22 -2.72
39.355 23 2.63
39.355 25 -3.95
39.355 30 0.00
39.355 B1 5546.18 5357.88 
39.355 B3 5626.89 5434.42 
39.355 120 13 04 50
39.355 244 0.61
39.36 22 -2.74
39.36 23 2.64
39.36 25 -3.95
39.36 30 0.00
39.36 B1 5553.42 5362.49 
39.36 B3 5634.25 5439.04 
39.36 120 13 04 50
39.36 244 0.61
39.365 22 -2.75
39.365 23 2.64
39.365 25 -3.95
39.365 30 0.00
39.365 B1 5560.33 5366.83 
39.365 B3 5641.33 5443.46 
39.365 120 13 04 50
39.365 244 0.61
39.37 22 -2.77
39.37 23 2.64
39.37 25 -3.95
39.37 30 0.00
39.37 B1 5565.73 5369.71 
39.37 B3 5647.04 5446.55 
39.37 120 13 04 50
39.37 244 0.61
39.375 22 -2.78
39.375 23 2.63
39.375 25 -3.95
39.375 30 0.00
39.375 B1 5571.44 5372.99 
39.375 B3 5652.92 5449.92 
39.375 120 13 04 50
39.375 244 0.61
39.38 22 -2.80
39.38 23 2.63
39.38 25 -3.95
39.38 30 0.00
39.38 B1 5579.97 5379.17 
39.38 B3 5661.31 5455.86 
39.38 120 13 04 50
39.38 244 0.61
39.385 22 -2.82
39.385 23 2.64
39.385 25 -3.95
39.385 30 0.00
39.385 B1 5587.68 5384.53 
39.385 B3 5669.12 5461.24 
39.385 120 13 04 50
39.385 244 0.61
39.39 22 -2.84
39.39 23 2.65
39.39 25 -3.95
39.39 30 0.00
39.39 B1 5594.84 5389.40 
39.39 B3 5676.51 5466.26 
39.39 120 13 04 50
39.39 244 0.61
39.395 22 -2.86
39.395 23 2.66
39.395 25 -3.95
39.395 30 0.00
39.395 B1 5600.34 5392.65 
39.395 B3 5682.40 5469.81 
39.395 120 13 04 50
39.395 244 0.61
39.4 22 -2.88
39.4 23 2.65
39.4 25 -3.95
39.4 30 0.00
39.4 B1 5606.06 5396.21 
39.4 B3 5688.39 5473.55 
39.4 120 13 04 50
39.4 244 0.61
39.405 22 -2.90
39.405 23 2.65
39.405 25 -3.95
39.405 30 0.00
39.405 B1 5613.24 5401.30 
39.405 B3 5695.63 5478.62 
39.405 120 13 04 50
39.405 244 0.61
39.41 22 -2.92
39.41 23 2.65
39.41 25 -3.95
39.41 30 0.00
39.41 B1 5620.02 5406.02 
39.41 B3 5702.59 5483.43 
39.41 120 13 04 50
39.41 244 0.61
39.415 22 -2.95
39.415 23 2.66
39.415 25 -3.95
39.415 30 0.00
39.415 B1 5626.54 5410.54 
39.415 B3 5709.33 5488.07 
39.415 120 13 04 50
39.415 244 0.61
39.42 22 -2.97
39.42 23 2.66
39.42 25 -3.95
39.42 30 0.00
39.42 B1 5632.89 5414.92 
39.42 B3 5715.90 5492.60 
39.42 120 13 04 50
39.42 244 0.61
39.425 22 -2.99
39.425 23 2.66
39.425 25 -3.95
39.425 30 0.00
39.425 B1 5639.12 5419.22 
39.425 B3 5722.36 5497.05 
39.425 120 13 04 50
39.425 244 0.61
39.43 22 -3.02
39.43 23 2.66
39.43 25 -3.95
39.43 30 0.00
39.43 B1 5645.25 5423.49 
39.43 B3 5728.72 5501.46 
39.43 120 13 04 50
39.43 244 0.61
39.435 22 -3.04
39.435 23 2.66
39.435 25 -3.95
39.435 30 0.00
39.435 B1 5651.32 5427.73 
39.435 B3 5735.01 5505.84 
39.435 120 13 04 50
39.435 244 0.61
39.44 22 -3.06
39.44 23 2.66
39.44 25 -3.95
39.44 30 0.00
39.44 B1 5657.34 5431.97 
39.44 B3 5741.24 5510.20 
39.44 120 13 04 50
39.44 244 0.61
39.445 22 -3.09
39.445 23 2.65
39.445 25 -3.95
39.445 30 0.00
39.445 B1 5663.32 5436.21 
39.445 B3 5747.42 5514.56 
39.445 120 13 04 50
39.445 244 0.62
39.45 22 -3.11
39.45 23 2.65
39.45 25 -3.95
39.45 30 0.00
39.45 B1 5670.58 5441.77 
39.45 B3 5754.75 5520.11 
39.45 120 13 04 50
39.45 244 0.61
39.455 22 -3.14
39.455 23 2.66
39.455 25 -3.95
39.455 30 0.00
39.455 B1 5676.03 5445.53 
39.455 B3 5760.52 5524.12 
39.455 120 13 04 50
39.455 244 0.61
39.46 22 -3.16
39.46 23 2.66
39.46 25 -3.95
39.46 30 0.00
39.46 B1 5681.60 5449.48 
39.46 B3 5766.35 5528.24 
39.46 120 13 04 50
39.46 244 0.61
39.465 22 -3.19
39.465 23 2.65
39.465 25 -3.95
39.465 30 0.00
39.465 B1 5687.27 5453.56 
39.465 B3 5772.22 5532.44 
39.465 120 13 04 50
39.465 244 0.61
39.47 22 -3.21
39.47 23 2.65
39.47 25 -3.95
39.47 30 0.00
39.47 B1 5692.97 5457.72 
39.47 B3 5778.11 5536.70 
39.47 120 13 04 50
39.47 244 0.61
39.475 22 -3.24
39.475 23 2.65
39.475 25 -3.95
39.475 30 0.00
39.475 B1 5698.69 5461.92 
39.475 B3 5784.01 5541.00 
39.475 120 13 04 50
39.475 244 0.61
39.48 22 -3.26
39.48 23 2.64
39.48 25 -3.95
39.48 30 0.00
39.48 B1 5704.41 5466.17 
39.48 B3 5789.91 5545.33 
39.48 120 13 04 50
39.48 244 0.62
39.485 22 -3.29
39.485 23 2.64
39.485 25 -3.95
39.485 30 0.00
39.485 B1 5711.45 5471.75 
39.485 B3 5796.99 5550.88 
39.485 120 13 04 50
39.485 244 0.62
39.49 22 -3.31
39.49 23 2.65
39.49 25 -3.95
39.49 30 0.00
39.49 B1 5718.01 5476.87 
39.49 B3 5803.74 5556.12 
39.49 120 13 04 50
39.49 244 0.62
39.495 22 -3.34
39.495 23 2.65
39.495 25 -3.95
39.495 30 0.00
39.495 B1 5724.27 5481.70 
39.495 B3 5810.25 5561.12 
39.495 120 13 04 50
39.495 244 0.62
39.5 22 -3.36
39.5 23 2.66
39.5 25 -3.95
39.5 30 0.00
39.5 B1 5730.33 5486.36 
39.5 B3 5816.58 5565.97 
39.5 120 13 04 50
39.5 244 0.62
39.505 22 -3.39
39.505 23 2.66
39.505 25 -3.95
39.505 30 0.00
39.505 B1 5736.24 5490.92 
39.505 B3 5822.78 5570.72 
39.505 120 13 04 50
39.505 244 0.62
39.51 22 -3.41
39.51 23 2.66
39.51 25 -3.95
39.51 30 0.00
39.51 B1 5742.06 5495.41 
39.51 B3 5828.87 5575.40 
39.51 120 13 04 50
39.51 244 0.62
39.515 22 -3.44
39.515 23 2.66
39.515 25 -3.95
39.515 30 0.00
39.515 B1 5747.81 5499.86 
39.515 B3 5834.89 5580.03 
39.515 120 13 04 50
39.515 244 0.62
39.52 22 -3.46
39.52 23 2.65
39.52 25 -3.95
39.52 30 0.00
39.52 B1 5753.51 5504.29 
39.52 B3 5840.83 5584.63 
39.52 120 13 04 50
39.52 244 0.62
39.525 22 -3.49
39.525 23 2.65
39.525 25 -3.95
39.525 30 0.00
39.525 B1 5759.17 5508.72 
39.525 B3 5846.74 5589.21 
39.525 120 13 04 50
39.525 244 0.62
39.53 22 -3.51
39.53 23 2.65
39.53 25 -3.95
39.53 30 0.00
39.53 B1 5764.80 5513.14 
39.53 B3 5852.60 5593.77 
39.53 120 13 04 50
39.53 244 0.62
39.535 22 -3.54
39.535 23 2.65
39.535 25 -3.95
39.535 30 0.00
39.535 B1 5770.40 5517.55 
39.535 B3 5858.42 5598.32 
39.535 120 13 04 50
39.535 244 0.62
39.54 22 -3.56
39.54 23 2.65
39.54 25 -3.95
39.54 30 0.00
39.54 B1 5775.97 5521.97 
39.54 B3 5864.22 5602.88 
39.54 120 13 04 50
39.54 244 0.62
39.545 22 -3.59
39.545 23 2.65
39.545 25 -3.95
39.545 30 0.00
39.545 B1 5781.53 5526.39 
39.545 B3 5869.99 5607.43 
39.545 120 13 04 50
39.545 244 0.62
39.55 22 -3.61
39.55 23 2.64
39.55 25 -3.95
39.55 30 0.00
39.55 B1 5787.06 5530.81 
39.55 B3 5875.73 5611.98 
39.55 120 13 04 50
39.55 244 0.62
39.555 22 -3.63
39.555 23 2.64
39.555 25 -3.95
39.555 30 0.00
39.555 B1 5792.58 5535.24 
39.555 B3 5881.45 5616.53 
39.555 120 13 04 50
39.555 244 0.63
39.56 22 -3.66
39.56 23 2.64
39.56 25 -3.95
39.56 30 0.00
39.56 B1 5800.71 5542.32 
39.56 B3 5889.54 5623.48 
39.56 120 13 04 50
39.56 244 0.63
39.565 22 -3.68
39.565 23 2.66
39.565 25 -3.95
39.565 30 0.00
39.565 B1 5807.92 5548.43 
39.565 B3 5896.97 5629.75 
39.565 120 13 04 50
39.565 244 0.63
39.57 22 -3.71
39.57 23 2.67
39.57 25 -3.95
39.57 30 0.00
39.57 B1 5815.86 5555.27 
39.57 B3 5905.12 5636.74 
39.57 120 13 04 50
39.57 244 0.63
39.575 22 -3.73
39.575 23 2.68
39.575 25 -3.95
39.575 30 0.00
39.575 B1 5821.63 5559.95 
39.575 B3 5911.42 5641.87 
39.575 120 13 04 50
39.575 244 0.63
39.58 22 -3.76
39.58 23 2.68
39.58 25 -3.95
39.58 30 0.00
39.58 B1 5827.31 5564.58 
39.58 B3 5917.56 5646.87 
39.58 120 13 04 50
39.58 244 0.63
39.585 22 -3.78
39.585 23 2.68
39.585 25 -3.95
39.585 30 0.00
39.585 B1 5832.92 5569.17 
39.585 B3 5923.57 5651.78 
39.585 120 13 04 50
39.585 244 0.63
39.59 22 -3.80
39.59 23 2.68
39.59 25 -3.95
39.59 30 0.00
39.59 B1 5838.48 5573.76 
39.59 B3 5929.48 5656.63 
39.59 120 13 04 50
39.59 244 0.63
39.595 22 -3.83
39.595 23 2.68
39.595 25 -3.95
39.595 30 0.00
39.595 B1 5844.00 5578.33 
39.595 B3 5935.32 5661.43 
39.595 120 13 04 50
39.595 244 0.63
39.6 22 -3.85
39.6 23 2.68
39.6 25 -3.95
39.6 30 0.00
39.6 B1 5850.81 5584.22 
39.6 B3 5942.30 5667.40 
39.6 120 13 04 50
39.6 244 0.63
39.605 22 -3.87
39.605 23 2.69
39.605 25 -3.95
39.605 30 0.00
39.605 B1 5857.15 5589.64 
39.605 B3 5948.92 5673.01 
39.605 120 13 04 50
39.605 244 0.63
39.61 22 -3.90
39.61 23 2.69
39.61 25 -3.95
39.61 30 0.00
39.61 B1 5863.18 5594.75 
39.61 B3 5955.27 5678.37 
39.61 120 13 04 50
39.61 244 0.63
39.615 22 -3.92
39.615 23 2.69
39.615 25 -3.95
39.615 30 0.00
39.615 B1 5869.01 5599.68 
39.615 B3 5961.43 5683.55 
39.615 120 13 04 50
39.615 244 0.63
39.62 22 -3.94
39.62 23 2.69
39.62 25 -3.95
39.62 30 0.00
39.62 B1 5874.69 5604.49 
39.62 B3 5967.44 5688.62 
39.62 120 13 04 50
39.62 244 0.63
39.625 22 -3.96
39.625 23 2.69
39.625 25 -3.95
39.625 30 0.00
39.625 B1 5880.28 5609.23 
39.625 B3 5973.34 5693.59 
39.625 120 13 04 50
39.625 244 0.63
39.63 22 -3.98
39.63 23 2.69
39.63 25 -3.95
39.63 30 0.00
39.63 B1 5884.49 5612.61 
39.63 B3 5977.96 5697.31 
39.63 120 13 04 50
39.63 244 0.63
39.635 22 -4.01
39.635 23 2.68
39.635 25 -3.95
39.635 30 0.00
39.635 B1 5890.42 5617.77 
39.635 B3 5984.03 5702.52 
39.635 120 13 04 50
39.635 244 0.63
39.64 22 -4.03
39.64 23 2.68
39.64 25 -3.95
39.64 30 0.00
39.64 B1 5896.15 5622.72 
39.64 B3 5989.96 5707.60 
39.64 120 13 04 50
39.64 244 0.63
39.645 22 -4.05
39.645 23 2.68
39.645 25 -3.95
39.645 30 0.00
39.645 B1 5901.75 5627.55 
39.645 B3 5995.78 5712.58 
39.645 120 13 04 50
39.645 244 0.63
39.65 22 -4.07
39.65 23 2.68
39.65 25 -3.95
39.65 30 0.00
39.65 B1 5907.27 5632.31 
39.65 B3 6001.53 5717.50 
39.65 120 13 04 50
39.65 244 0.63
39.655 22 -4.09
39.655 23 2.68
39.655 25 -3.95
39.655 30 0.00
39.655 B1 5912.72 5637.02 
39.655 B3 6007.21 5722.38 
39.655 120 13 04 50
39.655 244 0.63
39.66 22 -4.11
39.66 23 2.68
39.66 25 -3.95
39.66 30 0.00
39.66 B1 5916.81 5640.38 
39.66 B3 6011.65 5726.03 
39.66 120 13 04 50
39.66 244 0.63
39.665 22 -4.13
39.665 23 2.67
39.665 25 -3.95
39.665 30 0.00
39.665 B1 5921.31 5644.20 
39.665 B3 6016.37 5729.99 
39.665 120 13 04 50
39.665 244 0.63
39.67 22 -4.15
39.67 23 2.66
39.67 25 -3.95
39.67 30 0.00
39.67 B1 5926.07 5648.30 
39.67 B3 6021.27 5734.17 
39.67 120 13 04 50
39.67 244 0.63
39.675 22 -4.17
39.675 23 2.66
39.675 25 -3.95
39.675 30 0.00
39.675 B1 5931.00 5652.59 
39.675 B3 6026.31 5738.51 
39.675 120 13 04 50
39.675 244 0.63
39.68 22 -4.19
39.68 23 2.65
39.68 25 -3.95
39.68 30 0.00
39.68 B1 5936.03 5656.98 
39.68 B3 6031.44 5742.95 
39.68 120 13 04 50
39.68 244 0.63
39.685 22 -4.21
39.685 23 2.65
39.685 25 -3.95
39.685 30 0.00
39.685 B1 5941.13 5661.44 
39.685 B3 6036.64 5747.47 
39.685 120 13 04 50
39.685 244 0.63
39.69 22 -4.23
39.69 23 2.65
39.69 25 -3.95
39.69 30 0.00
39.69 B1 5946.26 5665.95 
39.69 B3 6041.88 5752.04 
39.69 120 13 04 50
39.69 244 0.63
39.695 22 -4.25
39.695 23 2.65
39.695 25 -3.95
39.695 30 0.00
39.695 B1 5951.41 5670.49 
39.695 B3 6047.16 5756.65 
39.695 120 13 04 50
39.695 244 0.63
39.7 22 -4.27
39.7 23 2.64
39.7 25 -3.95
39.7 30 0.00
39.7 B1 5956.57 5675.05 
39.7 B3 6052.45 5761.29 
39.7 120 13 04 50
39.7 244 0.63
39.705 22 -4.29
39.705 23 2.64
39.705 25 -3.95
39.705 30 0.00
39.705 B1 5961.74 5679.61 
39.705 B3 6057.75 5765.95 
39.705 120 13 04 50
39.705 244 0.63
39.71 22 -4.31
39.71 23 2.64
39.71 25 -3.95
39.71 30 0.00
39.71 B1 5966.90 5684.18 
39.71 B3 6063.06 5770.62 
39.71 120 13 04 50
39.71 244 0.63
39.715 22 -4.33
39.715 23 2.64
39.715 25 -3.95
39.715 30 0.00
39.715 B1 5972.06 5688.75 
39.715 B3 6068.36 5775.29 
39.715 120 13 04 50
39.715 244 0.62
39.72 22 -4.35
39.72 23 2.64
39.72 25 -3.95
39.72 30 0.00
39.72 B1 5974.57 5690.68 
39.72 B3 6071.26 5777.58 
39.72 120 13 04 50
39.72 244 0.62
39.725 22 -4.37
39.725 23 2.62
39.725 25 -3.95
39.725 30 0.00
39.725 B1 5977.96 5693.56 
39.725 B3 6074.79 5780.54 
39.725 120 13 04 50
39.725 244 0.63
39.73 22 -4.39
39.73 23 2.60
39.73 25 -3.95
39.73 30 0.00
39.73 B1 5984.54 5699.67 
39.73 B3 6081.14 5786.36 
39.73 120 13 04 50
39.73 244 0.63
39.735 22 -4.40
39.735 23 2.61
39.735 25 -3.95
39.735 30 0.00
39.735 B1 5990.61 5705.21 
39.735 B3 6087.19 5791.85 
39.735 120 13 04 50
39.735 244 0.62
39.74 22 -4.42
39.74 23 2.61
39.74 25 -3.95
39.74 30 0.00
39.74 B1 5993.71 5707.75 
39.74 B3 6090.64 5794.72 
39.74 120 13 04 50
39.74 244 0.62
39.745 22 -4.44
39.745 23 2.60
39.745 25 -3.95
39.745 30 0.00
39.745 B1 5997.46 5711.00 
39.745 B3 6094.53 5798.08 
39.745 120 13 04 50
39.745 244 0.61
39.75 22 -4.46
39.75 23 2.59
39.75 25 -3.95
39.75 30 0.00
39.75 B1 6000.31 5713.39 
39.75 B3 6097.56 5800.59 
39.75 120 13 04 50
39.75 244 0.61
39.755 22 -4.47
39.755 23 2.57
39.755 25 -3.95
39.755 30 0.00
39.755 B1 6003.87 5716.51 
39.755 B3 6101.13 5803.69 
39.755 120 13 04 50
39.755 244 0.61
39.76 22 -4.49
39.76 23 2.56
39.76 25 -3.95
39.76 30 0.00
39.76 B1 6007.89 5720.12 
39.76 B3 6105.09 5807.20 
39.76 120 13 04 50
39.76 244 0.61
39.765 22 -4.51
39.765 23 2.55
39.765 25 -3.95
39.765 30 0.00
39.765 B1 6012.21 5724.02 
39.765 B3 6109.33 5810.99 
39.765 120 13 04 50
39.765 244 0.61
39.77 22 -4.53
39.77 23 2.55
39.77 25 -3.95
39.77 30 0.00
39.77 B1 6016.73 5728.11 
39.77 B3 6113.77 5814.99 
39.77 120 13 04 50
39.77 244 0.61
39.775 22 -4.54
39.775 23 2.54
39.775 25 -3.95
39.775 30 0.00
39.775 B1 6021.37 5732.32 
39.775 B3 6118.37 5819.13 
39.775 120 13 04 50
39.775 244 0.61
39.78 22 -4.56
39.78 23 2.54
39.78 25 -3.95
39.78 30 0.00
39.78 B1 6026.08 5736.60 
39.78 B3 6123.06 5823.37 
39.78 120 13 04 50
39.78 244 0.61
39.785 22 -4.58
39.785 23 2.54
39.785 25 -3.95
39.785 30 0.00
39.785 B1 6030.85 5740.92 
39.785 B3 6127.84 5827.69 
39.785 120 13 04 50
39.785 244 0.61
39.79 22 -4.59
39.79 23 2.53
39.79 25 -3.95
39.79 30 0.00
39.79 B1 6035.64 5745.27 
39.79 B3 6132.66 5832.06 
39.79 120 13 04 50
39.79 244 0.61
39.795 22 -4.61
39.795 23 2.53
39.795 25 -3.95
39.795 30 0.00
39.795 B1 6040.45 5749.64 
39.795 B3 6137.52 5836.46 
39.795 120 13 04 50
39.795 244 0.61
39.8 22 -4.62
39.8 23 2.53
39.8 25 -3.95
39.8 30 0.00
39.8 B1 6045.26 5754.01 
39.8 B3 6142.41 5840.89 
39.8 120 13 04 50
39.8 244 0.61
39.805 22 -4.64
39.805 23 2.53
39.805 25 -3.95
39.805 30 0.00
39.805 B1 6050.08 5758.39 
39.805 B3 6147.31 5845.34 
39.805 120 13 04 50
39.805 244 0.61
39.81 22 -4.66
39.81 23 2.52
39.81 25 -3.95
39.81 30 0.00
39.81 B1 6054.90 5762.77 
39.81 B3 6152.23 5849.79 
39.81 120 13 04 50
39.81 244 0.61
39.815 22 -4.67
39.815 23 2.52
39.815 25 -3.95
39.815 30 0.00
39.815 B1 6059.71 5767.15 
39.815 B3 6157.14 5854.25 
39.815 120 13 04 50
39.815 244 0.61
39.82 22 -4.69
39.82 23 2.52
39.82 25 -3.95
39.82 30 0.00
39.82 B1 6064.52 5771.53 
39.82 B3 6162.06 5858.72 
39.82 120 13 04 50
39.82 244 0.61
39.825 22 -4.70
39.825 23 2.52
39.825 25 -3.95
39.825 30 0.00
39.825 B1 6069.32 5775.91 
39.825 B3 6166.98 5863.18 
39.825 120 13 04 50
39.825 244 0.61
39.83 22 -4.72
39.83 23 2.52
39.83 25 -3.95
39.83 30 0.00
39.83 B1 6074.11 5780.28 
39.83 B3 6171.90 5867.66 
39.83 120 13 04 50
39.83 244 0.61
39.835 22 -4.73
39.835 23 2.52
39.835 25 -3.95
39.835 30 0.00
39.835 B1 6078.90 5784.65 
39.835 B3 6176.81 5872.13 
39.835 120 13 04 50
39.835 244 0.61
39.84 22 -4.75
39.84 23 2.51
39.84 25 -3.95
39.84 30 0.00
39.84 B1 6083.68 5789.02 
39.84 B3 6181.72 5876.59 
39.84 120 13 04 50
39.84 244 0.61
39.845 22 -4.76
39.845 23 2.51
39.845 25 -3.95
39.845 30 0.00
39.845 B1 6087.13 5792.07 
39.845 B3 6185.43 5879.87 
39.845 120 13 04 50
39.845 244 0.61
39.85 22 -4.78
39.85 23 2.50
39.85 25 -3.95
39.85 30 0.00
39.85 B1 6091.01 5795.58 
39.85 B3 6189.43 5883.47 
39.85 120 13 04 50
39.85 244 0.61
39.855 22 -4.79
39.855 23 2.50
39.855 25 -3.82
39.855 30 0.00
39.855 B1 6095.16 5799.38 
39.855 B3 6193.65 5887.29 
39.855 120 13 04 50
39.855 244 0.61
39.86 22 -4.69
39.86 23 2.50
39.86 25 -3.82
39.86 30 0.00
39.86 B1 6099.77 5803.64 
39.86 B3 6198.02 5891.29 
39.86 120 13 04 50
39.86 244 0.61
39.865 22 -4.71
39.865 23 2.50
39.865 25 -3.82
39.865 30 0.00
39.865 B1 6104.35 5807.97 
39.865 B3 6202.47 5895.45 
39.865 120 13 04 50
39.865 244 0.61
39.87 22 -4.73
39.87 23 2.49
39.87 25 -3.95
39.87 30 0.00
39.87 B1 6108.91 5812.35 
39.87 B3 6206.97 5899.73 
39.87 120 13 04 50
39.87 244 0.61
39.875 22 -4.86
39.875 23 2.48
39.875 25 -3.95
39.875 30 0.00
39.875 B1 6113.18 5816.49 
39.875 B3 6211.51 5904.10 
39.875 120 13 04 50
39.875 244 0.61
39.88 22 -4.87
39.88 23 2.48
39.88 25 -3.95
39.88 30 0.00
39.88 B1 6117.58 5820.66 
39.88 B3 6216.12 5908.46 
39.88 120 13 04 50
39.88 244 0.61
39.885 22 -4.88
39.885 23 2.47
39.885 25 -3.95
39.885 30 0.00
39.885 B1 6122.07 5824.87 
39.885 B3 6220.77 5912.83 
39.885 120 13 04 50
39.885 244 0.61
39.89 22 -4.90
39.89 23 2.47
39.89 25 -3.95
39.89 30 0.00
39.89 B1 6126.62 5829.11 
39.89 B3 6225.46 5917.20 
39.89 120 13 04 50
39.89 244 0.61
39.895 22 -4.91
39.895 23 2.47
39.895 25 -3.82
39.895 30 0.00
39.895 B1 6131.19 5833.36 
39.895 B3 6230.17 5921.57 
39.895 120 13 04 50
39.895 244 0.61
39.9 22 -4.81
39.9 23 2.48
39.9 25 -3.95
39.9 30 0.00
39.9 B1 6136.07 5837.89 
39.9 B3 6234.89 5925.94 
39.9 120 13 04 50
39.9 244 0.61
39.905 22 -4.94
39.905 23 2.47
39.905 25 -3.95
39.905 30 0.00
39.905 B1 6140.53 5842.10 
39.905 B3 6239.59 5930.35 
39.905 120 13 04 50
39.905 244 0.61
39.91 22 -4.95
39.91 23 2.47
39.91 25 -3.95
39.91 30 0.00
39.91 B1 6145.05 5846.32 
39.91 B3 6244.30 5934.75 
39.91 120 13 04 50
39.91 244 0.61
39.915 22 -4.96
39.915 23 2.46
39.915 25 -3.95
39.915 30 0.00
39.915 B1 6149.61 5850.56 
39.915 B3 6249.02 5939.14 
39.915 120 13 04 50
39.915 244 0.61
39.92 22 -4.98
39.92 23 2.46
39.92 25 -3.95
39.92 30 0.00
39.92 B1 6154.17 5854.80 
39.92 B3 6253.74 5943.51 
39.92 120 13 04 50
39.92 244 0.61
39.925 22 -4.99
39.925 23 2.46
39.925 25 -3.95
39.925 30 0.00
39.925 B1 6158.76 5859.04 
39.925 B3 6258.47 5947.88 
39.925 120 13 04 50
39.925 244 0.61
39.93 22 -5.00
39.93 23 2.46
39.93 25 -3.82
39.93 30 0.00
39.93 B1 6163.36 5863.28 
39.93 B3 6263.20 5952.23 
39.93 120 13 04 50
39.93 244 0.61
39.935 22 -4.90
39.935 23 2.47
39.935 25 -3.82
39.935 30 0.00
39.935 B1 6168.23 5867.80 
39.935 B3 6267.92 5956.58 
39.935 120 13 04 50
39.935 244 0.61
39.94 22 -4.91
39.94 23 2.47
39.94 25 -3.82
39.94 30 0.00
39.94 B1 6172.95 5872.28 
39.94 B3 6272.61 5960.98 
39.94 120 13 04 50
39.94 244 0.61
39.945 22 -4.93
39.945 23 2.47
39.945 25 -3.82
39.945 30 0.00
39.945 B1 6177.59 5876.73 
39.945 B3 6277.27 5965.41 
39.945 120 13 04 50
39.945 244 0.61
39.95 22 -4.94
39.95 23 2.46
39.95 25 -3.82
39.95 30 0.00
39.95 B1 6182.14 5881.14 
39.95 B3 6281.90 5969.86 
39.95 120 13 04 50
39.95 244 0.61
39.955 22 -4.96
39.955 23 2.46
39.955 25 -3.82
39.955 30 0.00
39.955 B1 6186.67 5885.55 
39.955 B3 6286.52 5974.33 
39.955 120 13 04 50
39.955 244 0.61
39.96 22 -4.97
39.96 23 2.46
39.96 25 -3.82
39.96 30 0.00
39.96 B1 6191.16 5889.94 
39.96 B3 6291.12 5978.79 
39.96 120 13 04 50
39.96 244 0.61
39.965 22 -4.99
39.965 23 2.46
39.965 25 -3.82
39.965 30 0.00
39.965 B1 6195.63 5894.31 
39.965 B3 6295.72 5983.27 
39.965 120 13 04 50
39.965 244 0.61
39.97 22 -5.00
39.97 23 2.46
39.97 25 -3.82
39.97 30 0.00
39.97 B1 6201.40 5900.00 
39.97 B3 6301.50 5988.94 
39.97 120 13 04 50
39.97 244 0.61
39.975 22 -5.01
39.975 23 2.46
39.975 25 -3.82
39.975 30 0.00
39.975 B1 6206.74 5905.22 
39.975 B3 6306.98 5994.28 
39.975 120 13 04 50
39.975 244 0.61
39.98 22 -5.03
39.98 23 2.47
39.98 25 -3.68
39.98 30 0.00
39.98 B1 6210.47 5908.81 
39.98 B3 6311.04 5998.19 
39.98 120 13 04 50
39.98 244 0.61
39.985 22 -4.93
39.985 23 2.47
39.985 25 -3.42
39.985 30 0.00
39.985 B1 6214.71 5912.97 
39.985 B3 6315.22 6002.26 
39.985 120 13 04 50
39.985 244 0.61
39.99 22 -4.71
39.99 23 2.49
39.99 25 -3.42
39.99 30 0.00
39.99 B1 6218.17 5916.45 
39.99 B3 6318.28 6005.29 
39.99 120 13 04 50
39.99 244 0.61
39.995 22 -4.74
39.995 23 2.48
39.995 25 -3.42
39.995 30 0.00
39.995 B1 6221.79 5920.39 
39.995 B3 6321.59 6008.85 
39.995 120 13 04 50
39.995 244 0.61
40 22 -4.76
40 23 2.47
40 25 -2.89
40 30 0.00
40 B1 6225.51 5924.62 
40 B3 6325.11 6012.80 
40 120 13 04 50
40 244 0.61
40.005 22 -4.33
40.005 23 2.50
40.005 25 -2.37
40.005 30 0.00
40.005 B1 6231.57 5931.31 
40.005 B3 6329.97 6018.20 
40.005 120 13 04 50
40.005 244 0.61
40.01 22 -3.92
40.01 23 2.53
40.01 25 -1.84
40.01 30 0.00
40.01 B1 6237.55 5938.35 
40.01 B3 6334.50 6023.67 
40.01 120 13 04 50
40.01 244 0.61
40.015 22 -3.53
40.015 23 2.56
40.015 25 -1.58
40.015 30 0.00
40.015 B1 6243.13 5945.67 
40.015 B3 6338.63 6029.37 
40.015 120 13 04 50
40.015 244 0.61
40.02 22 -3.37
40.02 23 2.57
40.02 25 -1.45
40.02 30 0.00
40.02 B1 6246.60 5951.69 
40.02 B3 6341.14 6034.22 
40.02 120 13 04 50
40.02 244 0.61
40.025 22 -3.31
40.025 23 2.57
40.025 25 -1.32
40.025 30 0.00
40.025 B1 6249.75 5958.11 
40.025 B3 6343.58 6039.69 
40.025 120 13 04 50
40.025 244 0.61
40.03 22 -3.26
40.03 23 2.57
40.03 25 -1.32
40.03 30 0.00
40.03 B1 6252.66 5964.83 
40.03 B3 6345.94 6045.66 
40.03 120 13 04 50
40.03 244 0.61
40.035 22 -3.30
40.035 23 2.57
40.035 25 -1.32
40.035 30 0.00
40.035 B1 6255.26 5971.64 
40.035 B3 6348.23 6052.00 
40.035 120 13 04 50
40.035 244 0.61
40.04 22 -3.34
40.04 23 2.56
40.04 25 -1.19
40.04 30 0.00
40.04 B1 6257.69 5978.49 
40.04 B3 6350.48 6058.58 
40.04 120 13 04 50
40.04 244 0.61
40.045 22 -3.28
40.045 23 2.57
40.045 25 0.00
40.045 30 0.00
40.045 B1 6260.14 5985.46 
40.045 B3 6352.72 6065.30 
40.045 120 13 04 50
40.045 244 0.61
40.05 22 -2.43
40.05 23 2.58
40.05 25 0.00
40.05 30 0.00
40.05 B1 6263.12 5993.10 
40.05 B3 6354.94 6072.17 
40.05 120 13 04 50
40.05 244 0.61
40.055 22 -2.48
40.055 23 2.58
40.055 25 0.00
40.055 30 0.00
40.055 B1 6265.48 6000.94 
40.055 B3 6356.84 6079.47 
40.055 120 13 04 50
40.055 244 0.61
40.06 22 -2.53
40.06 23 2.58
40.06 25 0.00
40.06 30 0.00
40.06 B1 6267.44 6008.88 
40.06 B3 6358.52 6087.06 
40.06 120 13 04 50
40.06 244 0.61
40.065 22 -2.57
40.065 23 2.58
40.065 25 0.00
40.065 30 0.00
40.065 B1 6269.18 6016.87 
40.065 B3 6360.08 6094.83 
40.065 120 13 04 50
40.065 244 0.61
40.07 22 -2.61
40.07 23 2.58
40.07 25 0.00
40.07 30 0.00
40.07 B1 6270.79 6024.84 
40.07 B3 6361.56 6102.70 
40.07 120 13 04 50
40.07 244 0.61
40.075 22 -2.64
40.075 23 2.57
40.075 25 0.00
40.075 30 0.00
40.075 B1 6272.36 6032.77 
40.075 B3 6363.02 6110.62 
40.075 120 13 04 50
40.075 244 0.61
40.08 22 -2.67
40.08 23 2.57
40.08 25 0.00
40.08 30 0.00
40.08 B1 6273.92 6040.65 
40.08 B3 6364.49 6118.55 
40.08 120 13 04 50
40.08 244 0.61
40.085 22 -2.70
40.085 23 2.57
40.085 25 0.00
40.085 30 0.00
40.085 B1 6275.50 6048.45 
40.085 B3 6365.98 6126.45 
40.085 120 13 04 50
40.085 244 0.61
40.09 22 -2.72
40.09 23 2.57
40.09 25 0.00
40.09 30 0.00
40.09 B1 6277.15 6056.19 
40.09 B3 6367.52 6134.31 
40.09 120 13 04 50
40.09 244 0.61
40.095 22 -2.75
40.095 23 2.57
40.095 25 0.00
40.095 30 0.00
40.095 B1 6278.85 6063.84 
40.095 B3 6369.14 6142.11 
40.095 120 13 04 50
40.095 244 0.61
40.1 22 -2.77
40.1 23 2.57
40.1 25 0.00
40.1 30 0.00
40.1 B1 6280.63 6071.41 
40.1 B3 6370.83 6149.85 
40.1 120 13 04 50
40.1 244 0.61
40.105 22 -2.78
40.105 23 2.57
40.105 25 0.00
40.105 30 0.00
40.105 B1 6282.49 6078.90 
40.105 B3 6372.59 6157.52 
40.105 120 13 04 50
40.105 244 0.61
40.11 22 -2.80
40.11 23 2.57
40.11 25 0.00
40.11 30 0.00
40.11 B1 6284.43 6086.30 
40.11 B3 6374.45 6165.11 
40.11 120 13 04 50
40.11 244 0.61
40.115 22 -2.81
40.115 23 2.56
40.115 25 0.00
40.115 30 0.00
40.115 B1 6286.46 6093.63 
40.115 B3 6376.38 6172.61 
40.115 120 13 04 50
40.115 244 0.61
40.12 22 -2.82
40.12 23 2.56
40.12 25 0.00
40.12 30 0.00
40.12 B1 6288.56 6100.88 
40.12 B3 6378.41 6180.05 
40.12 120 13 04 50
40.12 244 0.61
40.125 22 -2.82
40.125 23 2.56
40.125 25 0.00
40.125 30 0.00
40.125 B1 6290.75 6108.05 
40.125 B3 6380.52 6187.40 
40.125 120 13 04 50
40.125 244 0.61
40.13 22 -2.83
40.13 23 2.56
40.13 25 0.00
40.13 30 0.00
40.13 B1 6293.01 6115.15 
40.13 B3 6382.71 6194.68 
40.13 120 13 04 50
40.13 244 0.61
40.135 22 -2.83
40.135 23 2.56
40.135 25 0.00
40.135 30 0.00
40.135 B1 6295.36 6122.17 
40.135 B3 6385.00 6201.87 
40.135 120 13 04 50
40.135 244 0.61
40.14 22 -2.83
40.14 23 2.56
40.14 25 0.00
40.14 30 0.00
40.14 B1 6297.78 6129.13 
40.14 B3 6387.36 6208.99 
40.14 120 13 04 50
40.14 244 0.61
40.145 22 -2.83
40.145 23 2.56
40.145 25 0.00
40.145 30 0.00
40.145 B1 6300.28 6136.02 
40.145 B3 6389.81 6216.04 
40.145 120 13 04 50
40.145 244 0.61
40.15 22 -2.83
40.15 23 2.55
40.15 25 0.00
40.15 30 0.00
40.15 B1 6304.17 6144.17 
40.15 B3 6393.53 6224.21 
40.15 120 13 04 50
40.15 244 0.61
40.155 22 -2.82
40.155 23 2.56
40.155 25 0.00
40.155 30 0.00
40.155 B1 6307.71 6151.82 
40.155 B3 6397.03 6232.01 
40.155 120 13 04 50
40.155 244 0.61
40.16 22 -2.81
40.16 23 2.56
40.16 25 0.00
40.16 30 0.00
40.16 B1 6309.72 6157.79 
40.16 B3 6399.19 6238.31 
40.16 120 13 04 50
40.16 244 0.61
40.165 22 -2.80
40.165 23 2.56
40.165 25 0.00
40.165 30 0.00
40.165 B1 6312.02 6163.96 
40.165 B3 6401.55 6244.70 
40.165 120 13 04 50
40.165 244 0.61
40.17 22 -2.79
40.17 23 2.55
40.17 25 0.00
40.17 30 0.00
40.17 B1 6314.53 6170.24 
40.17 B3 6404.09 6251.14 
40.17 120 13 04 50
40.17 244 0.61
40.175 22 -2.78
40.175 23 2.55
40.175 25 0.00
40.175 30 0.00
40.175 B1 6317.22 6176.57 
40.175 B3 6406.76 6257.59 
40.175 120 13 04 50
40.175 244 0.61
40.18 22 -2.77
40.18 23 2.55
40.18 25 0.00
40.18 30 0.00
40.18 B1 6320.03 6182.92 
40.18 B3 6409.55 6264.05 
40.18 120 13 04 50
40.18 244 0.61
40.185 22 -2.76
40.185 23 2.55
40.185 25 0.00
40.185 30 0.00
40.185 B1 6322.94 6189.26 
40.185 B3 6412.44 6270.48 
40.185 120 13 04 50
40.185 244 0.61
40.19 22 -2.74
40.19 23 2.54
40.19 25 0.00
40.19 30 0.00
40.19 B1 6325.94 6195.59 
40.19 B3 6415.41 6276.90 
40.19 120 13 04 50
40.19 244 0.61
40.195 22 -2.73
40.195 23 2.54
40.195 25 0.00
40.195 30 0.00
40.195 B1 6329.01 6201.90 
40.195 B3 6418.45 6283.30 
40.195 120 13 04 50
40.195 244 0.61
40.2 22 -2.71
40.2 23 2.54
40.2 25 0.00
40.2 30 0.00
40.2 B1 6332.15 6208.16 
40.2 B3 6421.57 6289.65 
40.2 120 13 04 50
40.2 244 0.61
40.205 22 -2.69
40.205 23 2.54
40.205 25 0.00
40.205 30 0.00
40.205 B1 6335.34 6214.41 
40.205 B3 6424.75 6295.98 
40.205 120 13 04 50
40.205 244 0.61
40.21 22 -2.67
40.21 23 2.54
40.21 25 0.00
40.21 30 0.00
40.21 B1 6338.58 6220.61 
40.21 B3 6427.98 6302.27 
40.21 120 13 04 50
40.21 244 0.61
40.215 22 -2.65
40.215 23 2.53
40.215 25 0.00
40.215 30 0.00
40.215 B1 6341.87 6226.78 
40.215 B3 6431.27 6308.54 
40.215 120 13 04 50
40.215 244 0.61
40.22 22 -2.63
40.22 23 2.53
40.22 25 0.00
40.22 30 0.00
40.22 B1 6345.20 6232.91 
40.22 B3 6434.60 6314.76 
40.22 120 13 04 50
40.22 244 0.61
40.225 22 -2.61
40.225 23 2.53
40.225 25 0.00
40.225 30 0.00
40.225 B1 6348.58 6239.03 
40.225 B3 6437.98 6320.95 
40.225 120 13 04 50
40.225 244 0.61
40.23 22 -2.59
40.23 23 2.53
40.23 25 0.00
40.23 30 0.00
40.23 B1 6351.99 6245.09 
40.23 B3 6441.40 6327.11 
40.23 120 13 04 50
40.23 244 0.61
40.235 22 -2.57
40.235 23 2.53
40.235 25 0.00
40.235 30 0.00
40.235 B1 6355.44 6251.13 
40.235 B3 6444.86 6333.23 
40.235 120 13 04 50
40.235 244 0.61
40.24 22 -2.54
40.24 23 2.53
40.24 25 0.00
40.24 30 0.00
40.24 B1 6358.93 6257.14 
40.24 B3 6448.35 6339.33 
40.24 120 13 04 50
40.24 244 0.61
40.245 22 -2.52
40.245 23 2.53
40.245 25 0.00
40.245 30 0.00
40.245 B1 6363.77 6264.43 
40.245 B3 6453.08 6346.59 
40.245 120 13 04 50
40.245 244 0.61
40.25 22 -2.50
40.25 23 2.53
40.25 25 0.00
40.25 30 0.00
40.25 B1 6366.91 6269.95 
40.25 B3 6456.35 6352.33 
40.25 120 13 04 50
40.25 244 0.61
40.255 22 -2.47
40.255 23 2.53
40.255 25 0.00
40.255 30 0.00
40.255 B1 6371.54 6276.90 
40.255 B3 6460.92 6359.31 
40.255 120 13 04 50
40.255 244 0.61
40.26 22 -2.45
40.26 23 2.53
40.26 25 0.00
40.26 30 0.00
40.26 B1 6377.19 6284.82 
40.26 B3 6466.48 6367.22 
40.26 120 13 04 50
40.26 244 0.61
40.265 22 -2.42
40.265 23 2.54
40.265 25 0.00
40.265 30 0.00
40.265 B1 6380.91 6290.73 
40.265 B3 6470.41 6373.42 
40.265 120 13 04 50
40.265 244 0.61
40.27 22 -2.40
40.27 23 2.54
40.27 25 0.00
40.27 30 0.00
40.27 B1 6384.65 6296.63 
40.27 B3 6474.31 6379.55 
40.27 120 13 04 50
40.27 244 0.61
40.275 22 -2.37
40.275 23 2.54
40.275 25 0.00
40.275 30 0.00
40.275 B1 6388.42 6302.49 
40.275 B3 6478.20 6385.62 
40.275 120 13 04 50
40.275 244 0.61
40.28 22 -2.34
40.28 23 2.54
40.28 25 0.00
40.28 30 0.00
40.28 B1 6392.20 6308.34 
40.28 B3 6482.08 6391.64 
40.28 120 13 04 50
40.28 244 0.61
40.285 22 -2.32
40.285 23 2.54
40.285 25 0.00
40.285 30 0.00
40.285 B1 6396.01 6314.15 
40.285 B3 6485.97 6397.62 
40.285 120 13 04 50
40.285 244 0.61
40.29 22 -2.29
40.29 23 2.54
40.29 25 0.00
40.29 30 0.00
40.29 B1 6399.84 6319.95 
40.29 B3 6489.86 6403.55 
40.29 120 13 04 50
40.29 244 0.61
40.295 22 -2.27
40.295 23 2.54
40.295 25 0.00
40.295 30 0.00
40.295 B1 6402.38 6324.40 
40.295 B3 6492.56 6408.27 
40.295 120 13 04 50
40.295 244 0.61
40.3 22 -2.24
40.3 23 2.53
40.3 25 0.00
40.3 30 0.00
40.3 B1 6405.35 6329.25 
40.3 B3 6495.57 6413.25 
40.3 120 13 04 50
40.3 244 0.61
40.305 22 -2.21
40.305 23 2.52
40.305 25 0.00
40.305 30 0.00
40.305 B1 6409.94 6335.69 
40.305 B3 6500.01 6419.62 
40.305 120 13 04 50
40.305 244 0.61
40.31 22 -2.19
40.31 23 2.53
40.31 25 0.00
40.31 30 0.00
40.31 B1 6414.33 6341.87 
40.31 B3 6504.33 6425.82 
40.31 120 13 04 50
40.31 244 0.61
40.315 22 -2.16
40.315 23 2.53
40.315 25 0.00
40.315 30 0.00
40.315 B1 6417.26 6346.55 
40.315 B3 6507.38 6430.71 
40.315 120 13 04 50
40.315 244 0.61
40.32 22 -2.13
40.32 23 2.52
40.32 25 0.00
40.32 30 0.00
40.32 B1 6421.85 6352.85 
40.32 B3 6511.86 6436.99 
40.32 120 13 04 50
40.32 244 0.61
40.325 22 -2.11
40.325 23 2.52
40.325 25 0.00
40.325 30 0.00
40.325 B1 6426.26 6358.92 
40.325 B3 6516.23 6443.12 
40.325 120 13 04 50
40.325 244 0.61
40.33 22 -2.08
40.33 23 2.52
40.33 25 0.00
40.33 30 0.00
40.33 B1 6430.54 6364.82 
40.33 B3 6520.52 6449.13 
40.33 120 13 04 50
40.33 244 0.61
40.335 22 -2.06
40.335 23 2.52
40.335 25 0.00
40.335 30 0.00
40.335 B1 6434.76 6370.61 
40.335 B3 6524.76 6455.05 
40.335 120 13 04 50
40.335 244 0.61
40.34 22 -2.03
40.34 23 2.52
40.34 25 0.00
40.34 30 0.00
40.34 B1 6438.92 6376.32 
40.34 B3 6528.96 6460.89 
40.34 120 13 04 50
40.34 244 0.61
40.345 22 -2.00
40.345 23 2.52
40.345 25 0.00
40.345 30 0.00
40.345 B1 6443.07 6381.98 
40.345 B3 6533.14 6466.68 
40.345 120 13 04 50
40.345 244 0.61
40.35 22 -1.98
40.35 23 2.52
40.35 25 0.00
40.35 30 0.00
40.35 B1 6448.52 6388.90 
40.35 B3 6538.50 6473.61 
40.35 120 13 04 50
40.35 244 0.61
40.355 22 -1.95
40.355 23 2.53
40.355 25 0.00
40.355 30 0.00
40.355 B1 6452.24 6394.04 
40.355 B3 6542.38 6479.01 
40.355 120 13 04 50
40.355 244 0.61
40.36 22 -1.93
40.36 23 2.53
40.36 25 0.00
40.36 30 0.00
40.36 B1 6456.09 6399.30 
40.36 B3 6546.33 6484.46 
40.36 120 13 04 50
40.36 244 0.61
40.365 22 -1.90
40.365 23 2.52
40.365 25 0.00
40.365 30 0.00
40.365 B1 6461.37 6405.94 
40.365 B3 6551.53 6491.12 
40.365 120 13 04 50
40.365 244 0.61
40.37 22 -1.87
40.37 23 2.53
40.37 25 0.00
40.37 30 0.00
40.37 B1 6466.31 6412.21 
40.37 B3 6556.49 6497.51 
40.37 120 13 04 50
40.37 244 0.61
40.375 22 -1.85
40.375 23 2.53
40.375 25 0.00
40.375 30 0.00
40.375 B1 6471.01 6418.21 
40.375 B3 6561.28 6503.69 
40.375 120 13 04 50
40.375 244 0.61
40.38 22 -1.82
40.38 23 2.53
40.38 25 0.00
40.38 30 0.00
40.38 B1 6475.57 6424.04 
40.38 B3 6565.94 6509.70 
40.38 120 13 04 50
40.38 244 0.61
40.385 22 -1.80
40.385 23 2.54
40.385 25 0.00
40.385 30 0.00
40.385 B1 6480.04 6429.74 
40.385 B3 6570.50 6515.59 
40.385 120 13 04 50
40.385 244 0.62
40.39 22 -1.77
40.39 23 2.54
40.39 25 0.00
40.39 30 0.00
40.39 B1 6485.77 6436.66 
40.39 B3 6576.21 6522.58 
40.39 120 13 04 50
40.39 244 0.62
40.395 22 -1.75
40.395 23 2.54
40.395 25 0.00
40.395 30 0.00
40.395 B1 6491.05 6443.11 
40.395 B3 6581.57 6529.21 
40.395 120 13 04 50
40.395 244 0.61
40.4 22 -1.73
40.4 23 2.55
40.4 25 0.00
40.4 30 0.00
40.4 B1 6494.71 6447.90 
40.4 B3 6585.50 6534.36 
40.4 120 13 04 50
40.4 244 0.62
40.405 22 -1.70
40.405 23 2.54
40.405 25 0.00
40.405 30 0.00
40.405 B1 6499.91 6454.21 
40.405 B3 6590.73 6540.79 
40.405 120 13 04 50
40.405 244 0.62
40.41 22 -1.68
40.41 23 2.55
40.41 25 0.00
40.41 30 0.00
40.41 B1 6504.84 6460.23 
40.41 B3 6595.76 6546.98 
40.41 120 13 04 50
40.41 244 0.62
40.415 22 -1.65
40.415 23 2.55
40.415 25 0.00
40.415 30 0.00
40.415 B1 6509.60 6466.04 
40.415 B3 6600.64 6553.00 
40.415 120 13 04 50
40.415 244 0.62
40.42 22 -1.63
40.42 23 2.55
40.42 25 0.00
40.42 30 0.00
40.42 B1 6514.25 6471.72 
40.42 B3 6605.40 6558.88 
40.42 120 13 04 50
40.42 244 0.61
40.425 22 -1.61
40.425 23 2.55
40.425 25 0.00
40.425 30 0.00
40.425 B1 6517.50 6475.97 
40.425 B3 6608.90 6563.46 
40.425 120 13 04 50
40.425 244 0.62
40.43 22 -1.58
40.43 23 2.54
40.43 25 0.00
40.43 30 0.00
40.43 B1 6522.44 6481.90 
40.43 B3 6613.84 6569.45 
40.43 120 13 04 50
40.43 244 0.62
40.435 22 -1.56
40.435 23 2.55
40.435 25 0.00
40.435 30 0.00
40.435 B1 6527.22 6487.63 
40.435 B3 6618.65 6575.30 
40.435 120 13 04 50
40.435 244 0.62
40.44 22 -1.54
40.44 23 2.55
40.44 25 0.00
40.44 30 0.00
40.44 B1 6531.90 6493.23 
40.44 B3 6623.39 6581.04 
40.44 120 13 04 50
40.44 244 0.62
40.445 22 -1.52
40.445 23 2.55
40.445 25 0.00
40.445 30 0.00
40.445 B1 6536.51 6498.75 
40.445 B3 6628.06 6586.69 
40.445 120 13 04 50
40.445 244 0.62
40.45 22 -1.49
40.45 23 2.55
40.45 25 0.00
40.45 30 0.00
40.45 B1 6541.07 6504.19 
40.45 B3 6632.70 6592.28 
40.45 120 13 04 50
40.45 244 0.62
40.455 22 -1.47
40.455 23 2.55
40.455 25 0.00
40.455 30 0.00
40.455 B1 6545.61 6509.59 
40.455 B3 6637.32 6597.83 
40.455 120 13 04 50
40.455 244 0.61
40.46 22 -1.45
40.46 23 2.55
40.46 25 0.00
40.46 30 0.00
40.46 B1 6548.81 6513.62 
40.46 B3 6640.71 6602.12 
40.46 120 13 04 50
40.46 244 0.61
40.465 22 -1.43
40.465 23 2.54
40.465 25 0.00
40.465 30 0.00
40.465 B1 6552.41 6518.04 
40.465 B3 6644.39 6606.69 
40.465 120 13 04 50
40.465 244 0.62
40.47 22 -1.41
40.47 23 2.53
40.47 25 0.00
40.47 30 0.00
40.47 B1 6557.62 6524.05 
40.47 B3 6649.46 6612.63 
40.47 120 13 04 50
40.47 244 0.61
40.475 22 -1.39
40.475 23 2.53
40.475 25 0.00
40.475 30 0.00
40.475 B1 6561.28 6528.48 
40.475 B3 6653.21 6617.21 
40.475 120 13 04 50
40.475 244 0.61
40.48 22 -1.37
40.48 23 2.53
40.48 25 0.00
40.48 30 0.00
40.48 B1 6565.20 6533.16 
40.48 B3 6657.15 6621.97 
40.48 120 13 04 50
40.48 244 0.61
40.485 22 -1.35
40.485 23 2.52
40.485 25 0.00
40.485 30 0.00
40.485 B1 6569.31 6538.00 
40.485 B3 6661.25 6626.87 
40.485 120 13 04 50
40.485 244 0.62
40.49 22 -1.33
40.49 23 2.52
40.49 25 -0.66
40.49 30 0.00
40.49 B1 6574.86 6544.27 
40.49 B3 6666.64 6633.04 
40.49 120 13 04 50
40.49 244 0.61
40.495 22 -1.82
40.495 23 2.52
40.495 25 -0.66
40.495 30 0.00
40.495 B1 6578.27 6548.36 
40.495 B3 6670.64 6637.79 
40.495 120 13 04 50
40.495 244 0.61
40.5 22 -1.78
40.5 23 2.51
40.5 25 -0.66
40.5 30 0.00
40.5 B1 6582.26 6552.57 
40.5 B3 6674.95 6642.46 
40.5 120 13 04 50
40.5 244 0.61
40.505 22 -1.75
40.505 23 2.51
40.505 25 -1.18
40.505 30 0.00
40.505 B1 6586.63 6556.85 
40.505 B3 6679.50 6647.08 
40.505 120 13 04 50
40.505 244 0.61
40.51 22 -2.15
40.51 23 2.49
40.51 25 -1.18
40.51 30 0.00
40.51 B1 6590.71 6560.62 
40.51 B3 6684.24 6651.66 
40.51 120 13 04 50
40.51 244 0.61
40.515 22 -2.11
40.515 23 2.49
40.515 25 -1.31
40.515 30 0.00
40.515 B1 6595.34 6564.42 
40.515 B3 6689.24 6656.05 
40.515 120 13 04 50
40.515 244 0.61
40.52 22 -2.18
40.52 23 2.48
40.52 25 -1.31
40.52 30 0.00
40.52 B1 6600.17 6568.08 
40.52 B3 6694.44 6660.29 
40.52 120 13 04 50
40.52 244 0.61
40.525 22 -2.14
40.525 23 2.48
40.525 25 -1.44
40.525 30 0.00
40.525 B1 6605.34 6571.78 
40.525 B3 6699.82 6664.40 
40.525 120 13 04 50
40.525 244 0.62
40.53 22 -2.22
40.53 23 2.47
40.53 25 -1.58
40.53 30 0.00
40.53 B1 6611.88 6576.66 
40.53 B3 6706.52 6669.60 
40.53 120 13 04 50
40.53 244 0.61
40.535 22 -2.29
40.535 23 2.47
40.535 25 -1.58
40.535 30 0.00
40.535 B1 6616.76 6579.67 
40.535 B3 6711.86 6673.21 
40.535 120 13 04 50
40.535 244 0.61
40.54 22 -2.25
40.54 23 2.47
40.54 25 -1.58
40.54 30 0.00
40.54 B1 6622.03 6582.86 
40.54 B3 6717.39 6676.76 
40.54 120 13 04 50
40.54 244 0.61
40.545 22 -2.22
40.545 23 2.46
40.545 25 -1.71
40.545 30 0.00
40.545 B1 6627.56 6586.17 
40.545 B3 6723.06 6680.31 
40.545 120 13 04 50
40.545 244 0.62
40.55 22 -2.29
40.55 23 2.46
40.55 25 -1.84
40.55 30 0.00
40.55 B1 6634.39 6590.73 
40.55 B3 6730.01 6685.04 
40.55 120 13 04 50
40.55 244 0.61
40.555 22 -2.37
40.555 23 2.46
40.555 25 -1.84
40.555 30 0.00
40.555 B1 6639.51 6593.45 
40.555 B3 6735.57 6688.24 
40.555 120 13 04 50
40.555 244 0.61
40.56 22 -2.33
40.56 23 2.45
40.56 25 -1.84
40.56 30 0.00
40.56 B1 6644.98 6596.39 
40.56 B3 6741.30 6691.46 
40.56 120 13 04 50
40.56 244 0.61
40.565 22 -2.30
40.565 23 2.45
40.565 25 -1.84
40.565 30 0.00
40.565 B1 6650.69 6599.48 
40.565 B3 6747.14 6694.69 
40.565 120 13 04 50
40.565 244 0.61
40.57 22 -2.27
40.57 23 2.45
40.57 25 -1.84
40.57 30 0.00
40.57 B1 6656.53 6602.69 
40.57 B3 6753.05 6697.94 
40.57 120 13 04 50
40.57 244 0.61
40.575 22 -2.24
40.575 23 2.44
40.575 25 -1.84
40.575 30 0.00
40.575 B1 6662.46 6605.99 
40.575 B3 6759.01 6701.23 
40.575 120 13 04 50
40.575 244 0.61
40.58 22 -2.22
40.58 23 2.44
40.58 25 -1.84
40.58 30 0.00
40.58 B1 6668.43 6609.36 
40.58 B3 6764.99 6704.55 
40.58 120 13 04 50
40.58 244 0.61
40.585 22 -2.19
40.585 23 2.44
40.585 25 -1.84
40.585 30 0.00
40.585 B1 6674.41 6612.79 
40.585 B3 6770.96 6707.89 
40.585 120 13 04 50
40.585 244 0.61
40.59 22 -2.17
40.59 23 2.44
40.59 25 -1.84
40.59 30 0.00
40.59 B1 6680.39 6616.27 
40.59 B3 6776.93 6711.28 
40.59 120 13 04 50
40.59 244 0.61
40.595 22 -2.15
40.595 23 2.44
40.595 25 -1.84
40.595 30 0.00
40.595 B1 6686.34 6619.79 
40.595 B3 6782.89 6714.71 
40.595 120 13 04 50
40.595 244 0.61
40.6 22 -2.13
40.6 23 2.44
40.6 25 -1.84
40.6 30 0.00
40.6 B1 6692.27 6623.36 
40.6 B3 6788.83 6718.17 
40.6 120 13 04 50
40.6 244 0.61
40.605 22 -2.11
40.605 23 2.44
40.605 25 -1.84
40.605 30 0.00
40.605 B1 6698.17 6626.96 
40.605 B3 6794.73 6721.67 
40.605 120 13 04 50
40.605 244 0.61
40.61 22 -2.10
40.61 23 2.44
40.61 25 -1.84
40.61 30 0.00
40.61 B1 6704.04 6630.59 
40.61 B3 6800.61 6725.21 
40.61 120 13 04 50
40.61 244 0.61
40.615 22 -2.08
40.615 23 2.44
40.615 25 -1.84
40.615 30 0.00
40.615 B1 6709.87 6634.25 
40.615 B3 6806.45 6728.78 
40.615 120 13 04 50
40.615 244 0.61
40.62 22 -2.07
40.62 23 2.44
40.62 25 -1.84
40.62 30 0.00
40.62 B1 6715.68 6637.94 
40.62 B3 6812.27 6732.39 
40.62 120 13 04 50
40.62 244 0.61
40.625 22 -2.06
40.625 23 2.44
40.625 25 -1.84
40.625 30 0.00
40.625 B1 6721.44 6641.66 
40.625 B3 6818.05 6736.03 
40.625 120 13 04 50
40.625 244 0.61
40.63 22 -2.05
40.63 23 2.43
40.63 25 -1.84
40.63 30 0.00
40.63 B1 6727.16 6645.39 
40.63 B3 6823.80 6739.71 
40.63 120 13 04 50
40.63 244 0.61
40.635 22 -2.04
40.635 23 2.43
40.635 25 -1.84
40.635 30 0.00
40.635 B1 6732.85 6649.16 
40.635 B3 6829.52 6743.41 
40.635 120 13 04 50
40.635 244 0.61
40.64 22 -2.03
40.64 23 2.43
40.64 25 -1.84
40.64 30 0.00
40.64 B1 6737.20 6651.63 
40.64 B3 6834.01 6745.95 
40.64 120 13 04 50
40.64 244 0.61
40.645 22 -2.03
40.645 23 2.42
40.645 25 -1.84
40.645 30 0.00
40.645 B1 6741.90 6654.52 
40.645 B3 6838.75 6748.81 
40.645 120 13 04 50
40.645 244 0.61
40.65 22 -2.02
40.65 23 2.42
40.65 25 -1.84
40.65 30 0.00
40.65 B1 6746.84 6657.71 
40.65 B3 6843.67 6751.90 
40.65 120 13 04 50
40.65 244 0.61
40.655 22 -2.02
40.655 23 2.41
40.655 25 -1.84
40.655 30 0.00
40.655 B1 6751.94 6661.10 
40.655 B3 6848.72 6755.19 
40.655 120 13 04 50
40.655 244 0.61
40.66 22 -2.01
40.66 23 2.41
40.66 25 -1.84
40.66 30 0.00
40.66 B1 6757.15 6664.65 
40.66 B3 6853.87 6758.62 
40.66 120 13 04 50
40.66 244 0.61
40.665 22 -2.01
40.665 23 2.41
40.665 25 -1.84
40.665 30 0.00
40.665 B1 6762.40 6668.29 
40.665 B3 6859.08 6762.15 
40.665 120 13 04 50
40.665 244 0.61
40.67 22 -2.01
40.67 23 2.40
40.67 25 -1.84
40.67 30 0.00
40.67 B1 6767.70 6672.01 
40.67 B3 6864.32 6765.78 
40.67 120 13 04 50
40.67 244 0.61
40.675 22 -2.01
40.675 23 2.40
40.675 25 -1.97
40.675 30 0.00
40.675 B1 6773.01 6675.78 
40.675 B3 6869.60 6769.48 
40.675 120 13 04 50
40.675 244 0.61
40.68 22 -2.12
40.68 23 2.40
40.68 25 -1.97
40.68 30 0.00
40.68 B1 6778.17 6679.44 
40.68 B3 6874.89 6773.24 
40.68 120 13 04 50
40.68 244 0.61
40.685 22 -2.11
40.685 23 2.39
40.685 25 -2.23
40.685 30 0.00
40.685 B1 6783.42 6683.14 
40.685 B3 6880.23 6777.00 
40.685 120 13 04 50
40.685 244 0.61
40.69 22 -2.33
40.69 23 2.38
40.69 25 -2.23
40.69 30 0.00
40.69 B1 6789.71 6687.84 
40.69 B3 6886.78 6781.96 
40.69 120 13 04 50
40.69 244 0.61
40.695 22 -2.33
40.695 23 2.39
40.695 25 -2.36
40.695 30 0.00
40.695 B1 6795.84 6692.17 
40.695 B3 6893.15 6786.56 
40.695 120 13 04 50
40.695 244 0.61
40.7 22 -2.43
40.7 23 2.38
40.7 25 -2.50
40.7 30 0.00
40.7 B1 6801.65 6696.07 
40.7 B3 6899.36 6790.89 
40.7 120 13 04 50
40.7 244 0.61
40.705 22 -2.54
40.705 23 2.38
40.705 25 -2.63
40.705 30 0.00
40.705 B1 6805.97 6698.30 
40.705 B3 6904.30 6793.79 
40.705 120 13 04 50
40.705 244 0.61
40.71 22 -2.64
40.71 23 2.37
40.71 25 -2.63
40.71 30 0.00
40.71 B1 6811.91 6701.98 
40.71 B3 6910.67 6797.95 
40.71 120 13 04 50
40.71 244 0.61
40.715 22 -2.64
40.715 23 2.37
40.715 25 -2.63
40.715 30 0.00
40.715 B1 6816.58 6704.17 
40.715 B3 6915.78 6800.65 
40.715 120 13 04 50
40.715 244 0.61
40.72 22 -2.63
40.72 23 2.36
40.72 25 -2.76
40.72 30 0.00
40.72 B1 6821.65 6706.65 
40.72 B3 6921.12 6803.44 
40.72 120 13 04 50
40.72 244 0.61
40.725 22 -2.74
40.725 23 2.35
40.725 25 -2.76
40.725 30 0.00
40.725 B1 6826.80 6709.15 
40.725 B3 6926.60 6806.30 
40.725 120 13 04 50
40.725 244 0.61
40.73 22 -2.73
40.73 23 2.35
40.73 25 -2.76
40.73 30 0.00
40.73 B1 6832.23 6711.81 
40.73 B3 6932.23 6809.19 
40.73 120 13 04 50
40.73 244 0.61
40.735 22 -2.73
40.735 23 2.34
40.735 25 -2.76
40.735 30 0.00
40.735 B1 6839.16 6715.92 
40.735 B3 6939.16 6813.29 
40.735 120 13 04 50
40.735 244 0.61
40.74 22 -2.73
40.74 23 2.35
40.74 25 -2.76
40.74 30 0.00
40.74 B1 6845.82 6719.72 
40.74 B3 6945.87 6817.12 
40.74 120 13 04 50
40.74 244 0.61
40.745 22 -2.73
40.745 23 2.35
40.745 25 -2.76
40.745 30 0.00
40.745 B1 6850.95 6721.99 
40.745 B3 6951.22 6819.58 
40.745 120 13 04 50
40.745 244 0.61
40.75 22 -2.73
40.75 23 2.35
40.75 25 -2.76
40.75 30 0.00
40.75 B1 6857.64 6725.86 
40.75 B3 6957.90 6823.39 
40.75 120 13 04 50
40.75 244 0.61
40.755 22 -2.73
40.755 23 2.35
40.755 25 -2.76
40.755 30 0.00
40.755 B1 6864.08 6729.52 
40.755 B3 6964.40 6827.03 
40.755 120 13 04 50
40.755 244 0.61
40.76 22 -2.73
40.76 23 2.35
40.76 25 -2.76
40.76 30 0.00
40.76 B1 6870.35 6733.04 
40.76 B3 6970.76 6830.55 
40.76 120 13 04 50
40.76 244 0.61
40.765 22 -2.74
40.765 23 2.35
40.765 25 -2.76
40.765 30 0.00
40.765 B1 6875.16 6735.17 
40.765 B3 6975.81 6832.81 
40.765 120 13 04 50
40.765 244 0.61
40.77 22 -2.74
40.77 23 2.35
40.77 25 -2.76
40.77 30 0.00
40.77 B1 6880.25 6737.63 
40.77 B3 6981.03 6835.30 
40.77 120 13 04 50
40.77 244 0.61
40.775 22 -2.75
40.775 23 2.34
40.775 25 -2.76
40.775 30 0.00
40.775 B1 6885.53 6740.35 
40.775 B3 6986.38 6837.98 
40.775 120 13 04 50
40.775 244 0.61
40.78 22 -2.76
40.78 23 2.34
40.78 25 -2.76
40.78 30 0.00
40.78 B1 6890.92 6743.24 
40.78 B3 6991.82 6840.80 
40.78 120 13 04 50
40.78 244 0.61
40.785 22 -2.77
40.785 23 2.34
40.785 25 -2.76
40.785 30 0.00
40.785 B1 6896.37 6746.26 
40.785 B3 6997.31 6843.73 
40.785 120 13 04 50
40.785 244 0.61
40.79 22 -2.78
40.79 23 2.33
40.79 25 -2.89
40.79 30 0.00
40.79 B1 6901.86 6749.37 
40.79 B3 7002.84 6846.75 
40.79 120 13 04 50
40.79 244 0.61
40.795 22 -2.90
40.795 23 2.32
40.795 25 -2.76
40.795 30 0.00
40.795 B1 6907.17 6752.34 
40.795 B3 7008.39 6849.85 
40.795 120 13 04 50
40.795 244 0.61
40.8 22 -2.80
40.8 23 2.33
40.8 25 -2.76
40.8 30 0.00
40.8 B1 6912.78 6755.59 
40.8 B3 7013.98 6852.98 
40.8 120 13 04 50
40.8 244 0.61
40.805 22 -2.81
40.805 23 2.33
40.805 25 -2.76
40.805 30 0.00
40.805 B1 6918.36 6758.88 
40.805 B3 7019.56 6856.16 
40.805 120 13 04 50
40.805 244 0.61
40.81 22 -2.83
40.81 23 2.33
40.81 25 -2.76
40.81 30 0.00
40.81 B1 6922.56 6760.87 
40.81 B3 7023.92 6858.20 
40.81 120 13 04 50
40.81 244 0.61
40.815 22 -2.84
40.815 23 2.32
40.815 25 -2.76
40.815 30 0.00
40.815 B1 6927.12 6763.29 
40.815 B3 7028.54 6860.57 
40.815 120 13 04 50
40.815 244 0.61
40.82 22 -2.86
40.82 23 2.31
40.82 25 -2.76
40.82 30 0.00
40.82 B1 6931.90 6766.01 
40.82 B3 7033.35 6863.20 
40.82 120 13 04 50
40.82 244 0.61
40.825 22 -2.87
40.825 23 2.31
40.825 25 -2.76
40.825 30 0.00
40.825 B1 6936.84 6768.94 
40.825 B3 7038.29 6866.02 
40.825 120 13 04 50
40.825 244 0.61
40.83 22 -2.89
40.83 23 2.30
40.83 25 -2.76
40.83 30 0.00
40.83 B1 6941.88 6772.01 
40.83 B3 7043.32 6868.98 
40.83 120 13 04 50
40.83 244 0.61
40.835 22 -2.91
40.835 23 2.30
40.835 25 -2.76
40.835 30 0.00
40.835 B1 6948.29 6776.51 
40.835 B3 7049.62 6873.27 
40.835 120 13 04 50
40.835 244 0.61
40.84 22 -2.93
40.84 23 2.30
40.84 25 -2.89
40.84 30 0.00
40.84 B1 6954.34 6780.68 
40.84 B3 7055.69 6877.35 
40.84 120 13 04 50
40.84 244 0.61
40.845 22 -3.06
40.845 23 2.30
40.845 25 -2.76
40.845 30 0.00
40.845 B1 6958.63 6783.10 
40.845 B3 7060.39 6880.11 
40.845 120 13 04 50
40.845 244 0.60
40.85 22 -2.96
40.85 23 2.30
40.85 25 -2.76
40.85 30 0.00
40.85 B1 6962.09 6784.68 
40.85 B3 7064.05 6881.80 
40.85 120 13 04 50
40.85 244 0.60
40.855 22 -2.98
40.855 23 2.29
40.855 25 -2.76
40.855 30 0.00
40.855 B1 6966.05 6786.84 
40.855 B3 7068.07 6883.93 
40.855 120 13 04 50
40.855 244 0.60
40.86 22 -3.00
40.86 23 2.28
40.86 25 -2.76
40.86 30 0.00
40.86 B1 6969.01 6788.07 
40.86 B3 7071.16 6885.20 
40.86 120 13 04 50
40.86 244 0.60
40.865 22 -3.02
40.865 23 2.27
40.865 25 -2.76
40.865 30 0.00
40.865 B1 6972.58 6789.97 
40.865 B3 7074.72 6887.00 
40.865 120 13 04 50
40.865 244 0.59
40.87 22 -3.04
40.87 23 2.26
40.87 25 -2.76
40.87 30 0.00
40.87 B1 6975.23 6791.02 
40.87 B3 7077.43 6888.01 
40.87 120 13 04 50
40.87 244 0.59
40.875 22 -3.06
40.875 23 2.24
40.875 25 -2.89
40.875 30 0.00
40.875 B1 6978.55 6792.79 
40.875 B3 7080.66 6889.60 
40.875 120 13 04 50
40.875 244 0.59
40.88 22 -3.20
40.88 23 2.22
40.88 25 -2.89
40.88 30 0.00
40.88 B1 6979.48 6792.20 
40.88 B3 7081.91 6889.26 
40.88 120 13 04 50
40.88 244 0.59
40.885 22 -3.22
40.885 23 2.20
40.885 25 -2.76
40.885 30 0.00
40.885 B1 6981.60 6792.78 
40.885 B3 7084.04 6889.77 
40.885 120 13 04 50
40.885 244 0.58
40.89 22 -3.12
40.89 23 2.19
40.89 25 -2.76
40.89 30 0.00
40.89 B1 6983.43 6793.04 
40.89 B3 7085.62 6889.73 
40.89 120 13 04 50
40.89 244 0.58
40.895 22 -3.15
40.895 23 2.17
40.895 25 -2.76
40.895 30 0.00
40.895 B1 6984.77 6792.92 
40.895 B3 7086.74 6889.32 
40.895 120 13 04 50
40.895 244 0.58
40.9 22 -3.17
40.9 23 2.15
40.9 25 -2.76
40.9 30 0.00
40.9 B1 6987.08 6793.84 
40.9 B3 7088.69 6889.80 
40.9 120 13 04 50
40.9 244 0.56
40.905 22 -3.19
40.905 23 2.13
40.905 25 -2.76
40.905 30 0.00
40.905 B1 6982.13 6787.56 
40.905 B3 7084.08 6883.79 
40.905 120 13 04 50
40.905 244 0.56
40.91 22 -3.21
40.91 23 2.07
40.91 25 -2.76
40.91 30 0.00
40.91 B1 6979.94 6784.17 
40.91 B3 7081.57 6880.00 
40.91 120 13 04 50
40.91 244 0.54
40.915 22 -3.24
40.915 23 2.03
40.915 25 -2.76
40.915 30 0.00
40.915 B1 6975.70 6778.80 
40.915 B3 7077.06 6874.28 
40.915 120 13 04 50
40.915 244 0.50
40.92 22 -3.26
40.92 23 1.98
40.92 25 -2.76
40.92 30 0.00
40.92 B1 6959.42 6761.47 
40.92 B3 7061.42 6857.52 
40.92 120 13 04 50
40.92 244 0.50
40.925 22 -3.28
40.925 23 1.86
40.925 25 -2.76
40.925 30 0.00
40.925 B1 6949.10 6750.33 
40.925 B3 7050.30 6845.48 
40.925 120 13 04 50
40.925 244 0.47
40.93 22 -3.30
40.93 23 1.77
40.93 25 -2.76
40.93 30 0.00
40.93 B1 6932.36 6732.85 
40.93 B3 7033.05 6827.42 
40.93 120 13 04 50
40.93 244 0.39
40.935 22 -3.32
40.935 23 1.65
40.935 25 -2.76
40.935 30 0.00
40.935 B1 6895.17 6695.09 
40.935 B3 6996.68 6790.40 
40.935 120 13 04 50
40.935 244 0.39
40.94 22 -3.34
40.94 23 1.41
40.94 25 -2.76
40.94 30 0.00
40.94 B1 6869.87 6669.58 
40.94 B3 6969.46 6762.87 
40.94 120 13 04 50
40.94 244 0.39
40.945 22 -3.36
40.945 23 1.24
40.945 25 -2.76
40.945 30 0.00
40.945 B1 6852.85 6652.48 
40.945 B3 6949.17 6742.44 
40.945 120 13 04 50
40.945 244 0.35
40.95 22 -3.38
40.95 23 1.12
40.95 25 -2.76
40.95 30 0.00
40.95 B1 6828.37 6627.90 
40.95 B3 6922.19 6715.38 
40.95 120 13 04 50
40.95 244 0.31
40.955 22 -3.41
40.955 23 0.96
40.955 25 -2.89
40.955 30 0.00
40.955 B1 6798.56 6598.08 
40.955 B3 6890.04 6683.26 
40.955 120 13 04 50
40.955 244 0.23
40.96 22 -3.54
40.96 23 0.75
40.96 25 -2.89
40.96 30 0.00
40.96 B1 6750.12 6549.76 
40.96 B3 6840.66 6634.07 
40.96 120 13 04 50
40.96 244 0.23
40.965 22 -3.55
40.965 23 0.46
40.965 25 -2.89
40.965 30 0.00
40.965 B1 6716.37 6516.42 
40.965 B3 6803.12 6596.99 
40.965 120 13 04 50
40.965 244 0.23
40.97 22 -3.57
40.97 23 0.24
40.97 25 -2.76
40.97 30 0.00
40.97 B1 6692.81 6493.28 
40.97 B3 6774.55 6568.94 
40.97 120 13 04 50
40.97 244 0.20
40.975 22 -3.48
40.975 23 0.10
40.975 25 -2.76
40.975 30 0.00
40.975 B1 6665.99 6466.74 
40.975 B3 6743.18 6538.04 
40.975 120 13 04 50
40.975 244 0.17
40.98 22 -3.50
40.98 23 -0.07
40.98 25 -2.76
40.98 30 0.00
40.98 B1 6636.48 6437.56 
40.98 B3 6709.56 6504.97 
40.98 120 13 04 50
40.98 244 0.17
40.985 22 -3.52
40.985 23 -0.25
40.985 25 -2.76
40.985 30 0.00
40.985 B1 6615.49 6416.99 
40.985 B3 6683.69 6479.73 
40.985 120 13 04 50
40.985 244 0.11
40.99 22 -3.54
40.99 23 -0.38
40.99 25 -2.76
40.99 30 0.00
40.99 B1 6580.62 6382.49 
40.99 B3 6645.73 6442.39 
40.99 120 13 04 50
40.99 244 0.11
40.995 22 -3.57
40.995 23 -0.59
40.995 25 -2.76
40.995 30 0.00
40.995 B1 6555.56 6357.95 
40.995 B3 6616.35 6413.75 
40.995 120 13 04 50
40.995 244 0.09
41 22 -3.59
41 23 -0.73
41 25 -2.76
41 30 0.00
41 B1 6530.75 6333.64 
41 B3 6587.45 6385.61 
41 120 13 04 50
41 244 0.06
41.005 22 -3.61
41.005 23 -0.88
41.005 25 -2.76
41.005 30 0.00
41.005 B1 6504.65 6308.05 
41.005 B3 6557.65 6356.57 
41.005 120 13 04 50
41.005 244 0.05
41.01 22 -3.63
41.01 23 -1.02
41.01 25 -2.76
41.01 30 0.00
41.01 B1 6480.17 6284.09 
41.01 B3 6529.46 6329.15 
41.01 120 13 04 50
41.01 244 0.02
41.015 22 -3.65
41.015 23 -1.16
41.015 25 -2.76
41.015 30 0.00
41.015 B1 6452.75 6257.19 
41.015 B3 6498.82 6299.29 
41.015 120 13 04 50
41.015 244 0.02
41.02 22 -3.67
41.02 23 -1.31
41.02 25 -2.76
41.02 30 0.00
41.02 B1 6432.35 6237.35 
41.02 B3 6474.56 6275.84 
41.02 120 13 04 50
41.02 244 0.01
41.025 22 -3.70
41.025 23 -1.41
41.025 25 -2.76
41.025 30 0.00
41.025 B1 6414.24 6219.75 
41.025 B3 6452.76 6254.82 
41.025 120 13 04 50
41.025 244 0.01
41.03 22 -3.72
41.03 23 -1.51
41.03 25 -2.76
41.03 30 0.00
41.03 B1 6400.37 6206.32 
41.03 B3 6435.21 6237.98 
41.03 120 13 04 50
41.03 244 0.01
41.035 22 -3.74
41.035 23 -1.57
41.035 25 -2.76
41.035 30 0.00
41.035 B1 6388.18 6194.48 
41.035 B3 6419.71 6223.10 
41.035 120 13 04 50
41.035 244 0.00
41.04 22 -3.76
41.04 23 -1.63
41.04 25 -2.76
41.04 30 0.00
41.04 B1 6377.17 6183.74 
41.04 B3 6405.76 6209.70 
41.04 120 13 04 50
41.04 244 0.00
41.045 22 -3.79
41.045 23 -1.68
41.045 25 -2.76
41.045 30 0.00
41.045 B1 6368.29 6175.07 
41.045 B3 6394.20 6198.59 
41.045 120 13 04 50
41.045 244 0.00
41.05 22 -3.81
41.05 23 -1.72
41.05 25 -2.76
41.05 30 0.00
41.05 B1 6359.64 6166.53 
41.05 B3 6383.28 6188.05 
41.05 120 13 04 50
41.05 244 0.00
41.055 22 -3.83
41.055 23 -1.75
41.055 25 -2.76
41.055 30 0.00
41.055 B1 6352.43 6159.40 
41.055 B3 6374.03 6179.11 
41.055 120 13 04 50
41.055 244 0.00
41.06 22 -3.85
41.06 23 -1.77
41.06 25 -2.76
41.06 30 0.00
41.06 B1 6346.27 6153.25 
41.06 B3 6366.08 6171.40 
41.06 120 13 04 50
41.06 244 0.00
41.065 22 -3.87
41.065 23 -1.79
41.065 25 -2.76
41.065 30 0.00
41.065 B1 6340.85 6147.81 
41.065 B3 6359.13 6164.63 
41.065 120 13 04 50
41.065 244 0.00
41.07 22 -3.89
41.07 23 -1.80
41.07 25 -2.89
41.07 30 0.00
41.07 B1 6335.98 6142.87 
41.07 B3 6352.95 6158.57 
41.07 120 13 04 50
41.07 244 0.00
41.075 22 -4.02
41.075 23 -1.82
41.075 25 -2.89
41.075 30 0.00
41.075 B1 6331.28 6138.07 
41.075 B3 6347.38 6153.07 
41.075 120 13 04 50
41.075 244 0.00
41.08 22 -4.04
41.08 23 -1.83
41.08 25 -2.89
41.08 30 0.00
41.08 B1 6326.95 6133.54 
41.08 B3 6342.30 6147.95 
41.08 120 13 04 50
41.08 244 0.00
41.085 22 -4.06
41.085 23 -1.84
41.085 25 -2.89
41.085 30 0.00
41.085 B1 6322.88 6129.20 
41.085 B3 6337.60 6143.13 
41.085 120 13 04 50
41.085 244 0.00
41.09 22 -4.07
41.09 23 -1.84
41.09 25 -2.89
41.09 30 0.00
41.09 B1 6318.99 6125.01 
41.09 B3 6333.19 6138.55 
41.09 120 13 04 50
41.09 244 0.00
41.095 22 -4.09
41.095 23 -1.84
41.095 25 -2.89
41.095 30 0.00
41.095 B1 6315.23 6120.91 
41.095 B3 6329.00 6134.14 
41.095 120 13 04 50
41.095 244 0.00
41.1 22 -4.11
41.1 23 -1.84
41.1 25 -2.89
41.1 30 0.00
41.1 B1 6311.56 6116.89 
41.1 B3 6325.00 6129.87 
41.1 120 13 04 50
41.1 244 0.00
41.105 22 -4.13
41.105 23 -1.84
41.105 25 -2.89
41.105 30 0.00
41.105 B1 6307.96 6112.91 
41.105 B3 6321.12 6125.71 
41.105 120 13 04 50
41.105 244 0.00
41.11 22 -4.14
41.11 23 -1.84
41.11 25 -2.89
41.11 30 0.00
41.11 B1 6304.39 6108.98 
41.11 B3 6317.35 6121.63 
41.11 120 13 04 50
41.11 244 0.00
41.115 22 -4.16
41.115 23 -1.84
41.115 25 -2.89
41.115 30 0.00
41.115 B1 6300.86 6105.07 
41.115 B3 6313.65 6117.62 
41.115 120 13 04 50
41.115 244 0.00
41.12 22 -4.17
41.12 23 -1.84
41.12 25 -3.02
41.12 30 0.00
41.12 B1 6297.34 6101.19 
41.12 B3 6310.01 6113.66 
41.12 120 13 04 50
41.12 244 0.00
41.125 22 -4.30
41.125 23 -1.85
41.125 25 -3.15
41.125 30 0.00
41.125 B1 6293.61 6097.10 
41.125 B3 6306.42 6109.74 
41.125 120 13 04 50
41.125 244 0.00
41.13 22 -4.42
41.13 23 -1.86
41.13 25 -3.41
41.13 30 0.00
41.13 B1 6289.76 6092.82 
41.13 B3 6302.88 6105.82 
41.13 120 13 04 50
41.13 244 0.00
41.135 22 -4.65
41.135 23 -1.88
41.135 25 -3.41
41.135 30 0.00
41.135 B1 6285.58 6088.10 
41.135 B3 6299.41 6101.87 
41.135 120 13 04 50
41.135 244 0.00
41.14 22 -4.66
41.14 23 -1.88
41.14 25 -3.68
41.14 30 0.00
41.14 B1 6281.73 6083.49 
41.14 B3 6296.04 6097.83 
41.14 120 13 04 50
41.14 244 0.00
41.145 22 -4.88
41.145 23 -1.90
41.145 25 -4.07
41.145 30 0.00
41.145 B1 6277.58 6078.45 
41.145 B3 6292.73 6093.72 
41.145 120 13 04 50
41.145 244 0.00
41.15 22 -5.21
41.15 23 -1.94
41.15 25 -4.47
41.15 30 0.00
41.15 B1 6272.96 6072.69 
41.15 B3 6289.53 6089.49 
41.15 120 13 04 50
41.15 244 0.00
41.155 22 -5.53
41.155 23 -1.98
41.155 25 -5.52
41.155 30 0.00
41.155 B1 6268.01 6066.23 
41.155 B3 6286.47 6085.08 
41.155 120 13 04 50
41.155 244 0.00
41.16 22 -6.37
41.16 23 -2.10
41.16 25 -5.52
41.16 30 0.00
41.16 B1 6261.02 6057.23 
41.16 B3 6283.57 6080.43 
41.16 120 13 04 50
41.16 244 0.00
41.165 22 -6.34
41.165 23 -2.11
41.165 25 -6.70
41.165 30 0.00
41.165 B1 6255.64 6049.05 
41.165 B3 6280.98 6075.31 
41.165 120 13 04 50
41.165 244 0.00
41.17 22 -7.22
41.17 23 -2.26
41.17 25 -6.70
41.17 30 0.00
41.17 B1 6247.61 6037.56 
41.17 B3 6278.59 6069.85 
41.17 120 13 04 50
41.17 244 0.00
41.175 22 -7.18
41.175 23 -2.27
41.175 25 -6.96
41.175 30 0.00
41.175 B1 6241.75 6027.38 
41.175 B3 6276.53 6063.84 
41.175 120 13 04 50
41.175 244 0.00
41.18 22 -7.34
41.18 23 -2.32
41.18 25 -7.09
41.18 30 0.00
41.18 B1 6236.49 6017.19 
41.18 B3 6274.68 6057.40 
41.18 120 13 04 50
41.18 244 0.00
41.185 22 -7.40
41.185 23 -2.34
41.185 25 -7.22
41.185 30 0.00
41.185 B1 6232.17 6007.41 
41.185 B3 6273.03 6050.60 
41.185 120 13 04 50
41.185 244 0.00
41.19 22 -7.46
41.19 23 -2.36
41.19 25 -7.36
41.19 30 0.00
41.19 B1 6228.52 5997.91 
41.19 B3 6271.51 6043.50 
41.19 120 13 04 50
41.19 244 0.00
41.195 22 -7.53
41.195 23 -2.38
41.195 25 -7.36
41.195 30 0.00
41.195 B1 6225.33 5988.58 
41.195 B3 6270.10 6036.16 
41.195 120 13 04 50
41.195 244 0.00
41.2 22 -7.50
41.2 23 -2.38
41.2 25 -7.36
41.2 30 0.00
41.2 B1 6222.97 5979.86 
41.2 B3 6268.76 6028.61 
41.2 120 13 04 50
41.2 244 0.00
41.205 22 -7.48
41.205 23 -2.38
41.205 25 -7.49
41.205 30 0.00
41.205 B1 6221.16 5971.57 
41.205 B3 6267.47 6020.93 
41.205 120 13 04 50
41.205 244 0.00
41.21 22 -7.56
41.21 23 -2.39
41.21 25 -7.49
41.21 30 0.00
41.21 B1 6219.24 5963.12 
41.21 B3 6266.18 6013.18 
41.21 120 13 04 50
41.21 244 0.00
41.215 22 -7.54
41.215 23 -2.39
41.215 25 -7.49
41.215 30 0.00
41.215 B1 6217.71 5955.02 
41.215 B3 6264.90 6005.35 
41.215 120 13 04 50
41.215 244 0.00
41.22 22 -7.53
41.22 23 -2.38
41.22 25 -7.49
41.22 30 0.00
41.22 B1 6216.43 5947.18 
41.22 B3 6263.61 5997.48 
41.22 120 13 04 50
41.22 244 0.00
41.225 22 -7.52
41.225 23 -2.38
41.225 25 -7.62
41.225 30 0.00
41.225 B1 6215.29 5939.55 
41.225 B3 6262.29 5989.61 
41.225 120 13 04 50
41.225 244 0.00
41.23 22 -7.61
41.23 23 -2.39
41.23 25 -7.62
41.23 30 0.00
41.23 B1 6213.75 5931.58 
41.23 B3 6260.93 5981.75 
41.23 120 13 04 50
41.23 244 0.00
41.235 22 -7.61
41.235 23 -2.39
41.235 25 -7.62
41.235 30 0.00
41.235 B1 6212.39 5923.84 
41.235 B3 6259.54 5973.89 
41.235 120 13 04 50
41.235 244 0.00
41.24 22 -7.61
41.24 23 -2.39
41.24 25 -7.62
41.24 30 0.00
41.24 B1 6211.13 5916.28 
41.24 B3 6258.11 5966.05 
41.24 120 13 04 50
41.24 244 0.00
41.245 22 -7.62
41.245 23 -2.38
41.245 25 -7.49
41.245 30 0.00
41.245 B1 6209.90 5908.85 
41.245 B3 6256.63 5958.25 
41.245 120 13 04 50
41.245 244 0.00
41.25 22 -7.53
41.25 23 -2.36
41.25 25 -7.49
41.25 30 0.00
41.25 B1 6209.14 5902.01 
41.25 B3 6255.10 5950.49 
41.25 120 13 04 50
41.25 244 0.00
41.255 22 -7.54
41.255 23 -2.35
41.255 25 -7.49
41.255 30 0.00
41.255 B1 6208.17 5895.14 
41.255 B3 6253.48 5942.83 
41.255 120 13 04 50
41.255 244 0.00
41.26 22 -7.56
41.26 23 -2.35
41.26 25 -7.62
41.26 30 0.00
41.26 B1 6207.03 5888.27 
41.26 B3 6251.79 5935.25 
41.26 120 13 04 50
41.26 244 0.00
41.265 22 -7.67
41.265 23 -2.36
41.265 25 -7.62
41.265 30 0.00
41.265 B1 6205.29 5880.94 
41.265 B3 6250.03 5927.75 
41.265 120 13 04 50
41.265 244 0.00
41.27 22 -7.69
41.27 23 -2.36
41.27 25 -7.62
41.27 30 0.00
41.27 B1 6203.56 5873.73 
41.27 B3 6248.22 5920.30 
41.27 120 13 04 50
41.27 244 0.00
41.275 22 -7.70
41.275 23 -2.35
41.275 25 -7.62
41.275 30 0.00
41.275 B1 6201.81 5866.61 
41.275 B3 6246.34 5912.91 
41.275 120 13 04 50
41.275 244 0.00
41.28 22 -7.73
41.28 23 -2.35
41.28 25 -7.62
41.28 30 0.00
41.28 B1 6200.03 5859.58 
41.28 B3 6244.41 5905.56 
41.28 120 13 04 50
41.28 244 0.00
41.285 22 -7.75
41.285 23 -2.35
41.285 25 -7.62
41.285 30 0.00
41.285 B1 6198.19 5852.62 
41.285 B3 6242.40 5898.28 
41.285 120 13 04 50
41.285 244 0.00
41.29 22 -7.78
41.29 23 -2.34
41.29 25 -7.62
41.29 30 0.00
41.29 B1 6196.28 5845.71 
41.29 B3 6240.34 5891.06 
41.29 120 13 04 50
41.29 244 0.00
41.295 22 -7.80
41.295 23 -2.34
41.295 25 -7.62
41.295 30 0.00
41.295 B1 6194.29 5838.85 
41.295 B3 6238.21 5883.90 
41.295 120 13 04 50
41.295 244 0.00
41.3 22 -7.83
41.3 23 -2.34
41.3 25 -7.62
41.3 30 0.00
41.3 B1 6192.23 5832.04 
41.3 B3 6236.01 5876.80 
41.3 120 13 04 50
41.3 244 0.00
41.305 22 -7.86
41.305 23 -2.34
41.305 25 -7.49
41.305 30 0.00
41.305 B1 6190.08 5825.26 
41.305 B3 6233.75 5869.76 
41.305 120 13 04 50
41.305 244 0.00
41.31 22 -7.80
41.31 23 -2.31
41.31 25 -7.62
41.31 30 0.00
41.31 B1 6188.29 5818.99 
41.31 B3 6231.42 5862.78 
41.31 120 13 04 50
41.31 244 0.00
41.315 22 -7.93
41.315 23 -2.33
41.315 25 -7.62
41.315 30 0.00
41.315 B1 6185.81 5812.18 
41.315 B3 6229.00 5855.90 
41.315 120 13 04 50
41.315 244 0.00
41.32 22 -7.96
41.32 23 -2.33
41.32 25 -7.62
41.32 30 0.00
41.32 B1 6183.29 5805.45 
41.32 B3 6226.53 5849.07 
41.32 120 13 04 50
41.32 244 0.00
41.325 22 -8.00
41.325 23 -2.33
41.325 25 -7.62
41.325 30 0.00
41.325 B1 6180.71 5798.77 
41.325 B3 6223.99 5842.28 
41.325 120 13 04 50
41.325 244 0.00
41.33 22 -8.04
41.33 23 -2.32
41.33 25 -7.62
41.33 30 0.00
41.33 B1 6178.08 5792.13 
41.33 B3 6221.39 5835.55 
41.33 120 13 04 50
41.33 244 0.00
41.335 22 -8.07
41.335 23 -2.32
41.335 25 -7.62
41.335 30 0.00
41.335 B1 6175.37 5785.54 
41.335 B3 6218.73 5828.86 
41.335 120 13 04 50
41.335 244 0.00
41.34 22 -8.11
41.34 23 -2.32
41.34 25 -7.62
41.34 30 0.00
41.34 B1 6172.60 5778.98 
41.34 B3 6216.00 5822.22 
41.34 120 13 04 50
41.34 244 0.00
41.345 22 -8.15
41.345 23 -2.32
41.345 25 -7.62
41.345 30 0.00
41.345 B1 6169.75 5772.46 
41.345 B3 6213.22 5815.63 
41.345 120 13 04 50
41.345 244 0.00
41.35 22 -8.19
41.35 23 -2.32
41.35 25 -7.62
41.35 30 0.00
41.35 B1 6166.83 5765.97 
41.35 B3 6210.37 5809.09 
41.35 120 13 04 50
41.35 244 0.00
41.355 22 -8.23
41.355 23 -2.31
41.355 25 -7.62
41.355 30 0.00
41.355 B1 6163.83 5759.51 
41.355 B3 6207.47 5802.59 
41.355 120 13 04 50
41.355 244 0.00
41.36 22 -8.27
41.36 23 -2.31
41.36 25 -7.62
41.36 30 0.00
41.36 B1 6160.77 5753.08 
41.36 B3 6204.50 5796.14 
41.36 120 13 04 50
41.36 244 0.00
41.365 22 -8.31
41.365 23 -2.31
41.365 25 -7.62
41.365 30 0.00
41.365 B1 6157.63 5746.68 
41.365 B3 6201.47 5789.72 
41.365 120 13 04 50
41.365 244 0.00
41.37 22 -8.36
41.37 23 -2.31
41.37 25 -7.62
41.37 30 0.00
41.37 B1 6154.42 5740.30 
41.37 B3 6198.38 5783.35 
41.37 120 13 04 50
41.37 244 0.00
41.375 22 -8.40
41.375 23 -2.31
41.375 25 -7.62
41.375 30 0.00
41.375 B1 6151.14 5733.95 
41.375 B3 6195.24 5777.02 
41.375 120 13 04 50
41.375 244 0.00
41.38 22 -8.44
41.38 23 -2.31
41.38 25 -7.49
41.38 30 0.00
41.38 B1 6147.79 5727.62 
41.38 B3 6192.04 5770.73 
41.38 120 13 04 50
41.38 244 0.00
41.385 22 -8.39
41.385 23 -2.29
41.385 25 -7.49
41.385 30 0.00
41.385 B1 6144.82 5721.78 
41.385 B3 6188.78 5764.47 
41.385 120 13 04 50
41.385 244 0.00
41.39 22 -8.43
41.39 23 -2.29
41.39 25 -7.49
41.39 30 0.00
41.39 B1 6141.64 5715.86 
41.39 B3 6185.44 5758.29 
41.39 120 13 04 50
41.39 244 0.00
41.395 22 -8.48
41.395 23 -2.28
41.395 25 -7.62
41.395 30 0.00
41.395 B1 6138.28 5709.89 
41.395 B3 6182.05 5752.16 
41.395 120 13 04 50
41.395 244 0.00
41.4 22 -8.62
41.4 23 -2.30
41.4 25 -7.62
41.4 30 0.00
41.4 B1 6134.32 5703.42 
41.4 B3 6178.58 5746.10 
41.4 120 13 04 50
41.4 244 0.00
41.405 22 -8.66
41.405 23 -2.30
41.405 25 -7.49
41.405 30 0.00
41.405 B1 6130.41 5697.04 
41.405 B3 6175.08 5740.04 
41.405 120 13 04 50
41.405 244 0.00
41.41 22 -8.61
41.41 23 -2.28
41.41 25 -7.49
41.41 30 0.00
41.41 B1 6126.96 5691.20 
41.41 B3 6171.53 5733.99 
41.41 120 13 04 50
41.41 244 0.00
41.415 22 -8.65
41.415 23 -2.28
41.415 25 -7.49
41.415 30 0.00
41.415 B1 6123.35 5685.31 
41.415 B3 6167.92 5728.00 
41.415 120 13 04 50
41.415 244 0.00
41.42 22 -8.70
41.42 23 -2.28
41.42 25 -7.49
41.42 30 0.00
41.42 B1 6119.62 5679.38 
41.42 B3 6164.25 5722.05 
41.42 120 13 04 50
41.42 244 0.00
41.425 22 -8.74
41.425 23 -2.28
41.425 25 -7.62
41.425 30 0.00
41.425 B1 6115.77 5673.44 
41.425 B3 6160.53 5716.14 
41.425 120 13 04 50
41.425 244 0.00
41.43 22 -8.88
41.43 23 -2.30
41.43 25 -7.49
41.43 30 0.00
41.43 B1 6111.38 5667.02 
41.43 B3 6156.76 5710.27 
41.43 120 13 04 50
41.43 244 0.00
41.435 22 -8.83
41.435 23 -2.28
41.435 25 -7.49
41.435 30 0.00
41.435 B1 6107.52 5661.19 
41.435 B3 6152.95 5704.39 
41.435 120 13 04 50
41.435 244 0.00
41.44 22 -8.87
41.44 23 -2.28
41.44 25 -7.49
41.44 30 0.00
41.44 B1 6103.56 5655.33 
41.44 B3 6149.09 5698.55 
41.44 120 13 04 50
41.44 244 0.00
41.445 22 -8.91
41.445 23 -2.28
41.445 25 -7.49
41.445 30 0.00
41.445 B1 6099.50 5649.45 
41.445 B3 6145.18 5692.74 
41.445 120 13 04 50
41.445 244 0.00
41.45 22 -8.96
41.45 23 -2.28
41.45 25 -7.49
41.45 30 0.00
41.45 B1 6095.36 5643.57 
41.45 B3 6141.23 5686.96 
41.45 120 13 04 50
41.45 244 0.00
41.455 22 -9.00
41.455 23 -2.28
41.455 25 -7.49
41.455 30 0.00
41.455 B1 6091.15 5637.68 
41.455 B3 6137.22 5681.21 
41.455 120 13 04 50
41.455 244 0.00
41.46 22 -9.04
41.46 23 -2.28
41.46 25 -7.49
41.46 30 0.00
41.46 B1 6086.89 5631.81 
41.46 B3 6133.18 5675.48 
41.46 120 13 04 50
41.46 244 0.00
41.465 22 -9.08
41.465 23 -2.28
41.465 25 -7.62
41.465 30 0.00
41.465 B1 6082.57 5625.94 
41.465 B3 6129.09 5669.77 
41.465 120 13 04 50
41.465 244 0.00
41.47 22 -9.21
41.47 23 -2.29
41.47 25 -7.62
41.47 30 0.00
41.47 B1 6077.74 5619.60 
41.47 B3 6124.96 5664.08 
41.47 120 13 04 50
41.47 244 0.00
41.475 22 -9.25
41.475 23 -2.29
41.475 25 -7.49
41.475 30 0.00
41.475 B1 6073.02 5613.38 
41.475 B3 6120.81 5658.37 
41.475 120 13 04 50
41.475 244 0.00
41.48 22 -9.20
41.48 23 -2.28
41.48 25 -7.49
41.48 30 0.00
41.48 B1 6068.84 5607.74 
41.48 B3 6116.63 5652.65 
41.48 120 13 04 50
41.48 244 0.00
41.485 22 -9.23
41.485 23 -2.28
41.485 25 -7.49
41.485 30 0.00
41.485 B1 6064.55 5602.06 
41.485 B3 6112.41 5646.97 
41.485 120 13 04 50
41.485 244 0.00
41.49 22 -9.27
41.49 23 -2.27
41.49 25 -7.49
41.49 30 0.00
41.49 B1 6060.16 5596.34 
41.49 B3 6108.15 5641.31 
41.49 120 13 04 50
41.49 244 0.00
41.495 22 -9.31
41.495 23 -2.27
41.495 25 -7.49
41.495 30 0.00
41.495 B1 6055.70 5590.61 
41.495 B3 6103.84 5635.67 
41.495 120 13 04 50
41.495 244 0.00
41.5 22 -9.35
41.5 23 -2.27
41.5 25 -7.49
41.5 30 0.00
41.5 B1 6051.17 5584.87 
41.5 B3 6099.50 5630.06 
41.5 120 13 04 50
41.5 244 0.00
41.505 22 -9.38
41.505 23 -2.27
41.505 25 -7.62
41.505 30 0.00
41.505 B1 6046.59 5579.13 
41.505 B3 6095.12 5624.46 
41.505 120 13 04 50
41.505 244 0.00
41.51 22 -9.51
41.51 23 -2.29
41.51 25 -7.49
41.51 30 0.00
41.51 B1 6041.49 5572.89 
41.51 B3 6090.70 5618.88 
41.51 120 13 04 50
41.51 244 0.00
41.515 22 -9.45
41.515 23 -2.27
41.515 25 -7.49
41.515 30 0.00
41.515 B1 6036.99 5567.28 
41.515 B3 6086.27 5613.28 
41.515 120 13 04 50
41.515 244 0.00
41.52 22 -9.49
41.52 23 -2.27
41.52 25 -7.49
41.52 30 0.00
41.52 B1 6032.40 5561.64 
41.52 B3 6081.80 5607.70 
41.52 120 13 04 50
41.52 244 0.00
41.525 22 -9.52
41.525 23 -2.27
41.525 25 -7.49
41.525 30 0.00
41.525 B1 6027.75 5555.98 
41.525 B3 6077.30 5602.14 
41.525 120 13 04 50
41.525 244 0.00
41.53 22 -9.56
41.53 23 -2.27
41.53 25 -7.49
41.53 30 0.00
41.53 B1 6023.04 5550.32 
41.53 B3 6072.77 5596.59 
41.53 120 13 04 50
41.53 244 0.00
41.535 22 -9.59
41.535 23 -2.27
41.535 25 -7.49
41.535 30 0.00
41.535 B1 6018.29 5544.65 
41.535 B3 6068.20 5591.06 
41.535 120 13 04 50
41.535 244 0.00
41.54 22 -9.62
41.54 23 -2.27
41.54 25 -7.49
41.54 30 0.00
41.54 B1 6013.50 5538.98 
41.54 B3 6063.60 5585.55 
41.54 120 13 04 50
41.54 244 0.00
41.545 22 -9.65
41.545 23 -2.27
41.545 25 -7.62
41.545 30 0.00
41.545 B1 6008.67 5533.32 
41.545 B3 6058.98 5580.04 
41.545 120 13 04 50
41.545 244 0.00
41.55 22 -9.77
41.55 23 -2.29
41.55 25 -7.49
41.55 30 0.00
41.55 B1 6003.33 5527.16 
41.55 B3 6054.33 5574.55 
41.55 120 13 04 50
41.55 244 0.00
41.555 22 -9.71
41.555 23 -2.27
41.555 25 -7.49
41.555 30 0.00
41.555 B1 5998.61 5521.64 
41.555 B3 6049.66 5569.03 
41.555 120 13 04 50
41.555 244 0.00
41.56 22 -9.74
41.56 23 -2.27
41.56 25 -7.62
41.56 30 0.00
41.56 B1 5993.82 5516.09 
41.56 B3 6044.97 5563.53 
41.56 120 13 04 50
41.56 244 0.00
41.565 22 -9.86
41.565 23 -2.29
41.565 25 -7.62
41.565 30 0.00
41.565 B1 5988.48 5510.01 
41.565 B3 6040.25 5558.04 
41.565 120 13 04 50
41.565 244 0.00
41.57 22 -9.89
41.57 23 -2.29
41.57 25 -7.62
41.57 30 0.00
41.57 B1 5983.26 5504.05 
41.57 B3 6035.51 5552.54 
41.57 120 13 04 50
41.57 244 0.01
41.575 22 -9.91
41.575 23 -2.29
41.575 25 -7.62
41.575 30 0.00
41.575 B1 5980.77 5500.82 
41.575 B3 6033.16 5549.40 
41.575 120 13 04 50
41.575 244 0.01
41.58 22 -9.94
41.58 23 -2.27
41.58 25 -7.62
41.58 30 0.00
41.58 B1 5977.59 5496.81 
41.58 B3 6030.26 5545.65 
41.58 120 13 04 50
41.58 244 0.01
41.585 22 -9.97
41.585 23 -2.26
41.585 25 -7.62
41.585 30 0.00
41.585 B1 5973.91 5492.28 
41.585 B3 6026.93 5541.45 
41.585 120 13 04 50
41.585 244 0.01
41.59 22 -9.99
41.59 23 -2.25
41.59 25 -7.62
41.59 30 0.00
41.59 B1 5969.89 5487.40 
41.59 B3 6023.27 5536.91 
41.59 120 13 04 50
41.59 244 0.01
41.595 22 -10.02
41.595 23 -2.25
41.595 25 -7.49
41.595 30 0.00
41.595 B1 5965.60 5482.29 
41.595 B3 6019.36 5532.13 
41.595 120 13 04 50
41.595 244 0.02
41.6 22 -9.95
41.6 23 -2.22
41.6 25 -7.49
41.6 30 0.00
41.6 B1 5964.26 5480.20 
41.6 B3 6017.63 5529.56 
41.6 120 13 04 50
41.6 244 0.02
41.605 22 -9.98
41.605 23 -2.20
41.605 25 -7.49
41.605 30 0.00
41.605 B1 5963.20 5478.35 
41.605 B3 6016.39 5527.49 
41.605 120 13 04 50
41.605 244 0.03
41.61 22 -10.00
41.61 23 -2.18
41.61 25 -7.49
41.61 30 0.00
41.61 B1 5964.98 5479.31 
41.61 B3 6017.91 5528.17 
41.61 120 13 04 50
41.61 244 0.04
41.615 22 -10.03
41.615 23 -2.14
41.615 25 -7.49
41.615 30 0.00
41.615 B1 5968.82 5482.21 
41.615 B3 6021.60 5530.91 
41.615 120 13 04 50
41.615 244 0.04
41.62 22 -10.06
41.62 23 -2.09
41.62 25 -7.49
41.62 30 0.00
41.62 B1 5970.19 5482.46 
41.62 B3 6023.37 5531.58 
41.62 120 13 04 50
41.62 244 0.07
41.625 22 -10.08
41.625 23 -2.06
41.625 25 -7.49
41.625 30 0.00
41.625 B1 5977.70 5488.86 
41.625 B3 6030.85 5537.93 
41.625 120 13 04 50
41.625 244 0.07
41.63 22 -10.11
41.63 23 -1.98
41.63 25 -7.49
41.63 30 0.00
41.63 B1 5981.71 5491.50 
41.63 B3 6035.57 5541.28 
41.63 120 13 04 50
41.63 244 0.07
41.635 22 -10.13
41.635 23 -1.93
41.635 25 -7.36
41.635 30 0.00
41.635 B1 5984.55 5492.94 
41.635 B3 6039.36 5543.65 
41.635 120 13 04 50
41.635 244 0.07
41.64 22 -10.06
41.64 23 -1.87
41.64 25 -7.09
41.64 30 0.00
41.64 B1 5987.08 5494.15 
41.64 B3 6042.46 5545.31 
41.64 120 13 04 50
41.64 244 0.09
41.645 22 -9.91
41.645 23 -1.79
41.645 25 -7.09
41.645 30 0.00
41.645 B1 5992.48 5498.40 
41.645 B3 6047.39 5548.89 
41.645 120 13 04 50
41.645 244 0.09
41.65 22 -9.93
41.65 23 -1.74
41.65 25 -7.09
41.65 30 0.00
41.65 B1 5994.93 5499.77 
41.65 B3 6050.13 5550.39 
41.65 120 13 04 50
41.65 244 0.09
41.655 22 -9.96
41.655 23 -1.70
41.655 25 -7.09
41.655 30 0.00
41.655 B1 5995.31 5499.24 
41.655 B3 6051.19 5550.37 
41.655 120 13 04 50
41.655 244 0.09
41.66 22 -9.99
41.66 23 -1.67
41.66 25 -6.96
41.66 30 0.00
41.66 B1 5994.23 5497.46 
41.66 B3 6050.97 5549.25 
41.66 120 13 04 50
41.66 244 0.08
41.665 22 -9.92
41.665 23 -1.63
41.665 25 -6.70
41.665 30 0.00
41.665 B1 5991.29 5494.04 
41.665 B3 6048.58 5546.15 
41.665 120 13 04 50
41.665 244 0.08
41.67 22 -9.75
41.67 23 -1.59
41.67 25 -6.05
41.67 30 0.00
41.67 B1 5988.80 5491.40 
41.67 B3 6045.72 5542.83 
41.67 120 13 04 50
41.67 244 0.08
41.675 22 -9.28
41.675 23 -1.50
41.675 25 -6.05
41.675 30 0.00
41.675 B1 5987.86 5490.71 
41.675 B3 6042.45 5539.45 
41.675 120 13 04 50
41.675 244 0.08
41.68 22 -9.32
41.68 23 -1.48
41.68 25 -4.87
41.68 30 0.00
41.68 B1 5985.62 5489.17 
41.68 B3 6038.76 5536.21 
41.68 120 13 04 50
41.68 244 0.08
41.685 22 -8.42
41.685 23 -1.34
41.685 25 -4.21
41.685 30 0.00
41.685 B1 5984.65 5489.42 
41.685 B3 6033.58 5531.88 
41.685 120 13 04 50
41.685 244 0.08
41.69 22 -7.95
41.69 23 -1.27
41.69 25 -3.69
41.69 30 0.00
41.69 B1 5985.08 5491.95 
41.69 B3 6029.44 5529.53 
41.69 120 13 04 50
41.69 244 0.08
41.695 22 -7.59
41.695 23 -1.21
41.695 25 -2.90
41.695 30 0.00
41.695 B1 5983.24 5493.11 
41.695 B3 6023.59 5526.41 
41.695 120 13 04 50
41.695 244 0.08
41.7 22 -7.01
41.7 23 -1.15
41.7 25 -2.90
41.7 30 0.00
41.7 B1 5981.38 5495.22 
41.7 B3 6017.56 5524.08 
41.7 120 13 04 50
41.7 244 0.08
41.705 22 -7.10
41.705 23 -1.14
41.705 25 -1.33
41.705 30 0.00
41.705 B1 5977.81 5496.65 
41.705 B3 6011.24 5522.54 
41.705 120 13 04 50
41.705 244 0.07
41.71 22 -5.92
41.71 23 -1.07
41.71 25 -1.33
41.71 30 0.00
41.71 B1 5974.00 5498.62 
41.71 B3 6003.54 5520.35 
41.71 120 13 04 50
41.71 244 0.07
41.715 22 -6.02
41.715 23 -1.07
41.715 25 -1.20
41.715 30 0.00
41.715 B1 5968.77 5500.51 
41.715 B3 5995.68 5519.29 
41.715 120 13 04 50
41.715 244 0.07
41.72 22 -6.01
41.72 23 -1.06
41.72 25 0.00
41.72 30 0.00
41.72 B1 5962.73 5502.45 
41.72 B3 5987.72 5519.03 
41.72 120 13 04 50
41.72 244 0.07
41.725 22 -5.19
41.725 23 -1.04
41.725 25 0.00
41.725 30 0.00
41.725 B1 5956.99 5505.34 
41.725 B3 5979.71 5519.34 
41.725 120 13 04 50
41.725 244 0.07
41.73 22 -5.28
41.73 23 -1.04
41.73 25 0.00
41.73 30 0.00
41.73 B1 5950.26 5508.23 
41.73 B3 5971.42 5520.34 
41.73 120 13 04 50
41.73 244 0.08
41.735 22 -5.37
41.735 23 -1.04
41.735 25 0.00
41.735 30 0.00
41.735 B1 5944.22 5512.38 
41.735 B3 5964.18 5523.01 
41.735 120 13 04 50
41.735 244 0.08
41.74 22 -5.45
41.74 23 -1.03
41.74 25 0.00
41.74 30 0.00
41.74 B1 5937.38 5516.03 
41.74 B3 5956.56 5525.66 
41.74 120 13 04 50
41.74 244 0.08
41.745 22 -5.52
41.745 23 -1.02
41.745 25 0.00
41.745 30 0.00
41.745 B1 5930.03 5519.29 
41.745 B3 5948.71 5528.28 
41.745 120 13 04 50
41.745 244 0.08
41.75 22 -5.59
41.75 23 -1.01
41.75 25 0.00
41.75 30 0.00
41.75 B1 5922.37 5522.27 
41.75 B3 5940.73 5530.83 
41.75 120 13 04 50
41.75 244 0.08
41.755 22 -5.65
41.755 23 -1.01
41.755 25 0.00
41.755 30 0.00
41.755 B1 5915.87 5526.33 
41.755 B3 5933.88 5534.51 
41.755 120 13 04 50
41.755 244 0.09
41.76 22 -5.71
41.76 23 -1.00
41.76 25 0.00
41.76 30 0.00
41.76 B1 5910.23 5531.09 
41.76 B3 5927.92 5538.99 
41.76 120 13 04 50
41.76 244 0.09
41.765 22 -5.75
41.765 23 -0.99
41.765 25 0.00
41.765 30 0.00
41.765 B1 5905.24 5536.29 
41.765 B3 5922.69 5544.03 
41.765 120 13 04 50
41.765 244 0.09
41.77 22 -5.79
41.77 23 -0.97
41.77 25 0.00
41.77 30 0.00
41.77 B1 5900.76 5541.77 
41.77 B3 5918.05 5549.47 
41.77 120 13 04 50
41.77 244 0.09
41.775 22 -5.83
41.775 23 -0.95
41.775 25 0.00
41.775 30 0.00
41.775 B1 5895.37 5546.08 
41.775 B3 5912.71 5553.98 
41.775 120 13 04 50
41.775 244 0.09
41.78 22 -5.86
41.78 23 -0.93
41.78 25 0.00
41.78 30 0.00
41.78 B1 5889.39 5549.60 
41.78 B3 5906.88 5557.80 
41.78 120 13 04 50
41.78 244 0.10
41.785 22 -5.88
41.785 23 -0.92
41.785 25 0.00
41.785 30 0.00
41.785 B1 5884.37 5553.86 
41.785 B3 5901.91 5562.28 
41.785 120 13 04 50
41.785 244 0.10
41.79 22 -5.90
41.79 23 -0.91
41.79 25 0.00
41.79 30 0.00
41.79 B1 5880.08 5558.61 
41.79 B3 5897.64 5567.22 
41.79 120 13 04 50
41.79 244 0.10
41.795 22 -5.91
41.795 23 -0.89
41.795 25 0.00
41.795 30 0.00
41.795 B1 5875.01 5562.35 
41.795 B3 5892.74 5571.30 
41.795 120 13 04 50
41.795 244 0.10
41.8 22 -5.92
41.8 23 -0.87
41.8 25 0.00
41.8 30 0.00
41.8 B1 5869.46 5565.38 
41.8 B3 5887.40 5574.72 
41.8 120 13 04 50
41.8 244 0.10
41.805 22 -5.93
41.805 23 -0.86
41.805 25 0.00
41.805 30 0.00
41.805 B1 5863.62 5567.92 
41.805 B3 5881.77 5577.64 
41.805 120 13 04 50
41.805 244 0.10
41.81 22 -5.92
41.81 23 -0.86
41.81 25 0.00
41.81 30 0.00
41.81 B1 5857.62 5570.10 
41.81 B3 5875.96 5580.18 
41.81 120 13 04 50
41.81 244 0.10
41.815 22 -5.92
41.815 23 -0.85
41.815 25 0.00
41.815 30 0.00
41.815 B1 5851.56 5572.02 
41.815 B3 5870.05 5582.41 
41.815 120 13 04 50
41.815 244 0.11
41.82 22 -5.91
41.82 23 -0.85
41.82 25 0.00
41.82 30 0.00
41.82 B1 5846.81 5575.06 
41.82 B3 5865.29 5585.59 
41.82 120 13 04 50
41.82 244 0.11
41.825 22 -5.89
41.825 23 -0.84
41.825 25 0.00
41.825 30 0.00
41.825 B1 5841.69 5577.50 
41.825 B3 5860.24 5588.26 
41.825 120 13 04 50
41.825 244 0.11
41.83 22 -5.87
41.83 23 -0.83
41.83 25 0.00
41.83 30 0.00
41.83 B1 5837.69 5580.86 
41.83 B3 5856.19 5591.74 
41.83 120 13 04 50
41.83 244 0.11
41.835 22 -5.85
41.835 23 -0.82
41.835 25 0.00
41.835 30 0.00
41.835 B1 5833.17 5583.48 
41.835 B3 5851.74 5594.59 
41.835 120 13 04 50
41.835 244 0.11
41.84 22 -5.83
41.84 23 -0.81
41.84 25 0.00
41.84 30 0.00
41.84 B1 5829.65 5586.92 
41.84 B3 5848.21 5598.17 
41.84 120 13 04 50
41.84 244 0.12
41.845 22 -5.80
41.845 23 -0.80
41.845 25 0.00
41.845 30 0.00
41.845 B1 5828.20 5592.21 
41.845 B3 5846.60 5603.47 
41.845 120 13 04 50
41.845 244 0.12
41.85 22 -5.77
41.85 23 -0.77
41.85 25 0.00
41.85 30 0.00
41.85 B1 5825.56 5596.10 
41.85 B3 5844.08 5607.62 
41.85 120 13 04 50
41.85 244 0.12
41.855 22 -5.73
41.855 23 -0.75
41.855 25 0.00
41.855 30 0.00
41.855 B1 5822.15 5599.02 
41.855 B3 5840.91 5610.94 
41.855 120 13 04 50
41.855 244 0.12
41.86 22 -5.69
41.86 23 -0.74
41.86 25 0.00
41.86 30 0.00
41.86 B1 5818.25 5601.30 
41.86 B3 5837.28 5613.62 
41.86 120 13 04 50
41.86 244 0.13
41.865 22 -5.65
41.865 23 -0.73
41.865 25 0.00
41.865 30 0.00
41.865 B1 5815.37 5604.45 
41.865 B3 5834.54 5617.03 
41.865 120 13 04 50
41.865 244 0.13
41.87 22 -5.61
41.87 23 -0.72
41.87 25 0.00
41.87 30 0.00
41.87 B1 5813.23 5608.16 
41.87 B3 5832.49 5620.96 
41.87 120 13 04 50
41.87 244 0.13
41.875 22 -5.57
41.875 23 -0.70
41.875 25 0.00
41.875 30 0.00
41.875 B1 5811.63 5612.25 
41.875 B3 5830.99 5625.26 
41.875 120 13 04 50
41.875 244 0.13
41.88 22 -5.52
41.88 23 -0.68
41.88 25 0.00
41.88 30 0.00
41.88 B1 5809.13 5615.26 
41.88 B3 5828.73 5628.63 
41.88 120 13 04 50
41.88 244 0.13
41.885 22 -5.47
41.885 23 -0.66
41.885 25 0.00
41.885 30 0.00
41.885 B1 5806.04 5617.54 
41.885 B3 5825.94 5631.31 
41.885 120 13 04 50
41.885 244 0.13
41.89 22 -5.42
41.89 23 -0.65
41.89 25 0.00
41.89 30 0.00
41.89 B1 5802.58 5619.31 
41.89 B3 5822.78 5633.49 
41.89 120 13 04 50
41.89 244 0.13
41.895 22 -5.37
41.895 23 -0.65
41.895 25 0.00
41.895 30 0.00
41.895 B1 5798.90 5620.74 
41.895 B3 5819.36 5635.27 
41.895 120 13 04 50
41.895 244 0.13
41.9 22 -5.31
41.9 23 -0.64
41.9 25 0.00
41.9 30 0.00
41.9 B1 5795.10 5621.93 
41.9 B3 5815.78 5636.77 
41.9 120 13 04 50
41.9 244 0.13
41.905 22 -5.26
41.905 23 -0.64
41.905 25 0.00
41.905 30 0.00
41.905 B1 5789.93 5621.61 
41.905 B3 5810.90 5636.85 
41.905 120 13 04 50
41.905 244 0.13
41.91 22 -5.20
41.91 23 -0.64
41.91 25 0.00
41.91 30 0.00
41.91 B1 5785.15 5621.60 
41.91 B3 5806.27 5637.06 
41.91 120 13 04 50
41.91 244 0.13
41.915 22 -5.14
41.915 23 -0.65
41.915 25 0.00
41.915 30 0.00
41.915 B1 5780.67 5621.77 
41.915 B3 5801.83 5637.36 
41.915 120 13 04 50
41.915 244 0.13
41.92 22 -5.08
41.92 23 -0.65
41.92 25 0.00
41.92 30 0.00
41.92 B1 5775.10 5620.72 
41.92 B3 5796.37 5636.52 
41.92 120 13 04 50
41.92 244 0.12
41.925 22 -5.02
41.925 23 -0.66
41.925 25 0.00
41.925 30 0.00
41.925 B1 5767.48 5617.52 
41.925 B3 5788.97 5633.63 
41.925 120 13 04 50
41.925 244 0.12
41.93 22 -4.96
41.93 23 -0.68
41.93 25 0.00
41.93 30 0.00
41.93 B1 5761.10 5615.50 
41.93 B3 5782.51 5631.61 
41.93 120 13 04 50
41.93 244 0.12
41.935 22 -4.90
41.935 23 -0.70
41.935 25 0.00
41.935 30 0.00
41.935 B1 5755.60 5614.23 
41.935 B3 5776.76 5630.20 
41.935 120 13 04 50
41.935 244 0.12
41.94 22 -4.84
41.94 23 -0.71
41.94 25 0.00
41.94 30 0.00
41.94 B1 5750.70 5613.45 
41.94 B3 5771.56 5629.23 
41.94 120 13 04 50
41.94 244 0.12
41.945 22 -4.78
41.945 23 -0.72
41.945 25 0.00
41.945 30 0.00
41.945 B1 5746.23 5612.98 
41.945 B3 5766.78 5628.55 
41.945 120 13 04 50
41.945 244 0.12
41.95 22 -4.72
41.95 23 -0.73
41.95 25 0.00
41.95 30 0.00
41.95 B1 5742.08 5612.69 
41.95 B3 5762.33 5628.09 
41.95 120 13 04 50
41.95 244 0.12
41.955 22 -4.65
41.955 23 -0.73
41.955 25 0.00
41.955 30 0.00
41.955 B1 5738.16 5612.52 
41.955 B3 5758.13 5627.76 
41.955 120 13 04 50
41.955 244 0.11
41.96 22 -4.59
41.96 23 -0.73
41.96 25 0.00
41.96 30 0.00
41.96 B1 5733.09 5611.09 
41.96 B3 5752.94 5626.33 
41.96 120 13 04 50
41.96 244 0.12
41.965 22 -4.53
41.965 23 -0.74
41.965 25 0.00
41.965 30 0.00
41.965 B1 5729.89 5611.44 
41.965 B3 5749.41 5626.47 
41.965 120 13 04 50
41.965 244 0.12
41.97 22 -4.46
41.97 23 -0.74
41.97 25 0.00
41.97 30 0.00
41.97 B1 5726.67 5611.65 
41.97 B3 5745.95 5626.55 
41.97 120 13 04 50
41.97 244 0.12
41.975 22 -4.40
41.975 23 -0.74
41.975 25 0.00
41.975 30 0.00
41.975 B1 5723.46 5611.76 
41.975 B3 5742.54 5626.58 
41.975 120 13 04 50
41.975 244 0.12
41.98 22 -4.34
41.98 23 -0.74
41.98 25 0.00
41.98 30 0.00
41.98 B1 5720.26 5611.78 
41.98 B3 5739.19 5626.56 
41.98 120 13 04 50
41.98 244 0.12
41.985 22 -4.27
41.985 23 -0.74
41.985 25 0.00
41.985 30 0.00
41.985 B1 5717.09 5611.74 
41.985 B3 5735.90 5626.51 
41.985 120 13 04 50
41.985 244 0.12
41.99 22 -4.21
41.99 23 -0.74
41.99 25 0.00
41.99 30 0.00
41.99 B1 5713.96 5611.64 
41.99 B3 5732.65 5626.41 
41.99 120 13 04 50
41.99 244 0.12
41.995 22 -4.15
41.995 23 -0.74
41.995 25 0.00
41.995 30 0.00
41.995 B1 5710.87 5611.50 
41.995 B3 5729.47 5626.28 
41.995 120 13 04 50
41.995 244 0.12
42 22 -4.08
42 23 -0.74
42 25 0.00
42 30 0.00
42 B1 5707.81 5611.32 
42 B3 5726.33 5626.11 
42 120 13 04 50
42 244 0.12
42.005 22 -4.02
42.005 23 -0.74
42.005 25 0.00
42.005 30 0.00
42.005 B1 5706.13 5612.42 
42.005 B3 5724.45 5627.10 
42.005 120 13 04 50
42.005 244 0.12
42.01 22 -3.96
42.01 23 -0.73
42.01 25 0.00
42.01 30 0.00
42.01 B1 5704.08 5613.05 
42.01 B3 5722.31 5627.75 
42.01 120 13 04 50
42.01 244 0.12
42.015 22 -3.90
42.015 23 -0.72
42.015 25 0.00
42.015 30 0.00
42.015 B1 5701.78 5613.36 
42.015 B3 5719.99 5628.13 
42.015 120 13 04 50
42.015 244 0.12
42.02 22 -3.84
42.02 23 -0.72
42.02 25 0.00
42.02 30 0.00
42.02 B1 5699.34 5613.46 
42.02 B3 5717.56 5628.32 
42.02 120 13 04 50
42.02 244 0.12
42.025 22 -3.77
42.025 23 -0.72
42.025 25 0.00
42.025 30 0.00
42.025 B1 5696.82 5613.39 
42.025 B3 5715.05 5628.36 
42.025 120 13 04 50
42.025 244 0.12
42.03 22 -3.71
42.03 23 -0.71
42.03 25 0.00
42.03 30 0.00
42.03 B1 5694.26 5613.22 
42.03 B3 5712.49 5628.29 
42.03 120 13 04 50
42.03 244 0.13
42.035 22 -3.65
42.035 23 -0.71
42.035 25 0.00
42.035 30 0.00
42.035 B1 5693.00 5614.29 
42.035 B3 5711.12 5629.31 
42.035 120 13 04 50
42.035 244 0.13
42.04 22 -3.59
42.04 23 -0.70
42.04 25 0.00
42.04 30 0.00
42.04 B1 5691.32 5614.86 
42.04 B3 5709.42 5629.95 
42.04 120 13 04 50
42.04 244 0.12
42.045 22 -3.53
42.045 23 -0.70
42.045 25 0.00
42.045 30 0.00
42.045 B1 5688.05 5613.77 
42.045 B3 5706.32 5629.11 
42.045 120 13 04 50
42.045 244 0.12
42.05 22 -3.48
42.05 23 -0.70
42.05 25 0.00
42.05 30 0.00
42.05 B1 5685.03 5612.88 
42.05 B3 5703.37 5628.36 
42.05 120 13 04 50
42.05 244 0.12
42.055 22 -3.42
42.055 23 -0.70
42.055 25 0.00
42.055 30 0.00
42.055 B1 5682.20 5612.12 
42.055 B3 5700.54 5627.68 
42.055 120 13 04 50
42.055 244 0.12
42.06 22 -3.36
42.06 23 -0.70
42.06 25 0.00
42.06 30 0.00
42.06 B1 5679.49 5611.44 
42.06 B3 5697.82 5627.04 
42.06 120 13 04 50
42.06 244 0.12
42.065 22 -3.30
42.065 23 -0.70
42.065 25 0.00
42.065 30 0.00
42.065 B1 5676.89 5610.79 
42.065 B3 5695.17 5626.43 
42.065 120 13 04 50
42.065 244 0.12
42.07 22 -3.25
42.07 23 -0.71
42.07 25 -0.61
42.07 30 0.00
42.07 B1 5674.36 5610.17 
42.07 B3 5692.59 5625.82 
42.07 120 13 04 50
42.07 244 0.12
42.075 22 -3.68
42.075 23 -0.72
42.075 25 -0.61
42.075 30 0.00
42.075 B1 5671.11 5608.74 
42.075 B3 5690.08 5625.22 
42.075 120 13 04 50
42.075 244 0.12
42.08 22 -3.61
42.08 23 -0.72
42.08 25 -0.61
42.08 30 0.00
42.08 B1 5668.36 5607.39 
42.08 B3 5687.76 5624.44 
42.08 120 13 04 50
42.08 244 0.12
42.085 22 -3.55
42.085 23 -0.72
42.085 25 -0.89
42.085 30 0.00
42.085 B1 5665.95 5606.08 
42.085 B3 5685.60 5623.54 
42.085 120 13 04 50
42.085 244 0.12
42.09 22 -3.70
42.09 23 -0.73
42.09 25 -2.64
42.09 30 0.00
42.09 B1 5663.39 5604.39 
42.09 B3 5683.55 5622.54 
42.09 120 13 04 50
42.09 244 0.13
42.095 22 -5.08
42.095 23 -0.82
42.095 25 -2.64
42.095 30 0.00
42.095 B1 5659.02 5600.53 
42.095 B3 5682.84 5622.59 
42.095 120 13 04 50
42.095 244 0.13
42.1 22 -4.98
42.1 23 -0.82
42.1 25 -3.72
42.1 30 0.00
42.1 B1 5656.23 5596.91 
42.1 B3 5682.37 5621.69 
42.1 120 13 04 50
42.1 244 0.13
42.105 22 -5.76
42.105 23 -0.91
42.105 25 -5.75
42.105 30 0.00
42.105 B1 5651.61 5590.53 
42.105 B3 5682.04 5620.11 
42.105 120 13 04 50
42.105 244 0.13
42.11 22 -7.19
42.11 23 -1.13
42.11 25 -6.83
42.11 30 0.00
42.11 B1 5643.27 5579.04 
42.11 B3 5683.25 5618.91 
42.11 120 13 04 50
42.11 244 0.13
42.115 22 -7.76
42.115 23 -1.29
42.115 25 -8.05
42.115 30 0.00
42.115 B1 5634.28 5564.87 
42.115 B3 5684.76 5616.17 
42.115 120 13 04 50
42.115 244 0.13
42.12 22 -8.30
42.12 23 -1.46
42.12 25 -8.05
42.12 30 0.00
42.12 B1 5625.24 5548.76 
42.12 B3 5687.80 5613.21 
42.12 120 13 04 50
42.12 244 0.13
42.125 22 -8.19
42.125 23 -1.49
42.125 25 -9.13
42.125 30 0.00
42.125 B1 5621.02 5535.98 
42.125 B3 5690.90 5608.61 
42.125 120 13 04 50
42.125 244 0.13
42.13 22 -8.57
42.13 23 -1.63
42.13 25 -10.35
42.13 30 0.00
42.13 B1 5614.28 5519.50 
42.13 B3 5693.97 5602.83 
42.13 120 13 04 50
42.13 244 0.13
42.135 22 -8.87
42.135 23 -1.80
42.135 25 -10.35
42.135 30 0.00
42.135 B1 5604.70 5499.07 
42.135 B3 5697.10 5595.96 
42.135 120 13 04 50
42.135 244 0.13
42.14 22 -8.80
42.14 23 -1.83
42.14 25 -10.35
42.14 30 0.00
42.14 B1 5600.42 5483.33 
42.14 B3 5700.27 5588.10 
42.14 120 13 04 50
42.14 244 0.13
42.145 22 -8.74
42.145 23 -1.85
42.145 25 -10.89
42.145 30 0.00
42.145 B1 5599.61 5470.66 
42.145 B3 5703.44 5579.53 
42.145 120 13 04 50
42.145 244 0.14
42.15 22 -8.83
42.15 23 -1.92
42.15 25 -11.02
42.15 30 0.00
42.15 B1 5599.18 5457.94 
42.15 B3 5707.77 5571.64 
42.15 120 13 04 50
42.15 244 0.14
42.155 22 -8.82
42.155 23 -1.94
42.155 25 -11.02
42.155 30 0.00
42.155 B1 5600.12 5446.37 
42.155 B3 5711.76 5563.00 
42.155 120 13 04 50
42.155 244 0.14
42.16 22 -8.78
42.16 23 -1.95
42.16 25 -11.02
42.16 30 0.00
42.16 B1 5602.73 5436.38 
42.16 B3 5715.48 5553.81 
42.16 120 13 04 50
42.16 244 0.14
42.165 22 -8.74
42.165 23 -1.94
42.165 25 -11.16
42.165 30 0.00
42.165 B1 5606.40 5427.41 
42.165 B3 5718.98 5544.24 
42.165 120 13 04 50
42.165 244 0.14
42.17 22 -8.74
42.17 23 -1.95
42.17 25 -11.02
42.17 30 0.00
42.17 B1 5609.94 5418.29 
42.17 B3 5722.28 5534.42 
42.17 120 13 04 50
42.17 244 0.14
42.175 22 -8.66
42.175 23 -1.93
42.175 25 -11.16
42.175 30 0.00
42.175 B1 5614.90 5410.68 
42.175 B3 5725.43 5524.45 
42.175 120 13 04 50
42.175 244 0.14
42.18 22 -8.68
42.18 23 -1.93
42.18 25 -11.16
42.18 30 0.00
42.18 B1 5619.22 5402.46 
42.18 B3 5728.43 5514.41 
42.18 120 13 04 50
42.18 244 0.14
42.185 22 -8.64
42.185 23 -1.92
42.185 25 -11.16
42.185 30 0.00
42.185 B1 5623.81 5394.65 
42.185 B3 5731.31 5504.35 
42.185 120 13 04 50
42.185 244 0.14
42.19 22 -8.62
42.19 23 -1.91
42.19 25 -11.16
42.19 30 0.00
42.19 B1 5628.52 5387.09 
42.19 B3 5734.08 5494.30 
42.19 120 13 04 50
42.19 244 0.14
42.195 22 -8.59
42.195 23 -1.90
42.195 25 -11.16
42.195 30 0.00
42.195 B1 5633.25 5379.71 
42.195 B3 5736.73 5484.32 
42.195 120 13 04 50
42.195 244 0.14
42.2 22 -8.56
42.2 23 -1.89
42.2 25 -11.16
42.2 30 0.00
42.2 B1 5637.92 5372.45 
42.2 B3 5739.28 5474.42 
42.2 120 13 04 50
42.2 244 0.14
42.205 22 -8.54
42.205 23 -1.88
42.205 25 -11.02
42.205 30 0.00
42.205 B1 5642.49 5365.29 
42.205 B3 5741.73 5464.62 
42.205 120 13 04 50
42.205 244 0.14
42.21 22 -8.46
42.21 23 -1.84
42.21 25 -11.02
42.21 30 0.00
42.21 B1 5647.62 5358.92 
42.21 B3 5744.08 5454.94 
42.21 120 13 04 50
42.21 244 0.14
42.215 22 -8.45
42.215 23 -1.83
42.215 25 -11.02
42.215 30 0.00
42.215 B1 5652.33 5352.37 
42.215 B3 5746.32 5445.43 
42.215 120 13 04 50
42.215 244 0.14
42.22 22 -8.43
42.22 23 -1.82
42.22 25 -11.16
42.22 30 0.00
42.22 B1 5656.71 5345.72 
42.22 B3 5748.45 5436.08 
42.22 120 13 04 50
42.22 244 0.14
42.225 22 -8.49
42.225 23 -1.82
42.225 25 -11.16
42.225 30 0.00
42.225 B1 5660.11 5338.31 
42.225 B3 5750.48 5426.90 
42.225 120 13 04 50
42.225 244 0.13
42.23 22 -8.49
42.23 23 -1.81
42.23 25 -11.02
42.23 30 0.00
42.23 B1 5662.17 5329.79 
42.23 B3 5751.22 5416.65 
42.23 120 13 04 50
42.23 244 0.13
42.235 22 -8.41
42.235 23 -1.79
42.235 25 -11.02
42.235 30 0.00
42.235 B1 5665.22 5322.58 
42.235 B3 5752.17 5406.88 
42.235 120 13 04 50
42.235 244 0.14
42.24 22 -8.41
42.24 23 -1.78
42.24 25 -11.02
42.24 30 0.00
42.24 B1 5669.51 5316.88 
42.24 B3 5754.42 5398.72 
42.24 120 13 04 50
42.24 244 0.14
42.245 22 -8.42
42.245 23 -1.77
42.245 25 -11.02
42.245 30 0.00
42.245 B1 5673.27 5310.84 
42.245 B3 5756.42 5390.55 
42.245 120 13 04 50
42.245 244 0.14
42.25 22 -8.42
42.25 23 -1.76
42.25 25 -11.02
42.25 30 0.00
42.25 B1 5676.60 5304.61 
42.25 B3 5758.23 5382.43 
42.25 120 13 04 50
42.25 244 0.14
42.255 22 -8.43
42.255 23 -1.74
42.255 25 -11.02
42.255 30 0.00
42.255 B1 5679.60 5298.27 
42.255 B3 5759.85 5374.38 
42.255 120 13 04 50
42.255 244 0.14
42.26 22 -8.45
42.26 23 -1.73
42.26 25 -11.02
42.26 30 0.00
42.26 B1 5682.29 5291.88 
42.26 B3 5761.32 5366.42 
42.26 120 13 04 50
42.26 244 0.14
42.265 22 -8.47
42.265 23 -1.72
42.265 25 -11.02
42.265 30 0.00
42.265 B1 5684.72 5285.48 
42.265 B3 5762.64 5358.57 
42.265 120 13 04 50
42.265 244 0.14
42.27 22 -8.49
42.27 23 -1.72
42.27 25 -11.02
42.27 30 0.00
42.27 B1 5686.92 5279.08 
42.27 B3 5763.83 5350.83 
42.27 120 13 04 50
42.27 244 0.14
42.275 22 -8.51
42.275 23 -1.71
42.275 25 -11.02
42.275 30 0.00
42.275 B1 5688.91 5272.71 
42.275 B3 5764.89 5343.21 
42.275 120 13 04 50
42.275 244 0.14
42.28 22 -8.53
42.28 23 -1.70
42.28 25 -11.02
42.28 30 0.00
42.28 B1 5690.70 5266.36 
42.28 B3 5765.84 5335.71 
42.28 120 13 04 50
42.28 244 0.14
42.285 22 -8.56
42.285 23 -1.69
42.285 25 -11.02
42.285 30 0.00
42.285 B1 5693.61 5261.37 
42.285 B3 5767.87 5329.53 
42.285 120 13 04 50
42.285 244 0.14
42.29 22 -8.59
42.29 23 -1.68
42.29 25 -11.02
42.29 30 0.00
42.29 B1 5695.93 5255.95 
42.29 B3 5769.49 5323.12 
42.29 120 13 04 50
42.29 244 0.14
42.295 22 -8.62
42.295 23 -1.67
42.295 25 -11.02
42.295 30 0.00
42.295 B1 5696.47 5248.95 
42.295 B3 5769.58 5315.38 
42.295 120 13 04 50
42.295 244 0.14
42.3 22 -8.66
42.3 23 -1.66
42.3 25 -11.02
42.3 30 0.00
42.3 B1 5698.39 5243.59 
42.3 B3 5770.91 5309.14 
42.3 120 13 04 50
42.3 244 0.14
42.305 22 -8.70
42.305 23 -1.65
42.305 25 -11.02
42.305 30 0.00
42.305 B1 5699.88 5237.98 
42.305 B3 5771.93 5302.78 
42.305 120 13 04 50
42.305 244 0.15
42.31 22 -8.73
42.31 23 -1.65
42.31 25 -11.02
42.31 30 0.00
42.31 B1 5702.36 5233.55 
42.31 B3 5773.90 5297.56 
42.31 120 13 04 50
42.31 244 0.15
42.315 22 -8.78
42.315 23 -1.63
42.315 25 -11.02
42.315 30 0.00
42.315 B1 5704.15 5228.57 
42.315 B3 5775.36 5292.00 
42.315 120 13 04 50
42.315 244 0.15
42.32 22 -8.82
42.32 23 -1.62
42.32 25 -11.02
42.32 30 0.00
42.32 B1 5706.74 5224.57 
42.32 B3 5777.62 5287.41 
42.32 120 13 04 50
42.32 244 0.15
42.325 22 -8.86
42.325 23 -1.60
42.325 25 -11.02
42.325 30 0.00
42.325 B1 5709.85 5221.23 
42.325 B3 5780.46 5283.55 
42.325 120 13 04 50
42.325 244 0.15
42.33 22 -8.91
42.33 23 -1.58
42.33 25 -11.02
42.33 30 0.00
42.33 B1 5711.96 5217.00 
42.33 B3 5782.52 5279.03 
42.33 120 13 04 50
42.33 244 0.15
42.335 22 -8.96
42.335 23 -1.56
42.335 25 -11.02
42.335 30 0.00
42.335 B1 5712.03 5210.91 
42.335 B3 5782.79 5272.88 
42.335 120 13 04 50
42.335 244 0.15
42.34 22 -9.01
42.34 23 -1.56
42.34 25 -10.89
42.34 30 0.00
42.34 B1 5711.99 5204.97 
42.34 B3 5782.89 5266.80 
42.34 120 13 04 50
42.34 244 0.15
42.345 22 -8.97
42.345 23 -1.54
42.345 25 -10.89
42.345 30 0.00
42.345 B1 5713.74 5201.05 
42.345 B3 5784.03 5261.99 
42.345 120 13 04 50
42.345 244 0.15
42.35 22 -9.02
42.35 23 -1.52
42.35 25 -10.75
42.35 30 0.00
42.35 B1 5714.73 5196.55 
42.35 B3 5784.74 5256.95 
42.35 120 13 04 50
42.35 244 0.15
42.355 22 -8.99
42.355 23 -1.49
42.355 25 -10.75
42.355 30 0.00
42.355 B1 5715.77 5192.29 
42.355 B3 5785.09 5251.77 
42.355 120 13 04 50
42.355 244 0.16
42.36 22 -9.04
42.36 23 -1.48
42.36 25 -10.75
42.36 30 0.00
42.36 B1 5717.50 5188.96 
42.36 B3 5786.34 5247.74 
42.36 120 13 04 50
42.36 244 0.16
42.365 22 -9.10
42.365 23 -1.47
42.365 25 -10.48
42.365 30 0.00
42.365 B1 5718.35 5184.92 
42.365 B3 5787.05 5243.36 
42.365 120 13 04 50
42.365 244 0.16
42.37 22 -8.98
42.37 23 -1.41
42.37 25 -10.48
42.37 30 0.00
42.37 B1 5719.73 5181.59 
42.37 B3 5787.34 5238.75 
42.37 120 13 04 50
42.37 244 0.16
42.375 22 -9.04
42.375 23 -1.40
42.375 25 -10.35
42.375 30 0.00
42.375 B1 5720.22 5177.66 
42.375 B3 5787.27 5234.09 
42.375 120 13 04 50
42.375 244 0.16
42.38 22 -9.01
42.38 23 -1.37
42.38 25 -10.21
42.38 30 0.00
42.38 B1 5720.65 5173.91 
42.38 B3 5786.92 5229.40 
42.38 120 13 04 50
42.38 244 0.16
42.385 22 -8.98
42.385 23 -1.34
42.385 25 -10.08
42.385 30 0.00
42.385 B1 5720.96 5170.33 
42.385 B3 5786.32 5224.77 
42.385 120 13 04 50
42.385 244 0.16
42.39 22 -8.95
42.39 23 -1.32
42.39 25 -9.81
42.39 30 0.00
42.39 B1 5721.12 5166.88 
42.39 B3 5785.50 5220.22 
42.39 120 13 04 50
42.39 244 0.16
42.395 22 -8.83
42.395 23 -1.26
42.395 25 -9.81
42.395 30 0.00
42.395 B1 5721.66 5164.11 
42.395 B3 5784.50 5215.79 
42.395 120 13 04 50
42.395 244 0.16
42.4 22 -8.90
42.4 23 -1.26
42.4 25 -9.67
42.4 30 0.00
42.4 B1 5721.28 5160.77 
42.4 B3 5783.29 5211.56 
42.4 120 13 04 50
42.4 244 0.16
42.405 22 -8.87
42.405 23 -1.23
42.405 25 -9.27
42.405 30 0.00
42.405 B1 5720.79 5157.61 
42.405 B3 5781.93 5207.46 
42.405 120 13 04 50
42.405 244 0.16
42.41 22 -8.65
42.41 23 -1.16
42.41 25 -9.27
42.41 30 0.00
42.41 B1 5722.50 5156.92 
42.41 B3 5781.62 5204.72 
42.41 120 13 04 50
42.41 244 0.16
42.415 22 -8.73
42.415 23 -1.15
42.415 25 -9.27
42.415 30 0.00
42.415 B1 5722.73 5155.10 
42.415 B3 5780.83 5201.87 
42.415 120 13 04 50
42.415 244 0.16
42.42 22 -8.80
42.42 23 -1.14
42.42 25 -9.27
42.42 30 0.00
42.42 B1 5721.96 5152.57 
42.42 B3 5779.67 5198.96 
42.42 120 13 04 50
42.42 244 0.16
42.425 22 -8.88
42.425 23 -1.14
42.425 25 -9.27
42.425 30 0.00
42.425 B1 5720.51 5149.60 
42.425 B3 5778.23 5196.00 
42.425 120 13 04 50
42.425 244 0.16
42.43 22 -8.95
42.43 23 -1.14
42.43 25 -9.27
42.43 30 0.00
42.43 B1 5718.57 5146.35 
42.43 B3 5776.58 5193.01 
42.43 120 13 04 50
42.43 244 0.16
42.435 22 -9.02
42.435 23 -1.14
42.435 25 -9.27
42.435 30 0.00
42.435 B1 5716.31 5142.92 
42.435 B3 5774.77 5190.00 
42.435 120 13 04 50
42.435 244 0.16
42.44 22 -9.08
42.44 23 -1.14
42.44 25 -9.40
42.44 30 0.00
42.44 B1 5713.82 5139.38 
42.44 B3 5772.82 5186.96 
42.44 120 13 04 50
42.44 244 0.17
42.445 22 -9.25
42.445 23 -1.17
42.445 25 -9.27
42.445 30 0.00
42.445 B1 5711.96 5136.57 
42.445 B3 5771.96 5185.10 
42.445 120 13 04 50
42.445 244 0.17
42.45 22 -9.21
42.45 23 -1.14
42.45 25 -9.27
42.45 30 0.00
42.45 B1 5710.29 5133.92 
42.45 B3 5770.73 5182.82 
42.45 120 13 04 50
42.45 244 0.16
42.455 22 -9.27
42.455 23 -1.13
42.455 25 -9.27
42.455 30 0.00
42.455 B1 5706.87 5129.57 
42.455 B3 5768.00 5179.10 
42.455 120 13 04 50
42.455 244 0.16
42.46 22 -9.33
42.46 23 -1.14
42.46 25 -9.27
42.46 30 0.00
42.46 B1 5703.57 5125.46 
42.46 B3 5765.35 5175.56 
42.46 120 13 04 50
42.46 244 0.16
42.465 22 -9.39
42.465 23 -1.15
42.465 25 -9.27
42.465 30 0.00
42.465 B1 5700.34 5121.51 
42.465 B3 5762.73 5172.15 
42.465 120 13 04 50
42.465 244 0.16
42.47 22 -9.45
42.47 23 -1.15
42.47 25 -9.13
42.47 30 0.00
42.47 B1 5697.15 5117.66 
42.47 B3 5760.14 5168.82 
42.47 120 13 04 50
42.47 244 0.17
42.475 22 -9.41
42.475 23 -1.13
42.475 25 -9.13
42.475 30 0.00
42.475 B1 5695.83 5115.72 
42.475 B3 5758.75 5166.73 
42.475 120 13 04 50
42.475 244 0.16
42.48 22 -9.46
42.48 23 -1.13
42.48 25 -9.13
42.48 30 0.00
42.48 B1 5692.57 5111.86 
42.48 B3 5755.83 5163.18 
42.48 120 13 04 50
42.48 244 0.16
42.485 22 -9.52
42.485 23 -1.13
42.485 25 -9.13
42.485 30 0.00
42.485 B1 5689.32 5108.12 
42.485 B3 5752.98 5159.79 
42.485 120 13 04 50
42.485 244 0.16
42.49 22 -9.57
42.49 23 -1.14
42.49 25 -9.13
42.49 30 0.00
42.49 B1 5686.06 5104.45 
42.49 B3 5750.16 5156.50 
42.49 120 13 04 50
42.49 244 0.16
42.495 22 -9.62
42.495 23 -1.14
42.495 25 -9.00
42.495 30 0.00
42.495 B1 5682.80 5100.82 
42.495 B3 5747.35 5153.29 
42.495 120 13 04 50
42.495 244 0.17
42.5 22 -9.58
42.5 23 -1.12
42.5 25 -9.13
42.5 30 0.00
42.5 B1 5681.37 5099.07 
42.5 B3 5745.75 5151.32 
42.5 120 13 04 50
42.5 244 0.16
42.505 22 -9.73
42.505 23 -1.14
42.505 25 -9.13
42.505 30 0.00
42.505 B1 5677.45 5094.84 
42.505 B3 5742.62 5147.88 
42.505 120 13 04 50
42.505 244 0.16
42.51 22 -9.77
42.51 23 -1.14
42.51 25 -9.13
42.51 30 0.00
42.51 B1 5673.73 5090.87 
42.51 B3 5739.58 5144.54 
42.51 120 13 04 50
42.51 244 0.16
42.515 22 -9.82
42.515 23 -1.15
42.515 25 -9.13
42.515 30 0.00
42.515 B1 5670.14 5087.06 
42.515 B3 5736.59 5141.28 
42.515 120 13 04 50
42.515 244 0.16
42.52 22 -9.86
42.52 23 -1.15
42.52 25 -9.13
42.52 30 0.00
42.52 B1 5666.63 5083.35 
42.52 B3 5733.62 5138.06 
42.52 120 13 04 50
42.52 244 0.16
42.525 22 -9.90
42.525 23 -1.15
42.525 25 -9.13
42.525 30 0.00
42.525 B1 5663.18 5079.70 
42.525 B3 5730.68 5134.88 
42.525 120 13 04 50
42.525 244 0.16
42.53 22 -9.95
42.53 23 -1.16
42.53 25 -9.13
42.53 30 0.00
42.53 B1 5659.76 5076.10 
42.53 B3 5727.74 5131.71 
42.53 120 13 04 50
42.53 244 0.17
42.535 22 -9.99
42.535 23 -1.16
42.535 25 -9.00
42.535 30 0.00
42.535 B1 5657.67 5073.84 
42.535 B3 5725.99 5129.74 
42.535 120 13 04 50
42.535 244 0.17
42.54 22 -9.93
42.54 23 -1.13
42.54 25 -9.13
42.54 30 0.00
42.54 B1 5655.73 5071.67 
42.54 B3 5723.93 5127.42 
42.54 120 13 04 50
42.54 244 0.16
42.545 22 -10.07
42.545 23 -1.15
42.545 25 -9.00
42.545 30 0.00
42.545 B1 5651.42 5067.16 
42.545 B3 5720.42 5123.70 
42.545 120 13 04 50
42.545 244 0.17
42.55 22 -10.01
42.55 23 -1.13
42.55 25 -9.00
42.55 30 0.00
42.55 B1 5649.29 5064.91 
42.55 B3 5718.24 5121.35 
42.55 120 13 04 50
42.55 244 0.17
42.555 22 -10.05
42.555 23 -1.13
42.555 25 -9.13
42.555 30 0.00
42.555 B1 5646.73 5062.24 
42.555 B3 5715.82 5118.81 
42.555 120 13 04 50
42.555 244 0.16
42.56 22 -10.18
42.56 23 -1.15
42.56 25 -9.13
42.56 30 0.00
42.56 B1 5641.99 5057.41 
42.56 B3 5712.04 5114.93 
42.56 120 13 04 50
42.56 244 0.16
42.565 22 -10.21
42.565 23 -1.16
42.565 25 -9.13
42.565 30 0.00
42.565 B1 5636.37 5051.77 
42.565 B3 5707.25 5110.07 
42.565 120 13 04 50
42.565 244 0.16
42.57 22 -10.24
42.57 23 -1.17
42.57 25 -9.13
42.57 30 0.00
42.57 B1 5632.79 5048.26 
42.57 B3 5704.10 5106.92 
42.57 120 13 04 50
42.57 244 0.16
42.575 22 -10.27
42.575 23 -1.17
42.575 25 -9.13
42.575 30 0.00
42.575 B1 5627.94 5043.43 
42.575 B3 5699.77 5102.55 
42.575 120 13 04 50
42.575 244 0.16
42.58 22 -10.30
42.58 23 -1.18
42.58 25 -9.13
42.58 30 0.00
42.58 B1 5623.55 5039.09 
42.58 B3 5695.74 5098.53 
42.58 120 13 04 50
42.58 244 0.16
42.585 22 -10.33
42.585 23 -1.19
42.585 25 -9.13
42.585 30 0.00
42.585 B1 5619.45 5035.07 
42.585 B3 5691.93 5094.75 
42.585 120 13 04 50
42.585 244 0.16
42.59 22 -10.36
42.59 23 -1.19
42.59 25 -9.13
42.59 30 0.00
42.59 B1 5615.56 5031.24 
42.59 B3 5688.28 5091.13 
42.59 120 13 04 50
42.59 244 0.16
42.595 22 -10.38
42.595 23 -1.20
42.595 25 -8.86
42.595 30 0.00
42.595 B1 5611.81 5027.53 
42.595 B3 5684.75 5087.62 
42.595 120 13 04 50
42.595 244 0.16
42.6 22 -10.23
42.6 23 -1.16
42.6 25 -8.73
42.6 30 0.00
42.6 B1 5609.25 5025.05 
42.6 B3 5681.28 5084.18 
42.6 120 13 04 50
42.6 244 0.16
42.605 22 -10.17
42.605 23 -1.14
42.605 25 -8.19
42.605 30 0.00
42.605 B1 5606.87 5022.82 
42.605 B3 5677.84 5080.89 
42.605 120 13 04 50
42.605 244 0.16
42.61 22 -9.82
42.61 23 -1.05
42.61 25 -8.19
42.61 30 0.00
42.61 B1 5606.12 5022.40 
42.61 B3 5674.38 5077.74 
42.61 120 13 04 50
42.61 244 0.16
42.615 22 -9.86
42.615 23 -1.05
42.615 25 -7.38
42.615 30 0.00
42.615 B1 5604.23 5021.12 
42.615 B3 5670.83 5074.89 
42.615 120 13 04 50
42.615 244 0.16
42.62 22 -9.29
42.62 23 -0.92
42.62 25 -6.57
42.62 30 0.00
42.62 B1 5604.46 5022.25 
42.62 B3 5667.22 5072.23 
42.62 120 13 04 50
42.62 244 0.16
42.625 22 -8.72
42.625 23 -0.81
42.625 25 -6.16
42.625 30 0.00
42.625 B1 5605.56 5024.82 
42.625 B3 5663.43 5070.00 
42.625 120 13 04 50
42.625 244 0.16
42.63 22 -8.46
42.63 23 -0.75
42.63 25 -2.25
42.63 30 0.00
42.63 B1 5605.66 5027.18 
42.63 B3 5659.36 5068.37 
42.63 120 13 04 50
42.63 244 0.16
42.635 22 -5.44
42.635 23 -0.44
42.635 25 -2.25
42.635 30 0.00
42.635 B1 5610.48 5035.06 
42.635 B3 5655.03 5067.28 
42.635 120 13 04 50
42.635 244 0.16
42.64 22 -5.58
42.64 23 -0.41
42.64 25 -2.25
42.64 30 0.00
42.64 B1 5610.93 5041.40 
42.64 B3 5649.65 5067.90 
42.64 120 13 04 50
42.64 244 0.16
42.645 22 -5.71
42.645 23 -0.40
42.645 25 -2.25
42.645 30 0.00
42.645 B1 5608.46 5046.74 
42.645 B3 5643.56 5069.64 
42.645 120 13 04 50
42.645 244 0.16
42.65 22 -5.84
42.65 23 -0.39
42.65 25 -0.64
42.65 30 0.00
42.65 B1 5604.05 5051.39 
42.65 B3 5636.98 5072.12 
42.65 120 13 04 50
42.65 244 0.16
42.655 22 -4.81
42.655 23 -0.35
42.655 25 -0.51
42.655 30 0.00
42.655 B1 5599.33 5056.45 
42.655 B3 5630.10 5075.06 
42.655 120 13 04 50
42.655 244 0.15
42.66 22 -4.84
42.66 23 -0.35
42.66 25 -0.51
42.66 30 0.00
42.66 B1 5591.91 5060.21 
42.66 B3 5621.48 5077.51 
42.66 120 13 04 50
42.66 244 0.15
42.665 22 -4.96
42.665 23 -0.35
42.665 25 0.00
42.665 30 0.00
42.665 B1 5584.00 5064.43 
42.665 B3 5612.79 5080.80 
42.665 120 13 04 50
42.665 244 0.16
42.67 22 -4.73
42.67 23 -0.35
42.67 25 0.00
42.67 30 0.00
42.67 B1 5577.25 5070.30 
42.67 B3 5605.30 5085.80 
42.67 120 13 04 50
42.67 244 0.16
42.675 22 -4.83
42.675 23 -0.35
42.675 25 0.00
42.675 30 0.00
42.675 B1 5569.82 5075.92 
42.675 B3 5597.44 5090.89 
42.675 120 13 04 50
42.675 244 0.15
42.68 22 -4.92
42.68 23 -0.34
42.68 25 0.00
42.68 30 0.00
42.68 B1 5560.68 5080.01 
42.68 B3 5588.15 5094.79 
42.68 120 13 04 50
42.68 244 0.15
42.685 22 -5.01
42.685 23 -0.35
42.685 25 0.00
42.685 30 0.00
42.685 B1 5551.78 5084.39 
42.685 B3 5579.07 5098.99 
42.685 120 13 04 50
42.685 244 0.15
42.69 22 -5.09
42.69 23 -0.35
42.69 25 0.00
42.69 30 0.00
42.69 B1 5543.09 5088.89 
42.69 B3 5570.19 5103.36 
42.69 120 13 04 50
42.69 244 0.16
42.695 22 -5.17
42.695 23 -0.35
42.695 25 0.00
42.695 30 0.00
42.695 B1 5535.94 5094.72 
42.695 B3 5562.71 5109.00 
42.695 120 13 04 50
42.695 244 0.16
42.7 22 -5.24
42.7 23 -0.35
42.7 25 0.00
42.7 30 0.00
42.7 B1 5528.54 5100.03 
42.7 B3 5555.11 5114.28 
42.7 120 13 04 50
42.7 244 0.16
42.705 22 -5.30
42.705 23 -0.34
42.705 25 0.00
42.705 30 0.00
42.705 B1 5521.06 5104.96 
42.705 B3 5547.47 5119.27 
42.705 120 13 04 50
42.705 244 0.16
42.71 22 -5.35
42.71 23 -0.34
42.71 25 0.00
42.71 30 0.00
42.71 B1 5513.57 5109.59 
42.71 B3 5539.86 5124.02 
42.71 120 13 04 50
42.71 244 0.16
42.715 22 -5.40
42.715 23 -0.34
42.715 25 0.00
42.715 30 0.00
42.715 B1 5506.16 5113.98 
42.715 B3 5532.32 5128.56 
42.715 120 13 04 50
42.715 244 0.16
42.72 22 -5.45
42.72 23 -0.33
42.72 25 0.00
42.72 30 0.00
42.72 B1 5498.85 5118.18 
42.72 B3 5524.89 5132.90 
42.72 120 13 04 50
42.72 244 0.16
42.725 22 -5.48
42.725 23 -0.33
42.725 25 0.00
42.725 30 0.00
42.725 B1 5491.66 5122.20 
42.725 B3 5517.59 5137.07 
42.725 120 13 04 50
42.725 244 0.16
42.73 22 -5.51
42.73 23 -0.33
42.73 25 0.00
42.73 30 0.00
42.73 B1 5485.94 5127.39 
42.73 B3 5511.62 5142.28 
42.73 120 13 04 50
42.73 244 0.16
42.735 22 -5.54
42.735 23 -0.32
42.735 25 0.00
42.735 30 0.00
42.735 B1 5479.94 5131.96 
42.735 B3 5505.48 5146.98 
42.735 120 13 04 50
42.735 244 0.16
42.74 22 -5.56
42.74 23 -0.32
42.74 25 0.00
42.74 30 0.00
42.74 B1 5472.49 5134.77 
42.74 B3 5498.07 5150.11 
42.74 120 13 04 50
42.74 244 0.16
42.745 22 -5.57
42.745 23 -0.32
42.745 25 0.00
42.745 30 0.00
42.745 B1 5466.77 5139.06 
42.745 B3 5492.17 5154.48 
42.745 120 13 04 50
42.745 244 0.16
42.75 22 -5.58
42.75 23 -0.32
42.75 25 0.00
42.75 30 0.00
42.75 B1 5460.94 5142.94 
42.75 B3 5486.23 5158.49 
42.75 120 13 04 50
42.75 244 0.16
42.755 22 -5.58
42.755 23 -0.32
42.755 25 0.00
42.755 30 0.00
42.755 B1 5455.09 5146.51 
42.755 B3 5480.29 5162.22 
42.755 120 13 04 50
42.755 244 0.16
42.76 22 -5.58
42.76 23 -0.31
42.76 25 0.00
42.76 30 0.00
42.76 B1 5449.28 5149.85 
42.76 B3 5474.41 5165.73 
42.76 120 13 04 50
42.76 244 0.16
42.765 22 -5.57
42.765 23 -0.31
42.765 25 0.00
42.765 30 0.00
42.765 B1 5443.54 5153.01 
42.765 B3 5468.60 5169.04 
42.765 120 13 04 50
42.765 244 0.16
42.77 22 -5.56
42.77 23 -0.31
42.77 25 0.00
42.77 30 0.00
42.77 B1 5437.91 5156.02 
42.77 B3 5462.90 5172.19 
42.77 120 13 04 50
42.77 244 0.16
42.775 22 -5.55
42.775 23 -0.31
42.775 25 0.00
42.775 30 0.00
42.775 B1 5432.39 5158.90 
42.775 B3 5457.30 5175.20 
42.775 120 13 04 50
42.775 244 0.16
42.78 22 -5.53
42.78 23 -0.31
42.78 25 0.00
42.78 30 0.00
42.78 B1 5426.99 5161.66 
42.78 B3 5451.83 5178.08 
42.78 120 13 04 50
42.78 244 0.16
42.785 22 -5.50
42.785 23 -0.31
42.785 25 0.00
42.785 30 0.00
42.785 B1 5421.73 5164.31 
42.785 B3 5446.48 5180.84 
42.785 120 13 04 50
42.785 244 0.16
42.79 22 -5.48
42.79 23 -0.31
42.79 25 0.00
42.79 30 0.00
42.79 B1 5416.59 5166.87 
42.79 B3 5441.25 5183.48 
42.79 120 13 04 50
42.79 244 0.16
42.795 22 -5.44
42.795 23 -0.31
42.795 25 0.00
42.795 30 0.00
42.795 B1 5411.59 5169.33 
42.795 B3 5436.15 5186.03 
42.795 120 13 04 50
42.795 244 0.16
42.8 22 -5.41
42.8 23 -0.31
42.8 25 0.00
42.8 30 0.00
42.8 B1 5406.71 5171.69 
42.8 B3 5431.18 5188.48 
42.8 120 13 04 50
42.8 244 0.16
42.805 22 -5.37
42.805 23 -0.31
42.805 25 0.00
42.805 30 0.00
42.805 B1 5401.95 5173.97 
42.805 B3 5426.33 5190.84 
42.805 120 13 04 50
42.805 244 0.17
42.81 22 -5.33
42.81 23 -0.31
42.81 25 0.00
42.81 30 0.00
42.81 B1 5398.64 5177.49 
42.81 B3 5422.80 5194.30 
42.81 120 13 04 50
42.81 244 0.17
42.815 22 -5.29
42.815 23 -0.30
42.815 25 0.00
42.815 30 0.00
42.815 B1 5395.00 5180.46 
42.815 B3 5419.07 5197.33 
42.815 120 13 04 50
42.815 244 0.17
42.82 22 -5.25
42.82 23 -0.30
42.82 25 0.00
42.82 30 0.00
42.82 B1 5391.18 5183.05 
42.82 B3 5415.22 5200.04 
42.82 120 13 04 50
42.82 244 0.17
42.825 22 -5.20
42.825 23 -0.30
42.825 25 0.00
42.825 30 0.00
42.825 B1 5387.29 5185.38 
42.825 B3 5411.32 5202.51 
42.825 120 13 04 50
42.825 244 0.17
42.83 22 -5.15
42.83 23 -0.29
42.83 25 0.00
42.83 30 0.00
42.83 B1 5383.39 5187.52 
42.83 B3 5407.40 5204.78 
42.83 120 13 04 50
42.83 244 0.17
42.835 22 -5.10
42.835 23 -0.29
42.835 25 0.00
42.835 30 0.00
42.835 B1 5380.83 5190.83 
42.835 B3 5404.71 5208.10 
42.835 120 13 04 50
42.835 244 0.17
42.84 22 -5.05
42.84 23 -0.28
42.84 25 0.00
42.84 30 0.00
42.84 B1 5376.56 5192.23 
42.84 B3 5400.54 5209.74 
42.84 120 13 04 50
42.84 244 0.17
42.845 22 -4.99
42.845 23 -0.28
42.845 25 0.00
42.845 30 0.00
42.845 B1 5373.84 5195.04 
42.845 B3 5397.71 5212.58 
42.845 120 13 04 50
42.845 244 0.17
42.85 22 -4.93
42.85 23 -0.28
42.85 25 0.00
42.85 30 0.00
42.85 B1 5370.84 5197.40 
42.85 B3 5394.69 5215.04 
42.85 120 13 04 50
42.85 244 0.17
42.855 22 -4.88
42.855 23 -0.27
42.855 25 0.00
42.855 30 0.00
42.855 B1 5367.70 5199.46 
42.855 B3 5391.56 5217.24 
42.855 120 13 04 50
42.855 244 0.17
42.86 22 -4.82
42.86 23 -0.27
42.86 25 0.00
42.86 30 0.00
42.86 B1 5364.50 5201.30 
42.86 B3 5388.38 5219.22 
42.86 120 13 04 50
42.86 244 0.17
42.865 22 -4.76
42.865 23 -0.27
42.865 25 0.00
42.865 30 0.00
42.865 B1 5361.29 5203.00 
42.865 B3 5385.17 5221.05 
42.865 120 13 04 50
42.865 244 0.17
42.87 22 -4.70
42.87 23 -0.27
42.87 25 0.00
42.87 30 0.00
42.87 B1 5359.42 5205.89 
42.87 B3 5383.18 5223.93 
42.87 120 13 04 50
42.87 244 0.17
42.875 22 -4.64
42.875 23 -0.26
42.875 25 0.00
42.875 30 0.00
42.875 B1 5357.14 5208.22 
42.875 B3 5380.88 5226.37 
42.875 120 13 04 50
42.875 244 0.17
42.88 22 -4.58
42.88 23 -0.25
42.88 25 0.00
42.88 30 0.00
42.88 B1 5354.63 5210.18 
42.88 B3 5378.40 5228.47 
42.88 120 13 04 50
42.88 244 0.17
42.885 22 -4.51
42.885 23 -0.25
42.885 25 0.00
42.885 30 0.00
42.885 B1 5351.99 5211.88 
42.885 B3 5375.80 5230.33 
42.885 120 13 04 50
42.885 244 0.17
42.89 22 -4.45
42.89 23 -0.24
42.89 25 0.00
42.89 30 0.00
42.89 B1 5347.97 5212.08 
42.89 B3 5371.95 5230.81 
42.89 120 13 04 50
42.89 244 0.17
42.895 22 -4.39
42.895 23 -0.25
42.895 25 0.00
42.895 30 0.00
42.895 B1 5344.40 5212.62 
42.895 B3 5368.40 5231.48 
42.895 120 13 04 50
42.895 244 0.17
42.9 22 -4.32
42.9 23 -0.25
42.9 25 0.00
42.9 30 0.00
42.9 B1 5342.45 5214.68 
42.9 B3 5366.28 5233.48 
42.9 120 13 04 50
42.9 244 0.17
42.905 22 -4.26
42.905 23 -0.25
42.905 25 0.00
42.905 30 0.00
42.905 B1 5340.28 5216.38 
42.905 B3 5364.02 5235.20 
42.905 120 13 04 50
42.905 244 0.17
42.91 22 -4.20
42.91 23 -0.25
42.91 25 0.00
42.91 30 0.00
42.91 B1 5337.98 5217.83 
42.91 B3 5361.68 5236.72 
42.91 120 13 04 50
42.91 244 0.17
42.915 22 -4.13
42.915 23 -0.24
42.915 25 0.00
42.915 30 0.00
42.915 B1 5335.63 5219.11 
42.915 B3 5359.29 5238.08 
42.915 120 13 04 50
42.915 244 0.17
42.92 22 -4.07
42.92 23 -0.24
42.92 25 0.00
42.92 30 0.00
42.92 B1 5333.25 5220.27 
42.92 B3 5356.90 5239.33 
42.92 120 13 04 50
42.92 244 0.17
42.925 22 -4.00
42.925 23 -0.24
42.925 25 0.00
42.925 30 0.00
42.925 B1 5330.89 5221.33 
42.925 B3 5354.51 5240.48 
42.925 120 13 04 50
42.925 244 0.17
42.93 22 -3.94
42.93 23 -0.24
42.93 25 0.00
42.93 30 0.00
42.93 B1 5328.56 5222.33 
42.93 B3 5352.15 5241.55 
42.93 120 13 04 50
42.93 244 0.17
42.935 22 -3.88
42.935 23 -0.24
42.935 25 0.00
42.935 30 0.00
42.935 B1 5326.26 5223.25 
42.935 B3 5349.81 5242.55 
42.935 120 13 04 50
42.935 244 0.17
42.94 22 -3.81
42.94 23 -0.24
42.94 25 0.00
42.94 30 0.00
42.94 B1 5324.01 5224.13 
42.94 B3 5347.52 5243.49 
42.94 120 13 04 50
42.94 244 0.18
42.945 22 -3.75
42.945 23 -0.24
42.945 25 0.00
42.945 30 0.00
42.945 B1 5323.13 5226.28 
42.945 B3 5346.46 5245.57 
42.945 120 13 04 50
42.945 244 0.18
42.95 22 -3.69
42.95 23 -0.23
42.95 25 0.00
42.95 30 0.00
42.95 B1 5321.84 5227.92 
42.95 B3 5345.12 5247.26 
42.95 120 13 04 50
42.95 244 0.18
42.955 22 -3.63
42.955 23 -0.22
42.955 25 0.00
42.955 30 0.00
42.955 B1 5321.62 5230.54 
42.955 B3 5344.78 5249.87 
42.955 120 13 04 50
42.955 244 0.18
42.96 22 -3.57
42.96 23 -0.21
42.96 25 0.00
42.96 30 0.00
42.96 B1 5320.81 5232.46 
42.96 B3 5344.00 5251.92 
42.96 120 13 04 50
42.96 244 0.18
42.965 22 -3.51
42.965 23 -0.20
42.965 25 0.00
42.965 30 0.00
42.965 B1 5319.64 5233.94 
42.965 B3 5342.90 5253.57 
42.965 120 13 04 50
42.965 244 0.18
42.97 22 -3.45
42.97 23 -0.20
42.97 25 0.00
42.97 30 0.00
42.97 B1 5318.24 5235.12 
42.97 B3 5341.60 5254.94 
42.97 120 13 04 50
42.97 244 0.18
42.975 22 -3.39
42.975 23 -0.19
42.975 25 0.00
42.975 30 0.00
42.975 B1 5316.72 5236.09 
42.975 B3 5340.16 5256.10 
42.975 120 13 04 50
42.975 244 0.18
42.98 22 -3.33
42.98 23 -0.19
42.98 25 0.00
42.98 30 0.00
42.98 B1 5315.13 5236.94 
42.98 B3 5338.65 5257.10 
42.98 120 13 04 50
42.98 244 0.18
42.985 22 -3.27
42.985 23 -0.19
42.985 25 0.00
42.985 30 0.00
42.985 B1 5313.52 5237.68 
42.985 B3 5337.08 5257.98 
42.985 120 13 04 50
42.985 244 0.18
42.99 22 -3.21
42.99 23 -0.19
42.99 25 0.00
42.99 30 0.00
42.99 B1 5311.90 5238.35 
42.99 B3 5335.49 5258.77 
42.99 120 13 04 50
42.99 244 0.18
42.995 22 -3.15
42.995 23 -0.19
42.995 25 0.00
42.995 30 0.00
42.995 B1 5310.30 5238.97 
42.995 B3 5333.90 5259.48 
42.995 120 13 04 50
42.995 244 0.18
43 22 -3.10
43 23 -0.19
43 25 0.00
43 30 0.00
43 B1 5308.72 5239.54 
43 B3 5332.32 5260.13 
43 120 13 04 50
43 244 0.18
43.005 22 -3.04
43.005 23 -0.19
43.005 25 0.00
43.005 30 0.00
43.005 B1 5307.16 5240.07 
43.005 B3 5330.75 5260.74 
43.005 120 13 04 50
43.005 244 0.18
43.01 22 -2.99
43.01 23 -0.19
43.01 25 0.00
43.01 30 0.00
43.01 B1 5305.64 5240.57 
43.01 B3 5329.21 5261.29 
43.01 120 13 04 50
43.01 244 0.19
43.015 22 -2.93
43.015 23 -0.19
43.015 25 0.00
43.015 30 0.00
43.015 B1 5305.46 5242.36 
43.015 B3 5328.89 5263.01 
43.015 120 13 04 50
43.015 244 0.19
43.02 22 -2.88
43.02 23 -0.18
43.02 25 0.00
43.02 30 0.00
43.02 B1 5304.86 5243.65 
43.02 B3 5328.26 5264.35 
43.02 120 13 04 50
43.02 244 0.19
43.025 22 -2.82
43.025 23 -0.17
43.025 25 0.00
43.025 30 0.00
43.025 B1 5304.00 5244.61 
43.025 B3 5327.42 5265.42 
43.025 120 13 04 50
43.025 244 0.19
43.03 22 -2.77
43.03 23 -0.17
43.03 25 0.00
43.03 30 0.00
43.03 B1 5302.98 5245.36 
43.03 B3 5326.44 5266.29 
43.03 120 13 04 50
43.03 244 0.19
43.035 22 -2.72
43.035 23 -0.16
43.035 25 0.00
43.035 30 0.00
43.035 B1 5301.88 5245.97 
43.035 B3 5325.38 5267.01 
43.035 120 13 04 50
43.035 244 0.19
43.04 22 -2.67
43.04 23 -0.16
43.04 25 0.00
43.04 30 0.00
43.04 B1 5302.04 5247.80 
43.04 B3 5325.46 5268.82 
43.04 120 13 04 50
43.04 244 0.19
43.045 22 -2.62
43.045 23 -0.15
43.045 25 0.00
43.045 30 0.00
43.045 B1 5300.41 5247.77 
43.045 B3 5323.98 5269.01 
43.045 120 13 04 50
43.045 244 0.19
43.05 22 -2.57
43.05 23 -0.15
43.05 25 0.00
43.05 30 0.00
43.05 B1 5300.26 5249.18 
43.05 B3 5323.78 5270.44 
43.05 120 13 04 50
43.05 244 0.19
43.055 22 -2.52
43.055 23 -0.15
43.055 25 0.00
43.055 30 0.00
43.055 B1 5299.77 5250.20 
43.055 B3 5323.31 5271.54 
43.055 120 13 04 50
43.055 244 0.19
43.06 22 -2.47
43.06 23 -0.14
43.06 25 0.00
43.06 30 0.00
43.06 B1 5299.06 5250.95 
43.06 B3 5322.65 5272.41 
43.06 120 13 04 50
43.06 244 0.19
43.065 22 -2.43
43.065 23 -0.14
43.065 25 0.00
43.065 30 0.00
43.065 B1 5298.22 5251.53 
43.065 B3 5321.88 5273.11 
43.065 120 13 04 50
43.065 244 0.19
43.07 22 -2.38
43.07 23 -0.14
43.07 25 0.00
43.07 30 0.00
43.07 B1 5298.64 5253.31 
43.07 B3 5322.23 5274.88 
43.07 120 13 04 50
43.07 244 0.19
43.075 22 -2.34
43.075 23 -0.13
43.075 25 0.00
43.075 30 0.00
43.075 B1 5297.23 5253.23 
43.075 B3 5320.99 5275.02 
43.075 120 13 04 50
43.075 244 0.19
43.08 22 -2.29
43.08 23 -0.13
43.08 25 0.00
43.08 30 0.00
43.08 B1 5297.30 5254.58 
43.08 B3 5321.03 5276.40 
43.08 120 13 04 50
43.08 244 0.19
43.085 22 -2.25
43.085 23 -0.12
43.085 25 0.00
43.085 30 0.00
43.085 B1 5297.01 5255.54 
43.085 B3 5320.77 5277.44 
43.085 120 13 04 50
43.085 244 0.19
43.09 22 -2.20
43.09 23 -0.12
43.09 25 0.00
43.09 30 0.00
43.09 B1 5296.50 5256.23 
43.09 B3 5320.34 5278.25 
43.09 120 13 04 50
43.09 244 0.19
43.095 22 -2.16
43.095 23 -0.11
43.095 25 0.00
43.095 30 0.00
43.095 B1 5295.86 5256.75 
43.095 B3 5319.77 5278.90 
43.095 120 13 04 50
43.095 244 0.19
43.1 22 -2.12
43.1 23 -0.11
43.1 25 0.00
43.1 30 0.00
43.1 B1 5295.13 5257.16 
43.1 B3 5319.11 5279.42 
43.1 120 13 04 50
43.1 244 0.19
43.105 22 -2.08
43.105 23 -0.11
43.105 25 0.00
43.105 30 0.00
43.105 B1 5294.37 5257.49 
43.105 B3 5318.40 5279.85 
43.105 120 13 04 50
43.105 244 0.19
43.11 22 -2.04
43.11 23 -0.11
43.11 25 0.00
43.11 30 0.00
43.11 B1 5293.58 5257.77 
43.11 B3 5317.66 5280.22 
43.11 120 13 04 50
43.11 244 0.19
43.115 22 -2.00
43.115 23 -0.11
43.115 25 0.00
43.115 30 0.00
43.115 B1 5292.79 5258.01 
43.115 B3 5316.89 5280.52 
43.115 120 13 04 50
43.115 244 0.19
43.12 22 -1.96
43.12 23 -0.11
43.12 25 0.00
43.12 30 0.00
43.12 B1 5292.00 5258.22 
43.12 B3 5316.12 5280.79 
43.12 120 13 04 50
43.12 244 0.19
43.125 22 -1.92
43.125 23 -0.11
43.125 25 0.00
43.125 30 0.00
43.125 B1 5291.22 5258.41 
43.125 B3 5315.35 5281.03 
43.125 120 13 04 50
43.125 244 0.20
43.13 22 -1.88
43.13 23 -0.11
43.13 25 0.00
43.13 30 0.00
43.13 B1 5291.77 5259.90 
43.13 B3 5315.77 5282.44 
43.13 120 13 04 50
43.13 244 0.20
43.135 22 -1.85
43.135 23 -0.10
43.135 25 0.00
43.135 30 0.00
43.135 B1 5291.86 5260.90 
43.135 B3 5315.87 5283.48 
43.135 120 13 04 50
43.135 244 0.19
43.14 22 -1.81
43.14 23 -0.09
43.14 25 0.00
43.14 30 0.00
43.14 B1 5290.36 5260.27 
43.14 B3 5314.54 5283.06 
43.14 120 13 04 50
43.14 244 0.19
43.145 22 -1.78
43.145 23 -0.10
43.145 25 0.00
43.145 30 0.00
43.145 B1 5289.14 5259.91 
43.145 B3 5313.40 5282.80 
43.145 120 13 04 50
43.145 244 0.19
43.15 22 -1.74
43.15 23 -0.10
43.15 25 0.00
43.15 30 0.00
43.15 B1 5288.12 5259.71 
43.15 B3 5312.38 5282.65 
43.15 120 13 04 50
43.15 244 0.19
43.155 22 -1.71
43.155 23 -0.10
43.155 25 0.00
43.155 30 0.00
43.155 B1 5287.22 5259.61 
43.155 B3 5311.46 5282.57 
43.155 120 13 04 50
43.155 244 0.19
43.16 22 -1.67
43.16 23 -0.10
43.16 25 0.00
43.16 30 0.00
43.16 B1 5286.40 5259.58 
43.16 B3 5310.62 5282.54 
43.16 120 13 04 50
43.16 244 0.19
43.165 22 -1.64
43.165 23 -0.10
43.165 25 0.00
43.165 30 0.00
43.165 B1 5285.64 5259.58 
43.165 B3 5309.82 5282.53 
43.165 120 13 04 50
43.165 244 0.19
43.17 22 -1.61
43.17 23 -0.10
43.17 25 0.00
43.17 30 0.00
43.17 B1 5283.60 5258.27 
43.17 B3 5307.88 5281.35 
43.17 120 13 04 50
43.17 244 0.19
43.175 22 -1.58
43.175 23 -0.11
43.175 25 0.00
43.175 30 0.00
43.175 B1 5282.06 5257.45 
43.175 B3 5306.30 5280.51 
43.175 120 13 04 50
43.175 244 0.19
43.18 22 -1.54
43.18 23 -0.12
43.18 25 0.00
43.18 30 0.00
43.18 B1 5280.83 5256.92 
43.18 B3 5304.99 5279.93 
43.18 120 13 04 50
43.18 244 0.19
43.185 22 -1.51
43.185 23 -0.12
43.185 25 0.00
43.185 30 0.00
43.185 B1 5281.13 5257.89 
43.185 B3 5305.06 5280.70 
43.185 120 13 04 50
43.185 244 0.19
43.19 22 -1.48
43.19 23 -0.12
43.19 25 0.00
43.19 30 0.00
43.19 B1 5281.11 5258.51 
43.19 B3 5304.93 5281.25 
43.19 120 13 04 50
43.19 244 0.19
43.195 22 -1.45
43.195 23 -0.11
43.195 25 0.00
43.195 30 0.00
43.195 B1 5280.88 5258.91 
43.195 B3 5304.66 5281.63 
43.195 120 13 04 50
43.195 244 0.19
43.2 22 -1.43
43.2 23 -0.11
43.2 25 0.00
43.2 30 0.00
43.2 B1 5280.52 5259.15 
43.2 B3 5304.30 5281.90 
43.2 120 13 04 50
43.2 244 0.19
43.205 22 -1.40
43.205 23 -0.11
43.205 25 0.00
43.205 30 0.00
43.205 B1 5280.08 5259.31 
43.205 B3 5303.87 5282.09 
43.205 120 13 04 50
43.205 244 0.20
43.21 22 -1.37
43.21 23 -0.11
43.21 25 0.00
43.21 30 0.00
43.21 B1 5280.92 5260.71 
43.21 B3 5304.60 5283.42 
43.21 120 13 04 50
43.21 244 0.20
43.215 22 -1.34
43.215 23 -0.10
43.215 25 0.00
43.215 30 0.00
43.215 B1 5281.26 5261.61 
43.215 B3 5304.96 5284.35 
43.215 120 13 04 50
43.215 244 0.19
43.22 22 -1.32
43.22 23 -0.09
43.22 25 0.00
43.22 30 0.00
43.22 B1 5279.98 5260.86 
43.22 B3 5303.87 5283.82 
43.22 120 13 04 50
43.22 244 0.20
43.225 22 -1.29
43.225 23 -0.09
43.225 25 0.00
43.225 30 0.00
43.225 B1 5280.29 5261.69 
43.225 B3 5304.14 5284.63 
43.225 120 13 04 50
43.225 244 0.20
43.23 22 -1.26
43.23 23 -0.09
43.23 25 0.00
43.23 30 0.00
43.23 B1 5282.95 5264.86 
43.23 B3 5306.58 5287.60 
43.23 120 13 04 50
43.23 244 0.20
43.235 22 -1.24
43.235 23 -0.07
43.235 25 0.00
43.235 30 0.00
43.235 B1 5284.50 5266.90 
43.235 B3 5308.18 5289.71 
43.235 120 13 04 50
43.235 244 0.20
43.24 22 -1.21
43.24 23 -0.05
43.24 25 0.00
43.24 30 0.00
43.24 B1 5285.35 5268.21 
43.24 B3 5309.21 5291.22 
43.24 120 13 04 50
43.24 244 0.20
43.245 22 -1.19
43.245 23 -0.04
43.245 25 0.00
43.245 30 0.00
43.245 B1 5284.43 5267.75 
43.245 B3 5308.62 5291.11 
43.245 120 13 04 50
43.245 244 0.20
43.25 22 -1.17
43.25 23 -0.05
43.25 25 0.00
43.25 30 0.00
43.25 B1 5283.70 5267.46 
43.25 B3 5308.09 5291.04 
43.25 120 13 04 50
43.25 244 0.20
43.255 22 -1.14
43.255 23 -0.05
43.255 25 0.00
43.255 30 0.00
43.255 B1 5284.41 5268.61 
43.255 B3 5308.80 5292.21 
43.255 120 13 04 50
43.255 244 0.20
43.26 22 -1.12
43.26 23 -0.04
43.26 25 0.00
43.26 30 0.00
43.26 B1 5284.73 5269.36 
43.26 B3 5309.20 5293.04 
43.26 120 13 04 50
43.26 244 0.20
43.265 22 -1.10
43.265 23 -0.03
43.265 25 0.00
43.265 30 0.00
43.265 B1 5284.81 5269.85 
43.265 B3 5309.38 5293.65 
43.265 120 13 04 50
43.265 244 0.20
43.27 22 -1.08
43.27 23 -0.03
43.27 25 0.00
43.27 30 0.00
43.27 B1 5284.74 5270.18 
43.27 B3 5309.41 5294.09 
43.27 120 13 04 50
43.27 244 0.20
43.275 22 -1.05
43.275 23 -0.03
43.275 25 0.00
43.275 30 0.00
43.275 B1 5284.58 5270.41 
43.275 B3 5309.33 5294.42 
43.275 120 13 04 50
43.275 244 0.21
43.28 22 -1.03
43.28 23 -0.03
43.28 25 0.00
43.28 30 0.00
43.28 B1 5285.68 5271.89 
43.28 B3 5310.38 5295.87 
43.28 120 13 04 50
43.28 244 0.20
43.285 22 -1.01
43.285 23 -0.02
43.285 25 0.00
43.285 30 0.00
43.285 B1 5284.96 5271.53 
43.285 B3 5309.84 5295.71 
43.285 120 13 04 50
43.285 244 0.20
43.29 22 -0.99
43.29 23 -0.02
43.29 25 0.00
43.29 30 0.00
43.29 B1 5284.39 5271.32 
43.29 B3 5309.38 5295.62 
43.29 120 13 04 50
43.29 244 0.21
43.295 22 -0.97
43.295 23 -0.02
43.295 25 0.00
43.295 30 0.00
43.295 B1 5285.23 5272.52 
43.295 B3 5310.15 5296.76 
43.295 120 13 04 50
43.295 244 0.21
43.3 22 -0.95
43.3 23 -0.01
43.3 25 0.00
43.3 30 0.00
43.3 B1 5285.68 5273.30 
43.3 B3 5310.62 5297.58 
43.3 120 13 04 50
43.3 244 0.21
43.305 22 -0.93
43.305 23 -0.01
43.305 25 0.00
43.305 30 0.00
43.305 B1 5285.87 5273.82 
43.305 B3 5310.89 5298.19 
43.305 120 13 04 50
43.305 244 0.20
43.31 22 -0.91
43.31 23 0.00
43.31 25 0.00
43.31 30 0.00
43.31 B1 5284.58 5272.85 
43.31 B3 5309.80 5297.44 
43.31 120 13 04 50
43.31 244 0.21
43.315 22 -0.90
43.315 23 -0.01
43.315 25 0.00
43.315 30 0.00
43.315 B1 5284.98 5273.57 
43.315 B3 5310.15 5298.12 
43.315 120 13 04 50
43.315 244 0.21
43.32 22 -0.88
43.32 23 -0.01
43.32 25 0.00
43.32 30 0.00
43.32 B1 5285.15 5274.04 
43.32 B3 5310.33 5298.61 
43.32 120 13 04 50
43.32 244 0.21
43.325 22 -0.86
43.325 23 0.00
43.325 25 0.00
43.325 30 0.00
43.325 B1 5285.18 5274.36 
43.325 B3 5310.39 5298.98 
43.325 120 13 04 50
43.325 244 0.21
43.33 22 -0.84
43.33 23 0.00
43.33 25 0.00
43.33 30 0.00
43.33 B1 5285.11 5274.58 
43.33 B3 5310.37 5299.25 
43.33 120 13 04 50
43.33 244 0.21
43.335 22 -0.83
43.335 23 0.00
43.335 25 0.00
43.335 30 0.00
43.335 B1 5284.99 5274.73 
43.335 B3 5310.28 5299.46 
43.335 120 13 04 50
43.335 244 0.21
43.34 22 -0.81
43.34 23 0.00
43.34 25 0.00
43.34 30 0.00
43.34 B1 5284.83 5274.85 
43.34 B3 5310.16 5299.63 
43.34 120 13 04 50
43.34 244 0.21
43.345 22 -0.79
43.345 23 0.00
43.345 25 0.00
43.345 30 0.00
43.345 B1 5284.66 5274.94 
43.345 B3 5310.01 5299.76 
43.345 120 13 04 50
43.345 244 0.21
43.35 22 -0.78
43.35 23 0.00
43.35 25 0.00
43.35 30 0.00
43.35 B1 5284.47 5275.01 
43.35 B3 5309.85 5299.86 
43.35 120 13 04 50
43.35 244 0.21
43.355 22 -0.76
43.355 23 0.00
43.355 25 0.00
43.355 30 0.00
43.355 B1 5284.27 5275.07 
43.355 B3 5309.67 5299.95 
43.355 120 13 04 50
43.355 244 0.21
43.36 22 -0.75
43.36 23 0.00
43.36 25 0.00
43.36 30 0.00
43.36 B1 5284.08 5275.11 
43.36 B3 5309.49 5300.02 
43.36 120 13 04 50
43.36 244 0.21
43.365 22 -0.73
43.365 23 0.00
43.365 25 0.00
43.365 30 0.00
43.365 B1 5285.21 5276.48 
43.365 B3 5310.50 5301.28 
43.365 120 13 04 50
43.365 244 0.21
43.37 22 -0.72
43.37 23 0.01
43.37 25 0.00
43.37 30 0.00
43.37 B1 5285.87 5277.36 
43.37 B3 5311.17 5302.18 
43.37 120 13 04 50
43.37 244 0.21
43.375 22 -0.70
43.375 23 0.02
43.375 25 0.00
43.375 30 0.00
43.375 B1 5286.23 5277.95 
43.375 B3 5311.59 5302.84 
43.375 120 13 04 50
43.375 244 0.21
43.38 22 -0.69
43.38 23 0.02
43.38 25 0.00
43.38 30 0.00
43.38 B1 5286.41 5278.35 
43.38 B3 5311.85 5303.33 
43.38 120 13 04 50
43.38 244 0.21
43.385 22 -0.67
43.385 23 0.03
43.385 25 0.00
43.385 30 0.00
43.385 B1 5286.48 5278.62 
43.385 B3 5312.00 5303.69 
43.385 120 13 04 50
43.385 244 0.21
43.39 22 -0.66
43.39 23 0.03
43.39 25 0.00
43.39 30 0.00
43.39 B1 5286.47 5278.82 
43.39 B3 5312.06 5303.97 
43.39 120 13 04 50
43.39 244 0.21
43.395 22 -0.65
43.395 23 0.03
43.395 25 0.00
43.395 30 0.00
43.395 B1 5286.41 5278.96 
43.395 B3 5312.06 5304.18 
43.395 120 13 04 50
43.395 244 0.21
43.4 22 -0.63
43.4 23 0.03
43.4 25 0.00
43.4 30 0.00
43.4 B1 5286.33 5279.08 
43.4 B3 5312.03 5304.35 
43.4 120 13 04 50
43.4 244 0.21
43.405 22 -0.62
43.405 23 0.03
43.405 25 0.00
43.405 30 0.00
43.405 B1 5286.24 5279.17 
43.405 B3 5311.97 5304.49 
43.405 120 13 04 50
43.405 244 0.21
43.41 22 -0.61
43.41 23 0.03
43.41 25 0.00
43.41 30 0.00
43.41 B1 5286.13 5279.25 
43.41 B3 5311.89 5304.61 
43.41 120 13 04 50
43.41 244 0.21
43.415 22 -0.60
43.415 23 0.03
43.415 25 0.00
43.415 30 0.00
43.415 B1 5284.70 5278.00 
43.415 B3 5310.61 5303.51 
43.415 120 13 04 50
43.415 244 0.21
43.42 22 -0.59
43.42 23 0.02
43.42 25 0.00
43.42 30 0.00
43.42 B1 5283.74 5277.21 
43.42 B3 5309.66 5302.75 
43.42 120 13 04 50
43.42 244 0.21
43.425 22 -0.57
43.425 23 0.02
43.425 25 0.00
43.425 30 0.00
43.425 B1 5283.07 5276.71 
43.425 B3 5308.94 5302.21 
43.425 120 13 04 50
43.425 244 0.21
43.43 22 -0.56
43.43 23 0.01
43.43 25 0.00
43.43 30 0.00
43.43 B1 5282.59 5276.40 
43.43 B3 5308.38 5301.83 
43.43 120 13 04 50
43.43 244 0.21
43.435 22 -0.55
43.435 23 0.01
43.435 25 0.00
43.435 30 0.00
43.435 B1 5282.23 5276.21 
43.435 B3 5307.95 5301.56 
43.435 120 13 04 50
43.435 244 0.21
43.44 22 -0.54
43.44 23 0.01
43.44 25 0.00
43.44 30 0.00
43.44 B1 5281.94 5276.08 
43.44 B3 5307.59 5301.38 
43.44 120 13 04 50
43.44 244 0.21
43.445 22 -0.53
43.445 23 0.01
43.445 25 0.00
43.445 30 0.00
43.445 B1 5281.71 5276.00 
43.445 B3 5307.30 5301.24 
43.445 120 13 04 50
43.445 244 0.21
43.45 22 -0.52
43.45 23 0.01
43.45 25 0.00
43.45 30 0.00
43.45 B1 5281.51 5275.94 
43.45 B3 5307.04 5301.14 
43.45 120 13 04 50
43.45 244 0.21
43.455 22 -0.51
43.455 23 0.01
43.455 25 0.00
43.455 30 0.00
43.455 B1 5281.32 5275.90 
43.455 B3 5306.82 5301.07 
43.455 120 13 04 50
43.455 244 0.21
43.46 22 -0.50
43.46 23 0.00
43.46 25 0.00
43.46 30 0.00
43.46 B1 5282.47 5277.19 
43.46 B3 5307.81 5302.22 
43.46 120 13 04 50
43.46 244 0.21
43.465 22 -0.49
43.465 23 0.01
43.465 25 0.00
43.465 30 0.00
43.465 B1 5281.85 5276.70 
43.465 B3 5307.28 5301.83 
43.465 120 13 04 50
43.465 244 0.21
43.47 22 -0.48
43.47 23 0.01
43.47 25 0.00
43.47 30 0.00
43.47 B1 5281.40 5276.39 
43.47 B3 5306.87 5301.56 
43.47 120 13 04 50
43.47 244 0.21
43.475 22 -0.47
43.475 23 0.01
43.475 25 0.00
43.475 30 0.00
43.475 B1 5281.06 5276.18 
43.475 B3 5306.54 5301.36 
43.475 120 13 04 50
43.475 244 0.21
43.48 22 -0.46
43.48 23 0.01
43.48 25 0.00
43.48 30 0.00
43.48 B1 5280.80 5276.04 
43.48 B3 5306.26 5301.22 
43.48 120 13 04 50
43.48 244 0.21
43.485 22 -0.45
43.485 23 0.01
43.485 25 0.00
43.485 30 0.00
43.485 B1 5281.90 5277.27 
43.485 B3 5307.22 5302.31 
43.485 120 13 04 50
43.485 244 0.21
43.49 22 -0.44
43.49 23 0.01
43.49 25 -0.07
43.49 30 0.00
43.49 B1 5282.57 5278.06 
43.49 B3 5307.87 5303.08 
43.49 120 13 04 50
43.49 244 0.21
43.495 22 -0.48
43.495 23 0.02
43.495 25 -0.07
43.495 30 0.00
43.495 B1 5281.63 5277.22 
43.495 B3 5307.10 5302.43 
43.495 120 13 04 50
43.495 244 0.21
43.5 22 -0.47
43.5 23 0.01
43.5 25 -0.07
43.5 30 0.00
43.5 B1 5282.32 5277.99 
43.5 B3 5307.74 5303.15 
43.5 120 13 04 50
43.5 244 0.21
43.505 22 -0.46
43.505 23 0.02
43.505 25 -0.07
43.505 30 0.00
43.505 B1 5282.75 5278.46 
43.505 B3 5308.17 5303.65 
43.505 120 13 04 50
43.505 244 0.21
43.51 22 -0.45
43.51 23 0.02
43.51 25 -0.07
43.51 30 0.00
43.51 B1 5281.69 5277.42 
43.51 B3 5307.28 5302.79 
43.51 120 13 04 50
43.51 244 0.21
43.515 22 -0.44
43.515 23 0.02
43.515 25 -0.07
43.515 30 0.00
43.515 B1 5281.00 5276.73 
43.515 B3 5306.63 5302.16 
43.515 120 13 04 50
43.515 244 0.21
43.52 22 -0.43
43.52 23 0.01
43.52 25 -0.07
43.52 30 0.00
43.52 B1 5281.85 5277.59 
43.52 B3 5307.35 5302.89 
43.52 120 13 04 50
43.52 244 0.21
43.525 22 -0.42
43.525 23 0.02
43.525 25 -0.07
43.525 30 0.00
43.525 B1 5282.38 5278.12 
43.525 B3 5307.84 5303.39 
43.525 120 13 04 50
43.525 244 0.21
43.53 22 -0.42
43.53 23 0.02
43.53 25 -0.07
43.53 30 0.00
43.53 B1 5281.39 5277.12 
43.53 B3 5306.99 5302.54 
43.53 120 13 04 50
43.53 244 0.21
43.535 22 -0.41
43.535 23 0.02
43.535 25 -0.07
43.535 30 0.00
43.535 B1 5282.06 5277.78 
43.535 B3 5307.56 5303.11 
43.535 120 13 04 50
43.535 244 0.21
43.54 22 -0.40
43.54 23 0.02
43.54 25 -0.07
43.54 30 0.00
43.54 B1 5282.47 5278.18 
43.54 B3 5307.95 5303.50 
43.54 120 13 04 50
43.54 244 0.21
43.545 22 -0.39
43.545 23 0.02
43.545 25 -0.07
43.545 30 0.00
43.545 B1 5281.40 5277.10 
43.545 B3 5307.03 5302.57 
43.545 120 13 04 50
43.545 244 0.21
43.55 22 -0.38
43.55 23 0.02
43.55 25 -0.07
43.55 30 0.00
43.55 B1 5280.70 5276.39 
43.55 B3 5306.35 5301.89 
43.55 120 13 04 50
43.55 244 0.21
43.555 22 -0.38
43.555 23 0.01
43.555 25 -0.07
43.555 30 0.00
43.555 B1 5280.22 5275.91 
43.555 B3 5305.86 5301.39 
43.555 120 13 04 50
43.555 244 0.21
43.56 22 -0.37
43.56 23 0.01
43.56 25 -0.07
43.56 30 0.00
43.56 B1 5279.90 5275.58 
43.56 B3 5305.49 5301.01 
43.56 120 13 04 50
43.56 244 0.21
43.565 22 -0.36
43.565 23 0.01
43.565 25 -0.07
43.565 30 0.00
43.565 B1 5279.67 5275.34 
43.565 B3 5305.21 5300.72 
43.565 120 13 04 50
43.565 244 0.21
43.57 22 -0.36
43.57 23 0.01
43.57 25 -0.07
43.57 30 0.00
43.57 B1 5279.50 5275.16 
43.57 B3 5304.98 5300.50 
43.57 120 13 04 50
43.57 244 0.21
43.575 22 -0.35
43.575 23 0.01
43.575 25 -0.07
43.575 30 0.00
43.575 B1 5279.36 5275.02 
43.575 B3 5304.80 5300.31 
43.575 120 13 04 50
43.575 244 0.21
43.58 22 -0.34
43.58 23 0.01
43.58 25 -0.07
43.58 30 0.00
43.58 B1 5280.57 5276.22 
43.58 B3 5305.85 5301.35 
43.58 120 13 04 50
43.58 244 0.21
43.585 22 -0.34
43.585 23 0.01
43.585 25 -0.07
43.585 30 0.00
43.585 B1 5281.32 5276.96 
43.585 B3 5306.58 5302.07 
43.585 120 13 04 50
43.585 244 0.21
43.59 22 -0.33
43.59 23 0.02
43.59 25 -0.07
43.59 30 0.00
43.59 B1 5281.79 5277.42 
43.59 B3 5307.08 5302.57 
43.59 120 13 04 50
43.59 244 0.21
43.595 22 -0.32
43.595 23 0.02
43.595 25 -0.07
43.595 30 0.00
43.595 B1 5282.08 5277.70 
43.595 B3 5307.43 5302.91 
43.595 120 13 04 50
43.595 244 0.21
43.6 22 -0.32
43.6 23 0.03
43.6 25 -0.07
43.6 30 0.00
43.6 B1 5282.25 5277.86 
43.6 B3 5307.66 5303.14 
43.6 120 13 04 50
43.6 244 0.21
43.605 22 -0.31
43.605 23 0.03
43.605 25 -0.07
43.605 30 0.00
43.605 B1 5282.35 5277.95 
43.605 B3 5307.82 5303.29 
43.605 120 13 04 50
43.605 244 0.21
43.61 22 -0.31
43.61 23 0.03
43.61 25 -0.07
43.61 30 0.00
43.61 B1 5282.40 5278.00 
43.61 B3 5307.93 5303.39 
43.61 120 13 04 50
43.61 244 0.21
43.615 22 -0.30
43.615 23 0.03
43.615 25 -0.07
43.615 30 0.00
43.615 B1 5282.42 5278.01 
43.615 B3 5307.99 5303.45 
43.615 120 13 04 50
43.615 244 0.21
43.62 22 -0.30
43.62 23 0.03
43.62 25 -0.07
43.62 30 0.00
43.62 B1 5282.43 5278.01 
43.62 B3 5308.03 5303.48 
43.62 120 13 04 50
43.62 244 0.21
43.625 22 -0.29
43.625 23 0.03
43.625 25 -0.07
43.625 30 0.00
43.625 B1 5281.10 5276.68 
43.625 B3 5306.85 5302.30 
43.625 120 13 04 50
43.625 244 0.21
43.63 22 -0.29
43.63 23 0.02
43.63 25 -0.07
43.63 30 0.00
43.63 B1 5280.23 5275.81 
43.63 B3 5306.00 5301.45 
43.63 120 13 04 50
43.63 244 0.21
43.635 22 -0.28
43.635 23 0.02
43.635 25 -0.07
43.635 30 0.00
43.635 B1 5279.66 5275.23 
43.635 B3 5305.39 5300.83 
43.635 120 13 04 50
43.635 244 0.21
43.64 22 -0.28
43.64 23 0.01
43.64 25 -0.07
43.64 30 0.00
43.64 B1 5279.27 5274.84 
43.64 B3 5304.93 5300.37 
43.64 120 13 04 50
43.64 244 0.21
43.645 22 -0.27
43.645 23 0.01
43.645 25 -0.07
43.645 30 0.00
43.645 B1 5278.99 5274.56 
43.645 B3 5304.58 5300.02 
43.645 120 13 04 50
43.645 244 0.21
43.65 22 -0.27
43.65 23 0.01
43.65 25 -0.07
43.65 30 0.00
43.65 B1 5278.79 5274.35 
43.65 B3 5304.31 5299.75 
43.65 120 13 04 50
43.65 244 0.21
43.655 22 -0.26
43.655 23 0.01
43.655 25 -0.07
43.655 30 0.00
43.655 B1 5278.64 5274.19 
43.655 B3 5304.10 5299.54 
43.655 120 13 04 50
43.655 244 0.21
43.66 22 -0.26
43.66 23 0.01
43.66 25 -0.07
43.66 30 0.00
43.66 B1 5278.52 5274.07 
43.66 B3 5303.93 5299.37 
43.66 120 13 04 50
43.66 244 0.20
43.665 22 -0.25
43.665 23 0.01
43.665 25 -0.07
43.665 30 0.00
43.665 B1 5277.09 5272.64 
43.665 B3 5302.59 5298.02 
43.665 120 13 04 50
43.665 244 0.20
43.67 22 -0.25
43.67 23 0.00
43.67 25 0.00
43.67 30 0.00
43.67 B1 5276.14 5271.69 
43.67 B3 5301.61 5297.04 
43.67 120 13 04 50
43.67 244 0.20
43.675 22 -0.20
43.675 23 -0.01
43.675 25 -0.07
43.675 30 0.00
43.675 B1 5275.51 5271.05 
43.675 B3 5300.89 5296.32 
43.675 120 13 04 50
43.675 244 0.21
43.68 22 -0.24
43.68 23 -0.01
43.68 25 -0.07
43.68 30 0.00
43.68 B1 5276.35 5271.93 
43.68 B3 5301.52 5296.98 
43.68 120 13 04 50
43.68 244 0.20
43.685 22 -0.24
43.685 23 -0.01
43.685 25 -0.07
43.685 30 0.00
43.685 B1 5275.54 5271.14 
43.685 B3 5300.74 5296.23 
43.685 120 13 04 50
43.685 244 0.20
43.69 22 -0.24
43.69 23 -0.01
43.69 25 -0.07
43.69 30 0.00
43.69 B1 5274.98 5270.59 
43.69 B3 5300.16 5295.65 
43.69 120 13 04 50
43.69 244 0.20
43.695 22 -0.23
43.695 23 -0.02
43.695 25 -0.07
43.695 30 0.00
43.695 B1 5274.58 5270.20 
43.695 B3 5299.71 5295.22 
43.695 120 13 04 50
43.695 244 0.20
43.7 22 -0.23
43.7 23 -0.02
43.7 25 -0.07
43.7 30 0.00
43.7 B1 5274.29 5269.91 
43.7 B3 5299.36 5294.87 
43.7 120 13 04 50
43.7 244 0.20
43.705 22 -0.22
43.705 23 -0.02
43.705 25 -0.07
43.705 30 0.00
43.705 B1 5274.05 5269.67 
43.705 B3 5299.07 5294.58 
43.705 120 13 04 50
43.705 244 0.21
43.71 22 -0.22
43.71 23 -0.02
43.71 25 -0.07
43.71 30 0.00
43.71 B1 5275.19 5270.80 
43.71 B3 5300.03 5295.54 
43.71 120 13 04 50
43.71 244 0.20
43.715 22 -0.22
43.715 23 -0.01
43.715 25 -0.07
43.715 30 0.00
43.715 B1 5274.55 5270.16 
43.715 B3 5299.48 5294.99 
43.715 120 13 04 50
43.715 244 0.20
43.72 22 -0.21
43.72 23 -0.02
43.72 25 -0.21
43.72 30 0.00
43.72 B1 5274.11 5269.71 
43.72 B3 5299.06 5294.57 
43.72 120 13 04 50
43.72 244 0.21
43.725 22 -0.30
43.725 23 -0.02
43.725 25 -0.21
43.725 30 0.00
43.725 B1 5275.08 5270.68 
43.725 B3 5299.92 5295.43 
43.725 120 13 04 50
43.725 244 0.20
43.73 22 -0.29
43.73 23 -0.01
43.73 25 -0.34
43.73 30 0.00
43.73 B1 5274.39 5269.90 
43.73 B3 5299.34 5294.78 
43.73 120 13 04 50
43.73 244 0.20
43.735 22 -0.38
43.735 23 -0.01
43.735 25 -0.34
43.735 30 0.00
43.735 B1 5273.92 5269.30 
43.735 B3 5298.93 5294.25 
43.735 120 13 04 50
43.735 244 0.20
43.74 22 -0.37
43.74 23 -0.02
43.74 25 -0.34
43.74 30 0.00
43.74 B1 5273.65 5268.79 
43.74 B3 5298.67 5293.78 
43.74 120 13 04 50
43.74 244 0.20
43.745 22 -0.37
43.745 23 -0.02
43.745 25 -0.48
43.745 30 0.00
43.745 B1 5273.51 5268.34 
43.745 B3 5298.51 5293.34 
43.745 120 13 04 50
43.745 244 0.20
43.75 22 -0.45
43.75 23 -0.02
43.75 25 -0.75
43.75 30 0.00
43.75 B1 5273.42 5267.90 
43.75 B3 5298.42 5292.94 
43.75 120 13 04 50
43.75 244 0.20
43.755 22 -0.63
43.755 23 -0.03
43.755 25 -0.75
43.755 30 0.00
43.755 B1 5273.33 5267.36 
43.755 B3 5298.41 5292.52 
43.755 120 13 04 50
43.755 244 0.20
43.76 22 -0.62
43.76 23 -0.03
43.76 25 -0.75
43.76 30 0.00
43.76 B1 5273.42 5266.78 
43.76 B3 5298.52 5292.03 
43.76 120 13 04 50
43.76 244 0.20
43.765 22 -0.60
43.765 23 -0.03
43.765 25 -1.56
43.765 30 0.00
43.765 B1 5273.62 5266.18 
43.765 B3 5298.71 5291.48 
43.765 120 13 04 50
43.765 244 0.20
43.77 22 -1.18
43.77 23 -0.04
43.77 25 -3.05
43.77 30 0.00
43.77 B1 5273.35 5265.02 
43.77 B3 5298.96 5290.90 
43.77 120 13 04 50
43.77 244 0.20
43.775 22 -2.32
43.775 23 -0.11
43.775 25 -5.62
43.775 30 0.00
43.775 B1 5270.34 5260.55 
43.775 B3 5298.25 5288.89 
43.775 120 13 04 50
43.775 244 0.20
43.78 22 -4.36
43.78 23 -0.36
43.78 25 -5.62
43.78 30 0.00
43.78 B1 5264.50 5251.84 
43.78 B3 5299.63 5287.78 
43.78 120 13 04 50
43.78 244 0.20
43.785 22 -4.24
43.785 23 -0.38
43.785 25 -5.62
43.785 30 0.00
43.785 B1 5262.80 5244.58 
43.785 B3 5301.90 5285.23 
43.785 120 13 04 50
43.785 244 0.20
43.79 22 -4.13
43.79 23 -0.38
43.79 25 -6.56
43.79 30 0.00
43.79 B1 5263.65 5238.29 
43.79 B3 5304.76 5281.70 
43.79 120 13 04 50
43.79 244 0.20
43.795 22 -4.78
43.795 23 -0.50
43.795 25 -7.10
43.795 30 0.00
43.795 B1 5263.06 5229.61 
43.795 B3 5307.98 5277.52 
43.795 120 13 04 50
43.795 244 0.21
43.8 22 -5.09
43.8 23 -0.58
43.8 25 -7.10
43.8 30 0.00
43.8 B1 5264.31 5221.63 
43.8 B3 5312.82 5273.77 
43.8 120 13 04 50
43.8 244 0.21
43.805 22 -4.98
43.805 23 -0.57
43.805 25 -8.32
43.805 30 0.00
43.805 B1 5267.45 5214.61 
43.805 B3 5317.67 5268.99 
43.805 120 13 04 50
43.805 244 0.21
43.81 22 -5.76
43.81 23 -0.74
43.81 25 -8.32
43.81 30 0.00
43.81 B1 5267.07 5203.49 
43.81 B3 5322.50 5263.53 
43.81 120 13 04 50
43.81 244 0.21
43.815 22 -5.66
43.815 23 -0.74
43.815 25 -8.86
43.815 30 0.00
43.815 B1 5269.49 5194.29 
43.815 B3 5327.48 5257.22 
43.815 120 13 04 50
43.815 244 0.20
43.82 22 -5.93
43.82 23 -0.82
43.82 25 -8.86
43.82 30 0.00
43.82 B1 5270.05 5182.74 
43.82 B3 5331.31 5249.16 
43.82 120 13 04 50
43.82 244 0.20
43.825 22 -5.83
43.825 23 -0.83
43.825 25 -8.86
43.825 30 0.00
43.825 B1 5273.06 5173.23 
43.825 B3 5335.57 5240.94 
43.825 120 13 04 50
43.825 244 0.20
43.83 22 -5.75
43.83 23 -0.83
43.83 25 -9.00
43.83 30 0.00
43.83 B1 5277.54 5165.04 
43.83 B3 5340.05 5232.67 
43.83 120 13 04 50
43.83 244 0.20
43.835 22 -5.76
43.835 23 -0.84
43.835 25 -9.00
43.835 30 0.00
43.835 B1 5282.33 5157.15 
43.835 B3 5344.67 5224.42 
43.835 120 13 04 50
43.835 244 0.20
43.84 22 -5.68
43.84 23 -0.83
43.84 25 -9.00
43.84 30 0.00
43.84 B1 5287.80 5150.02 
43.84 B3 5349.34 5216.21 
43.84 120 13 04 50
43.84 244 0.21
43.845 22 -5.62
43.845 23 -0.82
43.845 25 -9.00
43.845 30 0.00
43.845 B1 5294.96 5144.72 
43.845 B3 5355.22 5209.28 
43.845 120 13 04 50
43.845 244 0.20
43.85 22 -5.56
43.85 23 -0.80
43.85 25 -9.00
43.85 30 0.00
43.85 B1 5300.47 5137.97 
43.85 B3 5359.53 5200.94 
43.85 120 13 04 50
43.85 244 0.20
43.855 22 -5.50
43.855 23 -0.79
43.855 25 -9.00
43.855 30 0.00
43.855 B1 5306.16 5131.67 
43.855 B3 5363.86 5192.86 
43.855 120 13 04 50
43.855 244 0.20
43.86 22 -5.45
43.86 23 -0.78
43.86 25 -9.00
43.86 30 0.00
43.86 B1 5311.88 5125.69 
43.86 B3 5368.18 5185.03 
43.86 120 13 04 50
43.86 244 0.21
43.865 22 -5.41
43.865 23 -0.77
43.865 25 -9.00
43.865 30 0.00
43.865 B1 5318.84 5121.26 
43.865 B3 5373.63 5178.64 
43.865 120 13 04 50
43.865 244 0.21
43.87 22 -5.38
43.87 23 -0.75
43.87 25 -9.00
43.87 30 0.00
43.87 B1 5325.24 5116.52 
43.87 B3 5378.69 5172.12 
43.87 120 13 04 50
43.87 244 0.21
43.875 22 -5.35
43.875 23 -0.73
43.875 25 -9.00
43.875 30 0.00
43.875 B1 5331.18 5111.62 
43.875 B3 5383.42 5165.57 
43.875 120 13 04 50
43.875 244 0.21
43.88 22 -5.33
43.88 23 -0.72
43.88 25 -9.00
43.88 30 0.00
43.88 B1 5336.76 5106.66 
43.88 B3 5387.88 5159.06 
43.88 120 13 04 50
43.88 244 0.21
43.885 22 -5.31
43.885 23 -0.71
43.885 25 -9.00
43.885 30 0.00
43.885 B1 5342.04 5101.70 
43.885 B3 5392.12 5152.65 
43.885 120 13 04 50
43.885 244 0.21
43.89 22 -5.30
43.89 23 -0.70
43.89 25 -9.00
43.89 30 0.00
43.89 B1 5348.36 5098.10 
43.89 B3 5397.35 5147.54 
43.89 120 13 04 50
43.89 244 0.21
43.895 22 -5.29
43.895 23 -0.68
43.895 25 -9.00
43.895 30 0.00
43.895 B1 5353.99 5094.05 
43.895 B3 5402.09 5142.21 
43.895 120 13 04 50
43.895 244 0.21
43.9 22 -5.29
43.9 23 -0.66
43.9 25 -9.00
43.9 30 0.00
43.9 B1 5359.11 5089.77 
43.9 B3 5406.43 5136.78 
43.9 120 13 04 50
43.9 244 0.22
43.905 22 -5.30
43.905 23 -0.65
43.905 25 -9.00
43.905 30 0.00
43.905 B1 5365.15 5086.68 
43.905 B3 5411.66 5132.53 
43.905 120 13 04 50
43.905 244 0.22
43.91 22 -5.31
43.91 23 -0.63
43.91 25 -9.00
43.91 30 0.00
43.91 B1 5370.41 5083.07 
43.91 B3 5416.31 5127.95 
43.91 120 13 04 50
43.91 244 0.22
43.915 22 -5.32
43.915 23 -0.62
43.915 25 -9.00
43.915 30 0.00
43.915 B1 5375.12 5079.15 
43.915 B3 5420.51 5123.19 
43.915 120 13 04 50
43.915 244 0.22
43.92 22 -5.34
43.92 23 -0.60
43.92 25 -9.00
43.92 30 0.00
43.92 B1 5379.41 5075.08 
43.92 B3 5424.36 5118.36 
43.92 120 13 04 50
43.92 244 0.22
43.925 22 -5.36
43.925 23 -0.60
43.925 25 -9.00
43.925 30 0.00
43.925 B1 5384.68 5072.27 
43.925 B3 5429.13 5114.71 
43.925 120 13 04 50
43.925 244 0.22
43.93 22 -5.38
43.93 23 -0.58
43.93 25 -9.00
43.93 30 0.00
43.93 B1 5389.24 5068.95 
43.93 B3 5433.33 5110.74 
43.93 120 13 04 50
43.93 244 0.22
43.935 22 -5.41
43.935 23 -0.57
43.935 25 -9.00
43.935 30 0.00
43.935 B1 5393.27 5065.33 
43.935 B3 5437.11 5106.58 
43.935 120 13 04 50
43.935 244 0.22
43.94 22 -5.44
43.94 23 -0.56
43.94 25 -9.00
43.94 30 0.00
43.94 B1 5396.92 5061.57 
43.94 B3 5440.56 5102.34 
43.94 120 13 04 50
43.94 244 0.22
43.945 22 -5.48
43.945 23 -0.55
43.945 25 -9.00
43.945 30 0.00
43.945 B1 5400.26 5057.75 
43.945 B3 5443.73 5098.07 
43.945 120 13 04 50
43.945 244 0.22
43.95 22 -5.51
43.95 23 -0.54
43.95 25 -9.00
43.95 30 0.00
43.95 B1 5403.36 5053.90 
43.95 B3 5446.69 5093.82 
43.95 120 13 04 50
43.95 244 0.22
43.955 22 -5.55
43.955 23 -0.54
43.955 25 -9.00
43.955 30 0.00
43.955 B1 5406.24 5050.07 
43.955 B3 5449.47 5089.62 
43.955 120 13 04 50
43.955 244 0.22
43.96 22 -5.60
43.96 23 -0.54
43.96 25 -9.13
43.96 30 0.00
43.96 B1 5408.95 5046.27 
43.96 B3 5452.09 5085.48 
43.96 120 13 04 50
43.96 244 0.22
43.965 22 -5.75
43.965 23 -0.56
43.965 25 -9.00
43.965 30 0.00
43.965 B1 5411.06 5042.08 
43.965 B3 5454.56 5081.41 
43.965 120 13 04 50
43.965 244 0.22
43.97 22 -5.68
43.97 23 -0.53
43.97 25 -9.00
43.97 30 0.00
43.97 B1 5413.64 5038.48 
43.97 B3 5456.94 5077.37 
43.97 120 13 04 50
43.97 244 0.22
43.975 22 -5.73
43.975 23 -0.53
43.975 25 -9.00
43.975 30 0.00
43.975 B1 5416.02 5034.89 
43.975 B3 5459.19 5073.43 
43.975 120 13 04 50
43.975 244 0.22
43.98 22 -5.78
43.98 23 -0.53
43.98 25 -9.00
43.98 30 0.00
43.98 B1 5418.22 5031.31 
43.98 B3 5461.33 5069.58 
43.98 120 13 04 50
43.98 244 0.22
43.985 22 -5.84
43.985 23 -0.53
43.985 25 -9.13
43.985 30 0.00
43.985 B1 5420.25 5027.77 
43.985 B3 5463.37 5065.82 
43.985 120 13 04 50
43.985 244 0.22
43.99 22 -5.99
43.99 23 -0.55
43.99 25 -9.13
43.99 30 0.00
43.99 B1 5421.72 5023.84 
43.99 B3 5465.30 5062.15 
43.99 120 13 04 50
43.99 244 0.22
43.995 22 -6.05
43.995 23 -0.55
43.995 25 -9.00
43.995 30 0.00
43.995 B1 5423.26 5020.06 
43.995 B3 5467.17 5058.50 
43.995 120 13 04 50
43.995 244 0.22
44 22 -5.99
44 23 -0.52
44 25 -9.00
44 30 0.00
44 B1 5425.22 5016.83 
44 B3 5468.96 5054.90 
44 120 13 04 50
44 244 0.22
44.005 22 -6.05
44.005 23 -0.52
44.005 25 -9.00
44.005 30 0.00
44.005 B1 5426.96 5013.56 
44.005 B3 5470.65 5051.40 
44.005 120 13 04 50
44.005 244 0.22
44.01 22 -6.11
44.01 23 -0.52
44.01 25 -9.00
44.01 30 0.00
44.01 B1 5429.83 5011.61 
44.01 B3 5473.44 5049.18 
44.01 120 13 04 50
44.01 244 0.22
44.015 22 -6.17
44.015 23 -0.51
44.015 25 -9.00
44.015 30 0.00
44.015 B1 5432.09 5009.17 
44.015 B3 5475.81 5046.68 
44.015 120 13 04 50
44.015 244 0.22
44.02 22 -6.23
44.02 23 -0.51
44.02 25 -9.00
44.02 30 0.00
44.02 B1 5433.93 5006.45 
44.02 B3 5477.86 5044.01 
44.02 120 13 04 50
44.02 244 0.22
44.025 22 -6.29
44.025 23 -0.50
44.025 25 -9.00
44.025 30 0.00
44.025 B1 5435.47 5003.56 
44.025 B3 5479.67 5041.23 
44.025 120 13 04 50
44.025 244 0.22
44.03 22 -6.35
44.03 23 -0.50
44.03 25 -9.00
44.03 30 0.00
44.03 B1 5435.45 4999.28 
44.03 B3 5480.08 5037.20 
44.03 120 13 04 50
44.03 244 0.22
44.035 22 -6.41
44.035 23 -0.51
44.035 25 -9.13
44.035 30 0.00
44.035 B1 5437.02 4996.79 
44.035 B3 5481.85 5034.72 
44.035 120 13 04 50
44.035 244 0.22
44.04 22 -6.58
44.04 23 -0.53
44.04 25 -9.13
44.04 30 0.00
44.04 B1 5437.85 4993.66 
44.04 B3 5483.39 5032.12 
44.04 120 13 04 50
44.04 244 0.22
44.045 22 -6.64
44.045 23 -0.53
44.045 25 -9.13
44.045 30 0.00
44.045 B1 5438.65 4990.53 
44.045 B3 5484.77 5029.40 
44.045 120 13 04 50
44.045 244 0.22
44.05 22 -6.69
44.05 23 -0.53
44.05 25 -9.13
44.05 30 0.00
44.05 B1 5438.08 4986.10 
44.05 B3 5484.83 5025.41 
44.05 120 13 04 50
44.05 244 0.22
44.055 22 -6.75
44.055 23 -0.53
44.055 25 -9.00
44.055 30 0.00
44.055 B1 5437.90 4982.20 
44.055 B3 5485.09 5021.77 
44.055 120 13 04 50
44.055 244 0.22
44.06 22 -6.71
44.06 23 -0.52
44.06 25 -9.00
44.06 30 0.00
44.06 B1 5438.39 4979.07 
44.06 B3 5485.49 5018.36 
44.06 120 13 04 50
44.06 244 0.22
44.065 22 -6.77
44.065 23 -0.52
44.065 25 -9.00
44.065 30 0.00
44.065 B1 5440.11 4977.34 
44.065 B3 5487.12 5016.39 
44.065 120 13 04 50
44.065 244 0.22
44.07 22 -6.83
44.07 23 -0.52
44.07 25 -9.13
44.07 30 0.00
44.07 B1 5441.31 4975.18 
44.07 B3 5488.44 5014.21 
44.07 120 13 04 50
44.07 244 0.22
44.075 22 -7.00
44.075 23 -0.53
44.075 25 -9.13
44.075 30 0.00
44.075 B1 5440.37 4971.01 
44.075 B3 5488.33 5010.72 
44.075 120 13 04 50
44.075 244 0.22
44.08 22 -7.05
44.08 23 -0.54
44.08 25 -9.13
44.08 30 0.00
44.08 B1 5439.82 4967.32 
44.08 B3 5488.39 5007.47 
44.08 120 13 04 50
44.08 244 0.22
44.085 22 -7.11
44.085 23 -0.55
44.085 25 -9.00
44.085 30 0.00
44.085 B1 5439.49 4963.93 
44.085 B3 5488.54 5004.39 
44.085 120 13 04 50
44.085 244 0.22
44.09 22 -7.06
44.09 23 -0.53
44.09 25 -9.00
44.09 30 0.00
44.09 B1 5439.74 4961.18 
44.09 B3 5488.74 5001.45 
44.09 120 13 04 50
44.09 244 0.22
44.095 22 -7.12
44.095 23 -0.53
44.095 25 -9.00
44.095 30 0.00
44.095 B1 5439.84 4958.44 
44.095 B3 5488.94 4998.65 
44.095 120 13 04 50
44.095 244 0.22
44.1 22 -7.18
44.1 23 -0.54
44.1 25 -9.00
44.1 30 0.00
44.1 B1 5441.15 4957.02 
44.1 B3 5490.30 4997.16 
44.1 120 13 04 50
44.1 244 0.22
44.105 22 -7.24
44.105 23 -0.53
44.105 25 -9.00
44.105 30 0.00
44.105 B1 5441.91 4955.11 
44.105 B3 5491.32 4995.39 
44.105 120 13 04 50
44.105 244 0.22
44.11 22 -7.31
44.11 23 -0.53
44.11 25 -9.00
44.11 30 0.00
44.11 B1 5442.27 4952.89 
44.11 B3 5492.06 4993.43 
44.11 120 13 04 50
44.11 244 0.22
44.115 22 -7.37
44.115 23 -0.52
44.115 25 -9.00
44.115 30 0.00
44.115 B1 5442.39 4950.51 
44.115 B3 5492.60 4991.35 
44.115 120 13 04 50
44.115 244 0.22
44.12 22 -7.42
44.12 23 -0.52
44.12 25 -9.00
44.12 30 0.00
44.12 B1 5442.32 4948.04 
44.12 B3 5492.98 4989.20 
44.12 120 13 04 50
44.12 244 0.23
44.125 22 -7.48
44.125 23 -0.52
44.125 25 -9.00
44.125 30 0.00
44.125 B1 5443.44 4946.85 
44.125 B3 5494.42 4988.20 
44.125 120 13 04 50
44.125 244 0.23
44.13 22 -7.54
44.13 23 -0.52
44.13 25 -9.01
44.13 30 0.00
44.13 B1 5443.99 4945.12 
44.13 B3 5495.43 4986.80 
44.13 120 13 04 50
44.13 244 0.22
44.135 22 -7.60
44.135 23 -0.51
44.135 25 -9.01
44.135 30 0.00
44.135 B1 5442.83 4941.73 
44.135 B3 5494.92 4983.94 
44.135 120 13 04 50
44.135 244 0.22
44.14 22 -7.65
44.14 23 -0.52
44.14 25 -9.16
44.14 30 0.00
44.14 B1 5441.86 4938.69 
44.14 B3 5494.48 4981.29 
44.14 120 13 04 50
44.14 244 0.22
44.145 22 -7.81
44.145 23 -0.55
44.145 25 -9.16
44.145 30 0.00
44.145 B1 5440.51 4935.36 
44.145 B3 5494.09 4978.78 
44.145 120 13 04 50
44.145 244 0.22
44.15 22 -7.86
44.15 23 -0.55
44.15 25 -9.03
44.15 30 0.00
44.15 B1 5439.43 4932.30 
44.15 B3 5493.75 4976.31 
44.15 120 13 04 50
44.15 244 0.22
44.155 22 -7.82
44.155 23 -0.54
44.155 25 -9.17
44.155 30 0.00
44.155 B1 5438.95 4929.85 
44.155 B3 5493.42 4973.86 
44.155 120 13 04 50
44.155 244 0.22
44.16 22 -7.98
44.16 23 -0.56
44.16 25 -9.17
44.16 30 0.00
44.16 B1 5437.87 4926.89 
44.16 B3 5493.06 4971.50 
44.16 120 13 04 50
44.16 244 0.22
44.165 22 -8.02
44.165 23 -0.56
44.165 25 -9.17
44.165 30 0.00
44.165 B1 5436.92 4924.08 
44.165 B3 5492.70 4969.14 
44.165 120 13 04 50
44.165 244 0.22
44.17 22 -8.07
44.17 23 -0.57
44.17 25 -9.17
44.17 30 0.00
44.17 B1 5436.05 4921.36 
44.17 B3 5492.32 4966.79 
44.17 120 13 04 50
44.17 244 0.22
44.175 22 -8.11
44.175 23 -0.57
44.175 25 -9.04
44.175 30 0.00
44.175 B1 5435.21 4918.70 
44.175 B3 5491.91 4964.45 
44.175 120 13 04 50
44.175 244 0.22
44.18 22 -8.06
44.18 23 -0.55
44.18 25 -9.04
44.18 30 0.00
44.18 B1 5434.86 4916.57 
44.18 B3 5491.47 4962.11 
44.18 120 13 04 50
44.18 244 0.22
44.185 22 -8.11
44.185 23 -0.55
44.185 25 -9.04
44.185 30 0.00
44.185 B1 5434.29 4914.33 
44.185 B3 5490.97 4959.85 
44.185 120 13 04 50
44.185 244 0.22
44.19 22 -8.15
44.19 23 -0.55
44.19 25 -9.04
44.19 30 0.00
44.19 B1 5433.56 4912.03 
44.19 B3 5490.41 4957.64 
44.19 120 13 04 50
44.19 244 0.22
44.195 22 -8.20
44.195 23 -0.55
44.195 25 -9.04
44.195 30 0.00
44.195 B1 5432.71 4909.70 
44.195 B3 5489.80 4955.46 
44.195 120 13 04 50
44.195 244 0.22
44.2 22 -8.24
44.2 23 -0.55
44.2 25 -9.04
44.2 30 0.00
44.2 B1 5431.78 4907.36 
44.2 B3 5489.16 4953.32 
44.2 120 13 04 50
44.2 244 0.23
44.205 22 -8.29
44.205 23 -0.55
44.205 25 -9.17
44.205 30 0.00
44.205 B1 5432.10 4906.34 
44.205 B3 5489.66 4952.39 
44.205 120 13 04 50
44.205 244 0.23
44.21 22 -8.43
44.21 23 -0.57
44.21 25 -9.17
44.21 30 0.00
44.21 B1 5431.42 4904.31 
44.21 B3 5489.79 4951.11 
44.21 120 13 04 50
44.21 244 0.23
44.215 22 -8.47
44.215 23 -0.56
44.215 25 -9.17
44.215 30 0.00
44.215 B1 5430.62 4902.12 
44.215 B3 5489.68 4949.53 
44.215 120 13 04 50
44.215 244 0.23
44.22 22 -8.51
44.22 23 -0.56
44.22 25 -9.04
44.22 30 0.00
44.22 B1 5429.73 4899.85 
44.22 B3 5489.39 4947.77 
44.22 120 13 04 50
44.22 244 0.22
44.225 22 -8.45
44.225 23 -0.54
44.225 25 -9.04
44.225 30 0.00
44.225 B1 5427.94 4896.71 
44.225 B3 5487.74 4944.67 
44.225 120 13 04 50
44.225 244 0.23
44.23 22 -8.49
44.23 23 -0.55
44.23 25 -9.04
44.23 30 0.00
44.23 B1 5427.65 4895.23 
44.23 B3 5487.48 4943.13 
44.23 120 13 04 50
44.23 244 0.23
44.235 22 -8.53
44.235 23 -0.54
44.235 25 -9.04
44.235 30 0.00
44.235 B1 5427.01 4893.45 
44.235 B3 5487.01 4941.45 
44.235 120 13 04 50
44.235 244 0.22
44.24 22 -8.57
44.24 23 -0.54
44.24 25 -9.17
44.24 30 0.00
44.24 B1 5424.82 4890.17 
44.24 B3 5485.21 4938.47 
44.24 120 13 04 50
44.24 244 0.23
44.245 22 -8.71
44.245 23 -0.57
44.245 25 -9.04
44.245 30 0.00
44.245 B1 5423.74 4888.12 
44.245 B3 5484.80 4937.02 
44.245 120 13 04 50
44.245 244 0.23
44.25 22 -8.64
44.25 23 -0.55
44.25 25 -9.17
44.25 30 0.00
44.25 B1 5423.10 4886.46 
44.25 B3 5484.22 4935.35 
44.25 120 13 04 50
44.25 244 0.23
44.255 22 -8.78
44.255 23 -0.57
44.255 25 -9.17
44.255 30 0.00
44.255 B1 5421.70 4884.08 
44.255 B3 5483.50 4933.58 
44.255 120 13 04 50
44.255 244 0.23
44.26 22 -8.81
44.26 23 -0.57
44.26 25 -9.04
44.26 30 0.00
44.26 B1 5420.34 4881.73 
44.26 B3 5482.69 4931.71 
44.26 120 13 04 50
44.26 244 0.23
44.265 22 -8.75
44.265 23 -0.55
44.265 25 -9.17
44.265 30 0.00
44.265 B1 5419.50 4879.90 
44.265 B3 5481.81 4929.76 
44.265 120 13 04 50
44.265 244 0.23
44.27 22 -8.88
44.27 23 -0.57
44.27 25 -9.04
44.27 30 0.00
44.27 B1 5417.94 4877.43 
44.27 B3 5480.84 4927.82 
44.27 120 13 04 50
44.27 244 0.23
44.275 22 -8.81
44.275 23 -0.55
44.275 25 -9.04
44.275 30 0.00
44.275 B1 5416.96 4875.55 
44.275 B3 5479.82 4925.83 
44.275 120 13 04 50
44.275 244 0.23
44.28 22 -8.85
44.28 23 -0.55
44.28 25 -9.04
44.28 30 0.00
44.28 B1 5417.12 4874.88 
44.28 B3 5479.94 4925.07 
44.28 120 13 04 50
44.28 244 0.23
44.285 22 -8.88
44.285 23 -0.54
44.285 25 -9.04
44.285 30 0.00
44.285 B1 5416.70 4873.63 
44.285 B3 5479.68 4923.94 
44.285 120 13 04 50
44.285 244 0.23
44.29 22 -8.91
44.29 23 -0.53
44.29 25 -9.04
44.29 30 0.00
44.29 B1 5415.91 4872.03 
44.29 B3 5479.15 4922.57 
44.29 120 13 04 50
44.29 244 0.23
44.295 22 -8.94
44.295 23 -0.53
44.295 25 -9.04
44.295 30 0.00
44.295 B1 5414.87 4870.24 
44.295 B3 5478.41 4921.04 
44.295 120 13 04 50
44.295 244 0.23
44.3 22 -8.97
44.3 23 -0.53
44.3 25 -9.04
44.3 30 0.00
44.3 B1 5413.65 4868.33 
44.3 B3 5477.52 4919.40 
44.3 120 13 04 50
44.3 244 0.23
44.305 22 -9.00
44.305 23 -0.53
44.305 25 -9.04
44.305 30 0.00
44.305 B1 5412.32 4866.35 
44.305 B3 5476.52 4917.69 
44.305 120 13 04 50
44.305 244 0.23
44.31 22 -9.03
44.31 23 -0.53
44.31 25 -9.04
44.31 30 0.00
44.31 B1 5410.92 4864.33 
44.31 B3 5475.42 4915.94 
44.31 120 13 04 50
44.31 244 0.23
44.315 22 -9.06
44.315 23 -0.53
44.315 25 -9.04
44.315 30 0.00
44.315 B1 5409.45 4862.30 
44.315 B3 5474.26 4914.15 
44.315 120 13 04 50
44.315 244 0.23
44.32 22 -9.09
44.32 23 -0.53
44.32 25 -9.04
44.32 30 0.00
44.32 B1 5407.94 4860.26 
44.32 B3 5473.04 4912.35 
44.32 120 13 04 50
44.32 244 0.23
44.325 22 -9.11
44.325 23 -0.53
44.325 25 -9.04
44.325 30 0.00
44.325 B1 5406.41 4858.21 
44.325 B3 5471.78 4910.53 
44.325 120 13 04 50
44.325 244 0.23
44.33 22 -9.14
44.33 23 -0.53
44.33 25 -9.04
44.33 30 0.00
44.33 B1 5404.84 4856.17 
44.33 B3 5470.48 4908.70 
44.33 120 13 04 50
44.33 244 0.23
44.335 22 -9.17
44.335 23 -0.53
44.335 25 -9.04
44.335 30 0.00
44.335 B1 5403.26 4854.13 
44.335 B3 5469.15 4906.87 
44.335 120 13 04 50
44.335 244 0.23
44.34 22 -9.19
44.34 23 -0.53
44.34 25 -9.04
44.34 30 0.00
44.34 B1 5401.65 4852.09 
44.34 B3 5467.78 4905.03 
44.34 120 13 04 50
44.34 244 0.23
44.345 22 -9.22
44.345 23 -0.53
44.345 25 -9.04
44.345 30 0.00
44.345 B1 5400.03 4850.06 
44.345 B3 5466.40 4903.19 
44.345 120 13 04 50
44.345 244 0.23
44.35 22 -9.24
44.35 23 -0.53
44.35 25 -9.04
44.35 30 0.00
44.35 B1 5398.40 4848.02 
44.35 B3 5464.99 4901.35 
44.35 120 13 04 50
44.35 244 0.23
44.355 22 -9.26
44.355 23 -0.54
44.355 25 -9.04
44.355 30 0.00
44.355 B1 5396.75 4846.00 
44.355 B3 5463.56 4899.51 
44.355 120 13 04 50
44.355 244 0.23
44.36 22 -9.29
44.36 23 -0.54
44.36 25 -9.04
44.36 30 0.00
44.36 B1 5395.09 4843.98 
44.36 B3 5462.11 4897.66 
44.36 120 13 04 50
44.36 244 0.23
44.365 22 -9.31
44.365 23 -0.54
44.365 25 -9.04
44.365 30 0.00
44.365 B1 5393.42 4841.97 
44.365 B3 5460.64 4895.82 
44.365 120 13 04 50
44.365 244 0.23
44.37 22 -9.33
44.37 23 -0.54
44.37 25 -9.04
44.37 30 0.00
44.37 B1 5390.42 4838.63 
44.37 B3 5457.96 4892.78 
44.37 120 13 04 50
44.37 244 0.23
44.375 22 -9.35
44.375 23 -0.55
44.375 25 -9.04
44.375 30 0.00
44.375 B1 5389.17 4837.15 
44.375 B3 5456.78 4891.33 
44.375 120 13 04 50
44.375 244 0.23
44.38 22 -9.37
44.38 23 -0.55
44.38 25 -9.04
44.38 30 0.00
44.38 B1 5387.76 4835.46 
44.38 B3 5455.50 4889.74 
44.38 120 13 04 50
44.38 244 0.23
44.385 22 -9.39
44.385 23 -0.54
44.385 25 -9.04
44.385 30 0.00
44.385 B1 5386.24 4833.65 
44.385 B3 5454.13 4888.06 
44.385 120 13 04 50
44.385 244 0.23
44.39 22 -9.41
44.39 23 -0.54
44.39 25 -9.04
44.39 30 0.00
44.39 B1 5384.64 4831.76 
44.39 B3 5452.70 4886.33 
44.39 120 13 04 50
44.39 244 0.23
44.395 22 -9.43
44.395 23 -0.54
44.395 25 -9.04
44.395 30 0.00
44.395 B1 5382.98 4829.83 
44.395 B3 5451.22 4884.57 
44.395 120 13 04 50
44.395 244 0.23
44.4 22 -9.45
44.4 23 -0.54
44.4 25 -9.04
44.4 30 0.00
44.4 B1 5379.98 4826.57 
44.4 B3 5448.51 4881.58 
44.4 120 13 04 50
44.4 244 0.23
44.405 22 -9.46
44.405 23 -0.55
44.405 25 -9.04
44.405 30 0.00
44.405 B1 5378.71 4825.13 
44.405 B3 5447.29 4880.16 
44.405 120 13 04 50
44.405 244 0.23
44.41 22 -9.48
44.41 23 -0.55
44.41 25 -9.04
44.41 30 0.00
44.41 B1 5377.27 4823.48 
44.41 B3 5445.96 4878.59 
44.41 120 13 04 50
44.41 244 0.23
44.415 22 -9.50
44.415 23 -0.55
44.415 25 -9.04
44.415 30 0.00
44.415 B1 5375.71 4821.70 
44.415 B3 5444.53 4876.93 
44.415 120 13 04 50
44.415 244 0.23
44.42 22 -9.51
44.42 23 -0.55
44.42 25 -9.04
44.42 30 0.00
44.42 B1 5374.07 4819.84 
44.42 B3 5443.05 4875.21 
44.42 120 13 04 50
44.42 244 0.23
44.425 22 -9.53
44.425 23 -0.55
44.425 25 -9.04
44.425 30 0.00
44.425 B1 5372.37 4817.94 
44.425 B3 5441.50 4873.45 
44.425 120 13 04 50
44.425 244 0.23
44.43 22 -9.54
44.43 23 -0.55
44.43 25 -9.04
44.43 30 0.00
44.43 B1 5370.64 4816.02 
44.43 B3 5439.93 4871.67 
44.43 120 13 04 50
44.43 244 0.23
44.435 22 -9.56
44.435 23 -0.55
44.435 25 -9.04
44.435 30 0.00
44.435 B1 5368.89 4814.09 
44.435 B3 5438.32 4869.86 
44.435 120 13 04 50
44.435 244 0.23
44.44 22 -9.57
44.44 23 -0.55
44.44 25 -9.04
44.44 30 0.00
44.44 B1 5367.12 4812.15 
44.44 B3 5436.69 4868.05 
44.44 120 13 04 50
44.44 244 0.23
44.445 22 -9.59
44.445 23 -0.55
44.445 25 -9.04
44.445 30 0.00
44.445 B1 5365.33 4810.21 
44.445 B3 5435.03 4866.22 
44.445 120 13 04 50
44.445 244 0.23
44.45 22 -9.60
44.45 23 -0.55
44.45 25 -9.04
44.45 30 0.00
44.45 B1 5363.53 4808.28 
44.45 B3 5433.36 4864.39 
44.45 120 13 04 50
44.45 244 0.23
44.455 22 -9.61
44.455 23 -0.55
44.455 25 -8.79
44.455 30 0.00
44.455 B1 5360.41 4805.02 
44.455 B3 5430.49 4861.37 
44.455 120 13 04 50
44.455 244 0.23
44.46 22 -9.45
44.46 23 -0.52
44.46 25 -8.79
44.46 30 0.00
44.46 B1 5358.70 4803.28 
44.46 B3 5427.92 4858.72 
44.46 120 13 04 50
44.46 244 0.23
44.465 22 -9.47
44.465 23 -0.52
44.465 25 -8.79
44.465 30 0.00
44.465 B1 5356.86 4801.55 
44.465 B3 5425.54 4856.43 
44.465 120 13 04 50
44.465 244 0.23
44.47 22 -9.48
44.47 23 -0.52
44.47 25 -8.79
44.47 30 0.00
44.47 B1 5354.94 4799.81 
44.47 B3 5423.27 4854.37 
44.47 120 13 04 50
44.47 244 0.23
44.475 22 -9.50
44.475 23 -0.52
44.475 25 -8.79
44.475 30 0.00
44.475 B1 5352.96 4798.07 
44.475 B3 5421.11 4852.47 
44.475 120 13 04 50
44.475 244 0.23
44.48 22 -9.51
44.48 23 -0.53
44.48 25 -8.80
44.48 30 0.00
44.48 B1 5352.27 4797.65 
44.48 B3 5420.20 4851.87 
44.48 120 13 04 50
44.48 244 0.23
44.485 22 -9.53
44.485 23 -0.52
44.485 25 -8.67
44.485 30 0.00
44.485 B1 5351.10 4796.69 
44.485 B3 5419.01 4850.95 
44.485 120 13 04 50
44.485 244 0.23
44.49 22 -9.45
44.49 23 -0.49
44.49 25 -8.67
44.49 30 0.00
44.49 B1 5350.11 4795.91 
44.49 B3 5417.63 4849.81 
44.49 120 13 04 50
44.49 244 0.24
44.495 22 -9.47
44.495 23 -0.49
44.495 25 -8.67
44.495 30 0.00
44.495 B1 5350.03 4796.12 
44.495 B3 5417.27 4849.77 
44.495 120 13 04 50
44.495 244 0.24
44.5 22 -9.49
44.5 23 -0.48
44.5 25 -8.67
44.5 30 0.00
44.5 B1 5349.26 4795.60 
44.5 B3 5416.48 4849.28 
44.5 120 13 04 50
44.5 244 0.24
44.505 22 -9.50
44.505 23 -0.47
44.505 25 -8.67
44.505 30 0.00
44.505 B1 5348.02 4794.65 
44.505 B3 5415.37 4848.49 
44.505 120 13 04 50
44.505 244 0.24
44.51 22 -9.51
44.51 23 -0.47
44.51 25 -8.67
44.51 30 0.00
44.51 B1 5346.50 4793.45 
44.51 B3 5414.03 4847.49 
44.51 120 13 04 50
44.51 244 0.24
44.515 22 -9.53
44.515 23 -0.46
44.515 25 -8.67
44.515 30 0.00
44.515 B1 5344.79 4792.10 
44.515 B3 5412.54 4846.36 
44.515 120 13 04 50
44.515 244 0.24
44.52 22 -9.54
44.52 23 -0.46
44.52 25 -8.67
44.52 30 0.00
44.52 B1 5342.97 4790.66 
44.52 B3 5410.93 4845.14 
44.52 120 13 04 50
44.52 244 0.24
44.525 22 -9.55
44.525 23 -0.46
44.525 25 -8.67
44.525 30 0.00
44.525 B1 5341.08 4789.18 
44.525 B3 5409.24 4843.85 
44.525 120 13 04 50
44.525 244 0.24
44.53 22 -9.56
44.53 23 -0.46
44.53 25 -8.67
44.53 30 0.00
44.53 B1 5339.14 4787.66 
44.53 B3 5407.50 4842.51 
44.53 120 13 04 50
44.53 244 0.24
44.535 22 -9.57
44.535 23 -0.46
44.535 25 -8.67
44.535 30 0.00
44.535 B1 5337.19 4786.13 
44.535 B3 5405.71 4841.14 
44.535 120 13 04 50
44.535 244 0.24
44.54 22 -9.58
44.54 23 -0.46
44.54 25 -8.67
44.54 30 0.00
44.54 B1 5335.21 4784.59 
44.54 B3 5403.90 4839.75 
44.54 120 13 04 50
44.54 244 0.23
44.545 22 -9.59
44.545 23 -0.46
44.545 25 -8.67
44.545 30 0.00
44.545 B1 5331.92 4781.72 
44.545 B3 5400.87 4837.14 
44.545 120 13 04 50
44.545 244 0.24
44.55 22 -9.59
44.55 23 -0.47
44.55 25 -8.67
44.55 30 0.00
44.55 B1 5330.40 4780.70 
44.55 B3 5399.35 4836.10 
44.55 120 13 04 50
44.55 244 0.24
44.555 22 -9.60
44.555 23 -0.47
44.555 25 -8.67
44.555 30 0.00
44.555 B1 5328.72 4779.45 
44.555 B3 5397.73 4834.92 
44.555 120 13 04 50
44.555 244 0.24
44.56 22 -9.61
44.56 23 -0.46
44.56 25 -8.67
44.56 30 0.00
44.56 B1 5326.94 4778.08 
44.56 B3 5396.03 4833.63 
44.56 120 13 04 50
44.56 244 0.24
44.565 22 -9.62
44.565 23 -0.46
44.565 25 -8.80
44.565 30 0.00
44.565 B1 5325.10 4776.63 
44.565 B3 5394.28 4832.29 
44.565 120 13 04 50
44.565 244 0.24
44.57 22 -9.72
44.57 23 -0.48
44.57 25 -8.67
44.57 30 0.00
44.57 B1 5322.69 4774.60 
44.57 B3 5392.50 4830.90 
44.57 120 13 04 50
44.57 244 0.24
44.575 22 -9.62
44.575 23 -0.46
44.575 25 -8.67
44.575 30 0.00
44.575 B1 5321.02 4773.25 
44.575 B3 5390.72 4829.42 
44.575 120 13 04 50
44.575 244 0.24
44.58 22 -9.63
44.58 23 -0.46
44.58 25 -8.67
44.58 30 0.00
44.58 B1 5319.26 4771.82 
44.58 B3 5388.91 4827.95 
44.58 120 13 04 50
44.58 244 0.24
44.585 22 -9.64
44.585 23 -0.46
44.585 25 -8.67
44.585 30 0.00
44.585 B1 5317.43 4770.34 
44.585 B3 5387.08 4826.46 
44.585 120 13 04 50
44.585 244 0.24
44.59 22 -9.64
44.59 23 -0.46
44.59 25 -8.67
44.59 30 0.00
44.59 B1 5315.58 4768.83 
44.59 B3 5385.24 4824.97 
44.59 120 13 04 50
44.59 244 0.24
44.595 22 -9.64
44.595 23 -0.46
44.595 25 -8.67
44.595 30 0.00
44.595 B1 5313.71 4767.31 
44.595 B3 5383.39 4823.48 
44.595 120 13 04 50
44.595 244 0.24
44.6 22 -9.65
44.6 23 -0.46
44.6 25 -8.67
44.6 30 0.00
44.6 B1 5311.82 4765.77 
44.6 B3 5381.54 4821.99 
44.6 120 13 04 50
44.6 244 0.24
44.605 22 -9.65
44.605 23 -0.46
44.605 25 -8.67
44.605 30 0.00
44.605 B1 5309.93 4764.23 
44.605 B3 5379.68 4820.49 
44.605 120 13 04 50
44.605 244 0.24
44.61 22 -9.65
44.61 23 -0.46
44.61 25 -8.67
44.61 30 0.00
44.61 B1 5310.68 4765.33 
44.61 B3 5380.22 4821.38 
44.61 120 13 04 50
44.61 244 0.24
44.615 22 -9.66
44.615 23 -0.44
44.615 25 -8.67
44.615 30 0.00
44.615 B1 5307.87 4762.72 
44.615 B3 5377.70 4819.10 
44.615 120 13 04 50
44.615 244 0.24
44.62 22 -9.66
44.62 23 -0.45
44.62 25 -8.67
44.62 30 0.00
44.62 B1 5305.40 4760.56 
44.62 B3 5375.38 4817.08 
44.62 120 13 04 50
44.62 244 0.24
44.625 22 -9.66
44.625 23 -0.45
44.625 25 -8.67
44.625 30 0.00
44.625 B1 5303.15 4758.66 
44.625 B3 5373.19 4815.23 
44.625 120 13 04 50
44.625 244 0.24
44.63 22 -9.66
44.63 23 -0.46
44.63 25 -8.67
44.63 30 0.00
44.63 B1 5301.03 4756.91 
44.63 B3 5371.11 4813.49 
44.63 120 13 04 50
44.63 244 0.24
44.635 22 -9.66
44.635 23 -0.46
44.635 25 -8.67
44.635 30 0.00
44.635 B1 5299.01 4755.25 
44.635 B3 5369.09 4811.83 
44.635 120 13 04 50
44.635 244 0.24
44.64 22 -9.67
44.64 23 -0.46
44.64 25 -8.67
44.64 30 0.00
44.64 B1 5297.05 4753.64 
44.64 B3 5367.12 4810.22 
44.64 120 13 04 50
44.64 244 0.24
44.645 22 -9.67
44.645 23 -0.46
44.645 25 -8.67
44.645 30 0.00
44.645 B1 5295.13 4752.06 
44.645 B3 5365.18 4808.63 
44.645 120 13 04 50
44.645 244 0.24
44.65 22 -9.67
44.65 23 -0.46
44.65 25 -8.67
44.65 30 0.00
44.65 B1 5295.88 4753.15 
44.65 B3 5365.67 4809.46 
44.65 120 13 04 50
44.65 244 0.24
44.655 22 -9.67
44.655 23 -0.44
44.655 25 -8.67
44.655 30 0.00
44.655 B1 5295.73 4753.17 
44.655 B3 5365.51 4809.52 
44.655 120 13 04 50
44.655 244 0.24
44.66 22 -9.67
44.66 23 -0.43
44.66 25 -8.67
44.66 30 0.00
44.66 B1 5292.37 4749.94 
44.66 B3 5362.52 4806.69 
44.66 120 13 04 50
44.66 244 0.24
44.665 22 -9.67
44.665 23 -0.44
44.665 25 -8.67
44.665 30 0.00
44.665 B1 5289.56 4747.43 
44.665 B3 5359.85 4804.30 
44.665 120 13 04 50
44.665 244 0.24
44.67 22 -9.67
44.67 23 -0.45
44.67 25 -8.67
44.67 30 0.00
44.67 B1 5289.76 4747.97 
44.67 B3 5359.83 4804.59 
44.67 120 13 04 50
44.67 244 0.24
44.675 22 -9.67
44.675 23 -0.43
44.675 25 -8.67
44.675 30 0.00
44.675 B1 5286.62 4745.05 
44.675 B3 5356.92 4801.91 
44.675 120 13 04 50
44.675 244 0.24
44.68 22 -9.67
44.68 23 -0.44
44.68 25 -8.67
44.68 30 0.00
44.68 B1 5283.96 4742.71 
44.68 B3 5354.32 4799.62 
44.68 120 13 04 50
44.68 244 0.24
44.685 22 -9.67
44.685 23 -0.45
44.685 25 -8.67
44.685 30 0.00
44.685 B1 5281.61 4740.72 
44.685 B3 5351.95 4797.59 
44.685 120 13 04 50
44.685 244 0.24
44.69 22 -9.66
44.69 23 -0.45
44.69 25 -8.67
44.69 30 0.00
44.69 B1 5282.11 4741.58 
44.69 B3 5352.13 4798.13 
44.69 120 13 04 50
44.69 244 0.24
44.695 22 -9.66
44.695 23 -0.43
44.695 25 -8.67
44.695 30 0.00
44.695 B1 5281.81 4741.48 
44.695 B3 5351.77 4797.99 
44.695 120 13 04 50
44.695 244 0.24
44.7 22 -9.66
44.7 23 -0.42
44.7 25 -8.67
44.7 30 0.00
44.7 B1 5281.01 4740.82 
44.7 B3 5351.01 4797.41 
44.7 120 13 04 50
44.7 244 0.24
44.705 22 -9.66
44.705 23 -0.42
44.705 25 -8.67
44.705 30 0.00
44.705 B1 5279.89 4739.85 
44.705 B3 5349.98 4796.54 
44.705 120 13 04 50
44.705 244 0.24
44.71 22 -9.66
44.71 23 -0.41
44.71 25 -8.67
44.71 30 0.00
44.71 B1 5278.56 4738.69 
44.71 B3 5348.76 4795.49 
44.71 120 13 04 50
44.71 244 0.24
44.715 22 -9.66
44.715 23 -0.41
44.715 25 -8.67
44.715 30 0.00
44.715 B1 5277.11 4737.42 
44.715 B3 5347.40 4794.30 
44.715 120 13 04 50
44.715 244 0.24
44.72 22 -9.66
44.72 23 -0.41
44.72 25 -8.67
44.72 30 0.00
44.72 B1 5275.59 4736.09 
44.72 B3 5345.95 4793.03 
44.72 120 13 04 50
44.72 244 0.24
44.725 22 -9.65
44.725 23 -0.40
44.725 25 -8.67
44.725 30 0.00
44.725 B1 5274.01 4734.73 
44.725 B3 5344.42 4791.71 
44.725 120 13 04 50
44.725 244 0.24
44.73 22 -9.65
44.73 23 -0.40
44.73 25 -8.67
44.73 30 0.00
44.73 B1 5272.41 4733.35 
44.73 B3 5342.85 4790.35 
44.73 120 13 04 50
44.73 244 0.24
44.735 22 -9.65
44.735 23 -0.40
44.735 25 -8.67
44.735 30 0.00
44.735 B1 5270.78 4731.96 
44.735 B3 5341.25 4788.97 
44.735 120 13 04 50
44.735 244 0.24
44.74 22 -9.65
44.74 23 -0.40
44.74 25 -8.67
44.74 30 0.00
44.74 B1 5269.14 4730.57 
44.74 B3 5339.63 4787.57 
44.74 120 13 04 50
44.74 244 0.24
44.745 22 -9.64
44.745 23 -0.40
44.745 25 -8.67
44.745 30 0.00
44.745 B1 5267.51 4729.17 
44.745 B3 5337.99 4786.17 
44.745 120 13 04 50
44.745 244 0.24
44.75 22 -9.64
44.75 23 -0.40
44.75 25 -8.67
44.75 30 0.00
44.75 B1 5265.87 4727.78 
44.75 B3 5336.34 4784.75 
44.75 120 13 04 50
44.75 244 0.24
44.755 22 -9.64
44.755 23 -0.40
44.755 25 -8.41
44.755 30 0.00
44.755 B1 5264.24 4726.39 
44.755 B3 5334.68 4783.34 
44.755 120 13 04 50
44.755 244 0.24
44.76 22 -9.45
44.76 23 -0.36
44.76 25 -8.02
44.76 30 0.00
44.76 B1 5260.98 4723.39 
44.76 B3 5330.63 4779.52 
44.76 120 13 04 50
44.76 244 0.24
44.765 22 -9.16
44.765 23 -0.32
44.765 25 -7.23
44.765 30 0.00
44.765 B1 5262.30 4725.26 
44.765 B3 5329.58 4779.00 
44.765 120 13 04 50
44.765 244 0.24
44.77 22 -8.56
44.77 23 -0.19
44.77 25 -7.23
44.77 30 0.00
44.77 B1 5265.04 4728.74 
44.77 B3 5328.24 4778.43 
44.77 120 13 04 50
44.77 244 0.24
44.775 22 -8.59
44.775 23 -0.17
44.775 25 -6.58
44.775 30 0.00
44.775 B1 5265.76 4730.77 
44.775 B3 5326.53 4778.17 
44.775 120 13 04 50
44.775 244 0.24
44.78 22 -8.10
44.78 23 -0.08
44.78 25 -5.53
44.78 30 0.00
44.78 B1 5267.16 4733.91 
44.78 B3 5324.58 4778.10 
44.78 120 13 04 50
44.78 244 0.24
44.785 22 -7.29
44.785 23 0.05
44.785 25 -3.97
44.785 30 0.00
44.785 B1 5269.53 4738.70 
44.785 B3 5322.32 4778.43 
44.785 120 13 04 50
44.785 244 0.24
44.79 22 -6.09
44.79 23 0.19
44.79 25 -3.08
44.79 30 0.00
44.79 B1 5272.46 4745.13 
44.79 B3 5319.63 4779.44 
44.79 120 13 04 50
44.79 244 0.24
44.795 22 -5.49
44.795 23 0.26
44.795 25 -3.08
44.795 30 0.00
44.795 B1 5273.47 4751.39 
44.795 B3 5316.26 4781.49 
44.795 120 13 04 50
44.795 244 0.24
44.8 22 -5.59
44.8 23 0.27
44.8 25 -1.01
44.8 30 0.00
44.8 B1 5271.93 4756.83 
44.8 B3 5312.24 4784.52 
44.8 120 13 04 50
44.8 244 0.24
44.805 22 -4.23
44.805 23 0.33
44.805 25 -1.01
44.805 30 0.00
44.805 B1 5270.01 4762.86 
44.805 B3 5307.79 4788.15 
44.805 120 13 04 50
44.805 244 0.24
44.81 22 -4.33
44.81 23 0.34
44.81 25 -0.70
44.81 30 0.00
44.81 B1 5266.21 4768.98 
44.81 B3 5302.59 4792.77 
44.81 120 13 04 50
44.81 244 0.24
44.815 22 -4.23
44.815 23 0.35
44.815 25 0.00
44.815 30 0.00
44.815 B1 5261.29 4775.10 
44.815 B3 5296.91 4797.99 
44.815 120 13 04 50
44.815 244 0.24
44.82 22 -3.86
44.82 23 0.35
44.82 25 0.00
44.82 30 0.00
44.82 B1 5252.92 4778.54 
44.82 B3 5288.47 4801.25 
44.82 120 13 04 50
44.82 244 0.24
44.825 22 -3.96
44.825 23 0.33
44.825 25 0.00
44.825 30 0.00
44.825 B1 5247.59 4785.97 
44.825 B3 5282.73 4808.08 
44.825 120 13 04 50
44.825 244 0.24
44.83 22 -4.04
44.83 23 0.34
44.83 25 0.00
44.83 30 0.00
44.83 B1 5241.65 4793.05 
44.83 B3 5276.58 4814.87 
44.83 120 13 04 50
44.83 244 0.24
44.835 22 -4.11
44.835 23 0.35
44.835 25 0.00
44.835 30 0.00
44.835 B1 5235.40 4799.85 
44.835 B3 5270.21 4821.57 
44.835 120 13 04 50
44.835 244 0.24
44.84 22 -4.18
44.84 23 0.35
44.84 25 0.00
44.84 30 0.00
44.84 B1 5229.00 4806.43 
44.84 B3 5263.73 4828.15 
44.84 120 13 04 50
44.84 244 0.24
44.845 22 -4.24
44.845 23 0.35
44.845 25 0.00
44.845 30 0.00
44.845 B1 5222.60 4812.80 
44.845 B3 5257.24 4834.60 
44.845 120 13 04 50
44.845 244 0.24
44.85 22 -4.30
44.85 23 0.35
44.85 25 0.00
44.85 30 0.00
44.85 B1 5216.25 4818.99 
44.85 B3 5250.80 4840.91 
44.85 120 13 04 50
44.85 244 0.25
44.855 22 -4.35
44.855 23 0.35
44.855 25 0.00
44.855 30 0.00
44.855 B1 5211.33 4826.33 
44.855 B3 5245.64 4848.26 
44.855 120 13 04 50
44.855 244 0.24
44.86 22 -4.39
44.86 23 0.36
44.86 25 0.00
44.86 30 0.00
44.86 B1 5204.75 4831.65 
44.86 B3 5239.07 4853.88 
44.86 120 13 04 50
44.86 244 0.24
44.865 22 -4.43
44.865 23 0.36
44.865 25 0.00
44.865 30 0.00
44.865 B1 5198.51 4837.02 
44.865 B3 5232.75 4859.47 
44.865 120 13 04 50
44.865 244 0.24
44.87 22 -4.46
44.87 23 0.36
44.87 25 0.00
44.87 30 0.00
44.87 B1 5192.55 4842.36 
44.87 B3 5226.65 4864.99 
44.87 120 13 04 50
44.87 244 0.25
44.875 22 -4.49
44.875 23 0.35
44.875 25 0.00
44.875 30 0.00
44.875 B1 5188.15 4848.95 
44.875 B3 5221.97 4871.61 
44.875 120 13 04 50
44.875 244 0.24
44.88 22 -4.52
44.88 23 0.36
44.88 25 0.00
44.88 30 0.00
44.88 B1 5182.17 4853.59 
44.88 B3 5215.96 4876.54 
44.88 120 13 04 50
44.88 244 0.25
44.885 22 -4.53
44.885 23 0.36
44.885 25 0.00
44.885 30 0.00
44.885 B1 5177.89 4859.64 
44.885 B3 5211.45 4882.66 
44.885 120 13 04 50
44.885 244 0.25
44.89 22 -4.55
44.89 23 0.36
44.89 25 0.00
44.89 30 0.00
44.89 B1 5173.44 4865.17 
44.89 B3 5206.86 4888.36 
44.89 120 13 04 50
44.89 244 0.25
44.895 22 -4.56
44.895 23 0.37
44.895 25 0.00
44.895 30 0.00
44.895 B1 5168.94 4870.35 
44.895 B3 5202.26 4893.73 
44.895 120 13 04 50
44.895 244 0.25
44.9 22 -4.56
44.9 23 0.37
44.9 25 0.00
44.9 30 0.00
44.9 B1 5164.47 4875.25 
44.9 B3 5197.71 4898.84 
44.9 120 13 04 50
44.9 244 0.25
44.905 22 -4.56
44.905 23 0.37
44.905 25 0.00
44.905 30 0.00
44.905 B1 5160.08 4879.95 
44.905 B3 5193.24 4903.73 
44.905 120 13 04 50
44.905 244 0.24
44.91 22 -4.56
44.91 23 0.37
44.91 25 0.00
44.91 30 0.00
44.91 B1 5154.48 4883.15 
44.91 B3 5187.69 4907.23 
44.91 120 13 04 50
44.91 244 0.24
44.915 22 -4.55
44.915 23 0.36
44.915 25 0.00
44.915 30 0.00
44.915 B1 5149.49 4886.72 
44.915 B3 5182.60 4910.94 
44.915 120 13 04 50
44.915 244 0.24
44.92 22 -4.53
44.92 23 0.36
44.92 25 0.00
44.92 30 0.00
44.92 B1 5144.94 4890.45 
44.92 B3 5177.89 4914.75 
44.92 120 13 04 50
44.92 244 0.24
44.925 22 -4.52
44.925 23 0.35
44.925 25 0.00
44.925 30 0.00
44.925 B1 5140.70 4894.25 
44.925 B3 5173.48 4918.59 
44.925 120 13 04 50
44.925 244 0.24
44.93 22 -4.50
44.93 23 0.35
44.93 25 0.00
44.93 30 0.00
44.93 B1 5136.72 4898.03 
44.93 B3 5169.32 4922.41 
44.93 120 13 04 50
44.93 244 0.24
44.935 22 -4.48
44.935 23 0.35
44.935 25 0.00
44.935 30 0.00
44.935 B1 5132.94 4901.77 
44.935 B3 5165.38 4926.19 
44.935 120 13 04 50
44.935 244 0.24
44.94 22 -4.45
44.94 23 0.34
44.94 25 0.00
44.94 30 0.00
44.94 B1 5129.35 4905.44 
44.94 B3 5161.64 4929.91 
44.94 120 13 04 50
44.94 244 0.24
44.945 22 -4.42
44.945 23 0.34
44.945 25 0.00
44.945 30 0.00
44.945 B1 5123.27 4906.40 
44.945 B3 5155.66 4931.16 
44.945 120 13 04 50
44.945 244 0.25
44.95 22 -4.39
44.95 23 0.32
44.95 25 0.00
44.95 30 0.00
44.95 B1 5122.27 4912.25 
44.95 B3 5154.14 4936.66 
44.95 120 13 04 50
44.95 244 0.25
44.955 22 -4.36
44.955 23 0.34
44.955 25 0.00
44.955 30 0.00
44.955 B1 5120.54 4917.09 
44.955 B3 5152.20 4941.47 
44.955 120 13 04 50
44.955 244 0.25
44.96 22 -4.32
44.96 23 0.35
44.96 25 0.00
44.96 30 0.00
44.96 B1 5118.42 4921.30 
44.96 B3 5149.99 4945.78 
44.96 120 13 04 50
44.96 244 0.24
44.965 22 -4.28
44.965 23 0.35
44.965 25 0.00
44.965 30 0.00
44.965 B1 5114.77 4923.78 
44.965 B3 5146.45 4948.52 
44.965 120 13 04 50
44.965 244 0.24
44.97 22 -4.24
44.97 23 0.35
44.97 25 0.00
44.97 30 0.00
44.97 B1 5111.52 4926.48 
44.97 B3 5143.20 4951.37 
44.97 120 13 04 50
44.97 244 0.24
44.975 22 -4.20
44.975 23 0.34
44.975 25 0.00
44.975 30 0.00
44.975 B1 5108.54 4929.29 
44.975 B3 5140.17 4954.27 
44.975 120 13 04 50
44.975 244 0.24
44.98 22 -4.16
44.98 23 0.34
44.98 25 0.00
44.98 30 0.00
44.98 B1 5105.79 4932.13 
44.98 B3 5137.33 4957.16 
44.98 120 13 04 50
44.98 244 0.24
44.985 22 -4.11
44.985 23 0.34
44.985 25 0.00
44.985 30 0.00
44.985 B1 5103.20 4934.97 
44.985 B3 5134.64 4960.03 
44.985 120 13 04 50
44.985 244 0.24
44.99 22 -4.07
44.99 23 0.34
44.99 25 -0.65
44.99 30 0.00
44.99 B1 5100.75 4937.77 
44.99 B3 5132.10 4962.87 
44.99 120 13 04 50
44.99 244 0.25
44.995 22 -4.53
44.995 23 0.33
44.995 25 -0.65
44.995 30 0.00
44.995 B1 5098.90 4940.97 
44.995 B3 5130.87 4966.86 
44.995 120 13 04 50
44.995 244 0.25
45 22 -4.47
45 23 0.33
45 25 -2.93
45 30 0.00
45 B1 5097.23 4943.70 
45 B3 5129.60 4970.21 
45 120 13 04 50
45 244 0.25
45.005 22 -6.27
45.005 23 0.22
45.005 25 -2.93
45.005 30 0.00
45.005 B1 5090.87 4941.15 
45.005 B3 5128.31 4973.11 
45.005 120 13 04 50
45.005 244 0.25
45.01 22 -6.15
45.01 23 0.21
45.01 25 -2.93
45.01 30 0.00
45.01 B1 5087.34 4939.46 
45.01 B3 5127.68 4974.87 
45.01 120 13 04 50
45.01 244 0.25
45.015 22 -6.03
45.015 23 0.20
45.015 25 -3.87
45.015 30 0.00
45.015 B1 5085.57 4938.31 
45.015 B3 5127.50 4975.86 
45.015 120 13 04 50
45.015 244 0.24
45.02 22 -6.68
45.02 23 0.12
45.02 25 -6.03
45.02 30 0.00
45.02 B1 5080.85 4933.38 
45.02 B3 5126.41 4975.11 
45.02 120 13 04 50
45.02 244 0.24
45.025 22 -8.16
45.025 23 -0.13
45.025 25 -6.57
45.025 30 0.00
45.025 B1 5070.69 4921.67 
45.025 B3 5126.13 4974.04 
45.025 120 13 04 50
45.025 244 0.25
45.03 22 -8.37
45.03 23 -0.23
45.03 25 -7.65
45.03 30 0.00
45.03 B1 5064.96 4912.36 
45.03 B3 5128.05 4973.14 
45.03 120 13 04 50
45.03 244 0.24
45.035 22 -8.86
45.035 23 -0.39
45.035 25 -7.65
45.035 30 0.00
45.035 B1 5056.73 4898.89 
45.035 B3 5129.18 4969.81 
45.035 120 13 04 50
45.035 244 0.24
45.04 22 -8.72
45.04 23 -0.42
45.04 25 -9.14
45.04 30 0.00
45.04 B1 5053.72 4889.35 
45.04 B3 5131.07 4965.67 
45.04 120 13 04 50
45.04 244 0.24
45.045 22 -9.32
45.045 23 -0.63
45.045 25 -9.14
45.045 30 0.00
45.045 B1 5046.05 4874.04 
45.045 B3 5133.43 4961.00 
45.045 120 13 04 50
45.045 244 0.24
45.05 22 -9.20
45.05 23 -0.67
45.05 25 -9.14
45.05 30 0.00
45.05 B1 5043.69 4863.21 
45.05 B3 5136.26 4955.57 
45.05 120 13 04 50
45.05 244 0.24
45.055 22 -9.09
45.055 23 -0.68
45.055 25 -9.14
45.055 30 0.00
45.055 B1 5044.56 4855.06 
45.055 B3 5139.35 4949.63 
45.055 120 13 04 50
45.055 244 0.24
45.06 22 -8.99
45.06 23 -0.69
45.06 25 -9.14
45.06 30 0.00
45.06 B1 5047.36 4848.54 
45.06 B3 5142.61 4943.37 
45.06 120 13 04 50
45.06 244 0.24
45.065 22 -8.88
45.065 23 -0.68
45.065 25 -9.14
45.065 30 0.00
45.065 B1 5051.32 4842.99 
45.065 B3 5145.94 4936.93 
45.065 120 13 04 50
45.065 244 0.24
45.07 22 -8.78
45.07 23 -0.68
45.07 25 -9.14
45.07 30 0.00
45.07 B1 5055.92 4838.05 
45.07 B3 5149.28 4930.41 
45.07 120 13 04 50
45.07 244 0.24
45.075 22 -8.69
45.075 23 -0.66
45.075 25 -9.14
45.075 30 0.00
45.075 B1 5060.87 4833.48 
45.075 B3 5152.62 4923.88 
45.075 120 13 04 50
45.075 244 0.24
45.08 22 -8.59
45.08 23 -0.65
45.08 25 -9.14
45.08 30 0.00
45.08 B1 5065.96 4829.15 
45.08 B3 5155.92 4917.39 
45.08 120 13 04 50
45.08 244 0.25
45.085 22 -8.50
45.085 23 -0.64
45.085 25 -9.14
45.085 30 0.00
45.085 B1 5072.41 4826.31 
45.085 B3 5160.36 4912.18 
45.085 120 13 04 50
45.085 244 0.25
45.09 22 -8.41
45.09 23 -0.62
45.09 25 -9.14
45.09 30 0.00
45.09 B1 5078.33 4823.07 
45.09 B3 5164.40 4906.69 
45.09 120 13 04 50
45.09 244 0.25
45.095 22 -8.33
45.095 23 -0.60
45.095 25 -9.14
45.095 30 0.00
45.095 B1 5083.86 4819.61 
45.095 B3 5168.12 4901.07 
45.095 120 13 04 50
45.095 244 0.25
45.1 22 -8.25
45.1 23 -0.58
45.1 25 -9.14
45.1 30 0.00
45.1 B1 5089.08 4816.06 
45.1 B3 5171.60 4895.42 
45.1 120 13 04 50
45.1 244 0.25
45.105 22 -8.18
45.105 23 -0.56
45.105 25 -9.14
45.105 30 0.00
45.105 B1 5094.04 4812.47 
45.105 B3 5174.88 4889.80 
45.105 120 13 04 50
45.105 244 0.25
45.11 22 -8.11
45.11 23 -0.55
45.11 25 -9.14
45.11 30 0.00
45.11 B1 5098.77 4808.88 
45.11 B3 5178.00 4884.25 
45.11 120 13 04 50
45.11 244 0.25
45.115 22 -8.04
45.115 23 -0.53
45.115 25 -9.14
45.115 30 0.00
45.115 B1 5103.31 4805.33 
45.115 B3 5180.97 4878.81 
45.115 120 13 04 50
45.115 244 0.25
45.12 22 -7.98
45.12 23 -0.52
45.12 25 -9.14
45.12 30 0.00
45.12 B1 5107.65 4801.82 
45.12 B3 5183.81 4873.49 
45.12 120 13 04 50
45.12 244 0.25
45.125 22 -7.92
45.125 23 -0.51
45.125 25 -9.14
45.125 30 0.00
45.125 B1 5111.81 4798.36 
45.125 B3 5186.54 4868.29 
45.125 120 13 04 50
45.125 244 0.25
45.13 22 -7.87
45.13 23 -0.50
45.13 25 -9.14
45.13 30 0.00
45.13 B1 5115.80 4794.96 
45.13 B3 5189.16 4863.24 
45.13 120 13 04 50
45.13 244 0.25
45.135 22 -7.82
45.135 23 -0.49
45.135 25 -9.14
45.135 30 0.00
45.135 B1 5119.63 4791.62 
45.135 B3 5191.68 4858.32 
45.135 120 13 04 50
45.135 244 0.25
45.14 22 -7.78
45.14 23 -0.48
45.14 25 -9.14
45.14 30 0.00
45.14 B1 5123.29 4788.34 
45.14 B3 5194.10 4853.54 
45.14 120 13 04 50
45.14 244 0.25
45.145 22 -7.73
45.145 23 -0.47
45.145 25 -9.14
45.145 30 0.00
45.145 B1 5126.80 4785.11 
45.145 B3 5196.44 4848.90 
45.145 120 13 04 50
45.145 244 0.25
45.15 22 -7.70
45.15 23 -0.46
45.15 25 -9.14
45.15 30 0.00
45.15 B1 5131.48 4783.27 
45.15 B3 5199.87 4845.59 
45.15 120 13 04 50
45.15 244 0.25
45.155 22 -7.66
45.155 23 -0.44
45.155 25 -9.14
45.155 30 0.00
45.155 B1 5134.21 4779.63 
45.155 B3 5201.68 4840.83 
45.155 120 13 04 50
45.155 244 0.25
45.16 22 -7.63
45.16 23 -0.43
45.16 25 -9.14
45.16 30 0.00
45.16 B1 5136.98 4776.27 
45.16 B3 5203.52 4836.32 
45.16 120 13 04 50
45.16 244 0.25
45.165 22 -7.60
45.165 23 -0.43
45.165 25 -9.14
45.165 30 0.00
45.165 B1 5139.72 4773.09 
45.165 B3 5205.34 4832.03 
45.165 120 13 04 50
45.165 244 0.25
45.17 22 -7.58
45.17 23 -0.42
45.17 25 -9.14
45.17 30 0.00
45.17 B1 5142.40 4770.05 
45.17 B3 5207.13 4827.92 
45.17 120 13 04 50
45.17 244 0.25
45.175 22 -7.56
45.175 23 -0.41
45.175 25 -9.14
45.175 30 0.00
45.175 B1 5144.98 4767.09 
45.175 B3 5208.89 4823.96 
45.175 120 13 04 50
45.175 244 0.25
45.18 22 -7.54
45.18 23 -0.41
45.18 25 -9.14
45.18 30 0.00
45.18 B1 5148.79 4765.54 
45.18 B3 5211.78 4821.33 
45.18 120 13 04 50
45.18 244 0.25
45.185 22 -7.53
45.185 23 -0.39
45.185 25 -9.14
45.185 30 0.00
45.185 B1 5152.02 4763.52 
45.185 B3 5214.28 4818.44 
45.185 120 13 04 50
45.185 244 0.25
45.19 22 -7.52
45.19 23 -0.38
45.19 25 -9.14
45.19 30 0.00
45.19 B1 5154.85 4761.24 
45.19 B3 5216.49 4815.40 
45.19 120 13 04 50
45.19 244 0.25
45.195 22 -7.51
45.195 23 -0.37
45.195 25 -9.14
45.195 30 0.00
45.195 B1 5157.38 4758.83 
45.195 B3 5218.47 4812.30 
45.195 120 13 04 50
45.195 244 0.25
45.2 22 -7.50
45.2 23 -0.36
45.2 25 -9.14
45.2 30 0.00
45.2 B1 5159.69 4756.37 
45.2 B3 5220.27 4809.19 
45.2 120 13 04 50
45.2 244 0.25
45.205 22 -7.50
45.205 23 -0.35
45.205 25 -9.14
45.205 30 0.00
45.205 B1 5161.82 4753.88 
45.205 B3 5221.92 4806.09 
45.205 120 13 04 50
45.205 244 0.25
45.21 22 -7.50
45.21 23 -0.35
45.21 25 -9.14
45.21 30 0.00
45.21 B1 5163.80 4751.40 
45.21 B3 5223.46 4803.03 
45.21 120 13 04 50
45.21 244 0.25
45.215 22 -7.50
45.215 23 -0.34
45.215 25 -9.14
45.215 30 0.00
45.215 B1 5165.65 4748.95 
45.215 B3 5224.90 4800.03 
45.215 120 13 04 50
45.215 244 0.25
45.22 22 -7.50
45.22 23 -0.34
45.22 25 -9.14
45.22 30 0.00
45.22 B1 5167.39 4746.52 
45.22 B3 5226.25 4797.08 
45.22 120 13 04 50
45.22 244 0.25
45.225 22 -7.50
45.225 23 -0.33
45.225 25 -9.14
45.225 30 0.00
45.225 B1 5169.03 4744.11 
45.225 B3 5227.53 4794.20 
45.225 120 13 04 50
45.225 244 0.25
45.23 22 -7.51
45.23 23 -0.33
45.23 25 -9.14
45.23 30 0.00
45.23 B1 5170.56 4741.74 
45.23 B3 5228.73 4791.38 
45.23 120 13 04 50
45.23 244 0.26
45.235 22 -7.52
45.235 23 -0.33
45.235 25 -9.14
45.235 30 0.00
45.235 B1 5173.33 4740.73 
45.235 B3 5231.07 4789.81 
45.235 120 13 04 50
45.235 244 0.26
45.24 22 -7.53
45.24 23 -0.31
45.24 25 -9.14
45.24 30 0.00
45.24 B1 5175.53 4739.21 
45.24 B3 5233.00 4787.92 
45.24 120 13 04 50
45.24 244 0.26
45.245 22 -7.54
45.245 23 -0.30
45.245 25 -9.14
45.245 30 0.00
45.245 B1 5177.36 4737.41 
45.245 B3 5234.64 4785.83 
45.245 120 13 04 50
45.245 244 0.26
45.25 22 -7.55
45.25 23 -0.30
45.25 25 -9.14
45.25 30 0.00
45.25 B1 5178.92 4735.46 
45.25 B3 5236.05 4783.63 
45.25 120 13 04 50
45.25 244 0.26
45.255 22 -7.56
45.255 23 -0.29
45.255 25 -9.14
45.255 30 0.00
45.255 B1 5180.28 4733.43 
45.255 B3 5237.30 4781.38 
45.255 120 13 04 50
45.255 244 0.26
45.26 22 -7.58
45.26 23 -0.29
45.26 25 -8.73
45.26 30 0.00
45.26 B1 5181.50 4731.37 
45.26 B3 5238.42 4779.10 
45.26 120 13 04 50
45.26 244 0.26
45.265 22 -7.28
45.265 23 -0.22
45.265 25 -8.19
45.265 30 0.00
45.265 B1 5184.00 4730.70 
45.265 B3 5239.43 4776.82 
45.265 120 13 04 50
45.265 244 0.26
45.27 22 -6.89
45.27 23 -0.13
45.27 25 -6.85
45.27 30 0.00
45.27 B1 5190.12 4733.95 
45.27 B3 5242.66 4777.13 
45.27 120 13 04 50
45.27 244 0.28
45.275 22 -5.85
45.275 23 0.08
45.275 25 -6.85
45.275 30 0.00
45.275 B1 5201.54 4742.90 
45.275 B3 5248.55 4780.61 
45.275 120 13 04 50
45.275 244 0.28
45.28 22 -5.92
45.28 23 0.13
45.28 25 -5.50
45.28 30 0.00
45.28 B1 5208.31 4748.29 
45.28 B3 5252.47 4783.24 
45.28 120 13 04 50
45.28 244 0.27
45.285 22 -4.91
45.285 23 0.31
45.285 25 -3.36
45.285 30 0.00
45.285 B1 5213.51 4752.86 
45.285 B3 5253.81 4784.11 
45.285 120 13 04 50
45.285 244 0.28
45.29 22 -3.40
45.29 23 0.47
45.29 25 -1.21
45.29 30 0.00
45.29 B1 5219.48 4759.64 
45.29 B3 5255.41 4786.74 
45.29 120 13 04 50
45.29 244 0.27
45.295 22 -2.08
45.295 23 0.54
45.295 25 -0.53
45.295 30 0.00
45.295 B1 5220.28 4763.53 
45.295 B3 5254.29 4788.92 
45.295 120 13 04 50
45.295 244 0.27
45.3 22 -1.73
45.3 23 0.55
45.3 25 0.00
45.3 30 0.00
45.3 B1 5218.26 4767.73 
45.3 B3 5251.95 4792.60 
45.3 120 13 04 50
45.3 244 0.28
45.305 22 -1.49
45.305 23 0.54
45.305 25 0.00
45.305 30 0.00
45.305 B1 5215.64 4773.72 
45.305 B3 5249.82 4798.61 
45.305 120 13 04 50
45.305 244 0.28
45.31 22 -1.66
45.31 23 0.55
45.31 25 0.00
45.31 30 0.00
45.31 B1 5211.79 4780.21 
45.31 B3 5246.52 4805.08 
45.31 120 13 04 50
45.31 244 0.28
45.315 22 -1.82
45.315 23 0.55
45.315 25 0.00
45.315 30 0.00
45.315 B1 5207.22 4786.90 
45.315 B3 5242.47 4811.77 
45.315 120 13 04 50
45.315 244 0.28
45.32 22 -1.96
45.32 23 0.56
45.32 25 0.00
45.32 30 0.00
45.32 B1 5202.28 4793.62 
45.32 B3 5237.94 4818.55 
45.32 120 13 04 50
45.32 244 0.28
45.325 22 -2.09
45.325 23 0.56
45.325 25 0.00
45.325 30 0.00
45.325 B1 5197.18 4800.28 
45.325 B3 5233.15 4825.31 
45.325 120 13 04 50
45.325 244 0.28
45.33 22 -2.21
45.33 23 0.56
45.33 25 0.00
45.33 30 0.00
45.33 B1 5192.04 4806.83 
45.33 B3 5228.21 4831.99 
45.33 120 13 04 50
45.33 244 0.28
45.335 22 -2.31
45.335 23 0.56
45.335 25 0.00
45.335 30 0.00
45.335 B1 5188.27 4814.55 
45.335 B3 5224.43 4839.75 
45.335 120 13 04 50
45.335 244 0.28
45.34 22 -2.41
45.34 23 0.57
45.34 25 0.00
45.34 30 0.00
45.34 B1 5184.11 4821.59 
45.34 B3 5220.32 4846.99 
45.34 120 13 04 50
45.34 244 0.28
45.345 22 -2.50
45.345 23 0.58
45.345 25 0.00
45.345 30 0.00
45.345 B1 5178.45 4826.85 
45.345 B3 5214.85 4852.64 
45.345 120 13 04 50
45.345 244 0.28
45.35 22 -2.58
45.35 23 0.58
45.35 25 0.00
45.35 30 0.00
45.35 B1 5173.23 4832.27 
45.35 B3 5209.66 4858.33 
45.35 120 13 04 50
45.35 244 0.28
45.355 22 -2.65
45.355 23 0.57
45.355 25 0.00
45.355 30 0.00
45.355 B1 5169.66 4839.07 
45.355 B3 5205.91 4865.21 
45.355 120 13 04 50
45.355 244 0.28
45.36 22 -2.71
45.36 23 0.58
45.36 25 0.00
45.36 30 0.00
45.36 B1 5167.19 4846.63 
45.36 B3 5203.23 4872.84 
45.36 120 13 04 50
45.36 244 0.28
45.365 22 -2.77
45.365 23 0.59
45.365 25 0.00
45.365 30 0.00
45.365 B1 5164.15 4853.29 
45.365 B3 5200.14 4879.75 
45.365 120 13 04 50
45.365 244 0.28
45.37 22 -2.82
45.37 23 0.60
45.37 25 0.00
45.37 30 0.00
45.37 B1 5160.81 4859.35 
45.37 B3 5196.83 4886.12 
45.37 120 13 04 50
45.37 244 0.28
45.375 22 -2.86
45.375 23 0.61
45.375 25 0.00
45.375 30 0.00
45.375 B1 5157.35 4865.02 
45.375 B3 5193.41 4892.10 
45.375 120 13 04 50
45.375 244 0.28
45.38 22 -2.90
45.38 23 0.61
45.38 25 0.00
45.38 30 0.00
45.38 B1 5152.53 4869.07 
45.38 B3 5188.75 4896.58 
45.38 120 13 04 50
45.38 244 0.28
45.385 22 -2.93
45.385 23 0.60
45.385 25 0.00
45.385 30 0.00
45.385 B1 5148.24 4873.42 
45.385 B3 5184.46 4901.17 
45.385 120 13 04 50
45.385 244 0.28
45.39 22 -2.96
45.39 23 0.60
45.39 25 0.00
45.39 30 0.00
45.39 B1 5144.32 4877.90 
45.39 B3 5180.48 4905.81 
45.39 120 13 04 50
45.39 244 0.28
45.395 22 -2.99
45.395 23 0.59
45.395 25 0.00
45.395 30 0.00
45.395 B1 5142.01 4883.73 
45.395 B3 5177.93 4911.63 
45.395 120 13 04 50
45.395 244 0.28
45.4 22 -3.02
45.4 23 0.60
45.4 25 0.00
45.4 30 0.00
45.4 B1 5139.42 4889.02 
45.4 B3 5175.25 4917.03 
45.4 120 13 04 50
45.4 244 0.28
45.405 22 -3.04
45.405 23 0.61
45.405 25 0.00
45.405 30 0.00
45.405 B1 5136.72 4893.94 
45.405 B3 5172.50 4922.11 
45.405 120 13 04 50
45.405 244 0.28
45.41 22 -3.05
45.41 23 0.61
45.41 25 0.00
45.41 30 0.00
45.41 B1 5133.99 4898.60 
45.41 B3 5169.75 4926.94 
45.41 120 13 04 50
45.41 244 0.28
45.415 22 -3.07
45.415 23 0.61
45.415 25 0.00
45.415 30 0.00
45.415 B1 5131.30 4903.06 
45.415 B3 5167.04 4931.56 
45.415 120 13 04 50
45.415 244 0.28
45.42 22 -3.08
45.42 23 0.61
45.42 25 0.00
45.42 30 0.00
45.42 B1 5128.66 4907.36 
45.42 B3 5164.38 4936.01 
45.42 120 13 04 50
45.42 244 0.28
45.425 22 -3.08
45.425 23 0.61
45.425 25 0.00
45.425 30 0.00
45.425 B1 5126.11 4911.54 
45.425 B3 5161.81 4940.32 
45.425 120 13 04 50
45.425 244 0.28
45.43 22 -3.09
45.43 23 0.61
45.43 25 0.00
45.43 30 0.00
45.43 B1 5122.33 4914.27 
45.43 B3 5158.12 4943.29 
45.43 120 13 04 50
45.43 244 0.28
45.435 22 -3.09
45.435 23 0.60
45.435 25 0.00
45.435 30 0.00
45.435 B1 5119.14 4917.41 
45.435 B3 5154.88 4946.52 
45.435 120 13 04 50
45.435 244 0.28
45.44 22 -3.09
45.44 23 0.60
45.44 25 0.00
45.44 30 0.00
45.44 B1 5116.35 4920.76 
45.44 B3 5151.99 4949.89 
45.44 120 13 04 50
45.44 244 0.28
45.445 22 -3.08
45.445 23 0.59
45.445 25 0.00
45.445 30 0.00
45.445 B1 5115.17 4925.53 
45.445 B3 5150.55 4954.52 
45.445 120 13 04 50
45.445 244 0.28
45.45 22 -3.08
45.45 23 0.60
45.45 25 0.00
45.45 30 0.00
45.45 B1 5113.70 4929.80 
45.45 B3 5148.96 4958.80 
45.45 120 13 04 50
45.45 244 0.28
45.455 22 -3.07
45.455 23 0.60
45.455 25 0.00
45.455 30 0.00
45.455 B1 5112.10 4933.75 
45.455 B3 5147.31 4962.82 
45.455 120 13 04 50
45.455 244 0.28
45.46 22 -3.06
45.46 23 0.60
45.46 25 0.00
45.46 30 0.00
45.46 B1 5110.46 4937.47 
45.46 B3 5145.64 4966.63 
45.46 120 13 04 50
45.46 244 0.28
45.465 22 -3.04
45.465 23 0.61
45.465 25 0.00
45.465 30 0.00
45.465 B1 5107.49 4939.71 
45.465 B3 5142.79 4969.09 
45.465 120 13 04 50
45.465 244 0.28
45.47 22 -3.03
45.47 23 0.60
45.47 25 0.00
45.47 30 0.00
45.47 B1 5105.05 4942.34 
45.47 B3 5140.32 4971.79 
45.47 120 13 04 50
45.47 244 0.28
45.475 22 -3.01
45.475 23 0.59
45.475 25 0.00
45.475 30 0.00
45.475 B1 5102.97 4945.17 
45.475 B3 5138.15 4974.62 
45.475 120 13 04 50
45.475 244 0.28
45.48 22 -2.99
45.48 23 0.59
45.48 25 0.00
45.48 30 0.00
45.48 B1 5102.45 4949.42 
45.48 B3 5137.40 4978.73 
45.48 120 13 04 50
45.48 244 0.28
45.485 22 -2.97
45.485 23 0.59
45.485 25 0.00
45.485 30 0.00
45.485 B1 5101.63 4953.19 
45.485 B3 5136.47 4982.50 
45.485 120 13 04 50
45.485 244 0.28
45.49 22 -2.95
45.49 23 0.60
45.49 25 0.00
45.49 30 0.00
45.49 B1 5099.32 4955.32 
45.49 B3 5134.25 4984.81 
45.49 120 13 04 50
45.49 244 0.28
45.495 22 -2.93
45.495 23 0.59
45.495 25 0.00
45.495 30 0.00
45.495 B1 5097.43 4957.76 
45.495 B3 5132.33 4987.31 
45.495 120 13 04 50
45.495 244 0.28
45.5 22 -2.90
45.5 23 0.59
45.5 25 0.00
45.5 30 0.00
45.5 B1 5095.83 4960.36 
45.5 B3 5130.65 4989.92 
45.5 120 13 04 50
45.5 244 0.28
45.505 22 -2.88
45.505 23 0.58
45.505 25 0.00
45.505 30 0.00
45.505 B1 5094.42 4963.03 
45.505 B3 5129.15 4992.59 
45.505 120 13 04 50
45.505 244 0.28
45.51 22 -2.85
45.51 23 0.58
45.51 25 0.00
45.51 30 0.00
45.51 B1 5093.16 4965.72 
45.51 B3 5127.79 4995.27 
45.51 120 13 04 50
45.51 244 0.28
45.515 22 -2.82
45.515 23 0.58
45.515 25 0.00
45.515 30 0.00
45.515 B1 5092.02 4968.40 
45.515 B3 5126.55 4997.95 
45.515 120 13 04 50
45.515 244 0.28
45.52 22 -2.79
45.52 23 0.58
45.52 25 0.00
45.52 30 0.00
45.52 B1 5090.97 4971.07 
45.52 B3 5125.41 5000.61 
45.52 120 13 04 50
45.52 244 0.28
45.525 22 -2.76
45.525 23 0.58
45.525 25 0.00
45.525 30 0.00
45.525 B1 5088.68 4972.37 
45.525 B3 5123.16 5002.04 
45.525 120 13 04 50
45.525 244 0.28
45.53 22 -2.73
45.53 23 0.57
45.53 25 0.00
45.53 30 0.00
45.53 B1 5086.95 4974.15 
45.53 B3 5121.33 5003.82 
45.53 120 13 04 50
45.53 244 0.28
45.535 22 -2.70
45.535 23 0.56
45.535 25 0.00
45.535 30 0.00
45.535 B1 5085.58 4976.19 
45.535 B3 5119.83 5005.81 
45.535 120 13 04 50
45.535 244 0.28
45.54 22 -2.67
45.54 23 0.56
45.54 25 0.00
45.54 30 0.00
45.54 B1 5084.46 4978.37 
45.54 B3 5118.55 5007.92 
45.54 120 13 04 50
45.54 244 0.27
45.545 22 -2.64
45.545 23 0.55
45.545 25 0.00
45.545 30 0.00
45.545 B1 5082.19 4979.30 
45.545 B3 5116.26 5008.92 
45.545 120 13 04 50
45.545 244 0.27
45.55 22 -2.60
45.55 23 0.54
45.55 25 0.00
45.55 30 0.00
45.55 B1 5080.53 4980.75 
45.55 B3 5114.45 5010.33 
45.55 120 13 04 50
45.55 244 0.27
45.555 22 -2.57
45.555 23 0.53
45.555 25 0.00
45.555 30 0.00
45.555 B1 5079.27 4982.52 
45.555 B3 5113.01 5011.99 
45.555 120 13 04 50
45.555 244 0.27
45.56 22 -2.54
45.56 23 0.53
45.56 25 0.00
45.56 30 0.00
45.56 B1 5078.27 4984.45 
45.56 B3 5111.81 5013.83 
45.56 120 13 04 50
45.56 244 0.27
45.565 22 -2.50
45.565 23 0.53
45.565 25 0.00
45.565 30 0.00
45.565 B1 5077.45 4986.46 
45.565 B3 5110.81 5015.76 
45.565 120 13 04 50
45.565 244 0.28
45.57 22 -2.47
45.57 23 0.52
45.57 25 0.00
45.57 30 0.00
45.57 B1 5078.07 4989.83 
45.57 B3 5111.15 5018.94 
45.57 120 13 04 50
45.57 244 0.28
45.575 22 -2.44
45.575 23 0.53
45.575 25 0.00
45.575 30 0.00
45.575 B1 5078.30 4992.71 
45.575 B3 5111.25 5021.79 
45.575 120 13 04 50
45.575 244 0.28
45.58 22 -2.40
45.58 23 0.54
45.58 25 -0.63
45.58 30 0.00
45.58 B1 5078.30 4995.26 
45.58 B3 5111.19 5024.39 
45.58 120 13 04 50
45.58 244 0.28
45.585 22 -2.85
45.585 23 0.53
45.585 25 -0.63
45.585 30 0.00
45.585 B1 5077.56 4997.00 
45.585 B3 5111.04 5026.82 
45.585 120 13 04 50
45.585 244 0.28
45.59 22 -2.80
45.59 23 0.53
45.59 25 -0.91
45.59 30 0.00
45.59 B1 5077.23 4998.61 
45.59 B3 5111.02 5028.92 
45.59 120 13 04 50
45.59 244 0.28
45.595 22 -2.97
45.595 23 0.52
45.595 25 -2.39
45.595 30 0.00
45.595 B1 5076.82 4999.80 
45.595 B3 5111.09 5030.79 
45.595 120 13 04 50
45.595 244 0.28
45.6 22 -4.11
45.6 23 0.46
45.6 25 -2.93
45.6 30 0.00
45.6 B1 5075.66 4999.76 
45.6 B3 5112.52 5033.61 
45.6 120 13 04 50
45.6 244 0.28
45.605 22 -4.46
45.605 23 0.43
45.605 25 -3.20
45.605 30 0.00
45.605 B1 5074.61 4998.41 
45.605 B3 5114.13 5035.36 
45.605 120 13 04 50
45.605 244 0.28
45.61 22 -4.59
45.61 23 0.41
45.61 25 -3.20
45.61 30 0.00
45.61 B1 5074.37 4996.62 
45.61 B3 5116.01 5036.20 
45.61 120 13 04 50
45.61 244 0.28
45.615 22 -4.49
45.615 23 0.41
45.615 25 -3.48
45.615 30 0.00
45.615 B1 5075.39 4995.15 
45.615 B3 5118.13 5036.32 
45.615 120 13 04 50
45.615 244 0.28
45.62 22 -4.62
45.62 23 0.39
45.62 25 -3.48
45.62 30 0.00
45.62 B1 5076.48 4993.21 
45.62 B3 5120.40 5035.97 
45.62 120 13 04 50
45.62 244 0.28
45.625 22 -4.53
45.625 23 0.39
45.625 25 -3.48
45.625 30 0.00
45.625 B1 5078.37 4991.60 
45.625 B3 5122.81 5035.21 
45.625 120 13 04 50
45.625 244 0.28
45.63 22 -4.43
45.63 23 0.39
45.63 25 -3.48
45.63 30 0.00
45.63 B1 5080.72 4990.21 
45.63 B3 5125.31 5034.20 
45.63 120 13 04 50
45.63 244 0.28
45.635 22 -4.35
45.635 23 0.39
45.635 25 -3.48
45.635 30 0.00
45.635 B1 5083.33 4988.97 
45.635 B3 5127.84 5033.04 
45.635 120 13 04 50
45.635 244 0.28
45.64 22 -4.27
45.64 23 0.39
45.64 25 -3.48
45.64 30 0.00
45.64 B1 5086.06 4987.86 
45.64 B3 5130.37 5031.80 
45.64 120 13 04 50
45.64 244 0.28
45.645 22 -4.19
45.645 23 0.40
45.645 25 -3.48
45.645 30 0.00
45.645 B1 5087.52 4985.51 
45.645 B3 5131.69 5029.34 
45.645 120 13 04 50
45.645 244 0.28
45.65 22 -4.12
45.65 23 0.39
45.65 25 -3.48
45.65 30 0.00
45.65 B1 5089.46 4983.76 
45.65 B3 5133.33 5027.25 
45.65 120 13 04 50
45.65 244 0.28
45.655 22 -4.05
45.655 23 0.39
45.655 25 -3.62
45.655 30 0.00
45.655 B1 5091.68 4982.38 
45.655 B3 5135.18 5025.44 
45.655 120 13 04 50
45.655 244 0.28
45.66 22 -4.11
45.66 23 0.38
45.66 25 -3.62
45.66 30 0.00
45.66 B1 5095.04 4982.25 
45.66 B3 5138.34 5025.04 
45.66 120 13 04 50
45.66 244 0.28
45.665 22 -4.04
45.665 23 0.39
45.665 25 -3.49
45.665 30 0.00
45.665 B1 5098.16 4981.84 
45.665 B3 5141.26 5024.37 
45.665 120 13 04 50
45.665 244 0.27
45.67 22 -3.87
45.67 23 0.40
45.67 25 -3.49
45.67 30 0.00
45.67 B1 5098.73 4978.95 
45.67 B3 5141.59 5021.17 
45.67 120 13 04 50
45.67 244 0.27
45.675 22 -3.82
45.675 23 0.39
45.675 25 -0.69
45.675 30 0.00
45.675 B1 5099.98 4976.95 
45.675 B3 5142.45 5018.67 
45.675 120 13 04 50
45.675 244 0.28
45.68 22 -1.62
45.68 23 0.49
45.68 25 -0.69
45.68 30 0.00
45.68 B1 5106.28 4980.24 
45.68 B3 5144.85 5017.87 
45.68 120 13 04 50
45.68 244 0.28
45.685 22 -1.64
45.685 23 0.51
45.685 25 -0.69
45.685 30 0.00
45.685 B1 5110.02 4983.08 
45.685 B3 5146.33 5018.01 
45.685 120 13 04 50
45.685 244 0.28
45.69 22 -1.65
45.69 23 0.52
45.69 25 -0.69
45.69 30 0.00
45.69 B1 5112.18 4985.64 
45.69 B3 5147.21 5018.79 
45.69 120 13 04 50
45.69 244 0.28
45.695 22 -1.66
45.695 23 0.53
45.695 25 -0.69
45.695 30 0.00
45.695 B1 5113.35 4988.01 
45.695 B3 5147.68 5020.00 
45.695 120 13 04 50
45.695 244 0.28
45.7 22 -1.67
45.7 23 0.53
45.7 25 0.00
45.7 30 0.00
45.7 B1 5113.93 4990.25 
45.7 B3 5147.87 5021.49 
45.7 120 13 04 50
45.7 244 0.28
45.705 22 -1.22
45.705 23 0.53
45.705 25 0.00
45.705 30 0.00
45.705 B1 5115.67 4993.92 
45.705 B3 5149.08 5024.37 
45.705 120 13 04 50
45.705 244 0.28
45.71 22 -1.23
45.71 23 0.55
45.71 25 0.00
45.71 30 0.00
45.71 B1 5116.42 4997.19 
45.71 B3 5149.64 5027.19 
45.71 120 13 04 50
45.71 244 0.28
45.715 22 -1.25
45.715 23 0.55
45.715 25 0.00
45.715 30 0.00
45.715 B1 5116.58 5000.19 
45.715 B3 5149.77 5029.96 
45.715 120 13 04 50
45.715 244 0.28
45.72 22 -1.26
45.72 23 0.56
45.72 25 0.00
45.72 30 0.00
45.72 B1 5116.39 5003.01 
45.72 B3 5149.61 5032.68 
45.72 120 13 04 50
45.72 244 0.28
45.725 22 -1.27
45.725 23 0.56
45.725 25 0.00
45.725 30 0.00
45.725 B1 5116.00 5005.71 
45.725 B3 5149.27 5035.35 
45.725 120 13 04 50
45.725 244 0.28
45.73 22 -1.28
45.73 23 0.56
45.73 25 0.00
45.73 30 0.00
45.73 B1 5115.51 5008.32 
45.73 B3 5148.83 5037.98 
45.73 120 13 04 50
45.73 244 0.28
45.735 22 -1.29
45.735 23 0.56
45.735 25 0.00
45.735 30 0.00
45.735 B1 5114.98 5010.85 
45.735 B3 5148.31 5040.56 
45.735 120 13 04 50
45.735 244 0.28
45.74 22 -1.30
45.74 23 0.56
45.74 25 0.00
45.74 30 0.00
45.74 B1 5113.11 5012.01 
45.74 B3 5146.58 5041.91 
45.74 120 13 04 50
45.74 244 0.27
45.745 22 -1.31
45.745 23 0.55
45.745 25 0.00
45.745 30 0.00
45.745 B1 5110.42 5012.28 
45.745 B3 5144.00 5042.37 
45.745 120 13 04 50
45.745 244 0.27
45.75 22 -1.31
45.75 23 0.54
45.75 25 0.00
45.75 30 0.00
45.75 B1 5108.55 5013.32 
45.75 B3 5142.04 5043.41 
45.75 120 13 04 50
45.75 244 0.27
45.755 22 -1.32
45.755 23 0.53
45.755 25 0.00
45.755 30 0.00
45.755 B1 5107.19 5014.80 
45.755 B3 5140.51 5044.81 
45.755 120 13 04 50
45.755 244 0.27
45.76 22 -1.32
45.76 23 0.52
45.76 25 0.00
45.76 30 0.00
45.76 B1 5106.18 5016.52 
45.76 B3 5139.30 5046.46 
45.76 120 13 04 50
45.76 244 0.27
45.765 22 -1.32
45.765 23 0.52
45.765 25 0.00
45.765 30 0.00
45.765 B1 5105.38 5018.38 
45.765 B3 5138.31 5048.25 
45.765 120 13 04 50
45.765 244 0.27
45.77 22 -1.32
45.77 23 0.52
45.77 25 0.00
45.77 30 0.00
45.77 B1 5104.74 5020.31 
45.77 B3 5137.50 5050.13 
45.77 120 13 04 50
45.77 244 0.27
45.775 22 -1.32
45.775 23 0.51
45.775 25 0.00
45.775 30 0.00
45.775 B1 5104.21 5022.27 
45.775 B3 5136.83 5052.05 
45.775 120 13 04 50
45.775 244 0.27
45.78 22 -1.32
45.78 23 0.51
45.78 25 0.00
45.78 30 0.00
45.78 B1 5103.77 5024.22 
45.78 B3 5136.25 5054.00 
45.78 120 13 04 50
45.78 244 0.27
45.785 22 -1.32
45.785 23 0.51
45.785 25 0.00
45.785 30 0.00
45.785 B1 5103.38 5026.16 
45.785 B3 5135.77 5055.94 
45.785 120 13 04 50
45.785 244 0.27
45.79 22 -1.31
45.79 23 0.51
45.79 25 0.00
45.79 30 0.00
45.79 B1 5101.73 5026.75 
45.79 B3 5134.15 5056.68 
45.79 120 13 04 50
45.79 244 0.27
45.795 22 -1.31
45.795 23 0.50
45.795 25 0.00
45.795 30 0.00
45.795 B1 5100.62 5027.82 
45.795 B3 5132.96 5057.76 
45.795 120 13 04 50
45.795 244 0.27
45.8 22 -1.31
45.8 23 0.49
45.8 25 0.00
45.8 30 0.00
45.8 B1 5099.85 5029.16 
45.8 B3 5132.06 5059.07 
45.8 120 13 04 50
45.8 244 0.27
45.805 22 -1.30
45.805 23 0.49
45.805 25 0.00
45.805 30 0.00
45.805 B1 5099.31 5030.66 
45.805 B3 5131.39 5060.51 
45.805 120 13 04 50
45.805 244 0.27
45.81 22 -1.29
45.81 23 0.49
45.81 25 0.00
45.81 30 0.00
45.81 B1 5098.92 5032.24 
45.81 B3 5130.87 5062.04 
45.81 120 13 04 50
45.81 244 0.27
45.815 22 -1.29
45.815 23 0.48
45.815 25 0.00
45.815 30 0.00
45.815 B1 5098.62 5033.85 
45.815 B3 5130.47 5063.62 
45.815 120 13 04 50
45.815 244 0.27
45.82 22 -1.28
45.82 23 0.48
45.82 25 0.00
45.82 30 0.00
45.82 B1 5098.41 5035.48 
45.82 B3 5130.16 5065.22 
45.82 120 13 04 50
45.82 244 0.27
45.825 22 -1.27
45.825 23 0.48
45.825 25 0.00
45.825 30 0.00
45.825 B1 5098.26 5037.10 
45.825 B3 5129.93 5066.83 
45.825 120 13 04 50
45.825 244 0.27
45.83 22 -1.26
45.83 23 0.48
45.83 25 0.00
45.83 30 0.00
45.83 B1 5099.47 5040.03 
45.83 B3 5130.96 5069.63 
45.83 120 13 04 50
45.83 244 0.27
45.835 22 -1.26
45.835 23 0.49
45.835 25 0.00
45.835 30 0.00
45.835 B1 5100.23 5042.45 
45.835 B3 5131.67 5072.06 
45.835 120 13 04 50
45.835 244 0.28
45.84 22 -1.25
45.84 23 0.50
45.84 25 0.00
45.84 30 0.00
45.84 B1 5102.04 5045.86 
45.84 B3 5133.39 5075.42 
45.84 120 13 04 50
45.84 244 0.28
45.845 22 -1.24
45.845 23 0.51
45.845 25 0.00
45.845 30 0.00
45.845 B1 5103.20 5048.57 
45.845 B3 5134.61 5078.24 
45.845 120 13 04 50
45.845 244 0.28
45.85 22 -1.23
45.85 23 0.52
45.85 25 0.00
45.85 30 0.00
45.85 B1 5106.62 5053.48 
45.85 B3 5137.90 5083.06 
45.85 120 13 04 50
45.85 244 0.28
45.855 22 -1.22
45.855 23 0.54
45.855 25 0.00
45.855 30 0.00
45.855 B1 5108.82 5057.12 
45.855 B3 5140.25 5086.89 
45.855 120 13 04 50
45.855 244 0.28
45.86 22 -1.20
45.86 23 0.56
45.86 25 0.00
45.86 30 0.00
45.86 B1 5110.29 5059.97 
45.86 B3 5141.98 5090.03 
45.86 120 13 04 50
45.86 244 0.28
45.865 22 -1.19
45.865 23 0.57
45.865 25 0.00
45.865 30 0.00
45.865 B1 5111.32 5062.35 
45.865 B3 5143.27 5092.71 
45.865 120 13 04 50
45.865 244 0.28
45.87 22 -1.18
45.87 23 0.57
45.87 25 0.00
45.87 30 0.00
45.87 B1 5112.08 5064.42 
45.87 B3 5144.28 5095.05 
45.87 120 13 04 50
45.87 244 0.29
45.875 22 -1.17
45.875 23 0.58
45.875 25 0.00
45.875 30 0.00
45.875 B1 5114.01 5067.63 
45.875 B3 5146.29 5098.36 
45.875 120 13 04 50
45.875 244 0.29
45.88 22 -1.16
45.88 23 0.59
45.88 25 0.00
45.88 30 0.00
45.88 B1 5115.36 5070.21 
45.88 B3 5147.82 5101.14 
45.88 120 13 04 50
45.88 244 0.29
45.885 22 -1.15
45.885 23 0.60
45.885 25 0.00
45.885 30 0.00
45.885 B1 5117.68 5073.73 
45.885 B3 5150.21 5104.75 
45.885 120 13 04 50
45.885 244 0.29
45.89 22 -1.13
45.89 23 0.61
45.89 25 0.00
45.89 30 0.00
45.89 B1 5119.31 5076.52 
45.89 B3 5152.03 5107.75 
45.89 120 13 04 50
45.89 244 0.29
45.895 22 -1.12
45.895 23 0.62
45.895 25 0.00
45.895 30 0.00
45.895 B1 5120.51 5078.84 
45.895 B3 5153.46 5110.32 
45.895 120 13 04 50
45.895 244 0.29
45.9 22 -1.11
45.9 23 0.63
45.9 25 0.00
45.9 30 0.00
45.9 B1 5121.46 5080.89 
45.9 B3 5154.62 5112.59 
45.9 120 13 04 50
45.9 244 0.29
45.905 22 -1.10
45.905 23 0.63
45.905 25 0.00
45.905 30 0.00
45.905 B1 5122.26 5082.76 
45.905 B3 5155.61 5114.66 
45.905 120 13 04 50
45.905 244 0.29
45.91 22 -1.08
45.91 23 0.63
45.91 25 0.00
45.91 30 0.00
45.91 B1 5122.98 5084.51 
45.91 B3 5156.48 5116.58 
45.91 120 13 04 50
45.91 244 0.29
45.915 22 -1.07
45.915 23 0.63
45.915 25 0.00
45.915 30 0.00
45.915 B1 5123.65 5086.20 
45.915 B3 5157.27 5118.39 
45.915 120 13 04 50
45.915 244 0.30
45.92 22 -1.06
45.92 23 0.63
45.92 25 0.00
45.92 30 0.00
45.92 B1 5126.94 5090.47 
45.92 B3 5160.40 5122.52 
45.92 120 13 04 50
45.92 244 0.30
45.925 22 -1.04
45.925 23 0.65
45.925 25 0.00
45.925 30 0.00
45.925 B1 5129.24 5093.71 
45.925 B3 5162.79 5125.87 
45.925 120 13 04 50
45.925 244 0.30
45.93 22 -1.03
45.93 23 0.66
45.93 25 0.00
45.93 30 0.00
45.93 B1 5130.93 5096.33 
45.93 B3 5164.68 5128.69 
45.93 120 13 04 50
45.93 244 0.30
45.935 22 -1.02
45.935 23 0.67
45.935 25 0.00
45.935 30 0.00
45.935 B1 5133.58 5099.87 
45.935 B3 5167.41 5132.33 
45.935 120 13 04 50
45.935 244 0.30
45.94 22 -1.00
45.94 23 0.69
45.94 25 0.00
45.94 30 0.00
45.94 B1 5135.51 5102.67 
45.94 B3 5169.55 5135.36 
45.94 120 13 04 50
45.94 244 0.30
45.945 22 -0.99
45.945 23 0.70
45.945 25 0.00
45.945 30 0.00
45.945 B1 5137.02 5105.03 
45.945 B3 5171.29 5137.96 
45.945 120 13 04 50
45.945 244 0.30
45.95 22 -0.98
45.95 23 0.70
45.95 25 0.00
45.95 30 0.00
45.95 B1 5138.26 5107.10 
45.95 B3 5172.76 5140.27 
45.95 120 13 04 50
45.95 244 0.30
45.955 22 -0.96
45.955 23 0.71
45.955 25 0.00
45.955 30 0.00
45.955 B1 5139.34 5108.99 
45.955 B3 5174.04 5142.37 
45.955 120 13 04 50
45.955 244 0.30
45.96 22 -0.95
45.96 23 0.71
45.96 25 0.00
45.96 30 0.00
45.96 B1 5140.34 5110.78 
45.96 B3 5175.19 5144.33 
45.96 120 13 04 50
45.96 244 0.30
45.965 22 -0.94
45.965 23 0.71
45.965 25 0.00
45.965 30 0.00
45.965 B1 5141.28 5112.49 
45.965 B3 5176.26 5146.18 
45.965 120 13 04 50
45.965 244 0.31
45.97 22 -0.92
45.97 23 0.71
45.97 25 0.00
45.97 30 0.00
45.97 B1 5143.52 5115.48 
45.97 B3 5178.47 5149.16 
45.97 120 13 04 50
45.97 244 0.31
45.975 22 -0.91
45.975 23 0.72
45.975 25 0.00
45.975 30 0.00
45.975 B1 5145.25 5117.95 
45.975 B3 5180.29 5151.73 
45.975 120 13 04 50
45.975 244 0.31
45.98 22 -0.90
45.98 23 0.73
45.98 25 0.00
45.98 30 0.00
45.98 B1 5146.68 5120.08 
45.98 B3 5181.84 5154.01 
45.98 120 13 04 50
45.98 244 0.31
45.985 22 -0.88
45.985 23 0.73
45.985 25 0.00
45.985 30 0.00
45.985 B1 5147.92 5122.02 
45.985 B3 5183.21 5156.09 
45.985 120 13 04 50
45.985 244 0.31
45.99 22 -0.87
45.99 23 0.73
45.99 25 0.00
45.99 30 0.00
45.99 B1 5149.05 5123.83 
45.99 B3 5184.46 5158.03 
45.99 120 13 04 50
45.99 244 0.31
45.995 22 -0.86
45.995 23 0.73
45.995 25 0.00
45.995 30 0.00
45.995 B1 5150.12 5125.56 
45.995 B3 5185.62 5159.88 
45.995 120 13 04 50
45.995 244 0.30
46 22 -0.85
46 23 0.73
46 25 0.00
46 30 0.00
46 B1 5149.83 5125.92 
46 B3 5185.53 5160.46 
46 120 13 04 50
46 244 0.30
46.005 22 -0.83
46.005 23 0.72
46.005 25 0.00
46.005 30 0.00
46.005 B1 5150.01 5126.73 
46.005 B3 5185.77 5161.34 
46.005 120 13 04 50
46.005 244 0.30
46.01 22 -0.82
46.01 23 0.72
46.01 25 0.00
46.01 30 0.00
46.01 B1 5150.49 5127.83 
46.01 B3 5186.22 5162.44 
46.01 120 13 04 50
46.01 244 0.30
46.015 22 -0.81
46.015 23 0.71
46.015 25 0.00
46.015 30 0.00
46.015 B1 5151.15 5129.09 
46.015 B3 5186.83 5163.68 
46.015 120 13 04 50
46.015 244 0.30
46.02 22 -0.80
46.02 23 0.71
46.02 25 0.00
46.02 30 0.00
46.02 B1 5151.92 5130.46 
46.02 B3 5187.55 5165.01 
46.02 120 13 04 50
46.02 244 0.30
46.025 22 -0.78
46.025 23 0.71
46.025 25 0.00
46.025 30 0.00
46.025 B1 5152.77 5131.88 
46.025 B3 5188.35 5166.40 
46.025 120 13 04 50
46.025 244 0.30
46.03 22 -0.77
46.03 23 0.71
46.03 25 0.00
46.03 30 0.00
46.03 B1 5152.35 5132.01 
46.03 B3 5188.00 5166.64 
46.03 120 13 04 50
46.03 244 0.30
46.035 22 -0.76
46.035 23 0.70
46.035 25 0.00
46.035 30 0.00
46.035 B1 5152.44 5132.66 
46.035 B3 5188.05 5167.26 
46.035 120 13 04 50
46.035 244 0.30
46.04 22 -0.75
46.04 23 0.69
46.04 25 0.00
46.04 30 0.00
46.04 B1 5152.87 5133.61 
46.04 B3 5188.37 5168.13 
46.04 120 13 04 50
46.04 244 0.30
46.045 22 -0.74
46.045 23 0.69
46.045 25 0.00
46.045 30 0.00
46.045 B1 5153.49 5134.75 
46.045 B3 5188.89 5169.19 
46.045 120 13 04 50
46.045 244 0.30
46.05 22 -0.72
46.05 23 0.68
46.05 25 0.00
46.05 30 0.00
46.05 B1 5154.24 5136.00 
46.05 B3 5189.53 5170.36 
46.05 120 13 04 50
46.05 244 0.30
46.055 22 -0.71
46.055 23 0.68
46.055 25 -1.14
46.055 30 0.00
46.055 B1 5156.38 5138.64 
46.055 B3 5191.47 5172.81 
46.055 120 13 04 50
46.055 244 0.30
46.06 22 -1.52
46.06 23 0.68
46.06 25 -1.14
46.06 30 0.00
46.06 B1 5156.08 5138.80 
46.06 B3 5191.92 5173.76 
46.06 120 13 04 50
46.06 244 0.30
46.065 22 -1.48
46.065 23 0.67
46.065 25 -1.14
46.065 30 0.00
46.065 B1 5156.66 5139.05 
46.065 B3 5192.85 5174.52 
46.065 120 13 04 50
46.065 244 0.30
46.07 22 -1.45
46.07 23 0.66
46.07 25 -1.73
46.07 30 0.00
46.07 B1 5157.78 5139.36 
46.07 B3 5194.09 5175.15 
46.07 120 13 04 50
46.07 244 0.30
46.075 22 -1.88
46.075 23 0.64
46.075 25 -2.86
46.075 30 0.00
46.075 B1 5159.92 5140.41 
46.075 B3 5196.74 5176.90 
46.075 120 13 04 50
46.075 244 0.30
46.08 22 -2.74
46.08 23 0.60
46.08 25 -3.15
46.08 30 0.00
46.08 B1 5160.51 5139.29 
46.08 B3 5199.35 5178.04 
46.08 120 13 04 50
46.08 244 0.30
46.085 22 -2.91
46.085 23 0.58
46.085 25 -3.30
46.085 30 0.00
46.085 B1 5161.76 5137.63 
46.085 B3 5202.24 5178.39 
46.085 120 13 04 50
46.085 244 0.31
46.09 22 -2.95
46.09 23 0.57
46.09 25 -3.30
46.09 30 0.00
46.09 B1 5165.10 5137.15 
46.09 B3 5206.57 5179.30 
46.09 120 13 04 50
46.09 244 0.31
46.095 22 -2.88
46.095 23 0.58
46.095 25 -3.34
46.095 30 0.00
46.095 B1 5168.75 5136.35 
46.095 B3 5210.75 5179.38 
46.095 120 13 04 50
46.095 244 0.30
46.1 22 -2.85
46.1 23 0.58
46.1 25 -3.34
46.1 30 0.00
46.1 B1 5171.14 5133.97 
46.1 B3 5213.58 5177.72 
46.1 120 13 04 50
46.1 244 0.30
46.105 22 -2.79
46.105 23 0.58
46.105 25 -3.46
46.105 30 0.00
46.105 B1 5174.12 5132.03 
46.105 B3 5216.66 5176.05 
46.105 120 13 04 50
46.105 244 0.30
46.11 22 -2.83
46.11 23 0.57
46.11 25 -3.46
46.11 30 0.00
46.11 B1 5177.21 5130.17 
46.11 B3 5219.88 5174.41 
46.11 120 13 04 50
46.11 244 0.30
46.115 22 -2.78
46.115 23 0.57
46.115 25 -3.46
46.115 30 0.00
46.115 B1 5180.61 5128.56 
46.115 B3 5223.20 5172.76 
46.115 120 13 04 50
46.115 244 0.30
46.12 22 -2.73
46.12 23 0.57
46.12 25 -3.46
46.12 30 0.00
46.12 B1 5184.15 5127.13 
46.12 B3 5226.58 5171.15 
46.12 120 13 04 50
46.12 244 0.30
46.125 22 -2.68
46.125 23 0.57
46.125 25 -3.46
46.125 30 0.00
46.125 B1 5187.76 5125.84 
46.125 B3 5229.96 5169.58 
46.125 120 13 04 50
46.125 244 0.30
46.13 22 -2.64
46.13 23 0.57
46.13 25 -3.46
46.13 30 0.00
46.13 B1 5191.37 5124.67 
46.13 B3 5233.32 5168.07 
46.13 120 13 04 50
46.13 244 0.30
46.135 22 -2.60
46.135 23 0.57
46.135 25 -3.46
46.135 30 0.00
46.135 B1 5194.94 5123.58 
46.135 B3 5236.65 5166.62 
46.135 120 13 04 50
46.135 244 0.30
46.14 22 -2.56
46.14 23 0.58
46.14 25 -3.46
46.14 30 0.00
46.14 B1 5197.15 5121.26 
46.14 B3 5238.75 5164.06 
46.14 120 13 04 50
46.14 244 0.30
46.145 22 -2.53
46.145 23 0.57
46.145 25 -3.46
46.145 30 0.00
46.145 B1 5199.77 5119.51 
46.145 B3 5241.13 5161.92 
46.145 120 13 04 50
46.145 244 0.30
46.15 22 -2.50
46.15 23 0.56
46.15 25 -3.46
46.15 30 0.00
46.15 B1 5201.30 5116.81 
46.15 B3 5242.51 5158.92 
46.15 120 13 04 50
46.15 244 0.30
46.155 22 -2.47
46.155 23 0.55
46.155 25 -3.46
46.155 30 0.00
46.155 B1 5203.43 5114.85 
46.155 B3 5244.35 5156.53 
46.155 120 13 04 50
46.155 244 0.30
46.16 22 -2.44
46.16 23 0.55
46.16 25 -3.30
46.16 30 0.00
46.16 B1 5205.89 5113.37 
46.16 B3 5246.48 5154.57 
46.16 120 13 04 50
46.16 244 0.30
46.165 22 -2.29
46.165 23 0.55
46.165 25 -2.12
46.165 30 0.00
46.165 B1 5210.12 5113.78 
46.165 B3 5250.00 5154.13 
46.165 120 13 04 50
46.165 244 0.30
46.17 22 -1.37
46.17 23 0.61
46.17 25 -0.96
46.17 30 0.00
46.17 B1 5215.10 5115.17 
46.17 B3 5253.24 5153.63 
46.17 120 13 04 50
46.17 244 0.30
46.175 22 -0.58
46.175 23 0.65
46.175 25 -0.96
46.175 30 0.00
46.175 B1 5219.30 5116.82 
46.175 B3 5255.94 5153.50 
46.175 120 13 04 50
46.175 244 0.30
46.18 22 -0.61
46.18 23 0.66
46.18 25 0.00
46.18 30 0.00
46.18 B1 5222.11 5118.51 
46.18 B3 5257.98 5153.98 
46.18 120 13 04 50
46.18 244 0.30
46.185 22 -0.01
46.185 23 0.66
46.185 25 0.00
46.185 30 0.00
46.185 B1 5225.25 5121.43 
46.185 B3 5260.74 5156.08 
46.185 120 13 04 50
46.185 244 0.30
46.19 22 -0.06
46.19 23 0.68
46.19 25 0.00
46.19 30 0.00
46.19 B1 5227.13 5124.23 
46.19 B3 5262.59 5158.36 
46.19 120 13 04 50
46.19 244 0.30
46.195 22 -0.10
46.195 23 0.68
46.195 25 0.00
46.195 30 0.00
46.195 B1 5228.24 5126.95 
46.195 B3 5263.82 5160.75 
46.195 120 13 04 50
46.195 244 0.30
46.2 22 -0.14
46.2 23 0.69
46.2 25 0.00
46.2 30 0.00
46.2 B1 5228.88 5129.61 
46.2 B3 5264.62 5163.22 
46.2 120 13 04 50
46.2 244 0.30
46.205 22 -0.18
46.205 23 0.69
46.205 25 0.00
46.205 30 0.00
46.205 B1 5229.24 5132.22 
46.205 B3 5265.13 5165.73 
46.205 120 13 04 50
46.205 244 0.30
46.21 22 -0.21
46.21 23 0.69
46.21 25 0.00
46.21 30 0.00
46.21 B1 5229.44 5134.78 
46.21 B3 5265.45 5168.24 
46.21 120 13 04 50
46.21 244 0.30
46.215 22 -0.25
46.215 23 0.69
46.215 25 0.00
46.215 30 0.00
46.215 B1 5229.54 5137.30 
46.215 B3 5265.66 5170.77 
46.215 120 13 04 50
46.215 244 0.30
46.22 22 -0.28
46.22 23 0.69
46.22 25 0.00
46.22 30 0.00
46.22 B1 5229.61 5139.78 
46.22 B3 5265.79 5173.27 
46.22 120 13 04 50
46.22 244 0.30
46.225 22 -0.31
46.225 23 0.69
46.225 25 0.00
46.225 30 0.00
46.225 B1 5229.66 5142.22 
46.225 B3 5265.88 5175.76 
46.225 120 13 04 50
46.225 244 0.30
46.23 22 -0.34
46.23 23 0.69
46.23 25 0.00
46.23 30 0.00
46.23 B1 5229.71 5144.63 
46.23 B3 5265.95 5178.23 
46.23 120 13 04 50
46.23 244 0.30
46.235 22 -0.36
46.235 23 0.69
46.235 25 0.00
46.235 30 0.00
46.235 B1 5229.78 5147.00 
46.235 B3 5266.02 5180.66 
46.235 120 13 04 50
46.235 244 0.30
46.24 22 -0.39
46.24 23 0.69
46.24 25 0.00
46.24 30 0.00
46.24 B1 5229.87 5149.33 
46.24 B3 5266.10 5183.06 
46.24 120 13 04 50
46.24 244 0.30
46.245 22 -0.41
46.245 23 0.69
46.245 25 0.00
46.245 30 0.00
46.245 B1 5229.99 5151.64 
46.245 B3 5266.19 5185.43 
46.245 120 13 04 50
46.245 244 0.30
46.25 22 -0.43
46.25 23 0.69
46.25 25 0.00
46.25 30 0.00
46.25 B1 5230.13 5153.90 
46.25 B3 5266.31 5187.77 
46.25 120 13 04 50
46.25 244 0.30
46.255 22 -0.45
46.255 23 0.69
46.255 25 0.00
46.255 30 0.00
46.255 B1 5230.31 5156.14 
46.255 B3 5266.45 5190.07 
46.255 120 13 04 50
46.255 244 0.30
46.26 22 -0.47
46.26 23 0.69
46.26 25 0.00
46.26 30 0.00
46.26 B1 5229.19 5157.02 
46.26 B3 5265.43 5191.15 
46.26 120 13 04 50
46.26 244 0.30
46.265 22 -0.49
46.265 23 0.68
46.265 25 0.00
46.265 30 0.00
46.265 B1 5228.58 5158.36 
46.265 B3 5264.79 5192.54 
46.265 120 13 04 50
46.265 244 0.30
46.27 22 -0.51
46.27 23 0.68
46.27 25 0.00
46.27 30 0.00
46.27 B1 5229.62 5161.29 
46.27 B3 5265.61 5195.34 
46.27 120 13 04 50
46.27 244 0.30
46.275 22 -0.52
46.275 23 0.68
46.275 25 0.00
46.275 30 0.00
46.275 B1 5230.39 5163.90 
46.275 B3 5266.28 5197.93 
46.275 120 13 04 50
46.275 244 0.30
46.28 22 -0.54
46.28 23 0.69
46.28 25 0.00
46.28 30 0.00
46.28 B1 5231.01 5166.28 
46.28 B3 5266.85 5200.35 
46.28 120 13 04 50
46.28 244 0.30
46.285 22 -0.55
46.285 23 0.69
46.285 25 0.00
46.285 30 0.00
46.285 B1 5231.53 5168.52 
46.285 B3 5267.37 5202.65 
46.285 120 13 04 50
46.285 244 0.30
46.29 22 -0.56
46.29 23 0.69
46.29 25 0.00
46.29 30 0.00
46.29 B1 5232.01 5170.66 
46.29 B3 5267.85 5204.86 
46.29 120 13 04 50
46.29 244 0.31
46.295 22 -0.57
46.295 23 0.69
46.295 25 0.00
46.295 30 0.00
46.295 B1 5233.79 5174.05 
46.295 B3 5269.51 5208.20 
46.295 120 13 04 50
46.295 244 0.31
46.3 22 -0.58
46.3 23 0.70
46.3 25 0.00
46.3 30 0.00
46.3 B1 5235.08 5176.90 
46.3 B3 5270.82 5211.12 
46.3 120 13 04 50
46.3 244 0.31
46.305 22 -0.59
46.305 23 0.71
46.305 25 0.00
46.305 30 0.00
46.305 B1 5236.08 5179.41 
46.305 B3 5271.89 5213.75 
46.305 120 13 04 50
46.305 244 0.31
46.31 22 -0.60
46.31 23 0.71
46.31 25 0.00
46.31 30 0.00
46.31 B1 5236.91 5181.70 
46.31 B3 5272.81 5216.17 
46.31 120 13 04 50
46.31 244 0.31
46.315 22 -0.61
46.315 23 0.71
46.315 25 0.00
46.315 30 0.00
46.315 B1 5237.64 5183.84 
46.315 B3 5273.62 5218.45 
46.315 120 13 04 50
46.315 244 0.31
46.32 22 -0.61
46.32 23 0.71
46.32 25 0.00
46.32 30 0.00
46.32 B1 5238.31 5185.89 
46.32 B3 5274.37 5220.61 
46.32 120 13 04 50
46.32 244 0.31
46.325 22 -0.62
46.325 23 0.71
46.325 25 0.00
46.325 30 0.00
46.325 B1 5238.96 5187.88 
46.325 B3 5275.09 5222.69 
46.325 120 13 04 50
46.325 244 0.31
46.33 22 -0.62
46.33 23 0.71
46.33 25 0.00
46.33 30 0.00
46.33 B1 5240.92 5191.13 
46.33 B3 5276.97 5225.90 
46.33 120 13 04 50
46.33 244 0.31
46.335 22 -0.63
46.335 23 0.72
46.335 25 0.00
46.335 30 0.00
46.335 B1 5242.39 5193.86 
46.335 B3 5278.50 5228.70 
46.335 120 13 04 50
46.335 244 0.31
46.34 22 -0.63
46.34 23 0.73
46.34 25 0.00
46.34 30 0.00
46.34 B1 5242.26 5194.95 
46.34 B3 5278.58 5230.03 
46.34 120 13 04 50
46.34 244 0.31
46.345 22 -0.64
46.345 23 0.72
46.345 25 0.00
46.345 30 0.00
46.345 B1 5242.43 5196.30 
46.345 B3 5278.86 5231.51 
46.345 120 13 04 50
46.345 244 0.31
46.35 22 -0.64
46.35 23 0.72
46.35 25 0.00
46.35 30 0.00
46.35 B1 5242.80 5197.83 
46.35 B3 5279.27 5233.08 
46.35 120 13 04 50
46.35 244 0.31
46.355 22 -0.64
46.355 23 0.72
46.355 25 0.00
46.355 30 0.00
46.355 B1 5243.30 5199.45 
46.355 B3 5279.78 5234.72 
46.355 120 13 04 50
46.355 244 0.31
46.36 22 -0.64
46.36 23 0.72
46.36 25 0.00
46.36 30 0.00
46.36 B1 5243.89 5201.12 
46.36 B3 5280.36 5236.40 
46.36 120 13 04 50
46.36 244 0.31
46.365 22 -0.65
46.365 23 0.72
46.365 25 0.00
46.365 30 0.00
46.365 B1 5244.53 5202.83 
46.365 B3 5280.99 5238.10 
46.365 120 13 04 50
46.365 244 0.31
46.37 22 -0.65
46.37 23 0.71
46.37 25 0.00
46.37 30 0.00
46.37 B1 5245.22 5204.54 
46.37 B3 5281.67 5239.81 
46.37 120 13 04 50
46.37 244 0.31
46.375 22 -0.65
46.375 23 0.71
46.375 25 0.00
46.375 30 0.00
46.375 B1 5245.93 5206.26 
46.375 B3 5282.38 5241.53 
46.375 120 13 04 50
46.375 244 0.31
46.38 22 -0.65
46.38 23 0.71
46.38 25 0.00
46.38 30 0.00
46.38 B1 5246.67 5207.97 
46.38 B3 5283.11 5243.24 
46.38 120 13 04 50
46.38 244 0.31
46.385 22 -0.65
46.385 23 0.71
46.385 25 0.00
46.385 30 0.00
46.385 B1 5247.43 5209.68 
46.385 B3 5283.86 5244.95 
46.385 120 13 04 50
46.385 244 0.31
46.39 22 -0.64
46.39 23 0.71
46.39 25 0.00
46.39 30 0.00
46.39 B1 5248.20 5211.37 
46.39 B3 5284.64 5246.65 
46.39 120 13 04 50
46.39 244 0.31
46.395 22 -0.64
46.395 23 0.71
46.395 25 0.00
46.395 30 0.00
46.395 B1 5248.99 5213.06 
46.395 B3 5285.42 5248.34 
46.395 120 13 04 50
46.395 244 0.30
46.4 22 -0.64
46.4 23 0.71
46.4 25 0.00
46.4 30 0.00
46.4 B1 5248.47 5213.42 
46.4 B3 5285.03 5248.83 
46.4 120 13 04 50
46.4 244 0.31
46.405 22 -0.64
46.405 23 0.70
46.405 25 0.00
46.405 30 0.00
46.405 B1 5249.76 5215.57 
46.405 B3 5286.19 5250.86 
46.405 120 13 04 50
46.405 244 0.30
46.41 22 -0.64
46.41 23 0.70
46.41 25 0.00
46.41 30 0.00
46.41 B1 5249.56 5216.21 
46.41 B3 5286.07 5251.57 
46.41 120 13 04 50
46.41 244 0.30
46.415 22 -0.63
46.415 23 0.70
46.415 25 0.00
46.415 30 0.00
46.415 B1 5249.75 5217.21 
46.415 B3 5286.23 5252.55 
46.415 120 13 04 50
46.415 244 0.30
46.42 22 -0.63
46.42 23 0.69
46.42 25 0.00
46.42 30 0.00
46.42 B1 5250.17 5218.43 
46.42 B3 5286.58 5253.72 
46.42 120 13 04 50
46.42 244 0.30
46.425 22 -0.63
46.425 23 0.69
46.425 25 0.00
46.425 30 0.00
46.425 B1 5250.74 5219.78 
46.425 B3 5287.09 5255.01 
46.425 120 13 04 50
46.425 244 0.30
46.43 22 -0.63
46.43 23 0.69
46.43 25 0.00
46.43 30 0.00
46.43 B1 5251.41 5221.21 
46.43 B3 5287.69 5256.37 
46.43 120 13 04 50
46.43 244 0.30
46.435 22 -0.62
46.435 23 0.68
46.435 25 0.00
46.435 30 0.00
46.435 B1 5252.14 5222.68 
46.435 B3 5288.36 5257.80 
46.435 120 13 04 50
46.435 244 0.30
46.44 22 -0.62
46.44 23 0.68
46.44 25 0.00
46.44 30 0.00
46.44 B1 5251.59 5222.86 
46.44 B3 5287.89 5258.06 
46.44 120 13 04 50
46.44 244 0.30
46.445 22 -0.61
46.445 23 0.67
46.445 25 0.00
46.445 30 0.00
46.445 B1 5250.23 5222.22 
46.445 B3 5286.61 5257.50 
46.445 120 13 04 50
46.445 244 0.30
46.45 22 -0.61
46.45 23 0.66
46.45 25 0.00
46.45 30 0.00
46.45 B1 5249.68 5222.36 
46.45 B3 5285.95 5257.55 
46.45 120 13 04 50
46.45 244 0.30
46.455 22 -0.61
46.455 23 0.65
46.455 25 0.00
46.455 30 0.00
46.455 B1 5249.62 5222.99 
46.455 B3 5285.73 5258.03 
46.455 120 13 04 50
46.455 244 0.30
46.46 22 -0.60
46.46 23 0.64
46.46 25 0.00
46.46 30 0.00
46.46 B1 5249.89 5223.92 
46.46 B3 5285.80 5258.78 
46.46 120 13 04 50
46.46 244 0.29
46.465 22 -0.60
46.465 23 0.63
46.465 25 0.00
46.465 30 0.00
46.465 B1 5249.02 5223.71 
46.465 B3 5284.89 5258.54 
46.465 120 13 04 50
46.465 244 0.29
46.47 22 -0.59
46.47 23 0.62
46.47 25 0.00
46.47 30 0.00
46.47 B1 5248.77 5224.09 
46.47 B3 5284.48 5258.78 
46.47 120 13 04 50
46.47 244 0.29
46.475 22 -0.59
46.475 23 0.61
46.475 25 0.00
46.475 30 0.00
46.475 B1 5248.89 5224.84 
46.475 B3 5284.42 5259.36 
46.475 120 13 04 50
46.475 244 0.29
46.48 22 -0.58
46.48 23 0.61
46.48 25 -0.67
46.48 30 0.00
46.48 B1 5249.25 5225.81 
46.48 B3 5284.60 5260.16 
46.48 120 13 04 50
46.48 244 0.29
46.485 22 -1.04
46.485 23 0.60
46.485 25 -1.15
46.485 30 0.00
46.485 B1 5249.50 5226.65 
46.485 B3 5284.96 5261.12 
46.485 120 13 04 50
46.485 244 0.29
46.49 22 -1.37
46.49 23 0.59
46.49 25 -3.14
46.49 30 0.00
46.49 B1 5248.50 5225.78 
46.49 B3 5284.41 5260.81 
46.49 120 13 04 50
46.49 244 0.29
46.495 22 -2.92
46.495 23 0.49
46.495 25 -4.07
46.495 30 0.00
46.495 B1 5245.70 5222.50 
46.495 B3 5284.54 5260.66 
46.495 120 13 04 50
46.495 244 0.29
46.5 22 -3.62
46.5 23 0.40
46.5 25 -6.04
46.5 30 0.00
46.5 B1 5243.33 5217.78 
46.5 B3 5285.71 5259.94 
46.5 120 13 04 50
46.5 244 0.29
46.505 22 -5.12
46.505 23 0.18
46.505 25 -6.83
46.505 30 0.00
46.505 B1 5237.77 5207.99 
46.505 B3 5287.83 5258.52 
46.505 120 13 04 50
46.505 244 0.29
46.51 22 -5.60
46.51 23 0.05
46.51 25 -6.83
46.51 30 0.00
46.51 B1 5235.30 5198.74 
46.51 B3 5292.25 5257.06 
46.51 120 13 04 50
46.51 244 0.29
46.515 22 -5.47
46.515 23 0.04
46.515 25 -7.77
46.515 30 0.00
46.515 B1 5236.69 5191.34 
46.515 B3 5297.21 5254.14 
46.515 120 13 04 50
46.515 244 0.29
46.52 22 -6.03
46.52 23 -0.09
46.52 25 -8.57
46.52 30 0.00
46.52 B1 5235.30 5179.99 
46.52 B3 5301.30 5249.04 
46.52 120 13 04 50
46.52 244 0.29
46.525 22 -6.44
46.525 23 -0.22
46.525 25 -8.97
46.525 30 0.00
46.525 B1 5234.06 5167.58 
46.525 B3 5306.08 5243.32 
46.525 120 13 04 50
46.525 244 0.29
46.53 22 -6.57
46.53 23 -0.30
46.53 25 -8.97
46.53 30 0.00
46.53 B1 5236.06 5157.35 
46.53 B3 5312.62 5238.13 
46.53 120 13 04 50
46.53 244 0.29
46.535 22 -6.47
46.535 23 -0.30
46.535 25 -8.97
46.535 30 0.00
46.535 B1 5240.71 5149.05 
46.535 B3 5319.20 5232.04 
46.535 120 13 04 50
46.535 244 0.29
46.54 22 -6.36
46.54 23 -0.30
46.54 25 -9.24
46.54 30 0.00
46.54 B1 5246.91 5141.97 
46.54 B3 5325.77 5225.38 
46.54 120 13 04 50
46.54 244 0.29
46.545 22 -6.44
46.545 23 -0.33
46.545 25 -9.24
46.545 30 0.00
46.545 B1 5252.79 5134.47 
46.545 B3 5332.27 5218.39 
46.545 120 13 04 50
46.545 244 0.29
46.55 22 -6.35
46.55 23 -0.32
46.55 25 -9.24
46.55 30 0.00
46.55 B1 5259.66 5127.91 
46.55 B3 5338.72 5211.15 
46.55 120 13 04 50
46.55 244 0.30
46.555 22 -6.27
46.555 23 -0.30
46.555 25 -9.24
46.555 30 0.00
46.555 B1 5268.38 5123.29 
46.555 B3 5346.27 5205.00 
46.555 120 13 04 50
46.555 244 0.30
46.56 22 -6.19
46.56 23 -0.28
46.56 25 -9.24
46.56 30 0.00
46.56 B1 5276.86 5118.60 
46.56 B3 5353.38 5198.49 
46.56 120 13 04 50
46.56 244 0.30
46.565 22 -6.12
46.565 23 -0.26
46.565 25 -9.24
46.565 30 0.00
46.565 B1 5285.09 5113.90 
46.565 B3 5360.13 5191.81 
46.565 120 13 04 50
46.565 244 0.30
46.57 22 -6.06
46.57 23 -0.24
46.57 25 -9.24
46.57 30 0.00
46.57 B1 5294.40 5110.56 
46.57 B3 5367.78 5186.28 
46.57 120 13 04 50
46.57 244 0.30
46.575 22 -6.00
46.575 23 -0.22
46.575 25 -9.24
46.575 30 0.00
46.575 B1 5302.99 5106.78 
46.575 B3 5374.84 5180.43 
46.575 120 13 04 50
46.575 244 0.30
46.58 22 -5.95
46.58 23 -0.19
46.58 25 -9.24
46.58 30 0.00
46.58 B1 5309.72 5101.46 
46.58 B3 5380.25 5173.23 
46.58 120 13 04 50
46.58 244 0.30
46.585 22 -5.90
46.585 23 -0.18
46.585 25 -9.24
46.585 30 0.00
46.585 B1 5316.48 5096.54 
46.585 B3 5385.63 5166.37 
46.585 120 13 04 50
46.585 244 0.30
46.59 22 -5.87
46.59 23 -0.17
46.59 25 -9.24
46.59 30 0.00
46.59 B1 5323.18 5091.91 
46.59 B3 5390.95 5159.82 
46.59 120 13 04 50
46.59 244 0.30
46.595 22 -5.83
46.595 23 -0.16
46.595 25 -9.24
46.595 30 0.00
46.595 B1 5329.76 5087.50 
46.595 B3 5396.19 5153.54 
46.595 120 13 04 50
46.595 244 0.30
46.6 22 -5.80
46.6 23 -0.15
46.6 25 -9.24
46.6 30 0.00
46.6 B1 5336.17 5083.26 
46.6 B3 5401.33 5147.51 
46.6 120 13 04 50
46.6 244 0.30
46.605 22 -5.78
46.605 23 -0.14
46.605 25 -9.24
46.605 30 0.00
46.605 B1 5342.40 5079.15 
46.605 B3 5406.36 5141.72 
46.605 120 13 04 50
46.605 244 0.30
46.61 22 -5.77
46.61 23 -0.13
46.61 25 -9.24
46.61 30 0.00
46.61 B1 5349.76 5076.48 
46.61 B3 5412.47 5137.35 
46.61 120 13 04 50
46.61 244 0.30
46.615 22 -5.76
46.615 23 -0.12
46.615 25 -9.24
46.615 30 0.00
46.615 B1 5355.13 5072.09 
46.615 B3 5416.94 5131.63 
46.615 120 13 04 50
46.615 244 0.30
46.62 22 -5.75
46.62 23 -0.11
46.62 25 -9.24
46.62 30 0.00
46.62 B1 5360.47 5068.01 
46.62 B3 5421.38 5126.22 
46.62 120 13 04 50
46.62 244 0.30
46.625 22 -5.75
46.625 23 -0.10
46.625 25 -9.24
46.625 30 0.00
46.625 B1 5365.72 5064.13 
46.625 B3 5425.77 5121.09 
46.625 120 13 04 50
46.625 244 0.30
46.63 22 -5.75
46.63 23 -0.10
46.63 25 -9.24
46.63 30 0.00
46.63 B1 5370.85 5060.42 
46.63 B3 5430.08 5116.19 
46.63 120 13 04 50
46.63 244 0.30
46.635 22 -5.76
46.635 23 -0.09
46.635 25 -9.24
46.635 30 0.00
46.635 B1 5375.82 5056.84 
46.635 B3 5434.31 5111.51 
46.635 120 13 04 50
46.635 244 0.30
46.64 22 -5.77
46.64 23 -0.08
46.64 25 -9.24
46.64 30 0.00
46.64 B1 5381.96 5054.68 
46.64 B3 5439.65 5108.21 
46.64 120 13 04 50
46.64 244 0.30
46.645 22 -5.79
46.645 23 -0.07
46.645 25 -9.24
46.645 30 0.00
46.645 B1 5387.47 5052.11 
46.645 B3 5444.55 5104.72 
46.645 120 13 04 50
46.645 244 0.30
46.65 22 -5.81
46.65 23 -0.06
46.65 25 -8.96
46.65 30 0.00
46.65 B1 5392.53 5049.32 
46.65 B3 5449.12 5101.14 
46.65 120 13 04 50
46.65 244 0.30
46.655 22 -5.62
46.655 23 -0.01
46.655 25 -8.96
46.655 30 0.00
46.655 B1 5398.14 5047.32 
46.655 B3 5453.41 5097.54 
46.655 120 13 04 50
46.655 244 0.30
46.66 22 -5.65
46.66 23 0.00
46.66 25 -8.96
46.66 30 0.00
46.66 B1 5403.05 5045.03 
46.66 B3 5457.43 5094.10 
46.66 120 13 04 50
46.66 244 0.30
46.665 22 -5.68
46.665 23 0.01
46.665 25 -8.96
46.665 30 0.00
46.665 B1 5407.44 5042.57 
46.665 B3 5461.23 5090.78 
46.665 120 13 04 50
46.665 244 0.30
46.67 22 -5.72
46.67 23 0.02
46.67 25 -8.04
46.67 30 0.00
46.67 B1 5411.47 5040.04 
46.67 B3 5464.84 5087.59 
46.67 120 13 04 50
46.67 244 0.30
46.675 22 -5.01
46.675 23 0.16
46.675 25 -6.72
46.675 30 0.00
46.675 B1 5417.96 5040.20 
46.675 B3 5468.30 5084.52 
46.675 120 13 04 50
46.675 244 0.30
46.68 22 -4.00
46.68 23 0.34
46.68 25 -6.72
46.68 30 0.00
46.68 B1 5427.28 5043.93 
46.68 B3 5472.61 5083.15 
46.68 120 13 04 50
46.68 244 0.30
46.685 22 -4.10
46.685 23 0.36
46.685 25 -3.38
46.685 30 0.00
46.685 B1 5433.53 5046.09 
46.685 B3 5476.03 5082.33 
46.685 120 13 04 50
46.685 244 0.30
46.69 22 -1.70
46.69 23 0.63
46.69 25 -1.33
46.69 30 0.00
46.69 B1 5440.03 5049.15 
46.69 B3 5477.62 5080.68 
46.69 120 13 04 50
46.69 244 0.30
46.695 22 -0.40
46.695 23 0.68
46.695 25 -1.33
46.695 30 0.00
46.695 B1 5443.93 5052.44 
46.695 B3 5479.48 5082.05 
46.695 120 13 04 50
46.695 244 0.30
46.7 22 -0.59
46.7 23 0.69
46.7 25 -0.80
46.7 30 0.00
46.7 B1 5445.15 5056.55 
46.7 B3 5479.86 5084.88 
46.7 120 13 04 50
46.7 244 0.30
46.705 22 -0.36
46.705 23 0.69
46.705 25 0.00
46.705 30 0.00
46.705 B1 5444.20 5060.53 
46.705 B3 5479.20 5088.65 
46.705 120 13 04 50
46.705 244 0.30
46.71 22 0.09
46.71 23 0.68
46.71 25 0.00
46.71 30 0.00
46.71 B1 5439.93 5062.79 
46.71 B3 5476.49 5091.97 
46.71 120 13 04 50
46.71 244 0.30
46.715 22 -0.10
46.715 23 0.67
46.715 25 0.00
46.715 30 0.00
46.715 B1 5435.64 5066.70 
46.715 B3 5473.30 5096.36 
46.715 120 13 04 50
46.715 244 0.30
46.72 22 -0.28
46.72 23 0.66
46.72 25 0.00
46.72 30 0.00
46.72 B1 5431.41 5071.53 
46.72 B3 5469.81 5101.42 
46.72 120 13 04 50
46.72 244 0.30
46.725 22 -0.45
46.725 23 0.66
46.725 25 0.00
46.725 30 0.00
46.725 B1 5427.25 5076.85 
46.725 B3 5466.14 5106.85 
46.725 120 13 04 50
46.725 244 0.30
46.73 22 -0.60
46.73 23 0.66
46.73 25 0.00
46.73 30 0.00
46.73 B1 5423.20 5082.40 
46.73 B3 5462.40 5112.49 
46.73 120 13 04 50
46.73 244 0.30
46.735 22 -0.75
46.735 23 0.66
46.735 25 0.00
46.735 30 0.00
46.735 B1 5420.60 5089.33 
46.735 B3 5459.83 5119.40 
46.735 120 13 04 50
46.735 244 0.30
46.74 22 -0.89
46.74 23 0.66
46.74 25 0.00
46.74 30 0.00
46.74 B1 5417.66 5095.74 
46.74 B3 5456.97 5125.95 
46.74 120 13 04 50
46.74 244 0.31
46.745 22 -1.01
46.745 23 0.67
46.745 25 0.00
46.745 30 0.00
46.745 B1 5415.87 5103.10 
46.745 B3 5455.12 5133.39 
46.745 120 13 04 50
46.745 244 0.31
46.75 22 -1.13
46.75 23 0.68
46.75 25 0.00
46.75 30 0.00
46.75 B1 5413.56 5109.67 
46.75 B3 5452.86 5140.21 
46.75 120 13 04 50
46.75 244 0.31
46.755 22 -1.24
46.755 23 0.69
46.755 25 0.00
46.755 30 0.00
46.755 B1 5410.96 5115.70 
46.755 B3 5450.34 5146.57 
46.755 120 13 04 50
46.755 244 0.31
46.76 22 -1.34
46.76 23 0.70
46.76 25 0.00
46.76 30 0.00
46.76 B1 5408.23 5121.36 
46.76 B3 5447.69 5152.56 
46.76 120 13 04 50
46.76 244 0.31
46.765 22 -1.43
46.765 23 0.70
46.765 25 0.00
46.765 30 0.00
46.765 B1 5405.47 5126.73 
46.765 B3 5444.97 5158.25 
46.765 120 13 04 50
46.765 244 0.31
46.77 22 -1.51
46.77 23 0.70
46.77 25 0.00
46.77 30 0.00
46.77 B1 5402.72 5131.89 
46.77 B3 5442.25 5163.69 
46.77 120 13 04 50
46.77 244 0.31
46.775 22 -1.59
46.775 23 0.70
46.775 25 0.00
46.775 30 0.00
46.775 B1 5400.03 5136.85 
46.775 B3 5439.57 5168.93 
46.775 120 13 04 50
46.775 244 0.31
46.78 22 -1.66
46.78 23 0.70
46.78 25 0.00
46.78 30 0.00
46.78 B1 5397.41 5141.67 
46.78 B3 5436.95 5173.98 
46.78 120 13 04 50
46.78 244 0.31
46.785 22 -1.73
46.785 23 0.71
46.785 25 0.00
46.785 30 0.00
46.785 B1 5396.20 5147.66 
46.785 B3 5435.59 5180.07 
46.785 120 13 04 50
46.785 244 0.31
46.79 22 -1.79
46.79 23 0.71
46.79 25 0.00
46.79 30 0.00
46.79 B1 5394.62 5153.04 
46.79 B3 5433.98 5185.65 
46.79 120 13 04 50
46.79 244 0.31
46.795 22 -1.84
46.795 23 0.72
46.795 25 0.00
46.795 30 0.00
46.795 B1 5392.83 5158.01 
46.795 B3 5432.22 5190.85 
46.795 120 13 04 50
46.795 244 0.31
46.8 22 -1.89
46.8 23 0.72
46.8 25 0.00
46.8 30 0.00
46.8 B1 5390.95 5162.68 
46.8 B3 5430.39 5195.76 
46.8 120 13 04 50
46.8 244 0.31
46.805 22 -1.93
46.805 23 0.73
46.805 25 0.00
46.805 30 0.00
46.805 B1 5389.05 5167.13 
46.805 B3 5428.53 5200.43 
46.805 120 13 04 50
46.805 244 0.31
46.81 22 -1.97
46.81 23 0.73
46.81 25 0.00
46.81 30 0.00
46.81 B1 5387.16 5171.43 
46.81 B3 5426.68 5204.91 
46.81 120 13 04 50
46.81 244 0.31
46.815 22 -2.01
46.815 23 0.73
46.815 25 0.00
46.815 30 0.00
46.815 B1 5385.32 5175.59 
46.815 B3 5424.88 5209.24 
46.815 120 13 04 50
46.815 244 0.31
46.82 22 -2.04
46.82 23 0.73
46.82 25 0.00
46.82 30 0.00
46.82 B1 5383.54 5179.63 
46.82 B3 5423.11 5213.43 
46.82 120 13 04 50
46.82 244 0.31
46.825 22 -2.07
46.825 23 0.73
46.825 25 0.00
46.825 30 0.00
46.825 B1 5381.83 5183.58 
46.825 B3 5421.41 5217.51 
46.825 120 13 04 50
46.825 244 0.31
46.83 22 -2.10
46.83 23 0.73
46.83 25 0.00
46.83 30 0.00
46.83 B1 5380.19 5187.44 
46.83 B3 5419.77 5221.47 
46.83 120 13 04 50
46.83 244 0.31
46.835 22 -2.13
46.835 23 0.73
46.835 25 0.00
46.835 30 0.00
46.835 B1 5378.63 5191.22 
46.835 B3 5418.21 5225.34 
46.835 120 13 04 50
46.835 244 0.31
46.84 22 -2.15
46.84 23 0.73
46.84 25 0.00
46.84 30 0.00
46.84 B1 5377.14 5194.91 
46.84 B3 5416.72 5229.11 
46.84 120 13 04 50
46.84 244 0.31
46.845 22 -2.17
46.845 23 0.73
46.845 25 0.00
46.845 30 0.00
46.845 B1 5375.72 5198.54 
46.845 B3 5415.30 5232.81 
46.845 120 13 04 50
46.845 244 0.31
46.85 22 -2.19
46.85 23 0.73
46.85 25 0.00
46.85 30 0.00
46.85 B1 5374.39 5202.09 
46.85 B3 5413.96 5236.42 
46.85 120 13 04 50
46.85 244 0.31
46.855 22 -2.20
46.855 23 0.73
46.855 25 0.00
46.855 30 0.00
46.855 B1 5373.12 5205.58 
46.855 B3 5412.68 5239.96 
46.855 120 13 04 50
46.855 244 0.31
46.86 22 -2.21
46.86 23 0.73
46.86 25 0.00
46.86 30 0.00
46.86 B1 5370.60 5207.68 
46.86 B3 5410.28 5242.23 
46.86 120 13 04 50
46.86 244 0.31
46.865 22 -2.22
46.865 23 0.72
46.865 25 0.00
46.865 30 0.00
46.865 B1 5368.63 5210.21 
46.865 B3 5408.29 5244.78 
46.865 120 13 04 50
46.865 244 0.31
46.87 22 -2.23
46.87 23 0.71
46.87 25 0.00
46.87 30 0.00
46.87 B1 5367.02 5212.97 
46.87 B3 5406.60 5247.52 
46.87 120 13 04 50
46.87 244 0.31
46.875 22 -2.24
46.875 23 0.71
46.875 25 0.00
46.875 30 0.00
46.875 B1 5365.66 5215.87 
46.875 B3 5405.15 5250.37 
46.875 120 13 04 50
46.875 244 0.31
46.88 22 -2.24
46.88 23 0.70
46.88 25 0.00
46.88 30 0.00
46.88 B1 5364.49 5218.82 
46.88 B3 5403.88 5253.27 
46.88 120 13 04 50
46.88 244 0.31
46.885 22 -2.24
46.885 23 0.70
46.885 25 0.00
46.885 30 0.00
46.885 B1 5363.44 5221.79 
46.885 B3 5402.74 5256.20 
46.885 120 13 04 50
46.885 244 0.31
46.89 22 -2.24
46.89 23 0.70
46.89 25 0.00
46.89 30 0.00
46.89 B1 5362.51 5224.75 
46.89 B3 5401.73 5259.12 
46.89 120 13 04 50
46.89 244 0.31
46.895 22 -2.24
46.895 23 0.70
46.895 25 0.00
46.895 30 0.00
46.895 B1 5361.66 5227.69 
46.895 B3 5400.81 5262.04 
46.895 120 13 04 50
46.895 244 0.31
46.9 22 -2.23
46.9 23 0.70
46.9 25 0.00
46.9 30 0.00
46.9 B1 5360.88 5230.59 
46.9 B3 5399.97 5264.93 
46.9 120 13 04 50
46.9 244 0.31
46.905 22 -2.23
46.905 23 0.70
46.905 25 0.00
46.905 30 0.00
46.905 B1 5360.17 5233.46 
46.905 B3 5399.20 5267.79 
46.905 120 13 04 50
46.905 244 0.31
46.91 22 -2.22
46.91 23 0.70
46.91 25 0.00
46.91 30 0.00
46.91 B1 5359.51 5236.29 
46.91 B3 5398.50 5270.62 
46.91 120 13 04 50
46.91 244 0.31
46.915 22 -2.22
46.915 23 0.70
46.915 25 0.00
46.915 30 0.00
46.915 B1 5358.92 5239.08 
46.915 B3 5397.86 5273.41 
46.915 120 13 04 50
46.915 244 0.31
46.92 22 -2.21
46.92 23 0.70
46.92 25 0.00
46.92 30 0.00
46.92 B1 5358.37 5241.83 
46.92 B3 5397.27 5276.17 
46.92 120 13 04 50
46.92 244 0.31
46.925 22 -2.20
46.925 23 0.70
46.925 25 0.00
46.925 30 0.00
46.925 B1 5357.87 5244.54 
46.925 B3 5396.73 5278.89 
46.925 120 13 04 50
46.925 244 0.31
46.93 22 -2.18
46.93 23 0.69
46.93 25 0.00
46.93 30 0.00
46.93 B1 5357.42 5247.21 
46.93 B3 5396.25 5281.58 
46.93 120 13 04 50
46.93 244 0.31
46.935 22 -2.17
46.935 23 0.69
46.935 25 0.00
46.935 30 0.00
46.935 B1 5357.02 5249.85 
46.935 B3 5395.80 5284.23 
46.935 120 13 04 50
46.935 244 0.31
46.94 22 -2.16
46.94 23 0.69
46.94 25 0.00
46.94 30 0.00
46.94 B1 5356.66 5252.44 
46.94 B3 5395.40 5286.84 
46.94 120 13 04 50
46.94 244 0.31
46.945 22 -2.14
46.945 23 0.69
46.945 25 0.00
46.945 30 0.00
46.945 B1 5356.34 5255.00 
46.945 B3 5395.05 5289.42 
46.945 120 13 04 50
46.945 244 0.31
46.95 22 -2.13
46.95 23 0.69
46.95 25 0.00
46.95 30 0.00
46.95 B1 5357.38 5258.85 
46.95 B3 5395.92 5293.16 
46.95 120 13 04 50
46.95 244 0.31
46.955 22 -2.11
46.955 23 0.70
46.955 25 0.00
46.955 30 0.00
46.955 B1 5356.67 5260.86 
46.955 B3 5395.30 5295.32 
46.955 120 13 04 50
46.955 244 0.31
46.96 22 -2.09
46.96 23 0.70
46.96 25 0.00
46.96 30 0.00
46.96 B1 5356.18 5263.02 
46.96 B3 5394.82 5297.56 
46.96 120 13 04 50
46.96 244 0.31
46.965 22 -2.08
46.965 23 0.70
46.965 25 0.00
46.965 30 0.00
46.965 B1 5355.83 5265.26 
46.965 B3 5394.45 5299.85 
46.965 120 13 04 50
46.965 244 0.31
46.97 22 -2.06
46.97 23 0.69
46.97 25 0.00
46.97 30 0.00
46.97 B1 5355.58 5267.53 
46.97 B3 5394.17 5302.15 
46.97 120 13 04 50
46.97 244 0.31
46.975 22 -2.04
46.975 23 0.69
46.975 25 0.00
46.975 30 0.00
46.975 B1 5355.42 5269.83 
46.975 B3 5393.95 5304.46 
46.975 120 13 04 50
46.975 244 0.31
46.98 22 -2.02
46.98 23 0.69
46.98 25 0.00
46.98 30 0.00
46.98 B1 5355.32 5272.12 
46.98 B3 5393.79 5306.77 
46.98 120 13 04 50
46.98 244 0.31
46.985 22 -2.00
46.985 23 0.69
46.985 25 0.00
46.985 30 0.00
46.985 B1 5355.27 5274.39 
46.985 B3 5393.69 5309.06 
46.985 120 13 04 50
46.985 244 0.31
46.99 22 -1.98
46.99 23 0.69
46.99 25 0.00
46.99 30 0.00
46.99 B1 5355.27 5276.65 
46.99 B3 5393.63 5311.34 
46.99 120 13 04 50
46.99 244 0.31
46.995 22 -1.96
46.995 23 0.69
46.995 25 0.00
46.995 30 0.00
46.995 B1 5355.30 5278.89 
46.995 B3 5393.61 5313.60 
46.995 120 13 04 50
46.995 244 0.31
47 22 -1.94
47 23 0.69
47 25 0.00
47 30 0.00
47 B1 5355.37 5281.10 
47 B3 5393.63 5315.83 
47 120 13 04 50
47 244 0.31
47.005 22 -1.92
47.005 23 0.69
47.005 25 0.00
47.005 30 0.00
47.005 B1 5356.79 5284.61 
47.005 B3 5394.88 5319.24 
47.005 120 13 04 50
47.005 244 0.31
47.01 22 -1.89
47.01 23 0.70
47.01 25 0.00
47.01 30 0.00
47.01 B1 5356.45 5286.28 
47.01 B3 5394.62 5321.09 
47.01 120 13 04 50
47.01 244 0.31
47.015 22 -1.87
47.015 23 0.69
47.015 25 0.00
47.015 30 0.00
47.015 B1 5356.32 5288.12 
47.015 B3 5394.50 5323.01 
47.015 120 13 04 50
47.015 244 0.31
47.02 22 -1.85
47.02 23 0.69
47.02 25 0.00
47.02 30 0.00
47.02 B1 5356.32 5290.05 
47.02 B3 5394.48 5324.99 
47.02 120 13 04 50
47.02 244 0.31
47.025 22 -1.83
47.025 23 0.69
47.025 25 0.00
47.025 30 0.00
47.025 B1 5356.43 5292.02 
47.025 B3 5394.54 5326.99 
47.025 120 13 04 50
47.025 244 0.31
47.03 22 -1.81
47.03 23 0.69
47.03 25 0.00
47.03 30 0.00
47.03 B1 5356.60 5294.01 
47.03 B3 5394.66 5329.01 
47.03 120 13 04 50
47.03 244 0.30
47.035 22 -1.78
47.035 23 0.69
47.035 25 0.00
47.035 30 0.00
47.035 B1 5355.51 5294.68 
47.035 B3 5393.64 5329.83 
47.035 120 13 04 50
47.035 244 0.30
47.04 22 -1.76
47.04 23 0.68
47.04 25 0.00
47.04 30 0.00
47.04 B1 5354.94 5295.83 
47.04 B3 5393.01 5331.00 
47.04 120 13 04 50
47.04 244 0.30
47.045 22 -1.74
47.045 23 0.67
47.045 25 0.00
47.045 30 0.00
47.045 B1 5353.37 5295.95 
47.045 B3 5391.46 5331.20 
47.045 120 13 04 50
47.045 244 0.30
47.05 22 -1.71
47.05 23 0.66
47.05 25 0.00
47.05 30 0.00
47.05 B1 5352.50 5296.71 
47.05 B3 5390.45 5331.91 
47.05 120 13 04 50
47.05 244 0.30
47.055 22 -1.69
47.055 23 0.65
47.055 25 0.00
47.055 30 0.00
47.055 B1 5352.07 5297.88 
47.055 B3 5389.84 5332.96 
47.055 120 13 04 50
47.055 244 0.30
47.06 22 -1.67
47.06 23 0.64
47.06 25 0.00
47.06 30 0.00
47.06 B1 5350.61 5297.96 
47.06 B3 5388.30 5333.04 
47.06 120 13 04 50
47.06 244 0.30
47.065 22 -1.65
47.065 23 0.63
47.065 25 0.00
47.065 30 0.00
47.065 B1 5349.81 5298.66 
47.065 B3 5387.31 5333.63 
47.065 120 13 04 50
47.065 244 0.30
47.07 22 -1.62
47.07 23 0.62
47.07 25 0.00
47.07 30 0.00
47.07 B1 5349.44 5299.74 
47.07 B3 5386.71 5334.56 
47.07 120 13 04 50
47.07 244 0.29
47.075 22 -1.60
47.075 23 0.61
47.075 25 0.00
47.075 30 0.00
47.075 B1 5348.01 5299.73 
47.075 B3 5385.19 5334.52 
47.075 120 13 04 50
47.075 244 0.29
47.08 22 -1.58
47.08 23 0.60
47.08 25 0.73
47.08 30 0.00
47.08 B1 5347.24 5300.33 
47.08 B3 5384.21 5334.99 
47.08 120 13 04 50
47.08 244 0.29
47.085 22 -1.06
47.085 23 0.59
47.085 25 1.40
47.085 30 0.00
47.085 B1 5347.14 5301.57 
47.085 B3 5383.62 5335.81 
47.085 120 13 04 50
47.085 244 0.29
47.09 22 -0.61
47.09 23 0.58
47.09 25 1.51
47.09 30 0.00
47.09 B1 5346.96 5303.16 
47.09 B3 5383.12 5337.05 
47.09 120 13 04 50
47.09 244 0.29
47.095 22 -0.54
47.095 23 0.57
47.095 25 2.07
47.095 30 0.00
47.095 B1 5346.55 5305.16 
47.095 B3 5382.51 5338.74 
47.095 120 13 04 50
47.095 244 0.29
47.1 22 -0.14
47.1 23 0.56
47.1 25 2.29
47.1 30 0.00
47.1 B1 5345.75 5307.22 
47.1 B3 5381.83 5340.76 
47.1 120 13 04 50
47.1 244 0.29
47.105 22 0.01
47.105 23 0.55
47.105 25 2.29
47.105 30 0.00
47.105 B1 5344.66 5309.59 
47.105 B3 5380.93 5343.15 
47.105 120 13 04 50
47.105 244 0.29
47.11 22 0.00
47.11 23 0.55
47.11 25 2.63
47.11 30 0.00
47.11 B1 5343.48 5312.37 
47.11 B3 5379.84 5345.82 
47.11 120 13 04 50
47.11 244 0.29
47.115 22 0.24
47.115 23 0.53
47.115 25 2.63
47.115 30 0.00
47.115 B1 5342.02 5315.11 
47.115 B3 5378.65 5348.68 
47.115 120 13 04 50
47.115 244 0.29
47.12 22 0.22
47.12 23 0.53
47.12 25 2.63
47.12 30 0.00
47.12 B1 5340.54 5318.19 
47.12 B3 5377.29 5351.74 
47.12 120 13 04 50
47.12 244 0.29
47.125 22 0.21
47.125 23 0.53
47.125 25 3.41
47.125 30 0.00
47.125 B1 5339.07 5321.45 
47.125 B3 5375.84 5354.91 
47.125 120 13 04 50
47.125 244 0.30
47.13 22 0.81
47.13 23 0.49
47.13 25 4.53
47.13 30 0.00
47.13 B1 5338.17 5325.32 
47.13 B3 5375.55 5359.34 
47.13 120 13 04 50
47.13 244 0.30
47.135 22 1.68
47.135 23 0.42
47.135 25 4.53
47.135 30 0.00
47.135 B1 5335.15 5327.61 
47.135 B3 5374.65 5363.65 
47.135 120 13 04 50
47.135 244 0.30
47.14 22 1.64
47.14 23 0.42
47.14 25 5.32
47.14 30 0.00
47.14 B1 5332.18 5331.07 
47.14 B3 5372.97 5368.16 
47.14 120 13 04 50
47.14 244 0.29
47.145 22 2.24
47.145 23 0.35
47.145 25 5.65
47.145 30 0.00
47.145 B1 5326.39 5332.33 
47.145 B3 5369.58 5371.58 
47.145 120 13 04 50
47.145 244 0.29
47.15 22 2.46
47.15 23 0.31
47.15 25 5.65
47.15 30 0.00
47.15 B1 5320.73 5334.60 
47.15 B3 5365.92 5375.58 
47.15 120 13 04 50
47.15 244 0.29
47.155 22 2.40
47.155 23 0.30
47.155 25 5.65
47.155 30 0.00
47.155 B1 5315.84 5338.34 
47.155 B3 5361.98 5380.03 
47.155 120 13 04 50
47.155 244 0.29
47.16 22 2.35
47.16 23 0.30
47.16 25 5.65
47.16 30 0.00
47.16 B1 5311.50 5342.95 
47.16 B3 5357.91 5384.75 
47.16 120 13 04 50
47.16 244 0.29
47.165 22 2.31
47.165 23 0.30
47.165 25 5.65
47.165 30 0.00
47.165 B1 5306.21 5346.72 
47.165 B3 5352.59 5388.43 
47.165 120 13 04 50
47.165 244 0.29
47.17 22 2.27
47.17 23 0.30
47.17 25 5.65
47.17 30 0.00
47.17 B1 5301.68 5351.19 
47.17 B3 5347.63 5392.51 
47.17 120 13 04 50
47.17 244 0.29
47.175 22 2.23
47.175 23 0.30
47.175 25 5.76
47.175 30 0.00
47.175 B1 5297.68 5356.05 
47.175 B3 5342.97 5396.83 
47.175 120 13 04 50
47.175 244 0.29
47.18 22 2.30
47.18 23 0.28
47.18 25 5.65
47.18 30 0.00
47.18 B1 5293.80 5360.86 
47.18 B3 5338.57 5401.29 
47.18 120 13 04 50
47.18 244 0.28
47.185 22 2.18
47.185 23 0.30
47.185 25 5.65
47.185 30 0.00
47.185 B1 5289.15 5364.76 
47.185 B3 5333.16 5404.65 
47.185 120 13 04 50
47.185 244 0.28
47.19 22 2.16
47.19 23 0.29
47.19 25 5.65
47.19 30 0.00
47.19 B1 5285.17 5369.06 
47.19 B3 5328.32 5408.35 
47.19 120 13 04 50
47.19 244 0.28
47.195 22 2.15
47.195 23 0.29
47.195 25 5.65
47.195 30 0.00
47.195 B1 5280.33 5372.25 
47.195 B3 5322.73 5411.05 
47.195 120 13 04 50
47.195 244 0.28
47.2 22 2.14
47.2 23 0.28
47.2 25 5.65
47.2 30 0.00
47.2 B1 5276.28 5375.96 
47.2 B3 5317.83 5414.21 
47.2 120 13 04 50
47.2 244 0.28
47.205 22 2.14
47.205 23 0.27
47.205 25 5.65
47.205 30 0.00
47.205 B1 5272.76 5379.98 
47.205 B3 5313.47 5417.66 
47.205 120 13 04 50
47.205 244 0.28
47.21 22 2.14
47.21 23 0.27
47.21 25 5.65
47.21 30 0.00
47.21 B1 5269.60 5384.12 
47.21 B3 5309.50 5421.28 
47.21 120 13 04 50
47.21 244 0.28
47.215 22 2.14
47.215 23 0.27
47.215 25 5.65
47.215 30 0.00
47.215 B1 5265.38 5386.99 
47.215 B3 5304.66 5423.79 
47.215 120 13 04 50
47.215 244 0.28
47.22 22 2.14
47.22 23 0.26
47.22 25 5.65
47.22 30 0.00
47.22 B1 5261.83 5390.30 
47.22 B3 5300.43 5426.68 
47.22 120 13 04 50
47.22 244 0.28
47.225 22 2.15
47.225 23 0.26
47.225 25 5.65
47.225 30 0.00
47.225 B1 5260.05 5395.17 
47.225 B3 5297.85 5431.01 
47.225 120 13 04 50
47.225 244 0.28
47.23 22 2.16
47.23 23 0.26
47.23 25 5.65
47.23 30 0.00
47.23 B1 5258.08 5399.69 
47.23 B3 5295.27 5435.14 
47.23 120 13 04 50
47.23 244 0.28
47.235 22 2.18
47.235 23 0.27
47.235 25 5.65
47.235 30 0.00
47.235 B1 5256.02 5403.94 
47.235 B3 5292.72 5439.12 
47.235 120 13 04 50
47.235 244 0.28
47.24 22 2.19
47.24 23 0.27
47.24 25 5.65
47.24 30 0.00
47.24 B1 5253.93 5407.99 
47.24 B3 5290.22 5442.96 
47.24 120 13 04 50
47.24 244 0.28
47.245 22 2.21
47.245 23 0.27
47.245 25 5.65
47.245 30 0.00
47.245 B1 5251.85 5411.87 
47.245 B3 5287.78 5446.68 
47.245 120 13 04 50
47.245 244 0.28
47.25 22 2.23
47.25 23 0.27
47.25 25 5.65
47.25 30 0.00
47.25 B1 5249.79 5415.61 
47.25 B3 5285.41 5450.30 
47.25 120 13 04 50
47.25 244 0.28
47.255 22 2.26
47.255 23 0.28
47.255 25 5.65
47.255 30 0.00
47.255 B1 5247.76 5419.23 
47.255 B3 5283.10 5453.83 
47.255 120 13 04 50
47.255 244 0.28
47.26 22 2.28
47.26 23 0.28
47.26 25 5.65
47.26 30 0.00
47.26 B1 5245.77 5422.74 
47.26 B3 5280.88 5457.28 
47.26 120 13 04 50
47.26 244 0.28
47.265 22 2.31
47.265 23 0.28
47.265 25 5.65
47.265 30 0.00
47.265 B1 5243.83 5426.15 
47.265 B3 5278.73 5460.64 
47.265 120 13 04 50
47.265 244 0.28
47.27 22 2.34
47.27 23 0.28
47.27 25 5.65
47.27 30 0.00
47.27 B1 5241.93 5429.46 
47.27 B3 5276.66 5463.93 
47.27 120 13 04 50
47.27 244 0.28
47.275 22 2.37
47.275 23 0.28
47.275 25 5.65
47.275 30 0.00
47.275 B1 5240.08 5432.69 
47.275 B3 5274.65 5467.15 
47.275 120 13 04 50
47.275 244 0.28
47.28 22 2.41
47.28 23 0.28
47.28 25 5.65
47.28 30 0.00
47.28 B1 5238.28 5435.83 
47.28 B3 5272.71 5470.30 
47.28 120 13 04 50
47.28 244 0.28
47.285 22 2.45
47.285 23 0.28
47.285 25 5.76
47.285 30 0.00
47.285 B1 5236.52 5438.89 
47.285 B3 5270.85 5473.38 
47.285 120 13 04 50
47.285 244 0.28
47.29 22 2.58
47.29 23 0.27
47.29 25 5.76
47.29 30 0.00
47.29 B1 5234.60 5441.67 
47.29 B3 5269.04 5476.40 
47.29 120 13 04 50
47.29 244 0.28
47.295 22 2.61
47.295 23 0.27
47.295 25 5.76
47.295 30 0.00
47.295 B1 5232.77 5444.48 
47.295 B3 5267.26 5479.39 
47.295 120 13 04 50
47.295 244 0.28
47.3 22 2.65
47.3 23 0.27
47.3 25 5.88
47.3 30 0.00
47.3 B1 5230.99 5447.29 
47.3 B3 5265.50 5482.34 
47.3 120 13 04 50
47.3 244 0.28
47.305 22 2.79
47.305 23 0.26
47.305 25 5.99
47.305 30 0.00
47.305 B1 5229.07 5449.87 
47.305 B3 5263.79 5485.24 
47.305 120 13 04 50
47.305 244 0.28
47.31 22 2.92
47.31 23 0.24
47.31 25 6.10
47.31 30 0.00
47.31 B1 5228.34 5453.63 
47.31 B3 5263.27 5489.31 
47.31 120 13 04 50
47.31 244 0.28
47.315 22 3.05
47.315 23 0.24
47.315 25 6.10
47.315 30 0.00
47.315 B1 5227.01 5456.85 
47.315 B3 5262.37 5493.04 
47.315 120 13 04 50
47.315 244 0.28
47.32 22 3.09
47.32 23 0.25
47.32 25 6.10
47.32 30 0.00
47.32 B1 5225.50 5459.96 
47.32 B3 5261.18 5496.55 
47.32 120 13 04 50
47.32 244 0.28
47.325 22 3.13
47.325 23 0.25
47.325 25 6.44
47.325 30 0.00
47.325 B1 5222.57 5461.65 
47.325 B3 5258.61 5498.68 
47.325 120 13 04 50
47.325 244 0.28
47.33 22 3.44
47.33 23 0.20
47.33 25 6.44
47.33 30 0.00
47.33 B1 5219.40 5463.01 
47.33 B3 5256.29 5500.99 
47.33 120 13 04 50
47.33 244 0.28
47.335 22 3.48
47.335 23 0.20
47.335 25 6.77
47.335 30 0.00
47.335 B1 5216.65 5464.95 
47.335 B3 5254.02 5503.51 
47.335 120 13 04 50
47.335 244 0.28
47.34 22 3.79
47.34 23 0.15
47.34 25 6.77
47.34 30 0.00
47.34 B1 5213.44 5466.48 
47.34 B3 5251.81 5506.13 
47.34 120 13 04 50
47.34 244 0.28
47.345 22 3.82
47.345 23 0.15
47.345 25 6.77
47.345 30 0.00
47.345 B1 5210.58 5468.60 
47.345 B3 5249.53 5508.91 
47.345 120 13 04 50
47.345 244 0.28
47.35 22 3.85
47.35 23 0.15
47.35 25 6.77
47.35 30 0.00
47.35 B1 5207.95 5471.06 
47.35 B3 5247.21 5511.76 
47.35 120 13 04 50
47.35 244 0.28
47.355 22 3.89
47.355 23 0.15
47.355 25 7.00
47.355 30 0.00
47.355 B1 5205.50 5473.72 
47.355 B3 5244.89 5514.64 
47.355 120 13 04 50
47.355 244 0.28
47.36 22 4.11
47.36 23 0.12
47.36 25 7.00
47.36 30 0.00
47.36 B1 5202.63 5475.92 
47.36 B3 5242.60 5517.53 
47.36 120 13 04 50
47.36 244 0.28
47.365 22 4.14
47.365 23 0.12
47.365 25 7.00
47.365 30 0.00
47.365 B1 5199.98 5478.42 
47.365 B3 5240.25 5520.45 
47.365 120 13 04 50
47.365 244 0.28
47.37 22 4.18
47.37 23 0.11
47.37 25 7.11
47.37 30 0.00
47.37 B1 5196.16 5479.76 
47.37 B3 5236.69 5522.17 
47.37 120 13 04 50
47.37 244 0.28
47.375 22 4.31
47.375 23 0.09
47.375 25 7.11
47.375 30 0.00
47.375 B1 5193.98 5482.66 
47.375 B3 5234.69 5525.41 
47.375 120 13 04 50
47.375 244 0.28
47.38 22 4.35
47.38 23 0.09
47.38 25 7.00
47.38 30 0.00
47.38 B1 5191.77 5485.56 
47.38 B3 5232.56 5528.53 
47.38 120 13 04 50
47.38 244 0.28
47.385 22 4.29
47.385 23 0.11
47.385 25 7.00
47.385 30 0.00
47.385 B1 5188.51 5487.37 
47.385 B3 5229.18 5530.36 
47.385 120 13 04 50
47.385 244 0.28
47.39 22 4.34
47.39 23 0.10
47.39 25 7.11
47.39 30 0.00
47.39 B1 5185.70 5489.43 
47.39 B3 5226.17 5532.40 
47.39 120 13 04 50
47.39 244 0.28
47.395 22 4.47
47.395 23 0.08
47.395 25 7.11
47.395 30 0.00
47.395 B1 5182.90 5491.35 
47.395 B3 5223.44 5534.57 
47.395 120 13 04 50
47.395 244 0.28
47.4 22 4.51
47.4 23 0.08
47.4 25 7.11
47.4 30 0.00
47.4 B1 5180.36 5493.46 
47.4 B3 5220.88 5536.84 
47.4 120 13 04 50
47.4 244 0.28
47.405 22 4.56
47.405 23 0.08
47.405 25 7.11
47.405 30 0.00
47.405 B1 5178.00 5495.65 
47.405 B3 5218.46 5539.15 
47.405 120 13 04 50
47.405 244 0.28
47.41 22 4.60
47.41 23 0.08
47.41 25 7.11
47.41 30 0.00
47.41 B1 5175.76 5497.88 
47.41 B3 5216.15 5541.49 
47.41 120 13 04 50
47.41 244 0.28
47.415 22 4.65
47.415 23 0.07
47.415 25 7.00
47.415 30 0.00
47.415 B1 5173.61 5500.10 
47.415 B3 5213.94 5543.81 
47.415 120 13 04 50
47.415 244 0.27
47.42 22 4.61
47.42 23 0.09
47.42 25 7.11
47.42 30 0.00
47.42 B1 5170.49 5501.23 
47.42 B3 5210.61 5544.91 
47.42 120 13 04 50
47.42 244 0.27
47.425 22 4.75
47.425 23 0.06
47.425 25 7.11
47.425 30 0.00
47.425 B1 5166.27 5501.03 
47.425 B3 5206.57 5545.07 
47.425 120 13 04 50
47.425 244 0.27
47.43 22 4.80
47.43 23 0.05
47.43 25 7.11
47.43 30 0.00
47.43 B1 5162.91 5501.56 
47.43 B3 5203.19 5545.76 
47.43 120 13 04 50
47.43 244 0.27
47.435 22 4.85
47.435 23 0.04
47.435 25 7.11
47.435 30 0.00
47.435 B1 5160.11 5502.53 
47.435 B3 5200.28 5546.80 
47.435 120 13 04 50
47.435 244 0.27
47.44 22 4.90
47.44 23 0.03
47.44 25 7.11
47.44 30 0.00
47.44 B1 5157.66 5503.76 
47.44 B3 5197.71 5548.08 
47.44 120 13 04 50
47.44 244 0.27
47.445 22 4.95
47.445 23 0.03
47.445 25 7.11
47.445 30 0.00
47.445 B1 5156.75 5506.44 
47.445 B3 5196.58 5550.70 
47.445 120 13 04 50
47.445 244 0.27
47.45 22 5.00
47.45 23 0.03
47.45 25 7.11
47.45 30 0.00
47.45 B1 5154.18 5507.43 
47.45 B3 5194.07 5551.88 
47.45 120 13 04 50
47.45 244 0.26
47.455 22 5.05
47.455 23 0.02
47.455 25 7.11
47.455 30 0.00
47.455 B1 5149.27 5505.94 
47.455 B3 5189.43 5550.80 
47.455 120 13 04 50
47.455 244 0.26
47.46 22 5.11
47.46 23 0.00
47.46 25 7.11
47.46 30 0.00
47.46 B1 5145.54 5505.45 
47.46 B3 5185.70 5550.47 
47.46 120 13 04 50
47.46 244 0.26
47.465 22 5.16
47.465 23 -0.01
47.465 25 7.11
47.465 30 0.00
47.465 B1 5142.56 5505.58 
47.465 B3 5182.60 5550.64 
47.465 120 13 04 50
47.465 244 0.26
47.47 22 5.21
47.47 23 -0.02
47.47 25 7.11
47.47 30 0.00
47.47 B1 5140.03 5506.07 
47.47 B3 5179.96 5551.15 
47.47 120 13 04 50
47.47 244 0.26
47.475 22 5.26
47.475 23 -0.03
47.475 25 7.11
47.475 30 0.00
47.475 B1 5137.80 5506.79 
47.475 B3 5177.63 5551.90 
47.475 120 13 04 50
47.475 244 0.26
47.48 22 5.32
47.48 23 -0.04
47.48 25 7.11
47.48 30 0.00
47.48 B1 5137.08 5508.95 
47.48 B3 5176.72 5553.98 
47.48 120 13 04 50
47.48 244 0.26
47.485 22 5.37
47.485 23 -0.03
47.485 25 7.11
47.485 30 0.00
47.485 B1 5135.99 5510.71 
47.485 B3 5175.63 5555.83 
47.485 120 13 04 50
47.485 244 0.26
47.49 22 5.42
47.49 23 -0.03
47.49 25 7.11
47.49 30 0.00
47.49 B1 5134.68 5512.19 
47.49 B3 5174.41 5557.50 
47.49 120 13 04 50
47.49 244 0.26
47.495 22 5.47
47.495 23 -0.03
47.495 25 7.11
47.495 30 0.00
47.495 B1 5131.93 5512.16 
47.495 B3 5171.92 5557.83 
47.495 120 13 04 50
47.495 244 0.26
47.5 22 5.53
47.5 23 -0.03
47.5 25 7.11
47.5 30 0.00
47.5 B1 5129.61 5512.42 
47.5 B3 5169.75 5558.37 
47.5 120 13 04 50
47.5 244 0.26
47.505 22 5.58
47.505 23 -0.04
47.505 25 7.12
47.505 30 0.00
47.505 B1 5128.88 5514.19 
47.505 B3 5169.01 5560.23 
47.505 120 13 04 50
47.505 244 0.26
47.51 22 5.64
47.51 23 -0.04
47.51 25 7.12
47.51 30 0.00
47.51 B1 5127.79 5515.56 
47.51 B3 5168.07 5561.85 
47.51 120 13 04 50
47.51 244 0.26
47.515 22 5.69
47.515 23 -0.04
47.515 25 7.12
47.515 30 0.00
47.515 B1 5126.53 5516.70 
47.515 B3 5167.00 5563.29 
47.515 120 13 04 50
47.515 244 0.26
47.52 22 5.75
47.52 23 -0.03
47.52 25 7.12
47.52 30 0.00
47.52 B1 5125.16 5517.68 
47.52 B3 5165.84 5564.58 
47.52 120 13 04 50
47.52 244 0.26
47.525 22 5.80
47.525 23 -0.03
47.525 25 7.12
47.525 30 0.00
47.525 B1 5123.73 5518.54 
47.525 B3 5164.64 5565.76 
47.525 120 13 04 50
47.525 244 0.26
47.53 22 5.85
47.53 23 -0.04
47.53 25 7.12
47.53 30 0.00
47.53 B1 5122.29 5519.29 
47.53 B3 5163.41 5566.83 
47.53 120 13 04 50
47.53 244 0.26
47.535 22 5.90
47.535 23 -0.04
47.535 25 7.12
47.535 30 0.00
47.535 B1 5120.83 5519.97 
47.535 B3 5162.17 5567.83 
47.535 120 13 04 50
47.535 244 0.26
47.54 22 5.95
47.54 23 -0.04
47.54 25 7.12
47.54 30 0.00
47.54 B1 5119.38 5520.59 
47.54 B3 5160.93 5568.76 
47.54 120 13 04 50
47.54 244 0.26
47.545 22 6.00
47.545 23 -0.04
47.545 25 7.12
47.545 30 0.00
47.545 B1 5117.93 5521.14 
47.545 B3 5159.69 5569.63 
47.545 120 13 04 50
47.545 244 0.26
47.55 22 6.04
47.55 23 -0.04
47.55 25 7.12
47.55 30 0.00
47.55 B1 5115.18 5520.32 
47.55 B3 5157.27 5569.24 
47.55 120 13 04 50
47.55 244 0.26
47.555 22 6.09
47.555 23 -0.05
47.555 25 7.12
47.555 30 0.00
47.555 B1 5114.25 5521.22 
47.555 B3 5156.42 5570.32 
47.555 120 13 04 50
47.555 244 0.26
47.56 22 6.14
47.56 23 -0.05
47.56 25 7.02
47.56 30 0.00
47.56 B1 5113.15 5521.92 
47.56 B3 5155.46 5571.26 
47.56 120 13 04 50
47.56 244 0.27
47.565 22 6.10
47.565 23 -0.03
47.565 25 7.02
47.565 30 0.00
47.565 B1 5113.55 5524.09 
47.565 B3 5155.64 5573.28 
47.565 120 13 04 50
47.565 244 0.27
47.57 22 6.15
47.57 23 -0.02
47.57 25 7.13
47.57 30 0.00
47.57 B1 5113.33 5525.56 
47.57 B3 5155.46 5574.86 
47.57 120 13 04 50
47.57 244 0.27
47.575 22 6.29
47.575 23 -0.03
47.575 25 7.13
47.575 30 0.00
47.575 B1 5112.42 5526.26 
47.575 B3 5155.03 5576.12 
47.575 120 13 04 50
47.575 244 0.27
47.58 22 6.33
47.58 23 -0.03
47.58 25 7.13
47.58 30 0.00
47.58 B1 5111.36 5526.80 
47.58 B3 5154.40 5577.17 
47.58 120 13 04 50
47.58 244 0.27
47.585 22 6.38
47.585 23 -0.03
47.585 25 7.13
47.585 30 0.00
47.585 B1 5110.21 5527.22 
47.585 B3 5153.63 5578.05 
47.585 120 13 04 50
47.585 244 0.27
47.59 22 6.42
47.59 23 -0.03
47.59 25 7.13
47.59 30 0.00
47.59 B1 5109.02 5527.56 
47.59 B3 5152.77 5578.80 
47.59 120 13 04 50
47.59 244 0.27
47.595 22 6.47
47.595 23 -0.03
47.595 25 7.13
47.595 30 0.00
47.595 B1 5107.80 5527.82 
47.595 B3 5151.85 5579.46 
47.595 120 13 04 50
47.595 244 0.27
47.6 22 6.51
47.6 23 -0.03
47.6 25 7.02
47.6 30 0.00
47.6 B1 5106.58 5528.04 
47.6 B3 5150.90 5580.03 
47.6 120 13 04 50
47.6 244 0.27
47.605 22 6.46
47.605 23 -0.02
47.605 25 7.13
47.605 30 0.00
47.605 B1 5105.67 5528.52 
47.605 B3 5149.92 5580.53 
47.605 120 13 04 50
47.605 244 0.27
47.61 22 6.59
47.61 23 -0.03
47.61 25 7.13
47.61 30 0.00
47.61 B1 5104.37 5528.50 
47.61 B3 5148.98 5580.95 
47.61 120 13 04 50
47.61 244 0.27
47.615 22 6.63
47.615 23 -0.03
47.615 25 7.13
47.615 30 0.00
47.615 B1 5104.42 5529.81 
47.615 B3 5149.22 5582.52 
47.615 120 13 04 50
47.615 244 0.27
47.62 22 6.67
47.62 23 -0.03
47.62 25 7.13
47.62 30 0.00
47.62 B1 5104.00 5530.67 
47.62 B3 5149.07 5583.73 
47.62 120 13 04 50
47.62 244 0.27
47.625 22 6.71
47.625 23 -0.02
47.625 25 7.13
47.625 30 0.00
47.625 B1 5103.30 5531.24 
47.625 B3 5148.68 5584.67 
47.625 120 13 04 50
47.625 244 0.27
47.63 22 6.75
47.63 23 -0.02
47.63 25 7.13
47.63 30 0.00
47.63 B1 5101.11 5530.29 
47.63 B3 5146.92 5584.22 
47.63 120 13 04 50
47.63 244 0.27
47.635 22 6.79
47.635 23 -0.03
47.635 25 7.13
47.635 30 0.00
47.635 B1 5099.32 5529.64 
47.635 B3 5145.41 5583.94 
47.635 120 13 04 50
47.635 244 0.27
47.64 22 6.83
47.64 23 -0.03
47.64 25 7.13
47.64 30 0.00
47.64 B1 5097.77 5529.19 
47.64 B3 5144.08 5583.77 
47.64 120 13 04 50
47.64 244 0.27
47.645 22 6.86
47.645 23 -0.04
47.645 25 7.13
47.645 30 0.00
47.645 B1 5096.39 5528.85 
47.645 B3 5142.86 5583.68 
47.645 120 13 04 50
47.645 244 0.27
47.65 22 6.90
47.65 23 -0.04
47.65 25 7.13
47.65 30 0.00
47.65 B1 5096.42 5529.89 
47.65 B3 5142.93 5584.82 
47.65 120 13 04 50
47.65 244 0.27
47.655 22 6.94
47.655 23 -0.03
47.655 25 7.13
47.655 30 0.00
47.655 B1 5096.02 5530.52 
47.655 B3 5142.68 5585.67 
47.655 120 13 04 50
47.655 244 0.27
47.66 22 6.97
47.66 23 -0.03
47.66 25 7.13
47.66 30 0.00
47.66 B1 5094.03 5529.56 
47.66 B3 5141.04 5585.11 
47.66 120 13 04 50
47.66 244 0.27
47.665 22 7.01
47.665 23 -0.04
47.665 25 7.13
47.665 30 0.00
47.665 B1 5093.70 5530.18 
47.665 B3 5140.82 5585.90 
47.665 120 13 04 50
47.665 244 0.27
47.67 22 7.04
47.67 23 -0.03
47.67 25 7.13
47.67 30 0.00
47.67 B1 5093.08 5530.51 
47.67 B3 5140.39 5586.47 
47.67 120 13 04 50
47.67 244 0.27
47.675 22 7.07
47.675 23 -0.03
47.675 25 7.13
47.675 30 0.00
47.675 B1 5092.30 5530.65 
47.675 B3 5139.82 5586.88 
47.675 120 13 04 50
47.675 244 0.27
47.68 22 7.11
47.68 23 -0.03
47.68 25 7.13
47.68 30 0.00
47.68 B1 5091.40 5530.66 
47.68 B3 5139.15 5587.16 
47.68 120 13 04 50
47.68 244 0.27
47.685 22 7.14
47.685 23 -0.03
47.685 25 7.13
47.685 30 0.00
47.685 B1 5090.45 5530.58 
47.685 B3 5138.42 5587.36 
47.685 120 13 04 50
47.685 244 0.27
47.69 22 7.17
47.69 23 -0.03
47.69 25 7.13
47.69 30 0.00
47.69 B1 5089.47 5530.43 
47.69 B3 5137.65 5587.47 
47.69 120 13 04 50
47.69 244 0.27
47.695 22 7.20
47.695 23 -0.03
47.695 25 7.13
47.695 30 0.00
47.695 B1 5088.47 5530.23 
47.695 B3 5136.85 5587.53 
47.695 120 13 04 50
47.695 244 0.27
47.7 22 7.23
47.7 23 -0.03
47.7 25 7.13
47.7 30 0.00
47.7 B1 5087.46 5529.99 
47.7 B3 5136.04 5587.54 
47.7 120 13 04 50
47.7 244 0.27
47.705 22 7.26
47.705 23 -0.03
47.705 25 7.13
47.705 30 0.00
47.705 B1 5086.45 5529.72 
47.705 B3 5135.21 5587.52 
47.705 120 13 04 50
47.705 244 0.28
47.71 22 7.29
47.71 23 -0.03
47.71 25 7.13
47.71 30 0.00
47.71 B1 5086.76 5530.75 
47.71 B3 5135.57 5588.65 
47.71 120 13 04 50
47.71 244 0.28
47.715 22 7.32
47.715 23 -0.02
47.715 25 7.13
47.715 30 0.00
47.715 B1 5086.57 5531.31 
47.715 B3 5135.57 5589.43 
47.715 120 13 04 50
47.715 244 0.28
47.72 22 7.35
47.72 23 -0.02
47.72 25 7.13
47.72 30 0.00
47.72 B1 5086.08 5531.56 
47.72 B3 5135.31 5589.95 
47.72 120 13 04 50
47.72 244 0.28
47.725 22 7.37
47.725 23 -0.01
47.725 25 7.13
47.725 30 0.00
47.725 B1 5085.41 5531.60 
47.725 B3 5134.88 5590.28 
47.725 120 13 04 50
47.725 244 0.28
47.73 22 7.40
47.73 23 -0.01
47.73 25 7.13
47.73 30 0.00
47.73 B1 5084.63 5531.50 
47.73 B3 5134.34 5590.47 
47.73 120 13 04 50
47.73 244 0.28
47.735 22 7.43
47.735 23 -0.01
47.735 25 7.13
47.735 30 0.00
47.735 B1 5085.11 5532.63 
47.735 B3 5134.92 5591.74 
47.735 120 13 04 50
47.735 244 0.28
47.74 22 7.45
47.74 23 0.00
47.74 25 7.13
47.74 30 0.00
47.74 B1 5085.05 5533.25 
47.74 B3 5135.07 5592.62 
47.74 120 13 04 50
47.74 244 0.28
47.745 22 7.48
47.745 23 0.00
47.745 25 7.13
47.745 30 0.00
47.745 B1 5084.66 5533.52 
47.745 B3 5134.95 5593.20 
47.745 120 13 04 50
47.745 244 0.28
47.75 22 7.50
47.75 23 0.01
47.75 25 7.13
47.75 30 0.00
47.75 B1 5085.40 5534.90 
47.75 B3 5135.82 5594.76 
47.75 120 13 04 50
47.75 244 0.28
47.755 22 7.53
47.755 23 0.02
47.755 25 7.13
47.755 30 0.00
47.755 B1 5085.52 5535.67 
47.755 B3 5136.20 5595.83 
47.755 120 13 04 50
47.755 244 0.28
47.76 22 7.55
47.76 23 0.02
47.76 25 7.13
47.76 30 0.00
47.76 B1 5085.26 5536.06 
47.76 B3 5136.24 5596.56 
47.76 120 13 04 50
47.76 244 0.28
47.765 22 7.58
47.765 23 0.03
47.765 25 7.13
47.765 30 0.00
47.765 B1 5084.79 5536.19 
47.765 B3 5136.05 5597.03 
47.765 120 13 04 50
47.765 244 0.28
47.77 22 7.60
47.77 23 0.03
47.77 25 7.13
47.77 30 0.00
47.77 B1 5082.85 5534.83 
47.77 B3 5134.51 5596.12 
47.77 120 13 04 50
47.77 244 0.28
47.775 22 7.62
47.775 23 0.02
47.775 25 7.13
47.775 30 0.00
47.775 B1 5081.35 5533.80 
47.775 B3 5133.24 5595.40 
47.775 120 13 04 50
47.775 244 0.28
47.78 22 7.64
47.78 23 0.02
47.78 25 7.13
47.78 30 0.00
47.78 B1 5081.42 5534.30 
47.78 B3 5133.34 5596.00 
47.78 120 13 04 50
47.78 244 0.28
47.785 22 7.66
47.785 23 0.02
47.785 25 7.13
47.785 30 0.00
47.785 B1 5081.15 5534.50 
47.785 B3 5133.19 5596.36 
47.785 120 13 04 50
47.785 244 0.28
47.79 22 7.69
47.79 23 0.03
47.79 25 7.13
47.79 30 0.00
47.79 B1 5080.67 5534.48 
47.79 B3 5132.87 5596.55 
47.79 120 13 04 50
47.79 244 0.29
47.795 22 7.71
47.795 23 0.03
47.795 25 7.13
47.795 30 0.00
47.795 B1 5081.39 5535.65 
47.795 B3 5133.64 5597.81 
47.795 120 13 04 50
47.795 244 0.29
47.8 22 7.73
47.8 23 0.04
47.8 25 7.13
47.8 30 0.00
47.8 B1 5081.52 5536.28 
47.8 B3 5133.96 5598.65 
47.8 120 13 04 50
47.8 244 0.29
47.805 22 7.75
47.805 23 0.05
47.805 25 7.13
47.805 30 0.00
47.805 B1 5081.31 5536.55 
47.805 B3 5133.98 5599.19 
47.805 120 13 04 50
47.805 244 0.29
47.81 22 7.77
47.81 23 0.05
47.81 25 7.13
47.81 30 0.00
47.81 B1 5080.89 5536.60 
47.81 B3 5133.80 5599.50 
47.81 120 13 04 50
47.81 244 0.29
47.815 22 7.78
47.815 23 0.05
47.815 25 7.13
47.815 30 0.00
47.815 B1 5080.34 5536.48 
47.815 B3 5133.47 5599.66 
47.815 120 13 04 50
47.815 244 0.29
47.82 22 7.80
47.82 23 0.05
47.82 25 7.13
47.82 30 0.00
47.82 B1 5079.72 5536.27 
47.82 B3 5133.06 5599.69 
47.82 120 13 04 50
47.82 244 0.29
47.825 22 7.82
47.825 23 0.05
47.825 25 7.13
47.825 30 0.00
47.825 B1 5079.05 5535.99 
47.825 B3 5132.58 5599.64 
47.825 120 13 04 50
47.825 244 0.29
47.83 22 7.84
47.83 23 0.05
47.83 25 7.13
47.83 30 0.00
47.83 B1 5078.37 5535.66 
47.83 B3 5132.05 5599.52 
47.83 120 13 04 50
47.83 244 0.29
47.835 22 7.85
47.835 23 0.05
47.835 25 7.13
47.835 30 0.00
47.835 B1 5077.67 5535.30 
47.835 B3 5131.50 5599.35 
47.835 120 13 04 50
47.835 244 0.29
47.84 22 7.87
47.84 23 0.05
47.84 25 7.02
47.84 30 0.00
47.84 B1 5076.96 5534.92 
47.84 B3 5130.92 5599.14 
47.84 120 13 04 50
47.84 244 0.29
47.845 22 7.80
47.845 23 0.07
47.845 25 7.13
47.845 30 0.00
47.845 B1 5076.62 5534.88 
47.845 B3 5130.34 5598.90 
47.845 120 13 04 50
47.845 244 0.29
47.85 22 7.91
47.85 23 0.05
47.85 25 7.13
47.85 30 0.00
47.85 B1 5075.80 5534.29 
47.85 B3 5129.79 5598.61 
47.85 120 13 04 50
47.85 244 0.29
47.855 22 7.92
47.855 23 0.05
47.855 25 7.13
47.855 30 0.00
47.855 B1 5076.35 5535.08 
47.855 B3 5130.41 5599.50 
47.855 120 13 04 50
47.855 244 0.29
47.86 22 7.94
47.86 23 0.06
47.86 25 7.13
47.86 30 0.00
47.86 B1 5076.41 5535.44 
47.86 B3 5130.66 5600.06 
47.86 120 13 04 50
47.86 244 0.29
47.865 22 7.95
47.865 23 0.07
47.865 25 7.13
47.865 30 0.00
47.865 B1 5076.18 5535.54 
47.865 B3 5130.63 5600.38 
47.865 120 13 04 50
47.865 244 0.30
47.87 22 7.97
47.87 23 0.07
47.87 25 7.13
47.87 30 0.00
47.87 B1 5077.10 5536.77 
47.87 B3 5131.63 5601.71 
47.87 120 13 04 50
47.87 244 0.31
47.875 22 7.98
47.875 23 0.08
47.875 25 7.13
47.875 30 0.00
47.875 B1 5081.37 5541.39 
47.875 B3 5135.73 5606.18 
47.875 120 13 04 50
47.875 244 0.31
47.88 22 8.00
47.88 23 0.12
47.88 25 7.13
47.88 30 0.00
47.88 B1 5083.75 5544.30 
47.88 B3 5138.38 5609.35 
47.88 120 13 04 50
47.88 244 0.31
47.885 22 8.01
47.885 23 0.14
47.885 25 7.13
47.885 30 0.00
47.885 B1 5084.98 5546.10 
47.885 B3 5140.06 5611.59 
47.885 120 13 04 50
47.885 244 0.31
47.89 22 8.03
47.89 23 0.15
47.89 25 7.13
47.89 30 0.00
47.89 B1 5086.86 5548.50 
47.89 B3 5142.28 5614.37 
47.89 120 13 04 50
47.89 244 0.31
47.895 22 8.04
47.895 23 0.17
47.895 25 7.13
47.895 30 0.00
47.895 B1 5087.81 5549.98 
47.895 B3 5143.67 5616.33 
47.895 120 13 04 50
47.895 244 0.31
47.9 22 8.05
47.9 23 0.18
47.9 25 7.13
47.9 30 0.00
47.9 B1 5088.21 5550.87 
47.9 B3 5144.51 5617.72 
47.9 120 13 04 50
47.9 244 0.31
47.905 22 8.06
47.905 23 0.19
47.905 25 7.13
47.905 30 0.00
47.905 B1 5088.28 5551.37 
47.905 B3 5144.98 5618.69 
47.905 120 13 04 50
47.905 244 0.31
47.91 22 8.08
47.91 23 0.20
47.91 25 7.13
47.91 30 0.00
47.91 B1 5089.48 5552.94 
47.91 B3 5146.39 5620.56 
47.91 120 13 04 50
47.91 244 0.31
47.915 22 8.09
47.915 23 0.21
47.915 25 7.13
47.915 30 0.00
47.915 B1 5090.05 5553.90 
47.915 B3 5147.25 5621.88 
47.915 120 13 04 50
47.915 244 0.31
47.92 22 8.10
47.92 23 0.22
47.92 25 7.13
47.92 30 0.00
47.92 B1 5090.25 5554.46 
47.92 B3 5147.75 5622.82 
47.92 120 13 04 50
47.92 244 0.31
47.925 22 8.11
47.925 23 0.22
47.925 25 7.13
47.925 30 0.00
47.925 B1 5090.22 5554.76 
47.925 B3 5148.00 5623.47 
47.925 120 13 04 50
47.925 244 0.31
47.93 22 8.12
47.93 23 0.22
47.93 25 7.13
47.93 30 0.00
47.93 B1 5090.06 5554.90 
47.93 B3 5148.08 5623.92 
47.93 120 13 04 50
47.93 244 0.32
47.935 22 8.13
47.935 23 0.23
47.935 25 7.13
47.935 30 0.00
47.935 B1 5091.14 5556.24 
47.935 B3 5149.24 5625.42 
47.935 120 13 04 50
47.935 244 0.31
47.94 22 8.14
47.94 23 0.24
47.94 25 7.13
47.94 30 0.00
47.94 B1 5090.34 5555.75 
47.94 B3 5148.76 5625.29 
47.94 120 13 04 50
47.94 244 0.31
47.945 22 8.15
47.945 23 0.23
47.945 25 7.13
47.945 30 0.00
47.945 B1 5089.72 5555.36 
47.945 B3 5148.34 5625.17 
47.945 120 13 04 50
47.945 244 0.31
47.95 22 8.16
47.95 23 0.23
47.95 25 7.13
47.95 30 0.00
47.95 B1 5089.21 5555.05 
47.95 B3 5147.97 5625.06 
47.95 120 13 04 50
47.95 244 0.31
47.955 22 8.17
47.955 23 0.23
47.955 25 7.13
47.955 30 0.00
47.955 B1 5088.76 5554.78 
47.955 B3 5147.63 5624.94 
47.955 120 13 04 50
47.955 244 0.31
47.96 22 8.18
47.96 23 0.23
47.96 25 7.13
47.96 30 0.00
47.96 B1 5088.35 5554.54 
47.96 B3 5147.30 5624.84 
47.96 120 13 04 50
47.96 244 0.31
47.965 22 8.19
47.965 23 0.23
47.965 25 7.13
47.965 30 0.00
47.965 B1 5087.97 5554.32 
47.965 B3 5146.99 5624.72 
47.965 120 13 04 50
47.965 244 0.31
47.97 22 8.20
47.97 23 0.23
47.97 25 7.13
47.97 30 0.00
47.97 B1 5087.60 5554.10 
47.97 B3 5146.69 5624.61 
47.97 120 13 04 50
47.97 244 0.31
47.975 22 8.21
47.975 23 0.23
47.975 25 7.13
47.975 30 0.00
47.975 B1 5087.24 5553.89 
47.975 B3 5146.40 5624.49 
47.975 120 13 04 50
47.975 244 0.31
47.98 22 8.22
47.98 23 0.23
47.98 25 7.13
47.98 30 0.00
47.98 B1 5086.89 5553.69 
47.98 B3 5146.11 5624.36 
47.98 120 13 04 50
47.98 244 0.31
47.985 22 8.22
47.985 23 0.23
47.985 25 7.13
47.985 30 0.00
47.985 B1 5086.54 5553.48 
47.985 B3 5145.82 5624.23 
47.985 120 13 04 50
47.985 244 0.31
47.99 22 8.23
47.99 23 0.23
47.99 25 7.13
47.99 30 0.00
47.99 B1 5086.20 5553.27 
47.99 B3 5145.53 5624.10 
47.99 120 13 04 50
47.99 244 0.31
47.995 22 8.24
47.995 23 0.23
47.995 25 7.13
47.995 30 0.00
47.995 B1 5085.85 5553.06 
47.995 B3 5145.24 5623.96 
47.995 120 13 04 50
47.995 244 0.32
48 22 8.25
48 23 0.23
48 25 7.13
48 30 0.00
48 B1 5086.83 5554.17 
48 B3 5146.15 5625.01 
48 120 13 04 50
48 244 0.32
48.005 22 8.26
48.005 23 0.24
48.005 25 7.13
48.005 30 0.00
48.005 B1 5087.30 5554.83 
48.005 B3 5146.68 5625.73 
48.005 120 13 04 50
48.005 244 0.31
48.01 22 8.27
48.01 23 0.24
48.01 25 7.13
48.01 30 0.00
48.01 B1 5086.15 5553.87 
48.01 B3 5145.77 5625.02 
48.01 120 13 04 50
48.01 244 0.31
48.015 22 8.27
48.015 23 0.23
48.015 25 7.13
48.015 30 0.00
48.015 B1 5085.32 5553.17 
48.015 B3 5145.07 5624.47 
48.015 120 13 04 50
48.015 244 0.32
48.02 22 8.28
48.02 23 0.23
48.02 25 7.13
48.02 30 0.00
48.02 B1 5086.01 5553.96 
48.02 B3 5145.69 5625.21 
48.02 120 13 04 50
48.02 244 0.32
48.025 22 8.29
48.025 23 0.24
48.025 25 7.13
48.025 30 0.00
48.025 B1 5086.31 5554.41 
48.025 B3 5146.03 5625.71 
48.025 120 13 04 50
48.025 244 0.32
48.03 22 8.29
48.03 23 0.24
48.03 25 7.13
48.03 30 0.00
48.03 B1 5086.38 5554.63 
48.03 B3 5146.19 5626.03 
48.03 120 13 04 50
48.03 244 0.32
48.035 22 8.30
48.035 23 0.25
48.035 25 7.13
48.035 30 0.00
48.035 B1 5086.30 5554.71 
48.035 B3 5146.22 5626.22 
48.035 120 13 04 50
48.035 244 0.32
48.04 22 8.31
48.04 23 0.25
48.04 25 7.13
48.04 30 0.00
48.04 B1 5086.14 5554.69 
48.04 B3 5146.15 5626.32 
48.04 120 13 04 50
48.04 244 0.32
48.045 22 8.31
48.045 23 0.25
48.045 25 7.13
48.045 30 0.00
48.045 B1 5085.93 5554.62 
48.045 B3 5146.04 5626.35 
48.045 120 13 04 50
48.045 244 0.32
48.05 22 8.32
48.05 23 0.25
48.05 25 7.13
48.05 30 0.00
48.05 B1 5085.69 5554.50 
48.05 B3 5145.88 5626.34 
48.05 120 13 04 50
48.05 244 0.32
48.055 22 8.32
48.055 23 0.25
48.055 25 7.13
48.055 30 0.00
48.055 B1 5085.44 5554.36 
48.055 B3 5145.69 5626.28 
48.055 120 13 04 50
48.055 244 0.32
48.06 22 8.33
48.06 23 0.25
48.06 25 7.13
48.06 30 0.00
48.06 B1 5085.17 5554.20 
48.06 B3 5145.49 5626.20 
48.06 120 13 04 50
48.06 244 0.32
48.065 22 8.34
48.065 23 0.25
48.065 25 7.13
48.065 30 0.00
48.065 B1 5084.90 5554.02 
48.065 B3 5145.27 5626.10 
48.065 120 13 04 50
48.065 244 0.32
48.07 22 8.34
48.07 23 0.25
48.07 25 7.13
48.07 30 0.00
48.07 B1 5084.63 5553.84 
48.07 B3 5145.05 5625.98 
48.07 120 13 04 50
48.07 244 0.32
48.075 22 8.35
48.075 23 0.25
48.075 25 7.13
48.075 30 0.00
48.075 B1 5084.36 5553.65 
48.075 B3 5144.82 5625.84 
48.075 120 13 04 50
48.075 244 0.32
48.08 22 8.35
48.08 23 0.25
48.08 25 7.13
48.08 30 0.00
48.08 B1 5084.08 5553.46 
48.08 B3 5144.58 5625.70 
48.08 120 13 04 50
48.08 244 0.32
48.085 22 8.36
48.085 23 0.25
48.085 25 7.13
48.085 30 0.00
48.085 B1 5083.81 5553.26 
48.085 B3 5144.35 5625.55 
48.085 120 13 04 50
48.085 244 0.32
48.09 22 8.36
48.09 23 0.25
48.09 25 7.13
48.09 30 0.00
48.09 B1 5083.53 5553.06 
48.09 B3 5144.10 5625.40 
48.09 120 13 04 50
48.09 244 0.32
48.095 22 8.37
48.095 23 0.25
48.095 25 7.13
48.095 30 0.00
48.095 B1 5083.26 5552.86 
48.095 B3 5143.86 5625.23 
48.095 120 13 04 50
48.095 244 0.32
48.1 22 8.37
48.1 23 0.25
48.1 25 7.13
48.1 30 0.00
48.1 B1 5082.99 5552.65 
48.1 B3 5143.62 5625.07 
48.1 120 13 04 50
48.1 244 0.32
48.105 22 8.38
48.105 23 0.25
48.105 25 7.13
48.105 30 0.00
48.105 B1 5082.71 5552.45 
48.105 B3 5143.38 5624.90 
48.105 120 13 04 50
48.105 244 0.32
48.11 22 8.38
48.11 23 0.25
48.11 25 7.13
48.11 30 0.00
48.11 B1 5082.44 5552.24 
48.11 B3 5143.13 5624.73 
48.11 120 13 04 50
48.11 244 0.32
48.115 22 8.39
48.115 23 0.25
48.115 25 7.13
48.115 30 0.00
48.115 B1 5082.17 5552.02 
48.115 B3 5142.89 5624.55 
48.115 120 13 04 50
48.115 244 0.32
48.12 22 8.39
48.12 23 0.25
48.12 25 7.13
48.12 30 0.00
48.12 B1 5081.90 5551.81 
48.12 B3 5142.65 5624.37 
48.12 120 13 04 50
48.12 244 0.32
48.125 22 8.39
48.125 23 0.25
48.125 25 7.13
48.125 30 0.00
48.125 B1 5081.63 5551.60 
48.125 B3 5142.40 5624.19 
48.125 120 13 04 50
48.125 244 0.32
48.13 22 8.40
48.13 23 0.25
48.13 25 7.13
48.13 30 0.00
48.13 B1 5081.36 5551.38 
48.13 B3 5142.16 5624.00 
48.13 120 13 04 50
48.13 244 0.32
48.135 22 8.40
48.135 23 0.25
48.135 25 7.13
48.135 30 0.00
48.135 B1 5081.10 5551.17 
48.135 B3 5141.92 5623.81 
48.135 120 13 04 50
48.135 244 0.32
48.14 22 8.41
48.14 23 0.25
48.14 25 7.13
48.14 30 0.00
48.14 B1 5080.83 5550.95 
48.14 B3 5141.67 5623.62 
48.14 120 13 04 50
48.14 244 0.32
48.145 22 8.41
48.145 23 0.25
48.145 25 7.13
48.145 30 0.00
48.145 B1 5080.56 5550.73 
48.145 B3 5141.42 5623.43 
48.145 120 13 04 50
48.145 244 0.32
48.15 22 8.41
48.15 23 0.25
48.15 25 7.13
48.15 30 0.00
48.15 B1 5080.29 5550.50 
48.15 B3 5141.18 5623.23 
48.15 120 13 04 50
48.15 244 0.32
48.155 22 8.42
48.155 23 0.25
48.155 25 7.13
48.155 30 0.00
48.155 B1 5080.03 5550.28 
48.155 B3 5140.94 5623.04 
48.155 120 13 04 50
48.155 244 0.32
48.16 22 8.42
48.16 23 0.25
48.16 25 7.13
48.16 30 0.00
48.16 B1 5079.76 5550.06 
48.16 B3 5140.69 5622.84 
48.16 120 13 04 50
48.16 244 0.32
48.165 22 8.42
48.165 23 0.25
48.165 25 7.13
48.165 30 0.00
48.165 B1 5080.82 5551.16 
48.165 B3 5141.64 5623.83 
48.165 120 13 04 50
48.165 244 0.32
48.17 22 8.43
48.17 23 0.26
48.17 25 7.13
48.17 30 0.00
48.17 B1 5081.36 5551.80 
48.17 B3 5142.22 5624.50 
48.17 120 13 04 50
48.17 244 0.32
48.175 22 8.43
48.175 23 0.26
48.175 25 7.13
48.175 30 0.00
48.175 B1 5081.60 5552.15 
48.175 B3 5142.55 5624.94 
48.175 120 13 04 50
48.175 244 0.32
48.18 22 8.44
48.18 23 0.26
48.18 25 7.13
48.18 30 0.00
48.18 B1 5081.66 5552.31 
48.18 B3 5142.71 5625.20 
48.18 120 13 04 50
48.18 244 0.32
48.185 22 8.44
48.185 23 0.27
48.185 25 7.02
48.185 30 0.00
48.185 B1 5081.60 5552.35 
48.185 B3 5142.76 5625.35 
48.185 120 13 04 50
48.185 244 0.32
48.19 22 8.36
48.19 23 0.28
48.19 25 7.02
48.19 30 0.00
48.19 B1 5081.88 5552.70 
48.19 B3 5142.72 5625.41 
48.19 120 13 04 50
48.19 244 0.32
48.195 22 8.36
48.195 23 0.29
48.195 25 7.02
48.195 30 0.00
48.195 B1 5082.00 5552.82 
48.195 B3 5142.68 5625.39 
48.195 120 13 04 50
48.195 244 0.32
48.2 22 8.37
48.2 23 0.29
48.2 25 7.02
48.2 30 0.00
48.2 B1 5082.03 5552.80 
48.2 B3 5142.64 5625.30 
48.2 120 13 04 50
48.2 244 0.32
48.205 22 8.37
48.205 23 0.29
48.205 25 7.13
48.205 30 0.00
48.205 B1 5082.01 5552.68 
48.205 B3 5142.59 5625.17 
48.205 120 13 04 50
48.205 244 0.32
48.21 22 8.46
48.21 23 0.27
48.21 25 7.13
48.21 30 0.00
48.21 B1 5081.56 5552.12 
48.21 B3 5142.54 5625.02 
48.21 120 13 04 50
48.21 244 0.32
48.215 22 8.46
48.215 23 0.27
48.215 25 7.13
48.215 30 0.00
48.215 B1 5081.19 5551.70 
48.215 B3 5142.44 5624.86 
48.215 120 13 04 50
48.215 244 0.32
48.22 22 8.46
48.22 23 0.27
48.22 25 7.13
48.22 30 0.00
48.22 B1 5080.89 5551.36 
48.22 B3 5142.30 5624.70 
48.22 120 13 04 50
48.22 244 0.32
48.225 22 8.47
48.225 23 0.27
48.225 25 7.13
48.225 30 0.00
48.225 B1 5080.62 5551.09 
48.225 B3 5142.14 5624.55 
48.225 120 13 04 50
48.225 244 0.33
48.23 22 8.47
48.23 23 0.27
48.23 25 7.13
48.23 30 0.00
48.23 B1 5081.69 5552.17 
48.23 B3 5143.16 5625.59 
48.23 120 13 04 50
48.23 244 0.33
48.235 22 8.47
48.235 23 0.28
48.235 25 7.01
48.235 30 0.00
48.235 B1 5082.26 5552.82 
48.235 B3 5143.80 5626.30 
48.235 120 13 04 50
48.235 244 0.32
48.24 22 8.38
48.24 23 0.30
48.24 25 7.01
48.24 30 0.00
48.24 B1 5081.62 5552.27 
48.24 B3 5142.98 5625.59 
48.24 120 13 04 50
48.24 244 0.32
48.245 22 8.39
48.245 23 0.30
48.245 25 7.13
48.245 30 0.00
48.245 B1 5081.19 5551.82 
48.245 B3 5142.41 5625.01 
48.245 120 13 04 50
48.245 244 0.33
48.25 22 8.48
48.25 23 0.28
48.25 25 7.13
48.25 30 0.00
48.25 B1 5081.81 5552.35 
48.25 B3 5143.20 5625.71 
48.25 120 13 04 50
48.25 244 0.33
48.255 22 8.48
48.255 23 0.28
48.255 25 7.13
48.255 30 0.00
48.255 B1 5082.11 5552.65 
48.255 B3 5143.68 5626.19 
48.255 120 13 04 50
48.255 244 0.33
48.26 22 8.48
48.26 23 0.29
48.26 25 7.13
48.26 30 0.00
48.26 B1 5082.22 5552.80 
48.26 B3 5143.95 5626.51 
48.26 120 13 04 50
48.26 244 0.33
48.265 22 8.48
48.265 23 0.29
48.265 25 7.13
48.265 30 0.00
48.265 B1 5082.21 5552.85 
48.265 B3 5144.09 5626.70 
48.265 120 13 04 50
48.265 244 0.32
48.27 22 8.49
48.27 23 0.29
48.27 25 7.13
48.27 30 0.00
48.27 B1 5080.81 5551.52 
48.27 B3 5142.93 5625.61 
48.27 120 13 04 50
48.27 244 0.33
48.275 22 8.49
48.275 23 0.29
48.275 25 7.13
48.275 30 0.00
48.275 B1 5081.21 5551.93 
48.275 B3 5143.27 5625.99 
48.275 120 13 04 50
48.275 244 0.33
48.28 22 8.49
48.28 23 0.29
48.28 25 7.13
48.28 30 0.00
48.28 B1 5081.39 5552.14 
48.28 B3 5143.44 5626.22 
48.28 120 13 04 50
48.28 244 0.33
48.285 22 8.49
48.285 23 0.29
48.285 25 7.13
48.285 30 0.00
48.285 B1 5081.42 5552.24 
48.285 B3 5143.51 5626.35 
48.285 120 13 04 50
48.285 244 0.33
48.29 22 8.49
48.29 23 0.29
48.29 25 7.13
48.29 30 0.00
48.29 B1 5081.37 5552.25 
48.29 B3 5143.50 5626.42 
48.29 120 13 04 50
48.29 244 0.33
48.295 22 8.49
48.295 23 0.29
48.295 25 7.13
48.295 30 0.00
48.295 B1 5082.59 5553.54 
48.295 B3 5144.64 5627.63 
48.295 120 13 04 50
48.295 244 0.33
48.3 22 8.49
48.3 23 0.30
48.3 25 7.13
48.3 30 0.00
48.3 B1 5081.95 5553.02 
48.3 B3 5144.18 5627.28 
48.3 120 13 04 50
48.3 244 0.33
48.305 22 8.49
48.305 23 0.30
48.305 25 7.13
48.305 30 0.00
48.305 B1 5081.50 5552.65 
48.305 B3 5143.81 5627.00 
48.305 120 13 04 50
48.305 244 0.33
48.31 22 8.49
48.31 23 0.30
48.31 25 7.13
48.31 30 0.00
48.31 B1 5081.17 5552.35 
48.31 B3 5143.51 5626.77 
48.31 120 13 04 50
48.31 244 0.33
48.315 22 8.50
48.315 23 0.30
48.315 25 7.13
48.315 30 0.00
48.315 B1 5080.90 5552.12 
48.315 B3 5143.26 5626.56 
48.315 120 13 04 50
48.315 244 0.33
48.32 22 8.50
48.32 23 0.30
48.32 25 7.13
48.32 30 0.00
48.32 B1 5080.67 5551.93 
48.32 B3 5143.04 5626.38 
48.32 120 13 04 50
48.32 244 0.33
48.325 22 8.50
48.325 23 0.30
48.325 25 7.13
48.325 30 0.00
48.325 B1 5080.47 5551.75 
48.325 B3 5142.83 5626.22 
48.325 120 13 04 50
48.325 244 0.33
48.33 22 8.50
48.33 23 0.30
48.33 25 7.13
48.33 30 0.00
48.33 B1 5080.29 5551.60 
48.33 B3 5142.64 5626.06 
48.33 120 13 04 50
48.33 244 0.33
48.335 22 8.50
48.335 23 0.30
48.335 25 7.13
48.335 30 0.00
48.335 B1 5080.11 5551.45 
48.335 B3 5142.46 5625.92 
48.335 120 13 04 50
48.335 244 0.33
48.34 22 8.50
48.34 23 0.30
48.34 25 7.13
48.34 30 0.00
48.34 B1 5079.94 5551.30 
48.34 B3 5142.29 5625.78 
48.34 120 13 04 50
48.34 244 0.33
48.345 22 8.50
48.345 23 0.30
48.345 25 7.13
48.345 30 0.00
48.345 B1 5081.10 5552.48 
48.345 B3 5143.32 5626.84 
48.345 120 13 04 50
48.345 244 0.33
48.35 22 8.50
48.35 23 0.31
48.35 25 7.13
48.35 30 0.00
48.35 B1 5081.74 5553.22 
48.35 B3 5143.98 5627.58 
48.35 120 13 04 50
48.35 244 0.33
48.355 22 8.50
48.355 23 0.31
48.355 25 7.13
48.355 30 0.00
48.355 B1 5082.07 5553.66 
48.355 B3 5144.38 5628.08 
48.355 120 13 04 50
48.355 244 0.33
48.36 22 8.50
48.36 23 0.32
48.36 25 7.13
48.36 30 0.00
48.36 B1 5082.23 5553.91 
48.36 B3 5144.63 5628.42 
48.36 120 13 04 50
48.36 244 0.33
48.365 22 8.51
48.365 23 0.32
48.365 25 7.13
48.365 30 0.00
48.365 B1 5082.27 5554.05 
48.365 B3 5144.76 5628.65 
48.365 120 13 04 50
48.365 244 0.33
48.37 22 8.51
48.37 23 0.32
48.37 25 7.13
48.37 30 0.00
48.37 B1 5082.26 5554.10 
48.37 B3 5144.81 5628.79 
48.37 120 13 04 50
48.37 244 0.33
48.375 22 8.51
48.375 23 0.32
48.375 25 7.01
48.375 30 0.00
48.375 B1 5082.20 5554.11 
48.375 B3 5144.81 5628.86 
48.375 120 13 04 50
48.375 244 0.33
48.38 22 8.42
48.38 23 0.34
48.38 25 7.12
48.38 30 0.00
48.38 B1 5082.53 5554.48 
48.38 B3 5144.78 5628.90 
48.38 120 13 04 50
48.38 244 0.33
48.385 22 8.51
48.385 23 0.32
48.385 25 7.12
48.385 30 0.00
48.385 B1 5082.34 5554.27 
48.385 B3 5144.77 5628.88 
48.385 120 13 04 50
48.385 244 0.33
48.39 22 8.51
48.39 23 0.32
48.39 25 7.12
48.39 30 0.00
48.39 B1 5082.18 5554.09 
48.39 B3 5144.73 5628.84 
48.39 120 13 04 50
48.39 244 0.33
48.395 22 8.51
48.395 23 0.32
48.395 25 7.12
48.395 30 0.00
48.395 B1 5082.03 5553.95 
48.395 B3 5144.67 5628.79 
48.395 120 13 04 50
48.395 244 0.33
48.4 22 8.51
48.4 23 0.32
48.4 25 7.12
48.4 30 0.00
48.4 B1 5081.91 5553.83 
48.4 B3 5144.60 5628.73 
48.4 120 13 04 50
48.4 244 0.33
48.405 22 8.51
48.405 23 0.32
48.405 25 7.12
48.405 30 0.00
48.405 B1 5081.79 5553.72 
48.405 B3 5144.51 5628.67 
48.405 120 13 04 50
48.405 244 0.33
48.41 22 8.51
48.41 23 0.32
48.41 25 7.12
48.41 30 0.00
48.41 B1 5082.99 5554.94 
48.41 B3 5145.62 5629.79 
48.41 120 13 04 50
48.41 244 0.33
48.415 22 8.51
48.415 23 0.33
48.415 25 7.12
48.415 30 0.00
48.415 B1 5082.37 5554.39 
48.415 B3 5145.15 5629.39 
48.415 120 13 04 50
48.415 244 0.33
48.42 22 8.51
48.42 23 0.33
48.42 25 7.12
48.42 30 0.00
48.42 B1 5081.95 5554.00 
48.42 B3 5144.80 5629.08 
48.42 120 13 04 50
48.42 244 0.33
48.425 22 8.51
48.425 23 0.33
48.425 25 7.12
48.425 30 0.00
48.425 B1 5081.66 5553.72 
48.425 B3 5144.54 5628.84 
48.425 120 13 04 50
48.425 244 0.33
48.43 22 8.51
48.43 23 0.33
48.43 25 7.12
48.43 30 0.00
48.43 B1 5082.76 5554.83 
48.43 B3 5145.52 5629.84 
48.43 120 13 04 50
48.43 244 0.33
48.435 22 8.51
48.435 23 0.33
48.435 25 7.02
48.435 30 0.00
48.435 B1 5083.40 5555.53 
48.435 B3 5146.16 5630.54 
48.435 120 13 04 50
48.435 244 0.33
48.44 22 8.43
48.44 23 0.35
48.44 25 7.13
48.44 30 0.00
48.44 B1 5082.82 5555.02 
48.44 B3 5145.38 5629.84 
48.44 120 13 04 50
48.44 244 0.33
48.445 22 8.52
48.445 23 0.34
48.445 25 7.13
48.445 30 0.00
48.445 B1 5083.40 5555.56 
48.445 B3 5146.06 5630.49 
48.445 120 13 04 50
48.445 244 0.34
48.45 22 8.52
48.45 23 0.34
48.45 25 7.13
48.45 30 0.00
48.45 B1 5085.04 5557.22 
48.45 B3 5147.70 5632.14 
48.45 120 13 04 50
48.45 244 0.34
48.455 22 8.52
48.455 23 0.35
48.455 25 7.13
48.455 30 0.00
48.455 B1 5086.00 5558.29 
48.455 B3 5148.80 5633.33 
48.455 120 13 04 50
48.455 244 0.34
48.46 22 8.52
48.46 23 0.36
48.46 25 7.02
48.46 30 0.00
48.46 B1 5086.58 5558.98 
48.46 B3 5149.55 5634.19 
48.46 120 13 04 50
48.46 244 0.34
48.465 22 8.44
48.465 23 0.38
48.465 25 7.13
48.465 30 0.00
48.465 B1 5087.31 5559.83 
48.465 B3 5150.04 5634.82 
48.465 120 13 04 50
48.465 244 0.34
48.47 22 8.53
48.47 23 0.37
48.47 25 7.13
48.47 30 0.00
48.47 B1 5087.39 5559.95 
48.47 B3 5150.42 5635.25 
48.47 120 13 04 50
48.47 244 0.34
48.475 22 8.53
48.475 23 0.37
48.475 25 7.13
48.475 30 0.00
48.475 B1 5087.42 5560.04 
48.475 B3 5150.67 5635.57 
48.475 120 13 04 50
48.475 244 0.34
48.48 22 8.53
48.48 23 0.37
48.48 25 7.13
48.48 30 0.00
48.48 B1 5087.44 5560.10 
48.48 B3 5150.84 5635.81 
48.48 120 13 04 50
48.48 244 0.34
48.485 22 8.53
48.485 23 0.37
48.485 25 7.01
48.485 30 0.00
48.485 B1 5087.44 5560.14 
48.485 B3 5150.95 5635.99 
48.485 120 13 04 50
48.485 244 0.34
48.49 22 8.44
48.49 23 0.39
48.49 25 7.01
48.49 30 0.00
48.49 B1 5087.84 5560.58 
48.49 B3 5151.02 5636.13 
48.49 120 13 04 50
48.49 244 0.34
48.495 22 8.44
48.495 23 0.39
48.495 25 7.12
48.495 30 0.00
48.495 B1 5088.13 5560.84 
48.495 B3 5151.11 5636.21 
48.495 120 13 04 50
48.495 244 0.34
48.5 22 8.53
48.5 23 0.38
48.5 25 7.12
48.5 30 0.00
48.5 B1 5087.94 5560.58 
48.5 B3 5151.22 5636.25 
48.5 120 13 04 50
48.5 244 0.34
48.505 22 8.53
48.505 23 0.38
48.505 25 7.12
48.505 30 0.00
48.505 B1 5089.14 5561.74 
48.505 B3 5152.48 5637.48 
48.505 120 13 04 50
48.505 244 0.34
48.51 22 8.53
48.51 23 0.39
48.51 25 7.12
48.51 30 0.00
48.51 B1 5089.86 5562.51 
48.51 B3 5153.35 5638.39 
48.51 120 13 04 50
48.51 244 0.34
48.515 22 8.53
48.515 23 0.39
48.515 25 7.12
48.515 30 0.00
48.515 B1 5090.31 5563.04 
48.515 B3 5153.94 5639.06 
48.515 120 13 04 50
48.515 244 0.34
48.52 22 8.53
48.52 23 0.40
48.52 25 7.12
48.52 30 0.00
48.52 B1 5090.59 5563.40 
48.52 B3 5154.35 5639.57 
48.52 120 13 04 50
48.52 244 0.34
48.525 22 8.53
48.525 23 0.40
48.525 25 7.12
48.525 30 0.00
48.525 B1 5090.77 5563.66 
48.525 B3 5154.64 5639.96 
48.525 120 13 04 50
48.525 244 0.34
48.53 22 8.53
48.53 23 0.40
48.53 25 7.12
48.53 30 0.00
48.53 B1 5090.89 5563.86 
48.53 B3 5154.85 5640.26 
48.53 120 13 04 50
48.53 244 0.34
48.535 22 8.53
48.535 23 0.40
48.535 25 7.12
48.535 30 0.00
48.535 B1 5090.98 5564.01 
48.535 B3 5155.01 5640.50 
48.535 120 13 04 50
48.535 244 0.34
48.54 22 8.53
48.54 23 0.40
48.54 25 7.12
48.54 30 0.00
48.54 B1 5091.04 5564.13 
48.54 B3 5155.12 5640.69 
48.54 120 13 04 50
48.54 244 0.34
48.545 22 8.53
48.545 23 0.40
48.545 25 7.12
48.545 30 0.00
48.545 B1 5091.09 5564.23 
48.545 B3 5155.21 5640.85 
48.545 120 13 04 50
48.545 244 0.35
48.55 22 8.53
48.55 23 0.40
48.55 25 7.12
48.55 30 0.00
48.55 B1 5092.46 5565.65 
48.55 B3 5156.48 5642.18 
48.55 120 13 04 50
48.55 244 0.35
48.555 22 8.53
48.555 23 0.41
48.555 25 7.12
48.555 30 0.00
48.555 B1 5093.30 5566.60 
48.555 B3 5157.36 5643.17 
48.555 120 13 04 50
48.555 244 0.35
48.56 22 8.53
48.56 23 0.42
48.56 25 7.12
48.56 30 0.00
48.56 B1 5093.84 5567.26 
48.56 B3 5157.99 5643.92 
48.56 120 13 04 50
48.56 244 0.35
48.565 22 8.53
48.565 23 0.42
48.565 25 7.12
48.565 30 0.00
48.565 B1 5094.20 5567.73 
48.565 B3 5158.44 5644.49 
48.565 120 13 04 50
48.565 244 0.35
48.57 22 8.53
48.57 23 0.42
48.57 25 7.12
48.57 30 0.00
48.57 B1 5094.44 5568.07 
48.57 B3 5158.78 5644.94 
48.57 120 13 04 50
48.57 244 0.35
48.575 22 8.53
48.575 23 0.43
48.575 25 7.12
48.575 30 0.00
48.575 B1 5095.94 5569.66 
48.575 B3 5160.23 5646.50 
48.575 120 13 04 50
48.575 244 0.35
48.58 22 8.53
48.58 23 0.44
48.58 25 7.12
48.58 30 0.00
48.58 B1 5096.89 5570.73 
48.58 B3 5161.25 5647.66 
48.58 120 13 04 50
48.58 244 0.35
48.585 22 8.53
48.585 23 0.44
48.585 25 7.12
48.585 30 0.00
48.585 B1 5098.82 5572.81 
48.585 B3 5163.18 5649.74 
48.585 120 13 04 50
48.585 244 0.36
48.59 22 8.53
48.59 23 0.46
48.59 25 7.12
48.59 30 0.00
48.59 B1 5101.37 5575.55 
48.59 B3 5165.74 5652.50 
48.59 120 13 04 50
48.59 244 0.36
48.595 22 8.53
48.595 23 0.48
48.595 25 7.12
48.595 30 0.00
48.595 B1 5102.98 5577.41 
48.595 B3 5167.55 5654.56 
48.595 120 13 04 50
48.595 244 0.36
48.6 22 8.53
48.6 23 0.49
48.6 25 7.12
48.6 30 0.00
48.6 B1 5104.02 5578.70 
48.6 B3 5168.85 5656.12 
48.6 120 13 04 50
48.6 244 0.36
48.605 22 8.53
48.605 23 0.49
48.605 25 7.12
48.605 30 0.00
48.605 B1 5104.74 5579.63 
48.605 B3 5169.80 5657.32 
48.605 120 13 04 50
48.605 244 0.36
48.61 22 8.53
48.61 23 0.50
48.61 25 7.12
48.61 30 0.00
48.61 B1 5105.25 5580.33 
48.61 B3 5170.53 5658.27 
48.61 120 13 04 50
48.61 244 0.36
48.615 22 8.53
48.615 23 0.50
48.615 25 7.12
48.615 30 0.00
48.615 B1 5105.65 5580.87 
48.615 B3 5171.09 5659.03 
48.615 120 13 04 50
48.615 244 0.37
48.62 22 8.53
48.62 23 0.50
48.62 25 7.12
48.62 30 0.00
48.62 B1 5109.93 5585.28 
48.62 B3 5175.14 5663.25 
48.62 120 13 04 50
48.62 244 0.37
48.625 22 8.54
48.625 23 0.53
48.625 25 7.12
48.625 30 0.00
48.625 B1 5113.96 5589.59 
48.625 B3 5179.20 5667.59 
48.625 120 13 04 50
48.625 244 0.37
48.63 22 8.54
48.63 23 0.56
48.63 25 7.12
48.63 30 0.00
48.63 B1 5116.53 5592.53 
48.63 B3 5182.08 5670.85 
48.63 120 13 04 50
48.63 244 0.37
48.635 22 8.54
48.635 23 0.58
48.635 25 7.12
48.635 30 0.00
48.635 B1 5118.22 5594.60 
48.635 B3 5184.17 5673.34 
48.635 120 13 04 50
48.635 244 0.37
48.64 22 8.54
48.64 23 0.59
48.64 25 7.12
48.64 30 0.00
48.64 B1 5119.39 5596.10 
48.64 B3 5185.72 5675.27 
48.64 120 13 04 50
48.64 244 0.38
48.645 22 8.54
48.645 23 0.60
48.645 25 7.12
48.645 30 0.00
48.645 B1 5121.58 5598.55 
48.645 B3 5188.12 5678.00 
48.645 120 13 04 50
48.645 244 0.38
48.65 22 8.54
48.65 23 0.61
48.65 25 7.12
48.65 30 0.00
48.65 B1 5123.06 5600.32 
48.65 B3 5189.89 5680.11 
48.65 120 13 04 50
48.65 244 0.38
48.655 22 8.54
48.655 23 0.62
48.655 25 7.12
48.655 30 0.00
48.655 B1 5124.13 5601.64 
48.655 B3 5191.25 5681.79 
48.655 120 13 04 50
48.655 244 0.38
48.66 22 8.54
48.66 23 0.63
48.66 25 7.12
48.66 30 0.00
48.66 B1 5124.96 5602.68 
48.66 B3 5192.32 5683.16 
48.66 120 13 04 50
48.66 244 0.38
48.665 22 8.54
48.665 23 0.63
48.665 25 7.12
48.665 30 0.00
48.665 B1 5125.63 5603.54 
48.665 B3 5193.21 5684.30 
48.665 120 13 04 50
48.665 244 0.39
48.67 22 8.54
48.67 23 0.64
48.67 25 7.12
48.67 30 0.00
48.67 B1 5128.86 5606.92 
48.67 B3 5196.36 5687.67 
48.67 120 13 04 50
48.67 244 0.39
48.675 22 8.54
48.675 23 0.66
48.675 25 7.12
48.675 30 0.00
48.675 B1 5131.01 5609.32 
48.675 B3 5198.68 5690.27 
48.675 120 13 04 50
48.675 244 0.38
48.68 22 8.55
48.68 23 0.67
48.68 25 7.12
48.68 30 0.00
48.68 B1 5131.19 5609.77 
48.68 B3 5199.24 5691.14 
48.68 120 13 04 50
48.68 244 0.38
48.685 22 8.55
48.685 23 0.67
48.685 25 7.12
48.685 30 0.00
48.685 B1 5131.50 5610.27 
48.685 B3 5199.79 5691.93 
48.685 120 13 04 50
48.685 244 0.38
48.69 22 8.55
48.69 23 0.67
48.69 25 7.12
48.69 30 0.00
48.69 B1 5131.89 5610.79 
48.69 B3 5200.34 5692.68 
48.69 120 13 04 50
48.69 244 0.38
48.695 22 8.55
48.695 23 0.67
48.695 25 7.12
48.695 30 0.00
48.695 B1 5132.33 5611.33 
48.695 B3 5200.89 5693.39 
48.695 120 13 04 50
48.695 244 0.38
48.7 22 8.55
48.7 23 0.67
48.7 25 7.12
48.7 30 0.00
48.7 B1 5132.79 5611.89 
48.7 B3 5201.42 5694.07 
48.7 120 13 04 50
48.7 244 0.38
48.705 22 8.55
48.705 23 0.67
48.705 25 7.12
48.705 30 0.00
48.705 B1 5133.28 5612.45 
48.705 B3 5201.96 5694.73 
48.705 120 13 04 50
48.705 244 0.38
48.71 22 8.55
48.71 23 0.67
48.71 25 7.12
48.71 30 0.00
48.71 B1 5133.77 5613.02 
48.71 B3 5202.49 5695.37 
48.71 120 13 04 50
48.71 244 0.38
48.715 22 8.55
48.715 23 0.67
48.715 25 7.12
48.715 30 0.00
48.715 B1 5134.26 5613.59 
48.715 B3 5203.02 5696.01 
48.715 120 13 04 50
48.715 244 0.38
48.72 22 8.55
48.72 23 0.67
48.72 25 7.12
48.72 30 0.00
48.72 B1 5134.76 5614.16 
48.72 B3 5203.56 5696.63 
48.72 120 13 04 50
48.72 244 0.38
48.725 22 8.55
48.725 23 0.67
48.725 25 7.12
48.725 30 0.00
48.725 B1 5135.26 5614.73 
48.725 B3 5204.08 5697.24 
48.725 120 13 04 50
48.725 244 0.38
48.73 22 8.55
48.73 23 0.67
48.73 25 7.12
48.73 30 0.00
48.73 B1 5135.77 5615.31 
48.73 B3 5204.61 5697.85 
48.73 120 13 04 50
48.73 244 0.38
48.735 22 8.55
48.735 23 0.67
48.735 25 7.12
48.735 30 0.00
48.735 B1 5136.27 5615.88 
48.735 B3 5205.13 5698.46 
48.735 120 13 04 50
48.735 244 0.38
48.74 22 8.55
48.74 23 0.67
48.74 25 7.01
48.74 30 0.00
48.74 B1 5136.78 5616.45 
48.74 B3 5205.65 5699.06 
48.74 120 13 04 50
48.74 244 0.38
48.745 22 8.47
48.745 23 0.68
48.745 25 7.12
48.745 30 0.00
48.745 B1 5136.36 5616.10 
48.745 B3 5204.98 5698.46 
48.745 120 13 04 50
48.745 244 0.38
48.75 22 8.56
48.75 23 0.66
48.75 25 7.12
48.75 30 0.00
48.75 B1 5137.26 5616.94 
48.75 B3 5205.92 5699.36 
48.75 120 13 04 50
48.75 244 0.38
48.755 22 8.56
48.755 23 0.66
48.755 25 7.12
48.755 30 0.00
48.755 B1 5138.00 5617.70 
48.755 B3 5206.72 5700.17 
48.755 120 13 04 50
48.755 244 0.38
48.76 22 8.56
48.76 23 0.66
48.76 25 7.12
48.76 30 0.00
48.76 B1 5138.65 5618.38 
48.76 B3 5207.43 5700.91 
48.76 120 13 04 50
48.76 244 0.38
48.765 22 8.56
48.765 23 0.66
48.765 25 7.12
48.765 30 0.00
48.765 B1 5137.91 5617.71 
48.765 B3 5206.87 5700.42 
48.765 120 13 04 50
48.765 244 0.38
48.77 22 8.56
48.77 23 0.65
48.77 25 7.12
48.77 30 0.00
48.77 B1 5138.97 5618.78 
48.77 B3 5207.85 5701.41 
48.77 120 13 04 50
48.77 244 0.38
48.775 22 8.56
48.775 23 0.66
48.775 25 7.12
48.775 30 0.00
48.775 B1 5139.81 5619.67 
48.775 B3 5208.67 5702.29 
48.775 120 13 04 50
48.775 244 0.38
48.78 22 8.56
48.78 23 0.66
48.78 25 7.12
48.78 30 0.00
48.78 B1 5140.51 5620.45 
48.78 B3 5209.39 5703.08 
48.78 120 13 04 50
48.78 244 0.38
48.785 22 8.56
48.785 23 0.66
48.785 25 7.12
48.785 30 0.00
48.785 B1 5141.13 5621.15 
48.785 B3 5210.04 5703.81 
48.785 120 13 04 50
48.785 244 0.38
48.79 22 8.56
48.79 23 0.66
48.79 25 7.12
48.79 30 0.00
48.79 B1 5141.70 5621.81 
48.79 B3 5210.65 5704.50 
48.79 120 13 04 50
48.79 244 0.38
48.795 22 8.56
48.795 23 0.66
48.795 25 7.12
48.795 30 0.00
48.795 B1 5142.24 5622.43 
48.795 B3 5211.22 5705.16 
48.795 120 13 04 50
48.795 244 0.38
48.8 22 8.57
48.8 23 0.66
48.8 25 7.12
48.8 30 0.00
48.8 B1 5142.76 5623.04 
48.8 B3 5211.77 5705.80 
48.8 120 13 04 50
48.8 244 0.38
48.805 22 8.57
48.805 23 0.66
48.805 25 7.12
48.805 30 0.00
48.805 B1 5143.27 5623.63 
48.805 B3 5212.31 5706.42 
48.805 120 13 04 50
48.805 244 0.38
48.81 22 8.57
48.81 23 0.66
48.81 25 7.12
48.81 30 0.00
48.81 B1 5142.45 5622.89 
48.81 B3 5211.64 5705.83 
48.81 120 13 04 50
48.81 244 0.38
48.815 22 8.57
48.815 23 0.65
48.815 25 7.12
48.815 30 0.00
48.815 B1 5143.47 5623.92 
48.815 B3 5212.53 5706.75 
48.815 120 13 04 50
48.815 244 0.38
48.82 22 8.57
48.82 23 0.66
48.82 25 7.12
48.82 30 0.00
48.82 B1 5144.28 5624.78 
48.82 B3 5213.30 5707.58 
48.82 120 13 04 50
48.82 244 0.38
48.825 22 8.57
48.825 23 0.66
48.825 25 7.12
48.825 30 0.00
48.825 B1 5143.64 5624.21 
48.825 B3 5212.78 5707.13 
48.825 120 13 04 50
48.825 244 0.38
48.83 22 8.57
48.83 23 0.65
48.83 25 7.12
48.83 30 0.00
48.83 B1 5143.43 5624.03 
48.83 B3 5212.58 5706.96 
48.83 120 13 04 50
48.83 244 0.38
48.835 22 8.57
48.835 23 0.65
48.835 25 7.12
48.835 30 0.00
48.835 B1 5144.81 5625.41 
48.835 B3 5213.78 5708.17 
48.835 120 13 04 50
48.835 244 0.38
48.84 22 8.57
48.84 23 0.65
48.84 25 7.24
48.84 30 0.00
48.84 B1 5144.52 5625.18 
48.84 B3 5213.56 5708.01 
48.84 120 13 04 50
48.84 244 0.38
48.845 22 8.66
48.845 23 0.63
48.845 25 7.35
48.845 30 0.00
48.845 B1 5144.10 5624.80 
48.845 B3 5213.56 5708.03 
48.845 120 13 04 50
48.845 244 0.38
48.85 22 8.75
48.85 23 0.61
48.85 25 7.35
48.85 30 0.00
48.85 B1 5143.56 5624.37 
48.85 B3 5213.65 5708.22 
48.85 120 13 04 50
48.85 244 0.38
48.855 22 8.74
48.855 23 0.61
48.855 25 7.68
48.855 30 0.00
48.855 B1 5143.33 5624.34 
48.855 B3 5213.78 5708.55 
48.855 120 13 04 50
48.855 244 0.38
48.86 22 8.99
48.86 23 0.56
48.86 25 7.79
48.86 30 0.00
48.86 B1 5141.97 5623.30 
48.86 B3 5213.91 5708.97 
48.86 120 13 04 50
48.86 244 0.38
48.865 22 9.07
48.865 23 0.53
48.865 25 7.91
48.865 30 0.00
48.865 B1 5140.66 5622.54 
48.865 B3 5213.92 5709.52 
48.865 120 13 04 50
48.865 244 0.38
48.87 22 9.14
48.87 23 0.51
48.87 25 8.13
48.87 30 0.00
48.87 B1 5139.34 5622.00 
48.87 B3 5213.79 5710.19 
48.87 120 13 04 50
48.87 244 0.38
48.875 22 9.29
48.875 23 0.48
48.875 25 8.24
48.875 30 0.00
48.875 B1 5137.49 5621.15 
48.875 B3 5213.54 5710.96 
48.875 120 13 04 50
48.875 244 0.38
48.88 22 9.35
48.88 23 0.46
48.88 25 8.24
48.88 30 0.00
48.88 B1 5135.72 5620.64 
48.88 B3 5213.12 5711.82 
48.88 120 13 04 50
48.88 244 0.38
48.885 22 9.34
48.885 23 0.45
48.885 25 8.24
48.885 30 0.00
48.885 B1 5134.44 5620.81 
48.885 B3 5212.54 5712.79 
48.885 120 13 04 50
48.885 244 0.38
48.89 22 9.33
48.89 23 0.45
48.89 25 8.35
48.89 30 0.00
48.89 B1 5133.44 5621.41 
48.89 B3 5211.86 5713.79 
48.89 120 13 04 50
48.89 244 0.37
48.895 22 9.39
48.895 23 0.43
48.895 25 8.46
48.895 30 0.00
48.895 B1 5130.83 5620.50 
48.895 B3 5209.93 5713.64 
48.895 120 13 04 50
48.895 244 0.37
48.9 22 9.46
48.9 23 0.41
48.9 25 8.35
48.9 30 0.00
48.9 B1 5128.52 5619.92 
48.9 B3 5208.30 5713.83 
48.9 120 13 04 50
48.9 244 0.37
48.905 22 9.36
48.905 23 0.42
48.905 25 8.46
48.905 30 0.00
48.905 B1 5127.33 5620.51 
48.905 B3 5206.83 5714.29 
48.905 120 13 04 50
48.905 244 0.37
48.91 22 9.43
48.91 23 0.40
48.91 25 8.46
48.91 30 0.00
48.91 B1 5125.88 5620.89 
48.91 B3 5205.53 5714.91 
48.91 120 13 04 50
48.91 244 0.37
48.915 22 9.42
48.915 23 0.40
48.915 25 8.46
48.915 30 0.00
48.915 B1 5124.73 5621.61 
48.915 B3 5204.31 5715.66 
48.915 120 13 04 50
48.915 244 0.37
48.92 22 9.41
48.92 23 0.40
48.92 25 8.46
48.92 30 0.00
48.92 B1 5123.77 5622.54 
48.92 B3 5203.16 5716.49 
48.92 120 13 04 50
48.92 244 0.37
48.925 22 9.40
48.925 23 0.40
48.925 25 8.57
48.925 30 0.00
48.925 B1 5122.93 5623.59 
48.925 B3 5202.05 5717.37 
48.925 120 13 04 50
48.925 244 0.37
48.93 22 9.47
48.93 23 0.38
48.93 25 8.68
48.93 30 0.00
48.93 B1 5121.70 5624.25 
48.93 B3 5200.99 5718.28 
48.93 120 13 04 50
48.93 244 0.37
48.935 22 9.54
48.935 23 0.36
48.935 25 8.68
48.935 30 0.00
48.935 B1 5118.86 5623.33 
48.935 B3 5198.75 5718.03 
48.935 120 13 04 50
48.935 244 0.37
48.94 22 9.53
48.94 23 0.35
48.94 25 8.79
48.94 30 0.00
48.94 B1 5116.82 5623.19 
48.94 B3 5196.84 5718.13 
48.94 120 13 04 50
48.94 244 0.37
48.945 22 9.60
48.945 23 0.33
48.945 25 8.90
48.945 30 0.00
48.945 B1 5116.09 5624.37 
48.945 B3 5196.36 5719.67 
48.945 120 13 04 50
48.945 244 0.37
48.95 22 9.67
48.95 23 0.32
48.95 25 8.90
48.95 30 0.00
48.95 B1 5113.48 5623.81 
48.95 B3 5194.45 5719.88 
48.95 120 13 04 50
48.95 244 0.37
48.955 22 9.66
48.955 23 0.31
48.955 25 9.01
48.955 30 0.00
48.955 B1 5111.52 5623.91 
48.955 B3 5192.71 5720.33 
48.955 120 13 04 50
48.955 244 0.37
48.96 22 9.73
48.96 23 0.29
48.96 25 9.12
48.96 30 0.00
48.96 B1 5109.44 5623.93 
48.96 B3 5191.10 5720.93 
48.96 120 13 04 50
48.96 244 0.37
48.965 22 9.80
48.965 23 0.27
48.965 25 9.12
48.965 30 0.00
48.965 B1 5107.27 5623.92 
48.965 B3 5189.55 5721.65 
48.965 120 13 04 50
48.965 244 0.37
48.97 22 9.79
48.97 23 0.27
48.97 25 9.12
48.97 30 0.00
48.97 B1 5105.50 5624.39 
48.97 B3 5188.00 5722.47 
48.97 120 13 04 50
48.97 244 0.37
48.975 22 9.78
48.975 23 0.27
48.975 25 9.23
48.975 30 0.00
48.975 B1 5104.00 5625.17 
48.975 B3 5186.47 5723.34 
48.975 120 13 04 50
48.975 244 0.37
48.98 22 9.85
48.98 23 0.25
48.98 25 9.35
48.98 30 0.00
48.98 B1 5102.15 5625.62 
48.98 B3 5184.96 5724.25 
48.98 120 13 04 50
48.98 244 0.37
48.985 22 9.92
48.985 23 0.23
48.985 25 9.35
48.985 30 0.00
48.985 B1 5100.06 5625.87 
48.985 B3 5183.44 5725.18 
48.985 120 13 04 50
48.985 244 0.37
48.99 22 9.91
48.99 23 0.23
48.99 25 9.35
48.99 30 0.00
48.99 B1 5098.29 5626.50 
48.99 B3 5181.87 5726.14 
48.99 120 13 04 50
48.99 244 0.37
48.995 22 9.90
48.995 23 0.23
48.995 25 9.35
48.995 30 0.00
48.995 B1 5096.75 5627.37 
48.995 B3 5180.29 5727.12 
48.995 120 13 04 50
48.995 244 0.37
49 22 9.90
49 23 0.23
49 25 9.46
49 30 0.00
49 B1 5095.34 5628.37 
49 B3 5178.71 5728.08 
49 120 13 04 50
49 244 0.37
49.005 22 9.97
49.005 23 0.22
49.005 25 9.57
49.005 30 0.00
49.005 B1 5092.17 5627.60 
49.005 B3 5175.95 5727.84 
49.005 120 13 04 50
49.005 244 0.37
49.01 22 10.04
49.01 23 0.19
49.01 25 9.57
49.01 30 0.00
49.01 B1 5090.54 5628.32 
49.01 B3 5174.73 5729.11 
49.01 120 13 04 50
49.01 244 0.37
49.015 22 10.04
49.015 23 0.19
49.015 25 9.68
49.015 30 0.00
49.015 B1 5087.70 5627.91 
49.015 B3 5172.16 5729.11 
49.015 120 13 04 50
49.015 244 0.37
49.02 22 10.11
49.02 23 0.17
49.02 25 9.68
49.02 30 0.00
49.02 B1 5084.92 5627.53 
49.02 B3 5169.86 5729.34 
49.02 120 13 04 50
49.02 244 0.37
49.025 22 10.10
49.025 23 0.16
49.025 25 9.79
49.025 30 0.00
49.025 B1 5082.69 5627.71 
49.025 B3 5167.71 5729.76 
49.025 120 13 04 50
49.025 244 0.37
49.03 22 10.17
49.03 23 0.14
49.03 25 9.79
49.03 30 0.00
49.03 B1 5080.24 5627.69 
49.03 B3 5165.68 5730.30 
49.03 120 13 04 50
49.03 244 0.37
49.035 22 10.17
49.035 23 0.14
49.035 25 9.79
49.035 30 0.00
49.035 B1 5078.17 5628.09 
49.035 B3 5163.70 5730.94 
49.035 120 13 04 50
49.035 244 0.36
49.04 22 10.17
49.04 23 0.14
49.04 25 9.91
49.04 30 0.00
49.04 B1 5075.02 5627.42 
49.04 B3 5160.56 5730.43 
49.04 120 13 04 50
49.04 244 0.37
49.045 22 10.24
49.045 23 0.11
49.045 25 9.91
49.045 30 0.00
49.045 B1 5073.31 5628.13 
49.045 B3 5159.04 5731.46 
49.045 120 13 04 50
49.045 244 0.37
49.05 22 10.24
49.05 23 0.11
49.05 25 9.91
49.05 30 0.00
49.05 B1 5071.67 5628.97 
49.05 B3 5157.39 5732.43 
49.05 120 13 04 50
49.05 244 0.37
49.055 22 10.24
49.055 23 0.12
49.055 25 9.91
49.055 30 0.00
49.055 B1 5070.08 5629.88 
49.055 B3 5155.67 5733.34 
49.055 120 13 04 50
49.055 244 0.37
49.06 22 10.24
49.06 23 0.12
49.06 25 9.91
49.06 30 0.00
49.06 B1 5068.51 5630.81 
49.06 B3 5153.92 5734.20 
49.06 120 13 04 50
49.06 244 0.36
49.065 22 10.25
49.065 23 0.12
49.065 25 9.91
49.065 30 0.00
49.065 B1 5065.66 5630.41 
49.065 B3 5150.96 5733.82 
49.065 120 13 04 50
49.065 244 0.37
49.07 22 10.25
49.07 23 0.11
49.07 25 10.02
49.07 30 0.00
49.07 B1 5064.68 5631.76 
49.07 B3 5149.57 5734.91 
49.07 120 13 04 50
49.07 244 0.37
49.075 22 10.33
49.075 23 0.10
49.075 25 10.02
49.075 30 0.00
49.075 B1 5062.95 5632.40 
49.075 B3 5148.07 5735.87 
49.075 120 13 04 50
49.075 244 0.36
49.08 22 10.33
49.08 23 0.10
49.08 25 10.02
49.08 30 0.00
49.08 B1 5059.98 5631.79 
49.08 B3 5145.27 5735.54 
49.08 120 13 04 50
49.08 244 0.36
49.085 22 10.33
49.085 23 0.10
49.085 25 10.02
49.085 30 0.00
49.085 B1 5057.58 5631.65 
49.085 B3 5142.80 5735.46 
49.085 120 13 04 50
49.085 244 0.36
49.09 22 10.34
49.09 23 0.09
49.09 25 10.02
49.09 30 0.00
49.09 B1 5055.52 5631.81 
49.09 B3 5140.54 5735.55 
49.09 120 13 04 50
49.09 244 0.36
49.095 22 10.35
49.095 23 0.09
49.095 25 10.02
49.095 30 0.00
49.095 B1 5053.68 5632.14 
49.095 B3 5138.44 5735.74 
49.095 120 13 04 50
49.095 244 0.36
49.1 22 10.35
49.1 23 0.09
49.1 25 10.02
49.1 30 0.00
49.1 B1 5051.96 5632.55 
49.1 B3 5136.47 5736.01 
49.1 120 13 04 50
49.1 244 0.36
49.105 22 10.36
49.105 23 0.09
49.105 25 10.13
49.105 30 0.00
49.105 B1 5050.33 5633.02 
49.105 B3 5134.58 5736.31 
49.105 120 13 04 50
49.105 244 0.37
49.11 22 10.44
49.11 23 0.07
49.11 25 10.02
49.11 30 0.00
49.11 B1 5049.52 5634.29 
49.11 B3 5133.95 5737.83 
49.11 120 13 04 50
49.11 244 0.36
49.115 22 10.38
49.115 23 0.10
49.115 25 10.02
49.115 30 0.00
49.115 B1 5047.64 5634.52 
49.115 B3 5131.77 5737.86 
49.115 120 13 04 50
49.115 244 0.36
49.12 22 10.39
49.12 23 0.10
49.12 25 10.02
49.12 30 0.00
49.12 B1 5045.91 5634.82 
49.12 B3 5129.77 5737.98 
49.12 120 13 04 50
49.12 244 0.36
49.125 22 10.40
49.125 23 0.09
49.125 25 10.02
49.125 30 0.00
49.125 B1 5044.30 5635.14 
49.125 B3 5127.90 5738.13 
49.125 120 13 04 50
49.125 244 0.36
49.13 22 10.41
49.13 23 0.10
49.13 25 10.02
49.13 30 0.00
49.13 B1 5042.74 5635.46 
49.13 B3 5126.13 5738.32 
49.13 120 13 04 50
49.13 244 0.36
49.135 22 10.42
49.135 23 0.10
49.135 25 10.02
49.135 30 0.00
49.135 B1 5041.23 5635.77 
49.135 B3 5124.43 5738.52 
49.135 120 13 04 50
49.135 244 0.36
49.14 22 10.43
49.14 23 0.10
49.14 25 10.13
49.14 30 0.00
49.14 B1 5039.75 5636.06 
49.14 B3 5122.79 5738.72 
49.14 120 13 04 50
49.14 244 0.36
49.145 22 10.52
49.145 23 0.08
49.145 25 10.13
49.145 30 0.00
49.145 B1 5037.74 5635.78 
49.145 B3 5121.20 5738.91 
49.145 120 13 04 50
49.145 244 0.36
49.15 22 10.53
49.15 23 0.08
49.15 25 10.13
49.15 30 0.00
49.15 B1 5034.61 5634.37 
49.15 B3 5118.39 5737.92 
49.15 120 13 04 50
49.15 244 0.36
49.155 22 10.54
49.155 23 0.07
49.155 25 10.13
49.155 30 0.00
49.155 B1 5032.13 5633.50 
49.155 B3 5115.97 5737.22 
49.155 120 13 04 50
49.155 244 0.36
49.16 22 10.55
49.16 23 0.06
49.16 25 10.24
49.16 30 0.00
49.16 B1 5030.03 5632.98 
49.16 B3 5113.82 5736.75 
49.16 120 13 04 50
49.16 244 0.36
49.165 22 10.63
49.165 23 0.04
49.165 25 10.13
49.165 30 0.00
49.165 B1 5027.61 5632.14 
49.165 B3 5111.85 5736.42 
49.165 120 13 04 50
49.165 244 0.36
49.17 22 10.57
49.17 23 0.05
49.17 25 10.13
49.17 30 0.00
49.17 B1 5026.07 5632.17 
49.17 B3 5109.96 5736.21 
49.17 120 13 04 50
49.17 244 0.36
49.175 22 10.58
49.175 23 0.05
49.175 25 10.13
49.175 30 0.00
49.175 B1 5024.53 5632.19 
49.175 B3 5108.17 5736.06 
49.175 120 13 04 50
49.175 244 0.36
49.18 22 10.60
49.18 23 0.05
49.18 25 10.13
49.18 30 0.00
49.18 B1 5023.01 5632.19 
49.18 B3 5106.46 5735.94 
49.18 120 13 04 50
49.18 244 0.36
49.185 22 10.61
49.185 23 0.05
49.185 25 10.24
49.185 30 0.00
49.185 B1 5021.50 5632.18 
49.185 B3 5104.81 5735.84 
49.185 120 13 04 50
49.185 244 0.36
49.19 22 10.69
49.19 23 0.04
49.19 25 10.24
49.19 30 0.00
49.19 B1 5020.76 5632.92 
49.19 B3 5104.40 5736.94 
49.19 120 13 04 50
49.19 244 0.36
49.195 22 10.70
49.195 23 0.04
49.195 25 10.24
49.195 30 0.00
49.195 B1 5019.70 5633.40 
49.195 B3 5103.59 5737.74 
49.195 120 13 04 50
49.195 244 0.36
49.2 22 10.72
49.2 23 0.05
49.2 25 10.24
49.2 30 0.00
49.2 B1 5018.44 5633.70 
49.2 B3 5102.54 5738.31 
49.2 120 13 04 50
49.2 244 0.36
49.205 22 10.73
49.205 23 0.05
49.205 25 10.24
49.205 30 0.00
49.205 B1 5017.06 5633.87 
49.205 B3 5101.32 5738.71 
49.205 120 13 04 50
49.205 244 0.36
49.21 22 10.74
49.21 23 0.05
49.21 25 10.24
49.21 30 0.00
49.21 B1 5014.31 5632.63 
49.21 B3 5098.80 5737.78 
49.21 120 13 04 50
49.21 244 0.36
49.215 22 10.76
49.215 23 0.05
49.215 25 10.24
49.215 30 0.00
49.215 B1 5012.05 5631.76 
49.215 B3 5096.59 5737.07 
49.215 120 13 04 50
49.215 244 0.36
49.22 22 10.77
49.22 23 0.04
49.22 25 10.24
49.22 30 0.00
49.22 B1 5010.09 5631.12 
49.22 B3 5094.60 5736.51 
49.22 120 13 04 50
49.22 244 0.36
49.225 22 10.78
49.225 23 0.04
49.225 25 10.24
49.225 30 0.00
49.225 B1 5009.62 5631.95 
49.225 B3 5093.95 5737.25 
49.225 120 13 04 50
49.225 244 0.36
49.23 22 10.80
49.23 23 0.05
49.23 25 10.24
49.23 30 0.00
49.23 B1 5008.73 5632.40 
49.23 B3 5093.02 5737.73 
49.23 120 13 04 50
49.23 244 0.36
49.235 22 10.81
49.235 23 0.05
49.235 25 10.24
49.235 30 0.00
49.235 B1 5007.59 5632.61 
49.235 B3 5091.91 5738.02 
49.235 120 13 04 50
49.235 244 0.36
49.24 22 10.82
49.24 23 0.05
49.24 25 10.24
49.24 30 0.00
49.24 B1 5006.31 5632.66 
49.24 B3 5090.68 5738.17 
49.24 120 13 04 50
49.24 244 0.36
49.245 22 10.84
49.245 23 0.06
49.245 25 10.24
49.245 30 0.00
49.245 B1 5004.95 5632.57 
49.245 B3 5089.38 5738.22 
49.245 120 13 04 50
49.245 244 0.36
49.25 22 10.85
49.25 23 0.06
49.25 25 10.24
49.25 30 0.00
49.25 B1 5003.55 5632.41 
49.25 B3 5088.04 5738.18 
49.25 120 13 04 50
49.25 244 0.36
49.255 22 10.87
49.255 23 0.06
49.255 25 10.24
49.255 30 0.00
49.255 B1 5000.80 5630.85 
49.255 B3 5085.47 5736.88 
49.255 120 13 04 50
49.255 244 0.36
49.26 22 10.88
49.26 23 0.05
49.26 25 10.24
49.26 30 0.00
49.26 B1 4999.89 5631.01 
49.26 B3 5084.46 5737.04 
49.26 120 13 04 50
49.26 244 0.36
49.265 22 10.89
49.265 23 0.05
49.265 25 10.35
49.265 30 0.00
49.265 B1 4998.75 5630.97 
49.265 B3 5083.33 5737.06 
49.265 120 13 04 50
49.265 244 0.36
49.27 22 10.98
49.27 23 0.04
49.27 25 10.35
49.27 30 0.00
49.27 B1 4995.61 5628.93 
49.27 B3 5080.90 5735.79 
49.27 120 13 04 50
49.27 244 0.36
49.275 22 10.99
49.275 23 0.03
49.275 25 10.35
49.275 30 0.00
49.275 B1 4993.10 5627.45 
49.275 B3 5078.77 5734.77 
49.275 120 13 04 50
49.275 244 0.36
49.28 22 11.00
49.28 23 0.02
49.28 25 10.35
49.28 30 0.00
49.28 B1 4990.99 5626.32 
49.28 B3 5076.83 5733.92 
49.28 120 13 04 50
49.28 244 0.36
49.285 22 11.01
49.285 23 0.02
49.285 25 10.35
49.285 30 0.00
49.285 B1 4989.09 5625.43 
49.285 B3 5075.01 5733.19 
49.285 120 13 04 50
49.285 244 0.36
49.29 22 11.03
49.29 23 0.02
49.29 25 10.35
49.29 30 0.00
49.29 B1 4987.34 5624.67 
49.29 B3 5073.29 5732.54 
49.29 120 13 04 50
49.29 244 0.36
49.295 22 11.04
49.295 23 0.02
49.295 25 10.35
49.295 30 0.00
49.295 B1 4985.67 5624.00 
49.295 B3 5071.63 5731.95 
49.295 120 13 04 50
49.295 244 0.36
49.3 22 11.05
49.3 23 0.02
49.3 25 10.35
49.3 30 0.00
49.3 B1 4984.05 5623.36 
49.3 B3 5070.02 5731.38 
49.3 120 13 04 50
49.3 244 0.36
49.305 22 11.06
49.305 23 0.01
49.305 25 10.35
49.305 30 0.00
49.305 B1 4982.46 5622.75 
49.305 B3 5068.44 5730.83 
49.305 120 13 04 50
49.305 244 0.36
49.31 22 11.08
49.31 23 0.01
49.31 25 10.47
49.31 30 0.00
49.31 B1 4980.89 5622.15 
49.31 B3 5066.88 5730.29 
49.31 120 13 04 50
49.31 244 0.36
49.315 22 11.16
49.315 23 0.00
49.315 25 10.47
49.315 30 0.00
49.315 B1 4978.76 5620.98 
49.315 B3 5065.35 5729.75 
49.315 120 13 04 50
49.315 244 0.36
49.32 22 11.17
49.32 23 -0.01
49.32 25 10.47
49.32 30 0.00
49.32 B1 4976.85 5620.02 
49.32 B3 5063.79 5729.22 
49.32 120 13 04 50
49.32 244 0.36
49.325 22 11.18
49.325 23 -0.01
49.325 25 10.58
49.325 30 0.00
49.325 B1 4975.05 5619.20 
49.325 B3 5062.21 5728.69 
49.325 120 13 04 50
49.325 244 0.36
49.33 22 11.26
49.33 23 -0.03
49.33 25 10.58
49.33 30 0.00
49.33 B1 4972.76 5617.88 
49.33 B3 5060.63 5728.14 
49.33 120 13 04 50
49.33 244 0.36
49.335 22 11.27
49.335 23 -0.03
49.335 25 10.47
49.335 30 0.00
49.335 B1 4970.71 5616.83 
49.335 B3 5059.00 5727.61 
49.335 120 13 04 50
49.335 244 0.36
49.34 22 11.21
49.34 23 -0.01
49.34 25 10.47
49.34 30 0.00
49.34 B1 4969.39 5616.50 
49.34 B3 5057.36 5727.07 
49.34 120 13 04 50
49.34 244 0.36
49.345 22 11.22
49.345 23 -0.01
49.345 25 10.47
49.345 30 0.00
49.345 B1 4967.96 5616.06 
49.345 B3 5055.74 5726.51 
49.345 120 13 04 50
49.345 244 0.36
49.35 22 11.24
49.35 23 -0.01
49.35 25 10.47
49.35 30 0.00
49.35 B1 4966.46 5615.52 
49.35 B3 5054.13 5725.92 
49.35 120 13 04 50
49.35 244 0.36
49.355 22 11.25
49.355 23 -0.01
49.355 25 10.47
49.355 30 0.00
49.355 B1 4964.93 5614.91 
49.355 B3 5052.54 5725.32 
49.355 120 13 04 50
49.355 244 0.36
49.36 22 11.26
49.36 23 -0.01
49.36 25 10.47
49.36 30 0.00
49.36 B1 4963.37 5614.26 
49.36 B3 5050.97 5724.69 
49.36 120 13 04 50
49.36 244 0.36
49.365 22 11.27
49.365 23 -0.01
49.365 25 10.47
49.365 30 0.00
49.365 B1 4963.14 5614.89 
49.365 B3 5050.61 5725.24 
49.365 120 13 04 50
49.365 244 0.36
49.37 22 11.28
49.37 23 0.00
49.37 25 10.47
49.37 30 0.00
49.37 B1 4962.36 5615.04 
49.37 B3 5049.88 5725.46 
49.37 120 13 04 50
49.37 244 0.36
49.375 22 11.30
49.375 23 0.01
49.375 25 10.47
49.375 30 0.00
49.375 B1 4961.28 5614.87 
49.375 B3 5048.89 5725.42 
49.375 120 13 04 50
49.375 244 0.36
49.38 22 11.31
49.38 23 0.01
49.38 25 10.47
49.38 30 0.00
49.38 B1 4960.01 5614.49 
49.38 B3 5047.74 5725.21 
49.38 120 13 04 50
49.38 244 0.36
49.385 22 11.32
49.385 23 0.01
49.385 25 10.58
49.385 30 0.00
49.385 B1 4958.64 5613.98 
49.385 B3 5046.50 5724.86 
49.385 120 13 04 50
49.385 244 0.36
49.39 22 11.40
49.39 23 0.00
49.39 25 10.58
49.39 30 0.00
49.39 B1 4956.63 5612.79 
49.39 B3 5045.18 5724.41 
49.39 120 13 04 50
49.39 244 0.36
49.395 22 11.41
49.395 23 0.00
49.395 25 10.58
49.395 30 0.00
49.395 B1 4954.79 5611.76 
49.395 B3 5043.78 5723.89 
49.395 120 13 04 50
49.395 244 0.37
49.4 22 11.42
49.4 23 0.00
49.4 25 10.58
49.4 30 0.00
49.4 B1 4954.38 5612.13 
49.4 B3 5043.52 5724.52 
49.4 120 13 04 50
49.4 244 0.37
49.405 22 11.43
49.405 23 0.01
49.405 25 10.58
49.405 30 0.00
49.405 B1 4953.49 5612.12 
49.405 B3 5042.84 5724.78 
49.405 120 13 04 50
49.405 244 0.36
49.41 22 11.44
49.41 23 0.01
49.41 25 10.58
49.41 30 0.00
49.41 B1 4951.01 5610.52 
49.41 B3 5040.69 5723.59 
49.41 120 13 04 50
49.41 244 0.37
49.415 22 11.45
49.415 23 0.01
49.415 25 10.58
49.415 30 0.00
49.415 B1 4950.24 5610.52 
49.415 B3 5039.94 5723.71 
49.415 120 13 04 50
49.415 244 0.37
49.42 22 11.46
49.42 23 0.01
49.42 25 10.58
49.42 30 0.00
49.42 B1 4949.14 5610.24 
49.42 B3 5038.94 5723.60 
49.42 120 13 04 50
49.42 244 0.37
49.425 22 11.47
49.425 23 0.02
49.425 25 10.47
49.425 30 0.00
49.425 B1 4947.87 5609.77 
49.425 B3 5037.78 5723.32 
49.425 120 13 04 50
49.425 244 0.36
49.43 22 11.41
49.43 23 0.04
49.43 25 10.58
49.43 30 0.00
49.43 B1 4945.75 5608.43 
49.43 B3 5035.32 5721.70 
49.43 120 13 04 50
49.43 244 0.36
49.435 22 11.49
49.435 23 0.01
49.435 25 10.58
49.435 30 0.00
49.435 B1 4943.32 5606.65 
49.435 B3 5033.21 5720.30 
49.435 120 13 04 50
49.435 244 0.36
49.44 22 11.50
49.44 23 0.01
49.44 25 10.58
49.44 30 0.00
49.44 B1 4941.26 5605.18 
49.44 B3 5031.30 5719.05 
49.44 120 13 04 50
49.44 244 0.36
49.445 22 11.51
49.445 23 0.01
49.445 25 10.47
49.445 30 0.00
49.445 B1 4939.41 5603.90 
49.445 B3 5029.53 5717.91 
49.445 120 13 04 50
49.445 244 0.37
49.45 22 11.45
49.45 23 0.02
49.45 25 10.47
49.45 30 0.00
49.45 B1 4939.59 5604.63 
49.45 B3 5029.04 5718.05 
49.45 120 13 04 50
49.45 244 0.37
49.455 22 11.47
49.455 23 0.03
49.455 25 10.58
49.455 30 0.00
49.455 B1 4939.11 5604.77 
49.455 B3 5028.27 5717.90 
49.455 120 13 04 50
49.455 244 0.37
49.46 22 11.54
49.46 23 0.02
49.46 25 10.58
49.46 30 0.00
49.46 B1 4937.65 5603.95 
49.46 B3 5027.31 5717.54 
49.46 120 13 04 50
49.46 244 0.37
49.465 22 11.55
49.465 23 0.02
49.465 25 10.58
49.465 30 0.00
49.465 B1 4936.18 5603.09 
49.465 B3 5026.18 5717.06 
49.465 120 13 04 50
49.465 244 0.37
49.47 22 11.56
49.47 23 0.02
49.47 25 10.58
49.47 30 0.00
49.47 B1 4934.70 5602.20 
49.47 B3 5024.96 5716.46 
49.47 120 13 04 50
49.47 244 0.36
49.475 22 11.57
49.475 23 0.02
49.475 25 10.58
49.475 30 0.00
49.475 B1 4931.89 5599.97 
49.475 B3 5022.46 5714.60 
49.475 120 13 04 50
49.475 244 0.36
49.48 22 11.58
49.48 23 0.01
49.48 25 10.47
49.48 30 0.00
49.48 B1 4929.62 5598.17 
49.48 B3 5020.30 5712.99 
49.48 120 13 04 50
49.48 244 0.37
49.485 22 11.52
49.485 23 0.03
49.485 25 10.47
49.485 30 0.00
49.485 B1 4929.56 5598.53 
49.485 B3 5019.57 5712.76 
49.485 120 13 04 50
49.485 244 0.37
49.49 22 11.53
49.49 23 0.03
49.49 25 10.58
49.49 30 0.00
49.49 B1 4928.95 5598.40 
49.49 B3 5018.65 5712.32 
49.49 120 13 04 50
49.49 244 0.37
49.495 22 11.61
49.495 23 0.02
49.495 25 10.58
49.495 30 0.00
49.495 B1 4927.42 5597.36 
49.495 B3 5017.59 5711.74 
49.495 120 13 04 50
49.495 244 0.37
49.5 22 11.62
49.5 23 0.02
49.5 25 10.58
49.5 30 0.00
49.5 B1 4925.92 5596.34 
49.5 B3 5016.41 5711.05 
49.5 120 13 04 50
49.5 244 0.37
49.505 22 11.63
49.505 23 0.02
49.505 25 10.58
49.505 30 0.00
49.505 B1 4924.42 5595.32 
49.505 B3 5015.15 5710.31 
49.505 120 13 04 50
49.505 244 0.37
49.51 22 11.63
49.51 23 0.02
49.51 25 10.58
49.51 30 0.00
49.51 B1 4922.93 5594.30 
49.51 B3 5013.83 5709.49 
49.51 120 13 04 50
49.51 244 0.37
49.515 22 11.64
49.515 23 0.02
49.515 25 10.47
49.515 30 0.00
49.515 B1 4921.46 5593.27 
49.515 B3 5012.49 5708.64 
49.515 120 13 04 50
49.515 244 0.37
49.52 22 11.59
49.52 23 0.04
49.52 25 10.58
49.52 30 0.00
49.52 B1 4920.56 5592.80 
49.52 B3 5011.12 5707.75 
49.52 120 13 04 50
49.52 244 0.37
49.525 22 11.66
49.525 23 0.03
49.525 25 10.58
49.525 30 0.00
49.525 B1 4918.88 5591.54 
49.525 B3 5009.77 5706.82 
49.525 120 13 04 50
49.525 244 0.37
49.53 22 11.67
49.53 23 0.03
49.53 25 10.47
49.53 30 0.00
49.53 B1 4917.30 5590.35 
49.53 B3 5008.41 5705.88 
49.53 120 13 04 50
49.53 244 0.37
49.535 22 11.61
49.535 23 0.04
49.535 25 10.47
49.535 30 0.00
49.535 B1 4916.34 5589.76 
49.535 B3 5007.02 5704.91 
49.535 120 13 04 50
49.535 244 0.37
49.54 22 11.62
49.54 23 0.04
49.54 25 10.58
49.54 30 0.00
49.54 B1 4915.22 5588.98 
49.54 B3 5005.67 5703.92 
49.54 120 13 04 50
49.54 244 0.37
49.545 22 11.69
49.545 23 0.03
49.545 25 10.58
49.545 30 0.00
49.545 B1 4913.40 5587.49 
49.545 B3 5004.34 5702.91 
49.545 120 13 04 50
49.545 244 0.37
49.55 22 11.70
49.55 23 0.03
49.55 25 10.47
49.55 30 0.00
49.55 B1 4911.74 5586.14 
49.55 B3 5002.99 5701.89 
49.55 120 13 04 50
49.55 244 0.37
49.555 22 11.65
49.555 23 0.04
49.555 25 10.47
49.555 30 0.00
49.555 B1 4910.75 5585.45 
49.555 B3 5001.62 5700.87 
49.555 120 13 04 50
49.555 244 0.37
49.56 22 11.66
49.56 23 0.05
49.56 25 10.47
49.56 30 0.00
49.56 B1 4909.61 5584.59 
49.56 B3 5000.28 5699.82 
49.56 120 13 04 50
49.56 244 0.37
49.565 22 11.67
49.565 23 0.05
49.565 25 10.58
49.565 30 0.00
49.565 B1 4908.37 5583.61 
49.565 B3 4998.95 5698.76 
49.565 120 13 04 50
49.565 244 0.37
49.57 22 11.73
49.57 23 0.03
49.57 25 10.58
49.57 30 0.00
49.57 B1 4906.49 5581.99 
49.57 B3 4997.64 5697.69 
49.57 120 13 04 50
49.57 244 0.37
49.575 22 11.74
49.575 23 0.03
49.575 25 10.58
49.575 30 0.00
49.575 B1 4904.80 5580.54 
49.575 B3 4996.30 5696.62 
49.575 120 13 04 50
49.575 244 0.37
49.58 22 11.75
49.58 23 0.03
49.58 25 10.58
49.58 30 0.00
49.58 B1 4903.20 5579.19 
49.58 B3 4994.94 5695.55 
49.58 120 13 04 50
49.58 244 0.37
49.585 22 11.75
49.585 23 0.03
49.585 25 10.48
49.585 30 0.00
49.585 B1 4901.68 5577.92 
49.585 B3 4993.57 5694.47 
49.585 120 13 04 50
49.585 244 0.37
49.59 22 11.70
49.59 23 0.04
49.59 25 9.42
49.59 30 0.00
49.59 B1 4900.73 5577.23 
49.59 B3 4992.19 5693.39 
49.59 120 13 04 50
49.59 244 0.37
49.595 22 11.06
49.595 23 0.21
49.595 25 9.42
49.595 30 0.00
49.595 B1 4904.87 5581.45 
49.595 B3 4990.84 5692.29 
49.595 120 13 04 50
49.595 244 0.37
49.6 22 11.09
49.6 23 0.23
49.6 25 8.48
49.6 30 0.00
49.6 B1 4907.09 5583.52 
49.6 B3 4989.91 5691.02 
49.6 120 13 04 50
49.6 244 0.37
49.605 22 10.46
49.605 23 0.38
49.605 25 4.36
49.605 30 0.00
49.605 B1 4912.30 5588.18 
49.605 B3 4989.26 5689.64 
49.605 120 13 04 50
49.605 244 0.37
49.61 22 7.21
49.61 23 0.89
49.61 25 0.00
49.61 30 0.00
49.61 B1 4927.21 5601.85 
49.61 B3 4989.18 5688.04 
49.61 120 13 04 50
49.61 244 0.37
49.615 22 4.19
49.615 23 1.06
49.615 25 0.00
49.615 30 0.00
49.615 B1 4939.82 5610.69 
49.615 B3 4991.26 5685.32 
49.615 120 13 04 50
49.615 244 0.37
49.62 22 4.39
49.62 23 1.09
49.62 25 0.00
49.62 30 0.00
49.62 B1 4952.90 5614.74 
49.62 B3 4997.38 5681.95 
49.62 120 13 04 50
49.62 244 0.37
49.625 22 4.56
49.625 23 1.12
49.625 25 0.00
49.625 30 0.00
49.625 B1 4964.81 5614.39 
49.625 B3 5004.94 5677.00 
49.625 120 13 04 50
49.625 244 0.37
49.63 22 4.73
49.63 23 1.14
49.63 25 0.00
49.63 30 0.00
49.63 B1 4975.95 5611.24 
49.63 B3 5013.38 5671.01 
49.63 120 13 04 50
49.63 244 0.37
49.635 22 4.87
49.635 23 1.16
49.635 25 0.00
49.635 30 0.00
49.635 B1 4987.83 5607.65 
49.635 B3 5023.51 5665.52 
49.635 120 13 04 50
49.635 244 0.37
49.64 22 5.00
49.64 23 1.17
49.64 25 0.00
49.64 30 0.00
49.64 B1 4998.75 5602.55 
49.64 B3 5033.52 5659.29 
49.64 120 13 04 50
49.64 244 0.37
49.645 22 5.11
49.645 23 1.19
49.645 25 0.00
49.645 30 0.00
49.645 B1 5009.03 5596.55 
49.645 B3 5043.39 5652.60 
49.645 120 13 04 50
49.645 244 0.37
49.65 22 5.22
49.65 23 1.19
49.65 25 0.00
49.65 30 0.00
49.65 B1 5018.83 5590.04 
49.65 B3 5053.09 5645.65 
49.65 120 13 04 50
49.65 244 0.37
49.655 22 5.32
49.655 23 1.20
49.655 25 0.00
49.655 30 0.00
49.655 B1 5028.27 5583.28 
49.655 B3 5062.61 5638.58 
49.655 120 13 04 50
49.655 244 0.37
49.66 22 5.42
49.66 23 1.20
49.66 25 0.00
49.66 30 0.00
49.66 B1 5037.42 5576.46 
49.66 B3 5071.94 5631.50 
49.66 120 13 04 50
49.66 244 0.37
49.665 22 5.50
49.665 23 1.20
49.665 25 0.00
49.665 30 0.00
49.665 B1 5046.31 5569.66 
49.665 B3 5081.07 5624.48 
49.665 120 13 04 50
49.665 244 0.37
49.67 22 5.59
49.67 23 1.20
49.67 25 0.00
49.67 30 0.00
49.67 B1 5054.97 5562.98 
49.67 B3 5090.01 5617.58 
49.67 120 13 04 50
49.67 244 0.37
49.675 22 5.66
49.675 23 1.20
49.675 25 0.00
49.675 30 0.00
49.675 B1 5063.42 5556.45 
49.675 B3 5098.74 5610.83 
49.675 120 13 04 50
49.675 244 0.37
49.68 22 5.73
49.68 23 1.20
49.68 25 0.00
49.68 30 0.00
49.68 B1 5071.66 5550.11 
49.68 B3 5107.29 5604.27 
49.68 120 13 04 50
49.68 244 0.37
49.685 22 5.79
49.685 23 1.20
49.685 25 0.00
49.685 30 0.00
49.685 B1 5079.71 5543.97 
49.685 B3 5115.63 5597.91 
49.685 120 13 04 50
49.685 244 0.38
49.69 22 5.84
49.69 23 1.20
49.69 25 0.00
49.69 30 0.00
49.69 B1 5088.90 5539.37 
49.69 B3 5124.97 5592.97 
49.69 120 13 04 50
49.69 244 0.38
49.695 22 5.89
49.695 23 1.21
49.695 25 0.00
49.695 30 0.00
49.695 B1 5097.39 5534.53 
49.695 B3 5133.76 5587.91 
49.695 120 13 04 50
49.695 244 0.38
49.7 22 5.93
49.7 23 1.21
49.7 25 0.00
49.7 30 0.00
49.7 B1 5105.40 5529.60 
49.7 B3 5142.11 5582.84 
49.7 120 13 04 50
49.7 244 0.38
49.705 22 5.96
49.705 23 1.22
49.705 25 0.00
49.705 30 0.00
49.705 B1 5113.07 5524.72 
49.705 B3 5150.11 5577.83 
49.705 120 13 04 50
49.705 244 0.38
49.71 22 5.99
49.71 23 1.22
49.71 25 0.00
49.71 30 0.00
49.71 B1 5120.45 5519.93 
49.71 B3 5157.83 5572.94 
49.71 120 13 04 50
49.71 244 0.38
49.715 22 6.01
49.715 23 1.22
49.715 25 0.00
49.715 30 0.00
49.715 B1 5128.95 5516.59 
49.715 B3 5166.49 5569.37 
49.715 120 13 04 50
49.715 244 0.38
49.72 22 6.03
49.72 23 1.23
49.72 25 0.00
49.72 30 0.00
49.72 B1 5136.74 5512.96 
49.72 B3 5174.57 5565.63 
49.72 120 13 04 50
49.72 244 0.38
49.725 22 6.03
49.725 23 1.23
49.725 25 0.00
49.725 30 0.00
49.725 B1 5144.06 5509.20 
49.725 B3 5182.21 5561.82 
49.725 120 13 04 50
49.725 244 0.38
49.73 22 6.04
49.73 23 1.24
49.73 25 0.00
49.73 30 0.00
49.73 B1 5151.04 5505.43 
49.73 B3 5189.50 5558.02 
49.73 120 13 04 50
49.73 244 0.39
49.735 22 6.03
49.735 23 1.24
49.735 25 0.00
49.735 30 0.00
49.735 B1 5159.08 5503.05 
49.735 B3 5197.71 5555.49 
49.735 120 13 04 50
49.735 244 0.40
49.74 22 6.02
49.74 23 1.25
49.74 25 0.00
49.74 30 0.00
49.74 B1 5171.71 5505.59 
49.74 B3 5210.11 5557.51 
49.74 120 13 04 50
49.74 244 0.40
49.745 22 6.01
49.745 23 1.29
49.745 25 0.00
49.745 30 0.00
49.745 B1 5181.84 5506.10 
49.745 B3 5220.60 5558.07 
49.745 120 13 04 50
49.745 244 0.41
49.75 22 5.99
49.75 23 1.32
49.75 25 0.00
49.75 30 0.00
49.75 B1 5193.07 5508.03 
49.75 B3 5232.15 5560.04 
49.75 120 13 04 50
49.75 244 0.41
49.755 22 5.97
49.755 23 1.35
49.755 25 0.00
49.755 30 0.00
49.755 B1 5202.32 5508.31 
49.755 B3 5242.04 5560.71 
49.755 120 13 04 50
49.755 244 0.42
49.76 22 5.94
49.76 23 1.37
49.76 25 0.00
49.76 30 0.00
49.76 B1 5212.96 5510.23 
49.76 B3 5253.15 5562.89 
49.76 120 13 04 50
49.76 244 0.42
49.765 22 5.91
49.765 23 1.41
49.765 25 0.00
49.765 30 0.00
49.765 B1 5223.15 5511.98 
49.765 B3 5263.91 5565.02 
49.765 120 13 04 50
49.765 244 0.42
49.77 22 5.87
49.77 23 1.44
49.77 25 0.00
49.77 30 0.00
49.77 B1 5231.70 5512.37 
49.77 B3 5273.20 5565.99 
49.77 120 13 04 50
49.77 244 0.42
49.775 22 5.83
49.775 23 1.46
49.775 25 0.00
49.775 30 0.00
49.775 B1 5239.23 5511.94 
49.775 B3 5281.48 5566.16 
49.775 120 13 04 50
49.775 244 0.42
49.78 22 5.79
49.78 23 1.47
49.78 25 0.00
49.78 30 0.00
49.78 B1 5246.12 5511.05 
49.78 B3 5289.04 5565.82 
49.78 120 13 04 50
49.78 244 0.43
49.785 22 5.74
49.785 23 1.48
49.785 25 0.00
49.785 30 0.00
49.785 B1 5253.91 5511.24 
49.785 B3 5297.26 5566.35 
49.785 120 13 04 50
49.785 244 0.43
49.79 22 5.70
49.79 23 1.49
49.79 25 0.00
49.79 30 0.00
49.79 B1 5260.90 5510.86 
49.79 B3 5304.73 5566.35 
49.79 120 13 04 50
49.79 244 0.43
49.795 22 5.64
49.795 23 1.50
49.795 25 0.00
49.795 30 0.00
49.795 B1 5267.38 5510.17 
49.795 B3 5311.67 5566.00 
49.795 120 13 04 50
49.795 244 0.43
49.8 22 5.59
49.8 23 1.50
49.8 25 0.00
49.8 30 0.00
49.8 B1 5273.52 5509.31 
49.8 B3 5318.21 5565.46 
49.8 120 13 04 50
49.8 244 0.43
49.805 22 5.53
49.805 23 1.51
49.805 25 0.00
49.805 30 0.00
49.805 B1 5279.42 5508.41 
49.805 B3 5324.47 5564.79 
49.805 120 13 04 50
49.805 244 0.43
49.81 22 5.48
49.81 23 1.51
49.81 25 0.00
49.81 30 0.00
49.81 B1 5285.16 5507.51 
49.81 B3 5330.50 5564.08 
49.81 120 13 04 50
49.81 244 0.43
49.815 22 5.42
49.815 23 1.51
49.815 25 0.00
49.815 30 0.00
49.815 B1 5290.76 5506.66 
49.815 B3 5336.35 5563.36 
49.815 120 13 04 50
49.815 244 0.43
49.82 22 5.35
49.82 23 1.51
49.82 25 0.00
49.82 30 0.00
49.82 B1 5296.26 5505.88 
49.82 B3 5342.06 5562.67 
49.82 120 13 04 50
49.82 244 0.43
49.825 22 5.29
49.825 23 1.51
49.825 25 0.00
49.825 30 0.00
49.825 B1 5301.67 5505.17 
49.825 B3 5347.65 5562.02 
49.825 120 13 04 50
49.825 244 0.43
49.83 22 5.23
49.83 23 1.51
49.83 25 0.00
49.83 30 0.00
49.83 B1 5306.99 5504.56 
49.83 B3 5353.13 5561.43 
49.83 120 13 04 50
49.83 244 0.43
49.835 22 5.16
49.835 23 1.51
49.835 25 0.00
49.835 30 0.00
49.835 B1 5312.24 5504.04 
49.835 B3 5358.52 5560.91 
49.835 120 13 04 50
49.835 244 0.43
49.84 22 5.09
49.84 23 1.51
49.84 25 0.00
49.84 30 0.00
49.84 B1 5317.42 5503.61 
49.84 B3 5363.84 5560.46 
49.84 120 13 04 50
49.84 244 0.43
49.845 22 5.03
49.845 23 1.50
49.845 25 0.00
49.845 30 0.00
49.845 B1 5322.54 5503.27 
49.845 B3 5369.08 5560.09 
49.845 120 13 04 50
49.845 244 0.43
49.85 22 4.96
49.85 23 1.50
49.85 25 0.00
49.85 30 0.00
49.85 B1 5328.92 5504.34 
49.85 B3 5375.44 5560.99 
49.85 120 13 04 50
49.85 244 0.43
49.855 22 4.89
49.855 23 1.51
49.855 25 0.00
49.855 30 0.00
49.855 B1 5333.42 5503.71 
49.855 B3 5380.18 5560.44 
49.855 120 13 04 50
49.855 244 0.43
49.86 22 4.82
49.86 23 1.51
49.86 25 0.00
49.86 30 0.00
49.86 B1 5338.06 5503.34 
49.86 B3 5384.98 5560.07 
49.86 120 13 04 50
49.86 244 0.43
49.865 22 4.75
49.865 23 1.50
49.865 25 0.00
49.865 30 0.00
49.865 B1 5342.75 5503.16 
49.865 B3 5389.79 5559.84 
49.865 120 13 04 50
49.865 244 0.43
49.87 22 4.68
49.87 23 1.50
49.87 25 0.00
49.87 30 0.00
49.87 B1 5347.46 5503.14 
49.87 B3 5394.60 5559.74 
49.87 120 13 04 50
49.87 244 0.43
49.875 22 4.61
49.875 23 1.50
49.875 25 0.00
49.875 30 0.00
49.875 B1 5352.17 5503.23 
49.875 B3 5399.38 5559.75 
49.875 120 13 04 50
49.875 244 0.43
49.88 22 4.54
49.88 23 1.50
49.88 25 0.00
49.88 30 0.00
49.88 B1 5356.85 5503.44 
49.88 B3 5404.14 5559.85 
49.88 120 13 04 50
49.88 244 0.43
49.885 22 4.47
49.885 23 1.50
49.885 25 0.00
49.885 30 0.00
49.885 B1 5362.81 5505.05 
49.885 B3 5410.06 5561.24 
49.885 120 13 04 50
49.885 244 0.43
49.89 22 4.40
49.89 23 1.50
49.89 25 0.00
49.89 30 0.00
49.89 B1 5368.24 5506.28 
49.89 B3 5415.58 5562.38 
49.89 120 13 04 50
49.89 244 0.43
49.895 22 4.33
49.895 23 1.51
49.895 25 0.00
49.895 30 0.00
49.895 B1 5372.00 5505.97 
49.895 B3 5419.63 5562.16 
49.895 120 13 04 50
49.895 244 0.43
49.9 22 4.26
49.9 23 1.50
49.9 25 0.00
49.9 30 0.00
49.9 B1 5376.03 5506.02 
49.9 B3 5423.81 5562.18 
49.9 120 13 04 50
49.9 244 0.43
49.905 22 4.19
49.905 23 1.50
49.905 25 0.00
49.905 30 0.00
49.905 B1 5380.20 5506.30 
49.905 B3 5428.08 5562.39 
49.905 120 13 04 50
49.905 244 0.43
49.91 22 4.12
49.91 23 1.49
49.91 25 0.00
49.91 30 0.00
49.91 B1 5384.44 5506.77 
49.91 B3 5432.39 5562.75 
49.91 120 13 04 50
49.91 244 0.43
49.915 22 4.05
49.915 23 1.49
49.915 25 0.00
49.915 30 0.00
49.915 B1 5388.71 5507.38 
49.915 B3 5436.72 5563.23 
49.915 120 13 04 50
49.915 244 0.43
49.92 22 3.98
49.92 23 1.49
49.92 25 0.00
49.92 30 0.00
49.92 B1 5392.97 5508.09 
49.92 B3 5441.05 5563.82 
49.92 120 13 04 50
49.92 244 0.43
49.925 22 3.91
49.925 23 1.49
49.925 25 0.00
49.925 30 0.00
49.925 B1 5397.22 5508.90 
49.925 B3 5445.36 5564.49 
49.925 120 13 04 50
49.925 244 0.43
49.93 22 3.85
49.93 23 1.49
49.93 25 0.00
49.93 30 0.00
49.93 B1 5401.45 5509.77 
49.93 B3 5449.65 5565.25 
49.93 120 13 04 50
49.93 244 0.43
49.935 22 3.78
49.935 23 1.49
49.935 25 0.00
49.935 30 0.00
49.935 B1 5405.63 5510.72 
49.935 B3 5453.90 5566.08 
49.935 120 13 04 50
49.935 244 0.43
49.94 22 3.71
49.94 23 1.48
49.94 25 0.00
49.94 30 0.00
49.94 B1 5409.79 5511.73 
49.94 B3 5458.13 5566.97 
49.94 120 13 04 50
49.94 244 0.43
49.945 22 3.65
49.945 23 1.48
49.945 25 0.00
49.945 30 0.00
49.945 B1 5413.91 5512.79 
49.945 B3 5462.32 5567.93 
49.945 120 13 04 50
49.945 244 0.43
49.95 22 3.58
49.95 23 1.48
49.95 25 0.00
49.95 30 0.00
49.95 B1 5419.31 5515.23 
49.95 B3 5467.68 5570.14 
49.95 120 13 04 50
49.95 244 0.43
49.955 22 3.52
49.955 23 1.49
49.955 25 0.00
49.955 30 0.00
49.955 B1 5424.19 5517.25 
49.955 B3 5472.64 5572.07 
49.955 120 13 04 50
49.955 244 0.43
49.96 22 3.46
49.96 23 1.50
49.96 25 0.00
49.96 30 0.00
49.96 B1 5428.73 5519.03 
49.96 B3 5477.33 5573.82 
49.96 120 13 04 50
49.96 244 0.43
49.965 22 3.39
49.965 23 1.50
49.965 25 0.00
49.965 30 0.00
49.965 B1 5433.05 5520.67 
49.965 B3 5481.81 5575.45 
49.965 120 13 04 50
49.965 244 0.43
49.97 22 3.33
49.97 23 1.50
49.97 25 0.00
49.97 30 0.00
49.97 B1 5437.22 5522.23 
49.97 B3 5486.15 5577.02 
49.97 120 13 04 50
49.97 244 0.44
49.975 22 3.27
49.975 23 1.50
49.975 25 0.00
49.975 30 0.00
49.975 B1 5443.92 5526.40 
49.975 B3 5492.76 5580.94 
49.975 120 13 04 50
49.975 244 0.44
49.98 22 3.21
49.98 23 1.52
49.98 25 0.00
49.98 30 0.00
49.98 B1 5449.58 5529.64 
49.98 B3 5498.58 5584.17 
49.98 120 13 04 50
49.98 244 0.43
49.985 22 3.15
49.985 23 1.53
49.985 25 0.00
49.985 30 0.00
49.985 B1 5451.94 5529.66 
49.985 B3 5501.45 5584.55 
49.985 120 13 04 50
49.985 244 0.44
49.99 22 3.09
49.99 23 1.52
49.99 25 0.00
49.99 30 0.00
49.99 B1 5457.48 5532.90 
49.99 B3 5507.02 5587.67 
49.99 120 13 04 50
49.99 244 0.44
49.995 22 3.04
49.995 23 1.53
49.995 25 0.00
49.995 30 0.00
49.995 B1 5462.38 5535.58 
49.995 B3 5512.08 5590.38 
49.995 120 13 04 50
49.995 244 0.44
50 22 2.98
50 23 1.54
50 25 0.00
50 30 0.00
50 B1 5466.87 5537.94 
50 B3 5516.80 5592.81 
50 120 13 04 50
50 244 0.44
50.005 22 2.92
50.005 23 1.54
50.005 25 0.00
50.005 30 0.00
50.005 B1 5471.11 5540.09 
50.005 B3 5521.25 5595.05 
50.005 120 13 04 50
50.005 244 0.44
50.01 22 2.87
50.01 23 1.54
50.01 25 0.00
50.01 30 0.00
50.01 B1 5475.16 5542.13 
50.01 B3 5525.52 5597.17 
50.01 120 13 04 50
50.01 244 0.44
50.015 22 2.82
50.015 23 1.55
50.015 25 0.00
50.015 30 0.00
50.015 B1 5479.10 5544.11 
50.015 B3 5529.66 5599.22 
50.015 120 13 04 50
50.015 244 0.44
50.02 22 2.76
50.02 23 1.55
50.02 25 0.00
50.02 30 0.00
50.02 B1 5482.94 5546.06 
50.02 B3 5533.68 5601.23 
50.02 120 13 04 50
50.02 244 0.44
50.025 22 2.71
50.025 23 1.55
50.025 25 0.00
50.025 30 0.00
50.025 B1 5488.06 5549.33 
50.025 B3 5538.82 5604.40 
50.025 120 13 04 50
50.025 244 0.44
50.03 22 2.66
50.03 23 1.55
50.03 25 0.00
50.03 30 0.00
50.03 B1 5492.63 5552.13 
50.03 B3 5543.54 5607.24 
50.03 120 13 04 50
50.03 244 0.44
50.035 22 2.61
50.035 23 1.56
50.035 25 0.00
50.035 30 0.00
50.035 B1 5498.20 5555.98 
50.035 B3 5549.17 5611.04 
50.035 120 13 04 50
50.035 244 0.44
50.04 22 2.56
50.04 23 1.57
50.04 25 0.00
50.04 30 0.00
50.04 B1 5503.06 5559.20 
50.04 B3 5554.24 5614.36 
50.04 120 13 04 50
50.04 244 0.44
50.045 22 2.51
50.045 23 1.58
50.045 25 0.00
50.045 30 0.00
50.045 B1 5507.48 5562.02 
50.045 B3 5558.92 5617.33 
50.045 120 13 04 50
50.045 244 0.44
50.05 22 2.46
50.05 23 1.59
50.05 25 0.00
50.05 30 0.00
50.05 B1 5511.61 5564.61 
50.05 B3 5563.32 5620.08 
50.05 120 13 04 50
50.05 244 0.44
50.055 22 2.41
50.055 23 1.59
50.055 25 0.00
50.055 30 0.00
50.055 B1 5515.56 5567.05 
50.055 B3 5567.51 5622.67 
50.055 120 13 04 50
50.055 244 0.44
50.06 22 2.37
50.06 23 1.59
50.06 25 0.00
50.06 30 0.00
50.06 B1 5519.38 5569.41 
50.06 B3 5571.54 5625.15 
50.06 120 13 04 50
50.06 244 0.44
50.065 22 2.32
50.065 23 1.59
50.065 25 0.00
50.065 30 0.00
50.065 B1 5523.11 5571.74 
50.065 B3 5575.47 5627.58 
50.065 120 13 04 50
50.065 244 0.44
50.07 22 2.28
50.07 23 1.59
50.07 25 0.00
50.07 30 0.00
50.07 B1 5526.78 5574.04 
50.07 B3 5579.31 5629.96 
50.07 120 13 04 50
50.07 244 0.44
50.075 22 2.23
50.075 23 1.59
50.075 25 0.00
50.075 30 0.00
50.075 B1 5530.41 5576.34 
50.075 B3 5583.08 5632.32 
50.075 120 13 04 50
50.075 244 0.44
50.08 22 2.19
50.08 23 1.59
50.08 25 0.00
50.08 30 0.00
50.08 B1 5534.00 5578.64 
50.08 B3 5586.80 5634.68 
50.08 120 13 04 50
50.08 244 0.44
50.085 22 2.15
50.085 23 1.59
50.085 25 0.00
50.085 30 0.00
50.085 B1 5537.56 5580.96 
50.085 B3 5590.48 5637.03 
50.085 120 13 04 50
50.085 244 0.44
50.09 22 2.11
50.09 23 1.59
50.09 25 0.00
50.09 30 0.00
50.09 B1 5541.10 5583.29 
50.09 B3 5594.12 5639.39 
50.09 120 13 04 50
50.09 244 0.44
50.095 22 2.06
50.095 23 1.59
50.095 25 0.00
50.095 30 0.00
50.095 B1 5544.61 5585.63 
50.095 B3 5597.73 5641.75 
50.095 120 13 04 50
50.095 244 0.44
50.1 22 2.02
50.1 23 1.59
50.1 25 0.00
50.1 30 0.00
50.1 B1 5548.10 5587.99 
50.1 B3 5601.31 5644.13 
50.1 120 13 04 50
50.1 244 0.44
50.105 22 1.98
50.105 23 1.59
50.105 25 0.00
50.105 30 0.00
50.105 B1 5551.57 5590.37 
50.105 B3 5604.87 5646.52 
50.105 120 13 04 50
50.105 244 0.44
50.11 22 1.95
50.11 23 1.59
50.11 25 0.00
50.11 30 0.00
50.11 B1 5555.03 5592.77 
50.11 B3 5608.40 5648.93 
50.11 120 13 04 50
50.11 244 0.44
50.115 22 1.91
50.115 23 1.59
50.115 25 0.00
50.115 30 0.00
50.115 B1 5558.47 5595.17 
50.115 B3 5611.91 5651.35 
50.115 120 13 04 50
50.115 244 0.44
50.12 22 1.87
50.12 23 1.58
50.12 25 0.00
50.12 30 0.00
50.12 B1 5561.89 5597.60 
50.12 B3 5615.41 5653.78 
50.12 120 13 04 50
50.12 244 0.44
50.125 22 1.83
50.125 23 1.58
50.125 25 0.00
50.125 30 0.00
50.125 B1 5565.30 5600.04 
50.125 B3 5618.89 5656.23 
50.125 120 13 04 50
50.125 244 0.44
50.13 22 1.80
50.13 23 1.58
50.13 25 0.00
50.13 30 0.00
50.13 B1 5567.36 5601.18 
50.13 B3 5621.15 5657.50 
50.13 120 13 04 50
50.13 244 0.44
50.135 22 1.76
50.135 23 1.57
50.135 25 0.00
50.135 30 0.00
50.135 B1 5569.89 5602.79 
50.135 B3 5623.73 5659.11 
50.135 120 13 04 50
50.135 244 0.44
50.14 22 1.73
50.14 23 1.57
50.14 25 0.00
50.14 30 0.00
50.14 B1 5572.71 5604.72 
50.14 B3 5626.54 5660.98 
50.14 120 13 04 50
50.14 244 0.44
50.145 22 1.70
50.145 23 1.56
50.145 25 0.00
50.145 30 0.00
50.145 B1 5575.69 5606.84 
50.145 B3 5629.50 5663.02 
50.145 120 13 04 50
50.145 244 0.44
50.15 22 1.66
50.15 23 1.56
50.15 25 0.00
50.15 30 0.00
50.15 B1 5578.77 5609.09 
50.15 B3 5632.56 5665.20 
50.15 120 13 04 50
50.15 244 0.44
50.155 22 1.63
50.155 23 1.56
50.155 25 0.00
50.155 30 0.00
50.155 B1 5581.92 5611.43 
50.155 B3 5635.68 5667.47 
50.155 120 13 04 50
50.155 244 0.44
50.16 22 1.60
50.16 23 1.55
50.16 25 0.00
50.16 30 0.00
50.16 B1 5583.79 5612.52 
50.16 B3 5637.66 5668.61 
50.16 120 13 04 50
50.16 244 0.44
50.165 22 1.57
50.165 23 1.54
50.165 25 0.00
50.165 30 0.00
50.165 B1 5586.13 5614.10 
50.165 B3 5640.00 5670.14 
50.165 120 13 04 50
50.165 244 0.44
50.17 22 1.54
50.17 23 1.54
50.17 25 0.00
50.17 30 0.00
50.17 B1 5588.79 5616.01 
50.17 B3 5642.60 5671.95 
50.17 120 13 04 50
50.17 244 0.44
50.175 22 1.51
50.175 23 1.53
50.175 25 0.00
50.175 30 0.00
50.175 B1 5591.62 5618.13 
50.175 B3 5645.36 5673.95 
50.175 120 13 04 50
50.175 244 0.44
50.18 22 1.48
50.18 23 1.53
50.18 25 0.00
50.18 30 0.00
50.18 B1 5594.57 5620.39 
50.18 B3 5648.25 5676.10 
50.18 120 13 04 50
50.18 244 0.43
50.185 22 1.45
50.185 23 1.52
50.185 25 0.00
50.185 30 0.00
50.185 B1 5594.95 5620.09 
50.185 B3 5648.83 5675.96 
50.185 120 13 04 50
50.185 244 0.44
50.19 22 1.42
50.19 23 1.51
50.19 25 0.00
50.19 30 0.00
50.19 B1 5598.95 5623.42 
50.19 B3 5652.53 5678.94 
50.19 120 13 04 50
50.19 244 0.43
50.195 22 1.39
50.195 23 1.51
50.195 25 0.00
50.195 30 0.00
50.195 B1 5599.98 5623.82 
50.195 B3 5653.67 5679.40 
50.195 120 13 04 50
50.195 244 0.43
50.2 22 1.36
50.2 23 1.49
50.2 25 0.00
50.2 30 0.00
50.2 B1 5601.74 5624.95 
50.2 B3 5655.37 5680.43 
50.2 120 13 04 50
50.2 244 0.44
50.205 22 1.34
50.205 23 1.48
50.205 25 0.00
50.205 30 0.00
50.205 B1 5606.59 5629.20 
50.205 B3 5659.84 5684.26 
50.205 120 13 04 50
50.205 244 0.44
50.21 22 1.31
50.21 23 1.49
50.21 25 0.00
50.21 30 0.00
50.21 B1 5610.80 5632.82 
50.21 B3 5663.92 5687.72 
50.21 120 13 04 50
50.21 244 0.44
50.215 22 1.29
50.215 23 1.50
50.215 25 0.00
50.215 30 0.00
50.215 B1 5614.59 5636.06 
50.215 B3 5667.71 5690.90 
50.215 120 13 04 50
50.215 244 0.44
50.22 22 1.26
50.22 23 1.51
50.22 25 0.00
50.22 30 0.00
50.22 B1 5618.12 5639.04 
50.22 B3 5671.29 5693.90 
50.22 120 13 04 50
50.22 244 0.43
50.225 22 1.24
50.225 23 1.51
50.225 25 0.00
50.225 30 0.00
50.225 B1 5618.84 5639.23 
50.225 B3 5672.34 5694.39 
50.225 120 13 04 50
50.225 244 0.43
50.23 22 1.21
50.23 23 1.49
50.23 25 0.00
50.23 30 0.00
50.23 B1 5620.37 5640.24 
50.23 B3 5673.96 5695.45 
50.23 120 13 04 50
50.23 244 0.43
50.235 22 1.19
50.235 23 1.48
50.235 25 0.00
50.235 30 0.00
50.235 B1 5622.42 5641.78 
50.235 B3 5675.97 5696.92 
50.235 120 13 04 50
50.235 244 0.44
50.24 22 1.17
50.24 23 1.47
50.24 25 0.00
50.24 30 0.00
50.24 B1 5627.45 5646.31 
50.24 B3 5680.65 5701.06 
50.24 120 13 04 50
50.24 244 0.44
50.245 22 1.14
50.245 23 1.49
50.245 25 0.00
50.245 30 0.00
50.245 B1 5631.74 5650.12 
50.245 B3 5684.86 5704.76 
50.245 120 13 04 50
50.245 244 0.44
50.25 22 1.12
50.25 23 1.49
50.25 25 0.00
50.25 30 0.00
50.25 B1 5635.57 5653.49 
50.25 B3 5688.72 5708.13 
50.25 120 13 04 50
50.25 244 0.44
50.255 22 1.10
50.255 23 1.50
50.255 25 0.00
50.255 30 0.00
50.255 B1 5639.10 5656.58 
50.255 B3 5692.35 5711.28 
50.255 120 13 04 50
50.255 244 0.44
50.26 22 1.08
50.26 23 1.50
50.26 25 0.00
50.26 30 0.00
50.26 B1 5642.44 5659.48 
50.26 B3 5695.81 5714.27 
50.26 120 13 04 50
50.26 244 0.43
50.265 22 1.06
50.265 23 1.50
50.265 25 0.00
50.265 30 0.00
50.265 B1 5643.02 5659.63 
50.265 B3 5696.75 5714.76 
50.265 120 13 04 50
50.265 244 0.43
50.27 22 1.04
50.27 23 1.49
50.27 25 0.00
50.27 30 0.00
50.27 B1 5644.44 5660.63 
50.27 B3 5698.27 5715.83 
50.27 120 13 04 50
50.27 244 0.44
50.275 22 1.02
50.275 23 1.48
50.275 25 0.00
50.275 30 0.00
50.275 B1 5649.04 5664.82 
50.275 B3 5702.59 5719.71 
50.275 120 13 04 50
50.275 244 0.44
50.28 22 1.00
50.28 23 1.49
50.28 25 0.00
50.28 30 0.00
50.28 B1 5653.06 5668.44 
50.28 B3 5706.53 5723.22 
50.28 120 13 04 50
50.28 244 0.44
50.285 22 0.98
50.285 23 1.49
50.285 25 0.00
50.285 30 0.00
50.285 B1 5656.70 5671.69 
50.285 B3 5710.20 5726.48 
50.285 120 13 04 50
50.285 244 0.44
50.29 22 0.96
50.29 23 1.50
50.29 25 0.00
50.29 30 0.00
50.29 B1 5660.09 5674.72 
50.29 B3 5713.67 5729.56 
50.29 120 13 04 50
50.29 244 0.44
50.295 22 0.94
50.295 23 1.50
50.295 25 0.00
50.295 30 0.00
50.295 B1 5663.32 5677.59 
50.295 B3 5717.00 5732.50 
50.295 120 13 04 50
50.295 244 0.44
50.3 22 0.92
50.3 23 1.50
50.3 25 0.00
50.3 30 0.00
50.3 B1 5666.46 5680.38 
50.3 B3 5720.24 5735.36 
50.3 120 13 04 50
50.3 244 0.44
50.305 22 0.90
50.305 23 1.50
50.305 25 0.00
50.305 30 0.00
50.305 B1 5669.53 5683.10 
50.305 B3 5723.41 5738.15 
50.305 120 13 04 50
50.305 244 0.44
50.31 22 0.89
50.31 23 1.50
50.31 25 0.00
50.31 30 0.00
50.31 B1 5672.56 5685.80 
50.31 B3 5726.52 5740.91 
50.31 120 13 04 50
50.31 244 0.44
50.315 22 0.87
50.315 23 1.50
50.315 25 0.00
50.315 30 0.00
50.315 B1 5675.55 5688.46 
50.315 B3 5729.60 5743.63 
50.315 120 13 04 50
50.315 244 0.44
50.32 22 0.85
50.32 23 1.50
50.32 25 0.00
50.32 30 0.00
50.32 B1 5678.53 5691.12 
50.32 B3 5732.64 5746.33 
50.32 120 13 04 50
50.32 244 0.44
50.325 22 0.83
50.325 23 1.50
50.325 25 0.00
50.325 30 0.00
50.325 B1 5681.49 5693.77 
50.325 B3 5735.67 5749.02 
50.325 120 13 04 50
50.325 244 0.44
50.33 22 0.82
50.33 23 1.50
50.33 25 0.00
50.33 30 0.00
50.33 B1 5684.44 5696.42 
50.33 B3 5738.67 5751.70 
50.33 120 13 04 50
50.33 244 0.44
50.335 22 0.80
50.335 23 1.50
50.335 25 0.00
50.335 30 0.00
50.335 B1 5687.38 5699.06 
50.335 B3 5741.66 5754.38 
50.335 120 13 04 50
50.335 244 0.43
50.34 22 0.79
50.34 23 1.50
50.34 25 0.00
50.34 30 0.00
50.34 B1 5687.67 5699.06 
50.34 B3 5742.25 5754.66 
50.34 120 13 04 50
50.34 244 0.43
50.345 22 0.77
50.345 23 1.48
50.345 25 0.00
50.345 30 0.00
50.345 B1 5688.87 5699.99 
50.345 B3 5743.50 5755.60 
50.345 120 13 04 50
50.345 244 0.43
50.35 22 0.76
50.35 23 1.47
50.35 25 0.00
50.35 30 0.00
50.35 B1 5690.67 5701.49 
50.35 B3 5745.20 5757.00 
50.35 120 13 04 50
50.35 244 0.43
50.355 22 0.74
50.355 23 1.46
50.355 25 0.00
50.355 30 0.00
50.355 B1 5692.82 5703.38 
50.355 B3 5747.22 5758.73 
50.355 120 13 04 50
50.355 244 0.43
50.36 22 0.73
50.36 23 1.45
50.36 25 0.00
50.36 30 0.00
50.36 B1 5695.21 5705.51 
50.36 B3 5749.48 5760.70 
50.36 120 13 04 50
50.36 244 0.44
50.365 22 0.71
50.365 23 1.45
50.365 25 0.00
50.365 30 0.00
50.365 B1 5700.39 5710.43 
50.365 B3 5754.29 5765.24 
50.365 120 13 04 50
50.365 244 0.44
50.37 22 0.70
50.37 23 1.46
50.37 25 0.00
50.37 30 0.00
50.37 B1 5704.74 5714.54 
50.37 B3 5758.55 5769.23 
50.37 120 13 04 50
50.37 244 0.44
50.375 22 0.69
50.375 23 1.47
50.375 25 0.00
50.375 30 0.00
50.375 B1 5708.56 5718.12 
50.375 B3 5762.42 5772.85 
50.375 120 13 04 50
50.375 244 0.44
50.38 22 0.67
50.38 23 1.48
50.38 25 0.00
50.38 30 0.00
50.38 B1 5712.04 5721.37 
50.38 B3 5766.02 5776.20 
50.38 120 13 04 50
50.38 244 0.43
50.385 22 0.66
50.385 23 1.48
50.385 25 0.00
50.385 30 0.00
50.385 B1 5712.66 5721.77 
50.385 B3 5767.03 5776.96 
50.385 120 13 04 50
50.385 244 0.43
50.39 22 0.65
50.39 23 1.47
50.39 25 0.00
50.39 30 0.00
50.39 B1 5714.06 5722.95 
50.39 B3 5768.55 5778.25 
50.39 120 13 04 50
50.39 244 0.43
50.395 22 0.64
50.395 23 1.46
50.395 25 0.00
50.395 30 0.00
50.395 B1 5715.95 5724.62 
50.395 B3 5770.44 5779.90 
50.395 120 13 04 50
50.395 244 0.43
50.4 22 0.62
50.4 23 1.45
50.4 25 0.00
50.4 30 0.00
50.4 B1 5718.16 5726.61 
50.4 B3 5772.59 5781.82 
50.4 120 13 04 50
50.4 244 0.43
50.405 22 0.61
50.405 23 1.44
50.405 25 0.00
50.405 30 0.00
50.405 B1 5720.56 5728.81 
50.405 B3 5774.92 5783.93 
50.405 120 13 04 50
50.405 244 0.43
50.41 22 0.60
50.41 23 1.44
50.41 25 0.00
50.41 30 0.00
50.41 B1 5723.09 5731.14 
50.41 B3 5777.38 5786.17 
50.41 120 13 04 50
50.41 244 0.43
50.415 22 0.59
50.415 23 1.44
50.415 25 0.00
50.415 30 0.00
50.415 B1 5725.71 5733.56 
50.415 B3 5779.93 5788.51 
50.415 120 13 04 50
50.415 244 0.43
50.42 22 0.58
50.42 23 1.43
50.42 25 0.00
50.42 30 0.00
50.42 B1 5728.37 5736.04 
50.42 B3 5782.54 5790.92 
50.42 120 13 04 50
50.42 244 0.43
50.425 22 0.57
50.425 23 1.43
50.425 25 0.00
50.425 30 0.00
50.425 B1 5729.74 5737.22 
50.425 B3 5784.01 5792.18 
50.425 120 13 04 50
50.425 244 0.43
50.43 22 0.55
50.43 23 1.42
50.43 25 0.00
50.43 30 0.00
50.43 B1 5732.91 5740.21 
50.43 B3 5787.02 5795.00 
50.43 120 13 04 50
50.43 244 0.43
50.435 22 0.54
50.435 23 1.43
50.435 25 0.00
50.435 30 0.00
50.435 B1 5735.92 5743.04 
50.435 B3 5789.96 5797.75 
50.435 120 13 04 50
50.435 244 0.43
50.44 22 0.53
50.44 23 1.43
50.44 25 0.00
50.44 30 0.00
50.44 B1 5738.83 5745.79 
50.44 B3 5792.85 5800.45 
50.44 120 13 04 50
50.44 244 0.43
50.445 22 0.52
50.445 23 1.43
50.445 25 0.00
50.445 30 0.00
50.445 B1 5741.68 5748.46 
50.445 B3 5795.70 5803.12 
50.445 120 13 04 50
50.445 244 0.43
50.45 22 0.51
50.45 23 1.43
50.45 25 0.00
50.45 30 0.00
50.45 B1 5744.48 5751.11 
50.45 B3 5798.52 5805.77 
50.45 120 13 04 50
50.45 244 0.43
50.455 22 0.50
50.455 23 1.43
50.455 25 0.00
50.455 30 0.00
50.455 B1 5747.25 5753.73 
50.455 B3 5801.31 5808.39 
50.455 120 13 04 50
50.455 244 0.43
50.46 22 0.49
50.46 23 1.43
50.46 25 0.00
50.46 30 0.00
50.46 B1 5748.68 5755.00 
50.46 B3 5802.90 5809.81 
50.46 120 13 04 50
50.46 244 0.43
50.465 22 0.48
50.465 23 1.42
50.465 25 0.00
50.465 30 0.00
50.465 B1 5750.56 5756.73 
50.465 B3 5804.80 5811.55 
50.465 120 13 04 50
50.465 244 0.43
50.47 22 0.48
50.47 23 1.41
50.47 25 0.00
50.47 30 0.00
50.47 B1 5754.04 5760.06 
50.47 B3 5808.13 5814.72 
50.47 120 13 04 50
50.47 244 0.43
50.475 22 0.47
50.475 23 1.41
50.475 25 0.00
50.475 30 0.00
50.475 B1 5757.24 5763.12 
50.475 B3 5811.28 5817.72 
50.475 120 13 04 50
50.475 244 0.43
50.48 22 0.46
50.48 23 1.42
50.48 25 0.00
50.48 30 0.00
50.48 B1 5758.95 5764.69 
50.48 B3 5813.11 5819.40 
50.48 120 13 04 50
50.48 244 0.43
50.485 22 0.45
50.485 23 1.41
50.485 25 0.00
50.485 30 0.00
50.485 B1 5760.99 5766.59 
50.485 B3 5815.19 5821.33 
50.485 120 13 04 50
50.485 244 0.43
50.49 22 0.44
50.49 23 1.40
50.49 25 0.00
50.49 30 0.00
50.49 B1 5763.25 5768.73 
50.49 B3 5817.43 5823.43 
50.49 120 13 04 50
50.49 244 0.43
50.495 22 0.43
50.495 23 1.40
50.495 25 0.00
50.495 30 0.00
50.495 B1 5765.65 5771.00 
50.495 B3 5819.80 5825.66 
50.495 120 13 04 50
50.495 244 0.43
50.5 22 0.42
50.5 23 1.40
50.5 25 0.00
50.5 30 0.00
50.5 B1 5769.46 5774.68 
50.5 B3 5823.44 5829.17 
50.5 120 13 04 50
50.5 244 0.43
50.505 22 0.41
50.505 23 1.40
50.505 25 0.00
50.505 30 0.00
50.505 B1 5772.86 5777.97 
50.505 B3 5826.82 5832.42 
50.505 120 13 04 50
50.505 244 0.43
50.51 22 0.41
50.51 23 1.41
50.51 25 0.00
50.51 30 0.00
50.51 B1 5776.02 5781.00 
50.51 B3 5830.01 5835.48 
50.51 120 13 04 50
50.51 244 0.43
50.515 22 0.40
50.515 23 1.41
50.515 25 0.00
50.515 30 0.00
50.515 B1 5779.00 5783.87 
50.515 B3 5833.06 5838.40 
50.515 120 13 04 50
50.515 244 0.43
50.52 22 0.39
50.52 23 1.41
50.52 25 0.00
50.52 30 0.00
50.52 B1 5780.55 5785.31 
50.52 B3 5834.83 5840.04 
50.52 120 13 04 50
50.52 244 0.43
50.525 22 0.38
50.525 23 1.41
50.525 25 0.00
50.525 30 0.00
50.525 B1 5782.49 5787.14 
50.525 B3 5836.83 5841.94 
50.525 120 13 04 50
50.525 244 0.43
50.53 22 0.38
50.53 23 1.40
50.53 25 0.00
50.53 30 0.00
50.53 B1 5784.68 5789.22 
50.53 B3 5839.03 5844.01 
50.53 120 13 04 50
50.53 244 0.43
50.535 22 0.37
50.535 23 1.40
50.535 25 0.00
50.535 30 0.00
50.535 B1 5787.02 5791.45 
50.535 B3 5841.35 5846.22 
50.535 120 13 04 50
50.535 244 0.43
50.54 22 0.36
50.54 23 1.39
50.54 25 0.00
50.54 30 0.00
50.54 B1 5789.46 5793.79 
50.54 B3 5843.77 5848.52 
50.54 120 13 04 50
50.54 244 0.43
50.545 22 0.36
50.545 23 1.39
50.545 25 0.00
50.545 30 0.00
50.545 B1 5791.96 5796.19 
50.545 B3 5846.25 5850.90 
50.545 120 13 04 50
50.545 244 0.43
50.55 22 0.35
50.55 23 1.39
50.55 25 0.00
50.55 30 0.00
50.55 B1 5794.51 5798.64 
50.55 B3 5848.77 5853.31 
50.55 120 13 04 50
50.55 244 0.43
50.555 22 0.34
50.555 23 1.39
50.555 25 0.00
50.555 30 0.00
50.555 B1 5797.08 5801.12 
50.555 B3 5851.32 5855.76 
50.555 120 13 04 50
50.555 244 0.43
50.56 22 0.34
50.56 23 1.39
50.56 25 0.00
50.56 30 0.00
50.56 B1 5799.66 5803.61 
50.56 B3 5853.90 5858.24 
50.56 120 13 04 50
50.56 244 0.43
50.565 22 0.33
50.565 23 1.39
50.565 25 0.00
50.565 30 0.00
50.565 B1 5802.25 5806.11 
50.565 B3 5856.50 5860.73 
50.565 120 13 04 50
50.565 244 0.43
50.57 22 0.32
50.57 23 1.38
50.57 25 0.00
50.57 30 0.00
50.57 B1 5804.85 5808.62 
50.57 B3 5859.10 5863.24 
50.57 120 13 04 50
50.57 244 0.43
50.575 22 0.32
50.575 23 1.38
50.575 25 0.00
50.575 30 0.00
50.575 B1 5807.45 5811.13 
50.575 B3 5861.70 5865.75 
50.575 120 13 04 50
50.575 244 0.43
50.58 22 0.31
50.58 23 1.38
50.58 25 0.00
50.58 30 0.00
50.58 B1 5811.37 5814.97 
50.58 B3 5865.51 5869.47 
50.58 120 13 04 50
50.58 244 0.43
50.585 22 0.30
50.585 23 1.39
50.585 25 0.00
50.585 30 0.00
50.585 B1 5814.84 5818.36 
50.585 B3 5869.00 5872.87 
50.585 120 13 04 50
50.585 244 0.43
50.59 22 0.30
50.59 23 1.40
50.59 25 0.00
50.59 30 0.00
50.59 B1 5818.02 5821.46 
50.59 B3 5872.25 5876.04 
50.59 120 13 04 50
50.59 244 0.43
50.595 22 0.29
50.595 23 1.40
50.595 25 0.00
50.595 30 0.00
50.595 B1 5821.00 5824.36 
50.595 B3 5875.34 5879.04 
50.595 120 13 04 50
50.595 244 0.43
50.6 22 0.29
50.6 23 1.40
50.6 25 0.00
50.6 30 0.00
50.6 B1 5822.55 5825.83 
50.6 B3 5877.12 5880.74 
50.6 120 13 04 50
50.6 244 0.43
50.605 22 0.28
50.605 23 1.39
50.605 25 0.00
50.605 30 0.00
50.605 B1 5825.79 5828.99 
50.605 B3 5880.33 5883.86 
50.605 120 13 04 50
50.605 244 0.43
50.61 22 0.28
50.61 23 1.40
50.61 25 0.00
50.61 30 0.00
50.61 B1 5827.48 5830.62 
50.61 B3 5882.19 5885.65 
50.61 120 13 04 50
50.61 244 0.43
50.615 22 0.27
50.615 23 1.39
50.615 25 0.00
50.615 30 0.00
50.615 B1 5829.50 5832.57 
50.615 B3 5884.27 5887.64 
50.615 120 13 04 50
50.615 244 0.43
50.62 22 0.27
50.62 23 1.39
50.62 25 0.00
50.62 30 0.00
50.62 B1 5831.72 5834.71 
50.62 B3 5886.49 5889.79 
50.62 120 13 04 50
50.62 244 0.43
50.625 22 0.26
50.625 23 1.38
50.625 25 0.00
50.625 30 0.00
50.625 B1 5834.06 5836.99 
50.625 B3 5888.82 5892.05 
50.625 120 13 04 50
50.625 244 0.43
50.63 22 0.26
50.63 23 1.38
50.63 25 0.00
50.63 30 0.00
50.63 B1 5836.49 5839.35 
50.63 B3 5891.23 5894.39 
50.63 120 13 04 50
50.63 244 0.43
50.635 22 0.25
50.635 23 1.38
50.635 25 0.00
50.635 30 0.00
50.635 B1 5840.29 5843.09 
50.635 B3 5894.88 5897.97 
50.635 120 13 04 50
50.635 244 0.43
50.64 22 0.25
50.64 23 1.38
50.64 25 0.00
50.64 30 0.00
50.64 B1 5843.68 5846.41 
50.64 B3 5898.25 5901.27 
50.64 120 13 04 50
50.64 244 0.43
50.645 22 0.24
50.645 23 1.39
50.645 25 0.00
50.645 30 0.00
50.645 B1 5846.80 5849.47 
50.645 B3 5901.42 5904.37 
50.645 120 13 04 50
50.645 244 0.43
50.65 22 0.24
50.65 23 1.39
50.65 25 0.00
50.65 30 0.00
50.65 B1 5849.73 5852.35 
50.65 B3 5904.44 5907.33 
50.65 120 13 04 50
50.65 244 0.43
50.655 22 0.23
50.655 23 1.39
50.655 25 0.00
50.655 30 0.00
50.655 B1 5852.56 5855.12 
50.655 B3 5907.36 5910.18 
50.655 120 13 04 50
50.655 244 0.43
50.66 22 0.23
50.66 23 1.39
50.66 25 0.00
50.66 30 0.00
50.66 B1 5855.31 5857.81 
50.66 B3 5910.20 5912.96 
50.66 120 13 04 50
50.66 244 0.43
50.665 22 0.22
50.665 23 1.39
50.665 25 0.00
50.665 30 0.00
50.665 B1 5858.02 5860.46 
50.665 B3 5912.99 5915.68 
50.665 120 13 04 50
50.665 244 0.43
50.67 22 0.22
50.67 23 1.39
50.67 25 0.00
50.67 30 0.00
50.67 B1 5860.69 5863.08 
50.67 B3 5915.73 5918.37 
50.67 120 13 04 50
50.67 244 0.43
50.675 22 0.22
50.675 23 1.39
50.675 25 0.00
50.675 30 0.00
50.675 B1 5862.02 5864.35 
50.675 B3 5917.25 5919.83 
50.675 120 13 04 50
50.675 244 0.43
50.68 22 0.21
50.68 23 1.39
50.68 25 0.00
50.68 30 0.00
50.68 B1 5863.78 5866.06 
50.68 B3 5919.07 5921.59 
50.68 120 13 04 50
50.68 244 0.43
50.685 22 0.21
50.685 23 1.38
50.685 25 0.00
50.685 30 0.00
50.685 B1 5867.15 5869.37 
50.685 B3 5922.30 5924.76 
50.685 120 13 04 50
50.685 244 0.43
50.69 22 0.20
50.69 23 1.38
50.69 25 0.41
50.69 30 0.00
50.69 B1 5870.24 5872.42 
50.69 B3 5925.36 5927.77 
50.69 120 13 04 50
50.69 244 0.43
50.695 22 0.48
50.695 23 1.38
50.695 25 0.77
50.695 30 0.00
50.695 B1 5871.75 5873.89 
50.695 B3 5927.10 5929.46 
50.695 120 13 04 50
50.695 244 0.43
50.7 22 0.73
50.7 23 1.37
50.7 25 3.38
50.7 30 0.00
50.7 B1 5873.34 5875.68 
50.7 B3 5928.97 5931.49 
50.7 120 13 04 50
50.7 244 0.43
50.705 22 2.80
50.705 23 1.26
50.705 25 4.44
50.705 30 0.00
50.705 B1 5871.55 5874.50 
50.705 B3 5930.83 5933.85 
50.705 120 13 04 50
50.705 244 0.43
50.71 22 3.63
50.71 23 1.16
50.71 25 4.44
50.71 30 0.00
50.71 B1 5867.60 5873.35 
50.71 B3 5931.84 5937.19 
50.71 120 13 04 50
50.71 244 0.43
50.715 22 3.54
50.715 23 1.14
50.715 25 4.80
50.715 30 0.00
50.715 B1 5864.45 5875.17 
50.715 B3 5931.85 5941.48 
50.715 120 13 04 50
50.715 244 0.43
50.72 22 3.76
50.72 23 1.10
50.72 25 4.92
50.72 30 0.00
50.72 B1 5862.21 5879.23 
50.72 B3 5932.37 5947.60 
50.72 120 13 04 50
50.72 244 0.43
50.725 22 3.76
50.725 23 1.09
50.725 25 6.35
50.725 30 0.00
50.725 B1 5858.50 5882.88 
50.725 B3 5930.78 5952.74 
50.725 120 13 04 50
50.725 244 0.43
50.73 22 4.86
50.73 23 0.92
50.73 25 7.06
50.73 30 0.00
50.73 B1 5850.92 5883.37 
50.73 B3 5928.83 5958.33 
50.73 120 13 04 50
50.73 244 0.43
50.735 22 5.32
50.735 23 0.81
50.735 25 7.06
50.735 30 0.00
50.735 B1 5843.60 5885.54 
50.735 B3 5927.32 5965.76 
50.735 120 13 04 50
50.735 244 0.43
50.74 22 5.21
50.74 23 0.81
50.74 25 7.30
50.74 30 0.00
50.74 B1 5837.65 5890.37 
50.74 B3 5924.71 5973.44 
50.74 120 13 04 50
50.74 244 0.43
50.745 22 5.30
50.745 23 0.78
50.745 25 7.30
50.745 30 0.00
50.745 B1 5830.40 5894.62 
50.745 B3 5920.17 5980.05 
50.745 120 13 04 50
50.745 244 0.43
50.75 22 5.21
50.75 23 0.77
50.75 25 7.54
50.75 30 0.00
50.75 B1 5824.52 5900.73 
50.75 B3 5915.38 5987.06 
50.75 120 13 04 50
50.75 244 0.43
50.755 22 5.31
50.755 23 0.74
50.755 25 7.54
50.755 30 0.00
50.755 B1 5819.98 5908.37 
50.755 B3 5911.67 5995.52 
50.755 120 13 04 50
50.755 244 0.43
50.76 22 5.22
50.76 23 0.75
50.76 25 7.54
50.76 30 0.00
50.76 B1 5815.87 5916.63 
50.76 B3 5907.52 6003.84 
50.76 120 13 04 50
50.76 244 0.43
50.765 22 5.15
50.765 23 0.76
50.765 25 7.54
50.765 30 0.00
50.765 B1 5812.10 5925.21 
50.765 B3 5903.10 6012.01 
50.765 120 13 04 50
50.765 244 0.43
50.77 22 5.08
50.77 23 0.77
50.77 25 7.54
50.77 30 0.00
50.77 B1 5808.59 5933.92 
50.77 B3 5898.56 6020.03 
50.77 120 13 04 50
50.77 244 0.43
50.775 22 5.02
50.775 23 0.78
50.775 25 7.53
50.775 30 0.00
50.775 B1 5805.28 5942.64 
50.775 B3 5893.99 6027.91 
50.775 120 13 04 50
50.775 244 0.43
50.78 22 4.97
50.78 23 0.79
50.78 25 7.52
50.78 30 0.00
50.78 B1 5802.17 5951.30 
50.78 B3 5889.47 6035.63 
50.78 120 13 04 50
50.78 244 0.43
50.785 22 4.92
50.785 23 0.80
50.785 25 6.49
50.785 30 0.00
50.785 B1 5799.23 5959.85 
50.785 B3 5885.04 6043.20 
50.785 120 13 04 50
50.785 244 0.44
50.79 22 4.02
50.79 23 0.95
50.79 25 6.49
50.79 30 0.00
50.79 B1 5802.27 5974.03 
50.79 B3 5883.13 6053.01 
50.79 120 13 04 50
50.79 244 0.44
50.795 22 4.01
50.795 23 0.99
50.795 25 6.49
50.795 30 0.00
50.795 B1 5803.72 5985.67 
50.795 B3 5881.12 6061.81 
50.795 120 13 04 50
50.795 244 0.44
50.8 22 4.01
50.8 23 1.01
50.8 25 4.73
50.8 30 0.00
50.8 B1 5804.17 5995.56 
50.8 B3 5879.10 6069.86 
50.8 120 13 04 50
50.8 244 0.43
50.805 22 2.52
50.805 23 1.21
50.805 25 4.73
50.805 30 0.00
50.805 B1 5805.21 6005.43 
50.805 B3 5874.73 6074.93 
50.805 120 13 04 50
50.805 244 0.43
50.81 22 2.56
50.81 23 1.22
50.81 25 2.27
50.81 30 0.00
50.81 B1 5806.09 6013.35 
50.81 B3 5871.77 6079.73 
50.81 120 13 04 50
50.81 244 0.43
50.815 22 0.73
50.815 23 1.35
50.815 25 1.45
50.815 30 0.00
50.815 B1 5809.07 6022.18 
50.815 B3 5869.85 6084.31 
50.815 120 13 04 50
50.815 244 0.43
50.82 22 0.26
50.82 23 1.37
50.82 25 0.00
50.82 30 0.00
50.82 B1 5812.09 6028.54 
50.82 B3 5869.49 6088.10 
50.82 120 13 04 50
50.82 244 0.44
50.825 22 -0.72
50.825 23 1.38
50.825 25 0.00
50.825 30 0.00
50.825 B1 5817.09 6034.78 
50.825 B3 5872.87 6093.52 
50.825 120 13 04 50
50.825 244 0.44
50.83 22 -0.59
50.83 23 1.40
50.83 25 0.00
50.83 30 0.00
50.83 B1 5822.32 6038.81 
50.83 B3 5876.97 6097.37 
50.83 120 13 04 50
50.83 244 0.44
50.835 22 -0.48
50.835 23 1.41
50.835 25 0.00
50.835 30 0.00
50.835 B1 5827.68 6041.42 
50.835 B3 5881.55 6100.10 
50.835 120 13 04 50
50.835 244 0.43
50.84 22 -0.37
50.84 23 1.41
50.84 25 0.00
50.84 30 0.00
50.84 B1 5830.43 6040.44 
50.84 B3 5884.06 6099.62 
50.84 120 13 04 50
50.84 244 0.43
50.845 22 -0.26
50.845 23 1.40
50.845 25 0.00
50.845 30 0.00
50.845 B1 5834.10 6039.73 
50.845 B3 5887.43 6099.19 
50.845 120 13 04 50
50.845 244 0.43
50.85 22 -0.16
50.85 23 1.39
50.85 25 0.00
50.85 30 0.00
50.85 B1 5838.31 6039.22 
50.85 B3 5891.39 6098.81 
50.85 120 13 04 50
50.85 244 0.43
50.855 22 -0.07
50.855 23 1.39
50.855 25 0.00
50.855 30 0.00
50.855 B1 5842.85 6038.86 
50.855 B3 5895.75 6098.49 
50.855 120 13 04 50
50.855 244 0.43
50.86 22 0.02
50.86 23 1.38
50.86 25 0.00
50.86 30 0.00
50.86 B1 5847.56 6038.63 
50.86 B3 5900.35 6098.23 
50.86 120 13 04 50
50.86 244 0.43
50.865 22 0.11
50.865 23 1.38
50.865 25 0.00
50.865 30 0.00
50.865 B1 5852.36 6038.50 
50.865 B3 5905.11 6098.04 
50.865 120 13 04 50
50.865 244 0.43
50.87 22 0.19
50.87 23 1.38
50.87 25 0.00
50.87 30 0.00
50.87 B1 5857.18 6038.47 
50.87 B3 5909.95 6097.91 
50.87 120 13 04 50
50.87 244 0.43
50.875 22 0.26
50.875 23 1.38
50.875 25 0.00
50.875 30 0.00
50.875 B1 5861.99 6038.53 
50.875 B3 5914.83 6097.86 
50.875 120 13 04 50
50.875 244 0.43
50.88 22 0.33
50.88 23 1.37
50.88 25 0.00
50.88 30 0.00
50.88 B1 5866.75 6038.66 
50.88 B3 5919.71 6097.88 
50.88 120 13 04 50
50.88 244 0.43
50.885 22 0.40
50.885 23 1.37
50.885 25 0.00
50.885 30 0.00
50.885 B1 5871.48 6038.87 
50.885 B3 5924.56 6097.98 
50.885 120 13 04 50
50.885 244 0.43
50.89 22 0.46
50.89 23 1.37
50.89 25 0.00
50.89 30 0.00
50.89 B1 5876.14 6039.16 
50.89 B3 5929.38 6098.15 
50.89 120 13 04 50
50.89 244 0.43
50.895 22 0.52
50.895 23 1.37
50.895 25 0.00
50.895 30 0.00
50.895 B1 5880.73 6039.51 
50.895 B3 5934.14 6098.39 
50.895 120 13 04 50
50.895 244 0.43
50.9 22 0.58
50.9 23 1.37
50.9 25 0.00
50.9 30 0.00
50.9 B1 5883.94 6038.60 
50.9 B3 5937.64 6097.52 
50.9 120 13 04 50
50.9 244 0.43
50.905 22 0.63
50.905 23 1.36
50.905 25 0.00
50.905 30 0.00
50.905 B1 5888.86 6039.53 
50.905 B3 5942.59 6098.22 
50.905 120 13 04 50
50.905 244 0.43
50.91 22 0.68
50.91 23 1.36
50.91 25 0.00
50.91 30 0.00
50.91 B1 5893.54 6040.36 
50.91 B3 5947.38 6098.91 
50.91 120 13 04 50
50.91 244 0.43
50.915 22 0.73
50.915 23 1.37
50.915 25 0.00
50.915 30 0.00
50.915 B1 5898.07 6041.16 
50.915 B3 5952.03 6099.61 
50.915 120 13 04 50
50.915 244 0.43
50.92 22 0.77
50.92 23 1.37
50.92 25 0.00
50.92 30 0.00
50.92 B1 5902.46 6041.95 
50.92 B3 5956.57 6100.33 
50.92 120 13 04 50
50.92 244 0.43
50.925 22 0.81
50.925 23 1.37
50.925 25 0.00
50.925 30 0.00
50.925 B1 5906.75 6042.75 
50.925 B3 5961.01 6101.08 
50.925 120 13 04 50
50.925 244 0.43
50.93 22 0.85
50.93 23 1.37
50.93 25 0.00
50.93 30 0.00
50.93 B1 5910.96 6043.58 
50.93 B3 5965.36 6101.88 
50.93 120 13 04 50
50.93 244 0.43
50.935 22 0.89
50.935 23 1.37
50.935 25 0.00
50.935 30 0.00
50.935 B1 5915.08 6044.45 
50.935 B3 5969.61 6102.72 
50.935 120 13 04 50
50.935 244 0.44
50.94 22 0.92
50.94 23 1.37
50.94 25 0.00
50.94 30 0.00
50.94 B1 5921.79 6047.99 
50.94 B3 5976.19 6106.00 
50.94 120 13 04 50
50.94 244 0.44
50.945 22 0.95
50.945 23 1.38
50.945 25 0.00
50.945 30 0.00
50.945 B1 5927.55 6050.71 
50.945 B3 5982.06 6108.69 
50.945 120 13 04 50
50.945 244 0.43
50.95 22 0.98
50.95 23 1.39
50.95 25 0.00
50.95 30 0.00
50.95 B1 5930.03 6050.25 
50.95 B3 5985.02 6108.59 
50.95 120 13 04 50
50.95 244 0.43
50.955 22 1.01
50.955 23 1.38
50.955 25 0.00
50.955 30 0.00
50.955 B1 5932.97 6050.33 
50.955 B3 5988.21 6108.84 
50.955 120 13 04 50
50.955 244 0.43
50.96 22 1.03
50.96 23 1.38
50.96 25 0.00
50.96 30 0.00
50.96 B1 5936.20 6050.78 
50.96 B3 5991.58 6109.34 
50.96 120 13 04 50
50.96 244 0.44
50.965 22 1.06
50.965 23 1.37
50.965 25 0.00
50.965 30 0.00
50.965 B1 5942.25 6054.12 
50.965 B3 5997.44 6112.44 
50.965 120 13 04 50
50.965 244 0.43
50.97 22 1.08
50.97 23 1.38
50.97 25 0.00
50.97 30 0.00
50.97 B1 5944.86 6054.13 
50.97 B3 6000.33 6112.67 
50.97 120 13 04 50
50.97 244 0.43
50.975 22 1.10
50.975 23 1.38
50.975 25 0.00
50.975 30 0.00
50.975 B1 5947.83 6054.56 
50.975 B3 6003.44 6113.21 
50.975 120 13 04 50
50.975 244 0.43
50.98 22 1.12
50.98 23 1.37
50.98 25 0.00
50.98 30 0.00
50.98 B1 5951.03 6055.29 
50.98 B3 6006.69 6113.96 
50.98 120 13 04 50
50.98 244 0.43
50.985 22 1.14
50.985 23 1.37
50.985 25 0.00
50.985 30 0.00
50.985 B1 5954.37 6056.23 
50.985 B3 6010.03 6114.89 
50.985 120 13 04 50
50.985 244 0.44
50.99 22 1.15
50.99 23 1.36
50.99 25 0.00
50.99 30 0.00
50.99 B1 5960.42 6059.94 
50.99 B3 6015.82 6118.33 
50.99 120 13 04 50
50.99 244 0.43
50.995 22 1.17
50.995 23 1.38
50.995 25 0.00
50.995 30 0.00
50.995 B1 5962.98 6060.26 
50.995 B3 6018.62 6118.87 
50.995 120 13 04 50
50.995 244 0.43
51 22 1.18
51 23 1.37
51 25 0.00
51 30 0.00
51 B1 5965.87 6060.95 
51 B3 6021.60 6119.66 
51 120 13 04 50
51 244 0.43
51.005 22 1.19
51.005 23 1.37
51.005 25 0.00
51.005 30 0.00
51.005 B1 5968.96 6061.90 
51.005 B3 6024.72 6120.64 
51.005 120 13 04 50
51.005 244 0.43
51.01 22 1.20
51.01 23 1.36
51.01 25 0.00
51.01 30 0.00
51.01 B1 5972.17 6063.02 
51.01 B3 6027.93 6121.77 
51.01 120 13 04 50
51.01 244 0.43
51.015 22 1.21
51.015 23 1.36
51.015 25 0.00
51.015 30 0.00
51.015 B1 5975.46 6064.27 
51.015 B3 6031.19 6123.01 
51.015 120 13 04 50
51.015 244 0.43
51.02 22 1.22
51.02 23 1.36
51.02 25 0.00
51.02 30 0.00
51.02 B1 5978.78 6065.61 
51.02 B3 6034.48 6124.33 
51.02 120 13 04 50
51.02 244 0.43
51.025 22 1.23
51.025 23 1.36
51.025 25 0.00
51.025 30 0.00
51.025 B1 5982.12 6067.01 
51.025 B3 6037.80 6125.73 
51.025 120 13 04 50
51.025 244 0.43
51.03 22 1.24
51.03 23 1.36
51.03 25 0.00
51.03 30 0.00
51.03 B1 5985.46 6068.47 
51.03 B3 6041.12 6127.18 
51.03 120 13 04 50
51.03 244 0.43
51.035 22 1.24
51.035 23 1.35
51.035 25 0.00
51.035 30 0.00
51.035 B1 5988.81 6069.97 
51.035 B3 6044.45 6128.67 
51.035 120 13 04 50
51.035 244 0.43
51.04 22 1.25
51.04 23 1.35
51.04 25 0.00
51.04 30 0.00
51.04 B1 5992.14 6071.49 
51.04 B3 6047.76 6130.20 
51.04 120 13 04 50
51.04 244 0.43
51.045 22 1.25
51.045 23 1.35
51.045 25 0.00
51.045 30 0.00
51.045 B1 5994.14 6071.73 
51.045 B3 6049.88 6130.57 
51.045 120 13 04 50
51.045 244 0.43
51.05 22 1.25
51.05 23 1.34
51.05 25 0.00
51.05 30 0.00
51.05 B1 5997.89 6073.74 
51.05 B3 6053.49 6132.47 
51.05 120 13 04 50
51.05 244 0.43
51.055 22 1.25
51.055 23 1.34
51.055 25 0.00
51.055 30 0.00
51.055 B1 6001.47 6075.64 
51.055 B3 6057.01 6134.31 
51.055 120 13 04 50
51.055 244 0.43
51.06 22 1.25
51.06 23 1.35
51.06 25 0.00
51.06 30 0.00
51.06 B1 6004.93 6077.45 
51.06 B3 6060.45 6136.10 
51.06 120 13 04 50
51.06 244 0.43
51.065 22 1.25
51.065 23 1.35
51.065 25 0.00
51.065 30 0.00
51.065 B1 6008.31 6079.21 
51.065 B3 6063.83 6137.87 
51.065 120 13 04 50
51.065 244 0.43
51.07 22 1.25
51.07 23 1.35
51.07 25 0.00
51.07 30 0.00
51.07 B1 6010.32 6079.63 
51.07 B3 6065.97 6138.44 
51.07 120 13 04 50
51.07 244 0.43
51.075 22 1.25
51.075 23 1.34
51.075 25 0.00
51.075 30 0.00
51.075 B1 6012.72 6080.48 
51.075 B3 6068.39 6139.29 
51.075 120 13 04 50
51.075 244 0.43
51.08 22 1.25
51.08 23 1.33
51.08 25 0.00
51.08 30 0.00
51.08 B1 6015.37 6081.60 
51.08 B3 6071.01 6140.38 
51.08 120 13 04 50
51.08 244 0.43
51.085 22 1.25
51.085 23 1.33
51.085 25 0.00
51.085 30 0.00
51.085 B1 6018.19 6082.91 
51.085 B3 6073.77 6141.63 
51.085 120 13 04 50
51.085 244 0.43
51.09 22 1.24
51.09 23 1.32
51.09 25 0.00
51.09 30 0.00
51.09 B1 6021.11 6084.35 
51.09 B3 6076.63 6143.00 
51.09 120 13 04 50
51.09 244 0.43
51.095 22 1.24
51.095 23 1.32
51.095 25 0.00
51.095 30 0.00
51.095 B1 6024.09 6085.89 
51.095 B3 6079.55 6144.47 
51.095 120 13 04 50
51.095 244 0.43
51.1 22 1.24
51.1 23 1.32
51.1 25 0.00
51.1 30 0.00
51.1 B1 6027.11 6087.50 
51.1 B3 6082.52 6146.01 
51.1 120 13 04 50
51.1 244 0.42
51.105 22 1.23
51.105 23 1.32
51.105 25 0.00
51.105 30 0.00
51.105 B1 6028.82 6087.82 
51.105 B3 6084.32 6146.40 
51.105 120 13 04 50
51.105 244 0.42
51.11 22 1.23
51.11 23 1.31
51.11 25 0.00
51.11 30 0.00
51.11 B1 6030.97 6088.61 
51.11 B3 6086.46 6147.15 
51.11 120 13 04 50
51.11 244 0.42
51.115 22 1.22
51.115 23 1.30
51.115 25 0.00
51.115 30 0.00
51.115 B1 6033.42 6089.72 
51.115 B3 6088.83 6148.16 
51.115 120 13 04 50
51.115 244 0.42
51.12 22 1.21
51.12 23 1.30
51.12 25 0.00
51.12 30 0.00
51.12 B1 6036.05 6091.03 
51.12 B3 6091.38 6149.36 
51.12 120 13 04 50
51.12 244 0.42
51.125 22 1.21
51.125 23 1.29
51.125 25 0.00
51.125 30 0.00
51.125 B1 6037.47 6091.17 
51.125 B3 6092.85 6149.51 
51.125 120 13 04 50
51.125 244 0.41
51.13 22 1.20
51.13 23 1.28
51.13 25 0.00
51.13 30 0.00
51.13 B1 6038.08 6090.52 
51.13 B3 6093.52 6148.88 
51.13 120 13 04 50
51.13 244 0.41
51.135 22 1.19
51.135 23 1.27
51.135 25 0.00
51.135 30 0.00
51.135 B1 6039.46 6090.65 
51.135 B3 6094.79 6148.86 
51.135 120 13 04 50
51.135 244 0.41
51.14 22 1.19
51.14 23 1.26
51.14 25 0.00
51.14 30 0.00
51.14 B1 6041.34 6091.30 
51.14 B3 6096.49 6149.29 
51.14 120 13 04 50
51.14 244 0.41
51.145 22 1.18
51.145 23 1.25
51.145 25 0.00
51.145 30 0.00
51.145 B1 6043.55 6092.30 
51.145 B3 6098.49 6150.05 
51.145 120 13 04 50
51.145 244 0.40
51.15 22 1.17
51.15 23 1.24
51.15 25 0.00
51.15 30 0.00
51.15 B1 6041.99 6089.58 
51.15 B3 6097.13 6147.48 
51.15 120 13 04 50
51.15 244 0.40
51.155 22 1.16
51.155 23 1.21
51.155 25 0.00
51.155 30 0.00
51.155 B1 6041.88 6088.30 
51.155 B3 6096.87 6146.01 
51.155 120 13 04 50
51.155 244 0.40
51.16 22 1.15
51.16 23 1.19
51.16 25 0.00
51.16 30 0.00
51.16 B1 6042.70 6087.99 
51.16 B3 6097.40 6145.35 
51.16 120 13 04 50
51.16 244 0.39
51.165 22 1.14
51.165 23 1.18
51.165 25 0.00
51.165 30 0.00
51.165 B1 6040.18 6084.36 
51.165 B3 6094.92 6141.70 
51.165 120 13 04 50
51.165 244 0.39
51.17 22 1.13
51.17 23 1.14
51.17 25 0.00
51.17 30 0.00
51.17 B1 6039.37 6082.45 
51.17 B3 6093.78 6139.42 
51.17 120 13 04 50
51.17 244 0.39
51.175 22 1.12
51.175 23 1.12
51.175 25 0.00
51.175 30 0.00
51.175 B1 6038.34 6080.35 
51.175 B3 6092.43 6136.93 
51.175 120 13 04 50
51.175 244 0.38
51.18 22 1.11
51.18 23 1.10
51.18 25 0.00
51.18 30 0.00
51.18 B1 6035.85 6076.80 
51.18 B3 6089.70 6133.09 
51.18 120 13 04 50
51.18 244 0.37
51.185 22 1.10
51.185 23 1.06
51.185 25 0.00
51.185 30 0.00
51.185 B1 6032.35 6072.26 
51.185 B3 6085.94 6128.24 
51.185 120 13 04 50
51.185 244 0.35
51.19 22 1.10
51.19 23 1.02
51.19 25 0.00
51.19 30 0.00
51.19 B1 6025.49 6064.39 
51.19 B3 6079.01 6120.23 
51.19 120 13 04 50
51.19 244 0.35
51.195 22 1.09
51.195 23 0.96
51.195 25 0.00
51.195 30 0.00
51.195 B1 6021.65 6059.54 
51.195 B3 6074.50 6114.66 
51.195 120 13 04 50
51.195 244 0.29
51.2 22 1.08
51.2 23 0.92
51.2 25 0.00
51.2 30 0.00
51.2 B1 5998.66 6035.56 
51.2 B3 6052.61 6091.71 
51.2 120 13 04 50
51.2 244 0.29
51.205 22 1.06
51.205 23 0.76
51.205 25 0.00
51.205 30 0.00
51.205 B1 5983.90 6019.78 
51.205 B3 6037.00 6075.02 
51.205 120 13 04 50
51.205 244 0.29
51.21 22 1.05
51.21 23 0.65
51.21 25 0.00
51.21 30 0.00
51.21 B1 5974.57 6009.42 
51.21 B3 6025.95 6062.89 
51.21 120 13 04 50
51.21 244 0.29
51.215 22 1.04
51.215 23 0.57
51.215 25 0.00
51.215 30 0.00
51.215 B1 5968.79 6002.67 
51.215 B3 6018.18 6054.07 
51.215 120 13 04 50
51.215 244 0.29
51.22 22 1.03
51.22 23 0.52
51.22 25 0.00
51.22 30 0.00
51.22 B1 5965.36 5998.30 
51.22 B3 6012.80 6047.68 
51.22 120 13 04 50
51.22 244 0.25
51.225 22 1.02
51.225 23 0.48
51.225 25 0.00
51.225 30 0.00
51.225 B1 5950.26 5982.31 
51.225 B3 5997.19 6031.11 
51.225 120 13 04 50
51.225 244 0.25
51.23 22 1.01
51.23 23 0.37
51.23 25 0.00
51.23 30 0.00
51.23 B1 5940.49 5971.65 
51.23 B3 5985.97 6018.92 
51.23 120 13 04 50
51.23 244 0.23
51.235 22 1.00
51.235 23 0.30
51.235 25 0.00
51.235 30 0.00
51.235 B1 5927.62 5957.92 
51.235 B3 5971.94 6003.96 
51.235 120 13 04 50
51.235 244 0.22
51.24 22 0.99
51.24 23 0.21
51.24 25 0.00
51.24 30 0.00
51.24 B1 5915.25 5944.71 
51.24 B3 5958.20 5989.31 
51.24 120 13 04 50
51.24 244 0.19
51.245 22 0.98
51.245 23 0.12
51.245 25 0.00
51.245 30 0.00
51.245 B1 5895.23 5923.86 
51.245 B3 5937.44 5967.65 
51.245 120 13 04 50
51.245 244 0.19
51.25 22 0.97
51.25 23 -0.02
51.25 25 0.00
51.25 30 0.00
51.25 B1 5881.85 5909.66 
51.25 B3 5922.19 5951.52 
51.25 120 13 04 50
51.25 244 0.19
51.255 22 0.96
51.255 23 -0.11
51.255 25 0.00
51.255 30 0.00
51.255 B1 5872.86 5899.88 
51.255 B3 5910.96 5939.42 
51.255 120 13 04 50
51.255 244 0.19
51.26 22 0.95
51.26 23 -0.18
51.26 25 0.00
51.26 30 0.00
51.26 B1 5866.78 5893.04 
51.26 B3 5902.63 5930.26 
51.26 120 13 04 50
51.26 244 0.18
51.265 22 0.94
51.265 23 -0.22
51.265 25 0.00
51.265 30 0.00
51.265 B1 5859.99 5885.53 
51.265 B3 5894.02 5920.87 
51.265 120 13 04 50
51.265 244 0.17
51.27 22 0.93
51.27 23 -0.27
51.27 25 0.00
51.27 30 0.00
51.27 B1 5852.68 5877.53 
51.27 B3 5885.19 5911.28 
51.27 120 13 04 50
51.27 244 0.16
51.275 22 0.92
51.275 23 -0.32
51.275 25 0.00
51.275 30 0.00
51.275 B1 5844.98 5869.17 
51.275 B3 5876.16 5901.52 
51.275 120 13 04 50
51.275 244 0.16
51.28 22 0.91
51.28 23 -0.37
51.28 25 0.00
51.28 30 0.00
51.28 B1 5839.63 5863.17 
51.28 B3 5869.35 5894.01 
51.28 120 13 04 50
51.28 244 0.15
51.285 22 0.90
51.285 23 -0.40
51.285 25 0.00
51.285 30 0.00
51.285 B1 5833.20 5856.12 
51.285 B3 5861.77 5885.75 
51.285 120 13 04 50
51.285 244 0.15
51.29 22 0.89
51.29 23 -0.44
51.29 25 0.00
51.29 30 0.00
51.29 B1 5828.64 5850.96 
51.29 B3 5855.98 5879.31 
51.29 120 13 04 50
51.29 244 0.15
51.295 22 0.88
51.295 23 -0.47
51.295 25 0.00
51.295 30 0.00
51.295 B1 5824.02 5845.76 
51.295 B3 5850.31 5873.02 
51.295 120 13 04 50
51.295 244 0.14
51.3 22 0.87
51.3 23 -0.50
51.3 25 0.00
51.3 30 0.00
51.3 B1 5818.00 5839.19 
51.3 B3 5843.52 5865.62 
51.3 120 13 04 50
51.3 244 0.14
51.305 22 0.85
51.305 23 -0.54
51.305 25 0.00
51.305 30 0.00
51.305 B1 5813.67 5834.31 
51.305 B3 5838.26 5859.78 
51.305 120 13 04 50
51.305 244 0.14
51.31 22 0.84
51.31 23 -0.56
51.31 25 0.00
51.31 30 0.00
51.31 B1 5810.45 5830.56 
51.31 B3 5834.14 5855.09 
51.31 120 13 04 50
51.31 244 0.14
51.315 22 0.83
51.315 23 -0.58
51.315 25 0.00
51.315 30 0.00
51.315 B1 5807.97 5827.58 
51.315 B3 5830.83 5851.24 
51.315 120 13 04 50
51.315 244 0.14
51.32 22 0.82
51.32 23 -0.59
51.32 25 0.00
51.32 30 0.00
51.32 B1 5805.99 5825.11 
51.32 B3 5828.13 5848.02 
51.32 120 13 04 50
51.32 244 0.14
51.325 22 0.81
51.325 23 -0.60
51.325 25 0.00
51.325 30 0.00
51.325 B1 5804.35 5822.99 
51.325 B3 5825.87 5845.25 
51.325 120 13 04 50
51.325 244 0.15
51.33 22 0.80
51.33 23 -0.60
51.33 25 0.00
51.33 30 0.00
51.33 B1 5804.24 5822.42 
51.33 B3 5825.13 5844.02 
51.33 120 13 04 50
51.33 244 0.15
51.335 22 0.79
51.335 23 -0.60
51.335 25 0.00
51.335 30 0.00
51.335 B1 5803.85 5821.59 
51.335 B3 5824.32 5842.75 
51.335 120 13 04 50
51.335 244 0.15
51.34 22 0.78
51.34 23 -0.60
51.34 25 0.00
51.34 30 0.00
51.34 B1 5803.28 5820.59 
51.34 B3 5823.46 5841.43 
51.34 120 13 04 50
51.34 244 0.15
51.345 22 0.77
51.345 23 -0.60
51.345 25 0.00
51.345 30 0.00
51.345 B1 5802.58 5819.47 
51.345 B3 5822.57 5840.10 
51.345 120 13 04 50
51.345 244 0.15
51.35 22 0.76
51.35 23 -0.59
51.35 25 0.00
51.35 30 0.00
51.35 B1 5803.11 5819.60 
51.35 B3 5822.84 5839.95 
51.35 120 13 04 50
51.35 244 0.15
51.355 22 0.75
51.355 23 -0.58
51.355 25 0.00
51.355 30 0.00
51.355 B1 5801.83 5817.93 
51.355 B3 5821.59 5838.28 
51.355 120 13 04 50
51.355 244 0.15
51.36 22 0.74
51.36 23 -0.59
51.36 25 0.00
51.36 30 0.00
51.36 B1 5800.66 5816.37 
51.36 B3 5820.40 5836.70 
51.36 120 13 04 50
51.36 244 0.15
51.365 22 0.73
51.365 23 -0.59
51.365 25 0.00
51.365 30 0.00
51.365 B1 5799.55 5814.89 
51.365 B3 5819.27 5835.18 
51.365 120 13 04 50
51.365 244 0.15
51.37 22 0.72
51.37 23 -0.59
51.37 25 0.00
51.37 30 0.00
51.37 B1 5798.48 5813.45 
51.37 B3 5818.17 5833.70 
51.37 120 13 04 50
51.37 244 0.15
51.375 22 0.71
51.375 23 -0.59
51.375 25 0.00
51.375 30 0.00
51.375 B1 5797.43 5812.04 
51.375 B3 5817.09 5832.25 
51.375 120 13 04 50
51.375 244 0.15
51.38 22 0.70
51.38 23 -0.59
51.38 25 0.00
51.38 30 0.00
51.38 B1 5796.40 5810.66 
51.38 B3 5816.04 5830.83 
51.38 120 13 04 50
51.38 244 0.15
51.385 22 0.69
51.385 23 -0.59
51.385 25 0.00
51.385 30 0.00
51.385 B1 5795.37 5809.30 
51.385 B3 5814.99 5829.44 
51.385 120 13 04 50
51.385 244 0.15
51.39 22 0.68
51.39 23 -0.59
51.39 25 0.00
51.39 30 0.00
51.39 B1 5794.36 5807.95 
51.39 B3 5813.96 5828.06 
51.39 120 13 04 50
51.39 244 0.15
51.395 22 0.67
51.395 23 -0.59
51.395 25 0.00
51.395 30 0.00
51.395 B1 5793.34 5806.61 
51.395 B3 5812.93 5826.70 
51.395 120 13 04 50
51.395 244 0.15
51.4 22 0.66
51.4 23 -0.59
51.4 25 0.00
51.4 30 0.00
51.4 B1 5792.33 5805.28 
51.4 B3 5811.90 5825.35 
51.4 120 13 04 50
51.4 244 0.15
51.405 22 0.65
51.405 23 -0.59
51.405 25 0.00
51.405 30 0.00
51.405 B1 5791.31 5803.95 
51.405 B3 5810.88 5824.01 
51.405 120 13 04 50
51.405 244 0.15
51.41 22 0.64
51.41 23 -0.59
51.41 25 0.00
51.41 30 0.00
51.41 B1 5791.61 5803.95 
51.41 B3 5811.06 5823.87 
51.41 120 13 04 50
51.41 244 0.15
51.415 22 0.64
51.415 23 -0.58
51.415 25 0.00
51.415 30 0.00
51.415 B1 5790.17 5802.22 
51.415 B3 5809.73 5822.24 
51.415 120 13 04 50
51.415 244 0.15
51.42 22 0.63
51.42 23 -0.58
51.42 25 0.00
51.42 30 0.00
51.42 B1 5788.86 5800.63 
51.42 B3 5808.48 5820.70 
51.42 120 13 04 50
51.42 244 0.15
51.425 22 0.62
51.425 23 -0.58
51.425 25 0.00
51.425 30 0.00
51.425 B1 5787.65 5799.13 
51.425 B3 5807.29 5819.22 
51.425 120 13 04 50
51.425 244 0.15
51.43 22 0.61
51.43 23 -0.58
51.43 25 0.00
51.43 30 0.00
51.43 B1 5786.49 5797.70 
51.43 B3 5806.15 5817.80 
51.43 120 13 04 50
51.43 244 0.15
51.435 22 0.60
51.435 23 -0.58
51.435 25 0.00
51.435 30 0.00
51.435 B1 5786.69 5797.64 
51.435 B3 5806.23 5817.61 
51.435 120 13 04 50
51.435 244 0.15
51.44 22 0.59
51.44 23 -0.58
51.44 25 0.00
51.44 30 0.00
51.44 B1 5786.50 5797.19 
51.44 B3 5806.03 5817.13 
51.44 120 13 04 50
51.44 244 0.15
51.445 22 0.58
51.445 23 -0.57
51.445 25 0.00
51.445 30 0.00
51.445 B1 5787.36 5797.80 
51.445 B3 5806.81 5817.66 
51.445 120 13 04 50
51.445 244 0.15
51.45 22 0.57
51.45 23 -0.56
51.45 25 0.00
51.45 30 0.00
51.45 B1 5787.62 5797.81 
51.45 B3 5807.13 5817.73 
51.45 120 13 04 50
51.45 244 0.16
51.455 22 0.56
51.455 23 -0.55
51.455 25 0.00
51.455 30 0.00
51.455 B1 5788.80 5798.76 
51.455 B3 5808.31 5818.66 
51.455 120 13 04 50
51.455 244 0.16
51.46 22 0.56
51.46 23 -0.54
51.46 25 0.00
51.46 30 0.00
51.46 B1 5789.29 5799.01 
51.46 B3 5808.94 5819.05 
51.46 120 13 04 50
51.46 244 0.16
51.465 22 0.55
51.465 23 -0.53
51.465 25 0.00
51.465 30 0.00
51.465 B1 5789.31 5798.81 
51.465 B3 5809.15 5819.03 
51.465 120 13 04 50
51.465 244 0.16
51.47 22 0.54
51.47 23 -0.52
51.47 25 0.00
51.47 30 0.00
51.47 B1 5789.02 5798.30 
51.47 B3 5809.07 5818.73 
51.47 120 13 04 50
51.47 244 0.16
51.475 22 0.53
51.475 23 -0.51
51.475 25 0.00
51.475 30 0.00
51.475 B1 5789.84 5798.91 
51.475 B3 5809.97 5819.40 
51.475 120 13 04 50
51.475 244 0.16
51.48 22 0.52
51.48 23 -0.50
51.48 25 0.00
51.48 30 0.00
51.48 B1 5790.10 5798.96 
51.48 B3 5810.39 5819.61 
51.48 120 13 04 50
51.48 244 0.16
51.485 22 0.52
51.485 23 -0.49
51.485 25 0.00
51.485 30 0.00
51.485 B1 5789.98 5798.63 
51.485 B3 5810.48 5819.48 
51.485 120 13 04 50
51.485 244 0.17
51.49 22 0.51
51.49 23 -0.49
51.49 25 0.00
51.49 30 0.00
51.49 B1 5790.93 5799.38 
51.49 B3 5811.50 5820.31 
51.49 120 13 04 50
51.49 244 0.17
51.495 22 0.50
51.495 23 -0.48
51.495 25 0.00
51.495 30 0.00
51.495 B1 5791.29 5799.55 
51.495 B3 5812.04 5820.64 
51.495 120 13 04 50
51.495 244 0.17
51.5 22 0.49
51.5 23 -0.47
51.5 25 0.00
51.5 30 0.00
51.5 B1 5792.57 5800.64 
51.5 B3 5813.41 5821.81 
51.5 120 13 04 50
51.5 244 0.17
51.505 22 0.48
51.505 23 -0.45
51.505 25 0.00
51.505 30 0.00
51.505 B1 5793.17 5801.05 
51.505 B3 5814.20 5822.42 
51.505 120 13 04 50
51.505 244 0.17
51.51 22 0.48
51.51 23 -0.44
51.51 25 0.00
51.51 30 0.00
51.51 B1 5793.30 5801.01 
51.51 B3 5814.58 5822.61 
51.51 120 13 04 50
51.51 244 0.17
51.515 22 0.47
51.515 23 -0.44
51.515 25 0.00
51.515 30 0.00
51.515 B1 5794.45 5801.98 
51.515 B3 5815.85 5823.69 
51.515 120 13 04 50
51.515 244 0.18
51.52 22 0.46
51.52 23 -0.42
51.52 25 0.00
51.52 30 0.00
51.52 B1 5797.61 5804.96 
51.52 B3 5818.97 5826.64 
51.52 120 13 04 50
51.52 244 0.18
51.525 22 0.46
51.525 23 -0.40
51.525 25 0.00
51.525 30 0.00
51.525 B1 5799.50 5806.69 
51.525 B3 5821.08 5828.58 
51.525 120 13 04 50
51.525 244 0.18
51.53 22 0.45
51.53 23 -0.38
51.53 25 0.00
51.53 30 0.00
51.53 B1 5800.54 5807.57 
51.53 B3 5822.45 5829.79 
51.53 120 13 04 50
51.53 244 0.19
51.535 22 0.44
51.535 23 -0.37
51.535 25 0.00
51.535 30 0.00
51.535 B1 5802.33 5809.21 
51.535 B3 5824.48 5831.66 
51.535 120 13 04 50
51.535 244 0.19
51.54 22 0.43
51.54 23 -0.35
51.54 25 0.00
51.54 30 0.00
51.54 B1 5804.65 5811.36 
51.54 B3 5827.01 5834.02 
51.54 120 13 04 50
51.54 244 0.19
51.545 22 0.43
51.545 23 -0.33
51.545 25 0.00
51.545 30 0.00
51.545 B1 5806.00 5812.57 
51.545 B3 5828.71 5835.57 
51.545 120 13 04 50
51.545 244 0.19
51.55 22 0.42
51.55 23 -0.32
51.55 25 0.00
51.55 30 0.00
51.55 B1 5806.71 5813.13 
51.55 B3 5829.80 5836.51 
51.55 120 13 04 50
51.55 244 0.19
51.555 22 0.41
51.555 23 -0.31
51.555 25 0.00
51.555 30 0.00
51.555 B1 5807.00 5813.27 
51.555 B3 5830.46 5837.02 
51.555 120 13 04 50
51.555 244 0.19
51.56 22 0.41
51.56 23 -0.30
51.56 25 0.00
51.56 30 0.00
51.56 B1 5807.00 5813.13 
51.56 B3 5830.80 5837.21 
51.56 120 13 04 50
51.56 244 0.19
51.565 22 0.40
51.565 23 -0.30
51.565 25 0.00
51.565 30 0.00
51.565 B1 5806.82 5812.81 
51.565 B3 5830.90 5837.17 
51.565 120 13 04 50
51.565 244 0.19
51.57 22 0.39
51.57 23 -0.29
51.57 25 0.00
51.57 30 0.00
51.57 B1 5806.51 5812.36 
51.57 B3 5830.83 5836.96 
51.57 120 13 04 50
51.57 244 0.19
51.575 22 0.39
51.575 23 -0.29
51.575 25 0.00
51.575 30 0.00
51.575 B1 5806.11 5811.83 
51.575 B3 5830.63 5836.62 
51.575 120 13 04 50
51.575 244 0.19
51.58 22 0.38
51.58 23 -0.29
51.58 25 0.00
51.58 30 0.00
51.58 B1 5805.66 5811.25 
51.58 B3 5830.34 5836.20 
51.58 120 13 04 50
51.58 244 0.19
51.585 22 0.38
51.585 23 -0.29
51.585 25 0.00
51.585 30 0.00
51.585 B1 5805.18 5810.64 
51.585 B3 5829.99 5835.71 
51.585 120 13 04 50
51.585 244 0.19
51.59 22 0.37
51.59 23 -0.29
51.59 25 0.00
51.59 30 0.00
51.59 B1 5804.67 5810.00 
51.59 B3 5829.58 5835.17 
51.59 120 13 04 50
51.59 244 0.19
51.595 22 0.36
51.595 23 -0.28
51.595 25 0.00
51.595 30 0.00
51.595 B1 5804.14 5809.35 
51.595 B3 5829.13 5834.60 
51.595 120 13 04 50
51.595 244 0.19
51.6 22 0.36
51.6 23 -0.28
51.6 25 0.00
51.6 30 0.00
51.6 B1 5804.93 5810.02 
51.6 B3 5829.86 5835.20 
51.6 120 13 04 50
51.6 244 0.19
51.605 22 0.35
51.605 23 -0.28
51.605 25 0.00
51.605 30 0.00
51.605 B1 5805.28 5810.25 
51.605 B3 5830.25 5835.46 
51.605 120 13 04 50
51.605 244 0.19
51.61 22 0.35
51.61 23 -0.27
51.61 25 0.00
51.61 30 0.00
51.61 B1 5805.34 5810.19 
51.61 B3 5830.40 5835.49 
51.61 120 13 04 50
51.61 244 0.19
51.615 22 0.34
51.615 23 -0.27
51.615 25 0.00
51.615 30 0.00
51.615 B1 5805.20 5809.95 
51.615 B3 5830.37 5835.35 
51.615 120 13 04 50
51.615 244 0.19
51.62 22 0.34
51.62 23 -0.26
51.62 25 0.00
51.62 30 0.00
51.62 B1 5803.63 5808.26 
51.62 B3 5829.01 5833.88 
51.62 120 13 04 50
51.62 244 0.19
51.625 22 0.33
51.625 23 -0.27
51.625 25 0.00
51.625 30 0.00
51.625 B1 5803.71 5808.24 
51.625 B3 5829.07 5833.83 
51.625 120 13 04 50
51.625 244 0.19
51.63 22 0.32
51.63 23 -0.26
51.63 25 0.00
51.63 30 0.00
51.63 B1 5803.59 5808.02 
51.63 B3 5828.98 5833.63 
51.63 120 13 04 50
51.63 244 0.19
51.635 22 0.32
51.635 23 -0.26
51.635 25 0.00
51.635 30 0.00
51.635 B1 5803.34 5807.66 
51.635 B3 5828.77 5833.31 
51.635 120 13 04 50
51.635 244 0.19
51.64 22 0.31
51.64 23 -0.26
51.64 25 0.00
51.64 30 0.00
51.64 B1 5803.00 5807.23 
51.64 B3 5828.48 5832.92 
51.64 120 13 04 50
51.64 244 0.20
51.645 22 0.31
51.645 23 -0.26
51.645 25 0.00
51.645 30 0.00
51.645 B1 5805.25 5809.37 
51.645 B3 5830.52 5834.86 
51.645 120 13 04 50
51.645 244 0.20
51.65 22 0.30
51.65 23 -0.24
51.65 25 0.00
51.65 30 0.00
51.65 B1 5806.60 5810.63 
51.65 B3 5831.90 5836.14 
51.65 120 13 04 50
51.65 244 0.20
51.655 22 0.30
51.655 23 -0.23
51.655 25 0.00
51.655 30 0.00
51.655 B1 5807.35 5811.29 
51.655 B3 5832.78 5836.93 
51.655 120 13 04 50
51.655 244 0.20
51.66 22 0.29
51.66 23 -0.22
51.66 25 0.00
51.66 30 0.00
51.66 B1 5807.71 5811.56 
51.66 B3 5833.32 5837.37 
51.66 120 13 04 50
51.66 244 0.20
51.665 22 0.29
51.665 23 -0.21
51.665 25 0.00
51.665 30 0.00
51.665 B1 5807.81 5811.57 
51.665 B3 5833.59 5837.56 
51.665 120 13 04 50
51.665 244 0.20
51.67 22 0.28
51.67 23 -0.21
51.67 25 0.00
51.67 30 0.00
51.67 B1 5807.73 5811.41 
51.67 B3 5833.68 5837.56 
51.67 120 13 04 50
51.67 244 0.20
51.675 22 0.28
51.675 23 -0.21
51.675 25 0.00
51.675 30 0.00
51.675 B1 5807.54 5811.13 
51.675 B3 5833.64 5837.42 
51.675 120 13 04 50
51.675 244 0.20
51.68 22 0.27
51.68 23 -0.20
51.68 25 0.00
51.68 30 0.00
51.68 B1 5807.27 5810.78 
51.68 B3 5833.49 5837.19 
51.68 120 13 04 50
51.68 244 0.20
51.685 22 0.27
51.685 23 -0.20
51.685 25 0.00
51.685 30 0.00
51.685 B1 5806.95 5810.38 
51.685 B3 5833.27 5836.89 
51.685 120 13 04 50
51.685 244 0.20
51.69 22 0.27
51.69 23 -0.20
51.69 25 0.00
51.69 30 0.00
51.69 B1 5805.27 5808.63 
51.69 B3 5831.79 5835.33 
51.69 120 13 04 50
51.69 244 0.20
51.695 22 0.26
51.695 23 -0.21
51.695 25 0.00
51.695 30 0.00
51.695 B1 5805.32 5808.60 
51.695 B3 5831.79 5835.25 
51.695 120 13 04 50
51.695 244 0.20
51.7 22 0.26
51.7 23 -0.21
51.7 25 0.00
51.7 30 0.00
51.7 B1 5805.22 5808.42 
51.7 B3 5831.68 5835.06 
51.7 120 13 04 50
51.7 244 0.20
51.705 22 0.25
51.705 23 -0.20
51.705 25 0.00
51.705 30 0.00
51.705 B1 5805.01 5808.13 
51.705 B3 5831.48 5834.78 
51.705 120 13 04 50
51.705 244 0.20
51.71 22 0.25
51.71 23 -0.20
51.71 25 0.00
51.71 30 0.00
51.71 B1 5804.72 5807.78 
51.71 B3 5831.22 5834.45 
51.71 120 13 04 50
51.71 244 0.20
51.715 22 0.24
51.715 23 -0.20
51.715 25 0.00
51.715 30 0.00
51.715 B1 5804.39 5807.38 
51.715 B3 5830.92 5834.07 
51.715 120 13 04 50
51.715 244 0.20
51.72 22 0.24
51.72 23 -0.20
51.72 25 0.00
51.72 30 0.00
51.72 B1 5802.71 5805.63 
51.72 B3 5829.38 5832.46 
51.72 120 13 04 50
51.72 244 0.20
51.725 22 0.24
51.725 23 -0.21
51.725 25 0.00
51.725 30 0.00
51.725 B1 5801.44 5804.29 
51.725 B3 5828.14 5831.15 
51.725 120 13 04 50
51.725 244 0.20
51.73 22 0.23
51.73 23 -0.21
51.73 25 0.00
51.73 30 0.00
51.73 B1 5800.44 5803.23 
51.73 B3 5827.10 5830.05 
51.73 120 13 04 50
51.73 244 0.20
51.735 22 0.23
51.735 23 -0.22
51.735 25 0.00
51.735 30 0.00
51.735 B1 5799.62 5802.34 
51.735 B3 5826.22 5829.10 
51.735 120 13 04 50
51.735 244 0.20
51.74 22 0.22
51.74 23 -0.22
51.74 25 0.00
51.74 30 0.00
51.74 B1 5800.24 5802.89 
51.74 B3 5826.65 5829.45 
51.74 120 13 04 50
51.74 244 0.20
51.745 22 0.22
51.745 23 -0.21
51.745 25 0.00
51.745 30 0.00
51.745 B1 5800.50 5803.10 
51.745 B3 5826.84 5829.58 
51.745 120 13 04 50
51.745 244 0.20
51.75 22 0.22
51.75 23 -0.21
51.75 25 0.00
51.75 30 0.00
51.75 B1 5800.54 5803.08 
51.75 B3 5826.86 5829.54 
51.75 120 13 04 50
51.75 244 0.20
51.755 22 0.21
51.755 23 -0.21
51.755 25 0.00
51.755 30 0.00
51.755 B1 5800.42 5802.90 
51.755 B3 5826.76 5829.38 
51.755 120 13 04 50
51.755 244 0.20
51.76 22 0.21
51.76 23 -0.20
51.76 25 0.00
51.76 30 0.00
51.76 B1 5800.20 5802.62 
51.76 B3 5826.57 5829.13 
51.76 120 13 04 50
51.76 244 0.20
51.765 22 0.21
51.765 23 -0.20
51.765 25 0.00
51.765 30 0.00
51.765 B1 5801.23 5803.60 
51.765 B3 5827.51 5830.01 
51.765 120 13 04 50
51.765 244 0.21
51.77 22 0.20
51.77 23 -0.19
51.77 25 0.00
51.77 30 0.00
51.77 B1 5803.10 5805.42 
51.77 B3 5829.29 5831.73 
51.77 120 13 04 50
51.77 244 0.21
51.775 22 0.20
51.775 23 -0.18
51.775 25 0.00
51.775 30 0.00
51.775 B1 5804.24 5806.50 
51.775 B3 5830.49 5832.88 
51.775 120 13 04 50
51.775 244 0.21
51.78 22 0.19
51.78 23 -0.17
51.78 25 0.00
51.78 30 0.00
51.78 B1 5804.87 5807.09 
51.78 B3 5831.28 5833.62 
51.78 120 13 04 50
51.78 244 0.21
51.785 22 0.19
51.785 23 -0.16
51.785 25 0.00
51.785 30 0.00
51.785 B1 5806.50 5808.67 
51.785 B3 5832.96 5835.25 
51.785 120 13 04 50
51.785 244 0.21
51.79 22 0.19
51.79 23 -0.15
51.79 25 0.00
51.79 30 0.00
51.79 B1 5807.49 5809.60 
51.79 B3 5834.10 5836.34 
51.79 120 13 04 50
51.79 244 0.21
51.795 22 0.18
51.795 23 -0.14
51.795 25 0.00
51.795 30 0.00
51.795 B1 5808.04 5810.11 
51.795 B3 5834.86 5837.05 
51.795 120 13 04 50
51.795 244 0.21
51.8 22 0.18
51.8 23 -0.13
51.8 25 0.00
51.8 30 0.00
51.8 B1 5808.31 5810.34 
51.8 B3 5835.33 5837.48 
51.8 120 13 04 50
51.8 244 0.21
51.805 22 0.18
51.805 23 -0.13
51.805 25 0.00
51.805 30 0.00
51.805 B1 5808.40 5810.37 
51.805 B3 5835.60 5837.70 
51.805 120 13 04 50
51.805 244 0.21
51.81 22 0.18
51.81 23 -0.12
51.81 25 0.00
51.81 30 0.00
51.81 B1 5807.04 5808.97 
51.81 B3 5834.53 5836.58 
51.81 120 13 04 50
51.81 244 0.21
51.815 22 0.17
51.815 23 -0.13
51.815 25 0.00
51.815 30 0.00
51.815 B1 5806.02 5807.91 
51.815 B3 5833.66 5835.67 
51.815 120 13 04 50
51.815 244 0.21
51.82 22 0.17
51.82 23 -0.13
51.82 25 0.00
51.82 30 0.00
51.82 B1 5805.24 5807.08 
51.82 B3 5832.94 5834.90 
51.82 120 13 04 50
51.82 244 0.20
51.825 22 0.17
51.825 23 -0.14
51.825 25 0.00
51.825 30 0.00
51.825 B1 5803.29 5805.09 
51.825 B3 5831.13 5833.05 
51.825 120 13 04 50
51.825 244 0.20
51.83 22 0.16
51.83 23 -0.15
51.83 25 0.00
51.83 30 0.00
51.83 B1 5801.87 5803.63 
51.83 B3 5829.72 5831.58 
51.83 120 13 04 50
51.83 244 0.20
51.835 22 0.16
51.835 23 -0.15
51.835 25 0.00
51.835 30 0.00
51.835 B1 5799.48 5801.20 
51.835 B3 5827.38 5829.21 
51.835 120 13 04 50
51.835 244 0.20
51.84 22 0.16
51.84 23 -0.17
51.84 25 0.00
51.84 30 0.00
51.84 B1 5797.75 5799.43 
51.84 B3 5825.57 5827.35 
51.84 120 13 04 50
51.84 244 0.20
51.845 22 0.16
51.845 23 -0.18
51.845 25 0.00
51.845 30 0.00
51.845 B1 5795.14 5796.78 
51.845 B3 5822.94 5824.68 
51.845 120 13 04 50
51.845 244 0.20
51.85 22 0.15
51.85 23 -0.19
51.85 25 0.00
51.85 30 0.00
51.85 B1 5793.25 5794.85 
51.85 B3 5820.89 5822.59 
51.85 120 13 04 50
51.85 244 0.20
51.855 22 0.15
51.855 23 -0.20
51.855 25 0.00
51.855 30 0.00
51.855 B1 5791.84 5793.41 
51.855 B3 5819.27 5820.93 
51.855 120 13 04 50
51.855 244 0.19
51.86 22 0.15
51.86 23 -0.21
51.86 25 0.00
51.86 30 0.00
51.86 B1 5789.43 5790.96 
51.86 B3 5816.77 5818.39 
51.86 120 13 04 50
51.86 244 0.20
51.865 22 0.14
51.865 23 -0.22
51.865 25 0.00
51.865 30 0.00
51.865 B1 5788.98 5790.46 
51.865 B3 5815.99 5817.58 
51.865 120 13 04 50
51.865 244 0.19
51.87 22 0.14
51.87 23 -0.22
51.87 25 0.00
51.87 30 0.00
51.87 B1 5787.19 5788.65 
51.87 B3 5814.10 5815.65 
51.87 120 13 04 50
51.87 244 0.19
51.875 22 0.14
51.875 23 -0.23
51.875 25 0.00
51.875 30 0.00
51.875 B1 5785.83 5787.25 
51.875 B3 5812.58 5814.09 
51.875 120 13 04 50
51.875 244 0.19
51.88 22 0.14
51.88 23 -0.24
51.88 25 0.00
51.88 30 0.00
51.88 B1 5784.76 5786.14 
51.88 B3 5811.33 5812.80 
51.88 120 13 04 50
51.88 244 0.19
51.885 22 0.13
51.885 23 -0.24
51.885 25 0.00
51.885 30 0.00
51.885 B1 5783.87 5785.22 
51.885 B3 5810.27 5811.70 
51.885 120 13 04 50
51.885 244 0.19
51.89 22 0.13
51.89 23 -0.24
51.89 25 0.00
51.89 30 0.00
51.89 B1 5783.10 5784.42 
51.89 B3 5809.35 5810.75 
51.89 120 13 04 50
51.89 244 0.19
51.895 22 0.13
51.895 23 -0.24
51.895 25 0.00
51.895 30 0.00
51.895 B1 5782.41 5783.70 
51.895 B3 5808.53 5809.90 
51.895 120 13 04 50
51.895 244 0.19
51.9 22 0.13
51.9 23 -0.25
51.9 25 0.00
51.9 30 0.00
51.9 B1 5781.78 5783.04 
51.9 B3 5807.79 5809.13 
51.9 120 13 04 50
51.9 244 0.19
51.905 22 0.13
51.905 23 -0.25
51.905 25 0.00
51.905 30 0.00
51.905 B1 5779.86 5781.10 
51.905 B3 5805.92 5807.22 
51.905 120 13 04 50
51.905 244 0.19
51.91 22 0.12
51.91 23 -0.25
51.91 25 0.00
51.91 30 0.00
51.91 B1 5778.40 5779.60 
51.91 B3 5804.39 5805.67 
51.91 120 13 04 50
51.91 244 0.19
51.915 22 0.12
51.915 23 -0.26
51.915 25 0.00
51.915 30 0.00
51.915 B1 5777.24 5778.41 
51.915 B3 5803.12 5804.36 
51.915 120 13 04 50
51.915 244 0.19
51.92 22 0.12
51.92 23 -0.26
51.92 25 0.00
51.92 30 0.00
51.92 B1 5776.27 5777.42 
51.92 B3 5802.03 5803.25 
51.92 120 13 04 50
51.92 244 0.19
51.925 22 0.12
51.925 23 -0.27
51.925 25 0.00
51.925 30 0.00
51.925 B1 5775.43 5776.56 
51.925 B3 5801.08 5802.28 
51.925 120 13 04 50
51.925 244 0.19
51.93 22 0.11
51.93 23 -0.27
51.93 25 0.00
51.93 30 0.00
51.93 B1 5776.01 5777.10 
51.93 B3 5801.43 5802.59 
51.93 120 13 04 50
51.93 244 0.19
51.935 22 0.11
51.935 23 -0.26
51.935 25 0.00
51.935 30 0.00
51.935 B1 5776.21 5777.28 
51.935 B3 5801.53 5802.67 
51.935 120 13 04 50
51.935 244 0.19
51.94 22 0.11
51.94 23 -0.26
51.94 25 0.00
51.94 30 0.00
51.94 B1 5776.17 5777.21 
51.94 B3 5801.46 5802.57 
51.94 120 13 04 50
51.94 244 0.19
51.945 22 0.11
51.945 23 -0.25
51.945 25 0.00
51.945 30 0.00
51.945 B1 5775.96 5776.98 
51.945 B3 5801.27 5802.35 
51.945 120 13 04 50
51.945 244 0.19
51.95 22 0.11
51.95 23 -0.25
51.95 25 0.00
51.95 30 0.00
51.95 B1 5775.64 5776.64 
51.95 B3 5800.98 5802.04 
51.95 120 13 04 50
51.95 244 0.19
51.955 22 0.10
51.955 23 -0.25
51.955 25 0.00
51.955 30 0.00
51.955 B1 5775.25 5776.23 
51.955 B3 5800.62 5801.66 
51.955 120 13 04 50
51.955 244 0.19
51.96 22 0.10
51.96 23 -0.25
51.96 25 0.00
51.96 30 0.00
51.96 B1 5774.82 5775.77 
51.96 B3 5800.22 5801.23 
51.96 120 13 04 50
51.96 244 0.19
51.965 22 0.10
51.965 23 -0.25
51.965 25 0.00
51.965 30 0.00
51.965 B1 5774.35 5775.28 
51.965 B3 5799.78 5800.77 
51.965 120 13 04 50
51.965 244 0.19
51.97 22 0.10
51.97 23 -0.25
51.97 25 0.00
51.97 30 0.00
51.97 B1 5773.86 5774.77 
51.97 B3 5799.32 5800.28 
51.97 120 13 04 50
51.97 244 0.19
51.975 22 0.10
51.975 23 -0.25
51.975 25 0.00
51.975 30 0.00
51.975 B1 5773.36 5774.25 
51.975 B3 5798.83 5799.78 
51.975 120 13 04 50
51.975 244 0.19
51.98 22 0.10
51.98 23 -0.25
51.98 25 0.00
51.98 30 0.00
51.98 B1 5772.85 5773.71 
51.98 B3 5798.34 5799.26 
51.98 120 13 04 50
51.98 244 0.19
51.985 22 0.09
51.985 23 -0.25
51.985 25 0.00
51.985 30 0.00
51.985 B1 5772.33 5773.18 
51.985 B3 5797.83 5798.73 
51.985 120 13 04 50
51.985 244 0.19
51.99 22 0.09
51.99 23 -0.25
51.99 25 0.00
51.99 30 0.00
51.99 B1 5770.49 5771.31 
51.99 B3 5796.12 5797.00 
51.99 120 13 04 50
51.99 244 0.19
51.995 22 0.09
51.995 23 -0.25
51.995 25 0.00
51.995 30 0.00
51.995 B1 5770.39 5771.20 
51.995 B3 5795.92 5796.78 
51.995 120 13 04 50
51.995 244 0.19
52 22 0.09
52 23 -0.25
52 25 0.00
52 30 0.00
52 B1 5770.15 5770.94 
52 B3 5795.62 5796.46 
52 120 13 04 50
52 244 0.19
52.005 22 0.09
52.005 23 -0.25
52.005 25 0.00
52.005 30 0.00
52.005 B1 5769.81 5770.58 
52.005 B3 5795.26 5796.08 
52.005 120 13 04 50
52.005 244 0.19
52.01 22 0.09
52.01 23 -0.25
52.01 25 0.00
52.01 30 0.00
52.01 B1 5769.41 5770.16 
52.01 B3 5794.86 5795.66 
52.01 120 13 04 50
52.01 244 0.19
52.015 22 0.08
52.015 23 -0.25
52.015 25 0.00
52.015 30 0.00
52.015 B1 5768.96 5769.70 
52.015 B3 5794.42 5795.20 
52.015 120 13 04 50
52.015 244 0.19
52.02 22 0.08
52.02 23 -0.25
52.02 25 0.00
52.02 30 0.00
52.02 B1 5768.49 5769.21 
52.02 B3 5793.95 5794.72 
52.02 120 13 04 50
52.02 244 0.19
52.025 22 0.08
52.025 23 -0.25
52.025 25 0.00
52.025 30 0.00
52.025 B1 5767.99 5768.70 
52.025 B3 5793.47 5794.22 
52.025 120 13 04 50
52.025 244 0.19
52.03 22 0.08
52.03 23 -0.25
52.03 25 0.00
52.03 30 0.00
52.03 B1 5767.49 5768.17 
52.03 B3 5792.97 5793.70 
52.03 120 13 04 50
52.03 244 0.19
52.035 22 0.08
52.035 23 -0.24
52.035 25 0.00
52.035 30 0.00
52.035 B1 5766.97 5767.64 
52.035 B3 5792.47 5793.18 
52.035 120 13 04 50
52.035 244 0.19
52.04 22 0.08
52.04 23 -0.24
52.04 25 0.00
52.04 30 0.00
52.04 B1 5766.46 5767.11 
52.04 B3 5791.96 5792.65 
52.04 120 13 04 50
52.04 244 0.19
52.045 22 0.08
52.045 23 -0.24
52.045 25 0.00
52.045 30 0.00
52.045 B1 5765.93 5766.57 
52.045 B3 5791.44 5792.12 
52.045 120 13 04 50
52.045 244 0.19
52.05 22 0.07
52.05 23 -0.24
52.05 25 0.00
52.05 30 0.00
52.05 B1 5765.41 5766.03 
52.05 B3 5790.92 5791.58 
52.05 120 13 04 50
52.05 244 0.19
52.055 22 0.07
52.055 23 -0.24
52.055 25 0.00
52.055 30 0.00
52.055 B1 5764.88 5765.49 
52.055 B3 5790.40 5791.05 
52.055 120 13 04 50
52.055 244 0.19
52.06 22 0.07
52.06 23 -0.24
52.06 25 0.00
52.06 30 0.00
52.06 B1 5764.36 5764.95 
52.06 B3 5789.87 5790.51 
52.06 120 13 04 50
52.06 244 0.19
52.065 22 0.07
52.065 23 -0.24
52.065 25 0.00
52.065 30 0.00
52.065 B1 5763.83 5764.41 
52.065 B3 5789.34 5789.97 
52.065 120 13 04 50
52.065 244 0.19
52.07 22 0.07
52.07 23 -0.24
52.07 25 0.00
52.07 30 0.00
52.07 B1 5763.30 5763.87 
52.07 B3 5788.82 5789.43 
52.07 120 13 04 50
52.07 244 0.19
52.075 22 0.07
52.075 23 -0.24
52.075 25 0.00
52.075 30 0.00
52.075 B1 5762.77 5763.33 
52.075 B3 5788.29 5788.88 
52.075 120 13 04 50
52.075 244 0.19
52.08 22 0.07
52.08 23 -0.24
52.08 25 0.00
52.08 30 0.00
52.08 B1 5762.24 5762.79 
52.08 B3 5787.76 5788.34 
52.08 120 13 04 50
52.08 244 0.19
52.085 22 0.07
52.085 23 -0.24
52.085 25 0.00
52.085 30 0.00
52.085 B1 5761.71 5762.24 
52.085 B3 5787.23 5787.80 
52.085 120 13 04 50
52.085 244 0.19
52.09 22 0.06
52.09 23 -0.24
52.09 25 0.00
52.09 30 0.00
52.09 B1 5761.19 5761.70 
52.09 B3 5786.71 5787.26 
52.09 120 13 04 50
52.09 244 0.19
52.095 22 0.06
52.095 23 -0.24
52.095 25 0.00
52.095 30 0.00
52.095 B1 5760.66 5761.16 
52.095 B3 5786.18 5786.72 
52.095 120 13 04 50
52.095 244 0.19
52.1 22 0.06
52.1 23 -0.24
52.1 25 0.00
52.1 30 0.00
52.1 B1 5760.13 5760.62 
52.1 B3 5785.65 5786.18 
52.1 120 13 04 50
52.1 244 0.19
52.105 22 0.06
52.105 23 -0.24
52.105 25 0.00
52.105 30 0.00
52.105 B1 5759.60 5760.08 
52.105 B3 5785.12 5785.64 
52.105 120 13 04 50
52.105 244 0.19
52.11 22 0.06
52.11 23 -0.24
52.11 25 0.00
52.11 30 0.00
52.11 B1 5759.07 5759.54 
52.11 B3 5784.59 5785.10 
52.11 120 13 04 50
52.11 244 0.19
52.115 22 0.06
52.115 23 -0.24
52.115 25 0.00
52.115 30 0.00
52.115 B1 5758.54 5759.00 
52.115 B3 5784.07 5784.56 
52.115 120 13 04 50
52.115 244 0.19
52.12 22 0.06
52.12 23 -0.24
52.12 25 0.00
52.12 30 0.00
52.12 B1 5758.02 5758.47 
52.12 B3 5783.54 5784.02 
52.12 120 13 04 50
52.12 244 0.19
52.125 22 0.06
52.125 23 -0.24
52.125 25 0.00
52.125 30 0.00
52.125 B1 5757.49 5757.93 
52.125 B3 5783.01 5783.48 
52.125 120 13 04 50
52.125 244 0.19
52.13 22 0.06
52.13 23 -0.24
52.13 25 0.00
52.13 30 0.00
52.13 B1 5756.96 5757.39 
52.13 B3 5782.48 5782.94 
52.13 120 13 04 50
52.13 244 0.19
52.135 22 0.05
52.135 23 -0.24
52.135 25 0.00
52.135 30 0.00
52.135 B1 5756.44 5756.85 
52.135 B3 5781.95 5782.40 
52.135 120 13 04 50
52.135 244 0.19
52.14 22 0.05
52.14 23 -0.24
52.14 25 0.00
52.14 30 0.00
52.14 B1 5754.59 5755.00 
52.14 B3 5780.23 5780.66 
52.14 120 13 04 50
52.14 244 0.19
52.145 22 0.05
52.145 23 -0.25
52.145 25 0.00
52.145 30 0.00
52.145 B1 5753.17 5753.57 
52.145 B3 5778.82 5779.25 
52.145 120 13 04 50
52.145 244 0.19
52.15 22 0.05
52.15 23 -0.26
52.15 25 0.00
52.15 30 0.00
52.15 B1 5753.36 5753.75 
52.15 B3 5778.83 5779.25 
52.15 120 13 04 50
52.15 244 0.19
52.155 22 0.05
52.155 23 -0.25
52.155 25 0.00
52.155 30 0.00
52.155 B1 5753.31 5753.69 
52.155 B3 5778.70 5779.11 
52.155 120 13 04 50
52.155 244 0.19
52.16 22 0.05
52.16 23 -0.25
52.16 25 0.00
52.16 30 0.00
52.16 B1 5751.77 5752.15 
52.16 B3 5777.26 5777.66 
52.16 120 13 04 50
52.16 244 0.19
52.165 22 0.05
52.165 23 -0.25
52.165 25 0.00
52.165 30 0.00
52.165 B1 5750.57 5750.93 
52.165 B3 5776.06 5776.45 
52.165 120 13 04 50
52.165 244 0.19
52.17 22 0.05
52.17 23 -0.26
52.17 25 0.00
52.17 30 0.00
52.17 B1 5749.57 5749.93 
52.17 B3 5775.03 5775.40 
52.17 120 13 04 50
52.17 244 0.19
52.175 22 0.05
52.175 23 -0.26
52.175 25 0.00
52.175 30 0.00
52.175 B1 5747.40 5747.75 
52.175 B3 5772.92 5773.29 
52.175 120 13 04 50
52.175 244 0.19
52.18 22 0.05
52.18 23 -0.27
52.18 25 0.00
52.18 30 0.00
52.18 B1 5745.75 5746.09 
52.18 B3 5771.22 5771.59 
52.18 120 13 04 50
52.18 244 0.18
52.185 22 0.04
52.185 23 -0.28
52.185 25 0.00
52.185 30 0.00
52.185 B1 5743.13 5743.46 
52.185 B3 5768.62 5768.97 
52.185 120 13 04 50
52.185 244 0.18
52.19 22 0.04
52.19 23 -0.29
52.19 25 0.00
52.19 30 0.00
52.19 B1 5741.17 5741.50 
52.19 B3 5766.55 5766.89 
52.19 120 13 04 50
52.19 244 0.18
52.195 22 0.04
52.195 23 -0.30
52.195 25 0.00
52.195 30 0.00
52.195 B1 5739.65 5739.97 
52.195 B3 5764.85 5765.19 
52.195 120 13 04 50
52.195 244 0.19
52.2 22 0.04
52.2 23 -0.31
52.2 25 0.00
52.2 30 0.00
52.2 B1 5739.74 5740.05 
52.2 B3 5764.63 5764.96 
52.2 120 13 04 50
52.2 244 0.19
52.205 22 0.04
52.205 23 -0.30
52.205 25 0.00
52.205 30 0.00
52.205 B1 5739.59 5739.89 
52.205 B3 5764.30 5764.62 
52.205 120 13 04 50
52.205 244 0.19
52.21 22 0.04
52.21 23 -0.30
52.21 25 0.00
52.21 30 0.00
52.21 B1 5739.28 5739.57 
52.21 B3 5763.89 5764.20 
52.21 120 13 04 50
52.21 244 0.19
52.215 22 0.04
52.215 23 -0.30
52.215 25 0.00
52.215 30 0.00
52.215 B1 5738.87 5739.15 
52.215 B3 5763.41 5763.72 
52.215 120 13 04 50
52.215 244 0.19
52.22 22 0.04
52.22 23 -0.30
52.22 25 0.00
52.22 30 0.00
52.22 B1 5738.39 5738.66 
52.22 B3 5762.90 5763.20 
52.22 120 13 04 50
52.22 244 0.19
52.225 22 0.04
52.225 23 -0.29
52.225 25 0.00
52.225 30 0.00
52.225 B1 5737.86 5738.13 
52.225 B3 5762.35 5762.64 
52.225 120 13 04 50
52.225 244 0.19
52.23 22 0.04
52.23 23 -0.29
52.23 25 0.00
52.23 30 0.00
52.23 B1 5737.30 5737.56 
52.23 B3 5761.79 5762.07 
52.23 120 13 04 50
52.23 244 0.19
52.235 22 0.04
52.235 23 -0.29
52.235 25 0.00
52.235 30 0.00
52.235 B1 5736.72 5736.98 
52.235 B3 5761.20 5761.48 
52.235 120 13 04 50
52.235 244 0.19
52.24 22 0.04
52.24 23 -0.29
52.24 25 0.00
52.24 30 0.00
52.24 B1 5736.12 5736.38 
52.24 B3 5760.61 5760.88 
52.24 120 13 04 50
52.24 244 0.19
52.245 22 0.04
52.245 23 -0.29
52.245 25 0.00
52.245 30 0.00
52.245 B1 5735.52 5735.77 
52.245 B3 5760.01 5760.27 
52.245 120 13 04 50
52.245 244 0.19
52.25 22 0.04
52.25 23 -0.29
52.25 25 0.00
52.25 30 0.00
52.25 B1 5734.91 5735.15 
52.25 B3 5759.40 5759.66 
52.25 120 13 04 50
52.25 244 0.19
52.255 22 0.03
52.255 23 -0.29
52.255 25 0.00
52.255 30 0.00
52.255 B1 5734.30 5734.54 
52.255 B3 5758.79 5759.04 
52.255 120 13 04 50
52.255 244 0.19
52.26 22 0.03
52.26 23 -0.29
52.26 25 0.00
52.26 30 0.00
52.26 B1 5733.69 5733.92 
52.26 B3 5758.17 5758.42 
52.26 120 13 04 50
52.26 244 0.18
52.265 22 0.03
52.265 23 -0.29
52.265 25 0.00
52.265 30 0.00
52.265 B1 5731.75 5731.98 
52.265 B3 5756.36 5756.60 
52.265 120 13 04 50
52.265 244 0.18
52.27 22 0.03
52.27 23 -0.30
52.27 25 0.00
52.27 30 0.00
52.27 B1 5730.25 5730.47 
52.27 B3 5754.86 5755.10 
52.27 120 13 04 50
52.27 244 0.18
52.275 22 0.03
52.275 23 -0.30
52.275 25 0.00
52.275 30 0.00
52.275 B1 5729.03 5729.24 
52.275 B3 5753.59 5753.82 
52.275 120 13 04 50
52.275 244 0.19
52.28 22 0.03
52.28 23 -0.31
52.28 25 0.00
52.28 30 0.00
52.28 B1 5729.31 5729.52 
52.28 B3 5753.68 5753.90 
52.28 120 13 04 50
52.28 244 0.18
52.285 22 0.03
52.285 23 -0.30
52.285 25 0.00
52.285 30 0.00
52.285 B1 5727.97 5728.18 
52.285 B3 5752.37 5752.59 
52.285 120 13 04 50
52.285 244 0.18
52.29 22 0.03
52.29 23 -0.31
52.29 25 0.00
52.29 30 0.00
52.29 B1 5726.86 5727.06 
52.29 B3 5751.24 5751.46 
52.29 120 13 04 50
52.29 244 0.18
52.295 22 0.03
52.295 23 -0.31
52.295 25 0.00
52.295 30 0.00
52.295 B1 5725.90 5726.10 
52.295 B3 5750.24 5750.45 
52.295 120 13 04 50
52.295 244 0.18
52.3 22 0.03
52.3 23 -0.31
52.3 25 0.00
52.3 30 0.00
52.3 B1 5725.04 5725.23 
52.3 B3 5749.33 5749.53 
52.3 120 13 04 50
52.3 244 0.18
52.305 22 0.03
52.305 23 -0.31
52.305 25 0.00
52.305 30 0.00
52.305 B1 5722.93 5723.12 
52.305 B3 5747.29 5747.48 
52.305 120 13 04 50
52.305 244 0.18
52.31 22 0.03
52.31 23 -0.32
52.31 25 0.00
52.31 30 0.00
52.31 B1 5721.29 5721.47 
52.31 B3 5745.61 5745.80 
52.31 120 13 04 50
52.31 244 0.18
52.315 22 0.03
52.315 23 -0.33
52.315 25 0.00
52.315 30 0.00
52.315 B1 5719.97 5720.14 
52.315 B3 5744.19 5744.38 
52.315 120 13 04 50
52.315 244 0.17
52.32 22 0.03
52.32 23 -0.33
52.32 25 0.00
52.32 30 0.00
52.32 B1 5717.53 5717.70 
52.32 B3 5741.77 5741.95 
52.32 120 13 04 50
52.32 244 0.17
52.325 22 0.03
52.325 23 -0.34
52.325 25 0.00
52.325 30 0.00
52.325 B1 5715.66 5715.83 
52.325 B3 5739.80 5739.98 
52.325 120 13 04 50
52.325 244 0.17
52.33 22 0.03
52.33 23 -0.35
52.33 25 0.00
52.33 30 0.00
52.33 B1 5712.85 5713.01 
52.33 B3 5736.96 5737.14 
52.33 120 13 04 50
52.33 244 0.17
52.335 22 0.03
52.335 23 -0.36
52.335 25 0.00
52.335 30 0.00
52.335 B1 5710.72 5710.88 
52.335 B3 5734.68 5734.85 
52.335 120 13 04 50
52.335 244 0.17
52.34 22 0.02
52.34 23 -0.37
52.34 25 0.00
52.34 30 0.00
52.34 B1 5709.03 5709.19 
52.34 B3 5732.80 5732.97 
52.34 120 13 04 50
52.34 244 0.17
52.345 22 0.02
52.345 23 -0.38
52.345 25 0.00
52.345 30 0.00
52.345 B1 5707.65 5707.80 
52.345 B3 5731.21 5731.37 
52.345 120 13 04 50
52.345 244 0.17
52.35 22 0.02
52.35 23 -0.38
52.35 25 0.00
52.35 30 0.00
52.35 B1 5705.14 5705.28 
52.35 B3 5728.63 5728.79 
52.35 120 13 04 50
52.35 244 0.17
52.355 22 0.02
52.355 23 -0.40
52.355 25 0.00
52.355 30 0.00
52.355 B1 5703.19 5703.33 
52.355 B3 5726.52 5726.68 
52.355 120 13 04 50
52.355 244 0.17
52.36 22 0.02
52.36 23 -0.40
52.36 25 0.00
52.36 30 0.00
52.36 B1 5701.61 5701.75 
52.36 B3 5724.75 5724.90 
52.36 120 13 04 50
52.36 244 0.17
52.365 22 0.02
52.365 23 -0.41
52.365 25 0.00
52.365 30 0.00
52.365 B1 5700.28 5700.42 
52.365 B3 5723.23 5723.38 
52.365 120 13 04 50
52.365 244 0.17
52.37 22 0.02
52.37 23 -0.41
52.37 25 0.00
52.37 30 0.00
52.37 B1 5699.11 5699.24 
52.37 B3 5721.89 5722.03 
52.37 120 13 04 50
52.37 244 0.16
52.375 22 0.02
52.375 23 -0.41
52.375 25 0.00
52.375 30 0.00
52.375 B1 5696.73 5696.86 
52.375 B3 5719.48 5719.62 
52.375 120 13 04 50
52.375 244 0.16
52.38 22 0.02
52.38 23 -0.42
52.38 25 0.00
52.38 30 0.00
52.38 B1 5694.84 5694.97 
52.38 B3 5717.48 5717.62 
52.38 120 13 04 50
52.38 244 0.16
52.385 22 0.02
52.385 23 -0.43
52.385 25 0.00
52.385 30 0.00
52.385 B1 5693.29 5693.42 
52.385 B3 5715.77 5715.91 
52.385 120 13 04 50
52.385 244 0.16
52.39 22 0.02
52.39 23 -0.43
52.39 25 0.00
52.39 30 0.00
52.39 B1 5691.97 5692.09 
52.39 B3 5714.29 5714.42 
52.39 120 13 04 50
52.39 244 0.16
52.395 22 0.02
52.395 23 -0.44
52.395 25 0.00
52.395 30 0.00
52.395 B1 5690.78 5690.90 
52.395 B3 5712.96 5713.08 
52.395 120 13 04 50
52.395 244 0.15
52.4 22 0.02
52.4 23 -0.44
52.4 25 0.00
52.4 30 0.00
52.4 B1 5687.05 5687.17 
52.4 B3 5709.35 5709.47 
52.4 120 13 04 50
52.4 244 0.15
52.405 22 0.02
52.405 23 -0.46
52.405 25 0.00
52.405 30 0.00
52.405 B1 5682.93 5683.04 
52.405 B3 5705.26 5705.38 
52.405 120 13 04 50
52.405 244 0.15
52.41 22 0.02
52.41 23 -0.48
52.41 25 0.00
52.41 30 0.00
52.41 B1 5678.52 5678.63 
52.41 B3 5700.80 5700.92 
52.41 120 13 04 50
52.41 244 0.14
52.415 22 0.02
52.415 23 -0.50
52.415 25 0.00
52.415 30 0.00
52.415 B1 5673.92 5674.02 
52.415 B3 5696.06 5696.17 
52.415 120 13 04 50
52.415 244 0.14
52.42 22 0.02
52.42 23 -0.52
52.42 25 0.00
52.42 30 0.00
52.42 B1 5670.48 5670.58 
52.42 B3 5692.29 5692.41 
52.42 120 13 04 50
52.42 244 0.13
52.425 22 0.02
52.425 23 -0.54
52.425 25 0.00
52.425 30 0.00
52.425 B1 5663.86 5663.96 
52.425 B3 5685.66 5685.76 
52.425 120 13 04 50
52.425 244 0.13
52.43 22 0.02
52.43 23 -0.58
52.43 25 0.00
52.43 30 0.00
52.43 B1 5659.03 5659.13 
52.43 B3 5680.47 5680.57 
52.43 120 13 04 50
52.43 244 0.13
52.435 22 0.02
52.435 23 -0.60
52.435 25 0.00
52.435 30 0.00
52.435 B1 5655.40 5655.50 
52.435 B3 5676.34 5676.44 
52.435 120 13 04 50
52.435 244 0.13
52.44 22 0.02
52.44 23 -0.62
52.44 25 0.00
52.44 30 0.00
52.44 B1 5651.25 5651.34 
52.44 B3 5671.78 5671.88 
52.44 120 13 04 50
52.44 244 0.13
52.445 22 0.02
52.445 23 -0.64
52.445 25 0.00
52.445 30 0.00
52.445 B1 5648.04 5648.13 
52.445 B3 5668.09 5668.18 
52.445 120 13 04 50
52.445 244 0.12
52.45 22 0.02
52.45 23 -0.65
52.45 25 0.00
52.45 30 0.00
52.45 B1 5644.15 5644.24 
52.45 B3 5663.84 5663.93 
52.45 120 13 04 50
52.45 244 0.12
52.455 22 0.02
52.455 23 -0.67
52.455 25 0.00
52.455 30 0.00
52.455 B1 5641.10 5641.19 
52.455 B3 5660.36 5660.45 
52.455 120 13 04 50
52.455 244 0.11
52.46 22 0.02
52.46 23 -0.68
52.46 25 0.00
52.46 30 0.00
52.46 B1 5635.97 5636.06 
52.46 B3 5655.05 5655.14 
52.46 120 13 04 50
52.46 244 0.09
52.465 22 0.02
52.465 23 -0.71
52.465 25 0.00
52.465 30 0.00
52.465 B1 5625.47 5625.55 
52.465 B3 5644.80 5644.89 
52.465 120 13 04 50
52.465 244 0.09
52.47 22 0.02
52.47 23 -0.76
52.47 25 0.00
52.47 30 0.00
52.47 B1 5617.91 5617.99 
52.47 B3 5636.86 5636.94 
52.47 120 13 04 50
52.47 244 0.09
52.475 22 0.01
52.475 23 -0.80
52.475 25 0.00
52.475 30 0.00
52.475 B1 5612.30 5612.38 
52.475 B3 5630.59 5630.67 
52.475 120 13 04 50
52.475 244 0.09
52.48 22 0.01
52.48 23 -0.83
52.48 25 0.00
52.48 30 0.00
52.48 B1 5608.00 5608.07 
52.48 B3 5625.54 5625.62 
52.48 120 13 04 50
52.48 244 0.08
52.485 22 0.01
52.485 23 -0.85
52.485 25 0.00
52.485 30 0.00
52.485 B1 5599.28 5599.35 
52.485 B3 5616.60 5616.68 
52.485 120 13 04 50
52.485 244 0.08
52.49 22 0.01
52.49 23 -0.89
52.49 25 0.00
52.49 30 0.00
52.49 B1 5592.83 5592.90 
52.49 B3 5609.55 5609.62 
52.49 120 13 04 50
52.49 244 0.07
52.495 22 0.01
52.495 23 -0.93
52.495 25 0.00
52.495 30 0.00
52.495 B1 5583.94 5584.00 
52.495 B3 5600.29 5600.36 
52.495 120 13 04 50
52.495 244 0.06
52.5 22 0.01
52.5 23 -0.97
52.5 25 0.00
52.5 30 0.00
52.5 B1 5573.35 5573.42 
52.5 B3 5589.36 5589.43 
52.5 120 13 04 50
52.5 244 0.06
52.505 22 0.01
52.505 23 -1.03
52.505 25 0.00
52.505 30 0.00
52.505 B1 5565.54 5565.60 
52.505 B3 5580.77 5580.84 
52.505 120 13 04 50
52.505 244 0.03
52.51 22 0.01
52.51 23 -1.07
52.51 25 0.00
52.51 30 0.00
52.51 B1 5551.67 5551.73 
52.51 B3 5566.70 5566.77 
52.51 120 13 04 50
52.51 244 0.03
52.515 22 0.01
52.515 23 -1.14
52.515 25 0.00
52.515 30 0.00
52.515 B1 5541.54 5541.60 
52.515 B3 5555.71 5555.77 
52.515 120 13 04 50
52.515 244 0.03
52.52 22 0.01
52.52 23 -1.19
52.52 25 0.00
52.52 30 0.00
52.52 B1 5532.60 5532.66 
52.52 B3 5545.77 5545.83 
52.52 120 13 04 50
52.52 244 0.02
52.525 22 0.01
52.525 23 -1.24
52.525 25 0.00
52.525 30 0.00
52.525 B1 5524.44 5524.50 
52.525 B3 5536.59 5536.65 
52.525 120 13 04 50
52.525 244 0.02
52.53 22 0.01
52.53 23 -1.28
52.53 25 0.00
52.53 30 0.00
52.53 B1 5516.79 5516.84 
52.53 B3 5527.94 5528.00 
52.53 120 13 04 50
52.53 244 0.02
52.535 22 0.01
52.535 23 -1.31
52.535 25 0.00
52.535 30 0.00
52.535 B1 5510.78 5510.83 
52.535 B3 5520.88 5520.93 
52.535 120 13 04 50
52.535 244 0.02
52.54 22 0.01
52.54 23 -1.34
52.54 25 0.00
52.54 30 0.00
52.54 B1 5505.88 5505.93 
52.54 B3 5514.97 5515.03 
52.54 120 13 04 50
52.54 244 0.02
52.545 22 0.01
52.545 23 -1.35
52.545 25 0.00
52.545 30 0.00
52.545 B1 5501.74 5501.78 
52.545 B3 5509.93 5509.98 
52.545 120 13 04 50
52.545 244 0.02
52.55 22 0.01
52.55 23 -1.37
52.55 25 0.00
52.55 30 0.00
52.55 B1 5498.10 5498.14 
52.55 B3 5505.52 5505.57 
52.55 120 13 04 50
52.55 244 0.02
52.555 22 0.01
52.555 23 -1.37
52.555 25 0.00
52.555 30 0.00
52.555 B1 5496.12 5496.17 
52.555 B3 5502.77 5502.82 
52.555 120 13 04 50
52.555 244 0.02
52.56 22 0.01
52.56 23 -1.37
52.56 25 0.00
52.56 30 0.00
52.56 B1 5493.97 5494.01 
52.56 B3 5500.07 5500.12 
52.56 120 13 04 50
52.56 244 0.03
52.565 22 0.01
52.565 23 -1.37
52.565 25 0.00
52.565 30 0.00
52.565 B1 5493.01 5493.05 
52.565 B3 5498.61 5498.65 
52.565 120 13 04 50
52.565 244 0.03
52.57 22 0.01
52.57 23 -1.36
52.57 25 0.00
52.57 30 0.00
52.57 B1 5491.56 5491.60 
52.57 B3 5496.87 5496.91 
52.57 120 13 04 50
52.57 244 0.03
52.575 22 0.01
52.575 23 -1.35
52.575 25 0.00
52.575 30 0.00
52.575 B1 5489.77 5489.81 
52.575 B3 5494.93 5494.97 
52.575 120 13 04 50
52.575 244 0.03
52.58 22 0.01
52.58 23 -1.35
52.58 25 0.00
52.58 30 0.00
52.58 B1 5487.76 5487.80 
52.58 B3 5492.85 5492.89 
52.58 120 13 04 50
52.58 244 0.03
52.585 22 0.01
52.585 23 -1.34
52.585 25 0.00
52.585 30 0.00
52.585 B1 5486.91 5486.95 
52.585 B3 5491.85 5491.89 
52.585 120 13 04 50
52.585 244 0.03
52.59 22 0.01
52.59 23 -1.33
52.59 25 0.00
52.59 30 0.00
52.59 B1 5485.55 5485.59 
52.59 B3 5490.47 5490.51 
52.59 120 13 04 50
52.59 244 0.03
52.595 22 0.01
52.595 23 -1.33
52.595 25 0.00
52.595 30 0.00
52.595 B1 5483.84 5483.87 
52.595 B3 5488.82 5488.85 
52.595 120 13 04 50
52.595 244 0.03
52.6 22 0.01
52.6 23 -1.32
52.6 25 0.00
52.6 30 0.00
52.6 B1 5481.89 5481.92 
52.6 B3 5486.95 5486.99 
52.6 120 13 04 50
52.6 244 0.03
52.605 22 0.01
52.605 23 -1.32
52.605 25 0.00
52.605 30 0.00
52.605 B1 5479.78 5479.81 
52.605 B3 5484.94 5484.97 
52.605 120 13 04 50
52.605 244 0.04
52.61 22 0.01
52.61 23 -1.31
52.61 25 0.00
52.61 30 0.00
52.61 B1 5480.20 5480.23 
52.61 B3 5485.20 5485.24 
52.61 120 13 04 50
52.61 244 0.04
52.615 22 0.01
52.615 23 -1.29
52.615 25 0.00
52.615 30 0.00
52.615 B1 5479.72 5479.76 
52.615 B3 5484.78 5484.81 
52.615 120 13 04 50
52.615 244 0.04
52.62 22 0.01
52.62 23 -1.28
52.62 25 0.00
52.62 30 0.00
52.62 B1 5478.64 5478.67 
52.62 B3 5483.85 5483.88 
52.62 120 13 04 50
52.62 244 0.04
52.625 22 0.01
52.625 23 -1.27
52.625 25 0.00
52.625 30 0.00
52.625 B1 5477.14 5477.17 
52.625 B3 5482.55 5482.58 
52.625 120 13 04 50
52.625 244 0.04
52.63 22 0.01
52.63 23 -1.27
52.63 25 0.00
52.63 30 0.00
52.63 B1 5476.69 5476.72 
52.63 B3 5482.16 5482.20 
52.63 120 13 04 50
52.63 244 0.04
52.635 22 0.01
52.635 23 -1.25
52.635 25 0.00
52.635 30 0.00
52.635 B1 5475.63 5475.66 
52.635 B3 5481.28 5481.31 
52.635 120 13 04 50
52.635 244 0.05
52.64 22 0.01
52.64 23 -1.24
52.64 25 0.00
52.64 30 0.00
52.64 B1 5475.49 5475.52 
52.64 B3 5481.22 5481.25 
52.64 120 13 04 50
52.64 244 0.05
52.645 22 0.01
52.645 23 -1.23
52.645 25 0.00
52.645 30 0.00
52.645 B1 5474.66 5474.69 
52.645 B3 5480.58 5480.61 
52.645 120 13 04 50
52.645 244 0.06
52.65 22 0.01
52.65 23 -1.22
52.65 25 0.00
52.65 30 0.00
52.65 B1 5476.01 5476.03 
52.65 B3 5481.90 5481.93 
52.65 120 13 04 50
52.65 244 0.06
52.655 22 0.01
52.655 23 -1.19
52.655 25 0.00
52.655 30 0.00
52.655 B1 5477.52 5477.55 
52.655 B3 5483.50 5483.53 
52.655 120 13 04 50
52.655 244 0.06
52.66 22 0.01
52.66 23 -1.17
52.66 25 0.00
52.66 30 0.00
52.66 B1 5477.85 5477.88 
52.66 B3 5484.12 5484.14 
52.66 120 13 04 50
52.66 244 0.06
52.665 22 0.01
52.665 23 -1.15
52.665 25 0.00
52.665 30 0.00
52.665 B1 5477.37 5477.40 
52.665 B3 5484.01 5484.03 
52.665 120 13 04 50
52.665 244 0.06
52.67 22 0.01
52.67 23 -1.14
52.67 25 0.00
52.67 30 0.00
52.67 B1 5475.04 5475.06 
52.67 B3 5482.17 5482.20 
52.67 120 13 04 50
52.67 244 0.06
52.675 22 0.01
52.675 23 -1.14
52.675 25 0.00
52.675 30 0.00
52.675 B1 5472.76 5472.78 
52.675 B3 5480.26 5480.29 
52.675 120 13 04 50
52.675 244 0.06
52.68 22 0.01
52.68 23 -1.14
52.68 25 0.00
52.68 30 0.00
52.68 B1 5470.53 5470.55 
52.68 B3 5478.29 5478.31 
52.68 120 13 04 50
52.68 244 0.06
52.685 22 0.01
52.685 23 -1.14
52.685 25 0.00
52.685 30 0.00
52.685 B1 5468.32 5468.34 
52.685 B3 5476.27 5476.30 
52.685 120 13 04 50
52.685 244 0.06
52.69 22 0.01
52.69 23 -1.14
52.69 25 0.00
52.69 30 0.00
52.69 B1 5466.14 5466.16 
52.69 B3 5474.22 5474.25 
52.69 120 13 04 50
52.69 244 0.06
52.695 22 0.01
52.695 23 -1.14
52.695 25 0.00
52.695 30 0.00
52.695 B1 5463.97 5463.99 
52.695 B3 5472.15 5472.18 
52.695 120 13 04 50
52.695 244 0.06
52.7 22 0.01
52.7 23 -1.13
52.7 25 0.00
52.7 30 0.00
52.7 B1 5461.81 5461.83 
52.7 B3 5470.06 5470.09 
52.7 120 13 04 50
52.7 244 0.06
52.705 22 0.01
52.705 23 -1.13
52.705 25 0.00
52.705 30 0.00
52.705 B1 5459.65 5459.67 
52.705 B3 5467.96 5467.99 
52.705 120 13 04 50
52.705 244 0.05
52.71 22 0.01
52.71 23 -1.13
52.71 25 0.00
52.71 30 0.00
52.71 B1 5454.86 5454.88 
52.71 B3 5463.46 5463.48 
52.71 120 13 04 50
52.71 244 0.05
52.715 22 0.01
52.715 23 -1.15
52.715 25 0.00
52.715 30 0.00
52.715 B1 5450.92 5450.94 
52.715 B3 5459.57 5459.59 
52.715 120 13 04 50
52.715 244 0.05
52.72 22 0.01
52.72 23 -1.16
52.72 25 0.00
52.72 30 0.00
52.72 B1 5447.55 5447.57 
52.72 B3 5456.13 5456.15 
52.72 120 13 04 50
52.72 244 0.06
52.725 22 0.01
52.725 23 -1.17
52.725 25 0.00
52.725 30 0.00
52.725 B1 5447.20 5447.21 
52.725 B3 5455.40 5455.42 
52.725 120 13 04 50
52.725 244 0.06
52.73 22 0.01
52.73 23 -1.16
52.73 25 0.00
52.73 30 0.00
52.73 B1 5446.26 5446.27 
52.73 B3 5454.30 5454.32 
52.73 120 13 04 50
52.73 244 0.06
52.735 22 0.01
52.735 23 -1.15
52.735 25 0.00
52.735 30 0.00
52.735 B1 5444.92 5444.94 
52.735 B3 5452.92 5452.94 
52.735 120 13 04 50
52.735 244 0.06
52.74 22 0.01
52.74 23 -1.14
52.74 25 0.00
52.74 30 0.00
52.74 B1 5443.32 5443.34 
52.74 B3 5451.34 5451.35 
52.74 120 13 04 50
52.74 244 0.06
52.745 22 0.01
52.745 23 -1.14
52.745 25 0.00
52.745 30 0.00
52.745 B1 5441.55 5441.57 
52.745 B3 5449.61 5449.63 
52.745 120 13 04 50
52.745 244 0.06
52.75 22 0.00
52.75 23 -1.13
52.75 25 0.00
52.75 30 0.00
52.75 B1 5440.98 5441.00 
52.75 B3 5448.97 5448.99 
52.75 120 13 04 50
52.75 244 0.06
52.755 22 0.00
52.755 23 -1.12
52.755 25 0.00
52.755 30 0.00
52.755 B1 5439.91 5439.92 
52.755 B3 5447.94 5447.96 
52.755 120 13 04 50
52.755 244 0.06
52.76 22 0.00
52.76 23 -1.12
52.76 25 0.00
52.76 30 0.00
52.76 B1 5438.50 5438.52 
52.76 B3 5446.63 5446.65 
52.76 120 13 04 50
52.76 244 0.06
52.765 22 0.00
52.765 23 -1.11
52.765 25 0.00
52.765 30 0.00
52.765 B1 5436.87 5436.88 
52.765 B3 5445.12 5445.13 
52.765 120 13 04 50
52.765 244 0.06
52.77 22 0.00
52.77 23 -1.11
52.77 25 0.00
52.77 30 0.00
52.77 B1 5433.77 5433.78 
52.77 B3 5442.26 5442.27 
52.77 120 13 04 50
52.77 244 0.06
52.775 22 0.00
52.775 23 -1.11
52.775 25 0.00
52.775 30 0.00
52.775 B1 5430.99 5431.01 
52.775 B3 5439.60 5439.61 
52.775 120 13 04 50
52.775 244 0.06
52.78 22 0.00
52.78 23 -1.12
52.78 25 0.00
52.78 30 0.00
52.78 B1 5428.44 5428.45 
52.78 B3 5437.08 5437.09 
52.78 120 13 04 50
52.78 244 0.06
52.785 22 0.00
52.785 23 -1.12
52.785 25 0.00
52.785 30 0.00
52.785 B1 5426.02 5426.04 
52.785 B3 5434.67 5434.69 
52.785 120 13 04 50
52.785 244 0.06
52.79 22 0.00
52.79 23 -1.12
52.79 25 0.00
52.79 30 0.00
52.79 B1 5423.71 5423.72 
52.79 B3 5432.34 5432.35 
52.79 120 13 04 50
52.79 244 0.05
52.795 22 0.00
52.795 23 -1.12
52.795 25 0.00
52.795 30 0.00
52.795 B1 5418.82 5418.83 
52.795 B3 5427.68 5427.69 
52.795 120 13 04 50
52.795 244 0.05
52.8 22 0.00
52.8 23 -1.14
52.8 25 0.00
52.8 30 0.00
52.8 B1 5414.83 5414.84 
52.8 B3 5423.67 5423.69 
52.8 120 13 04 50
52.8 244 0.05
52.805 22 0.00
52.805 23 -1.15
52.805 25 0.00
52.805 30 0.00
52.805 B1 5411.43 5411.44 
52.805 B3 5420.16 5420.17 
52.805 120 13 04 50
52.805 244 0.04
52.81 22 0.00
52.81 23 -1.16
52.81 25 0.00
52.81 30 0.00
52.81 B1 5407.11 5407.12 
52.81 B3 5415.79 5415.80 
52.81 120 13 04 50
52.81 244 0.04
52.815 22 0.00
52.815 23 -1.17
52.815 25 0.00
52.815 30 0.00
52.815 B1 5403.48 5403.49 
52.815 B3 5412.00 5412.01 
52.815 120 13 04 50
52.815 244 0.04
52.82 22 0.00
52.82 23 -1.18
52.82 25 0.00
52.82 30 0.00
52.82 B1 5400.30 5400.31 
52.82 B3 5408.61 5408.63 
52.82 120 13 04 50
52.82 244 0.04
52.825 22 0.00
52.825 23 -1.18
52.825 25 0.00
52.825 30 0.00
52.825 B1 5397.44 5397.45 
52.825 B3 5405.54 5405.55 
52.825 120 13 04 50
52.825 244 0.04
52.83 22 0.00
52.83 23 -1.19
52.83 25 0.00
52.83 30 0.00
52.83 B1 5393.46 5393.47 
52.83 B3 5401.48 5401.49 
52.83 120 13 04 50
52.83 244 0.04
52.835 22 0.00
52.835 23 -1.20
52.835 25 0.00
52.835 30 0.00
52.835 B1 5390.05 5390.06 
52.835 B3 5397.90 5397.91 
52.835 120 13 04 50
52.835 244 0.04
52.84 22 0.00
52.84 23 -1.21
52.84 25 0.00
52.84 30 0.00
52.84 B1 5387.01 5387.02 
52.84 B3 5394.66 5394.67 
52.84 120 13 04 50
52.84 244 0.04
52.845 22 0.00
52.845 23 -1.21
52.845 25 0.00
52.845 30 0.00
52.845 B1 5384.22 5384.22 
52.845 B3 5391.68 5391.69 
52.845 120 13 04 50
52.845 244 0.04
52.85 22 0.00
52.85 23 -1.21
52.85 25 0.00
52.85 30 0.00
52.85 B1 5381.59 5381.60 
52.85 B3 5388.88 5388.89 
52.85 120 13 04 50
52.85 244 0.04
52.855 22 0.00
52.855 23 -1.22
52.855 25 0.00
52.855 30 0.00
52.855 B1 5380.40 5380.41 
52.855 B3 5387.41 5387.42 
52.855 120 13 04 50
52.855 244 0.04
52.86 22 0.00
52.86 23 -1.21
52.86 25 0.00
52.86 30 0.00
52.86 B1 5378.86 5378.87 
52.86 B3 5385.73 5385.74 
52.86 120 13 04 50
52.86 244 0.04
52.865 22 0.00
52.865 23 -1.20
52.865 25 0.00
52.865 30 0.00
52.865 B1 5377.09 5377.10 
52.865 B3 5383.90 5383.91 
52.865 120 13 04 50
52.865 244 0.04
52.87 22 0.00
52.87 23 -1.20
52.87 25 0.00
52.87 30 0.00
52.87 B1 5375.17 5375.17 
52.87 B3 5381.96 5381.96 
52.87 120 13 04 50
52.87 244 0.04
52.875 22 0.00
52.875 23 -1.20
52.875 25 0.00
52.875 30 0.00
52.875 B1 5373.13 5373.14 
52.875 B3 5379.93 5379.94 
52.875 120 13 04 50
52.875 244 0.05
52.88 22 0.00
52.88 23 -1.20
52.88 25 0.00
52.88 30 0.00
52.88 B1 5372.35 5372.36 
52.88 B3 5379.05 5379.05 
52.88 120 13 04 50
52.88 244 0.04
52.885 22 0.00
52.885 23 -1.19
52.885 25 0.00
52.885 30 0.00
52.885 B1 5369.78 5369.79 
52.885 B3 5376.61 5376.62 
52.885 120 13 04 50
52.885 244 0.05
52.89 22 0.00
52.89 23 -1.19
52.89 25 0.00
52.89 30 0.00
52.89 B1 5368.65 5368.65 
52.89 B3 5375.43 5375.43 
52.89 120 13 04 50
52.89 244 0.05
52.895 22 0.00
52.895 23 -1.18
52.895 25 0.00
52.895 30 0.00
52.895 B1 5367.16 5367.16 
52.895 B3 5373.97 5373.97 
52.895 120 13 04 50
52.895 244 0.05
52.9 22 0.00
52.9 23 -1.17
52.9 25 0.00
52.9 30 0.00
52.9 B1 5365.43 5365.44 
52.9 B3 5372.31 5372.32 
52.9 120 13 04 50
52.9 244 0.05
52.905 22 0.00
52.905 23 -1.17
52.905 25 0.22
52.905 30 0.00
52.905 B1 5363.56 5363.56 
52.905 B3 5370.51 5370.52 
52.905 120 13 04 50
52.905 244 0.05
52.91 22 0.14
52.91 23 -1.17
52.91 25 0.58
52.91 30 0.00
52.91 B1 5361.56 5361.57 
52.91 B3 5368.61 5368.62 
52.91 120 13 04 50
52.91 244 0.06
52.915 22 0.37
52.915 23 -1.17
52.915 25 0.58
52.915 30 0.00
52.915 B1 5362.02 5362.13 
52.915 B3 5368.98 5369.07 
52.915 120 13 04 50
52.915 244 0.06
52.92 22 0.37
52.92 23 -1.15
52.92 25 0.58
52.92 30 0.00
52.92 B1 5361.48 5361.95 
52.92 B3 5368.56 5368.95 
52.92 120 13 04 50
52.92 244 0.06
52.925 22 0.36
52.925 23 -1.14
52.925 25 0.70
52.925 30 0.00
52.925 B1 5360.27 5361.27 
52.925 B3 5367.57 5368.41 
52.925 120 13 04 50
52.925 244 0.06
52.93 22 0.43
52.93 23 -1.13
52.93 25 0.70
52.93 30 0.00
52.93 B1 5358.60 5360.23 
52.93 B3 5366.17 5367.56 
52.93 120 13 04 50
52.93 244 0.06
52.935 22 0.42
52.935 23 -1.12
52.935 25 0.70
52.935 30 0.00
52.935 B1 5356.61 5359.00 
52.935 B3 5364.44 5366.51 
52.935 120 13 04 50
52.935 244 0.06
52.94 22 0.42
52.94 23 -1.12
52.94 25 0.70
52.94 30 0.00
52.94 B1 5354.43 5357.65 
52.94 B3 5362.48 5365.31 
52.94 120 13 04 50
52.94 244 0.06
52.945 22 0.41
52.945 23 -1.12
52.945 25 0.58
52.945 30 0.00
52.945 B1 5352.12 5356.21 
52.945 B3 5360.36 5364.00 
52.945 120 13 04 50
52.945 244 0.06
52.95 22 0.32
52.95 23 -1.11
52.95 25 0.58
52.95 30 0.00
52.95 B1 5349.77 5354.75 
52.95 B3 5358.11 5362.60 
52.95 120 13 04 50
52.95 244 0.06
52.955 22 0.32
52.955 23 -1.11
52.955 25 0.58
52.955 30 0.00
52.955 B1 5347.39 5353.20 
52.955 B3 5355.81 5361.12 
52.955 120 13 04 50
52.955 244 0.06
52.96 22 0.31
52.96 23 -1.11
52.96 25 0.58
52.96 30 0.00
52.96 B1 5344.99 5351.59 
52.96 B3 5353.48 5359.57 
52.96 120 13 04 50
52.96 244 0.06
52.965 22 0.31
52.965 23 -1.11
52.965 25 0.58
52.965 30 0.00
52.965 B1 5342.58 5349.94 
52.965 B3 5351.11 5357.96 
52.965 120 13 04 50
52.965 244 0.06
52.97 22 0.31
52.97 23 -1.11
52.97 25 0.70
52.97 30 0.00
52.97 B1 5341.49 5349.58 
52.97 B3 5349.93 5357.52 
52.97 120 13 04 50
52.97 244 0.06
52.975 22 0.38
52.975 23 -1.10
52.975 25 0.70
52.975 30 0.00
52.975 B1 5339.94 5348.74 
52.975 B3 5348.43 5356.73 
52.975 120 13 04 50
52.975 244 0.06
52.98 22 0.38
52.98 23 -1.09
52.98 25 0.58
52.98 30 0.00
52.98 B1 5339.41 5348.95 
52.98 B3 5347.86 5356.91 
52.98 120 13 04 50
52.98 244 0.06
52.985 22 0.30
52.985 23 -1.08
52.985 25 0.70
52.985 30 0.00
52.985 B1 5336.97 5347.28 
52.985 B3 5345.59 5355.41 
52.985 120 13 04 50
52.985 244 0.06
52.99 22 0.38
52.99 23 -1.08
52.99 25 0.70
52.99 30 0.00
52.99 B1 5334.53 5345.55 
52.99 B3 5343.31 5353.85 
52.99 120 13 04 50
52.99 244 0.06
52.995 22 0.37
52.995 23 -1.08
52.995 25 0.70
52.995 30 0.00
52.995 B1 5332.10 5343.85 
52.995 B3 5340.99 5352.26 
52.995 120 13 04 50
52.995 244 0.06
53 22 0.37
53 23 -1.08
53 25 0.70
53 30 0.00
53 B1 5329.68 5342.17 
53 B3 5338.64 5350.66 
53 120 13 04 50
53 244 0.06
53.005 22 0.37
53.005 23 -1.07
53.005 25 0.70
53.005 30 0.00
53.005 B1 5327.27 5340.50 
53.005 B3 5336.28 5349.04 
53.005 120 13 04 50
53.005 244 0.06
53.01 22 0.37
53.01 23 -1.07
53.01 25 0.70
53.01 30 0.00
53.01 B1 5324.87 5338.83 
53.01 B3 5333.92 5347.41 
53.01 120 13 04 50
53.01 244 0.06
53.015 22 0.37
53.015 23 -1.07
53.015 25 0.70
53.015 30 0.00
53.015 B1 5322.48 5337.16 
53.015 B3 5331.55 5345.77 
53.015 120 13 04 50
53.015 244 0.06
53.02 22 0.37
53.02 23 -1.07
53.02 25 0.70
53.02 30 0.00
53.02 B1 5320.10 5335.49 
53.02 B3 5329.18 5344.11 
53.02 120 13 04 50
53.02 244 0.06
53.025 22 0.36
53.025 23 -1.07
53.025 25 0.70
53.025 30 0.00
53.025 B1 5317.73 5333.81 
53.025 B3 5326.81 5342.45 
53.025 120 13 04 50
53.025 244 0.06
53.03 22 0.36
53.03 23 -1.07
53.03 25 0.70
53.03 30 0.00
53.03 B1 5315.37 5332.13 
53.03 B3 5324.45 5340.77 
53.03 120 13 04 50
53.03 244 0.06
53.035 22 0.36
53.035 23 -1.07
53.035 25 0.70
53.035 30 0.00
53.035 B1 5313.01 5330.44 
53.035 B3 5322.09 5339.09 
53.035 120 13 04 50
53.035 244 0.06
53.04 22 0.36
53.04 23 -1.07
53.04 25 0.70
53.04 30 0.00
53.04 B1 5310.67 5328.75 
53.04 B3 5319.74 5337.40 
53.04 120 13 04 50
53.04 244 0.06
53.045 22 0.37
53.045 23 -1.07
53.045 25 0.70
53.045 30 0.00
53.045 B1 5309.66 5328.37 
53.045 B3 5318.59 5336.90 
53.045 120 13 04 50
53.045 244 0.06
53.05 22 0.37
53.05 23 -1.06
53.05 25 0.70
53.05 30 0.00
53.05 B1 5306.90 5326.23 
53.05 B3 5315.94 5334.87 
53.05 120 13 04 50
53.05 244 0.06
53.055 22 0.37
53.055 23 -1.06
53.055 25 0.70
53.055 30 0.00
53.055 B1 5304.29 5324.23 
53.055 B3 5313.38 5332.93 
53.055 120 13 04 50
53.055 244 0.06
53.06 22 0.37
53.06 23 -1.06
53.06 25 0.58
53.06 30 0.00
53.06 B1 5301.79 5322.32 
53.06 B3 5310.90 5331.05 
53.06 120 13 04 50
53.06 244 0.06
53.065 22 0.29
53.065 23 -1.06
53.065 25 0.58
53.065 30 0.00
53.065 B1 5299.40 5320.49 
53.065 B3 5308.47 5329.20 
53.065 120 13 04 50
53.065 244 0.06
53.07 22 0.30
53.07 23 -1.06
53.07 25 0.70
53.07 30 0.00
53.07 B1 5297.07 5318.66 
53.07 B3 5306.10 5327.36 
53.07 120 13 04 50
53.07 244 0.06
53.075 22 0.38
53.075 23 -1.06
53.075 25 0.70
53.075 30 0.00
53.075 B1 5296.09 5318.13 
53.075 B3 5304.98 5326.71 
53.075 120 13 04 50
53.075 244 0.06
53.08 22 0.38
53.08 23 -1.06
53.08 25 0.70
53.08 30 0.00
53.08 B1 5294.68 5317.19 
53.08 B3 5303.56 5325.77 
53.08 120 13 04 50
53.08 244 0.06
53.085 22 0.38
53.085 23 -1.05
53.085 25 0.70
53.085 30 0.00
53.085 B1 5293.00 5315.99 
53.085 B3 5301.91 5324.62 
53.085 120 13 04 50
53.085 244 0.06
53.09 22 0.38
53.09 23 -1.05
53.09 25 0.70
53.09 30 0.00
53.09 B1 5291.13 5314.62 
53.09 B3 5300.11 5323.31 
53.09 120 13 04 50
53.09 244 0.07
53.095 22 0.39
53.095 23 -1.04
53.095 25 0.70
53.095 30 0.00
53.095 B1 5291.79 5315.77 
53.095 B3 5300.58 5324.28 
53.095 120 13 04 50
53.095 244 0.07
53.1 22 0.39
53.1 23 -1.02
53.1 25 0.70
53.1 30 0.00
53.1 B1 5291.51 5315.97 
53.1 B3 5300.34 5324.53 
53.1 120 13 04 50
53.1 244 0.07
53.105 22 0.39
53.105 23 -1.01
53.105 25 0.70
53.105 30 0.00
53.105 B1 5290.60 5315.54 
53.105 B3 5299.59 5324.26 
53.105 120 13 04 50
53.105 244 0.07
53.11 22 0.40
53.11 23 -1.00
53.11 25 0.70
53.11 30 0.00
53.11 B1 5289.28 5314.70 
53.11 B3 5298.46 5323.62 
53.11 120 13 04 50
53.11 244 0.07
53.115 22 0.40
53.115 23 -0.99
53.115 25 0.70
53.115 30 0.00
53.115 B1 5287.70 5313.58 
53.115 B3 5297.07 5322.69 
53.115 120 13 04 50
53.115 244 0.07
53.12 22 0.40
53.12 23 -0.99
53.12 25 0.58
53.12 30 0.00
53.12 B1 5287.26 5313.60 
53.12 B3 5296.68 5322.77 
53.12 120 13 04 50
53.12 244 0.07
53.125 22 0.33
53.125 23 -0.98
53.125 25 0.70
53.125 30 0.00
53.125 B1 5286.31 5313.09 
53.125 B3 5295.83 5322.37 
53.125 120 13 04 50
53.125 244 0.08
53.13 22 0.41
53.13 23 -0.97
53.13 25 0.70
53.13 30 0.00
53.13 B1 5286.31 5313.46 
53.13 B3 5295.89 5322.82 
53.13 120 13 04 50
53.13 244 0.08
53.135 22 0.42
53.135 23 -0.96
53.135 25 0.70
53.135 30 0.00
53.135 B1 5286.95 5314.49 
53.135 B3 5296.57 5323.90 
53.135 120 13 04 50
53.135 244 0.08
53.14 22 0.42
53.14 23 -0.94
53.14 25 0.58
53.14 30 0.00
53.14 B1 5286.71 5314.64 
53.14 B3 5296.52 5324.26 
53.14 120 13 04 50
53.14 244 0.08
53.145 22 0.34
53.145 23 -0.92
53.145 25 0.70
53.145 30 0.00
53.145 B1 5285.91 5314.24 
53.145 B3 5295.95 5324.09 
53.145 120 13 04 50
53.145 244 0.09
53.15 22 0.43
53.15 23 -0.92
53.15 25 0.70
53.15 30 0.00
53.15 B1 5286.05 5314.71 
53.15 B3 5296.24 5324.72 
53.15 120 13 04 50
53.15 244 0.09
53.155 22 0.43
53.155 23 -0.90
53.155 25 0.70
53.155 30 0.00
53.155 B1 5285.50 5314.51 
53.155 B3 5295.92 5324.76 
53.155 120 13 04 50
53.155 244 0.09
53.16 22 0.44
53.16 23 -0.89
53.16 25 0.70
53.16 30 0.00
53.16 B1 5284.49 5313.86 
53.16 B3 5295.17 5324.38 
53.16 120 13 04 50
53.16 244 0.09
53.165 22 0.44
53.165 23 -0.88
53.165 25 0.70
53.165 30 0.00
53.165 B1 5283.20 5312.92 
53.165 B3 5294.12 5323.69 
53.165 120 13 04 50
53.165 244 0.09
53.17 22 0.44
53.17 23 -0.88
53.17 25 0.70
53.17 30 0.00
53.17 B1 5281.71 5311.78 
53.17 B3 5292.84 5322.78 
53.17 120 13 04 50
53.17 244 0.09
53.175 22 0.45
53.175 23 -0.87
53.175 25 0.70
53.175 30 0.00
53.175 B1 5280.10 5310.52 
53.175 B3 5291.41 5321.70 
53.175 120 13 04 50
53.175 244 0.09
53.18 22 0.45
53.18 23 -0.87
53.18 25 0.70
53.18 30 0.00
53.18 B1 5278.41 5309.18 
53.18 B3 5289.87 5320.51 
53.18 120 13 04 50
53.18 244 0.09
53.185 22 0.46
53.185 23 -0.87
53.185 25 0.70
53.185 30 0.00
53.185 B1 5276.67 5307.78 
53.185 B3 5288.25 5319.24 
53.185 120 13 04 50
53.185 244 0.09
53.19 22 0.46
53.19 23 -0.87
53.19 25 0.70
53.19 30 0.00
53.19 B1 5274.90 5306.34 
53.19 B3 5286.57 5317.90 
53.19 120 13 04 50
53.19 244 0.09
53.195 22 0.47
53.195 23 -0.87
53.195 25 0.70
53.195 30 0.00
53.195 B1 5274.44 5306.20 
53.195 B3 5286.06 5317.71 
53.195 120 13 04 50
53.195 244 0.09
53.2 22 0.47
53.2 23 -0.86
53.2 25 2.02
53.2 30 0.00
53.2 B1 5273.52 5305.60 
53.2 B3 5285.19 5317.16 
53.2 120 13 04 50
53.2 244 0.09
53.205 22 1.41
53.205 23 -0.88
53.205 25 2.02
53.205 30 0.00
53.205 B1 5271.49 5303.88 
53.205 B3 5284.06 5316.35 
53.205 120 13 04 50
53.205 244 0.09
53.21 22 1.39
53.21 23 -0.88
53.21 25 4.17
53.21 30 0.00
53.21 B1 5269.18 5302.64 
53.21 B3 5282.43 5315.66 
53.21 120 13 04 50
53.21 244 0.09
53.215 22 3.09
53.215 23 -1.01
53.215 25 4.41
53.215 30 0.00
53.215 B1 5263.38 5298.41 
53.215 B3 5280.44 5315.04 
53.215 120 13 04 50
53.215 244 0.09
53.22 22 3.22
53.22 23 -1.04
53.22 25 4.41
53.22 30 0.00
53.22 B1 5258.78 5297.07 
53.22 B3 5278.75 5316.16 
53.22 120 13 04 50
53.22 244 0.09
53.225 22 3.15
53.225 23 -1.03
53.225 25 7.66
53.225 30 0.00
53.225 B1 5254.13 5296.88 
53.225 B3 5276.04 5317.37 
53.225 120 13 04 50
53.225 244 0.10
53.23 22 5.62
53.23 23 -1.42
53.23 25 7.66
53.23 30 0.00
53.23 B1 5242.28 5290.34 
53.23 B3 5275.00 5321.02 
53.23 120 13 04 50
53.23 244 0.10
53.235 22 5.51
53.235 23 -1.42
53.235 25 7.66
53.235 30 0.00
53.235 B1 5232.15 5287.95 
53.235 B3 5271.74 5324.67 
53.235 120 13 04 50
53.235 244 0.10
53.24 22 5.41
53.24 23 -1.42
53.24 25 7.66
53.24 30 0.00
53.24 B1 5223.18 5288.17 
53.24 B3 5266.92 5328.27 
53.24 120 13 04 50
53.24 244 0.10
53.245 22 5.31
53.245 23 -1.41
53.245 25 8.50
53.245 30 0.00
53.245 B1 5214.99 5290.02 
53.245 B3 5261.02 5331.78 
53.245 120 13 04 50
53.245 244 0.10
53.25 22 5.81
53.25 23 -1.52
53.25 25 9.81
53.25 30 0.00
53.25 B1 5204.13 5289.72 
53.25 B3 5254.40 5335.20 
53.25 120 13 04 50
53.25 244 0.10
53.255 22 6.55
53.255 23 -1.73
53.255 25 9.81
53.255 30 0.00
53.255 B1 5188.88 5285.80 
53.255 B3 5247.02 5338.63 
53.255 120 13 04 50
53.255 244 0.10
53.26 22 6.47
53.26 23 -1.74
53.26 25 10.89
53.26 30 0.00
53.26 B1 5176.36 5285.43 
53.26 B3 5238.77 5342.21 
53.26 120 13 04 50
53.26 244 0.10
53.265 22 6.97
53.265 23 -1.91
53.265 25 12.20
53.265 30 0.00
53.265 B1 5160.38 5282.23 
53.265 B3 5229.92 5345.84 
53.265 120 13 04 50
53.265 244 0.10
53.27 22 7.44
53.27 23 -2.11
53.27 25 12.20
53.27 30 0.00
53.27 B1 5140.09 5275.50 
53.27 B3 5220.41 5349.58 
53.27 120 13 04 50
53.27 244 0.10
53.275 22 7.40
53.275 23 -2.14
53.275 25 12.80
53.275 30 0.00
53.275 B1 5124.21 5273.63 
53.275 B3 5210.17 5353.42 
53.275 120 13 04 50
53.275 244 0.10
53.28 22 7.55
53.28 23 -2.24
53.28 25 12.80
53.28 30 0.00
53.28 B1 5107.64 5271.49 
53.28 B3 5199.44 5357.29 
53.28 120 13 04 50
53.28 244 0.10
53.285 22 7.53
53.285 23 -2.25
53.285 25 14.00
53.285 30 0.00
53.285 B1 5094.11 5272.54 
53.285 B3 5188.29 5361.17 
53.285 120 13 04 50
53.285 244 0.10
53.29 22 7.79
53.29 23 -2.40
53.29 25 14.00
53.29 30 0.00
53.29 B1 5075.18 5268.56 
53.29 B3 5176.87 5365.00 
53.29 120 13 04 50
53.29 244 0.10
53.295 22 7.79
53.295 23 -2.43
53.295 25 15.91
53.295 30 0.00
53.295 B1 5060.16 5268.37 
53.295 B3 5165.14 5368.80 
53.295 120 13 04 50
53.295 244 0.10
53.3 22 7.89
53.3 23 -2.58
53.3 25 16.64
53.3 30 0.00
53.3 B1 5034.53 5258.00 
53.3 B3 5153.20 5372.52 
53.3 120 13 04 50
53.3 244 0.10
53.305 22 7.90
53.305 23 -2.67
53.305 25 16.76
53.305 30 0.00
53.305 B1 5009.82 5248.30 
53.305 B3 5141.04 5376.13 
53.305 120 13 04 50
53.305 244 0.10
53.31 22 7.94
53.31 23 -2.73
53.31 25 17.00
53.31 30 0.00
53.31 B1 4990.37 5243.31 
53.31 B3 5128.73 5379.57 
53.31 120 13 04 50
53.31 244 0.10
53.315 22 7.97
53.315 23 -2.78
53.315 25 17.95
53.315 30 0.00
53.315 B1 4973.26 5240.42 
53.315 B3 5116.30 5382.85 
53.315 120 13 04 50
53.315 244 0.10
53.32 22 7.97
53.32 23 -2.84
53.32 25 17.95
53.32 30 0.00
53.32 B1 4951.85 5233.30 
53.32 B3 5103.81 5385.95 
53.32 120 13 04 50
53.32 244 0.10
53.325 22 8.02
53.325 23 -2.89
53.325 25 17.95
53.325 30 0.00
53.325 B1 4935.43 5230.58 
53.325 B3 5091.29 5388.86 
53.325 120 13 04 50
53.325 244 0.10
53.33 22 8.07
53.33 23 -2.92
53.33 25 18.19
53.33 30 0.00
53.33 B1 4922.08 5230.66 
53.33 B3 5078.77 5391.58 
53.33 120 13 04 50
53.33 244 0.11
53.335 22 8.12
53.335 23 -2.94
53.335 25 18.31
53.335 30 0.00
53.335 B1 4910.00 5231.97 
53.335 B3 5067.47 5395.32 
53.335 120 13 04 50
53.335 244 0.11
53.34 22 8.18
53.34 23 -2.95
53.34 25 18.31
53.34 30 0.00
53.34 B1 4898.37 5233.61 
53.34 B3 5055.85 5398.58 
53.34 120 13 04 50
53.34 244 0.11
53.345 22 8.25
53.345 23 -2.96
53.345 25 18.79
53.345 30 0.00
53.345 B1 4887.96 5236.31 
53.345 B3 5044.04 5401.46 
53.345 120 13 04 50
53.345 244 0.11
53.35 22 8.29
53.35 23 -2.98
53.35 25 18.79
53.35 30 0.00
53.35 B1 4874.44 5235.93 
53.35 B3 5032.13 5404.02 
53.35 120 13 04 50
53.35 244 0.11
53.355 22 8.36
53.355 23 -2.99
53.355 25 19.14
53.355 30 0.00
53.355 B1 4862.87 5237.12 
53.355 B3 5020.20 5406.32 
53.355 120 13 04 50
53.355 244 0.11
53.36 22 8.41
53.36 23 -3.01
53.36 25 19.14
53.36 30 0.00
53.36 B1 4849.55 5236.42 
53.36 B3 5008.27 5408.38 
53.36 120 13 04 50
53.36 244 0.11
53.365 22 8.48
53.365 23 -3.02
53.365 25 20.22
53.365 30 0.00
53.365 B1 4838.10 5237.22 
53.365 B3 4996.40 5410.22 
53.365 120 13 04 50
53.365 244 0.10
53.37 22 8.47
53.37 23 -3.04
53.37 25 20.45
53.37 30 0.00
53.37 B1 4817.27 5228.73 
53.37 B3 4983.38 5410.67 
53.37 120 13 04 50
53.37 244 0.11
53.375 22 8.52
53.375 23 -3.09
53.375 25 20.45
53.375 30 0.00
53.375 B1 4800.45 5223.41 
53.375 B3 4972.04 5412.43 
53.375 120 13 04 50
53.375 244 0.11
53.38 22 8.59
53.38 23 -3.12
53.38 25 20.93
53.38 30 0.00
53.38 B1 4786.89 5220.81 
53.38 B3 4960.68 5413.88 
53.38 120 13 04 50
53.38 244 0.10
53.385 22 8.62
53.385 23 -3.13
53.385 25 20.93
53.385 30 0.00
53.385 B1 4769.68 5214.43 
53.385 B3 4948.14 5413.88 
53.385 120 13 04 50
53.385 244 0.10
53.39 22 8.70
53.39 23 -3.17
53.39 25 20.93
53.39 30 0.00
53.39 B1 4755.87 5210.91 
53.39 B3 4936.03 5413.94 
53.39 120 13 04 50
53.39 244 0.11
53.395 22 8.77
53.395 23 -3.19
53.395 25 21.05
53.395 30 0.00
53.395 B1 4745.44 5210.49 
53.395 B3 4925.43 5415.20 
53.395 120 13 04 50
53.395 244 0.10
53.4 22 8.85
53.4 23 -3.19
53.4 25 21.29
53.4 30 0.00
53.4 B1 4733.34 5208.36 
53.4 B3 4913.52 5414.90 
53.4 120 13 04 50
53.4 244 0.11
53.405 22 8.90
53.405 23 -3.20
53.405 25 21.29
53.405 30 0.00
53.405 B1 4721.77 5206.58 
53.405 B3 4903.13 5415.81 
53.405 120 13 04 50
53.405 244 0.11
53.41 22 8.99
53.41 23 -3.21
53.41 25 21.29
53.41 30 0.00
53.41 B1 4711.37 5205.73 
53.41 B3 4892.64 5416.37 
53.41 120 13 04 50
53.41 244 0.11
53.415 22 9.07
53.415 23 -3.21
53.415 25 21.29
53.415 30 0.00
53.415 B1 4701.69 5205.40 
53.415 B3 4882.11 5416.64 
53.415 120 13 04 50
53.415 244 0.11
53.42 22 9.15
53.42 23 -3.21
53.42 25 21.29
53.42 30 0.00
53.42 B1 4692.43 5205.34 
53.42 B3 4871.59 5416.65 
53.42 120 13 04 50
53.42 244 0.11
53.425 22 9.24
53.425 23 -3.21
53.425 25 21.29
53.425 30 0.00
53.425 B1 4683.42 5205.39 
53.425 B3 4861.12 5416.44 
53.425 120 13 04 50
53.425 244 0.10
53.43 22 9.32
53.43 23 -3.21
53.43 25 21.29
53.43 30 0.00
53.43 B1 4673.26 5204.11 
53.43 B3 4849.51 5414.85 
53.43 120 13 04 50
53.43 244 0.11
53.435 22 9.41
53.435 23 -3.22
53.435 25 21.29
53.435 30 0.00
53.435 B1 4665.03 5204.51 
53.435 B3 4839.57 5414.58 
53.435 120 13 04 50
53.435 244 0.11
53.44 22 9.49
53.44 23 -3.21
53.44 25 21.29
53.44 30 0.00
53.44 B1 4656.66 5204.63 
53.44 B3 4829.59 5414.06 
53.44 120 13 04 50
53.44 244 0.11
53.445 22 9.58
53.445 23 -3.21
53.445 25 21.29
53.445 30 0.00
53.445 B1 4648.19 5204.50 
53.445 B3 4819.63 5413.33 
53.445 120 13 04 50
53.445 244 0.11
53.45 22 9.66
53.45 23 -3.20
53.45 25 21.29
53.45 30 0.00
53.45 B1 4639.68 5204.13 
53.45 B3 4809.72 5412.40 
53.45 120 13 04 50
53.45 244 0.10
53.455 22 9.74
53.455 23 -3.20
53.455 25 21.29
53.455 30 0.00
53.455 B1 4629.83 5202.20 
53.455 B3 4798.69 5410.11 
53.455 120 13 04 50
53.455 244 0.10
53.46 22 9.82
53.46 23 -3.20
53.46 25 21.29
53.46 30 0.00
53.46 B1 4620.48 5200.50 
53.46 B3 4788.12 5407.97 
53.46 120 13 04 50
53.46 244 0.10
53.465 22 9.90
53.465 23 -3.20
53.465 25 21.29
53.465 30 0.00
53.465 B1 4611.45 5198.86 
53.465 B3 4777.90 5405.90 
53.465 120 13 04 50
53.465 244 0.11
53.47 22 9.98
53.47 23 -3.20
53.47 25 21.29
53.47 30 0.00
53.47 B1 4603.93 5198.53 
53.47 B3 4769.14 5405.05 
53.47 120 13 04 50
53.47 244 0.11
53.475 22 10.06
53.475 23 -3.19
53.475 25 21.29
53.475 30 0.00
53.475 B1 4596.01 5197.68 
53.475 B3 4760.21 5403.88 
53.475 120 13 04 50
53.475 244 0.11
53.48 22 10.13
53.48 23 -3.19
53.48 25 21.29
53.48 30 0.00
53.48 B1 4587.85 5196.41 
53.48 B3 4751.21 5402.43 
53.48 120 13 04 50
53.48 244 0.11
53.485 22 10.21
53.485 23 -3.18
53.485 25 21.29
53.485 30 0.00
53.485 B1 4579.55 5194.82 
53.485 B3 4742.20 5400.74 
53.485 120 13 04 50
53.485 244 0.11
53.49 22 10.28
53.49 23 -3.17
53.49 25 21.29
53.49 30 0.00
53.49 B1 4571.19 5192.94 
53.49 B3 4733.20 5398.86 
53.49 120 13 04 50
53.49 244 0.11
53.495 22 10.36
53.495 23 -3.17
53.495 25 21.29
53.495 30 0.00
53.495 B1 4562.79 5190.81 
53.495 B3 4724.25 5396.79 
53.495 120 13 04 50
53.495 244 0.11
53.5 22 10.43
53.5 23 -3.17
53.5 25 21.29
53.5 30 0.00
53.5 B1 4554.39 5188.46 
53.5 B3 4715.36 5394.57 
53.5 120 13 04 50
53.5 244 0.11
53.505 22 10.50
53.505 23 -3.16
53.505 25 21.29
53.505 30 0.00
53.505 B1 4545.98 5185.91 
53.505 B3 4706.54 5392.19 
53.505 120 13 04 50
53.505 244 0.11
53.51 22 10.57
53.51 23 -3.16
53.51 25 21.29
53.51 30 0.00
53.51 B1 4537.59 5183.16 
53.51 B3 4697.81 5389.67 
53.51 120 13 04 50
53.51 244 0.11
53.515 22 10.64
53.515 23 -3.15
53.515 25 21.29
53.515 30 0.00
53.515 B1 4530.53 5181.54 
53.515 B3 4690.35 5388.21 
53.515 120 13 04 50
53.515 244 0.11
53.52 22 10.70
53.52 23 -3.14
53.52 25 21.29
53.52 30 0.00
53.52 B1 4522.95 5179.30 
53.52 B3 4682.58 5386.31 
53.52 120 13 04 50
53.52 244 0.11
53.525 22 10.77
53.525 23 -3.13
53.525 25 21.29
53.525 30 0.00
53.525 B1 4515.09 5176.61 
53.525 B3 4674.65 5384.06 
53.525 120 13 04 50
53.525 244 0.11
53.53 22 10.83
53.53 23 -3.12
53.53 25 21.29
53.53 30 0.00
53.53 B1 4507.06 5173.55 
53.53 B3 4666.62 5381.52 
53.53 120 13 04 50
53.53 244 0.11
53.535 22 10.89
53.535 23 -3.12
53.535 25 21.29
53.535 30 0.00
53.535 B1 4498.95 5170.22 
53.535 B3 4658.56 5378.74 
53.535 120 13 04 50
53.535 244 0.11
53.54 22 10.95
53.54 23 -3.11
53.54 25 21.29
53.54 30 0.00
53.54 B1 4490.80 5166.64 
53.54 B3 4650.50 5375.76 
53.54 120 13 04 50
53.54 244 0.11
53.545 22 11.01
53.545 23 -3.11
53.545 25 21.29
53.545 30 0.00
53.545 B1 4482.64 5162.86 
53.545 B3 4642.47 5372.59 
53.545 120 13 04 50
53.545 244 0.11
53.55 22 11.07
53.55 23 -3.10
53.55 25 21.29
53.55 30 0.00
53.55 B1 4474.48 5158.90 
53.55 B3 4634.49 5369.27 
53.55 120 13 04 50
53.55 244 0.11
53.555 22 11.13
53.555 23 -3.10
53.555 25 21.29
53.555 30 0.00
53.555 B1 4467.66 5156.09 
53.555 B3 4627.75 5367.01 
53.555 120 13 04 50
53.555 244 0.11
53.56 22 11.18
53.56 23 -3.08
53.56 25 21.29
53.56 30 0.00
53.56 B1 4460.31 5152.68 
53.56 B3 4620.67 5364.29 
53.56 120 13 04 50
53.56 244 0.11
53.565 22 11.23
53.565 23 -3.07
53.565 25 21.29
53.565 30 0.00
53.565 B1 4452.67 5148.83 
53.565 B3 4613.40 5361.22 
53.565 120 13 04 50
53.565 244 0.11
53.57 22 11.29
53.57 23 -3.07
53.57 25 21.29
53.57 30 0.00
53.57 B1 4444.88 5144.66 
53.57 B3 4606.02 5357.87 
53.57 120 13 04 50
53.57 244 0.11
53.575 22 11.34
53.575 23 -3.06
53.575 25 21.29
53.575 30 0.00
53.575 B1 4437.00 5140.22 
53.575 B3 4598.59 5354.28 
53.575 120 13 04 50
53.575 244 0.11
53.58 22 11.38
53.58 23 -3.05
53.58 25 21.29
53.58 30 0.00
53.58 B1 4429.09 5135.58 
53.58 B3 4591.14 5350.50 
53.58 120 13 04 50
53.58 244 0.11
53.585 22 11.43
53.585 23 -3.05
53.585 25 21.29
53.585 30 0.00
53.585 B1 4421.17 5130.77 
53.585 B3 4583.71 5346.56 
53.585 120 13 04 50
53.585 244 0.11
53.59 22 11.48
53.59 23 -3.04
53.59 25 21.29
53.59 30 0.00
53.59 B1 4413.26 5125.80 
53.59 B3 4576.30 5342.46 
53.59 120 13 04 50
53.59 244 0.11
53.595 22 11.52
53.595 23 -3.04
53.595 25 21.29
53.595 30 0.00
53.595 B1 4405.37 5120.69 
53.595 B3 4568.93 5338.23 
53.595 120 13 04 50
53.595 244 0.11
53.6 22 11.56
53.6 23 -3.03
53.6 25 21.29
53.6 30 0.00
53.6 B1 4397.50 5115.46 
53.6 B3 4561.60 5333.88 
53.6 120 13 04 50
53.6 244 0.12
53.605 22 11.60
53.605 23 -3.03
53.605 25 21.29
53.605 30 0.00
53.605 B1 4392.29 5112.74 
53.605 B3 4556.70 5331.81 
53.605 120 13 04 50
53.605 244 0.12
53.61 22 11.65
53.61 23 -3.01
53.61 25 21.29
53.61 30 0.00
53.61 B1 4386.00 5109.02 
53.61 B3 4551.06 5329.00 
53.61 120 13 04 50
53.61 244 0.12
53.615 22 11.69
53.615 23 -2.99
53.615 25 21.29
53.615 30 0.00
53.615 B1 4379.09 5104.61 
53.615 B3 4544.94 5325.63 
53.615 120 13 04 50
53.615 244 0.12
53.62 22 11.73
53.62 23 -2.98
53.62 25 21.29
53.62 30 0.00
53.62 B1 4371.86 5099.72 
53.62 B3 4538.53 5321.84 
53.62 120 13 04 50
53.62 244 0.12
53.625 22 11.76
53.625 23 -2.97
53.625 25 21.29
53.625 30 0.00
53.625 B1 4364.45 5094.50 
53.625 B3 4531.93 5317.71 
53.625 120 13 04 50
53.625 244 0.12
53.63 22 11.80
53.63 23 -2.96
53.63 25 21.29
53.63 30 0.00
53.63 B1 4356.96 5089.02 
53.63 B3 4525.23 5313.33 
53.63 120 13 04 50
53.63 244 0.12
53.635 22 11.83
53.635 23 -2.96
53.635 25 21.29
53.635 30 0.00
53.635 B1 4349.42 5083.35 
53.635 B3 4518.48 5308.73 
53.635 120 13 04 50
53.635 244 0.13
53.64 22 11.86
53.64 23 -2.95
53.64 25 21.29
53.64 30 0.00
53.64 B1 4343.20 5078.85 
53.64 B3 4512.91 5305.16 
53.64 120 13 04 50
53.64 244 0.12
53.645 22 11.89
53.645 23 -2.94
53.645 25 21.29
53.645 30 0.00
53.645 B1 4335.11 5072.45 
53.645 B3 4505.73 5299.92 
53.645 120 13 04 50
53.645 244 0.12
53.65 22 11.92
53.65 23 -2.94
53.65 25 21.29
53.65 30 0.00
53.65 B1 4327.27 5066.11 
53.65 B3 4498.71 5294.65 
53.65 120 13 04 50
53.65 244 0.13
53.655 22 11.95
53.655 23 -2.94
53.655 25 21.29
53.655 30 0.00
53.655 B1 4320.92 5061.09 
53.655 B3 4493.01 5290.53 
53.655 120 13 04 50
53.655 244 0.13
53.66 22 11.98
53.66 23 -2.92
53.66 25 21.29
53.66 30 0.00
53.66 B1 4314.11 5055.61 
53.66 B3 4486.98 5286.03 
53.66 120 13 04 50
53.66 244 0.12
53.665 22 12.01
53.665 23 -2.91
53.665 25 21.29
53.665 30 0.00
53.665 B1 4305.73 5048.47 
53.665 B3 4479.55 5280.05 
53.665 120 13 04 50
53.665 244 0.13
53.67 22 12.03
53.67 23 -2.92
53.67 25 21.29
53.67 30 0.00
53.67 B1 4299.11 5042.88 
53.67 B3 4473.62 5275.36 
53.67 120 13 04 50
53.67 244 0.13
53.675 22 12.06
53.675 23 -2.91
53.675 25 21.29
53.675 30 0.00
53.675 B1 4292.18 5036.96 
53.675 B3 4467.48 5270.41 
53.675 120 13 04 50
53.675 244 0.13
53.68 22 12.08
53.68 23 -2.90
53.68 25 21.29
53.68 30 0.00
53.68 B1 4285.09 5030.80 
53.68 B3 4461.22 5265.23 
53.68 120 13 04 50
53.68 244 0.13
53.685 22 12.10
53.685 23 -2.89
53.685 25 21.29
53.685 30 0.00
53.685 B1 4277.92 5024.47 
53.685 B3 4454.88 5259.89 
53.685 120 13 04 50
53.685 244 0.13
53.69 22 12.12
53.69 23 -2.89
53.69 25 21.29
53.69 30 0.00
53.69 B1 4270.72 5018.01 
53.69 B3 4448.51 5254.41 
53.69 120 13 04 50
53.69 244 0.13
53.695 22 12.14
53.695 23 -2.88
53.695 25 21.29
53.695 30 0.00
53.695 B1 4263.52 5011.45 
53.695 B3 4442.13 5248.82 
53.695 120 13 04 50
53.695 244 0.12
53.7 22 12.16
53.7 23 -2.88
53.7 25 21.29
53.7 30 0.00
53.7 B1 4255.01 5003.49 
53.7 B3 4434.55 5241.93 
53.7 120 13 04 50
53.7 244 0.12
53.705 22 12.18
53.705 23 -2.88
53.705 25 20.33
53.705 30 0.00
53.705 B1 4247.11 4995.93 
53.705 B3 4427.39 5235.27 
53.705 120 13 04 50
53.705 244 0.12
53.71 22 12.29
53.71 23 -2.90
53.71 25 17.22
53.71 30 0.00
53.71 B1 4248.41 4997.35 
53.71 B3 4420.52 5228.77 
53.71 120 13 04 50
53.71 244 0.13
53.715 22 12.52
53.715 23 -2.79
53.715 25 17.22
53.715 30 0.00
53.715 B1 4271.83 5021.45 
53.715 B3 4414.98 5223.59 
53.715 120 13 04 50
53.715 244 0.13
53.72 22 12.57
53.72 23 -2.67
53.72 25 16.51
53.72 30 0.00
53.72 B1 4282.61 5035.48 
53.72 B3 4409.12 5218.28 
53.72 120 13 04 50
53.72 244 0.13
53.725 22 12.61
53.725 23 -2.55
53.725 25 16.51
53.725 30 0.00
53.725 B1 4290.84 5047.62 
53.725 B3 4403.11 5212.93 
53.725 120 13 04 50
53.725 244 0.13
53.73 22 12.65
53.73 23 -2.48
53.73 25 16.51
53.73 30 0.00
53.73 B1 4292.86 5053.77 
53.73 B3 4397.09 5207.60 
53.73 120 13 04 50
53.73 244 0.13
53.735 22 12.67
53.735 23 -2.44
53.735 25 16.51
53.735 30 0.00
53.735 B1 4291.33 5055.96 
53.735 B3 4391.10 5202.32 
53.735 120 13 04 50
53.735 244 0.13
53.74 22 12.70
53.74 23 -2.42
53.74 25 10.82
53.74 30 0.00
53.74 B1 4287.78 5055.54 
53.74 B3 4385.15 5197.08 
53.74 120 13 04 50
53.74 244 0.13
53.745 22 10.37
53.745 23 -1.54
53.745 25 10.82
53.745 30 0.00
53.745 B1 4311.73 5082.22 
53.745 B3 4379.24 5191.89 
53.745 120 13 04 50
53.745 244 0.13
53.75 22 10.49
53.75 23 -1.44
53.75 25 8.87
53.75 30 0.00
53.75 B1 4324.51 5097.49 
53.75 B3 4374.98 5186.33 
53.75 120 13 04 50
53.75 244 0.13
53.755 22 9.14
53.755 23 -1.06
53.755 25 8.30
53.755 30 0.00
53.755 B1 4336.65 5111.32 
53.755 B3 4371.80 5180.60 
53.755 120 13 04 50
53.755 244 0.13
53.76 22 8.84
53.76 23 -0.93
53.76 25 7.85
53.76 30 0.00
53.76 B1 4344.72 5118.99 
53.76 B3 4370.15 5174.44 
53.76 120 13 04 50
53.76 244 0.13
53.765 22 8.63
53.765 23 -0.84
53.765 25 7.18
53.765 30 0.00
53.765 B1 4351.62 5123.39 
53.765 B3 4370.89 5169.14 
53.765 120 13 04 50
53.765 244 0.13
53.77 22 8.25
53.77 23 -0.73
53.77 25 7.18
53.77 30 0.00
53.77 B1 4357.06 5124.64 
53.77 B3 4372.13 5163.22 
53.77 120 13 04 50
53.77 244 0.13
53.775 22 8.41
53.775 23 -0.71
53.775 25 6.19
53.775 30 0.00
53.775 B1 4360.54 5122.18 
53.775 B3 4373.92 5156.77 
53.775 120 13 04 50
53.775 244 0.13
53.78 22 7.77
53.78 23 -0.60
53.78 25 5.32
53.78 30 0.00
53.78 B1 4364.69 5119.36 
53.78 B3 4375.99 5149.98 
53.78 120 13 04 50
53.78 244 0.13
53.785 22 7.25
53.785 23 -0.52
53.785 25 5.32
53.785 30 0.00
53.785 B1 4367.74 5114.18 
53.785 B3 4377.38 5141.59 
53.785 120 13 04 50
53.785 244 0.13
53.79 22 7.42
53.79 23 -0.52
53.79 25 5.11
53.79 30 0.00
53.79 B1 4370.59 5107.23 
53.79 B3 4379.77 5133.10 
53.79 120 13 04 50
53.79 244 0.13
53.795 22 7.41
53.795 23 -0.52
53.795 25 5.11
53.795 30 0.00
53.795 B1 4373.55 5099.53 
53.795 B3 4382.73 5124.58 
53.795 120 13 04 50
53.795 244 0.13
53.8 22 7.56
53.8 23 -0.53
53.8 25 5.00
53.8 30 0.00
53.8 B1 4376.30 5091.04 
53.8 B3 4386.04 5116.05 
53.8 120 13 04 50
53.8 244 0.13
53.805 22 7.62
53.805 23 -0.53
53.805 25 5.00
53.805 30 0.00
53.805 B1 4380.35 5083.62 
53.805 B3 4390.71 5108.75 
53.805 120 13 04 50
53.805 244 0.13
53.81 22 7.76
53.81 23 -0.53
53.81 25 5.00
53.81 30 0.00
53.81 B1 4383.67 5075.45 
53.81 B3 4395.03 5101.18 
53.81 120 13 04 50
53.81 244 0.13
53.815 22 7.89
53.815 23 -0.53
53.815 25 5.00
53.815 30 0.00
53.815 B1 4386.51 5066.89 
53.815 B3 4399.06 5093.45 
53.815 120 13 04 50
53.815 244 0.13
53.82 22 8.01
53.82 23 -0.54
53.82 25 5.00
53.82 30 0.00
53.82 B1 4389.01 5058.15 
53.82 B3 4402.83 5085.66 
53.82 120 13 04 50
53.82 244 0.13
53.825 22 8.12
53.825 23 -0.54
53.825 25 4.90
53.825 30 0.00
53.825 B1 4391.26 5049.38 
53.825 B3 4406.35 5077.87 
53.825 120 13 04 50
53.825 244 0.13
53.83 22 8.14
53.83 23 -0.54
53.83 25 4.90
53.83 30 0.00
53.83 B1 4394.85 5042.21 
53.83 B3 4410.85 5071.33 
53.83 120 13 04 50
53.83 244 0.13
53.835 22 8.24
53.835 23 -0.54
53.835 25 4.90
53.835 30 0.00
53.835 B1 4397.69 5034.57 
53.835 B3 4414.78 5064.51 
53.835 120 13 04 50
53.835 244 0.13
53.84 22 8.33
53.84 23 -0.54
53.84 25 5.00
53.84 30 0.00
53.84 B1 4400.06 5026.72 
53.84 B3 4418.28 5057.53 
53.84 120 13 04 50
53.84 244 0.13
53.845 22 8.50
53.845 23 -0.55
53.845 25 5.00
53.845 30 0.00
53.845 B1 4400.56 5017.25 
53.845 B3 4420.24 5049.29 
53.845 120 13 04 50
53.845 244 0.13
53.85 22 8.57
53.85 23 -0.57
53.85 25 5.00
53.85 30 0.00
53.85 B1 4401.42 5008.39 
53.85 B3 4422.29 5041.40 
53.85 120 13 04 50
53.85 244 0.13
53.855 22 8.63
53.855 23 -0.58
53.855 25 5.00
53.855 30 0.00
53.855 B1 4402.47 5000.00 
53.855 B3 4424.34 5033.81 
53.855 120 13 04 50
53.855 244 0.13
53.86 22 8.69
53.86 23 -0.59
53.86 25 4.90
53.86 30 0.00
53.86 B1 4403.58 4991.96 
53.86 B3 4426.34 5026.46 
53.86 120 13 04 50
53.86 244 0.13
53.865 22 8.66
53.865 23 -0.59
53.865 25 4.90
53.865 30 0.00
53.865 B1 4404.94 4984.47 
53.865 B3 4428.27 5019.33 
53.865 120 13 04 50
53.865 244 0.13
53.87 22 8.71
53.87 23 -0.60
53.87 25 4.58
53.87 30 0.00
53.87 B1 4406.21 4977.10 
53.87 B3 4430.14 5012.35 
53.87 120 13 04 50
53.87 244 0.13
53.875 22 8.50
53.875 23 -0.57
53.875 25 3.26
53.875 30 0.00
53.875 B1 4406.85 4969.29 
53.875 B3 4430.74 5004.32 
53.875 120 13 04 50
53.875 244 0.13
53.88 22 7.48
53.88 23 -0.48
53.88 25 3.26
53.88 30 0.00
53.88 B1 4410.42 4964.34 
53.88 B3 4431.77 4996.71 
53.88 120 13 04 50
53.88 244 0.13
53.885 22 7.55
53.885 23 -0.48
53.885 25 1.96
53.885 30 0.00
53.885 B1 4413.63 4958.25 
53.885 B3 4433.55 4989.09 
53.885 120 13 04 50
53.885 244 0.13
53.89 22 6.61
53.89 23 -0.42
53.89 25 1.96
53.89 30 0.00
53.89 B1 4418.41 4953.32 
53.89 B3 4435.77 4981.52 
53.89 120 13 04 50
53.89 244 0.13
53.895 22 6.69
53.895 23 -0.42
53.895 25 1.87
53.895 30 0.00
53.895 B1 4422.84 4947.01 
53.895 B3 4438.70 4973.70 
53.895 120 13 04 50
53.895 244 0.13
53.9 22 6.69
53.9 23 -0.42
53.9 25 1.70
53.9 30 0.00
53.9 B1 4427.09 4940.00 
53.9 B3 4442.03 4965.77 
53.9 120 13 04 50
53.9 244 0.13
53.905 22 6.63
53.905 23 -0.41
53.905 25 1.45
53.905 30 0.00
53.905 B1 4431.33 4932.70 
53.905 B3 4445.61 4957.80 
53.905 120 13 04 50
53.905 244 0.13
53.91 22 6.50
53.91 23 -0.40
53.91 25 1.29
53.91 30 0.00
53.91 B1 4435.66 4925.33 
53.91 B3 4449.36 4949.82 
53.91 120 13 04 50
53.91 244 0.13
53.915 22 6.44
53.915 23 -0.40
53.915 25 1.29
53.915 30 0.00
53.915 B1 4439.99 4917.80 
53.915 B3 4453.25 4941.81 
53.915 120 13 04 50
53.915 244 0.13
53.92 22 6.49
53.92 23 -0.40
53.92 25 1.18
53.92 30 0.00
53.92 B1 4444.16 4910.04 
53.92 B3 4457.23 4933.81 
53.92 120 13 04 50
53.92 244 0.13
53.925 22 6.45
53.925 23 -0.40
53.925 25 0.91
53.925 30 0.00
53.925 B1 4448.32 4902.34 
53.925 B3 4461.22 4925.87 
53.925 120 13 04 50
53.925 244 0.13
53.93 22 6.29
53.93 23 -0.39
53.93 25 0.05
53.93 30 0.00
53.93 B1 4452.63 4894.88 
53.93 B3 4465.22 4918.00 
53.93 120 13 04 50
53.93 244 0.13
53.935 22 5.70
53.935 23 -0.38
53.935 25 0.05
53.935 30 0.00
53.935 B1 4457.56 4887.98 
53.935 B3 4469.25 4910.16 
53.935 120 13 04 50
53.935 244 0.13
53.94 22 5.74
53.94 23 -0.38
53.94 25 0.05
53.94 30 0.00
53.94 B1 4462.40 4880.59 
53.94 B3 4473.51 4902.19 
53.94 120 13 04 50
53.94 244 0.13
53.945 22 5.77
53.945 23 -0.38
53.945 25 0.05
53.945 30 0.00
53.945 B1 4467.13 4872.95 
53.945 B3 4477.89 4894.17 
53.945 120 13 04 50
53.945 244 0.13
53.95 22 5.80
53.95 23 -0.37
53.95 25 0.05
53.95 30 0.00
53.95 B1 4471.74 4865.24 
53.95 B3 4482.28 4886.20 
53.95 120 13 04 50
53.95 244 0.13
53.955 22 5.82
53.955 23 -0.37
53.955 25 0.00
53.955 30 0.00
53.955 B1 4476.21 4857.56 
53.955 B3 4486.64 4878.31 
53.955 120 13 04 50
53.955 244 0.13
53.96 22 5.80
53.96 23 -0.37
53.96 25 0.00
53.96 30 0.00
53.96 B1 4481.91 4851.34 
53.96 B3 4492.13 4871.75 
53.96 120 13 04 50
53.96 244 0.13
53.965 22 5.81
53.965 23 -0.36
53.965 25 0.00
53.965 30 0.00
53.965 B1 4486.95 4844.74 
53.965 B3 4497.15 4864.96 
53.965 120 13 04 50
53.965 244 0.13
53.97 22 5.81
53.97 23 -0.36
53.97 25 0.00
53.97 30 0.00
53.97 B1 4491.54 4837.96 
53.97 B3 4501.82 4858.07 
53.97 120 13 04 50
53.97 244 0.13
53.975 22 5.81
53.975 23 -0.35
53.975 25 0.00
53.975 30 0.00
53.975 B1 4495.81 4831.16 
53.975 B3 4506.21 4851.18 
53.975 120 13 04 50
53.975 244 0.13
53.98 22 5.80
53.98 23 -0.35
53.98 25 0.00
53.98 30 0.00
53.98 B1 4499.85 4824.40 
53.98 B3 4510.38 4844.35 
53.98 120 13 04 50
53.98 244 0.13
53.985 22 5.78
53.985 23 -0.35
53.985 25 0.00
53.985 30 0.00
53.985 B1 4503.70 4817.75 
53.985 B3 4514.35 4837.61 
53.985 120 13 04 50
53.985 244 0.13
53.99 22 5.76
53.99 23 -0.35
53.99 25 0.00
53.99 30 0.00
53.99 B1 4507.38 4811.22 
53.99 B3 4518.15 4830.98 
53.99 120 13 04 50
53.99 244 0.13
53.995 22 5.73
53.995 23 -0.35
53.995 25 0.00
53.995 30 0.00
53.995 B1 4510.92 4804.85 
53.995 B3 4521.79 4824.50 
53.995 120 13 04 50
53.995 244 0.13
54 22 5.70
54 23 -0.35
54 25 0.00
54 30 0.00
54 B1 4514.32 4798.63 
54 B3 4525.30 4818.16 
54 120 13 04 50
54 244 0.13
54.005 22 5.67
54.005 23 -0.35
54.005 25 0.00
54.005 30 0.00
54.005 B1 4517.60 4792.56 
54.005 B3 4528.67 4811.97 
54.005 120 13 04 50
54.005 244 0.13
54.01 22 5.63
54.01 23 -0.35
54.01 25 0.00
54.01 30 0.00
54.01 B1 4520.76 4786.66 
54.01 B3 4531.92 4805.94 
54.01 120 13 04 50
54.01 244 0.13
54.015 22 5.59
54.015 23 -0.35
54.015 25 0.00
54.015 30 0.00
54.015 B1 4523.81 4780.92 
54.015 B3 4535.05 4800.07 
54.015 120 13 04 50
54.015 244 0.13
54.02 22 5.54
54.02 23 -0.35
54.02 25 0.00
54.02 30 0.00
54.02 B1 4526.74 4775.33 
54.02 B3 4538.06 4794.35 
54.02 120 13 04 50
54.02 244 0.13
54.025 22 5.49
54.025 23 -0.35
54.025 25 0.00
54.025 30 0.00
54.025 B1 4529.56 4769.90 
54.025 B3 4540.96 4788.79 
54.025 120 13 04 50
54.025 244 0.13
54.03 22 5.43
54.03 23 -0.35
54.03 25 0.00
54.03 30 0.00
54.03 B1 4532.28 4764.62 
54.03 B3 4543.75 4783.38 
54.03 120 13 04 50
54.03 244 0.13
54.035 22 5.38
54.035 23 -0.35
54.035 25 0.00
54.035 30 0.00
54.035 B1 4534.90 4759.49 
54.035 B3 4546.43 4778.12 
54.035 120 13 04 50
54.035 244 0.13
54.04 22 5.32
54.04 23 -0.35
54.04 25 0.00
54.04 30 0.00
54.04 B1 4538.74 4755.82 
54.04 B3 4550.21 4774.20 
54.04 120 13 04 50
54.04 244 0.13
54.045 22 5.26
54.045 23 -0.35
54.045 25 0.00
54.045 30 0.00
54.045 B1 4541.95 4751.80 
54.045 B3 4553.51 4770.06 
54.045 120 13 04 50
54.045 244 0.13
54.05 22 5.19
54.05 23 -0.34
54.05 25 0.00
54.05 30 0.00
54.05 B1 4544.76 4747.61 
54.05 B3 4556.45 4765.82 
54.05 120 13 04 50
54.05 244 0.14
54.055 22 5.13
54.055 23 -0.34
54.055 25 0.00
54.055 30 0.00
54.055 B1 4548.62 4744.68 
54.055 B3 4560.33 4762.74 
54.055 120 13 04 50
54.055 244 0.14
54.06 22 5.06
54.06 23 -0.32
54.06 25 0.00
54.06 30 0.00
54.06 B1 4551.75 4741.28 
54.06 B3 4563.62 4759.31 
54.06 120 13 04 50
54.06 244 0.14
54.065 22 4.99
54.065 23 -0.32
54.065 25 0.00
54.065 30 0.00
54.065 B1 4554.42 4737.63 
54.065 B3 4566.49 4755.68 
54.065 120 13 04 50
54.065 244 0.14
54.07 22 4.92
54.07 23 -0.31
54.07 25 0.00
54.07 30 0.00
54.07 B1 4558.12 4735.19 
54.07 B3 4570.24 4753.15 
54.07 120 13 04 50
54.07 244 0.14
54.075 22 4.85
54.075 23 -0.30
54.075 25 0.00
54.075 30 0.00
54.075 B1 4561.07 4732.23 
54.075 B3 4573.39 4750.21 
54.075 120 13 04 50
54.075 244 0.14
54.08 22 4.78
54.08 23 -0.29
54.08 25 0.00
54.08 30 0.00
54.08 B1 4562.25 4727.68 
54.08 B3 4574.90 4745.85 
54.08 120 13 04 50
54.08 244 0.14
54.085 22 4.71
54.085 23 -0.30
54.085 25 0.00
54.085 30 0.00
54.085 B1 4563.64 4723.50 
54.085 B3 4576.49 4741.73 
54.085 120 13 04 50
54.085 244 0.15
54.09 22 4.63
54.09 23 -0.30
54.09 25 0.00
54.09 30 0.00
54.09 B1 4567.77 4722.22 
54.09 B3 4580.49 4740.18 
54.09 120 13 04 50
54.09 244 0.14
54.095 22 4.56
54.095 23 -0.28
54.095 25 0.00
54.095 30 0.00
54.095 B1 4569.56 4718.83 
54.095 B3 4582.51 4736.88 
54.095 120 13 04 50
54.095 244 0.14
54.1 22 4.48
54.1 23 -0.28
54.1 25 0.00
54.1 30 0.00
54.1 B1 4571.25 4715.50 
54.1 B3 4584.38 4733.58 
54.1 120 13 04 50
54.1 244 0.14
54.105 22 4.41
54.105 23 -0.28
54.105 25 0.00
54.105 30 0.00
54.105 B1 4572.84 4712.23 
54.105 B3 4586.12 4730.33 
54.105 120 13 04 50
54.105 244 0.15
54.11 22 4.33
54.11 23 -0.28
54.11 25 0.00
54.11 30 0.00
54.11 B1 4575.68 4710.35 
54.11 B3 4588.95 4728.32 
54.11 120 13 04 50
54.11 244 0.15
54.115 22 4.26
54.115 23 -0.27
54.115 25 0.00
54.115 30 0.00
54.115 B1 4577.92 4708.06 
54.115 B3 4591.30 4726.00 
54.115 120 13 04 50
54.115 244 0.15
54.12 22 4.18
54.12 23 -0.26
54.12 25 0.00
54.12 30 0.00
54.12 B1 4579.79 4705.54 
54.12 B3 4593.32 4723.51 
54.12 120 13 04 50
54.12 244 0.15
54.125 22 4.11
54.125 23 -0.26
54.125 25 0.00
54.125 30 0.00
54.125 B1 4581.41 4702.93 
54.125 B3 4595.09 4720.92 
54.125 120 13 04 50
54.125 244 0.14
54.13 22 4.03
54.13 23 -0.26
54.13 25 0.00
54.13 30 0.00
54.13 B1 4581.53 4698.95 
54.13 B3 4595.49 4717.10 
54.13 120 13 04 50
54.13 244 0.14
54.135 22 3.96
54.135 23 -0.27
54.135 25 0.00
54.135 30 0.00
54.135 B1 4582.06 4695.50 
54.135 B3 4596.12 4713.64 
54.135 120 13 04 50
54.135 244 0.14
54.14 22 3.89
54.14 23 -0.27
54.14 25 0.00
54.14 30 0.00
54.14 B1 4582.80 4692.38 
54.14 B3 4596.90 4710.45 
54.14 120 13 04 50
54.14 244 0.15
54.145 22 3.82
54.145 23 -0.27
54.145 25 0.00
54.145 30 0.00
54.145 B1 4586.29 4692.14 
54.145 B3 4600.15 4709.86 
54.145 120 13 04 50
54.145 244 0.15
54.15 22 3.74
54.15 23 -0.26
54.15 25 0.00
54.15 30 0.00
54.15 B1 4588.76 4691.06 
54.15 B3 4602.66 4708.69 
54.15 120 13 04 50
54.15 244 0.15
54.155 22 3.67
54.155 23 -0.25
54.155 25 0.00
54.155 30 0.00
54.155 B1 4590.63 4689.50 
54.155 B3 4604.67 4707.16 
54.155 120 13 04 50
54.155 244 0.15
54.16 22 3.60
54.16 23 -0.24
54.16 25 0.00
54.16 30 0.00
54.16 B1 4592.11 4687.68 
54.16 B3 4606.33 4705.40 
54.16 120 13 04 50
54.16 244 0.15
54.165 22 3.53
54.165 23 -0.24
54.165 25 0.00
54.165 30 0.00
54.165 B1 4593.35 4685.71 
54.165 B3 4607.74 4703.51 
54.165 120 13 04 50
54.165 244 0.15
54.17 22 3.46
54.17 23 -0.23
54.17 25 0.00
54.17 30 0.00
54.17 B1 4594.42 4683.69 
54.17 B3 4608.97 4701.54 
54.17 120 13 04 50
54.17 244 0.15
54.175 22 3.39
54.175 23 -0.23
54.175 25 0.00
54.175 30 0.00
54.175 B1 4596.70 4682.98 
54.175 B3 4611.26 4700.73 
54.175 120 13 04 50
54.175 244 0.15
54.18 22 3.32
54.18 23 -0.22
54.18 25 0.00
54.18 30 0.00
54.18 B1 4598.38 4681.77 
54.18 B3 4613.06 4699.56 
54.18 120 13 04 50
54.18 244 0.16
54.185 22 3.26
54.185 23 -0.21
54.185 25 0.00
54.185 30 0.00
54.185 B1 4600.99 4681.61 
54.185 B3 4615.71 4699.34 
54.185 120 13 04 50
54.185 244 0.16
54.19 22 3.19
54.19 23 -0.20
54.19 25 0.00
54.19 30 0.00
54.19 B1 4602.85 4680.80 
54.19 B3 4617.75 4698.61 
54.19 120 13 04 50
54.19 244 0.16
54.195 22 3.13
54.195 23 -0.19
54.195 25 0.00
54.195 30 0.00
54.195 B1 4604.25 4679.61 
54.195 B3 4619.35 4697.55 
54.195 120 13 04 50
54.195 244 0.16
54.2 22 3.06
54.2 23 -0.18
54.2 25 0.00
54.2 30 0.00
54.2 B1 4605.35 4678.22 
54.2 B3 4620.66 4696.28 
54.2 120 13 04 50
54.2 244 0.16
54.205 22 3.00
54.205 23 -0.18
54.205 25 0.00
54.205 30 0.00
54.205 B1 4607.59 4678.04 
54.205 B3 4622.96 4696.08 
54.205 120 13 04 50
54.205 244 0.16
54.21 22 2.94
54.21 23 -0.17
54.21 25 0.00
54.21 30 0.00
54.21 B1 4609.18 4677.31 
54.21 B3 4624.72 4695.44 
54.21 120 13 04 50
54.21 244 0.16
54.215 22 2.88
54.215 23 -0.16
54.215 25 0.00
54.215 30 0.00
54.215 B1 4610.38 4676.26 
54.215 B3 4626.11 4694.51 
54.215 120 13 04 50
54.215 244 0.16
54.22 22 2.82
54.22 23 -0.16
54.22 25 0.00
54.22 30 0.00
54.22 B1 4611.33 4675.04 
54.22 B3 4627.25 4693.40 
54.22 120 13 04 50
54.22 244 0.16
54.225 22 2.76
54.225 23 -0.15
54.225 25 0.00
54.225 30 0.00
54.225 B1 4612.13 4673.74 
54.225 B3 4628.21 4692.19 
54.225 120 13 04 50
54.225 244 0.16
54.23 22 2.70
54.23 23 -0.15
54.23 25 0.00
54.23 30 0.00
54.23 B1 4612.82 4672.39 
54.23 B3 4629.03 4690.91 
54.23 120 13 04 50
54.23 244 0.16
54.235 22 2.64
54.235 23 -0.15
54.235 25 0.00
54.235 30 0.00
54.235 B1 4612.11 4669.72 
54.235 B3 4628.56 4688.41 
54.235 120 13 04 50
54.235 244 0.16
54.24 22 2.59
54.24 23 -0.16
54.24 25 0.00
54.24 30 0.00
54.24 B1 4613.19 4668.89 
54.24 B3 4629.59 4687.47 
54.24 120 13 04 50
54.24 244 0.16
54.245 22 2.53
54.245 23 -0.15
54.245 25 0.00
54.245 30 0.00
54.245 B1 4614.01 4667.88 
54.245 B3 4630.44 4686.41 
54.245 120 13 04 50
54.245 244 0.16
54.25 22 2.48
54.25 23 -0.15
54.25 25 0.00
54.25 30 0.00
54.25 B1 4614.67 4666.77 
54.25 B3 4631.14 4685.29 
54.25 120 13 04 50
54.25 244 0.16
54.255 22 2.42
54.255 23 -0.15
54.255 25 0.00
54.255 30 0.00
54.255 B1 4615.22 4665.61 
54.255 B3 4631.75 4684.13 
54.255 120 13 04 50
54.255 244 0.16
54.26 22 2.37
54.26 23 -0.15
54.26 25 0.00
54.26 30 0.00
54.26 B1 4615.70 4664.44 
54.26 B3 4632.29 4682.95 
54.26 120 13 04 50
54.26 244 0.16
54.265 22 2.32
54.265 23 -0.15
54.265 25 0.00
54.265 30 0.00
54.265 B1 4616.12 4663.28 
54.265 B3 4632.77 4681.78 
54.265 120 13 04 50
54.265 244 0.16
54.27 22 2.27
54.27 23 -0.15
54.27 25 0.00
54.27 30 0.00
54.27 B1 4616.50 4662.12 
54.27 B3 4633.20 4680.62 
54.27 120 13 04 50
54.27 244 0.17
54.275 22 2.22
54.275 23 -0.15
54.275 25 0.00
54.275 30 0.00
54.275 B1 4618.17 4662.31 
54.275 B3 4634.79 4680.67 
54.275 120 13 04 50
54.275 244 0.17
54.28 22 2.17
54.28 23 -0.14
54.28 25 0.00
54.28 30 0.00
54.28 B1 4619.29 4662.01 
54.28 B3 4635.96 4680.36 
54.28 120 13 04 50
54.28 244 0.17
54.285 22 2.13
54.285 23 -0.13
54.285 25 0.00
54.285 30 0.00
54.285 B1 4621.40 4662.74 
54.285 B3 4638.05 4681.02 
54.285 120 13 04 50
54.285 244 0.17
54.29 22 2.08
54.29 23 -0.12
54.29 25 0.00
54.29 30 0.00
54.29 B1 4622.77 4662.80 
54.29 B3 4639.55 4681.16 
54.29 120 13 04 50
54.29 244 0.17
54.295 22 2.04
54.295 23 -0.11
54.295 25 0.00
54.295 30 0.00
54.295 B1 4623.72 4662.47 
54.295 B3 4640.67 4680.96 
54.295 120 13 04 50
54.295 244 0.17
54.3 22 1.99
54.3 23 -0.10
54.3 25 0.00
54.3 30 0.00
54.3 B1 4625.71 4663.24 
54.3 B3 4642.71 4681.73 
54.3 120 13 04 50
54.3 244 0.17
54.305 22 1.95
54.305 23 -0.09
54.305 25 0.00
54.305 30 0.00
54.305 B1 4627.02 4663.36 
54.305 B3 4644.19 4681.98 
54.305 120 13 04 50
54.305 244 0.17
54.31 22 1.90
54.31 23 -0.08
54.31 25 0.00
54.31 30 0.00
54.31 B1 4627.92 4663.12 
54.31 B3 4645.29 4681.89 
54.31 120 13 04 50
54.31 244 0.17
54.315 22 1.86
54.315 23 -0.08
54.315 25 0.00
54.315 30 0.00
54.315 B1 4628.56 4662.65 
54.315 B3 4646.12 4681.57 
54.315 120 13 04 50
54.315 244 0.17
54.32 22 1.82
54.32 23 -0.07
54.32 25 0.00
54.32 30 0.00
54.32 B1 4629.06 4662.07 
54.32 B3 4646.77 4681.11 
54.32 120 13 04 50
54.32 244 0.17
54.325 22 1.78
54.325 23 -0.07
54.325 25 0.00
54.325 30 0.00
54.325 B1 4629.45 4661.43 
54.325 B3 4647.30 4680.57 
54.325 120 13 04 50
54.325 244 0.17
54.33 22 1.74
54.33 23 -0.07
54.33 25 0.00
54.33 30 0.00
54.33 B1 4629.79 4660.76 
54.33 B3 4647.74 4679.96 
54.33 120 13 04 50
54.33 244 0.17
54.335 22 1.70
54.335 23 -0.07
54.335 25 0.00
54.335 30 0.00
54.335 B1 4630.07 4660.07 
54.335 B3 4648.11 4679.33 
54.335 120 13 04 50
54.335 244 0.17
54.34 22 1.67
54.34 23 -0.07
54.34 25 0.00
54.34 30 0.00
54.34 B1 4630.33 4659.39 
54.34 B3 4648.43 4678.68 
54.34 120 13 04 50
54.34 244 0.18
54.345 22 1.63
54.345 23 -0.07
54.345 25 0.00
54.345 30 0.00
54.345 B1 4631.89 4660.04 
54.345 B3 4649.91 4679.21 
54.345 120 13 04 50
54.345 244 0.18
54.35 22 1.59
54.35 23 -0.06
54.35 25 0.00
54.35 30 0.00
54.35 B1 4632.90 4660.18 
54.35 B3 4650.99 4679.38 
54.35 120 13 04 50
54.35 244 0.18
54.355 22 1.56
54.355 23 -0.05
54.355 25 0.00
54.355 30 0.00
54.355 B1 4634.91 4661.34 
54.355 B3 4652.97 4680.49 
54.355 120 13 04 50
54.355 244 0.18
54.36 22 1.52
54.36 23 -0.04
54.36 25 0.00
54.36 30 0.00
54.36 B1 4636.20 4661.82 
54.36 B3 4654.39 4681.07 
54.36 120 13 04 50
54.36 244 0.18
54.365 22 1.49
54.365 23 -0.03
54.365 25 0.00
54.365 30 0.00
54.365 B1 4637.06 4661.90 
54.365 B3 4655.42 4681.29 
54.365 120 13 04 50
54.365 244 0.19
54.37 22 1.46
54.37 23 -0.02
54.37 25 0.00
54.37 30 0.00
54.37 B1 4638.99 4663.06 
54.37 B3 4657.39 4682.47 
54.37 120 13 04 50
54.37 244 0.19
54.375 22 1.42
54.375 23 -0.01
54.375 25 0.00
54.375 30 0.00
54.375 B1 4640.23 4663.58 
54.375 B3 4658.80 4683.12 
54.375 120 13 04 50
54.375 244 0.19
54.38 22 1.39
54.38 23 0.00
54.38 25 0.00
54.38 30 0.00
54.38 B1 4641.07 4663.71 
54.38 B3 4659.83 4683.42 
54.38 120 13 04 50
54.38 244 0.19
54.385 22 1.36
54.385 23 0.00
54.385 25 0.00
54.385 30 0.00
54.385 B1 4642.99 4664.94 
54.385 B3 4661.81 4684.69 
54.385 120 13 04 50
54.385 244 0.19
54.39 22 1.33
54.39 23 0.02
54.39 25 0.09
54.39 30 0.00
54.39 B1 4644.24 4665.53 
54.39 B3 4663.23 4685.42 
54.39 120 13 04 50
54.39 244 0.19
54.395 22 1.37
54.395 23 0.03
54.395 25 4.16
54.395 30 0.00
54.395 B1 4645.03 4665.69 
54.395 B3 4664.27 4685.80 
54.395 120 13 04 50
54.395 244 0.19
54.4 22 4.51
54.4 23 -0.17
54.4 25 4.16
54.4 30 0.00
54.4 B1 4639.92 4660.06 
54.4 B3 4666.23 4687.18 
54.4 120 13 04 50
54.4 244 0.19
54.405 22 4.37
54.405 23 -0.18
54.405 25 4.16
54.405 30 0.00
54.405 B1 4635.53 4658.35 
54.405 B3 4666.20 4689.20 
54.405 120 13 04 50
54.405 244 0.19
54.41 22 4.25
54.41 23 -0.18
54.41 25 4.16
54.41 30 0.00
54.41 B1 4631.60 4658.89 
54.41 B3 4664.86 4691.60 
54.41 120 13 04 50
54.41 244 0.19
54.415 22 4.13
54.415 23 -0.18
54.415 25 5.39
54.415 30 0.00
54.415 B1 4628.00 4660.72 
54.415 B3 4662.68 4694.22 
54.415 120 13 04 50
54.415 244 0.19
54.42 22 5.00
54.42 23 -0.29
54.42 25 5.39
54.42 30 0.00
54.42 B1 4621.05 4659.74 
54.42 B3 4659.96 4696.94 
54.42 120 13 04 50
54.42 244 0.19
54.425 22 4.86
54.425 23 -0.30
54.425 25 6.99
54.425 30 0.00
54.425 B1 4615.33 4661.10 
54.425 B3 4656.44 4700.01 
54.425 120 13 04 50
54.425 244 0.20
54.43 22 5.94
54.43 23 -0.50
54.43 25 6.99
54.43 30 0.00
54.43 B1 4606.02 4659.54 
54.43 B3 4653.63 4704.46 
54.43 120 13 04 50
54.43 244 0.20
54.435 22 5.80
54.435 23 -0.50
54.435 25 7.24
54.435 30 0.00
54.435 B1 4598.57 4661.14 
54.435 B3 4649.52 4708.97 
54.435 120 13 04 50
54.435 244 0.20
54.44 22 5.84
54.44 23 -0.53
54.44 25 7.61
54.44 30 0.00
54.44 B1 4591.31 4663.60 
54.44 B3 4644.60 4713.46 
54.44 120 13 04 50
54.44 244 0.20
54.445 22 5.97
54.445 23 -0.57
54.445 25 7.86
54.445 30 0.00
54.445 B1 4584.96 4667.43 
54.445 B3 4640.30 4719.13 
54.445 120 13 04 50
54.445 244 0.20
54.45 22 6.02
54.45 23 -0.59
54.45 25 8.23
54.45 30 0.00
54.45 B1 4578.26 4671.28 
54.45 B3 4635.15 4724.43 
54.45 120 13 04 50
54.45 244 0.20
54.455 22 6.16
54.455 23 -0.63
54.455 25 8.23
54.455 30 0.00
54.455 B1 4570.80 4674.65 
54.455 B3 4629.39 4729.49 
54.455 120 13 04 50
54.455 244 0.20
54.46 22 6.04
54.46 23 -0.62
54.46 25 8.35
54.46 30 0.00
54.46 B1 4564.39 4679.26 
54.46 B3 4623.15 4734.39 
54.46 120 13 04 50
54.46 244 0.20
54.465 22 6.02
54.465 23 -0.63
54.465 25 8.60
54.465 30 0.00
54.465 B1 4558.14 4684.05 
54.465 B3 4616.67 4739.14 
54.465 120 13 04 50
54.465 244 0.20
54.47 22 6.09
54.47 23 -0.65
54.47 25 8.84
54.47 30 0.00
54.47 B1 4551.50 4688.41 
54.47 B3 4610.04 4743.76 
54.47 120 13 04 50
54.47 244 0.20
54.475 22 6.16
54.475 23 -0.68
54.475 25 8.97
54.475 30 0.00
54.475 B1 4544.59 4692.50 
54.475 B3 4603.30 4748.29 
54.475 120 13 04 50
54.475 244 0.20
54.48 22 6.15
54.48 23 -0.69
54.48 25 8.97
54.48 30 0.00
54.48 B1 4538.03 4696.93 
54.48 B3 4596.45 4752.75 
54.48 120 13 04 50
54.48 244 0.20
54.485 22 6.06
54.485 23 -0.68
54.485 25 8.84
54.485 30 0.00
54.485 B1 4532.19 4702.01 
54.485 B3 4589.56 4757.14 
54.485 120 13 04 50
54.485 244 0.20
54.49 22 5.89
54.49 23 -0.65
54.49 25 8.97
54.49 30 0.00
54.49 B1 4527.30 4707.86 
54.49 B3 4582.71 4761.43 
54.49 120 13 04 50
54.49 244 0.20
54.495 22 5.91
54.495 23 -0.65
54.495 25 8.97
54.495 30 0.00
54.495 B1 4522.07 4713.10 
54.495 B3 4576.01 4765.59 
54.495 120 13 04 50
54.495 244 0.20
54.5 22 5.84
54.5 23 -0.64
54.5 25 9.09
54.5 30 0.00
54.5 B1 4517.14 4718.40 
54.5 B3 4569.43 4769.64 
54.5 120 13 04 50
54.5 244 0.21
54.505 22 5.86
54.505 23 -0.64
54.505 25 8.97
54.505 30 0.00
54.505 B1 4514.60 4725.84 
54.505 B3 4565.39 4775.97 
54.505 120 13 04 50
54.505 244 0.20
54.51 22 5.71
54.51 23 -0.59
54.51 25 8.97
54.51 30 0.00
54.51 B1 4510.42 4731.50 
54.51 B3 4559.47 4780.27 
54.51 120 13 04 50
54.51 244 0.20
54.515 22 5.66
54.515 23 -0.57
54.515 25 8.97
54.515 30 0.00
54.515 B1 4506.23 4736.81 
54.515 B3 4553.63 4784.31 
54.515 120 13 04 50
54.515 244 0.20
54.52 22 5.62
54.52 23 -0.56
54.52 25 8.97
54.52 30 0.00
54.52 B1 4502.09 4741.84 
54.52 B3 4547.91 4788.13 
54.52 120 13 04 50
54.52 244 0.20
54.525 22 5.58
54.525 23 -0.55
54.525 25 8.97
54.525 30 0.00
54.525 B1 4498.01 4746.62 
54.525 B3 4542.32 4791.77 
54.525 120 13 04 50
54.525 244 0.21
54.53 22 5.54
54.53 23 -0.53
54.53 25 8.97
54.53 30 0.00
54.53 B1 4495.33 4752.50 
54.53 B3 4538.10 4796.44 
54.53 120 13 04 50
54.53 244 0.21
54.535 22 5.51
54.535 23 -0.51
54.535 25 8.97
54.535 30 0.00
54.535 B1 4492.18 4757.66 
54.535 B3 4533.62 4800.60 
54.535 120 13 04 50
54.535 244 0.21
54.54 22 5.49
54.54 23 -0.50
54.54 25 8.97
54.54 30 0.00
54.54 B1 4488.81 4762.32 
54.54 B3 4529.05 4804.38 
54.54 120 13 04 50
54.54 244 0.21
54.545 22 5.47
54.545 23 -0.48
54.545 25 8.97
54.545 30 0.00
54.545 B1 4485.34 4766.61 
54.545 B3 4524.47 4807.86 
54.545 120 13 04 50
54.545 244 0.22
54.55 22 5.45
54.55 23 -0.47
54.55 25 8.97
54.55 30 0.00
54.55 B1 4484.49 4773.25 
54.55 B3 4522.33 4813.50 
54.55 120 13 04 50
54.55 244 0.22
54.555 22 5.44
54.555 23 -0.44
54.555 25 8.97
54.555 30 0.00
54.555 B1 4482.56 4778.65 
54.555 B3 4519.46 4818.21 
54.555 120 13 04 50
54.555 244 0.22
54.56 22 5.43
54.56 23 -0.42
54.56 25 8.97
54.56 30 0.00
54.56 B1 4480.05 4783.23 
54.56 B3 4516.17 4822.27 
54.56 120 13 04 50
54.56 244 0.22
54.565 22 3.62
54.565 23 -0.33
54.565 25 9.09
54.565 30 0.00
54.565 B1 4481.46 4787.26 
54.565 B3 4512.66 4825.86 
54.565 120 13 04 50
54.565 244 0.21
54.57 22 3.76
54.57 23 -0.32
54.57 25 8.97
54.57 30 0.00
54.57 B1 4473.11 4788.06 
54.57 B3 4508.90 4827.04 
54.57 120 13 04 50
54.57 244 0.21
54.575 22 4.57
54.575 23 -0.36
54.575 25 8.97
54.575 30 0.00
54.575 B1 4465.33 4789.11 
54.575 B3 4506.36 4827.57 
54.575 120 13 04 50
54.575 244 0.21
54.58 22 4.57
54.58 23 -0.38
54.58 25 8.97
54.58 30 0.00
54.58 B1 4461.26 4790.45 
54.58 B3 4504.29 4827.92 
54.58 120 13 04 50
54.58 244 0.22
54.585 22 4.60
54.585 23 -0.38
54.585 25 8.97
54.585 30 0.00
54.585 B1 4459.06 4793.24 
54.585 B3 4503.71 4829.32 
54.585 120 13 04 50
54.585 244 0.22
54.59 22 4.62
54.59 23 -0.38
54.59 25 8.97
54.59 30 0.00
54.59 B1 4456.44 4795.60 
54.59 B3 4502.98 4830.20 
54.59 120 13 04 50
54.59 244 0.21
54.595 22 4.65
54.595 23 -0.37
54.595 25 8.97
54.595 30 0.00
54.595 B1 4452.56 4796.38 
54.595 B3 4500.99 4829.50 
54.595 120 13 04 50
54.595 244 0.22
54.6 22 4.68
54.6 23 -0.38
54.6 25 8.97
54.6 30 0.00
54.6 B1 4450.36 4798.82 
54.6 B3 4500.60 4830.08 
54.6 120 13 04 50
54.6 244 0.22
54.605 22 4.70
54.605 23 -0.38
54.605 25 8.97
54.605 30 0.00
54.605 B1 4448.09 4800.96 
54.605 B3 4500.12 4830.29 
54.605 120 13 04 50
54.605 244 0.22
54.61 22 4.73
54.61 23 -0.37
54.61 25 8.97
54.61 30 0.00
54.61 B1 4445.68 4802.91 
54.61 B3 4499.62 4830.22 
54.61 120 13 04 50
54.61 244 0.22
54.615 22 4.76
54.615 23 -0.37
54.615 25 8.97
54.615 30 0.00
54.615 B1 4443.31 4804.76 
54.615 B3 4499.16 4829.94 
54.615 120 13 04 50
54.615 244 0.22
54.62 22 4.79
54.62 23 -0.37
54.62 25 8.97
54.62 30 0.00
54.62 B1 4440.80 4806.54 
54.62 B3 4498.75 4829.48 
54.62 120 13 04 50
54.62 244 0.22
54.625 22 4.82
54.625 23 -0.37
54.625 25 8.97
54.625 30 0.00
54.625 B1 4438.16 4808.28 
54.625 B3 4498.42 4828.88 
54.625 120 13 04 50
54.625 244 0.22
54.63 22 4.58
54.63 23 -0.28
54.63 25 8.97
54.63 30 0.00
54.63 B1 4445.52 4810.01 
54.63 B3 4498.18 4828.16 
54.63 120 13 04 50
54.63 244 0.22
54.635 22 4.54
54.635 23 -0.29
54.635 25 8.97
54.635 30 0.00
54.635 B1 4458.68 4811.43 
54.635 B3 4497.87 4827.52 
54.635 120 13 04 50
54.635 244 0.22
54.64 22 4.59
54.64 23 -0.26
54.64 25 8.97
54.64 30 0.00
54.64 B1 4467.07 4812.47 
54.64 B3 4497.21 4827.15 
54.64 120 13 04 50
54.64 244 0.22
54.645 22 4.64
54.645 23 -0.25
54.645 25 8.97
54.645 30 0.00
54.645 B1 4472.22 4813.24 
54.645 B3 4496.30 4826.99 
54.645 120 13 04 50
54.645 244 0.22
54.65 22 4.69
54.65 23 -0.24
54.65 25 8.97
54.65 30 0.00
54.65 B1 4475.22 4813.81 
54.65 B3 4495.20 4826.99 
54.65 120 13 04 50
54.65 244 0.22
54.655 22 4.75
54.655 23 -0.23
54.655 25 9.09
54.655 30 0.00
54.655 B1 4476.52 4814.24 
54.655 B3 4493.96 4827.11 
54.655 120 13 04 50
54.655 244 0.22
54.66 22 4.88
54.66 23 -0.24
54.66 25 9.09
54.66 30 0.00
54.66 B1 4476.40 4814.17 
54.66 B3 4492.61 4827.33 
54.66 120 13 04 50
54.66 244 0.22
54.665 22 4.92
54.665 23 -0.24
54.665 25 9.09
54.665 30 0.00
54.665 B1 4475.60 4814.18 
54.665 B3 4491.14 4827.64 
54.665 120 13 04 50
54.665 244 0.22
54.67 22 4.97
54.67 23 -0.24
54.67 25 9.09
54.67 30 0.00
54.67 B1 4475.39 4815.54 
54.67 B3 4490.78 4829.21 
54.67 120 13 04 50
54.67 244 0.22
54.675 22 5.02
54.675 23 -0.24
54.675 25 8.97
54.675 30 0.00
54.675 B1 4474.34 4816.42 
54.675 B3 4489.98 4830.44 
54.675 120 13 04 50
54.675 244 0.22
54.68 22 4.99
54.68 23 -0.22
54.68 25 8.97
54.68 30 0.00
54.68 B1 4472.83 4817.36 
54.68 B3 4488.88 4831.43 
54.68 120 13 04 50
54.68 244 0.22
54.685 22 5.04
54.685 23 -0.22
54.685 25 8.97
54.685 30 0.00
54.685 B1 4472.20 4819.22 
54.685 B3 4488.82 4833.44 
54.685 120 13 04 50
54.685 244 0.23
54.69 22 5.09
54.69 23 -0.21
54.69 25 8.97
54.69 30 0.00
54.69 B1 4471.82 4821.66 
54.69 B3 4489.46 4836.14 
54.69 120 13 04 50
54.69 244 0.23
54.695 22 5.14
54.695 23 -0.19
54.695 25 8.97
54.695 30 0.00
54.695 B1 4470.42 4823.15 
54.695 B3 4489.40 4838.11 
54.695 120 13 04 50
54.695 244 0.23
54.7 22 5.19
54.7 23 -0.19
54.7 25 8.97
54.7 30 0.00
54.7 B1 4468.27 4824.03 
54.7 B3 4488.89 4839.59 
54.7 120 13 04 50
54.7 244 0.23
54.705 22 5.24
54.705 23 -0.19
54.705 25 8.97
54.705 30 0.00
54.705 B1 4465.49 4824.51 
54.705 B3 4488.08 4840.73 
54.705 120 13 04 50
54.705 244 0.23
54.71 22 5.29
54.71 23 -0.19
54.71 25 8.97
54.71 30 0.00
54.71 B1 4462.53 4824.73 
54.71 B3 4487.09 4841.63 
54.71 120 13 04 50
54.71 244 0.23
54.715 22 5.33
54.715 23 -0.19
54.715 25 8.97
54.715 30 0.00
54.715 B1 4460.47 4826.11 
54.715 B3 4487.18 4843.56 
54.715 120 13 04 50
54.715 244 0.23
54.72 22 5.38
54.72 23 -0.19
54.72 25 9.09
54.72 30 0.00
54.72 B1 4457.92 4826.90 
54.72 B3 4486.84 4844.95 
54.72 120 13 04 50
54.72 244 0.24
54.725 22 5.51
54.725 23 -0.20
54.725 25 8.97
54.725 30 0.00
54.725 B1 4455.65 4828.25 
54.725 B3 4487.42 4847.17 
54.725 120 13 04 50
54.725 244 0.23
54.73 22 5.47
54.73 23 -0.18
54.73 25 8.97
54.73 30 0.00
54.73 B1 4452.14 4828.16 
54.73 B3 4486.22 4847.54 
54.73 120 13 04 50
54.73 244 0.23
54.735 22 5.51
54.735 23 -0.19
54.735 25 8.97
54.735 30 0.00
54.735 B1 4448.54 4828.04 
54.735 B3 4485.09 4847.83 
54.735 120 13 04 50
54.735 244 0.23
54.74 22 5.55
54.74 23 -0.19
54.74 25 8.97
54.74 30 0.00
54.74 B1 4444.80 4827.89 
54.74 B3 4484.02 4848.04 
54.74 120 13 04 50
54.74 244 0.23
54.745 22 5.59
54.745 23 -0.20
54.745 25 8.97
54.745 30 0.00
54.745 B1 4441.42 4827.74 
54.745 B3 4483.02 4848.14 
54.745 120 13 04 50
54.745 244 0.23
54.75 22 5.63
54.75 23 -0.21
54.75 25 9.09
54.75 30 0.00
54.75 B1 4437.78 4827.60 
54.75 B3 4482.10 4848.16 
54.75 120 13 04 50
54.75 244 0.24
54.755 22 5.60
54.755 23 -0.12
54.755 25 9.09
54.755 30 0.00
54.755 B1 4436.73 4828.40 
54.755 B3 4482.44 4849.27 
54.755 120 13 04 50
54.755 244 0.24
54.76 22 5.39
54.76 23 -0.20
54.76 25 9.09
54.76 30 0.00
54.76 B1 4456.30 4828.84 
54.76 B3 4482.57 4849.91 
54.76 120 13 04 50
54.76 244 0.24
54.765 22 5.44
54.765 23 -0.16
54.765 25 9.09
54.765 30 0.00
54.765 B1 4469.56 4828.61 
54.765 B3 4481.92 4850.65 
54.765 120 13 04 50
54.765 244 0.24
54.77 22 5.50
54.77 23 -0.14
54.77 25 8.97
54.77 30 0.00
54.77 B1 4477.97 4827.93 
54.77 B3 4480.75 4851.50 
54.77 120 13 04 50
54.77 244 0.24
54.775 22 5.48
54.775 23 -0.11
54.775 25 8.97
54.775 30 0.00
54.775 B1 4483.27 4827.35 
54.775 B3 4479.23 4852.46 
54.775 120 13 04 50
54.775 244 0.24
54.78 22 5.53
54.78 23 -0.10
54.78 25 8.97
54.78 30 0.00
54.78 B1 4486.09 4826.40 
54.78 B3 4477.52 4853.50 
54.78 120 13 04 50
54.78 244 0.24
54.785 22 4.90
54.785 23 -0.07
54.785 25 8.97
54.785 30 0.00
54.785 B1 4499.51 4825.18 
54.785 B3 4475.69 4854.62 
54.785 120 13 04 50
54.785 244 0.24
54.79 22 6.67
54.79 23 -0.13
54.79 25 8.97
54.79 30 0.00
54.79 B1 4485.78 4825.90 
54.79 B3 4476.25 4858.15 
54.79 120 13 04 50
54.79 244 0.24
54.795 22 6.89
54.795 23 -0.12
54.795 25 8.97
54.795 30 0.00
54.795 B1 4466.91 4826.41 
54.795 B3 4475.44 4861.41 
54.795 120 13 04 50
54.795 244 0.24
54.8 22 6.91
54.8 23 -0.15
54.8 25 8.97
54.8 30 0.00
54.8 B1 4453.91 4827.00 
54.8 B3 4473.85 4864.41 
54.8 120 13 04 50
54.8 244 0.24
54.805 22 6.93
54.805 23 -0.17
54.805 25 8.97
54.805 30 0.00
54.805 B1 4444.54 4827.63 
54.805 B3 4471.74 4867.20 
54.805 120 13 04 50
54.805 244 0.25
54.81 22 6.95
54.81 23 -0.18
54.81 25 9.09
54.81 30 0.00
54.81 B1 4438.73 4829.59 
54.81 B3 4470.50 4871.01 
54.81 120 13 04 50
54.81 244 0.25
54.815 22 7.07
54.815 23 -0.20
54.815 25 9.09
54.815 30 0.00
54.815 B1 4433.34 4830.65 
54.815 B3 4468.66 4874.30 
54.815 120 13 04 50
54.815 244 0.25
54.82 22 7.09
54.82 23 -0.20
54.82 25 9.09
54.82 30 0.00
54.82 B1 4428.67 4831.60 
54.82 B3 4466.41 4877.24 
54.82 120 13 04 50
54.82 244 0.25
54.825 22 7.10
54.825 23 -0.20
54.825 25 9.09
54.825 30 0.00
54.825 B1 4425.81 4833.81 
54.825 B3 4465.12 4881.09 
54.825 120 13 04 50
54.825 244 0.25
54.83 22 7.12
54.83 23 -0.19
54.83 25 9.09
54.83 30 0.00
54.83 B1 4422.73 4835.48 
54.83 B3 4463.29 4884.37 
54.83 120 13 04 50
54.83 244 0.26
54.835 22 7.14
54.835 23 -0.19
54.835 25 9.21
54.835 30 0.00
54.835 B1 4420.94 4838.14 
54.835 B3 4462.35 4888.41 
54.835 120 13 04 50
54.835 244 0.26
54.84 22 7.25
54.84 23 -0.19
54.84 25 9.21
54.84 30 0.00
54.84 B1 4419.49 4840.99 
54.84 B3 4462.03 4892.96 
54.84 120 13 04 50
54.84 244 0.26
54.845 22 6.16
54.845 23 -0.36
54.845 25 9.46
54.845 30 0.00
54.845 B1 4417.39 4843.11 
54.845 B3 4465.26 4896.67 
54.845 120 13 04 50
54.845 244 0.26
54.85 22 6.39
54.85 23 -0.34
54.85 25 9.46
54.85 30 0.00
54.85 B1 4411.94 4843.07 
54.85 B3 4453.16 4899.11 
54.85 120 13 04 50
54.85 244 0.26
54.855 22 6.90
54.855 23 -0.27
54.855 25 9.71
54.855 30 0.00
54.855 B1 4407.16 4843.70 
54.855 B3 4440.97 4902.09 
54.855 120 13 04 50
54.855 244 0.26
54.86 22 7.08
54.86 23 -0.36
54.86 25 9.95
54.86 30 0.00
54.86 B1 4403.68 4844.83 
54.86 B3 4437.18 4906.44 
54.86 120 13 04 50
54.86 244 0.27
54.865 22 7.29
54.865 23 -0.40
54.865 25 9.95
54.865 30 0.00
54.865 B1 4403.38 4849.04 
54.865 B3 4436.73 4914.11 
54.865 120 13 04 50
54.865 244 0.27
54.87 22 7.14
54.87 23 -0.31
54.87 25 10.08
54.87 30 0.00
54.87 B1 4401.81 4852.17 
54.87 B3 4438.26 4920.59 
54.87 120 13 04 50
54.87 244 0.27
54.875 22 7.11
54.875 23 -0.43
54.875 25 10.08
54.875 30 0.00
54.875 B1 4397.74 4852.99 
54.875 B3 4458.98 4925.05 
54.875 120 13 04 50
54.875 244 0.27
54.88 22 6.74
54.88 23 -0.46
54.88 25 10.08
54.88 30 0.00
54.88 B1 4393.40 4854.86 
54.88 B3 4483.01 4928.83 
54.88 120 13 04 50
54.88 244 0.27
54.885 22 7.85
54.885 23 -0.28
54.885 25 10.08
54.885 30 0.00
54.885 B1 4388.50 4857.73 
54.885 B3 4482.59 4932.07 
54.885 120 13 04 50
54.885 244 0.27
54.89 22 8.11
54.89 23 -0.19
54.89 25 9.95
54.89 30 0.00
54.89 B1 4384.42 4860.44 
54.89 B3 4467.16 4934.55 
54.89 120 13 04 50
54.89 244 0.26
54.895 22 8.02
54.895 23 -0.19
54.895 25 10.08
54.895 30 0.00
54.895 B1 4380.48 4861.85 
54.895 B3 4454.87 4935.38 
54.895 120 13 04 50
54.895 244 0.26
54.9 22 8.12
54.9 23 -0.23
54.9 25 10.08
54.9 30 0.00
54.9 B1 4377.05 4862.76 
54.9 B3 4445.93 4936.17 
54.9 120 13 04 50
54.9 244 0.26
54.905 22 8.12
54.905 23 -0.25
54.905 25 10.08
54.905 30 0.00
54.905 B1 4374.36 4863.89 
54.905 B3 4439.12 4936.93 
54.905 120 13 04 50
54.905 244 0.26
54.91 22 8.12
54.91 23 -0.25
54.91 25 10.08
54.91 30 0.00
54.91 B1 4372.08 4865.13 
54.91 B3 4433.73 4937.62 
54.91 120 13 04 50
54.91 244 0.26
54.915 22 8.13
54.915 23 -0.26
54.915 25 10.08
54.915 30 0.00
54.915 B1 4370.07 4866.42 
54.915 B3 4429.29 4938.25 
54.915 120 13 04 50
54.915 244 0.26
54.92 22 8.13
54.92 23 -0.26
54.92 25 10.08
54.92 30 0.00
54.92 B1 4368.24 4867.72 
54.92 B3 4425.50 4938.79 
54.92 120 13 04 50
54.92 244 0.26
54.925 22 8.14
54.925 23 -0.26
54.925 25 10.08
54.925 30 0.00
54.925 B1 4366.54 4869.00 
54.925 B3 4422.16 4939.25 
54.925 120 13 04 50
54.925 244 0.26
54.93 22 8.14
54.93 23 -0.25
54.93 25 10.08
54.93 30 0.00
54.93 B1 4364.95 4870.25 
54.93 B3 4419.14 4939.64 
54.93 120 13 04 50
54.93 244 0.26
54.935 22 8.15
54.935 23 -0.25
54.935 25 10.08
54.935 30 0.00
54.935 B1 4363.46 4871.47 
54.935 B3 4416.37 4939.94 
54.935 120 13 04 50
54.935 244 0.26
54.94 22 8.15
54.94 23 -0.25
54.94 25 10.08
54.94 30 0.00
54.94 B1 4362.05 4872.64 
54.94 B3 4413.77 4940.18 
54.94 120 13 04 50
54.94 244 0.26
54.945 22 8.16
54.945 23 -0.25
54.945 25 10.08
54.945 30 0.00
54.945 B1 4360.73 4873.76 
54.945 B3 4411.33 4940.35 
54.945 120 13 04 50
54.945 244 0.26
54.95 22 8.17
54.95 23 -0.24
54.95 25 10.08
54.95 30 0.00
54.95 B1 4359.47 4874.83 
54.95 B3 4409.02 4940.45 
54.95 120 13 04 50
54.95 244 0.26
54.955 22 8.17
54.955 23 -0.24
54.955 25 10.08
54.955 30 0.00
54.955 B1 4358.29 4875.85 
54.955 B3 4406.82 4940.50 
54.955 120 13 04 50
54.955 244 0.26
54.96 22 8.18
54.96 23 -0.24
54.96 25 10.08
54.96 30 0.00
54.96 B1 4355.84 4875.48 
54.96 B3 4403.53 4939.29 
54.96 120 13 04 50
54.96 244 0.26
54.965 22 8.19
54.965 23 -0.24
54.965 25 10.08
54.965 30 0.00
54.965 B1 4354.05 4875.58 
54.965 B3 4400.75 4938.40 
54.965 120 13 04 50
54.965 244 0.26
54.97 22 8.19
54.97 23 -0.25
54.97 25 10.08
54.97 30 0.00
54.97 B1 4352.64 4875.92 
54.97 B3 4398.33 4937.71 
54.97 120 13 04 50
54.97 244 0.26
54.975 22 8.20
54.975 23 -0.25
54.975 25 10.08
54.975 30 0.00
54.975 B1 4351.44 4876.39 
54.975 B3 4396.16 4937.14 
54.975 120 13 04 50
54.975 244 0.26
54.98 22 8.21
54.98 23 -0.25
54.98 25 10.08
54.98 30 0.00
54.98 B1 4350.37 4876.90 
54.98 B3 4394.18 4936.66 
54.98 120 13 04 50
54.98 244 0.26
54.985 22 8.21
54.985 23 -0.25
54.985 25 10.08
54.985 30 0.00
54.985 B1 4349.40 4877.42 
54.985 B3 4392.35 4936.23 
54.985 120 13 04 50
54.985 244 0.26
54.99 22 8.22
54.99 23 -0.24
54.99 25 10.08
54.99 30 0.00
54.99 B1 4348.47 4877.92 
54.99 B3 4390.63 4935.82 
54.99 120 13 04 50
54.99 244 0.26
54.995 22 8.23
54.995 23 -0.24
54.995 25 10.08
54.995 30 0.00
54.995 B1 4346.27 4877.06 
54.995 B3 4387.82 4934.23 
54.995 120 13 04 50
54.995 244 0.26
55 22 8.24
55 23 -0.25
55 25 10.08
55 30 0.00
55 B1 4344.70 4876.66 
55 B3 4385.51 4933.00 
55 120 13 04 50
55 244 0.26
55.005 22 8.24
55.005 23 -0.26
55.005 25 10.08
55.005 30 0.00
55.005 B1 4343.47 4876.51 
55.005 B3 4383.55 4932.02 
55.005 120 13 04 50
55.005 244 0.26
55.01 22 8.25
55.01 23 -0.26
55.01 25 10.08
55.01 30 0.00
55.01 B1 4342.43 4876.49 
55.01 B3 4381.83 4931.20 
55.01 120 13 04 50
55.01 244 0.26
55.015 22 8.26
55.015 23 -0.26
55.015 25 10.08
55.015 30 0.00
55.015 B1 4341.49 4876.53 
55.015 B3 4380.27 4930.50 
55.015 120 13 04 50
55.015 244 0.26
55.02 22 8.27
55.02 23 -0.26
55.02 25 10.08
55.02 30 0.00
55.02 B1 4340.62 4876.57 
55.02 B3 4378.84 4929.86 
55.02 120 13 04 50
55.02 244 0.26
55.025 22 8.28
55.025 23 -0.26
55.025 25 10.08
55.025 30 0.00
55.025 B1 4339.78 4876.60 
55.025 B3 4377.50 4929.28 
55.025 120 13 04 50
55.025 244 0.26
55.03 22 8.29
55.03 23 -0.25
55.03 25 10.08
55.03 30 0.00
55.03 B1 4338.96 4876.60 
55.03 B3 4376.24 4928.72 
55.03 120 13 04 50
55.03 244 0.26
55.035 22 8.29
55.035 23 -0.25
55.035 25 10.08
55.035 30 0.00
55.035 B1 4338.15 4876.56 
55.035 B3 4375.04 4928.19 
55.035 120 13 04 50
55.035 244 0.26
55.04 22 8.30
55.04 23 -0.25
55.04 25 10.08
55.04 30 0.00
55.04 B1 4337.34 4876.47 
55.04 B3 4373.89 4927.66 
55.04 120 13 04 50
55.04 244 0.26
55.045 22 8.31
55.045 23 -0.25
55.045 25 10.08
55.045 30 0.00
55.045 B1 4336.53 4876.34 
55.045 B3 4372.78 4927.15 
55.045 120 13 04 50
55.045 244 0.26
55.05 22 8.32
55.05 23 -0.25
55.05 25 10.08
55.05 30 0.00
55.05 B1 4335.72 4876.16 
55.05 B3 4371.72 4926.63 
55.05 120 13 04 50
55.05 244 0.26
55.055 22 8.33
55.055 23 -0.25
55.055 25 10.08
55.055 30 0.00
55.055 B1 4334.91 4875.93 
55.055 B3 4370.69 4926.12 
55.055 120 13 04 50
55.055 244 0.26
55.06 22 8.34
55.06 23 -0.25
55.06 25 10.08
55.06 30 0.00
55.06 B1 4334.08 4875.66 
55.06 B3 4369.69 4925.61 
55.06 120 13 04 50
55.06 244 0.25
55.065 22 8.35
55.065 23 -0.25
55.065 25 10.08
55.065 30 0.00
55.065 B1 4331.93 4874.02 
55.065 B3 4367.52 4923.90 
55.065 120 13 04 50
55.065 244 0.26
55.07 22 8.36
55.07 23 -0.26
55.07 25 10.08
55.07 30 0.00
55.07 B1 4331.66 4874.15 
55.07 B3 4367.00 4923.75 
55.07 120 13 04 50
55.07 244 0.26
55.075 22 8.37
55.075 23 -0.25
55.075 25 10.08
55.075 30 0.00
55.075 B1 4331.12 4874.05 
55.075 B3 4366.34 4923.48 
55.075 120 13 04 50
55.075 244 0.26
55.08 22 8.39
55.08 23 -0.25
55.08 25 10.08
55.08 30 0.00
55.08 B1 4330.42 4873.79 
55.08 B3 4365.60 4923.13 
55.08 120 13 04 50
55.08 244 0.26
55.085 22 8.40
55.085 23 -0.25
55.085 25 10.08
55.085 30 0.00
55.085 B1 4329.63 4873.41 
55.085 B3 4364.81 4922.73 
55.085 120 13 04 50
55.085 244 0.25
55.09 22 8.41
55.09 23 -0.25
55.09 25 10.08
55.09 30 0.00
55.09 B1 4327.46 4871.64 
55.09 B3 4362.81 4921.09 
55.09 120 13 04 50
55.09 244 0.25
55.095 22 8.42
55.095 23 -0.26
55.095 25 10.08
55.095 30 0.00
55.095 B1 4325.83 4870.30 
55.095 B3 4361.22 4919.79 
55.095 120 13 04 50
55.095 244 0.26
55.1 22 8.43
55.1 23 -0.26
55.1 25 10.08
55.1 30 0.00
55.1 B1 4325.81 4870.53 
55.1 B3 4361.08 4919.91 
55.1 120 13 04 50
55.1 244 0.26
55.105 22 8.44
55.105 23 -0.26
55.105 25 10.08
55.105 30 0.00
55.105 B1 4325.37 4870.41 
55.105 B3 4360.69 4919.82 
55.105 120 13 04 50
55.105 244 0.26
55.11 22 8.45
55.11 23 -0.25
55.11 25 10.08
55.11 30 0.00
55.11 B1 4324.69 4870.06 
55.11 B3 4360.13 4919.59 
55.11 120 13 04 50
55.11 244 0.26
55.115 22 8.47
55.115 23 -0.25
55.115 25 10.08
55.115 30 0.00
55.115 B1 4323.86 4869.57 
55.115 B3 4359.46 4919.26 
55.115 120 13 04 50
55.115 244 0.26
55.12 22 8.48
55.12 23 -0.25
55.12 25 10.08
55.12 30 0.00
55.12 B1 4322.96 4868.98 
55.12 B3 4358.74 4918.86 
55.12 120 13 04 50
55.12 244 0.26
55.125 22 8.49
55.125 23 -0.25
55.125 25 10.08
55.125 30 0.00
55.125 B1 4322.00 4868.33 
55.125 B3 4357.98 4918.41 
55.125 120 13 04 50
55.125 244 0.26
55.13 22 8.50
55.13 23 -0.25
55.13 25 10.08
55.13 30 0.00
55.13 B1 4321.01 4867.62 
55.13 B3 4357.18 4917.93 
55.13 120 13 04 50
55.13 244 0.26
55.135 22 8.51
55.135 23 -0.25
55.135 25 10.08
55.135 30 0.00
55.135 B1 4320.00 4866.88 
55.135 B3 4356.37 4917.43 
55.135 120 13 04 50
55.135 244 0.26
55.14 22 8.52
55.14 23 -0.25
55.14 25 10.08
55.14 30 0.00
55.14 B1 4318.97 4866.10 
55.14 B3 4355.55 4916.90 
55.14 120 13 04 50
55.14 244 0.26
55.145 22 8.54
55.145 23 -0.25
55.145 25 10.08
55.145 30 0.00
55.145 B1 4317.92 4865.31 
55.145 B3 4354.72 4916.36 
55.145 120 13 04 50
55.145 244 0.25
55.15 22 8.55
55.15 23 -0.25
55.15 25 10.08
55.15 30 0.00
55.15 B1 4315.55 4863.18 
55.15 B3 4352.69 4914.61 
55.15 120 13 04 50
55.15 244 0.25
55.155 22 8.56
55.155 23 -0.26
55.155 25 10.08
55.155 30 0.00
55.155 B1 4313.74 4861.52 
55.155 B3 4351.07 4913.21 
55.155 120 13 04 50
55.155 244 0.26
55.16 22 8.57
55.16 23 -0.27
55.16 25 10.08
55.16 30 0.00
55.16 B1 4313.56 4861.48 
55.16 B3 4350.91 4913.24 
55.16 120 13 04 50
55.16 244 0.25
55.165 22 8.58
55.165 23 -0.26
55.165 25 10.08
55.165 30 0.00
55.165 B1 4311.65 4859.79 
55.165 B3 4349.29 4911.88 
55.165 120 13 04 50
55.165 244 0.25
55.17 22 8.59
55.17 23 -0.27
55.17 25 10.20
55.17 30 0.00
55.17 B1 4310.09 4858.40 
55.17 B3 4347.94 4910.73 
55.17 120 13 04 50
55.17 244 0.25
55.175 22 8.69
55.175 23 -0.29
55.175 25 10.20
55.175 30 0.00
55.175 B1 4308.28 4856.73 
55.175 B3 4346.73 4909.73 
55.175 120 13 04 50
55.175 244 0.25
55.18 22 8.70
55.18 23 -0.30
55.18 25 10.07
55.18 30 0.00
55.18 B1 4306.72 4855.39 
55.18 B3 4345.57 4908.86 
55.18 120 13 04 50
55.18 244 0.25
55.185 22 8.62
55.185 23 -0.28
55.185 25 10.07
55.185 30 0.00
55.185 B1 4305.75 4854.71 
55.185 B3 4344.44 4908.06 
55.185 120 13 04 50
55.185 244 0.25
55.19 22 8.63
55.19 23 -0.28
55.19 25 10.07
55.19 30 0.00
55.19 B1 4304.71 4853.92 
55.19 B3 4343.37 4907.29 
55.19 120 13 04 50
55.19 244 0.25
55.195 22 8.64
55.195 23 -0.28
55.195 25 10.07
55.195 30 0.00
55.195 B1 4303.62 4853.08 
55.195 B3 4342.35 4906.54 
55.195 120 13 04 50
55.195 244 0.25
55.2 22 8.65
55.2 23 -0.28
55.2 25 10.07
55.2 30 0.00
55.2 B1 4302.51 4852.19 
55.2 B3 4341.35 4905.79 
55.2 120 13 04 50
55.2 244 0.25
55.205 22 8.66
55.205 23 -0.28
55.205 25 10.07
55.205 30 0.00
55.205 B1 4301.38 4851.27 
55.205 B3 4340.37 4905.05 
55.205 120 13 04 50
55.205 244 0.25
55.21 22 8.67
55.21 23 -0.28
55.21 25 10.07
55.21 30 0.00
55.21 B1 4300.25 4850.35 
55.21 B3 4339.39 4904.31 
55.21 120 13 04 50
55.21 244 0.25
55.215 22 8.68
55.215 23 -0.28
55.215 25 10.07
55.215 30 0.00
55.215 B1 4299.12 4849.41 
55.215 B3 4338.41 4903.57 
55.215 120 13 04 50
55.215 244 0.25
55.22 22 8.69
55.22 23 -0.28
55.22 25 10.07
55.22 30 0.00
55.22 B1 4297.99 4848.47 
55.22 B3 4337.43 4902.82 
55.22 120 13 04 50
55.22 244 0.25
55.225 22 8.70
55.225 23 -0.28
55.225 25 10.07
55.225 30 0.00
55.225 B1 4296.87 4847.53 
55.225 B3 4336.46 4902.07 
55.225 120 13 04 50
55.225 244 0.25
55.23 22 8.71
55.23 23 -0.28
55.23 25 10.07
55.23 30 0.00
55.23 B1 4295.74 4846.58 
55.23 B3 4335.48 4901.31 
55.23 120 13 04 50
55.23 244 0.25
55.235 22 8.72
55.235 23 -0.29
55.235 25 10.07
55.235 30 0.00
55.235 B1 4294.62 4845.64 
55.235 B3 4334.49 4900.54 
55.235 120 13 04 50
55.235 244 0.25
55.24 22 8.73
55.24 23 -0.29
55.24 25 10.07
55.24 30 0.00
55.24 B1 4293.50 4844.70 
55.24 B3 4333.50 4899.77 
55.24 120 13 04 50
55.24 244 0.25
55.245 22 8.74
55.245 23 -0.29
55.245 25 10.07
55.245 30 0.00
55.245 B1 4292.39 4843.76 
55.245 B3 4332.52 4898.99 
55.245 120 13 04 50
55.245 244 0.25
55.25 22 8.75
55.25 23 -0.29
55.25 25 10.07
55.25 30 0.00
55.25 B1 4291.29 4842.83 
55.25 B3 4331.53 4898.20 
55.25 120 13 04 50
55.25 244 0.25
55.255 22 8.75
55.255 23 -0.29
55.255 25 10.07
55.255 30 0.00
55.255 B1 4290.19 4841.90 
55.255 B3 4330.53 4897.40 
55.255 120 13 04 50
55.255 244 0.25
55.26 22 8.76
55.26 23 -0.29
55.26 25 10.07
55.26 30 0.00
55.26 B1 4287.79 4839.65 
55.26 B3 4328.34 4895.41 
55.26 120 13 04 50
55.26 244 0.25
55.265 22 8.77
55.265 23 -0.30
55.265 25 10.07
55.265 30 0.00
55.265 B1 4285.97 4837.90 
55.265 B3 4326.57 4893.76 
55.265 120 13 04 50
55.265 244 0.25
55.27 22 8.77
55.27 23 -0.30
55.27 25 10.07
55.27 30 0.00
55.27 B1 4284.48 4836.46 
55.27 B3 4325.07 4892.35 
55.27 120 13 04 50
55.27 244 0.25
55.275 22 8.78
55.275 23 -0.31
55.275 25 10.07
55.275 30 0.00
55.275 B1 4283.17 4835.21 
55.275 B3 4323.75 4891.11 
55.275 120 13 04 50
55.275 244 0.25
55.28 22 8.79
55.28 23 -0.31
55.28 25 10.07
55.28 30 0.00
55.28 B1 4281.97 4834.07 
55.28 B3 4322.52 4889.97 
55.28 120 13 04 50
55.28 244 0.25
55.285 22 8.79
55.285 23 -0.31
55.285 25 10.07
55.285 30 0.00
55.285 B1 4280.82 4833.01 
55.285 B3 4321.36 4888.90 
55.285 120 13 04 50
55.285 244 0.25
55.29 22 8.80
55.29 23 -0.31
55.29 25 10.07
55.29 30 0.00
55.29 B1 4279.70 4831.98 
55.29 B3 4320.24 4887.88 
55.29 120 13 04 50
55.29 244 0.25
55.295 22 8.80
55.295 23 -0.31
55.295 25 10.07
55.295 30 0.00
55.295 B1 4278.61 4830.99 
55.295 B3 4319.15 4886.89 
55.295 120 13 04 50
55.295 244 0.25
55.3 22 8.81
55.3 23 -0.31
55.3 25 10.07
55.3 30 0.00
55.3 B1 4277.53 4830.01 
55.3 B3 4318.09 4885.92 
55.3 120 13 04 50
55.3 244 0.25
55.305 22 8.81
55.305 23 -0.32
55.305 25 10.07
55.305 30 0.00
55.305 B1 4276.46 4829.04 
55.305 B3 4317.03 4884.97 
55.305 120 13 04 50
55.305 244 0.25
55.31 22 8.82
55.31 23 -0.32
55.31 25 10.07
55.31 30 0.00
55.31 B1 4275.41 4828.08 
55.31 B3 4315.97 4884.02 
55.31 120 13 04 50
55.31 244 0.25
55.315 22 8.82
55.315 23 -0.32
55.315 25 10.07
55.315 30 0.00
55.315 B1 4274.36 4827.13 
55.315 B3 4314.93 4883.07 
55.315 120 13 04 50
55.315 244 0.25
55.32 22 8.83
55.32 23 -0.32
55.32 25 10.07
55.32 30 0.00
55.32 B1 4274.64 4827.50 
55.32 B3 4315.08 4883.32 
55.32 120 13 04 50
55.32 244 0.25
55.325 22 8.83
55.325 23 -0.30
55.325 25 10.07
55.325 30 0.00
55.325 B1 4274.34 4827.37 
55.325 B3 4314.81 4883.20 
55.325 120 13 04 50
55.325 244 0.25
55.33 22 8.83
55.33 23 -0.30
55.33 25 10.07
55.33 30 0.00
55.33 B1 4272.40 4825.61 
55.33 B3 4313.08 4881.65 
55.33 120 13 04 50
55.33 244 0.25
55.335 22 8.84
55.335 23 -0.31
55.335 25 10.07
55.335 30 0.00
55.335 B1 4270.90 4824.18 
55.335 B3 4311.62 4880.28 
55.335 120 13 04 50
55.335 244 0.25
55.34 22 8.84
55.34 23 -0.31
55.34 25 10.07
55.34 30 0.00
55.34 B1 4269.63 4822.94 
55.34 B3 4310.32 4879.04 
55.34 120 13 04 50
55.34 244 0.25
55.345 22 8.84
55.345 23 -0.31
55.345 25 10.07
55.345 30 0.00
55.345 B1 4269.81 4823.14 
55.345 B3 4310.33 4879.09 
55.345 120 13 04 50
55.345 244 0.25
55.35 22 8.85
55.35 23 -0.30
55.35 25 10.07
55.35 30 0.00
55.35 B1 4268.15 4821.59 
55.35 B3 4308.78 4877.63 
55.35 120 13 04 50
55.35 244 0.25
55.355 22 8.85
55.355 23 -0.31
55.355 25 10.07
55.355 30 0.00
55.355 B1 4266.80 4820.28 
55.355 B3 4307.43 4876.33 
55.355 120 13 04 50
55.355 244 0.25
55.36 22 8.85
55.36 23 -0.31
55.36 25 10.07
55.36 30 0.00
55.36 B1 4265.63 4819.11 
55.36 B3 4306.21 4875.13 
55.36 120 13 04 50
55.36 244 0.25
55.365 22 8.85
55.365 23 -0.31
55.365 25 10.07
55.365 30 0.00
55.365 B1 4265.87 4819.36 
55.365 B3 4306.27 4875.20 
55.365 120 13 04 50
55.365 244 0.25
55.37 22 8.85
55.37 23 -0.30
55.37 25 10.07
55.37 30 0.00
55.37 B1 4265.58 4819.15 
55.37 B3 4305.96 4874.95 
55.37 120 13 04 50
55.37 244 0.25
55.375 22 8.86
55.375 23 -0.30
55.375 25 10.07
55.375 30 0.00
55.375 B1 4263.67 4817.35 
55.375 B3 4304.21 4873.29 
55.375 120 13 04 50
55.375 244 0.25
55.38 22 8.86
55.38 23 -0.30
55.38 25 10.07
55.38 30 0.00
55.38 B1 4262.21 4815.89 
55.38 B3 4302.75 4871.84 
55.38 120 13 04 50
55.38 244 0.25
55.385 22 8.86
55.385 23 -0.31
55.385 25 10.07
55.385 30 0.00
55.385 B1 4260.99 4814.63 
55.385 B3 4301.47 4870.54 
55.385 120 13 04 50
55.385 244 0.25
55.39 22 8.86
55.39 23 -0.31
55.39 25 10.07
55.39 30 0.00
55.39 B1 4259.89 4813.50 
55.39 B3 4300.30 4869.34 
55.39 120 13 04 50
55.39 244 0.25
55.395 22 8.86
55.395 23 -0.31
55.395 25 10.07
55.395 30 0.00
55.395 B1 4258.87 4812.44 
55.395 B3 4299.21 4868.21 
55.395 120 13 04 50
55.395 244 0.25
55.4 22 8.86
55.4 23 -0.31
55.4 25 10.07
55.4 30 0.00
55.4 B1 4257.89 4811.42 
55.4 B3 4298.16 4867.12 
55.4 120 13 04 50
55.4 244 0.25
55.405 22 8.86
55.405 23 -0.31
55.405 25 10.07
55.405 30 0.00
55.405 B1 4256.94 4810.43 
55.405 B3 4297.15 4866.06 
55.405 120 13 04 50
55.405 244 0.25
55.41 22 8.86
55.41 23 -0.31
55.41 25 10.07
55.41 30 0.00
55.41 B1 4257.31 4810.77 
55.41 B3 4297.35 4866.21 
55.41 120 13 04 50
55.41 244 0.25
55.415 22 8.86
55.415 23 -0.30
55.415 25 10.07
55.415 30 0.00
55.415 B1 4255.79 4809.30 
55.415 B3 4295.93 4864.82 
55.415 120 13 04 50
55.415 244 0.25
55.42 22 8.86
55.42 23 -0.30
55.42 25 10.07
55.42 30 0.00
55.42 B1 4255.86 4809.35 
55.42 B3 4295.88 4864.75 
55.42 120 13 04 50
55.42 244 0.25
55.425 22 8.86
55.425 23 -0.30
55.425 25 10.07
55.425 30 0.00
55.425 B1 4255.49 4809.02 
55.425 B3 4295.52 4864.40 
55.425 120 13 04 50
55.425 244 0.25
55.43 22 8.87
55.43 23 -0.29
55.43 25 10.07
55.43 30 0.00
55.43 B1 4254.89 4808.46 
55.43 B3 4294.95 4863.86 
55.43 120 13 04 50
55.43 244 0.25
55.435 22 8.87
55.435 23 -0.29
55.435 25 10.07
55.435 30 0.00
55.435 B1 4254.16 4807.76 
55.435 B3 4294.26 4863.20 
55.435 120 13 04 50
55.435 244 0.25
55.44 22 8.87
55.44 23 -0.28
55.44 25 10.07
55.44 30 0.00
55.44 B1 4253.37 4806.98 
55.44 B3 4293.48 4862.44 
55.44 120 13 04 50
55.44 244 0.25
55.445 22 8.87
55.445 23 -0.28
55.445 25 10.07
55.445 30 0.00
55.445 B1 4251.22 4804.82 
55.445 B3 4291.48 4860.43 
55.445 120 13 04 50
55.445 244 0.25
55.45 22 8.87
55.45 23 -0.29
55.45 25 10.07
55.45 30 0.00
55.45 B1 4250.97 4804.45 
55.45 B3 4291.07 4859.94 
55.45 120 13 04 50
55.45 244 0.25
55.455 22 8.87
55.455 23 -0.29
55.455 25 10.07
55.455 30 0.00
55.455 B1 4250.44 4803.87 
55.455 B3 4290.48 4859.30 
55.455 120 13 04 50
55.455 244 0.25
55.46 22 8.87
55.46 23 -0.28
55.46 25 10.07
55.46 30 0.00
55.46 B1 4249.75 4803.15 
55.46 B3 4289.78 4858.56 
55.46 120 13 04 50
55.46 244 0.25
55.465 22 8.87
55.465 23 -0.28
55.465 25 10.07
55.465 30 0.00
55.465 B1 4248.98 4802.35 
55.465 B3 4289.01 4857.75 
55.465 120 13 04 50
55.465 244 0.25
55.47 22 8.86
55.47 23 -0.28
55.47 25 10.07
55.47 30 0.00
55.47 B1 4248.17 4801.50 
55.47 B3 4288.20 4856.90 
55.47 120 13 04 50
55.47 244 0.25
55.475 22 8.86
55.475 23 -0.28
55.475 25 10.07
55.475 30 0.00
55.475 B1 4246.02 4799.30 
55.475 B3 4286.17 4854.82 
55.475 120 13 04 50
55.475 244 0.25
55.48 22 8.86
55.48 23 -0.29
55.48 25 10.07
55.48 30 0.00
55.48 B1 4244.45 4797.59 
55.48 B3 4284.56 4853.08 
55.48 120 13 04 50
55.48 244 0.25
55.485 22 8.86
55.485 23 -0.30
55.485 25 10.07
55.485 30 0.00
55.485 B1 4243.20 4796.16 
55.485 B3 4283.20 4851.58 
55.485 120 13 04 50
55.485 244 0.25
55.49 22 8.86
55.49 23 -0.30
55.49 25 10.07
55.49 30 0.00
55.49 B1 4242.11 4794.92 
55.49 B3 4282.01 4850.23 
55.49 120 13 04 50
55.49 244 0.25
55.495 22 8.86
55.495 23 -0.30
55.495 25 10.07
55.495 30 0.00
55.495 B1 4242.43 4795.09 
55.495 B3 4282.13 4850.18 
55.495 120 13 04 50
55.495 244 0.25
55.5 22 8.86
55.5 23 -0.29
55.5 25 10.07
55.5 30 0.00
55.5 B1 4240.88 4793.51 
55.5 B3 4280.67 4848.66 
55.5 120 13 04 50
55.5 244 0.25
55.505 22 8.86
55.505 23 -0.30
55.505 25 10.07
55.505 30 0.00
55.505 B1 4239.64 4792.17 
55.505 B3 4279.42 4847.29 
55.505 120 13 04 50
55.505 244 0.25
55.51 22 8.86
55.51 23 -0.30
55.51 25 10.07
55.51 30 0.00
55.51 B1 4238.56 4790.97 
55.51 B3 4278.30 4846.04 
55.51 120 13 04 50
55.51 244 0.25
55.515 22 8.86
55.515 23 -0.30
55.515 25 10.07
55.515 30 0.00
55.515 B1 4237.57 4789.85 
55.515 B3 4277.25 4844.87 
55.515 120 13 04 50
55.515 244 0.25
55.52 22 8.86
55.52 23 -0.30
55.52 25 10.07
55.52 30 0.00
55.52 B1 4236.63 4788.79 
55.52 B3 4276.26 4843.75 
55.52 120 13 04 50
55.52 244 0.25
55.525 22 8.86
55.525 23 -0.30
55.525 25 10.07
55.525 30 0.00
55.525 B1 4235.70 4787.76 
55.525 B3 4275.30 4842.67 
55.525 120 13 04 50
55.525 244 0.25
55.53 22 8.86
55.53 23 -0.30
55.53 25 10.07
55.53 30 0.00
55.53 B1 4236.12 4788.06 
55.53 B3 4275.56 4842.80 
55.53 120 13 04 50
55.53 244 0.25
55.535 22 8.86
55.535 23 -0.29
55.535 25 10.07
55.535 30 0.00
55.535 B1 4235.95 4787.88 
55.535 B3 4275.39 4842.59 
55.535 120 13 04 50
55.535 244 0.25
55.54 22 8.85
55.54 23 -0.28
55.54 25 10.07
55.54 30 0.00
55.54 B1 4235.46 4787.39 
55.54 B3 4274.96 4842.15 
55.54 120 13 04 50
55.54 244 0.25
55.545 22 8.85
55.545 23 -0.28
55.545 25 10.07
55.545 30 0.00
55.545 B1 4234.81 4786.73 
55.545 B3 4274.37 4841.54 
55.545 120 13 04 50
55.545 244 0.25
55.55 22 8.85
55.55 23 -0.28
55.55 25 10.07
55.55 30 0.00
55.55 B1 4234.07 4785.96 
55.55 B3 4273.68 4840.83 
55.55 120 13 04 50
55.55 244 0.25
55.555 22 8.85
55.555 23 -0.28
55.555 25 10.07
55.555 30 0.00
55.555 B1 4231.95 4783.81 
55.555 B3 4271.73 4838.84 
55.555 120 13 04 50
55.555 244 0.25
55.56 22 8.85
55.56 23 -0.29
55.56 25 10.07
55.56 30 0.00
55.56 B1 4230.42 4782.12 
55.56 B3 4270.18 4837.17 
55.56 120 13 04 50
55.56 244 0.25
55.565 22 8.85
55.565 23 -0.29
55.565 25 10.07
55.565 30 0.00
55.565 B1 4229.18 4780.71 
55.565 B3 4268.88 4835.72 
55.565 120 13 04 50
55.565 244 0.25
55.57 22 8.85
55.57 23 -0.29
55.57 25 10.07
55.57 30 0.00
55.57 B1 4228.12 4779.47 
55.57 B3 4267.73 4834.41 
55.57 120 13 04 50
55.57 244 0.25
55.575 22 8.85
55.575 23 -0.30
55.575 25 10.07
55.575 30 0.00
55.575 B1 4227.14 4778.34 
55.575 B3 4266.67 4833.19 
55.575 120 13 04 50
55.575 244 0.25
55.58 22 8.84
55.58 23 -0.30
55.58 25 10.07
55.58 30 0.00
55.58 B1 4226.20 4777.26 
55.58 B3 4265.68 4832.05 
55.58 120 13 04 50
55.58 244 0.25
55.585 22 8.84
55.585 23 -0.30
55.585 25 10.07
55.585 30 0.00
55.585 B1 4225.30 4776.23 
55.585 B3 4264.72 4830.95 
55.585 120 13 04 50
55.585 244 0.25
55.59 22 8.84
55.59 23 -0.30
55.59 25 10.07
55.59 30 0.00
55.59 B1 4224.40 4775.21 
55.59 B3 4263.79 4829.89 
55.59 120 13 04 50
55.59 244 0.25
55.595 22 8.84
55.595 23 -0.30
55.595 25 10.07
55.595 30 0.00
55.595 B1 4223.52 4774.22 
55.595 B3 4262.87 4828.84 
55.595 120 13 04 50
55.595 244 0.25
55.6 22 8.84
55.6 23 -0.30
55.6 25 10.07
55.6 30 0.00
55.6 B1 4222.64 4773.23 
55.6 B3 4261.96 4827.81 
55.6 120 13 04 50
55.6 244 0.25
55.605 22 8.84
55.605 23 -0.30
55.605 25 10.07
55.605 30 0.00
55.605 B1 4221.76 4772.25 
55.605 B3 4261.06 4826.79 
55.605 120 13 04 50
55.605 244 0.25
55.61 22 8.83
55.61 23 -0.30
55.61 25 10.07
55.61 30 0.00
55.61 B1 4220.89 4771.27 
55.61 B3 4260.16 4825.79 
55.61 120 13 04 50
55.61 244 0.25
55.615 22 8.83
55.615 23 -0.30
55.615 25 10.07
55.615 30 0.00
55.615 B1 4221.34 4771.61 
55.615 B3 4260.46 4825.98 
55.615 120 13 04 50
55.615 244 0.25
55.62 22 8.83
55.62 23 -0.28
55.62 25 10.07
55.62 30 0.00
55.62 B1 4221.19 4771.46 
55.62 B3 4260.33 4825.81 
55.62 120 13 04 50
55.62 244 0.25
55.625 22 8.83
55.625 23 -0.28
55.625 25 10.07
55.625 30 0.00
55.625 B1 4220.73 4771.00 
55.625 B3 4259.93 4825.39 
55.625 120 13 04 50
55.625 244 0.25
55.63 22 8.83
55.63 23 -0.27
55.63 25 10.07
55.63 30 0.00
55.63 B1 4218.78 4769.03 
55.63 B3 4258.17 4823.62 
55.63 120 13 04 50
55.63 244 0.25
55.635 22 8.83
55.635 23 -0.28
55.635 25 10.07
55.635 30 0.00
55.635 B1 4217.34 4767.47 
55.635 B3 4256.74 4822.10 
55.635 120 13 04 50
55.635 244 0.25
55.64 22 8.82
55.64 23 -0.29
55.64 25 10.07
55.64 30 0.00
55.64 B1 4216.17 4766.14 
55.64 B3 4255.52 4820.75 
55.64 120 13 04 50
55.64 244 0.25
55.645 22 8.82
55.645 23 -0.29
55.645 25 10.07
55.645 30 0.00
55.645 B1 4215.14 4764.96 
55.645 B3 4254.43 4819.51 
55.645 120 13 04 50
55.645 244 0.25
55.65 22 8.82
55.65 23 -0.29
55.65 25 10.07
55.65 30 0.00
55.65 B1 4214.20 4763.88 
55.65 B3 4253.41 4818.36 
55.65 120 13 04 50
55.65 244 0.25
55.655 22 8.82
55.655 23 -0.29
55.655 25 10.07
55.655 30 0.00
55.655 B1 4213.30 4762.84 
55.655 B3 4252.45 4817.26 
55.655 120 13 04 50
55.655 244 0.25
55.66 22 8.82
55.66 23 -0.29
55.66 25 10.07
55.66 30 0.00
55.66 B1 4212.42 4761.84 
55.66 B3 4251.52 4816.19 
55.66 120 13 04 50
55.66 244 0.25
55.665 22 8.81
55.665 23 -0.29
55.665 25 10.07
55.665 30 0.00
55.665 B1 4211.55 4760.85 
55.665 B3 4250.61 4815.16 
55.665 120 13 04 50
55.665 244 0.25
55.67 22 8.81
55.67 23 -0.29
55.67 25 10.07
55.67 30 0.00
55.67 B1 4210.69 4759.88 
55.67 B3 4249.72 4814.14 
55.67 120 13 04 50
55.67 244 0.24
55.675 22 8.81
55.675 23 -0.29
55.675 25 10.07
55.675 30 0.00
55.675 B1 4208.52 4757.60 
55.675 B3 4247.63 4811.94 
55.675 120 13 04 50
55.675 244 0.25
55.68 22 8.81
55.68 23 -0.30
55.68 25 10.07
55.68 30 0.00
55.68 B1 4208.27 4757.15 
55.68 B3 4247.19 4811.31 
55.68 120 13 04 50
55.68 244 0.24
55.685 22 8.80
55.685 23 -0.30
55.685 25 10.07
55.685 30 0.00
55.685 B1 4206.42 4755.19 
55.685 B3 4245.38 4809.38 
55.685 120 13 04 50
55.685 244 0.24
55.69 22 8.80
55.69 23 -0.30
55.69 25 10.07
55.69 30 0.00
55.69 B1 4205.03 4753.61 
55.69 B3 4243.92 4807.73 
55.69 120 13 04 50
55.69 244 0.24
55.695 22 8.80
55.695 23 -0.31
55.695 25 10.07
55.695 30 0.00
55.695 B1 4203.87 4752.27 
55.695 B3 4242.66 4806.28 
55.695 120 13 04 50
55.695 244 0.24
55.7 22 8.79
55.7 23 -0.31
55.7 25 10.07
55.7 30 0.00
55.7 B1 4202.84 4751.06 
55.7 B3 4241.54 4804.97 
55.7 120 13 04 50
55.7 244 0.24
55.705 22 8.79
55.705 23 -0.31
55.705 25 10.07
55.705 30 0.00
55.705 B1 4201.89 4749.95 
55.705 B3 4240.49 4803.75 
55.705 120 13 04 50
55.705 244 0.24
55.71 22 8.79
55.71 23 -0.31
55.71 25 10.07
55.71 30 0.00
55.71 B1 4200.97 4748.88 
55.71 B3 4239.50 4802.59 
55.71 120 13 04 50
55.71 244 0.24
55.715 22 8.79
55.715 23 -0.31
55.715 25 10.07
55.715 30 0.00
55.715 B1 4200.07 4747.85 
55.715 B3 4238.53 4801.47 
55.715 120 13 04 50
55.715 244 0.24
55.72 22 8.78
55.72 23 -0.31
55.72 25 10.07
55.72 30 0.00
55.72 B1 4199.19 4746.84 
55.72 B3 4237.59 4800.39 
55.72 120 13 04 50
55.72 244 0.24
55.725 22 8.78
55.725 23 -0.31
55.725 25 10.07
55.725 30 0.00
55.725 B1 4198.31 4745.84 
55.725 B3 4236.66 4799.32 
55.725 120 13 04 50
55.725 244 0.24
55.73 22 8.78
55.73 23 -0.31
55.73 25 10.07
55.73 30 0.00
55.73 B1 4197.43 4744.85 
55.73 B3 4235.75 4798.27 
55.73 120 13 04 50
55.73 244 0.24
55.735 22 8.78
55.735 23 -0.31
55.735 25 10.07
55.735 30 0.00
55.735 B1 4196.56 4743.87 
55.735 B3 4234.83 4797.23 
55.735 120 13 04 50
55.735 244 0.24
55.74 22 8.77
55.74 23 -0.31
55.74 25 10.07
55.74 30 0.00
55.74 B1 4195.69 4742.89 
55.74 B3 4233.93 4796.21 
55.74 120 13 04 50
55.74 244 0.24
55.745 22 8.77
55.745 23 -0.31
55.745 25 10.07
55.745 30 0.00
55.745 B1 4194.82 4741.91 
55.745 B3 4233.02 4795.18 
55.745 120 13 04 50
55.745 244 0.24
55.75 22 8.77
55.75 23 -0.31
55.75 25 10.07
55.75 30 0.00
55.75 B1 4193.96 4740.93 
55.75 B3 4232.13 4794.16 
55.75 120 13 04 50
55.75 244 0.24
55.755 22 8.77
55.755 23 -0.31
55.755 25 10.07
55.755 30 0.00
55.755 B1 4193.10 4739.96 
55.755 B3 4231.23 4793.14 
55.755 120 13 04 50
55.755 244 0.24
55.76 22 8.76
55.76 23 -0.31
55.76 25 10.07
55.76 30 0.00
55.76 B1 4192.24 4738.99 
55.76 B3 4230.33 4792.13 
55.76 120 13 04 50
55.76 244 0.24
55.765 22 8.76
55.765 23 -0.31
55.765 25 10.07
55.765 30 0.00
55.765 B1 4191.39 4738.02 
55.765 B3 4229.44 4791.12 
55.765 120 13 04 50
55.765 244 0.24
55.77 22 8.76
55.77 23 -0.31
55.77 25 10.07
55.77 30 0.00
55.77 B1 4190.53 4737.06 
55.77 B3 4228.55 4790.11 
55.77 120 13 04 50
55.77 244 0.24
55.775 22 8.75
55.775 23 -0.31
55.775 25 10.07
55.775 30 0.00
55.775 B1 4189.68 4736.09 
55.775 B3 4227.65 4789.10 
55.775 120 13 04 50
55.775 244 0.24
55.78 22 8.75
55.78 23 -0.31
55.78 25 10.07
55.78 30 0.00
55.78 B1 4188.83 4735.13 
55.78 B3 4226.77 4788.10 
55.78 120 13 04 50
55.78 244 0.24
55.785 22 8.75
55.785 23 -0.31
55.785 25 10.07
55.785 30 0.00
55.785 B1 4187.98 4734.17 
55.785 B3 4225.88 4787.10 
55.785 120 13 04 50
55.785 244 0.24
55.79 22 8.74
55.79 23 -0.31
55.79 25 10.07
55.79 30 0.00
55.79 B1 4187.14 4733.21 
55.79 B3 4225.00 4786.09 
55.79 120 13 04 50
55.79 244 0.24
55.795 22 8.74
55.795 23 -0.31
55.795 25 10.07
55.795 30 0.00
55.795 B1 4186.29 4732.25 
55.795 B3 4224.11 4785.09 
55.795 120 13 04 50
55.795 244 0.24
55.8 22 8.74
55.8 23 -0.31
55.8 25 10.07
55.8 30 0.00
55.8 B1 4185.45 4731.30 
55.8 B3 4223.24 4784.10 
55.8 120 13 04 50
55.8 244 0.24
55.805 22 8.74
55.805 23 -0.30
55.805 25 10.07
55.805 30 0.00
55.805 B1 4184.61 4730.34 
55.805 B3 4222.36 4783.10 
55.805 120 13 04 50
55.805 244 0.24
55.81 22 8.73
55.81 23 -0.30
55.81 25 10.07
55.81 30 0.00
55.81 B1 4183.77 4729.39 
55.81 B3 4221.48 4782.10 
55.81 120 13 04 50
55.81 244 0.24
55.815 22 8.73
55.815 23 -0.30
55.815 25 10.07
55.815 30 0.00
55.815 B1 4182.94 4728.44 
55.815 B3 4220.60 4781.11 
55.815 120 13 04 50
55.815 244 0.24
55.82 22 8.73
55.82 23 -0.30
55.82 25 10.07
55.82 30 0.00
55.82 B1 4182.10 4727.49 
55.82 B3 4219.73 4780.12 
55.82 120 13 04 50
55.82 244 0.24
55.825 22 8.72
55.825 23 -0.30
55.825 25 10.07
55.825 30 0.00
55.825 B1 4181.27 4726.55 
55.825 B3 4218.86 4779.13 
55.825 120 13 04 50
55.825 244 0.25
55.83 22 8.72
55.83 23 -0.30
55.83 25 10.07
55.83 30 0.00
55.83 B1 4181.76 4726.92 
55.83 B3 4219.19 4779.34 
55.83 120 13 04 50
55.83 244 0.24
55.835 22 8.72
55.835 23 -0.29
55.835 25 10.07
55.835 30 0.00
55.835 B1 4180.33 4725.47 
55.835 B3 4217.88 4777.98 
55.835 120 13 04 50
55.835 244 0.24
55.84 22 8.71
55.84 23 -0.29
55.84 25 10.07
55.84 30 0.00
55.84 B1 4179.18 4724.22 
55.84 B3 4216.75 4776.75 
55.84 120 13 04 50
55.84 244 0.24
55.845 22 8.71
55.845 23 -0.30
55.845 25 10.07
55.845 30 0.00
55.845 B1 4178.19 4723.10 
55.845 B3 4215.71 4775.60 
55.845 120 13 04 50
55.845 244 0.24
55.85 22 8.71
55.85 23 -0.30
55.85 25 10.07
55.85 30 0.00
55.85 B1 4177.27 4722.05 
55.85 B3 4214.75 4774.50 
55.85 120 13 04 50
55.85 244 0.25
55.855 22 8.70
55.855 23 -0.30
55.855 25 10.07
55.855 30 0.00
55.855 B1 4177.73 4722.37 
55.855 B3 4215.02 4774.64 
55.855 120 13 04 50
55.855 244 0.24
55.86 22 8.70
55.86 23 -0.29
55.86 25 10.07
55.86 30 0.00
55.86 B1 4176.28 4720.89 
55.86 B3 4213.68 4773.24 
55.86 120 13 04 50
55.86 244 0.24
55.865 22 8.70
55.865 23 -0.29
55.865 25 10.07
55.865 30 0.00
55.865 B1 4175.13 4719.63 
55.865 B3 4212.53 4771.98 
55.865 120 13 04 50
55.865 244 0.25
55.87 22 8.69
55.87 23 -0.29
55.87 25 10.07
55.87 30 0.00
55.87 B1 4175.46 4719.82 
55.87 B3 4212.69 4772.01 
55.87 120 13 04 50
55.87 244 0.25
55.875 22 8.69
55.875 23 -0.28
55.875 25 10.07
55.875 30 0.00
55.875 B1 4175.27 4719.58 
55.875 B3 4212.48 4771.74 
55.875 120 13 04 50
55.875 244 0.24
55.88 22 8.69
55.88 23 -0.28
55.88 25 10.07
55.88 30 0.00
55.88 B1 4173.49 4717.77 
55.88 B3 4210.84 4770.06 
55.88 120 13 04 50
55.88 244 0.24
55.885 22 8.69
55.885 23 -0.29
55.885 25 10.07
55.885 30 0.00
55.885 B1 4172.16 4716.31 
55.885 B3 4209.51 4768.61 
55.885 120 13 04 50
55.885 244 0.25
55.89 22 8.68
55.89 23 -0.29
55.89 25 10.07
55.89 30 0.00
55.89 B1 4172.40 4716.39 
55.89 B3 4209.56 4768.52 
55.89 120 13 04 50
55.89 244 0.25
55.895 22 8.68
55.895 23 -0.28
55.895 25 10.07
55.895 30 0.00
55.895 B1 4172.17 4716.09 
55.895 B3 4209.29 4768.16 
55.895 120 13 04 50
55.895 244 0.25
55.9 22 8.68
55.9 23 -0.28
55.9 25 10.07
55.9 30 0.00
55.9 B1 4171.69 4715.56 
55.9 B3 4208.81 4767.63 
55.9 120 13 04 50
55.9 244 0.25
55.905 22 8.67
55.905 23 -0.27
55.905 25 10.07
55.905 30 0.00
55.905 B1 4171.07 4714.89 
55.905 B3 4208.22 4766.97 
55.905 120 13 04 50
55.905 244 0.25
55.91 22 8.67
55.91 23 -0.27
55.91 25 10.07
55.91 30 0.00
55.91 B1 4170.40 4714.15 
55.91 B3 4207.55 4766.24 
55.91 120 13 04 50
55.91 244 0.25
55.915 22 8.67
55.915 23 -0.27
55.915 25 10.07
55.915 30 0.00
55.915 B1 4171.00 4714.68 
55.915 B3 4208.02 4766.65 
55.915 120 13 04 50
55.915 244 0.25
55.92 22 8.66
55.92 23 -0.26
55.92 25 10.07
55.92 30 0.00
55.92 B1 4170.98 4714.67 
55.92 B3 4208.03 4766.65 
55.92 120 13 04 50
55.92 244 0.25
55.925 22 8.66
55.925 23 -0.25
55.925 25 10.07
55.925 30 0.00
55.925 B1 4170.64 4714.33 
55.925 B3 4207.76 4766.38 
55.925 120 13 04 50
55.925 244 0.25
55.93 22 8.66
55.93 23 -0.24
55.93 25 10.07
55.93 30 0.00
55.93 B1 4170.12 4713.81 
55.93 B3 4207.30 4765.92 
55.93 120 13 04 50
55.93 244 0.25
55.935 22 8.66
55.935 23 -0.24
55.935 25 10.07
55.935 30 0.00
55.935 B1 4169.52 4713.17 
55.935 B3 4206.74 4765.35 
55.935 120 13 04 50
55.935 244 0.25
55.94 22 8.65
55.94 23 -0.24
55.94 25 10.07
55.94 30 0.00
55.94 B1 4167.54 4711.15 
55.94 B3 4204.92 4763.49 
55.94 120 13 04 50
55.94 244 0.25
55.945 22 8.65
55.945 23 -0.25
55.945 25 10.07
55.945 30 0.00
55.945 B1 4166.15 4709.60 
55.945 B3 4203.49 4761.95 
55.945 120 13 04 50
55.945 244 0.25
55.95 22 8.64
55.95 23 -0.25
55.95 25 10.07
55.95 30 0.00
55.95 B1 4166.39 4709.65 
55.95 B3 4203.52 4761.81 
55.95 120 13 04 50
55.95 244 0.25
55.955 22 8.64
55.955 23 -0.25
55.955 25 10.07
55.955 30 0.00
55.955 B1 4166.18 4709.36 
55.955 B3 4203.25 4761.45 
55.955 120 13 04 50
55.955 244 0.25
55.96 22 8.64
55.96 23 -0.24
55.96 25 10.07
55.96 30 0.00
55.96 B1 4165.75 4708.87 
55.96 B3 4202.80 4760.93 
55.96 120 13 04 50
55.96 244 0.25
55.965 22 8.63
55.965 23 -0.24
55.965 25 10.07
55.965 30 0.00
55.965 B1 4165.19 4708.25 
55.965 B3 4202.25 4760.32 
55.965 120 13 04 50
55.965 244 0.25
55.97 22 8.63
55.97 23 -0.24
55.97 25 10.07
55.97 30 0.00
55.97 B1 4164.56 4707.57 
55.97 B3 4201.63 4759.63 
55.97 120 13 04 50
55.97 244 0.25
55.975 22 8.63
55.975 23 -0.24
55.975 25 10.07
55.975 30 0.00
55.975 B1 4163.91 4706.84 
55.975 B3 4200.96 4758.90 
55.975 120 13 04 50
55.975 244 0.25
55.98 22 8.63
55.98 23 -0.23
55.98 25 10.07
55.98 30 0.00
55.98 B1 4163.24 4706.09 
55.98 B3 4200.28 4758.14 
55.98 120 13 04 50
55.98 244 0.25
55.985 22 8.62
55.985 23 -0.23
55.985 25 10.07
55.985 30 0.00
55.985 B1 4162.56 4705.32 
55.985 B3 4199.58 4757.36 
55.985 120 13 04 50
55.985 244 0.25
55.99 22 8.62
55.99 23 -0.23
55.99 25 10.07
55.99 30 0.00
55.99 B1 4161.88 4704.55 
55.99 B3 4198.87 4756.57 
55.99 120 13 04 50
55.99 244 0.25
55.995 22 8.62
55.995 23 -0.23
55.995 25 10.07
55.995 30 0.00
55.995 B1 4161.19 4703.77 
55.995 B3 4198.16 4755.77 
55.995 120 13 04 50
55.995 244 0.25
56 22 8.61
56 23 -0.23
56 25 10.07
56 30 0.00
56 B1 4160.51 4702.99 
56 B3 4197.45 4754.96 
56 120 13 04 50
56 244 0.25
56.005 22 8.61
56.005 23 -0.23
56.005 25 10.07
56.005 30 0.00
56.005 B1 4159.82 4702.21 
56.005 B3 4196.73 4754.15 
56.005 120 13 04 50
56.005 244 0.25
56.01 22 8.61
56.01 23 -0.23
56.01 25 10.07
56.01 30 0.00
56.01 B1 4159.14 4701.43 
56.01 B3 4196.02 4753.34 
56.01 120 13 04 50
56.01 244 0.25
56.015 22 8.60
56.015 23 -0.23
56.015 25 10.07
56.015 30 0.00
56.015 B1 4158.46 4700.66 
56.015 B3 4195.30 4752.53 
56.015 120 13 04 50
56.015 244 0.25
56.02 22 8.60
56.02 23 -0.23
56.02 25 10.07
56.02 30 0.00
56.02 B1 4157.78 4699.88 
56.02 B3 4194.59 4751.71 
56.02 120 13 04 50
56.02 244 0.26
56.025 22 8.60
56.025 23 -0.23
56.025 25 10.07
56.025 30 0.00
56.025 B1 4158.42 4700.43 
56.025 B3 4195.07 4752.10 
56.025 120 13 04 50
56.025 244 0.26
56.03 22 8.59
56.03 23 -0.22
56.03 25 10.07
56.03 30 0.00
56.03 B1 4158.46 4700.46 
56.03 B3 4195.12 4752.11 
56.03 120 13 04 50
56.03 244 0.26
56.035 22 8.59
56.035 23 -0.21
56.035 25 10.07
56.035 30 0.00
56.035 B1 4159.50 4701.51 
56.035 B3 4196.08 4753.07 
56.035 120 13 04 50
56.035 244 0.26
56.04 22 8.59
56.04 23 -0.20
56.04 25 10.07
56.04 30 0.00
56.04 B1 4158.45 4700.54 
56.04 B3 4195.25 4752.30 
56.04 120 13 04 50
56.04 244 0.26
56.045 22 8.59
56.045 23 -0.20
56.045 25 10.07
56.045 30 0.00
56.045 B1 4157.60 4699.68 
56.045 B3 4194.48 4751.54 
56.045 120 13 04 50
56.045 244 0.26
56.05 22 8.58
56.05 23 -0.20
56.05 25 10.07
56.05 30 0.00
56.05 B1 4156.86 4698.87 
56.05 B3 4193.76 4750.78 
56.05 120 13 04 50
56.05 244 0.26
56.055 22 8.58
56.055 23 -0.20
56.055 25 10.07
56.055 30 0.00
56.055 B1 4156.17 4698.11 
56.055 B3 4193.06 4750.03 
56.055 120 13 04 50
56.055 244 0.26
56.06 22 8.58
56.06 23 -0.20
56.06 25 10.07
56.06 30 0.00
56.06 B1 4156.83 4698.68 
56.06 B3 4193.58 4750.47 
56.06 120 13 04 50
56.06 244 0.26
56.065 22 8.57
56.065 23 -0.19
56.065 25 10.07
56.065 30 0.00
56.065 B1 4156.91 4698.76 
56.065 B3 4193.66 4750.55 
56.065 120 13 04 50
56.065 244 0.26
56.07 22 8.57
56.07 23 -0.18
56.07 25 10.07
56.07 30 0.00
56.07 B1 4156.68 4698.54 
56.07 B3 4193.48 4750.38 
56.07 120 13 04 50
56.07 244 0.26
56.075 22 8.57
56.075 23 -0.18
56.075 25 10.07
56.075 30 0.00
56.075 B1 4156.28 4698.15 
56.075 B3 4193.13 4750.04 
56.075 120 13 04 50
56.075 244 0.26
56.08 22 8.56
56.08 23 -0.17
56.08 25 10.07
56.08 30 0.00
56.08 B1 4155.81 4697.65 
56.08 B3 4192.69 4749.59 
56.08 120 13 04 50
56.08 244 0.26
56.085 22 8.56
56.085 23 -0.17
56.085 25 10.07
56.085 30 0.00
56.085 B1 4155.28 4697.09 
56.085 B3 4192.19 4749.07 
56.085 120 13 04 50
56.085 244 0.26
56.09 22 8.56
56.09 23 -0.17
56.09 25 10.07
56.09 30 0.00
56.09 B1 4154.74 4696.49 
56.09 B3 4191.65 4748.49 
56.09 120 13 04 50
56.09 244 0.26
56.095 22 8.56
56.095 23 -0.17
56.095 25 10.07
56.095 30 0.00
56.095 B1 4154.19 4695.87 
56.095 B3 4191.09 4747.88 
56.095 120 13 04 50
56.095 244 0.26
56.1 22 8.55
56.1 23 -0.17
56.1 25 10.07
56.1 30 0.00
56.1 B1 4154.95 4696.56 
56.1 B3 4191.71 4748.45 
56.1 120 13 04 50
56.1 244 0.26
56.105 22 8.55
56.105 23 -0.16
56.105 25 10.07
56.105 30 0.00
56.105 B1 4153.78 4695.42 
56.105 B3 4190.68 4747.43 
56.105 120 13 04 50
56.105 244 0.26
56.11 22 8.55
56.11 23 -0.16
56.11 25 10.07
56.11 30 0.00
56.11 B1 4154.22 4695.79 
56.11 B3 4191.02 4747.72 
56.11 120 13 04 50
56.11 244 0.27
56.115 22 8.54
56.115 23 -0.15
56.115 25 10.07
56.115 30 0.00
56.115 B1 4155.52 4697.10 
56.115 B3 4192.22 4748.91 
56.115 120 13 04 50
56.115 244 0.27
56.12 22 8.54
56.12 23 -0.14
56.12 25 10.07
56.12 30 0.00
56.12 B1 4155.98 4697.65 
56.12 B3 4192.76 4749.53 
56.12 120 13 04 50
56.12 244 0.27
56.125 22 8.54
56.125 23 -0.13
56.125 25 10.07
56.125 30 0.00
56.125 B1 4156.00 4697.76 
56.125 B3 4192.90 4749.76 
56.125 120 13 04 50
56.125 244 0.27
56.13 22 8.54
56.13 23 -0.12
56.13 25 10.07
56.13 30 0.00
56.13 B1 4155.79 4697.61 
56.13 B3 4192.80 4749.74 
56.13 120 13 04 50
56.13 244 0.27
56.135 22 8.53
56.135 23 -0.12
56.135 25 10.07
56.135 30 0.00
56.135 B1 4155.45 4697.31 
56.135 B3 4192.54 4749.54 
56.135 120 13 04 50
56.135 244 0.27
56.14 22 8.53
56.14 23 -0.12
56.14 25 10.07
56.14 30 0.00
56.14 B1 4155.05 4696.91 
56.14 B3 4192.20 4749.23 
56.14 120 13 04 50
56.14 244 0.27
56.145 22 8.53
56.145 23 -0.11
56.145 25 10.07
56.145 30 0.00
56.145 B1 4154.62 4696.46 
56.145 B3 4191.80 4748.84 
56.145 120 13 04 50
56.145 244 0.27
56.15 22 8.53
56.15 23 -0.11
56.15 25 10.07
56.15 30 0.00
56.15 B1 4154.18 4695.98 
56.15 B3 4191.36 4748.39 
56.15 120 13 04 50
56.15 244 0.27
56.155 22 8.52
56.155 23 -0.11
56.155 25 10.07
56.155 30 0.00
56.155 B1 4153.73 4695.48 
56.155 B3 4190.91 4747.92 
56.155 120 13 04 50
56.155 244 0.27
56.16 22 8.52
56.16 23 -0.11
56.16 25 10.07
56.16 30 0.00
56.16 B1 4154.59 4696.29 
56.16 B3 4191.64 4748.61 
56.16 120 13 04 50
56.16 244 0.27
56.165 22 8.52
56.165 23 -0.10
56.165 25 10.07
56.165 30 0.00
56.165 B1 4154.85 4696.58 
56.165 B3 4191.92 4748.92 
56.165 120 13 04 50
56.165 244 0.27
56.17 22 8.52
56.17 23 -0.09
56.17 25 10.07
56.17 30 0.00
56.17 B1 4154.79 4696.56 
56.17 B3 4191.92 4748.96 
56.17 120 13 04 50
56.17 244 0.27
56.175 22 8.51
56.175 23 -0.09
56.175 25 10.07
56.175 30 0.00
56.175 B1 4154.56 4696.36 
56.175 B3 4191.75 4748.83 
56.175 120 13 04 50
56.175 244 0.28
56.18 22 8.51
56.18 23 -0.09
56.18 25 10.08
56.18 30 0.00
56.18 B1 4155.56 4697.37 
56.18 B3 4192.68 4749.78 
56.18 120 13 04 50
56.18 244 0.28
56.185 22 8.51
56.185 23 -0.07
56.185 25 10.08
56.185 30 0.00
56.185 B1 4157.23 4699.11 
56.185 B3 4194.29 4751.47 
56.185 120 13 04 50
56.185 244 0.28
56.19 22 8.51
56.19 23 -0.06
56.19 25 10.08
56.19 30 0.00
56.19 B1 4157.94 4699.99 
56.19 B3 4195.15 4752.48 
56.19 120 13 04 50
56.19 244 0.28
56.195 22 8.51
56.195 23 -0.05
56.195 25 10.08
56.195 30 0.00
56.195 B1 4156.83 4699.04 
56.195 B3 4194.35 4751.85 
56.195 120 13 04 50
56.195 244 0.28
56.2 22 8.51
56.2 23 -0.05
56.2 25 10.08
56.2 30 0.00
56.2 B1 4156.08 4698.31 
56.2 B3 4193.71 4751.28 
56.2 120 13 04 50
56.2 244 0.28
56.205 22 8.50
56.205 23 -0.05
56.205 25 10.08
56.205 30 0.00
56.205 B1 4156.83 4699.04 
56.205 B3 4194.37 4751.96 
56.205 120 13 04 50
56.205 244 0.28
56.21 22 8.50
56.21 23 -0.04
56.21 25 10.08
56.21 30 0.00
56.21 B1 4155.76 4698.00 
56.21 B3 4193.44 4751.10 
56.21 120 13 04 50
56.21 244 0.28
56.215 22 8.50
56.215 23 -0.05
56.215 25 10.08
56.215 30 0.00
56.215 B1 4156.33 4698.54 
56.215 B3 4193.92 4751.57 
56.215 120 13 04 50
56.215 244 0.28
56.22 22 8.50
56.22 23 -0.04
56.22 25 10.08
56.22 30 0.00
56.22 B1 4156.48 4698.70 
56.22 B3 4194.08 4751.78 
56.22 120 13 04 50
56.22 244 0.28
56.225 22 8.50
56.225 23 -0.04
56.225 25 10.09
56.225 30 0.00
56.225 B1 4155.08 4697.34 
56.225 B3 4192.86 4750.59 
56.225 120 13 04 50
56.225 244 0.28
56.23 22 8.49
56.23 23 -0.04
56.23 25 10.09
56.23 30 0.00
56.23 B1 4155.49 4697.69 
56.23 B3 4193.15 4750.86 
56.23 120 13 04 50
56.23 244 0.28
56.235 22 8.49
56.235 23 -0.04
56.235 25 10.09
56.235 30 0.00
56.235 B1 4155.56 4697.75 
56.235 B3 4193.20 4750.91 
56.235 120 13 04 50
56.235 244 0.28
56.24 22 8.49
56.24 23 -0.03
56.24 25 10.09
56.24 30 0.00
56.24 B1 4155.44 4697.65 
56.24 B3 4193.10 4750.84 
56.24 120 13 04 50
56.24 244 0.28
56.245 22 8.49
56.245 23 -0.03
56.245 25 10.09
56.245 30 0.00
56.245 B1 4155.23 4697.46 
56.245 B3 4192.90 4750.66 
56.245 120 13 04 50
56.245 244 0.28
56.25 22 8.49
56.25 23 -0.03
56.25 25 10.09
56.25 30 0.00
56.25 B1 4154.96 4697.19 
56.25 B3 4192.65 4750.43 
56.25 120 13 04 50
56.25 244 0.28
56.255 22 8.48
56.255 23 -0.03
56.255 25 10.09
56.255 30 0.00
56.255 B1 4154.67 4696.90 
56.255 B3 4192.37 4750.15 
56.255 120 13 04 50
56.255 244 0.28
56.26 22 8.48
56.26 23 -0.03
56.26 25 10.10
56.26 30 0.00
56.26 B1 4154.37 4696.59 
56.26 B3 4192.06 4749.85 
56.26 120 13 04 50
56.26 244 0.28
56.265 22 8.49
56.265 23 -0.03
56.265 25 10.10
56.265 30 0.00
56.265 B1 4152.71 4694.91 
56.265 B3 4190.55 4748.33 
56.265 120 13 04 50
56.265 244 0.28
56.27 22 8.48
56.27 23 -0.04
56.27 25 10.10
56.27 30 0.00
56.27 B1 4151.66 4693.76 
56.27 B3 4189.47 4747.18 
56.27 120 13 04 50
56.27 244 0.28
56.275 22 8.48
56.275 23 -0.05
56.275 25 10.10
56.275 30 0.00
56.275 B1 4150.95 4692.93 
56.275 B3 4188.66 4746.27 
56.275 120 13 04 50
56.275 244 0.28
56.28 22 8.48
56.28 23 -0.05
56.28 25 10.10
56.28 30 0.00
56.28 B1 4150.40 4692.29 
56.28 B3 4188.00 4745.52 
56.28 120 13 04 50
56.28 244 0.28
56.285 22 8.48
56.285 23 -0.05
56.285 25 10.10
56.285 30 0.00
56.285 B1 4149.94 4691.75 
56.285 B3 4187.45 4744.88 
56.285 120 13 04 50
56.285 244 0.28
56.29 22 8.47
56.29 23 -0.05
56.29 25 10.10
56.29 30 0.00
56.29 B1 4149.52 4691.27 
56.29 B3 4186.96 4744.32 
56.29 120 13 04 50
56.29 244 0.28
56.295 22 8.47
56.295 23 -0.05
56.295 25 10.10
56.295 30 0.00
56.295 B1 4149.13 4690.83 
56.295 B3 4186.51 4743.81 
56.295 120 13 04 50
56.295 244 0.28
56.3 22 8.47
56.3 23 -0.05
56.3 25 10.10
56.3 30 0.00
56.3 B1 4148.75 4690.42 
56.3 B3 4186.08 4743.33 
56.3 120 13 04 50
56.3 244 0.28
56.305 22 8.47
56.305 23 -0.05
56.305 25 10.10
56.305 30 0.00
56.305 B1 4148.38 4690.03 
56.305 B3 4185.66 4742.88 
56.305 120 13 04 50
56.305 244 0.28
56.31 22 8.47
56.31 23 -0.05
56.31 25 10.10
56.31 30 0.00
56.31 B1 4148.02 4689.65 
56.31 B3 4185.26 4742.44 
56.31 120 13 04 50
56.31 244 0.28
56.315 22 8.46
56.315 23 -0.05
56.315 25 10.10
56.315 30 0.00
56.315 B1 4147.66 4689.27 
56.315 B3 4184.86 4742.01 
56.315 120 13 04 50
56.315 244 0.28
56.32 22 8.46
56.32 23 -0.05
56.32 25 10.10
56.32 30 0.00
56.32 B1 4147.30 4688.89 
56.32 B3 4184.46 4741.59 
56.32 120 13 04 50
56.32 244 0.28
56.325 22 8.46
56.325 23 -0.05
56.325 25 10.11
56.325 30 0.00
56.325 B1 4146.94 4688.52 
56.325 B3 4184.07 4741.18 
56.325 120 13 04 50
56.325 244 0.28
56.33 22 8.46
56.33 23 -0.05
56.33 25 10.11
56.33 30 0.00
56.33 B1 4147.89 4689.44 
56.33 B3 4184.88 4741.96 
56.33 120 13 04 50
56.33 244 0.28
56.335 22 8.46
56.335 23 -0.04
56.335 25 10.11
56.335 30 0.00
56.335 B1 4148.23 4689.86 
56.335 B3 4185.24 4742.38 
56.335 120 13 04 50
56.335 244 0.28
56.34 22 8.46
56.34 23 -0.04
56.34 25 10.11
56.34 30 0.00
56.34 B1 4148.25 4689.98 
56.34 B3 4185.33 4742.55 
56.34 120 13 04 50
56.34 244 0.28
56.345 22 8.46
56.345 23 -0.03
56.345 25 10.11
56.345 30 0.00
56.345 B1 4148.12 4689.92 
56.345 B3 4185.26 4742.55 
56.345 120 13 04 50
56.345 244 0.28
56.35 22 8.45
56.35 23 -0.03
56.35 25 10.11
56.35 30 0.00
56.35 B1 4149.23 4691.08 
56.35 B3 4186.28 4743.63 
56.35 120 13 04 50
56.35 244 0.28
56.355 22 8.45
56.355 23 -0.02
56.355 25 10.11
56.355 30 0.00
56.355 B1 4149.67 4691.65 
56.355 B3 4186.79 4744.27 
56.355 120 13 04 50
56.355 244 0.28
56.36 22 8.45
56.36 23 -0.01
56.36 25 10.11
56.36 30 0.00
56.36 B1 4148.46 4690.57 
56.36 B3 4185.80 4743.40 
56.36 120 13 04 50
56.36 244 0.28
56.365 22 8.45
56.365 23 -0.02
56.365 25 10.11
56.365 30 0.00
56.365 B1 4147.68 4689.79 
56.365 B3 4185.06 4742.72 
56.365 120 13 04 50
56.365 244 0.28
56.37 22 8.45
56.37 23 -0.02
56.37 25 10.11
56.37 30 0.00
56.37 B1 4148.45 4690.53 
56.37 B3 4185.68 4743.34 
56.37 120 13 04 50
56.37 244 0.28
56.375 22 8.45
56.375 23 -0.01
56.375 25 10.11
56.375 30 0.00
56.375 B1 4148.73 4690.86 
56.375 B3 4185.95 4743.66 
56.375 120 13 04 50
56.375 244 0.28
56.38 22 8.44
56.38 23 0.00
56.38 25 10.11
56.38 30 0.00
56.38 B1 4148.75 4690.94 
56.38 B3 4186.01 4743.79 
56.38 120 13 04 50
56.38 244 0.29
56.385 22 8.44
56.385 23 0.00
56.385 25 10.11
56.385 30 0.00
56.385 B1 4149.96 4692.20 
56.385 B3 4187.13 4744.97 
56.385 120 13 04 50
56.385 244 0.29
56.39 22 8.44
56.39 23 0.01
56.39 25 10.11
56.39 30 0.00
56.39 B1 4150.48 4692.86 
56.39 B3 4187.73 4745.70 
56.39 120 13 04 50
56.39 244 0.29
56.395 22 8.44
56.395 23 0.02
56.395 25 10.11
56.395 30 0.00
56.395 B1 4150.66 4693.17 
56.395 B3 4188.01 4746.11 
56.395 120 13 04 50
56.395 244 0.29
56.4 22 8.44
56.4 23 0.02
56.4 25 10.11
56.4 30 0.00
56.4 B1 4151.96 4694.57 
56.4 B3 4189.29 4747.51 
56.4 120 13 04 50
56.4 244 0.29
56.405 22 8.44
56.405 23 0.04
56.405 25 10.11
56.405 30 0.00
56.405 B1 4151.24 4694.01 
56.405 B3 4188.80 4747.20 
56.405 120 13 04 50
56.405 244 0.29
56.41 22 8.44
56.41 23 0.03
56.41 25 10.11
56.41 30 0.00
56.41 B1 4152.08 4694.92 
56.41 B3 4189.62 4748.11 
56.41 120 13 04 50
56.41 244 0.30
56.415 22 8.44
56.415 23 0.04
56.415 25 10.11
56.415 30 0.00
56.415 B1 4155.09 4698.04 
56.415 B3 4192.44 4751.06 
56.415 120 13 04 50
56.415 244 0.30
56.42 22 8.44
56.42 23 0.07
56.42 25 10.11
56.42 30 0.00
56.42 B1 4156.62 4699.85 
56.42 B3 4194.13 4753.03 
56.42 120 13 04 50
56.42 244 0.30
56.425 22 8.44
56.425 23 0.09
56.425 25 10.11
56.425 30 0.00
56.425 B1 4157.37 4700.90 
56.425 B3 4195.14 4754.32 
56.425 120 13 04 50
56.425 244 0.30
56.43 22 8.44
56.43 23 0.10
56.43 25 10.11
56.43 30 0.00
56.43 B1 4157.73 4701.50 
56.43 B3 4195.72 4755.19 
56.43 120 13 04 50
56.43 244 0.31
56.435 22 8.44
56.435 23 0.10
56.435 25 10.11
56.435 30 0.00
56.435 B1 4161.84 4705.78 
56.435 B3 4199.64 4759.33 
56.435 120 13 04 50
56.435 244 0.31
56.44 22 8.44
56.44 23 0.14
56.44 25 10.11
56.44 30 0.00
56.44 B1 4165.33 4709.67 
56.44 B3 4203.25 4763.35 
56.44 120 13 04 50
56.44 244 0.31
56.445 22 8.44
56.445 23 0.17
56.445 25 10.11
56.445 30 0.00
56.445 B1 4167.19 4712.03 
56.445 B3 4205.51 4766.11 
56.445 120 13 04 50
56.445 244 0.32
56.45 22 8.44
56.45 23 0.19
56.45 25 10.11
56.45 30 0.00
56.45 B1 4169.54 4714.81 
56.45 B3 4208.13 4769.21 
56.45 120 13 04 50
56.45 244 0.31
56.455 22 8.44
56.455 23 0.21
56.455 25 10.11
56.455 30 0.00
56.455 B1 4169.51 4715.21 
56.455 B3 4208.60 4770.18 
56.455 120 13 04 50
56.455 244 0.31
56.46 22 8.44
56.46 23 0.21
56.46 25 10.11
56.46 30 0.00
56.46 B1 4169.54 4715.51 
56.46 B3 4208.94 4770.89 
56.46 120 13 04 50
56.46 244 0.31
56.465 22 8.43
56.465 23 0.22
56.465 25 10.12
56.465 30 0.00
56.465 B1 4169.62 4715.76 
56.465 B3 4209.19 4771.43 
56.465 120 13 04 50
56.465 244 0.31
56.47 22 8.43
56.47 23 0.22
56.47 25 10.12
56.47 30 0.00
56.47 B1 4169.71 4715.96 
56.47 B3 4209.40 4771.85 
56.47 120 13 04 50
56.47 244 0.31
56.475 22 8.43
56.475 23 0.22
56.475 25 10.12
56.475 30 0.00
56.475 B1 4169.82 4716.15 
56.475 B3 4209.57 4772.18 
56.475 120 13 04 50
56.475 244 0.32
56.48 22 8.43
56.48 23 0.22
56.48 25 10.12
56.48 30 0.00
56.48 B1 4171.25 4717.65 
56.48 B3 4210.92 4773.66 
56.48 120 13 04 50
56.48 244 0.31
56.485 22 8.43
56.485 23 0.23
56.485 25 10.12
56.485 30 0.00
56.485 B1 4170.76 4717.30 
56.485 B3 4210.61 4773.53 
56.485 120 13 04 50
56.485 244 0.32
56.49 22 8.43
56.49 23 0.22
56.49 25 10.12
56.49 30 0.00
56.49 B1 4171.88 4718.48 
56.49 B3 4211.66 4774.69 
56.49 120 13 04 50
56.49 244 0.31
56.495 22 8.43
56.495 23 0.23
56.495 25 10.12
56.495 30 0.00
56.495 B1 4171.22 4717.94 
56.495 B3 4211.18 4774.35 
56.495 120 13 04 50
56.495 244 0.31
56.5 22 8.43
56.5 23 0.23
56.5 25 10.12
56.5 30 0.00
56.5 B1 4170.94 4717.70 
56.5 B3 4210.93 4774.18 
56.5 120 13 04 50
56.5 244 0.31
56.505 22 8.43
56.505 23 0.22
56.505 25 10.12
56.505 30 0.00
56.505 B1 4170.85 4717.61 
56.505 B3 4210.82 4774.12 
56.505 120 13 04 50
56.505 244 0.31
56.51 22 8.43
56.51 23 0.22
56.51 25 10.12
56.51 30 0.00
56.51 B1 4170.85 4717.62 
56.51 B3 4210.80 4774.13 
56.51 120 13 04 50
56.51 244 0.32
56.515 22 8.42
56.515 23 0.22
56.515 25 10.12
56.515 30 0.00
56.515 B1 4172.23 4719.02 
56.515 B3 4212.03 4775.39 
56.515 120 13 04 50
56.515 244 0.32
56.52 22 8.43
56.52 23 0.23
56.52 25 10.12
56.52 30 0.00
56.52 B1 4173.02 4719.92 
56.52 B3 4212.85 4776.31 
56.52 120 13 04 50
56.52 244 0.32
56.525 22 8.43
56.525 23 0.24
56.525 25 10.12
56.525 30 0.00
56.525 B1 4173.51 4720.55 
56.525 B3 4213.41 4776.99 
56.525 120 13 04 50
56.525 244 0.32
56.53 22 8.43
56.53 23 0.24
56.53 25 10.12
56.53 30 0.00
56.53 B1 4173.84 4721.01 
56.53 B3 4213.81 4777.53 
56.53 120 13 04 50
56.53 244 0.32
56.535 22 8.42
56.535 23 0.24
56.535 25 10.01
56.535 30 0.00
56.535 B1 4174.09 4721.36 
56.535 B3 4214.13 4777.97 
56.535 120 13 04 50
56.535 244 0.32
56.54 22 8.34
56.54 23 0.26
56.54 25 10.01
56.54 30 0.00
56.54 B1 4174.70 4722.08 
56.54 B3 4214.38 4778.33 
56.54 120 13 04 50
56.54 244 0.32
56.545 22 8.34
56.545 23 0.26
56.545 25 10.01
56.545 30 0.00
56.545 B1 4175.15 4722.56 
56.545 B3 4214.65 4778.62 
56.545 120 13 04 50
56.545 244 0.32
56.55 22 8.34
56.55 23 0.27
56.55 25 10.01
56.55 30 0.00
56.55 B1 4175.51 4722.88 
56.55 B3 4214.94 4778.86 
56.55 120 13 04 50
56.55 244 0.32
56.555 22 8.34
56.555 23 0.27
56.555 25 10.01
56.555 30 0.00
56.555 B1 4175.83 4723.12 
56.555 B3 4215.24 4779.08 
56.555 120 13 04 50
56.555 244 0.32
56.56 22 8.35
56.56 23 0.27
56.56 25 10.01
56.56 30 0.00
56.56 B1 4176.12 4723.31 
56.56 B3 4215.53 4779.28 
56.56 120 13 04 50
56.56 244 0.32
56.565 22 8.35
56.565 23 0.27
56.565 25 10.13
56.565 30 0.00
56.565 B1 4176.39 4723.47 
56.565 B3 4215.83 4779.46 
56.565 120 13 04 50
56.565 244 0.32
56.57 22 8.44
56.57 23 0.24
56.57 25 10.01
56.57 30 0.00
56.57 B1 4176.22 4723.18 
56.57 B3 4216.13 4779.63 
56.57 120 13 04 50
56.57 244 0.32
56.575 22 8.35
56.575 23 0.26
56.575 25 10.01
56.575 30 0.00
56.575 B1 4176.62 4723.53 
56.575 B3 4216.36 4779.83 
56.575 120 13 04 50
56.575 244 0.32
56.58 22 8.35
56.58 23 0.26
56.58 25 10.01
56.58 30 0.00
56.58 B1 4176.95 4723.79 
56.58 B3 4216.61 4780.02 
56.58 120 13 04 50
56.58 244 0.32
56.585 22 8.35
56.585 23 0.26
56.585 25 9.65
56.585 30 0.00
56.585 B1 4177.24 4724.01 
56.585 B3 4216.87 4780.19 
56.585 120 13 04 50
56.585 244 0.31
56.59 22 8.08
56.59 23 0.32
56.59 25 9.65
56.59 30 0.00
56.59 B1 4177.40 4724.14 
56.59 B3 4215.94 4779.17 
56.59 120 13 04 50
56.59 244 0.31
56.595 22 8.09
56.595 23 0.32
56.595 25 9.30
56.595 30 0.00
56.595 B1 4177.75 4724.12 
56.595 B3 4215.64 4778.44 
56.595 120 13 04 50
56.595 244 0.31
56.6 22 7.83
56.6 23 0.37
56.6 25 8.73
56.6 30 0.00
56.6 B1 4179.30 4725.18 
56.6 B3 4215.72 4777.92 
56.6 120 13 04 50
56.6 244 0.31
56.605 22 7.40
56.605 23 0.46
56.605 25 8.40
56.605 30 0.00
56.605 B1 4182.18 4727.34 
56.605 B3 4216.21 4777.46 
56.605 120 13 04 50
56.605 244 0.31
56.61 22 7.17
56.61 23 0.51
56.61 25 8.30
56.61 30 0.00
56.61 B1 4185.22 4729.10 
56.61 B3 4217.22 4776.91 
56.61 120 13 04 50
56.61 244 0.31
56.615 22 7.13
56.615 23 0.53
56.615 25 8.30
56.615 30 0.00
56.615 B1 4187.87 4729.87 
56.615 B3 4218.70 4776.25 
56.615 120 13 04 50
56.615 244 0.31
56.62 22 7.17
56.62 23 0.53
56.62 25 8.20
56.62 30 0.00
56.62 B1 4190.06 4729.75 
56.62 B3 4220.50 4775.50 
56.62 120 13 04 50
56.62 244 0.31
56.625 22 7.13
56.625 23 0.54
56.625 25 7.97
56.625 30 0.00
56.625 B1 4192.27 4729.40 
56.625 B3 4222.47 4774.71 
56.625 120 13 04 50
56.625 244 0.31
56.63 22 6.98
56.63 23 0.57
56.63 25 7.85
56.63 30 0.00
56.63 B1 4194.81 4729.24 
56.63 B3 4224.57 4773.89 
56.63 120 13 04 50
56.63 244 0.31
56.635 22 6.93
56.635 23 0.58
56.635 25 7.75
56.635 30 0.00
56.635 B1 4197.34 4728.83 
56.635 B3 4226.83 4773.01 
56.635 120 13 04 50
56.635 244 0.31
56.64 22 6.88
56.64 23 0.59
56.64 25 7.63
56.64 30 0.00
56.64 B1 4199.86 4728.22 
56.64 B3 4229.22 4772.08 
56.64 120 13 04 50
56.64 244 0.31
56.645 22 6.83
56.645 23 0.60
56.645 25 7.40
56.645 30 0.00
56.645 B1 4202.42 4727.51 
56.645 B3 4231.71 4771.10 
56.645 120 13 04 50
56.645 244 0.31
56.65 22 6.68
56.65 23 0.63
56.65 25 7.40
56.65 30 0.00
56.65 B1 4205.31 4727.01 
56.65 B3 4234.29 4770.08 
56.65 120 13 04 50
56.65 244 0.31
56.655 22 6.72
56.655 23 0.63
56.655 25 7.28
56.655 30 0.00
56.655 B1 4207.90 4726.00 
56.655 B3 4237.01 4769.00 
56.655 120 13 04 50
56.655 244 0.31
56.66 22 6.66
56.66 23 0.64
56.66 25 7.16
56.66 30 0.00
56.66 B1 4210.59 4725.00 
56.66 B3 4239.78 4767.90 
56.66 120 13 04 50
56.66 244 0.31
56.665 22 6.61
56.665 23 0.65
56.665 25 7.05
56.665 30 0.00
56.665 B1 4213.34 4723.99 
56.665 B3 4242.59 4766.77 
56.665 120 13 04 50
56.665 244 0.31
56.67 22 6.55
56.67 23 0.66
56.67 25 6.93
56.67 30 0.00
56.67 B1 4216.16 4722.97 
56.67 B3 4245.47 4765.63 
56.67 120 13 04 50
56.67 244 0.31
56.675 22 6.50
56.675 23 0.67
56.675 25 6.93
56.675 30 0.00
56.675 B1 4219.04 4721.93 
56.675 B3 4248.40 4764.45 
56.675 120 13 04 50
56.675 244 0.31
56.68 22 6.54
56.68 23 0.67
56.68 25 4.65
56.68 30 0.00
56.68 B1 4221.71 4720.60 
56.68 B3 4251.38 4763.26 
56.68 120 13 04 50
56.68 244 0.31
56.685 22 4.79
56.685 23 0.88
56.685 25 4.65
56.685 30 0.00
56.685 B1 4227.84 4723.03 
56.685 B3 4254.36 4762.07 
56.685 120 13 04 50
56.685 244 0.31
56.69 22 4.87
56.69 23 0.88
56.69 25 4.65
56.69 30 0.00
56.69 B1 4233.31 4722.98 
56.69 B3 4258.32 4760.28 
56.69 120 13 04 50
56.69 244 0.31
56.695 22 4.95
56.695 23 0.88
56.695 25 4.65
56.695 30 0.00
56.695 B1 4238.38 4721.52 
56.695 B3 4262.83 4758.15 
56.695 120 13 04 50
56.695 244 0.31
56.7 22 5.02
56.7 23 0.88
56.7 25 4.43
56.7 30 0.00
56.7 B1 4243.17 4719.29 
56.7 B3 4267.64 4755.83 
56.7 120 13 04 50
56.7 244 0.31
56.705 22 4.92
56.705 23 0.89
56.705 25 4.32
56.705 30 0.00
56.705 B1 4248.01 4716.94 
56.705 B3 4272.56 4753.42 
56.705 120 13 04 50
56.705 244 0.31
56.71 22 4.90
56.71 23 0.90
56.71 25 4.21
56.71 30 0.00
56.71 B1 4252.80 4714.37 
56.71 B3 4277.59 4750.94 
56.71 120 13 04 50
56.71 244 0.31
56.715 22 4.88
56.715 23 0.90
56.715 25 4.21
56.715 30 0.00
56.715 B1 4257.56 4711.69 
56.715 B3 4282.68 4748.42 
56.715 120 13 04 50
56.715 244 0.31
56.72 22 4.94
56.72 23 0.89
56.72 25 3.35
56.72 30 0.00
56.72 B1 4262.19 4708.84 
56.72 B3 4287.79 4745.88 
56.72 120 13 04 50
56.72 244 0.31
56.725 22 4.35
56.725 23 0.94
56.725 25 1.64
56.725 30 0.00
56.725 B1 4267.51 4706.85 
56.725 B3 4292.85 4743.38 
56.725 120 13 04 50
56.725 244 0.31
56.73 22 3.28
56.73 23 0.99
56.73 25 1.19
56.73 30 0.00
56.73 B1 4273.22 4704.88 
56.73 B3 4298.17 4740.70 
56.73 120 13 04 50
56.73 244 0.31
56.735 22 3.06
56.735 23 0.99
56.735 25 1.19
56.735 30 0.00
56.735 B1 4279.28 4701.79 
56.735 B3 4304.17 4737.49 
56.735 120 13 04 50
56.735 244 0.31
56.74 22 3.14
56.74 23 0.99
56.74 25 1.10
56.74 30 0.00
56.74 B1 4285.76 4698.05 
56.74 B3 4310.68 4733.85 
56.74 120 13 04 50
56.74 244 0.31
56.745 22 3.16
56.745 23 0.99
56.745 25 0.85
56.745 30 0.00
56.745 B1 4292.37 4693.99 
56.745 B3 4317.42 4730.00 
56.745 120 13 04 50
56.745 244 0.31
56.75 22 3.06
56.75 23 0.99
56.75 25 0.00
56.75 30 0.00
56.75 B1 4298.97 4689.78 
56.75 B3 4324.28 4726.04 
56.75 120 13 04 50
56.75 244 0.31
56.755 22 2.55
56.755 23 0.99
56.755 25 0.00
56.755 30 0.00
56.755 B1 4305.29 4685.20 
56.755 B3 4331.21 4721.99 
56.755 120 13 04 50
56.755 244 0.31
56.76 22 2.63
56.76 23 0.99
56.76 25 0.00
56.76 30 0.00
56.76 B1 4312.15 4680.56 
56.76 B3 4338.39 4717.69 
56.76 120 13 04 50
56.76 244 0.31
56.765 22 2.71
56.765 23 0.98
56.765 25 0.00
56.765 30 0.00
56.765 B1 4319.21 4675.97 
56.765 B3 4345.66 4713.29 
56.765 120 13 04 50
56.765 244 0.31
56.77 22 2.77
56.77 23 0.98
56.77 25 0.00
56.77 30 0.00
56.77 B1 4326.28 4671.49 
56.77 B3 4352.90 4708.89 
56.77 120 13 04 50
56.77 244 0.31
56.775 22 2.82
56.775 23 0.98
56.775 25 0.00
56.775 30 0.00
56.775 B1 4333.28 4667.16 
56.775 B3 4360.06 4704.57 
56.775 120 13 04 50
56.775 244 0.31
56.78 22 2.87
56.78 23 0.98
56.78 25 0.00
56.78 30 0.00
56.78 B1 4340.17 4663.01 
56.78 B3 4367.09 4700.36 
56.78 120 13 04 50
56.78 244 0.31
56.785 22 2.91
56.785 23 0.98
56.785 25 0.00
56.785 30 0.00
56.785 B1 4346.91 4659.01 
56.785 B3 4373.99 4696.27 
56.785 120 13 04 50
56.785 244 0.31
56.79 22 2.94
56.79 23 0.98
56.79 25 0.00
56.79 30 0.00
56.79 B1 4353.49 4655.20 
56.79 B3 4380.73 4692.35 
56.79 120 13 04 50
56.79 244 0.31
56.795 22 2.97
56.795 23 0.98
56.795 25 0.00
56.795 30 0.00
56.795 B1 4359.93 4651.56 
56.795 B3 4387.32 4688.58 
56.795 120 13 04 50
56.795 244 0.31
56.8 22 2.99
56.8 23 0.98
56.8 25 0.00
56.8 30 0.00
56.8 B1 4366.21 4648.09 
56.8 B3 4393.75 4684.98 
56.8 120 13 04 50
56.8 244 0.31
56.805 22 3.00
56.805 23 0.98
56.805 25 0.00
56.805 30 0.00
56.805 B1 4372.35 4644.78 
56.805 B3 4400.03 4681.54 
56.805 120 13 04 50
56.805 244 0.31
56.81 22 3.02
56.81 23 0.98
56.81 25 0.00
56.81 30 0.00
56.81 B1 4378.33 4641.64 
56.81 B3 4406.16 4678.26 
56.81 120 13 04 50
56.81 244 0.32
56.815 22 3.03
56.815 23 0.98
56.815 25 0.00
56.815 30 0.00
56.815 B1 4385.50 4639.98 
56.815 B3 4413.34 4676.34 
56.815 120 13 04 50
56.815 244 0.32
56.82 22 3.03
56.82 23 0.99
56.82 25 0.00
56.82 30 0.00
56.82 B1 4391.96 4637.93 
56.82 B3 4419.96 4674.19 
56.82 120 13 04 50
56.82 244 0.32
56.825 22 3.04
56.825 23 0.99
56.825 25 0.00
56.825 30 0.00
56.825 B1 4397.97 4635.72 
56.825 B3 4426.18 4671.94 
56.825 120 13 04 50
56.825 244 0.32
56.83 22 3.04
56.83 23 0.99
56.83 25 0.00
56.83 30 0.00
56.83 B1 4403.67 4633.47 
56.83 B3 4432.10 4669.67 
56.83 120 13 04 50
56.83 244 0.31
56.835 22 3.04
56.835 23 1.00
56.835 25 0.00
56.835 30 0.00
56.835 B1 4407.84 4629.95 
56.835 B3 4436.58 4666.25 
56.835 120 13 04 50
56.835 244 0.31
56.84 22 3.03
56.84 23 0.99
56.84 25 0.00
56.84 30 0.00
56.84 B1 4412.40 4627.05 
56.84 B3 4441.28 4663.29 
56.84 120 13 04 50
56.84 244 0.31
56.845 22 3.02
56.845 23 0.98
56.845 25 0.00
56.845 30 0.00
56.845 B1 4417.12 4624.56 
56.845 B3 4446.07 4660.67 
56.845 120 13 04 50
56.845 244 0.31
56.85 22 3.01
56.85 23 0.98
56.85 25 0.00
56.85 30 0.00
56.85 B1 4421.90 4622.37 
56.85 B3 4450.89 4658.33 
56.85 120 13 04 50
56.85 244 0.31
56.855 22 3.00
56.855 23 0.97
56.855 25 0.00
56.855 30 0.00
56.855 B1 4426.64 4620.40 
56.855 B3 4455.68 4656.21 
56.855 120 13 04 50
56.855 244 0.31
56.86 22 2.98
56.86 23 0.97
56.86 25 0.00
56.86 30 0.00
56.86 B1 4431.32 4618.60 
56.86 B3 4460.41 4654.29 
56.86 120 13 04 50
56.86 244 0.31
56.865 22 2.97
56.865 23 0.97
56.865 25 0.00
56.865 30 0.00
56.865 B1 4435.93 4616.95 
56.865 B3 4465.07 4652.52 
56.865 120 13 04 50
56.865 244 0.31
56.87 22 2.95
56.87 23 0.97
56.87 25 0.00
56.87 30 0.00
56.87 B1 4440.45 4615.43 
56.87 B3 4469.64 4650.90 
56.87 120 13 04 50
56.87 244 0.32
56.875 22 2.93
56.875 23 0.97
56.875 25 0.00
56.875 30 0.00
56.875 B1 4446.21 4615.36 
56.875 B3 4475.33 4650.60 
56.875 120 13 04 50
56.875 244 0.32
56.88 22 2.90
56.88 23 0.98
56.88 25 0.00
56.88 30 0.00
56.88 B1 4451.30 4614.86 
56.88 B3 4480.52 4650.04 
56.88 120 13 04 50
56.88 244 0.32
56.885 22 2.88
56.885 23 0.98
56.885 25 0.00
56.885 30 0.00
56.885 B1 4455.99 4614.15 
56.885 B3 4485.36 4649.34 
56.885 120 13 04 50
56.885 244 0.31
56.89 22 2.85
56.89 23 0.99
56.89 25 0.00
56.89 30 0.00
56.89 B1 4459.10 4612.05 
56.89 B3 4488.75 4647.37 
56.89 120 13 04 50
56.89 244 0.31
56.895 22 2.83
56.895 23 0.98
56.895 25 0.00
56.895 30 0.00
56.895 B1 4462.60 4610.48 
56.895 B3 4492.36 4645.80 
56.895 120 13 04 50
56.895 244 0.31
56.9 22 2.80
56.9 23 0.97
56.9 25 0.00
56.9 30 0.00
56.9 B1 4466.28 4609.27 
56.9 B3 4496.08 4644.50 
56.9 120 13 04 50
56.9 244 0.31
56.905 22 2.77
56.905 23 0.97
56.905 25 0.00
56.905 30 0.00
56.905 B1 4470.03 4608.28 
56.905 B3 4499.85 4643.42 
56.905 120 13 04 50
56.905 244 0.31
56.91 22 2.74
56.91 23 0.96
56.91 25 0.00
56.91 30 0.00
56.91 B1 4473.78 4607.47 
56.91 B3 4503.62 4642.51 
56.91 120 13 04 50
56.91 244 0.31
56.915 22 2.70
56.915 23 0.96
56.915 25 0.00
56.915 30 0.00
56.915 B1 4477.50 4606.79 
56.915 B3 4507.36 4641.73 
56.915 120 13 04 50
56.915 244 0.31
56.92 22 2.67
56.92 23 0.96
56.92 25 0.00
56.92 30 0.00
56.92 B1 4481.18 4606.22 
56.92 B3 4511.07 4641.08 
56.92 120 13 04 50
56.92 244 0.31
56.925 22 2.64
56.925 23 0.96
56.925 25 0.00
56.925 30 0.00
56.925 B1 4484.80 4605.74 
56.925 B3 4514.73 4640.52 
56.925 120 13 04 50
56.925 244 0.31
56.93 22 2.60
56.93 23 0.96
56.93 25 0.00
56.93 30 0.00
56.93 B1 4488.37 4605.34 
56.93 B3 4518.34 4640.05 
56.93 120 13 04 50
56.93 244 0.31
56.935 22 2.57
56.935 23 0.96
56.935 25 0.00
56.935 30 0.00
56.935 B1 4491.88 4605.02 
56.935 B3 4521.89 4639.67 
56.935 120 13 04 50
56.935 244 0.31
56.94 22 2.53
56.94 23 0.96
56.94 25 0.00
56.94 30 0.00
56.94 B1 4495.33 4604.77 
56.94 B3 4525.39 4639.36 
56.94 120 13 04 50
56.94 244 0.32
56.945 22 2.50
56.945 23 0.96
56.945 25 0.00
56.945 30 0.00
56.945 B1 4500.04 4605.92 
56.945 B3 4530.03 4640.32 
56.945 120 13 04 50
56.945 244 0.32
56.95 22 2.46
56.95 23 0.97
56.95 25 0.00
56.95 30 0.00
56.95 B1 4504.14 4606.58 
56.95 B3 4534.20 4640.96 
56.95 120 13 04 50
56.95 244 0.32
56.955 22 2.43
56.955 23 0.97
56.955 25 0.00
56.955 30 0.00
56.955 B1 4507.87 4606.99 
56.955 B3 4538.06 4641.41 
56.955 120 13 04 50
56.955 244 0.32
56.96 22 2.39
56.96 23 0.98
56.96 25 0.00
56.96 30 0.00
56.96 B1 4511.37 4607.29 
56.96 B3 4541.70 4641.74 
56.96 120 13 04 50
56.96 244 0.32
56.965 22 2.36
56.965 23 0.98
56.965 25 0.00
56.965 30 0.00
56.965 B1 4514.73 4607.54 
56.965 B3 4545.19 4642.03 
56.965 120 13 04 50
56.965 244 0.32
56.97 22 2.32
56.97 23 0.98
56.97 25 0.00
56.97 30 0.00
56.97 B1 4517.98 4607.79 
56.97 B3 4548.55 4642.29 
56.97 120 13 04 50
56.97 244 0.32
56.975 22 2.28
56.975 23 0.98
56.975 25 0.00
56.975 30 0.00
56.975 B1 4521.16 4608.06 
56.975 B3 4551.83 4642.57 
56.975 120 13 04 50
56.975 244 0.32
56.98 22 2.25
56.98 23 0.98
56.98 25 0.00
56.98 30 0.00
56.98 B1 4524.27 4608.35 
56.98 B3 4555.03 4642.87 
56.98 120 13 04 50
56.98 244 0.32
56.985 22 2.21
56.985 23 0.98
56.985 25 0.00
56.985 30 0.00
56.985 B1 4528.65 4610.02 
56.985 B3 4559.36 4644.39 
56.985 120 13 04 50
56.985 244 0.32
56.99 22 2.17
56.99 23 0.99
56.99 25 0.00
56.99 30 0.00
56.99 B1 4532.42 4611.17 
56.99 B3 4563.23 4645.55 
56.99 120 13 04 50
56.99 244 0.33
56.995 22 2.14
56.995 23 0.99
56.995 25 0.00
56.995 30 0.00
56.995 B1 4538.48 4614.70 
56.995 B3 4569.18 4648.88 
56.995 120 13 04 50
56.995 244 0.33
57 22 2.10
57 23 1.02
57 25 0.00
57 30 0.00
57 B1 4543.20 4617.01 
57 B3 4574.11 4651.30 
57 120 13 04 50
57 244 0.33
57.005 22 2.07
57.005 23 1.03
57.005 25 0.00
57.005 30 0.00
57.005 B1 4545.84 4617.31 
57.005 B3 4577.17 4651.94 
57.005 120 13 04 50
57.005 244 0.33
57.01 22 2.03
57.01 23 1.03
57.01 25 0.00
57.01 30 0.00
57.01 B1 4549.92 4619.11 
57.01 B3 4581.39 4653.80 
57.01 120 13 04 50
57.01 244 0.33
57.015 22 1.99
57.015 23 1.04
57.015 25 0.00
57.015 30 0.00
57.015 B1 4553.48 4620.47 
57.015 B3 4585.16 4655.29 
57.015 120 13 04 50
57.015 244 0.33
57.02 22 1.96
57.02 23 1.05
57.02 25 0.00
57.02 30 0.00
57.02 B1 4556.75 4621.60 
57.02 B3 4588.64 4656.55 
57.02 120 13 04 50
57.02 244 0.33
57.025 22 1.92
57.025 23 1.05
57.025 25 0.00
57.025 30 0.00
57.025 B1 4559.84 4622.61 
57.025 B3 4591.91 4657.68 
57.025 120 13 04 50
57.025 244 0.33
57.03 22 1.89
57.03 23 1.05
57.03 25 0.00
57.03 30 0.00
57.03 B1 4564.12 4624.90 
57.03 B3 4596.23 4659.92 
57.03 120 13 04 50
57.03 244 0.34
57.035 22 1.86
57.035 23 1.06
57.035 25 0.00
57.035 30 0.00
57.035 B1 4569.10 4627.94 
57.035 B3 4601.24 4662.92 
57.035 120 13 04 50
57.035 244 0.34
57.04 22 1.82
57.04 23 1.08
57.04 25 0.00
57.04 30 0.00
57.04 B1 4573.15 4630.14 
57.04 B3 4605.51 4665.26 
57.04 120 13 04 50
57.04 244 0.34
57.045 22 1.79
57.045 23 1.09
57.045 25 0.00
57.045 30 0.00
57.045 B1 4577.99 4633.18 
57.045 B3 4610.49 4668.37 
57.045 120 13 04 50
57.045 244 0.34
57.05 22 1.76
57.05 23 1.10
57.05 25 0.00
57.05 30 0.00
57.05 B1 4581.96 4635.42 
57.05 B3 4614.75 4670.82 
57.05 120 13 04 50
57.05 244 0.34
57.055 22 1.72
57.055 23 1.11
57.055 25 0.59
57.055 30 0.00
57.055 B1 4585.43 4637.21 
57.055 B3 4618.52 4672.84 
57.055 120 13 04 50
57.055 244 0.35
57.06 22 2.12
57.06 23 1.11
57.06 25 2.68
57.06 30 0.00
57.06 B1 4589.47 4639.63 
57.06 B3 4623.16 4675.79 
57.06 120 13 04 50
57.06 244 0.35
57.065 22 3.72
57.065 23 1.05
57.065 25 3.67
57.065 30 0.00
57.065 B1 4589.49 4638.59 
57.065 B3 4626.99 4678.37 
57.065 120 13 04 50
57.065 244 0.35
57.07 22 4.42
57.07 23 0.97
57.07 25 3.67
57.07 30 0.00
57.07 B1 4587.25 4637.38 
57.07 B3 4629.49 4681.38 
57.07 120 13 04 50
57.07 244 0.35
57.075 22 4.30
57.075 23 0.96
57.075 25 3.79
57.075 30 0.00
57.075 B1 4585.72 4638.87 
57.075 B3 4630.72 4684.96 
57.075 120 13 04 50
57.075 244 0.34
57.08 22 4.29
57.08 23 0.95
57.08 25 3.91
57.08 30 0.00
57.08 B1 4582.99 4640.21 
57.08 B3 4629.94 4687.68 
57.08 120 13 04 50
57.08 244 0.35
57.085 22 4.27
57.085 23 0.93
57.085 25 4.04
57.085 30 0.00
57.085 B1 4582.20 4644.12 
57.085 B3 4630.22 4692.21 
57.085 120 13 04 50
57.085 244 0.34
57.09 22 4.27
57.09 23 0.93
57.09 25 4.16
57.09 30 0.00
57.09 B1 4579.88 4646.89 
57.09 B3 4628.78 4695.54 
57.09 120 13 04 50
57.09 244 0.34
57.095 22 4.26
57.095 23 0.91
57.095 25 4.28
57.095 30 0.00
57.095 B1 4577.97 4650.31 
57.095 B3 4627.39 4699.27 
57.095 120 13 04 50
57.095 244 0.34
57.1 22 4.26
57.1 23 0.90
57.1 25 4.28
57.1 30 0.00
57.1 B1 4576.30 4654.11 
57.1 B3 4626.02 4703.27 
57.1 120 13 04 50
57.1 244 0.34
57.105 22 4.16
57.105 23 0.90
57.105 25 4.28
57.105 30 0.00
57.105 B1 4575.06 4658.46 
57.105 B3 4624.64 4707.45 
57.105 120 13 04 50
57.105 244 0.34
57.11 22 4.07
57.11 23 0.90
57.11 25 4.90
57.11 30 0.00
57.11 B1 4574.10 4663.07 
57.11 B3 4623.31 4711.70 
57.11 120 13 04 50
57.11 244 0.34
57.115 22 4.48
57.115 23 0.85
57.115 25 5.27
57.115 30 0.00
57.115 B1 4570.41 4664.86 
57.115 B3 4620.84 4714.78 
57.115 120 13 04 50
57.115 244 0.34
57.12 22 4.68
57.12 23 0.80
57.12 25 5.27
57.12 30 0.00
57.12 B1 4566.83 4667.13 
57.12 B3 4618.59 4718.41 
57.12 120 13 04 50
57.12 244 0.34
57.125 22 4.58
57.125 23 0.79
57.125 25 6.01
57.125 30 0.00
57.125 B1 4564.27 4670.82 
57.125 B3 4616.36 4722.46 
57.125 120 13 04 50
57.125 244 0.33
57.13 22 5.08
57.13 23 0.71
57.13 25 6.01
57.13 30 0.00
57.13 B1 4557.42 4670.43 
57.13 B3 4611.80 4724.36 
57.13 120 13 04 50
57.13 244 0.33
57.135 22 4.98
57.135 23 0.68
57.135 25 6.26
57.135 30 0.00
57.135 B1 4552.80 4672.76 
57.135 B3 4607.81 4727.35 
57.135 120 13 04 50
57.135 244 0.33
57.14 22 5.07
57.14 23 0.64
57.14 25 6.38
57.14 30 0.00
57.14 B1 4550.00 4677.16 
57.14 B3 4605.44 4732.20 
57.14 120 13 04 50
57.14 244 0.33
57.145 22 5.07
57.145 23 0.63
57.145 25 6.50
57.145 30 0.00
57.145 B1 4545.96 4680.55 
57.145 B3 4601.68 4735.94 
57.145 120 13 04 50
57.145 244 0.33
57.15 22 5.08
57.15 23 0.61
57.15 25 6.50
57.15 30 0.00
57.15 B1 4543.84 4685.98 
57.15 B3 4599.39 4741.31 
57.15 120 13 04 50
57.15 244 0.33
57.155 22 4.99
57.155 23 0.62
57.155 25 6.62
57.155 30 0.00
57.155 B1 4541.89 4691.64 
57.155 B3 4596.88 4746.55 
57.155 120 13 04 50
57.155 244 0.33
57.16 22 5.01
57.16 23 0.61
57.16 25 6.62
57.16 30 0.00
57.16 B1 4538.37 4695.69 
57.16 B3 4593.09 4750.49 
57.16 120 13 04 50
57.16 244 0.33
57.165 22 4.93
57.165 23 0.61
57.165 25 6.62
57.165 30 0.00
57.165 B1 4535.67 4700.45 
57.165 B3 4589.65 4754.71 
57.165 120 13 04 50
57.165 244 0.33
57.17 22 4.86
57.17 23 0.61
57.17 25 6.62
57.17 30 0.00
57.17 B1 4533.46 4705.56 
57.17 B3 4586.50 4759.10 
57.17 120 13 04 50
57.17 244 0.33
57.175 22 4.79
57.175 23 0.62
57.175 25 6.62
57.175 30 0.00
57.175 B1 4531.58 4710.80 
57.175 B3 4583.58 4763.54 
57.175 120 13 04 50
57.175 244 0.33
57.18 22 4.73
57.18 23 0.62
57.18 25 6.62
57.18 30 0.00
57.18 B1 4529.92 4716.06 
57.18 B3 4580.88 4767.99 
57.18 120 13 04 50
57.18 244 0.33
57.185 22 4.68
57.185 23 0.63
57.185 25 6.62
57.185 30 0.00
57.185 B1 4528.42 4721.26 
57.185 B3 4578.36 4772.42 
57.185 120 13 04 50
57.185 244 0.33
57.19 22 4.63
57.19 23 0.64
57.19 25 6.62
57.19 30 0.00
57.19 B1 4528.38 4727.69 
57.19 B3 4577.21 4777.98 
57.19 120 13 04 50
57.19 244 0.33
57.195 22 4.58
57.195 23 0.65
57.195 25 6.62
57.195 30 0.00
57.195 B1 4527.87 4733.47 
57.195 B3 4575.80 4783.09 
57.195 120 13 04 50
57.195 244 0.33
57.2 22 4.54
57.2 23 0.67
57.2 25 6.62
57.2 30 0.00
57.2 B1 4527.15 4738.83 
57.2 B3 4574.29 4787.87 
57.2 120 13 04 50
57.2 244 0.33
57.205 22 4.51
57.205 23 0.68
57.205 25 6.62
57.205 30 0.00
57.205 B1 4526.34 4743.88 
57.205 B3 4572.74 4792.40 
57.205 120 13 04 50
57.205 244 0.33
57.21 22 4.48
57.21 23 0.68
57.21 25 6.62
57.21 30 0.00
57.21 B1 4525.51 4748.70 
57.21 B3 4571.23 4796.74 
57.21 120 13 04 50
57.21 244 0.33
57.215 22 4.45
57.215 23 0.69
57.215 25 6.62
57.215 30 0.00
57.215 B1 4524.70 4753.34 
57.215 B3 4569.76 4800.91 
57.215 120 13 04 50
57.215 244 0.34
57.22 22 4.43
57.22 23 0.70
57.22 25 6.62
57.22 30 0.00
57.22 B1 4525.26 4759.13 
57.22 B3 4569.58 4806.15 
57.22 120 13 04 50
57.22 244 0.34
57.225 22 4.41
57.225 23 0.71
57.225 25 6.62
57.225 30 0.00
57.225 B1 4525.31 4764.27 
57.225 B3 4569.06 4810.90 
57.225 120 13 04 50
57.225 244 0.34
57.23 22 4.39
57.23 23 0.72
57.23 25 6.75
57.23 30 0.00
57.23 B1 4525.10 4768.97 
57.23 B3 4568.38 4815.29 
57.23 120 13 04 50
57.23 244 0.34
57.235 22 4.48
57.235 23 0.72
57.235 25 6.75
57.235 30 0.00
57.235 B1 4524.46 4773.06 
57.235 B3 4567.62 4819.42 
57.235 120 13 04 50
57.235 244 0.34
57.24 22 4.46
57.24 23 0.72
57.24 25 6.75
57.24 30 0.00
57.24 B1 4525.18 4778.44 
57.24 B3 4567.98 4824.59 
57.24 120 13 04 50
57.24 244 0.34
57.245 22 4.45
57.245 23 0.74
57.245 25 6.75
57.245 30 0.00
57.245 B1 4525.40 4783.24 
57.245 B3 4567.92 4829.24 
57.245 120 13 04 50
57.245 244 0.34
57.25 22 4.44
57.25 23 0.75
57.25 25 6.75
57.25 30 0.00
57.25 B1 4525.35 4787.66 
57.25 B3 4567.61 4833.53 
57.25 120 13 04 50
57.25 244 0.34
57.255 22 4.44
57.255 23 0.75
57.255 25 6.75
57.255 30 0.00
57.255 B1 4525.18 4791.81 
57.255 B3 4567.18 4837.55 
57.255 120 13 04 50
57.255 244 0.34
57.26 22 4.43
57.26 23 0.76
57.26 25 6.75
57.26 30 0.00
57.26 B1 4524.96 4795.78 
57.26 B3 4566.70 4841.38 
57.26 120 13 04 50
57.26 244 0.34
57.265 22 4.43
57.265 23 0.76
57.265 25 6.87
57.265 30 0.00
57.265 B1 4524.74 4799.59 
57.265 B3 4566.20 4845.05 
57.265 120 13 04 50
57.265 244 0.35
57.27 22 4.53
57.27 23 0.75
57.27 25 6.87
57.27 30 0.00
57.27 B1 4525.57 4804.31 
57.27 B3 4566.93 4849.79 
57.27 120 13 04 50
57.27 244 0.35
57.275 22 4.53
57.275 23 0.76
57.275 25 6.87
57.275 30 0.00
57.275 B1 4525.93 4808.58 
57.275 B3 4567.22 4854.09 
57.275 120 13 04 50
57.275 244 0.35
57.28 22 4.54
57.28 23 0.77
57.28 25 6.87
57.28 30 0.00
57.28 B1 4526.07 4812.55 
57.28 B3 4567.26 4858.07 
57.28 120 13 04 50
57.28 244 0.35
57.285 22 4.54
57.285 23 0.78
57.285 25 6.87
57.285 30 0.00
57.285 B1 4526.09 4816.32 
57.285 B3 4567.17 4861.83 
57.285 120 13 04 50
57.285 244 0.35
57.29 22 4.55
57.29 23 0.78
57.29 25 6.99
57.29 30 0.00
57.29 B1 4526.07 4819.93 
57.29 B3 4567.00 4865.40 
57.29 120 13 04 50
57.29 244 0.35
57.295 22 4.65
57.295 23 0.77
57.295 25 6.99
57.295 30 0.00
57.295 B1 4525.74 4823.12 
57.295 B3 4566.82 4868.85 
57.295 120 13 04 50
57.295 244 0.35
57.3 22 4.66
57.3 23 0.77
57.3 25 6.99
57.3 30 0.00
57.3 B1 4526.84 4827.71 
57.3 B3 4567.79 4873.42 
57.3 120 13 04 50
57.3 244 0.35
57.305 22 4.67
57.305 23 0.78
57.305 25 7.12
57.305 30 0.00
57.305 B1 4527.43 4831.80 
57.305 B3 4568.33 4877.55 
57.305 120 13 04 50
57.305 244 0.35
57.31 22 4.78
57.31 23 0.78
57.31 25 7.12
57.31 30 0.00
57.31 B1 4527.46 4835.25 
57.31 B3 4568.62 4881.36 
57.31 120 13 04 50
57.31 244 0.35
57.315 22 4.79
57.315 23 0.78
57.315 25 7.49
57.315 30 0.00
57.315 B1 4527.45 4838.67 
57.315 B3 4568.71 4884.98 
57.315 120 13 04 50
57.315 244 0.35
57.32 22 5.09
57.32 23 0.73
57.32 25 7.49
57.32 30 0.00
57.32 B1 4527.79 4842.38 
57.32 B3 4569.89 4889.65 
57.32 120 13 04 50
57.32 244 0.35
57.325 22 5.10
57.325 23 0.75
57.325 25 7.86
57.325 30 0.00
57.325 B1 4527.84 4846.06 
57.325 B3 4570.43 4893.92 
57.325 120 13 04 50
57.325 244 0.36
57.33 22 5.40
57.33 23 0.70
57.33 25 9.21
57.33 30 0.00
57.33 B1 4528.05 4849.99 
57.33 B3 4571.79 4899.10 
57.33 120 13 04 50
57.33 244 0.36
57.335 22 6.45
57.335 23 0.51
57.335 25 9.21
57.335 30 0.00
57.335 B1 4523.50 4849.43 
57.335 B3 4572.33 4903.80 
57.335 120 13 04 50
57.335 244 0.36
57.34 22 6.41
57.34 23 0.50
57.34 25 9.21
57.34 30 0.00
57.34 B1 4520.22 4851.26 
57.34 B3 4571.75 4908.46 
57.34 120 13 04 50
57.34 244 0.36
57.345 22 6.38
57.345 23 0.51
57.345 25 9.21
57.345 30 0.00
57.345 B1 4517.69 4854.44 
57.345 B3 4570.47 4913.06 
57.345 120 13 04 50
57.345 244 0.36
57.35 22 6.36
57.35 23 0.51
57.35 25 9.70
57.35 30 0.00
57.35 B1 4515.63 4858.39 
57.35 B3 4568.78 4917.57 
57.35 120 13 04 50
57.35 244 0.36
57.355 22 6.71
57.355 23 0.43
57.355 25 10.20
57.355 30 0.00
57.355 B1 4513.37 4862.23 
57.355 B3 4568.07 4923.20 
57.355 120 13 04 50
57.355 244 0.36
57.36 22 7.04
57.36 23 0.36
57.36 25 10.20
57.36 30 0.00
57.36 B1 4508.10 4863.41 
57.36 B3 4565.41 4927.27 
57.36 120 13 04 50
57.36 244 0.36
57.365 22 7.01
57.365 23 0.35
57.365 25 10.32
57.365 30 0.00
57.365 B1 4504.26 4866.39 
57.365 B3 4562.51 4931.53 
57.365 120 13 04 50
57.365 244 0.36
57.37 22 7.07
57.37 23 0.33
57.37 25 10.32
57.37 30 0.00
57.37 B1 4500.75 4869.88 
57.37 B3 4559.49 4935.88 
57.37 120 13 04 50
57.37 244 0.36
57.375 22 7.05
57.375 23 0.34
57.375 25 10.44
57.375 30 0.00
57.375 B1 4497.92 4874.16 
57.375 B3 4556.39 4940.28 
57.375 120 13 04 50
57.375 244 0.36
57.38 22 7.11
57.38 23 0.32
57.38 25 10.44
57.38 30 0.00
57.38 B1 4495.01 4878.34 
57.38 B3 4553.29 4944.67 
57.38 120 13 04 50
57.38 244 0.36
57.385 22 7.10
57.385 23 0.32
57.385 25 10.57
57.385 30 0.00
57.385 B1 4492.53 4882.95 
57.385 B3 4550.18 4949.05 
57.385 120 13 04 50
57.385 244 0.36
57.39 22 7.17
57.39 23 0.31
57.39 25 10.69
57.39 30 0.00
57.39 B1 4489.84 4887.25 
57.39 B3 4547.12 4953.38 
57.39 120 13 04 50
57.39 244 0.36
57.395 22 7.24
57.395 23 0.29
57.395 25 10.69
57.395 30 0.00
57.395 B1 4488.34 4892.67 
57.395 B3 4545.28 4958.86 
57.395 120 13 04 50
57.395 244 0.36
57.4 22 7.23
57.4 23 0.31
57.4 25 10.69
57.4 30 0.00
57.4 B1 4486.68 4897.94 
57.4 B3 4543.03 4963.94 
57.4 120 13 04 50
57.4 244 0.36
57.405 22 7.23
57.405 23 0.32
57.405 25 10.69
57.405 30 0.00
57.405 B1 4483.63 4901.73 
57.405 B3 4539.37 4967.52 
57.405 120 13 04 50
57.405 244 0.36
57.41 22 7.22
57.41 23 0.32
57.41 25 10.69
57.41 30 0.00
57.41 B1 4481.15 4905.87 
57.41 B3 4536.04 4971.22 
57.41 120 13 04 50
57.41 244 0.36
57.415 22 7.22
57.415 23 0.32
57.415 25 10.69
57.415 30 0.00
57.415 B1 4479.02 4910.17 
57.415 B3 4532.97 4974.97 
57.415 120 13 04 50
57.415 244 0.36
57.42 22 7.22
57.42 23 0.33
57.42 25 10.69
57.42 30 0.00
57.42 B1 4477.12 4914.50 
57.42 B3 4530.12 4978.72 
57.42 120 13 04 50
57.42 244 0.35
57.425 22 7.22
57.425 23 0.33
57.425 25 10.69
57.425 30 0.00
57.425 B1 4474.05 4917.48 
57.425 B3 4526.25 4981.25 
57.425 120 13 04 50
57.425 244 0.35
57.43 22 7.23
57.43 23 0.32
57.43 25 10.69
57.43 30 0.00
57.43 B1 4471.67 4920.87 
57.43 B3 4522.96 4984.09 
57.43 120 13 04 50
57.43 244 0.35
57.435 22 7.24
57.435 23 0.32
57.435 25 10.69
57.435 30 0.00
57.435 B1 4469.68 4924.47 
57.435 B3 4520.08 4987.12 
57.435 120 13 04 50
57.435 244 0.35
57.44 22 7.25
57.44 23 0.32
57.44 25 10.69
57.44 30 0.00
57.44 B1 4467.95 4928.14 
57.44 B3 4517.51 4990.24 
57.44 120 13 04 50
57.44 244 0.35
57.445 22 7.26
57.445 23 0.33
57.445 25 10.69
57.445 30 0.00
57.445 B1 4466.37 4931.79 
57.445 B3 4515.16 4993.40 
57.445 120 13 04 50
57.445 244 0.35
57.45 22 7.28
57.45 23 0.33
57.45 25 10.69
57.45 30 0.00
57.45 B1 4464.91 4935.39 
57.45 B3 4513.00 4996.56 
57.45 120 13 04 50
57.45 244 0.36
57.455 22 7.29
57.455 23 0.33
57.455 25 10.69
57.455 30 0.00
57.455 B1 4464.85 4940.22 
57.455 B3 4512.19 5000.89 
57.455 120 13 04 50
57.455 244 0.36
57.46 22 7.31
57.46 23 0.34
57.46 25 10.69
57.46 30 0.00
57.46 B1 4464.28 4944.46 
57.46 B3 4511.08 5004.82 
57.46 120 13 04 50
57.46 244 0.35
57.465 22 7.33
57.465 23 0.35
57.465 25 10.69
57.465 30 0.00
57.465 B1 4462.12 4946.97 
57.465 B3 4508.63 5007.25 
57.465 120 13 04 50
57.465 244 0.35
57.47 22 7.36
57.47 23 0.35
57.47 25 10.69
57.47 30 0.00
57.47 B1 4460.43 4949.69 
57.47 B3 4506.53 5009.80 
57.47 120 13 04 50
57.47 244 0.35
57.475 22 7.38
57.475 23 0.35
57.475 25 10.69
57.475 30 0.00
57.475 B1 4459.01 4952.51 
57.475 B3 4504.69 5012.43 
57.475 120 13 04 50
57.475 244 0.35
57.48 22 7.40
57.48 23 0.35
57.48 25 10.69
57.48 30 0.00
57.48 B1 4457.75 4955.34 
57.48 B3 4503.04 5015.08 
57.48 120 13 04 50
57.48 244 0.35
57.485 22 7.43
57.485 23 0.35
57.485 25 10.69
57.485 30 0.00
57.485 B1 4456.61 4958.14 
57.485 B3 4501.54 5017.72 
57.485 120 13 04 50
57.485 244 0.35
57.49 22 7.45
57.49 23 0.35
57.49 25 10.69
57.49 30 0.00
57.49 B1 4455.54 4960.88 
57.49 B3 4500.16 5020.33 
57.49 120 13 04 50
57.49 244 0.35
57.495 22 7.48
57.495 23 0.35
57.495 25 10.69
57.495 30 0.00
57.495 B1 4454.53 4963.55 
57.495 B3 4498.87 5022.90 
57.495 120 13 04 50
57.495 244 0.35
57.5 22 7.51
57.5 23 0.35
57.5 25 10.69
57.5 30 0.00
57.5 B1 4453.56 4966.15 
57.5 B3 4497.67 5025.43 
57.5 120 13 04 50
57.5 244 0.36
57.505 22 7.54
57.505 23 0.35
57.505 25 10.69
57.505 30 0.00
57.505 B1 4453.96 4969.98 
57.505 B3 4497.74 5029.10 
57.505 120 13 04 50
57.505 244 0.36
57.51 22 7.57
57.51 23 0.36
57.51 25 10.69
57.51 30 0.00
57.51 B1 4453.81 4973.24 
57.51 B3 4497.46 5032.36 
57.51 120 13 04 50
57.51 244 0.36
57.515 22 7.60
57.515 23 0.37
57.515 25 10.69
57.515 30 0.00
57.515 B1 4453.38 4976.11 
57.515 B3 4496.97 5035.31 
57.515 120 13 04 50
57.515 244 0.36
57.52 22 7.63
57.52 23 0.37
57.52 25 10.69
57.52 30 0.00
57.52 B1 4452.81 4978.72 
57.52 B3 4496.37 5038.04 
57.52 120 13 04 50
57.52 244 0.36
57.525 22 7.66
57.525 23 0.38
57.525 25 10.69
57.525 30 0.00
57.525 B1 4452.17 4981.14 
57.525 B3 4495.72 5040.60 
57.525 120 13 04 50
57.525 244 0.36
57.53 22 7.70
57.53 23 0.38
57.53 25 10.69
57.53 30 0.00
57.53 B1 4451.51 4983.42 
57.53 B3 4495.05 5043.02 
57.53 120 13 04 50
57.53 244 0.36
57.535 22 7.73
57.535 23 0.38
57.535 25 10.69
57.535 30 0.00
57.535 B1 4450.85 4985.60 
57.535 B3 4494.38 5045.34 
57.535 120 13 04 50
57.535 244 0.36
57.54 22 7.76
57.54 23 0.38
57.54 25 10.69
57.54 30 0.00
57.54 B1 4451.52 4988.99 
57.54 B3 4494.93 5048.76 
57.54 120 13 04 50
57.54 244 0.36
57.545 22 7.80
57.545 23 0.39
57.545 25 10.69
57.545 30 0.00
57.545 B1 4450.30 4990.49 
57.545 B3 4493.89 5050.55 
57.545 120 13 04 50
57.545 244 0.35
57.55 22 7.83
57.55 23 0.39
57.55 25 10.69
57.55 30 0.00
57.55 B1 4448.05 4990.79 
57.55 B3 4491.83 5051.19 
57.55 120 13 04 50
57.55 244 0.35
57.555 22 7.86
57.555 23 0.37
57.555 25 10.69
57.555 30 0.00
57.555 B1 4446.54 4991.64 
57.555 B3 4490.33 5052.20 
57.555 120 13 04 50
57.555 244 0.35
57.56 22 7.89
57.56 23 0.37
57.56 25 10.69
57.56 30 0.00
57.56 B1 4444.13 4991.49 
57.56 B3 4487.99 5052.26 
57.56 120 13 04 50
57.56 244 0.35
57.565 22 7.92
57.565 23 0.35
57.565 25 10.69
57.565 30 0.00
57.565 B1 4443.85 4993.32 
57.565 B3 4487.50 5054.02 
57.565 120 13 04 50
57.565 244 0.35
57.57 22 7.96
57.57 23 0.35
57.57 25 10.69
57.57 30 0.00
57.57 B1 4443.45 4995.03 
57.57 B3 4487.02 5055.76 
57.57 120 13 04 50
57.57 244 0.36
57.575 22 7.99
57.575 23 0.35
57.575 25 10.69
57.575 30 0.00
57.575 B1 4444.30 4997.98 
57.575 B3 4487.75 5058.66 
57.575 120 13 04 50
57.575 244 0.36
57.58 22 8.02
57.58 23 0.36
57.58 25 10.69
57.58 30 0.00
57.58 B1 4444.54 5000.35 
57.58 B3 4488.07 5061.17 
57.58 120 13 04 50
57.58 244 0.35
57.585 22 8.06
57.585 23 0.37
57.585 25 10.69
57.585 30 0.00
57.585 B1 4443.14 5001.04 
57.585 B3 4486.94 5062.21 
57.585 120 13 04 50
57.585 244 0.35
57.59 22 8.09
57.59 23 0.36
57.59 25 10.69
57.59 30 0.00
57.59 B1 4442.15 5001.98 
57.59 B3 4486.09 5063.40 
57.59 120 13 04 50
57.59 244 0.36
57.595 22 8.12
57.595 23 0.35
57.595 25 10.69
57.595 30 0.00
57.595 B1 4442.71 5004.38 
57.595 B3 4486.63 5065.88 
57.595 120 13 04 50
57.595 244 0.36
57.6 22 8.15
57.6 23 0.36
57.6 25 10.69
57.6 30 0.00
57.6 B1 4442.82 5006.36 
57.6 B3 4486.85 5068.05 
57.6 120 13 04 50
57.6 244 0.36
57.605 22 8.19
57.605 23 0.36
57.605 25 10.69
57.605 30 0.00
57.605 B1 4442.68 5008.05 
57.605 B3 4486.89 5070.00 
57.605 120 13 04 50
57.605 244 0.35
57.61 22 8.22
57.61 23 0.37
57.61 25 10.69
57.61 30 0.00
57.61 B1 4441.10 5008.24 
57.61 B3 4485.63 5070.60 
57.61 120 13 04 50
57.61 244 0.35
57.615 22 8.25
57.615 23 0.36
57.615 25 10.69
57.615 30 0.00
57.615 B1 4440.05 5008.80 
57.615 B3 4484.73 5071.43 
57.615 120 13 04 50
57.615 244 0.35
57.62 22 8.28
57.62 23 0.35
57.62 25 10.69
57.62 30 0.00
57.62 B1 4439.28 5009.58 
57.62 B3 4484.06 5072.41 
57.62 120 13 04 50
57.62 244 0.35
57.625 22 8.31
57.625 23 0.35
57.625 25 10.69
57.625 30 0.00
57.625 B1 4438.68 5010.46 
57.625 B3 4483.54 5073.48 
57.625 120 13 04 50
57.625 244 0.36
57.63 22 8.34
57.63 23 0.34
57.63 25 10.69
57.63 30 0.00
57.63 B1 4439.49 5012.72 
57.63 B3 4484.32 5075.80 
57.63 120 13 04 50
57.63 244 0.35
57.635 22 8.37
57.635 23 0.35
57.635 25 10.69
57.635 30 0.00
57.635 B1 4438.45 5013.19 
57.635 B3 4483.55 5076.59 
57.635 120 13 04 50
57.635 244 0.35
57.64 22 8.40
57.64 23 0.34
57.64 25 10.69
57.64 30 0.00
57.64 B1 4437.70 5013.84 
57.64 B3 4482.98 5077.51 
57.64 120 13 04 50
57.64 244 0.35
57.645 22 8.43
57.645 23 0.34
57.645 25 10.69
57.645 30 0.00
57.645 B1 4437.13 5014.60 
57.645 B3 4482.55 5078.49 
57.645 120 13 04 50
57.645 244 0.35
57.65 22 8.46
57.65 23 0.34
57.65 25 10.69
57.65 30 0.00
57.65 B1 4436.65 5015.41 
57.65 B3 4482.20 5079.52 
57.65 120 13 04 50
57.65 244 0.35
57.655 22 8.49
57.655 23 0.33
57.655 25 10.69
57.655 30 0.00
57.655 B1 4436.23 5016.25 
57.655 B3 4481.91 5080.57 
57.655 120 13 04 50
57.655 244 0.35
57.66 22 8.52
57.66 23 0.33
57.66 25 10.69
57.66 30 0.00
57.66 B1 4435.84 5017.08 
57.66 B3 4481.67 5081.62 
57.66 120 13 04 50
57.66 244 0.35
57.665 22 8.55
57.665 23 0.33
57.665 25 10.69
57.665 30 0.00
57.665 B1 4435.48 5017.90 
57.665 B3 4481.45 5082.66 
57.665 120 13 04 50
57.665 244 0.35
57.67 22 8.58
57.67 23 0.33
57.67 25 10.69
57.67 30 0.00
57.67 B1 4435.12 5018.71 
57.67 B3 4481.25 5083.69 
57.67 120 13 04 50
57.67 244 0.35
57.675 22 8.60
57.675 23 0.33
57.675 25 10.69
57.675 30 0.00
57.675 B1 4434.78 5019.49 
57.675 B3 4481.07 5084.70 
57.675 120 13 04 50
57.675 244 0.35
57.68 22 8.63
57.68 23 0.33
57.68 25 10.69
57.68 30 0.00
57.68 B1 4434.45 5020.25 
57.68 B3 4480.91 5085.69 
57.68 120 13 04 50
57.68 244 0.35
57.685 22 8.66
57.685 23 0.32
57.685 25 10.69
57.685 30 0.00
57.685 B1 4434.13 5020.99 
57.685 B3 4480.75 5086.66 
57.685 120 13 04 50
57.685 244 0.35
57.69 22 8.68
57.69 23 0.32
57.69 25 10.69
57.69 30 0.00
57.69 B1 4433.82 5021.70 
57.69 B3 4480.60 5087.61 
57.69 120 13 04 50
57.69 244 0.35
57.695 22 8.71
57.695 23 0.32
57.695 25 10.69
57.695 30 0.00
57.695 B1 4433.51 5022.39 
57.695 B3 4480.47 5088.53 
57.695 120 13 04 50
57.695 244 0.35
57.7 22 8.74
57.7 23 0.32
57.7 25 10.69
57.7 30 0.00
57.7 B1 4433.21 5023.05 
57.7 B3 4480.34 5089.43 
57.7 120 13 04 50
57.7 244 0.35
57.705 22 8.76
57.705 23 0.32
57.705 25 10.69
57.705 30 0.00
57.705 B1 4431.60 5022.37 
57.705 B3 4479.02 5089.11 
57.705 120 13 04 50
57.705 244 0.35
57.71 22 8.79
57.71 23 0.31
57.71 25 10.69
57.71 30 0.00
57.71 B1 4431.89 5023.49 
57.71 B3 4479.32 5090.32 
57.71 120 13 04 50
57.71 244 0.35
57.715 22 8.81
57.715 23 0.31
57.715 25 10.69
57.715 30 0.00
57.715 B1 4431.93 5024.38 
57.715 B3 4479.48 5091.39 
57.715 120 13 04 50
57.715 244 0.35
57.72 22 8.83
57.72 23 0.31
57.72 25 10.69
57.72 30 0.00
57.72 B1 4431.83 5025.14 
57.72 B3 4479.54 5092.36 
57.72 120 13 04 50
57.72 244 0.35
57.725 22 8.86
57.725 23 0.31
57.725 25 10.69
57.725 30 0.00
57.725 B1 4431.65 5025.81 
57.725 B3 4479.55 5093.26 
57.725 120 13 04 50
57.725 244 0.35
57.73 22 8.88
57.73 23 0.31
57.73 25 10.69
57.73 30 0.00
57.73 B1 4431.43 5026.41 
57.73 B3 4479.52 5094.10 
57.73 120 13 04 50
57.73 244 0.35
57.735 22 8.91
57.735 23 0.31
57.735 25 10.69
57.735 30 0.00
57.735 B1 4431.20 5026.96 
57.735 B3 4479.46 5094.89 
57.735 120 13 04 50
57.735 244 0.35
57.74 22 8.93
57.74 23 0.31
57.74 25 10.69
57.74 30 0.00
57.74 B1 4430.96 5027.48 
57.74 B3 4479.40 5095.64 
57.74 120 13 04 50
57.74 244 0.35
57.745 22 8.95
57.745 23 0.31
57.745 25 10.69
57.745 30 0.00
57.745 B1 4430.72 5027.98 
57.745 B3 4479.34 5096.36 
57.745 120 13 04 50
57.745 244 0.35
57.75 22 8.97
57.75 23 0.30
57.75 25 10.69
57.75 30 0.00
57.75 B1 4430.47 5028.44 
57.75 B3 4479.26 5097.06 
57.75 120 13 04 50
57.75 244 0.35
57.755 22 8.99
57.755 23 0.30
57.755 25 10.69
57.755 30 0.00
57.755 B1 4430.24 5028.89 
57.755 B3 4479.19 5097.72 
57.755 120 13 04 50
57.755 244 0.35
57.76 22 9.01
57.76 23 0.30
57.76 25 10.69
57.76 30 0.00
57.76 B1 4430.00 5029.31 
57.76 B3 4479.12 5098.37 
57.76 120 13 04 50
57.76 244 0.35
57.765 22 9.03
57.765 23 0.30
57.765 25 10.69
57.765 30 0.00
57.765 B1 4429.76 5029.72 
57.765 B3 4479.05 5098.99 
57.765 120 13 04 50
57.765 244 0.35
57.77 22 9.05
57.77 23 0.30
57.77 25 10.69
57.77 30 0.00
57.77 B1 4429.53 5030.11 
57.77 B3 4478.99 5099.58 
57.77 120 13 04 50
57.77 244 0.35
57.775 22 9.07
57.775 23 0.30
57.775 25 10.69
57.775 30 0.00
57.775 B1 4429.31 5030.49 
57.775 B3 4478.92 5100.17 
57.775 120 13 04 50
57.775 244 0.35
57.78 22 9.09
57.78 23 0.30
57.78 25 10.69
57.78 30 0.00
57.78 B1 4429.09 5030.84 
57.78 B3 4478.85 5100.73 
57.78 120 13 04 50
57.78 244 0.35
57.785 22 9.11
57.785 23 0.30
57.785 25 10.69
57.785 30 0.00
57.785 B1 4428.87 5031.19 
57.785 B3 4478.79 5101.27 
57.785 120 13 04 50
57.785 244 0.35
57.79 22 9.13
57.79 23 0.29
57.79 25 10.69
57.79 30 0.00
57.79 B1 4428.65 5031.52 
57.79 B3 4478.73 5101.80 
57.79 120 13 04 50
57.79 244 0.35
57.795 22 9.15
57.795 23 0.29
57.795 25 10.69
57.795 30 0.00
57.795 B1 4428.44 5031.83 
57.795 B3 4478.67 5102.30 
57.795 120 13 04 50
57.795 244 0.35
57.8 22 9.17
57.8 23 0.29
57.8 25 10.69
57.8 30 0.00
57.8 B1 4428.23 5032.14 
57.8 B3 4478.61 5102.79 
57.8 120 13 04 50
57.8 244 0.35
57.805 22 9.19
57.805 23 0.29
57.805 25 10.69
57.805 30 0.00
57.805 B1 4428.02 5032.42 
57.805 B3 4478.55 5103.27 
57.805 120 13 04 50
57.805 244 0.35
57.81 22 9.20
57.81 23 0.29
57.81 25 10.69
57.81 30 0.00
57.81 B1 4426.50 5031.38 
57.81 B3 4477.30 5102.53 
57.81 120 13 04 50
57.81 244 0.35
57.815 22 9.22
57.815 23 0.28
57.815 25 10.69
57.815 30 0.00
57.815 B1 4426.88 5032.13 
57.815 B3 4477.67 5103.33 
57.815 120 13 04 50
57.815 244 0.35
57.82 22 9.24
57.82 23 0.28
57.82 25 10.69
57.82 30 0.00
57.82 B1 4427.00 5032.69 
57.82 B3 4477.88 5104.00 
57.82 120 13 04 50
57.82 244 0.35
57.825 22 9.25
57.825 23 0.28
57.825 25 10.69
57.825 30 0.00
57.825 B1 4426.98 5033.11 
57.825 B3 4478.00 5104.58 
57.825 120 13 04 50
57.825 244 0.35
57.83 22 9.27
57.83 23 0.28
57.83 25 10.69
57.83 30 0.00
57.83 B1 4426.88 5033.45 
57.83 B3 4478.05 5105.09 
57.83 120 13 04 50
57.83 244 0.35
57.835 22 9.29
57.835 23 0.28
57.835 25 10.69
57.835 30 0.00
57.835 B1 4426.74 5033.74 
57.835 B3 4478.06 5105.56 
57.835 120 13 04 50
57.835 244 0.35
57.84 22 9.30
57.84 23 0.28
57.84 25 10.69
57.84 30 0.00
57.84 B1 4426.57 5033.98 
57.84 B3 4478.05 5105.99 
57.84 120 13 04 50
57.84 244 0.35
57.845 22 9.32
57.845 23 0.28
57.845 25 10.69
57.845 30 0.00
57.845 B1 4426.40 5034.21 
57.845 B3 4478.02 5106.38 
57.845 120 13 04 50
57.845 244 0.35
57.85 22 9.33
57.85 23 0.28
57.85 25 10.69
57.85 30 0.00
57.85 B1 4426.22 5034.41 
57.85 B3 4477.98 5106.76 
57.85 120 13 04 50
57.85 244 0.35
57.855 22 9.35
57.855 23 0.28
57.855 25 10.69
57.855 30 0.00
57.855 B1 4426.04 5034.60 
57.855 B3 4477.94 5107.11 
57.855 120 13 04 50
57.855 244 0.35
57.86 22 9.36
57.86 23 0.28
57.86 25 10.69
57.86 30 0.00
57.86 B1 4425.86 5034.77 
57.86 B3 4477.89 5107.45 
57.86 120 13 04 50
57.86 244 0.35
57.865 22 9.38
57.865 23 0.28
57.865 25 10.69
57.865 30 0.00
57.865 B1 4425.68 5034.93 
57.865 B3 4477.84 5107.77 
57.865 120 13 04 50
57.865 244 0.35
57.87 22 9.39
57.87 23 0.28
57.87 25 10.69
57.87 30 0.00
57.87 B1 4425.50 5035.08 
57.87 B3 4477.79 5108.07 
57.87 120 13 04 50
57.87 244 0.35
57.875 22 9.40
57.875 23 0.28
57.875 25 10.69
57.875 30 0.00
57.875 B1 4424.00 5033.90 
57.875 B3 4476.54 5107.16 
57.875 120 13 04 50
57.875 244 0.35
57.88 22 9.41
57.88 23 0.27
57.88 25 10.69
57.88 30 0.00
57.88 B1 4423.09 5033.21 
57.88 B3 4475.71 5106.60 
57.88 120 13 04 50
57.88 244 0.35
57.885 22 9.43
57.885 23 0.26
57.885 25 10.69
57.885 30 0.00
57.885 B1 4422.50 5032.81 
57.885 B3 4475.16 5106.27 
57.885 120 13 04 50
57.885 244 0.35
57.89 22 9.44
57.89 23 0.25
57.89 25 10.69
57.89 30 0.00
57.89 B1 4422.08 5032.58 
57.89 B3 4474.77 5106.10 
57.89 120 13 04 50
57.89 244 0.35
57.895 22 9.45
57.895 23 0.25
57.895 25 10.69
57.895 30 0.00
57.895 B1 4421.76 5032.46 
57.895 B3 4474.48 5106.02 
57.895 120 13 04 50
57.895 244 0.35
57.9 22 9.46
57.9 23 0.25
57.9 25 10.69
57.9 30 0.00
57.9 B1 4421.48 5032.40 
57.9 B3 4474.27 5106.02 
57.9 120 13 04 50
57.9 244 0.35
57.905 22 9.48
57.905 23 0.25
57.905 25 10.69
57.905 30 0.00
57.905 B1 4421.24 5032.38 
57.905 B3 4474.09 5106.07 
57.905 120 13 04 50
57.905 244 0.35
57.91 22 9.49
57.91 23 0.25
57.91 25 10.69
57.91 30 0.00
57.91 B1 4421.01 5032.38 
57.91 B3 4473.93 5106.14 
57.91 120 13 04 50
57.91 244 0.35
57.915 22 9.50
57.915 23 0.24
57.915 25 10.69
57.915 30 0.00
57.915 B1 4420.79 5032.38 
57.915 B3 4473.80 5106.23 
57.915 120 13 04 50
57.915 244 0.35
57.92 22 9.51
57.92 23 0.24
57.92 25 10.69
57.92 30 0.00
57.92 B1 4420.57 5032.38 
57.92 B3 4473.67 5106.33 
57.92 120 13 04 50
57.92 244 0.35
57.925 22 9.52
57.925 23 0.24
57.925 25 10.69
57.925 30 0.00
57.925 B1 4420.35 5032.39 
57.925 B3 4473.54 5106.43 
57.925 120 13 04 50
57.925 244 0.35
57.93 22 9.53
57.93 23 0.24
57.93 25 10.69
57.93 30 0.00
57.93 B1 4418.82 5031.07 
57.93 B3 4472.23 5105.34 
57.93 120 13 04 50
57.93 244 0.35
57.935 22 9.54
57.935 23 0.23
57.935 25 10.69
57.935 30 0.00
57.935 B1 4419.19 5031.56 
57.935 B3 4472.54 5105.80 
57.935 120 13 04 50
57.935 244 0.35
57.94 22 9.55
57.94 23 0.23
57.94 25 10.69
57.94 30 0.00
57.94 B1 4419.30 5031.86 
57.94 B3 4472.69 5106.14 
57.94 120 13 04 50
57.94 244 0.35
57.945 22 9.56
57.945 23 0.24
57.945 25 10.69
57.945 30 0.00
57.945 B1 4419.27 5032.04 
57.945 B3 4472.74 5106.40 
57.945 120 13 04 50
57.945 244 0.35
57.95 22 9.57
57.95 23 0.24
57.95 25 10.69
57.95 30 0.00
57.95 B1 4419.15 5032.13 
57.95 B3 4472.73 5106.60 
57.95 120 13 04 50
57.95 244 0.35
57.955 22 9.58
57.955 23 0.24
57.955 25 10.69
57.955 30 0.00
57.955 B1 4418.99 5032.18 
57.955 B3 4472.68 5106.77 
57.955 120 13 04 50
57.955 244 0.35
57.96 22 9.59
57.96 23 0.24
57.96 25 10.69
57.96 30 0.00
57.96 B1 4418.81 5032.20 
57.96 B3 4472.61 5106.90 
57.96 120 13 04 50
57.96 244 0.35
57.965 22 9.60
57.965 23 0.24
57.965 25 10.69
57.965 30 0.00
57.965 B1 4418.62 5032.19 
57.965 B3 4472.51 5107.01 
57.965 120 13 04 50
57.965 244 0.35
57.97 22 9.61
57.97 23 0.23
57.97 25 10.69
57.97 30 0.00
57.97 B1 4418.42 5032.17 
57.97 B3 4472.41 5107.10 
57.97 120 13 04 50
57.97 244 0.35
57.975 22 9.62
57.975 23 0.23
57.975 25 10.69
57.975 30 0.00
57.975 B1 4418.22 5032.14 
57.975 B3 4472.30 5107.17 
57.975 120 13 04 50
57.975 244 0.35
57.98 22 9.63
57.98 23 0.23
57.98 25 10.69
57.98 30 0.00
57.98 B1 4418.01 5032.11 
57.98 B3 4472.19 5107.24 
57.98 120 13 04 50
57.98 244 0.35
57.985 22 9.64
57.985 23 0.23
57.985 25 10.57
57.985 30 0.00
57.985 B1 4417.81 5032.06 
57.985 B3 4472.07 5107.30 
57.985 120 13 04 50
57.985 244 0.35
57.99 22 9.56
57.99 23 0.25
57.99 25 10.57
57.99 30 0.00
57.99 B1 4418.11 5032.52 
57.99 B3 4471.95 5107.34 
57.99 120 13 04 50
57.99 244 0.35
57.995 22 9.57
57.995 23 0.26
57.995 25 10.69
57.995 30 0.00
57.995 B1 4418.23 5032.74 
57.995 B3 4471.88 5107.36 
57.995 120 13 04 50
57.995 244 0.35
58 22 9.66
58 23 0.23
58 25 10.69
58 30 0.00
58 B1 4417.75 5032.30 
58 B3 4471.85 5107.35 
58 120 13 04 50
58 244 0.35
58.005 22 9.67
58.005 23 0.23
58.005 25 10.57
58.005 30 0.00
58.005 B1 4417.39 5032.00 
58.005 B3 4471.78 5107.36 
58.005 120 13 04 50
58.005 244 0.35
58.01 22 9.59
58.01 23 0.25
58.01 25 10.69
58.01 30 0.00
58.01 B1 4417.61 5032.31 
58.01 B3 4471.69 5107.36 
58.01 120 13 04 50
58.01 244 0.35
58.015 22 9.69
58.015 23 0.23
58.015 25 10.57
58.015 30 0.00
58.015 B1 4417.18 5031.91 
58.015 B3 4471.64 5107.35 
58.015 120 13 04 50
58.015 244 0.35
58.02 22 9.61
58.02 23 0.25
58.02 25 10.57
58.02 30 0.00
58.02 B1 4417.36 5032.15 
58.02 B3 4471.55 5107.34 
58.02 120 13 04 50
58.02 244 0.35
58.025 22 9.62
58.025 23 0.25
58.025 25 10.45
58.025 30 0.00
58.025 B1 4417.41 5032.23 
58.025 B3 4471.51 5107.31 
58.025 120 13 04 50
58.025 244 0.35
58.03 22 9.54
58.03 23 0.27
58.03 25 10.45
58.03 30 0.00
58.03 B1 4417.88 5032.72 
58.03 B3 4471.48 5107.27 
58.03 120 13 04 50
58.03 244 0.35
58.035 22 9.55
58.035 23 0.27
58.035 25 10.45
58.035 30 0.00
58.035 B1 4418.14 5032.90 
58.035 B3 4471.52 5107.20 
58.035 120 13 04 50
58.035 244 0.35
58.04 22 9.56
58.04 23 0.27
58.04 25 10.57
58.04 30 0.00
58.04 B1 4418.28 5032.91 
58.04 B3 4471.60 5107.10 
58.04 120 13 04 50
58.04 244 0.35
58.045 22 9.66
58.045 23 0.25
58.045 25 10.45
58.045 30 0.00
58.045 B1 4417.85 5032.29 
58.045 B3 4471.71 5107.00 
58.045 120 13 04 50
58.045 244 0.35
58.05 22 9.58
58.05 23 0.27
58.05 25 10.57
58.05 30 0.00
58.05 B1 4418.07 5032.36 
58.05 B3 4471.77 5106.90 
58.05 120 13 04 50
58.05 244 0.35
58.055 22 9.68
58.055 23 0.25
58.055 25 10.57
58.055 30 0.00
58.055 B1 4417.68 5031.79 
58.055 B3 4471.86 5106.79 
58.055 120 13 04 50
58.055 244 0.35
58.06 22 9.68
58.06 23 0.25
58.06 25 10.57
58.06 30 0.00
58.06 B1 4417.41 5031.38 
58.06 B3 4471.90 5106.70 
58.06 120 13 04 50
58.06 244 0.35
58.065 22 9.69
58.065 23 0.25
58.065 25 10.57
58.065 30 0.00
58.065 B1 4418.53 5032.38 
58.065 B3 4473.11 5107.81 
58.065 120 13 04 50
58.065 244 0.35
58.07 22 9.70
58.07 23 0.26
58.07 25 10.57
58.07 30 0.00
58.07 B1 4417.78 5031.64 
58.07 B3 4472.68 5107.38 
58.07 120 13 04 50
58.07 244 0.35
58.075 22 9.70
58.075 23 0.25
58.075 25 10.57
58.075 30 0.00
58.075 B1 4417.32 5031.13 
58.075 B3 4472.39 5107.06 
58.075 120 13 04 50
58.075 244 0.35
58.08 22 9.71
58.08 23 0.25
58.08 25 10.57
58.08 30 0.00
58.08 B1 4417.01 5030.75 
58.08 B3 4472.18 5106.81 
58.08 120 13 04 50
58.08 244 0.35
58.085 22 9.71
58.085 23 0.25
58.085 25 10.57
58.085 30 0.00
58.085 B1 4416.79 5030.46 
58.085 B3 4472.04 5106.62 
58.085 120 13 04 50
58.085 244 0.35
58.09 22 9.72
58.09 23 0.25
58.09 25 10.57
58.09 30 0.00
58.09 B1 4416.61 5030.23 
58.09 B3 4471.92 5106.46 
58.09 120 13 04 50
58.09 244 0.35
58.095 22 9.72
58.095 23 0.24
58.095 25 10.57
58.095 30 0.00
58.095 B1 4416.46 5030.03 
58.095 B3 4471.83 5106.32 
58.095 120 13 04 50
58.095 244 0.35
58.1 22 9.73
58.1 23 0.24
58.1 25 10.45
58.1 30 0.00
58.1 B1 4417.64 5031.17 
58.1 B3 4472.95 5107.40 
58.1 120 13 04 50
58.1 244 0.35
58.105 22 9.65
58.105 23 0.27
58.105 25 10.45
58.105 30 0.00
58.105 B1 4417.42 5031.02 
58.105 B3 4472.44 5106.94 
58.105 120 13 04 50
58.105 244 0.35
58.11 22 9.65
58.11 23 0.27
58.11 25 10.45
58.11 30 0.00
58.11 B1 4417.30 5030.83 
58.11 B3 4472.16 5106.57 
58.11 120 13 04 50
58.11 244 0.35
58.115 22 9.66
58.115 23 0.27
58.115 25 10.45
58.115 30 0.00
58.115 B1 4417.23 5030.62 
58.115 B3 4472.01 5106.26 
58.115 120 13 04 50
58.115 244 0.35
58.12 22 9.67
58.12 23 0.27
58.12 25 10.57
58.12 30 0.00
58.12 B1 4417.17 5030.40 
58.12 B3 4471.94 5106.00 
58.12 120 13 04 50
58.12 244 0.35
58.125 22 9.76
58.125 23 0.24
58.125 25 10.57
58.125 30 0.00
58.125 B1 4416.63 5029.65 
58.125 B3 4471.93 5105.78 
58.125 120 13 04 50
58.125 244 0.35
58.13 22 9.76
58.13 23 0.24
58.13 25 10.57
58.13 30 0.00
58.13 B1 4416.27 5029.14 
58.13 B3 4471.88 5105.61 
58.13 120 13 04 50
58.13 244 0.35
58.135 22 9.76
58.135 23 0.24
58.135 25 10.57
58.135 30 0.00
58.135 B1 4416.01 5028.78 
58.135 B3 4471.83 5105.45 
58.135 120 13 04 50
58.135 244 0.35
58.14 22 9.77
58.14 23 0.24
58.14 25 10.57
58.14 30 0.00
58.14 B1 4414.49 5027.19 
58.14 B3 4470.55 5104.13 
58.14 120 13 04 50
58.14 244 0.35
58.145 22 9.77
58.145 23 0.23
58.145 25 10.45
58.145 30 0.00
58.145 B1 4413.59 5026.14 
58.145 B3 4469.70 5103.17 
58.145 120 13 04 50
58.145 244 0.35
58.15 22 9.69
58.15 23 0.24
58.15 25 10.45
58.15 30 0.00
58.15 B1 4413.52 5025.95 
58.15 B3 4469.11 5102.46 
58.15 120 13 04 50
58.15 244 0.35
58.155 22 9.69
58.155 23 0.24
58.155 25 10.32
58.155 30 0.00
58.155 B1 4413.46 5025.72 
58.155 B3 4468.74 5101.90 
58.155 120 13 04 50
58.155 244 0.35
58.16 22 9.61
58.16 23 0.26
58.16 25 10.32
58.16 30 0.00
58.16 B1 4415.21 5027.30 
58.16 B3 4469.70 5102.64 
58.16 120 13 04 50
58.16 244 0.35
58.165 22 9.62
58.165 23 0.27
58.165 25 7.98
58.165 30 0.00
58.165 B1 4416.19 5028.13 
58.165 B3 4470.38 5103.08 
58.165 120 13 04 50
58.165 244 0.35
58.17 22 7.83
58.17 23 0.65
58.17 25 7.98
58.17 30 0.00
58.17 B1 4424.54 5036.53 
58.17 B3 4470.87 5103.31 
58.17 120 13 04 50
58.17 244 0.35
58.175 22 7.90
58.175 23 0.67
58.175 25 7.98
58.175 30 0.00
58.175 B1 4430.18 5040.75 
58.175 B3 4472.38 5102.90 
58.175 120 13 04 50
58.175 244 0.35
58.18 22 7.97
58.18 23 0.68
58.18 25 7.37
58.18 30 0.00
58.18 B1 4434.31 5042.41 
58.18 B3 4474.51 5102.07 
58.18 120 13 04 50
58.18 244 0.35
58.185 22 7.53
58.185 23 0.77
58.185 25 6.76
58.185 30 0.00
58.185 B1 4439.18 5044.19 
58.185 B3 4477.00 5100.99 
58.185 120 13 04 50
58.185 244 0.35
58.19 22 7.10
58.19 23 0.85
58.19 25 6.16
58.19 30 0.00
58.19 B1 4444.51 5045.65 
58.19 B3 4479.98 5099.61 
58.19 120 13 04 50
58.19 244 0.35
58.195 22 6.70
58.195 23 0.92
58.195 25 4.34
58.195 30 0.00
58.195 B1 4450.18 5046.55 
58.195 B3 4483.53 5097.90 
58.195 120 13 04 50
58.195 244 0.35
58.2 22 5.37
58.2 23 1.07
58.2 25 4.34
58.2 30 0.00
58.2 B1 4456.23 5047.06 
58.2 B3 4486.46 5094.63 
58.2 120 13 04 50
58.2 244 0.35
58.205 22 5.49
58.205 23 1.07
58.205 25 3.99
58.205 30 0.00
58.205 B1 4462.22 5045.38 
58.205 B3 4490.91 5091.03 
58.205 120 13 04 50
58.205 244 0.35
58.21 22 5.33
58.21 23 1.08
58.21 25 3.99
58.21 30 0.00
58.21 B1 4468.44 5042.79 
58.21 B3 4496.24 5087.26 
58.21 120 13 04 50
58.21 244 0.35
58.215 22 5.43
58.215 23 1.08
58.215 25 3.87
58.215 30 0.00
58.215 B1 4474.56 5039.24 
58.215 B3 4502.21 5083.32 
58.215 120 13 04 50
58.215 244 0.35
58.22 22 5.44
58.22 23 1.08
58.22 25 3.75
58.22 30 0.00
58.22 B1 4480.67 5035.30 
58.22 B3 4508.50 5079.32 
58.22 120 13 04 50
58.22 244 0.35
58.225 22 5.44
58.225 23 1.08
58.225 25 2.78
58.225 30 0.00
58.225 B1 4486.77 5031.16 
58.225 B3 4514.97 5075.30 
58.225 120 13 04 50
58.225 244 0.35
58.23 22 4.83
58.23 23 1.12
58.23 25 1.11
58.23 30 0.00
58.23 B1 4493.47 5027.64 
58.23 B3 4521.53 5071.29 
58.23 120 13 04 50
58.23 244 0.35
58.235 22 3.82
58.235 23 1.15
58.235 25 1.11
58.235 30 0.00
58.235 B1 4500.32 5023.77 
58.235 B3 4528.44 5067.06 
58.235 120 13 04 50
58.235 244 0.35
58.24 22 3.93
58.24 23 1.15
58.24 25 0.29
58.24 30 0.00
58.24 B1 4507.83 5019.04 
58.24 B3 4536.04 5062.32 
58.24 120 13 04 50
58.24 244 0.35
58.245 22 3.47
58.245 23 1.15
58.245 25 0.17
58.245 30 0.00
58.245 B1 4515.27 5013.61 
58.245 B3 4543.98 5057.28 
58.245 120 13 04 50
58.245 244 0.35
58.25 22 3.50
58.25 23 1.14
58.25 25 0.00
58.25 30 0.00
58.25 B1 4523.25 5007.84 
58.25 B3 4552.33 5051.89 
58.25 120 13 04 50
58.25 244 0.35
58.255 22 3.48
58.255 23 1.14
58.255 25 0.00
58.255 30 0.00
58.255 B1 4531.47 5001.90 
58.255 B3 4560.89 5046.28 
58.255 120 13 04 50
58.255 244 0.35
58.26 22 3.58
58.26 23 1.14
58.26 25 0.00
58.26 30 0.00
58.26 B1 4539.88 4995.98 
58.26 B3 4569.55 5040.55 
58.26 120 13 04 50
58.26 244 0.35
58.265 22 3.66
58.265 23 1.14
58.265 25 0.00
58.265 30 0.00
58.265 B1 4548.32 4990.17 
58.265 B3 4578.20 5034.82 
58.265 120 13 04 50
58.265 244 0.34
58.27 22 3.73
58.27 23 1.14
58.27 25 0.00
58.27 30 0.00
58.27 B1 4555.34 4983.20 
58.27 B3 4585.55 5027.96 
58.27 120 13 04 50
58.27 244 0.34
58.275 22 3.80
58.275 23 1.13
58.275 25 0.00
58.275 30 0.00
58.275 B1 4562.79 4976.92 
58.275 B3 4593.18 5021.59 
58.275 120 13 04 50
58.275 244 0.34
58.28 22 3.85
58.28 23 1.12
58.28 25 0.00
58.28 30 0.00
58.28 B1 4570.39 4971.14 
58.28 B3 4600.91 5015.62 
58.28 120 13 04 50
58.28 244 0.34
58.285 22 3.90
58.285 23 1.12
58.285 25 0.00
58.285 30 0.00
58.285 B1 4578.00 4965.76 
58.285 B3 4608.64 5010.00 
58.285 120 13 04 50
58.285 244 0.34
58.29 22 3.94
58.29 23 1.11
58.29 25 0.00
58.29 30 0.00
58.29 B1 4585.52 4960.68 
58.29 B3 4616.30 5004.67 
58.29 120 13 04 50
58.29 244 0.34
58.295 22 3.97
58.295 23 1.11
58.295 25 0.00
58.295 30 0.00
58.295 B1 4592.93 4955.88 
58.295 B3 4623.84 4999.62 
58.295 120 13 04 50
58.295 244 0.34
58.3 22 4.00
58.3 23 1.11
58.3 25 0.00
58.3 30 0.00
58.3 B1 4600.19 4951.32 
58.3 B3 4631.26 4994.82 
58.3 120 13 04 50
58.3 244 0.34
58.305 22 4.03
58.305 23 1.11
58.305 25 0.00
58.305 30 0.00
58.305 B1 4607.30 4946.97 
58.305 B3 4638.53 4990.26 
58.305 120 13 04 50
58.305 244 0.34
58.31 22 4.05
58.31 23 1.11
58.31 25 0.00
58.31 30 0.00
58.31 B1 4612.93 4941.52 
58.31 B3 4644.44 4984.72 
58.31 120 13 04 50
58.31 244 0.34
58.315 22 4.06
58.315 23 1.09
58.315 25 0.00
58.315 30 0.00
58.315 B1 4618.96 4936.78 
58.315 B3 4650.60 4979.77 
58.315 120 13 04 50
58.315 244 0.34
58.32 22 4.08
58.32 23 1.09
58.32 25 0.00
58.32 30 0.00
58.32 B1 4625.15 4932.54 
58.32 B3 4656.86 4975.27 
58.32 120 13 04 50
58.32 244 0.34
58.325 22 4.08
58.325 23 1.08
58.325 25 0.00
58.325 30 0.00
58.325 B1 4631.36 4928.67 
58.325 B3 4663.13 4971.15 
58.325 120 13 04 50
58.325 244 0.34
58.33 22 4.09
58.33 23 1.08
58.33 25 0.00
58.33 30 0.00
58.33 B1 4638.84 4926.42 
58.33 B3 4670.55 4968.52 
58.33 120 13 04 50
58.33 244 0.34
58.335 22 4.09
58.335 23 1.09
58.335 25 0.00
58.335 30 0.00
58.335 B1 4645.67 4923.89 
58.335 B3 4677.49 4965.79 
58.335 120 13 04 50
58.335 244 0.34
58.34 22 4.08
58.34 23 1.09
58.34 25 0.00
58.34 30 0.00
58.34 B1 4652.10 4921.26 
58.34 B3 4684.08 4963.05 
58.34 120 13 04 50
58.34 244 0.34
58.345 22 4.07
58.345 23 1.09
58.345 25 0.00
58.345 30 0.00
58.345 B1 4658.22 4918.65 
58.345 B3 4690.38 4960.34 
58.345 120 13 04 50
58.345 244 0.35
58.35 22 4.06
58.35 23 1.09
58.35 25 0.00
58.35 30 0.00
58.35 B1 4665.45 4917.42 
58.35 B3 4697.65 4958.92 
58.35 120 13 04 50
58.35 244 0.34
58.355 22 4.04
58.355 23 1.10
58.355 25 0.00
58.355 30 0.00
58.355 B1 4670.62 4914.45 
58.355 B3 4703.14 4956.02 
58.355 120 13 04 50
58.355 244 0.34
58.36 22 4.03
58.36 23 1.10
58.36 25 0.00
58.36 30 0.00
58.36 B1 4675.89 4911.81 
58.36 B3 4708.60 4953.37 
58.36 120 13 04 50
58.36 244 0.34
58.365 22 4.00
58.365 23 1.10
58.365 25 0.00
58.365 30 0.00
58.365 B1 4679.82 4908.10 
58.365 B3 4712.80 4949.73 
58.365 120 13 04 50
58.365 244 0.34
58.37 22 3.98
58.37 23 1.08
58.37 25 0.00
58.37 30 0.00
58.37 B1 4684.26 4905.11 
58.37 B3 4717.32 4946.64 
58.37 120 13 04 50
58.37 244 0.34
58.375 22 3.95
58.375 23 1.08
58.375 25 0.00
58.375 30 0.00
58.375 B1 4688.93 4902.60 
58.375 B3 4722.01 4943.96 
58.375 120 13 04 50
58.375 244 0.34
58.38 22 3.92
58.38 23 1.07
58.38 25 0.00
58.38 30 0.00
58.38 B1 4695.02 4901.75 
58.38 B3 4727.96 4942.81 
58.38 120 13 04 50
58.38 244 0.34
58.385 22 3.89
58.385 23 1.08
58.385 25 0.00
58.385 30 0.00
58.385 B1 4700.58 4900.64 
58.385 B3 4733.54 4941.54 
58.385 120 13 04 50
58.385 244 0.34
58.39 22 3.86
58.39 23 1.08
58.39 25 0.00
58.39 30 0.00
58.39 B1 4705.79 4899.41 
58.39 B3 4738.84 4940.23 
58.39 120 13 04 50
58.39 244 0.34
58.395 22 3.82
58.395 23 1.08
58.395 25 0.00
58.395 30 0.00
58.395 B1 4710.76 4898.17 
58.395 B3 4743.93 4938.93 
58.395 120 13 04 50
58.395 244 0.34
58.4 22 3.78
58.4 23 1.08
58.4 25 0.00
58.4 30 0.00
58.4 B1 4715.56 4896.95 
58.4 B3 4748.84 4937.68 
58.4 120 13 04 50
58.4 244 0.34
58.405 22 3.74
58.405 23 1.08
58.405 25 -1.36
58.405 30 0.00
58.405 B1 4720.22 4895.80 
58.405 B3 4753.61 4936.48 
58.405 120 13 04 50
58.405 244 0.34
58.41 22 2.75
58.41 23 1.08
58.41 25 -2.79
58.41 30 0.00
58.41 B1 4725.56 4895.46 
58.41 B3 4758.26 4935.36 
58.41 120 13 04 50
58.41 244 0.34
58.415 22 1.78
58.415 23 1.04
58.415 25 -2.79
58.415 30 0.00
58.415 B1 4730.73 4894.12 
58.415 B3 4763.23 4933.92 
58.415 120 13 04 50
58.415 244 0.34
58.42 22 1.78
58.42 23 1.05
58.42 25 -4.00
58.42 30 0.00
58.42 B1 4736.63 4892.15 
58.42 B3 4768.76 4931.87 
58.42 120 13 04 50
58.42 244 0.34
58.425 22 0.89
58.425 23 0.98
58.425 25 -5.10
58.425 30 0.00
58.425 B1 4741.82 4888.76 
58.425 B3 4774.62 4929.46 
58.425 120 13 04 50
58.425 244 0.34
58.43 22 0.04
58.43 23 0.90
58.43 25 -5.21
58.43 30 0.00
58.43 B1 4746.50 4883.61 
58.43 B3 4781.02 4926.44 
58.43 120 13 04 50
58.43 244 0.34
58.435 22 0.01
58.435 23 0.88
58.435 25 -5.43
58.435 30 0.00
58.435 B1 4752.82 4878.60 
58.435 B3 4788.03 4922.65 
58.435 120 13 04 50
58.435 244 0.34
58.44 22 -0.12
58.44 23 0.87
58.44 25 -5.43
58.44 30 0.00
58.44 B1 4759.84 4873.51 
58.44 B3 4795.41 4918.36 
58.44 120 13 04 50
58.44 244 0.34
58.445 22 -0.08
58.445 23 0.87
58.445 25 -6.75
58.445 30 0.00
58.445 B1 4767.66 4868.79 
58.445 B3 4803.03 4913.72 
58.445 120 13 04 50
58.445 244 0.34
58.45 22 -1.11
58.45 23 0.73
58.45 25 -6.75
58.45 30 0.00
58.45 B1 4773.07 4861.55 
58.45 B3 4810.74 4908.93 
58.45 120 13 04 50
58.45 244 0.34
58.455 22 -1.05
58.455 23 0.73
58.455 25 -6.75
58.455 30 0.00
58.455 B1 4780.43 4855.27 
58.455 B3 4818.83 4903.57 
58.455 120 13 04 50
58.455 244 0.34
58.46 22 -0.99
58.46 23 0.73
58.46 25 -6.86
58.46 30 0.00
58.46 B1 4788.80 4849.65 
58.46 B3 4827.09 4897.91 
58.46 120 13 04 50
58.46 244 0.34
58.465 22 -1.03
58.465 23 0.73
58.465 25 -6.86
58.465 30 0.00
58.465 B1 4796.07 4842.92 
58.465 B3 4834.19 4890.95 
58.465 120 13 04 50
58.465 244 0.34
58.47 22 -0.99
58.47 23 0.73
58.47 25 -6.86
58.47 30 0.00
58.47 B1 4804.18 4837.16 
58.47 B3 4841.66 4884.34 
58.47 120 13 04 50
58.47 244 0.34
58.475 22 -0.96
58.475 23 0.73
58.475 25 -6.86
58.475 30 0.00
58.475 B1 4812.67 4832.04 
58.475 B3 4849.30 4878.06 
58.475 120 13 04 50
58.475 244 0.34
58.48 22 -0.94
58.48 23 0.73
58.48 25 -6.86
58.48 30 0.00
58.48 B1 4821.27 4827.38 
58.48 B3 4857.00 4872.10 
58.48 120 13 04 50
58.48 244 0.34
58.485 22 -0.92
58.485 23 0.74
58.485 25 -6.86
58.485 30 0.00
58.485 B1 4829.83 4823.06 
58.485 B3 4864.67 4866.43 
58.485 120 13 04 50
58.485 244 0.34
58.49 22 -0.92
58.49 23 0.75
58.49 25 -6.86
58.49 30 0.00
58.49 B1 4838.26 4819.02 
58.49 B3 4872.27 4861.06 
58.49 120 13 04 50
58.49 244 0.34
58.495 22 -0.91
58.495 23 0.75
58.495 25 -6.86
58.495 30 0.00
58.495 B1 4847.84 4816.53 
58.495 B3 4880.95 4857.16 
58.495 120 13 04 50
58.495 244 0.34
58.5 22 -0.92
58.5 23 0.77
58.5 25 -6.53
58.5 30 0.00
58.5 B1 4855.38 4812.40 
58.5 B3 4887.93 4851.95 
58.5 120 13 04 50
58.5 244 0.34
58.505 22 -0.66
58.505 23 0.81
58.505 25 -6.53
58.505 30 0.00
58.505 B1 4863.50 4809.25 
58.505 B3 4894.89 4847.13 
58.505 120 13 04 50
58.505 244 0.34
58.51 22 -0.68
58.51 23 0.81
58.51 25 -6.53
58.51 30 0.00
58.51 B1 4871.14 4806.27 
58.51 B3 4901.71 4842.78 
58.51 120 13 04 50
58.51 244 0.34
58.515 22 -0.71
58.515 23 0.82
58.515 25 -5.43
58.515 30 0.00
58.515 B1 4878.43 4803.46 
58.515 B3 4908.38 4838.81 
58.515 120 13 04 50
58.515 244 0.34
58.52 22 0.11
58.52 23 0.92
58.52 25 -5.21
58.52 30 0.00
58.52 B1 4886.81 4802.15 
58.52 B3 4914.90 4835.16 
58.52 120 13 04 50
58.52 244 0.34
58.525 22 0.21
58.525 23 0.94
58.525 25 -4.11
58.525 30 0.00
58.525 B1 4894.11 4801.01 
58.525 B3 4920.99 4832.23 
58.525 120 13 04 50
58.525 244 0.34
58.53 22 0.90
58.53 23 1.01
58.53 25 -2.02
58.53 30 0.00
58.53 B1 4900.98 4800.39 
58.53 B3 4926.69 4829.90 
58.53 120 13 04 50
58.53 244 0.34
58.535 22 2.26
58.535 23 1.08
58.535 25 -2.02
58.535 30 0.00
58.535 B1 4905.73 4799.02 
58.535 B3 4931.82 4828.39 
58.535 120 13 04 50
58.535 244 0.34
58.54 22 2.13
58.54 23 1.08
58.54 25 0.00
58.54 30 0.00
58.54 B1 4909.32 4798.99 
58.54 B3 4935.98 4828.12 
58.54 120 13 04 50
58.54 244 0.34
58.545 22 3.61
58.545 23 1.07
58.545 25 0.00
58.545 30 0.00
58.545 B1 4909.17 4796.60 
58.545 B3 4939.48 4828.68 
58.545 120 13 04 50
58.545 244 0.34
58.55 22 3.43
58.55 23 1.05
58.55 25 0.00
58.55 30 0.00
58.55 B1 4909.05 4796.89 
58.55 B3 4941.84 4830.47 
58.55 120 13 04 50
58.55 244 0.34
58.555 22 3.27
58.555 23 1.04
58.555 25 0.00
58.555 30 0.00
58.555 B1 4908.98 4798.71 
58.555 B3 4943.43 4833.06 
58.555 120 13 04 50
58.555 244 0.34
58.56 22 3.11
58.56 23 1.04
58.56 25 0.00
58.56 30 0.00
58.56 B1 4908.96 4801.39 
58.56 B3 4944.52 4836.13 
58.56 120 13 04 50
58.56 244 0.34
58.565 22 2.96
58.565 23 1.03
58.565 25 0.00
58.565 30 0.00
58.565 B1 4909.00 4804.55 
58.565 B3 4945.29 4839.51 
58.565 120 13 04 50
58.565 244 0.34
58.57 22 2.81
58.57 23 1.03
58.57 25 0.00
58.57 30 0.00
58.57 B1 4909.10 4807.96 
58.57 B3 4945.86 4843.05 
58.57 120 13 04 50
58.57 244 0.34
58.575 22 2.67
58.575 23 1.03
58.575 25 0.00
58.575 30 0.00
58.575 B1 4909.26 4811.48 
58.575 B3 4946.31 4846.67 
58.575 120 13 04 50
58.575 244 0.34
58.58 22 2.54
58.58 23 1.03
58.58 25 0.00
58.58 30 0.00
58.58 B1 4909.48 4815.02 
58.58 B3 4946.71 4850.32 
58.58 120 13 04 50
58.58 244 0.34
58.585 22 2.42
58.585 23 1.03
58.585 25 0.00
58.585 30 0.00
58.585 B1 4909.77 4818.56 
58.585 B3 4947.09 4853.96 
58.585 120 13 04 50
58.585 244 0.34
58.59 22 2.30
58.59 23 1.03
58.59 25 0.00
58.59 30 0.00
58.59 B1 4910.13 4822.06 
58.59 B3 4947.48 4857.57 
58.59 120 13 04 50
58.59 244 0.34
58.595 22 2.18
58.595 23 1.03
58.595 25 0.00
58.595 30 0.00
58.595 B1 4910.54 4825.51 
58.595 B3 4947.89 4861.12 
58.595 120 13 04 50
58.595 244 0.34
58.6 22 2.08
58.6 23 1.03
58.6 25 0.00
58.6 30 0.00
58.6 B1 4911.01 4828.89 
58.6 B3 4948.34 4864.63 
58.6 120 13 04 50
58.6 244 0.34
58.605 22 1.97
58.605 23 1.03
58.605 25 0.00
58.605 30 0.00
58.605 B1 4911.54 4832.22 
58.605 B3 4948.85 4868.07 
58.605 120 13 04 50
58.605 244 0.34
58.61 22 1.87
58.61 23 1.03
58.61 25 0.00
58.61 30 0.00
58.61 B1 4912.13 4835.48 
58.61 B3 4949.40 4871.44 
58.61 120 13 04 50
58.61 244 0.34
58.615 22 1.78
58.615 23 1.03
58.615 25 0.00
58.615 30 0.00
58.615 B1 4912.77 4838.68 
58.615 B3 4950.00 4874.75 
58.615 120 13 04 50
58.615 244 0.34
58.62 22 1.69
58.62 23 1.03
58.62 25 0.00
58.62 30 0.00
58.62 B1 4913.46 4841.82 
58.62 B3 4950.66 4877.99 
58.62 120 13 04 50
58.62 244 0.34
58.625 22 1.61
58.625 23 1.03
58.625 25 0.00
58.625 30 0.00
58.625 B1 4914.21 4844.90 
58.625 B3 4951.37 4881.17 
58.625 120 13 04 50
58.625 244 0.34
58.63 22 1.53
58.63 23 1.03
58.63 25 0.00
58.63 30 0.00
58.63 B1 4915.00 4847.92 
58.63 B3 4952.13 4884.28 
58.63 120 13 04 50
58.63 244 0.34
58.635 22 1.45
58.635 23 1.03
58.635 25 0.00
58.635 30 0.00
58.635 B1 4915.84 4850.88 
58.635 B3 4952.94 4887.33 
58.635 120 13 04 50
58.635 244 0.34
58.64 22 1.38
58.64 23 1.03
58.64 25 0.00
58.64 30 0.00
58.64 B1 4918.04 4855.12 
58.64 B3 4955.00 4891.52 
58.64 120 13 04 50
58.64 244 0.34
58.645 22 1.31
58.645 23 1.03
58.645 25 0.00
58.645 30 0.00
58.645 B1 4919.77 4858.78 
58.645 B3 4956.73 4895.27 
58.645 120 13 04 50
58.645 244 0.34
58.65 22 1.24
58.65 23 1.04
58.65 25 0.00
58.65 30 0.00
58.65 B1 4921.23 4862.09 
58.65 B3 4958.25 4898.71 
58.65 120 13 04 50
58.65 244 0.34
58.655 22 1.17
58.655 23 1.04
58.655 25 0.00
58.655 30 0.00
58.655 B1 4922.54 4865.17 
58.655 B3 4959.65 4901.94 
58.655 120 13 04 50
58.655 244 0.34
58.66 22 1.11
58.66 23 1.05
58.66 25 0.00
58.66 30 0.00
58.66 B1 4923.79 4868.10 
58.66 B3 4960.98 4905.00 
58.66 120 13 04 50
58.66 244 0.34
58.665 22 1.06
58.665 23 1.05
58.665 25 0.00
58.665 30 0.00
58.665 B1 4925.00 4870.92 
58.665 B3 4962.27 4907.94 
58.665 120 13 04 50
58.665 244 0.34
58.67 22 1.00
58.67 23 1.05
58.67 25 0.00
58.67 30 0.00
58.67 B1 4926.22 4873.67 
58.67 B3 4963.54 4910.79 
58.67 120 13 04 50
58.67 244 0.34
58.675 22 0.95
58.675 23 1.05
58.675 25 0.00
58.675 30 0.00
58.675 B1 4927.44 4876.36 
58.675 B3 4964.82 4913.56 
58.675 120 13 04 50
58.675 244 0.34
58.68 22 0.90
58.68 23 1.05
58.68 25 0.00
58.68 30 0.00
58.68 B1 4928.67 4879.00 
58.68 B3 4966.10 4916.26 
58.68 120 13 04 50
58.68 244 0.34
58.685 22 0.85
58.685 23 1.05
58.685 25 0.00
58.685 30 0.00
58.685 B1 4929.93 4881.61 
58.685 B3 4967.40 4918.91 
58.685 120 13 04 50
58.685 244 0.34
58.69 22 0.80
58.69 23 1.05
58.69 25 0.00
58.69 30 0.00
58.69 B1 4931.21 4884.18 
58.69 B3 4968.72 4921.52 
58.69 120 13 04 50
58.69 244 0.34
58.695 22 0.76
58.695 23 1.05
58.695 25 0.00
58.695 30 0.00
58.695 B1 4932.51 4886.71 
58.695 B3 4970.05 4924.09 
58.695 120 13 04 50
58.695 244 0.34
58.7 22 0.72
58.7 23 1.05
58.7 25 0.00
58.7 30 0.00
58.7 B1 4933.83 4889.22 
58.7 B3 4971.41 4926.62 
58.7 120 13 04 50
58.7 244 0.34
58.705 22 0.68
58.705 23 1.05
58.705 25 0.00
58.705 30 0.00
58.705 B1 4935.17 4891.71 
58.705 B3 4972.79 4929.12 
58.705 120 13 04 50
58.705 244 0.34
58.71 22 0.64
58.71 23 1.05
58.71 25 0.00
58.71 30 0.00
58.71 B1 4936.53 4894.17 
58.71 B3 4974.18 4931.59 
58.71 120 13 04 50
58.71 244 0.34
58.715 22 0.60
58.715 23 1.05
58.715 25 0.00
58.715 30 0.00
58.715 B1 4937.91 4896.60 
58.715 B3 4975.59 4934.04 
58.715 120 13 04 50
58.715 244 0.34
58.72 22 0.57
58.72 23 1.04
58.72 25 0.00
58.72 30 0.00
58.72 B1 4939.30 4899.02 
58.72 B3 4977.02 4936.46 
58.72 120 13 04 50
58.72 244 0.34
58.725 22 0.54
58.725 23 1.04
58.725 25 0.00
58.725 30 0.00
58.725 B1 4940.71 4901.42 
58.725 B3 4978.46 4938.86 
58.725 120 13 04 50
58.725 244 0.34
58.73 22 0.51
58.73 23 1.04
58.73 25 0.00
58.73 30 0.00
58.73 B1 4942.14 4903.79 
58.73 B3 4979.92 4941.24 
58.73 120 13 04 50
58.73 244 0.34
58.735 22 0.48
58.735 23 1.04
58.735 25 0.00
58.735 30 0.00
58.735 B1 4943.58 4906.15 
58.735 B3 4981.39 4943.60 
58.735 120 13 04 50
58.735 244 0.34
58.74 22 0.45
58.74 23 1.04
58.74 25 0.00
58.74 30 0.00
58.74 B1 4945.03 4908.50 
58.74 B3 4982.87 4945.95 
58.74 120 13 04 50
58.74 244 0.35
58.745 22 0.42
58.745 23 1.04
58.745 25 0.00
58.745 30 0.00
58.745 B1 4947.81 4912.15 
58.745 B3 4985.56 4949.48 
58.745 120 13 04 50
58.745 244 0.34
58.75 22 0.39
58.75 23 1.05
58.75 25 0.00
58.75 30 0.00
58.75 B1 4948.77 4913.95 
58.75 B3 4986.70 4951.42 
58.75 120 13 04 50
58.75 244 0.34
58.755 22 0.37
58.755 23 1.05
58.755 25 0.00
58.755 30 0.00
58.755 B1 4949.95 4915.95 
58.755 B3 4987.96 4953.47 
58.755 120 13 04 50
58.755 244 0.34
58.76 22 0.34
58.76 23 1.04
58.76 25 0.00
58.76 30 0.00
58.76 B1 4951.26 4918.05 
58.76 B3 4989.31 4955.59 
58.76 120 13 04 50
58.76 244 0.34
58.765 22 0.32
58.765 23 1.04
58.765 25 0.00
58.765 30 0.00
58.765 B1 4952.66 4920.23 
58.765 B3 4990.73 4957.75 
58.765 120 13 04 50
58.765 244 0.34
58.77 22 0.30
58.77 23 1.04
58.77 25 0.00
58.77 30 0.00
58.77 B1 4954.11 4922.43 
58.77 B3 4992.19 4959.95 
58.77 120 13 04 50
58.77 244 0.34
58.775 22 0.28
58.775 23 1.04
58.775 25 0.00
58.775 30 0.00
58.775 B1 4955.59 4924.65 
58.775 B3 4993.69 4962.16 
58.775 120 13 04 50
58.775 244 0.34
58.78 22 0.26
58.78 23 1.04
58.78 25 0.00
58.78 30 0.00
58.78 B1 4957.09 4926.88 
58.78 B3 4995.20 4964.37 
58.78 120 13 04 50
58.78 244 0.35
58.785 22 0.24
58.785 23 1.04
58.785 25 0.00
58.785 30 0.00
58.785 B1 4959.94 4930.43 
58.785 B3 4997.93 4967.78 
58.785 120 13 04 50
58.785 244 0.34
58.79 22 0.22
58.79 23 1.05
58.79 25 0.00
58.79 30 0.00
58.79 B1 4960.96 4932.13 
58.79 B3 4999.10 4969.63 
58.79 120 13 04 50
58.79 244 0.34
58.795 22 0.20
58.795 23 1.04
58.795 25 0.00
58.795 30 0.00
58.795 B1 4962.19 4934.04 
58.795 B3 5000.41 4971.59 
58.795 120 13 04 50
58.795 244 0.34
58.8 22 0.19
58.8 23 1.04
58.8 25 0.00
58.8 30 0.00
58.8 B1 4963.56 4936.07 
58.8 B3 5001.80 4973.63 
58.8 120 13 04 50
58.8 244 0.34
58.805 22 0.17
58.805 23 1.04
58.805 25 0.00
58.805 30 0.00
58.805 B1 4965.00 4938.17 
58.805 B3 5003.26 4975.72 
58.805 120 13 04 50
58.805 244 0.35
58.81 22 0.16
58.81 23 1.04
58.81 25 0.00
58.81 30 0.00
58.81 B1 4967.82 4941.62 
58.81 B3 5005.95 4979.04 
58.81 120 13 04 50
58.81 244 0.35
58.815 22 0.14
58.815 23 1.05
58.815 25 0.00
58.815 30 0.00
58.815 B1 4970.16 4944.58 
58.815 B3 5008.31 4982.01 
58.815 120 13 04 50
58.815 244 0.34
58.82 22 0.13
58.82 23 1.05
58.82 25 0.00
58.82 30 0.00
58.82 B1 4970.89 4945.92 
58.82 B3 5009.23 4983.54 
58.82 120 13 04 50
58.82 244 0.34
58.825 22 0.11
58.825 23 1.04
58.825 25 0.00
58.825 30 0.00
58.825 B1 4971.97 4947.60 
58.825 B3 5010.38 4985.29 
58.825 120 13 04 50
58.825 244 0.34
58.83 22 0.10
58.83 23 1.04
58.83 25 0.00
58.83 30 0.00
58.83 B1 4973.25 4949.46 
58.83 B3 5011.68 4987.17 
58.83 120 13 04 50
58.83 244 0.34
58.835 22 0.09
58.835 23 1.04
58.835 25 0.00
58.835 30 0.00
58.835 B1 4974.66 4951.45 
58.835 B3 5013.07 4989.14 
58.835 120 13 04 50
58.835 244 0.34
58.84 22 0.08
58.84 23 1.04
58.84 25 0.00
58.84 30 0.00
58.84 B1 4976.15 4953.50 
58.84 B3 5014.53 4991.17 
58.84 120 13 04 50
58.84 244 0.34
58.845 22 0.07
58.845 23 1.03
58.845 25 0.00
58.845 30 0.00
58.845 B1 4977.68 4955.59 
58.845 B3 5016.05 4993.24 
58.845 120 13 04 50
58.845 244 0.34
58.85 22 0.06
58.85 23 1.03
58.85 25 0.00
58.85 30 0.00
58.85 B1 4979.24 4957.69 
58.85 B3 5017.59 4995.34 
58.85 120 13 04 50
58.85 244 0.34
58.855 22 0.05
58.855 23 1.03
58.855 25 0.00
58.855 30 0.00
58.855 B1 4980.82 4959.81 
58.855 B3 5019.16 4997.44 
58.855 120 13 04 50
58.855 244 0.34
58.86 22 0.04
58.86 23 1.03
58.86 25 0.00
58.86 30 0.00
58.86 B1 4982.42 4961.93 
58.86 B3 5020.74 4999.56 
58.86 120 13 04 50
58.86 244 0.34
58.865 22 0.03
58.865 23 1.03
58.865 25 0.00
58.865 30 0.00
58.865 B1 4984.03 4964.04 
58.865 B3 5022.34 5001.68 
58.865 120 13 04 50
58.865 244 0.34
58.87 22 0.02
58.87 23 1.03
58.87 25 0.00
58.87 30 0.00
58.87 B1 4985.64 4966.16 
58.87 B3 5023.95 5003.80 
58.87 120 13 04 50
58.87 244 0.34
58.875 22 0.01
58.875 23 1.03
58.875 25 0.00
58.875 30 0.00
58.875 B1 4987.26 4968.27 
58.875 B3 5025.57 5005.92 
58.875 120 13 04 50
58.875 244 0.34
58.88 22 0.01
58.88 23 1.03
58.88 25 0.00
58.88 30 0.00
58.88 B1 4988.88 4970.37 
58.88 B3 5027.19 5008.04 
58.88 120 13 04 50
58.88 244 0.34
58.885 22 0.00
58.885 23 1.03
58.885 25 0.00
58.885 30 0.00
58.885 B1 4990.51 4972.47 
58.885 B3 5028.82 5010.15 
58.885 120 13 04 50
58.885 244 0.34
58.89 22 -0.01
58.89 23 1.03
58.89 25 0.00
58.89 30 0.00
58.89 B1 4992.15 4974.56 
58.89 B3 5030.46 5012.26 
58.89 120 13 04 50
58.89 244 0.34
58.895 22 -0.02
58.895 23 1.03
58.895 25 0.00
58.895 30 0.00
58.895 B1 4993.78 4976.64 
58.895 B3 5032.10 5014.37 
58.895 120 13 04 50
58.895 244 0.34
58.9 22 -0.02
58.9 23 1.03
58.9 25 0.00
58.9 30 0.00
58.9 B1 4995.43 4978.73 
58.9 B3 5033.74 5016.46 
58.9 120 13 04 50
58.9 244 0.34
58.905 22 -0.03
58.905 23 1.03
58.905 25 0.00
58.905 30 0.00
58.905 B1 4997.07 4980.80 
58.905 B3 5035.39 5018.55 
58.905 120 13 04 50
58.905 244 0.34
58.91 22 -0.03
58.91 23 1.03
58.91 25 0.00
58.91 30 0.00
58.91 B1 4998.72 4982.87 
58.91 B3 5037.04 5020.64 
58.91 120 13 04 50
58.91 244 0.35
58.915 22 -0.04
58.915 23 1.03
58.915 25 0.00
58.915 30 0.00
58.915 B1 5001.70 4986.25 
58.915 B3 5039.89 5023.92 
58.915 120 13 04 50
58.915 244 0.34
58.92 22 -0.04
58.92 23 1.03
58.92 25 0.00
58.92 30 0.00
58.92 B1 5002.85 4987.79 
58.92 B3 5041.19 5025.62 
58.92 120 13 04 50
58.92 244 0.34
58.925 22 -0.05
58.925 23 1.03
58.925 25 0.00
58.925 30 0.00
58.925 B1 5004.20 4989.54 
58.925 B3 5042.60 5027.44 
58.925 120 13 04 50
58.925 244 0.34
58.93 22 -0.05
58.93 23 1.03
58.93 25 0.00
58.93 30 0.00
58.93 B1 5005.68 4991.40 
58.93 B3 5044.10 5029.34 
58.93 120 13 04 50
58.93 244 0.34
58.935 22 -0.06
58.935 23 1.03
58.935 25 0.00
58.935 30 0.00
58.935 B1 5007.24 4993.33 
58.935 B3 5045.66 5031.28 
58.935 120 13 04 50
58.935 244 0.34
58.94 22 -0.06
58.94 23 1.02
58.94 25 0.00
58.94 30 0.00
58.94 B1 5008.85 4995.29 
58.94 B3 5047.26 5033.25 
58.94 120 13 04 50
58.94 244 0.34
58.945 22 -0.06
58.945 23 1.02
58.945 25 0.00
58.945 30 0.00
58.945 B1 5010.49 4997.28 
58.945 B3 5048.89 5035.25 
58.945 120 13 04 50
58.945 244 0.34
58.95 22 -0.07
58.95 23 1.02
58.95 25 0.00
58.95 30 0.00
58.95 B1 5012.14 4999.28 
58.95 B3 5050.54 5037.26 
58.95 120 13 04 50
58.95 244 0.34
58.955 22 -0.07
58.955 23 1.02
58.955 25 0.00
58.955 30 0.00
58.955 B1 5012.49 4999.96 
58.955 B3 5051.01 5038.07 
58.955 120 13 04 50
58.955 244 0.34
58.96 22 -0.07
58.96 23 1.01
58.96 25 0.00
58.96 30 0.00
58.96 B1 5013.36 5001.15 
58.96 B3 5051.86 5039.26 
58.96 120 13 04 50
58.96 244 0.34
58.965 22 -0.08
58.965 23 1.00
58.965 25 0.00
58.965 30 0.00
58.965 B1 5014.54 5002.64 
58.965 B3 5052.97 5040.69 
58.965 120 13 04 50
58.965 244 0.34
58.97 22 -0.08
58.97 23 1.00
58.97 25 0.00
58.97 30 0.00
58.97 B1 5015.90 5004.32 
58.97 B3 5054.25 5042.29 
58.97 120 13 04 50
58.97 244 0.34
58.975 22 -0.08
58.975 23 1.00
58.975 25 0.00
58.975 30 0.00
58.975 B1 5018.71 5007.42 
58.975 B3 5056.84 5045.20 
58.975 120 13 04 50
58.975 244 0.34
58.98 22 -0.08
58.98 23 1.00
58.98 25 0.00
58.98 30 0.00
58.98 B1 5021.07 5010.07 
58.98 B3 5059.16 5047.81 
58.98 120 13 04 50
58.98 244 0.34
58.985 22 -0.09
58.985 23 1.01
58.985 25 0.00
58.985 30 0.00
58.985 B1 5023.17 5012.45 
58.985 B3 5061.28 5050.23 
58.985 120 13 04 50
58.985 244 0.34
58.99 22 -0.09
58.99 23 1.01
58.99 25 0.00
58.99 30 0.00
58.99 B1 5025.12 5014.67 
58.99 B3 5063.27 5052.50 
58.99 120 13 04 50
58.99 244 0.34
58.995 22 -0.09
58.995 23 1.01
58.995 25 0.00
58.995 30 0.00
58.995 B1 5026.97 5016.78 
58.995 B3 5065.18 5054.68 
58.995 120 13 04 50
58.995 244 0.34
59 22 -0.09
59 23 1.01
59 25 0.00
59 30 0.00
59 B1 5028.76 5018.84 
59 B3 5067.03 5056.80 
59 120 13 04 50
59 244 0.34
59.005 22 -0.09
59.005 23 1.01
59.005 25 0.00
59.005 30 0.00
59.005 B1 5030.53 5020.86 
59.005 B3 5068.84 5058.87 
59.005 120 13 04 50
59.005 244 0.34
59.01 22 -0.10
59.01 23 1.01
59.01 25 0.00
59.01 30 0.00
59.01 B1 5032.27 5022.85 
59.01 B3 5070.62 5060.91 
59.01 120 13 04 50
59.01 244 0.34
59.015 22 -0.10
59.015 23 1.01
59.015 25 0.00
59.015 30 0.00
59.015 B1 5034.01 5024.82 
59.015 B3 5072.39 5062.92 
59.015 120 13 04 50
59.015 244 0.34
59.02 22 -0.10
59.02 23 1.01
59.02 25 0.00
59.02 30 0.00
59.02 B1 5035.74 5026.78 
59.02 B3 5074.15 5064.92 
59.02 120 13 04 50
59.02 244 0.34
59.025 22 -0.10
59.025 23 1.01
59.025 25 0.00
59.025 30 0.00
59.025 B1 5037.47 5028.73 
59.025 B3 5075.91 5066.90 
59.025 120 13 04 50
59.025 244 0.34
59.03 22 -0.10
59.03 23 1.01
59.03 25 0.00
59.03 30 0.00
59.03 B1 5039.20 5030.68 
59.03 B3 5077.66 5068.88 
59.03 120 13 04 50
59.03 244 0.34
59.035 22 -0.10
59.035 23 1.01
59.035 25 0.00
59.035 30 0.00
59.035 B1 5039.61 5031.30 
59.035 B3 5078.21 5069.64 
59.035 120 13 04 50
59.035 244 0.34
59.04 22 -0.10
59.04 23 1.00
59.04 25 0.00
59.04 30 0.00
59.04 B1 5040.52 5032.42 
59.04 B3 5079.12 5070.77 
59.04 120 13 04 50
59.04 244 0.34
59.045 22 -0.10
59.045 23 1.00
59.045 25 0.00
59.045 30 0.00
59.045 B1 5041.75 5033.85 
59.045 B3 5080.29 5072.15 
59.045 120 13 04 50
59.045 244 0.34
59.05 22 -0.10
59.05 23 0.99
59.05 25 0.00
59.05 30 0.00
59.05 B1 5044.47 5036.77 
59.05 B3 5082.82 5074.88 
59.05 120 13 04 50
59.05 244 0.34
59.055 22 -0.10
59.055 23 1.00
59.055 25 0.00
59.055 30 0.00
59.055 B1 5046.81 5039.29 
59.055 B3 5085.10 5077.35 
59.055 120 13 04 50
59.055 244 0.34
59.06 22 -0.10
59.06 23 1.00
59.06 25 0.00
59.06 30 0.00
59.06 B1 5048.91 5041.58 
59.06 B3 5087.21 5079.65 
59.06 120 13 04 50
59.06 244 0.34
59.065 22 -0.10
59.065 23 1.01
59.065 25 -0.37
59.065 30 0.00
59.065 B1 5050.86 5043.71 
59.065 B3 5089.20 5081.83 
59.065 120 13 04 50
59.065 244 0.34
59.07 22 -0.35
59.07 23 1.00
59.07 25 -0.81
59.07 30 0.00
59.07 B1 5052.68 5045.70 
59.07 B3 5091.12 5083.93 
59.07 120 13 04 50
59.07 244 0.34
59.075 22 -0.64
59.075 23 1.00
59.075 25 -0.81
59.075 30 0.00
59.075 B1 5054.43 5047.38 
59.075 B3 5093.09 5085.87 
59.075 120 13 04 50
59.075 244 0.34
59.08 22 -0.63
59.08 23 1.00
59.08 25 -1.36
59.08 30 0.00
59.08 B1 5056.45 5048.87 
59.08 B3 5095.21 5087.57 
59.08 120 13 04 50
59.08 244 0.35
59.085 22 -1.01
59.085 23 0.99
59.085 25 -1.80
59.085 30 0.00
59.085 B1 5059.59 5051.23 
59.085 B3 5098.62 5090.32 
59.085 120 13 04 50
59.085 244 0.34
59.09 22 -1.32
59.09 23 0.99
59.09 25 -1.91
59.09 30 0.00
59.09 B1 5060.95 5051.26 
59.09 B3 5100.70 5091.23 
59.09 120 13 04 50
59.09 244 0.34
59.095 22 -1.37
59.095 23 0.98
59.095 25 -2.46
59.095 30 0.00
59.095 B1 5062.97 5051.31 
59.095 B3 5103.15 5091.94 
59.095 120 13 04 50
59.095 244 0.34
59.1 22 -1.77
59.1 23 0.95
59.1 25 -3.12
59.1 30 0.00
59.1 B1 5064.87 5050.80 
59.1 B3 5105.89 5092.48 
59.1 120 13 04 50
59.1 244 0.34
59.105 22 -2.25
59.105 23 0.91
59.105 25 -3.78
59.105 30 0.00
59.105 B1 5066.56 5049.42 
59.105 B3 5108.96 5092.73 
59.105 120 13 04 50
59.105 244 0.34
59.11 22 -2.73
59.11 23 0.86
59.11 25 -3.78
59.11 30 0.00
59.11 B1 5068.16 5047.06 
59.11 B3 5112.44 5092.56 
59.11 120 13 04 50
59.11 244 0.34
59.115 22 -2.66
59.115 23 0.85
59.115 25 -3.78
59.115 30 0.00
59.115 B1 5071.20 5045.13 
59.115 B3 5116.36 5091.87 
59.115 120 13 04 50
59.115 244 0.34
59.12 22 -2.60
59.12 23 0.85
59.12 25 -3.78
59.12 30 0.00
59.12 B1 5075.06 5043.50 
59.12 B3 5120.55 5090.85 
59.12 120 13 04 50
59.12 244 0.34
59.125 22 -2.54
59.125 23 0.85
59.125 25 -4.00
59.125 30 0.00
59.125 B1 5079.38 5042.10 
59.125 B3 5124.88 5089.65 
59.125 120 13 04 50
59.125 244 0.34
59.13 22 -2.66
59.13 23 0.84
59.13 25 -4.11
59.13 30 0.00
59.13 B1 5083.51 5040.42 
59.13 B3 5129.29 5088.36 
59.13 120 13 04 50
59.13 244 0.34
59.135 22 -2.70
59.135 23 0.83
59.135 25 -4.11
59.135 30 0.00
59.135 B1 5087.78 5038.75 
59.135 B3 5133.78 5086.94 
59.135 120 13 04 50
59.135 244 0.34
59.14 22 -2.65
59.14 23 0.83
59.14 25 -4.33
59.14 30 0.00
59.14 B1 5092.36 5037.28 
59.14 B3 5138.33 5085.44 
59.14 120 13 04 50
59.14 244 0.34
59.145 22 -2.78
59.145 23 0.82
59.145 25 -4.44
59.145 30 0.00
59.145 B1 5096.64 5035.54 
59.145 B3 5142.88 5083.91 
59.145 120 13 04 50
59.145 244 0.35
59.15 22 -2.82
59.15 23 0.81
59.15 25 -4.44
59.15 30 0.00
59.15 B1 5102.34 5035.12 
59.15 B3 5148.67 5083.51 
59.15 120 13 04 50
59.15 244 0.35
59.155 22 -2.77
59.155 23 0.82
59.155 25 -4.44
59.155 30 0.00
59.155 B1 5107.81 5034.41 
59.155 B3 5154.13 5082.69 
59.155 120 13 04 50
59.155 244 0.35
59.16 22 -2.73
59.16 23 0.83
59.16 25 -4.55
59.16 30 0.00
59.16 B1 5113.11 5033.55 
59.16 B3 5159.33 5081.62 
59.16 120 13 04 50
59.16 244 0.35
59.165 22 -2.78
59.165 23 0.83
59.165 25 -4.55
59.165 30 0.00
59.165 B1 5118.03 5032.42 
59.165 B3 5164.32 5080.41 
59.165 120 13 04 50
59.165 244 0.35
59.17 22 -2.74
59.17 23 0.83
59.17 25 -4.55
59.17 30 0.00
59.17 B1 5122.95 5031.34 
59.17 B3 5169.17 5079.11 
59.17 120 13 04 50
59.17 244 0.35
59.175 22 -2.71
59.175 23 0.84
59.175 25 -4.55
59.175 30 0.00
59.175 B1 5127.82 5030.31 
59.175 B3 5173.90 5077.77 
59.175 120 13 04 50
59.175 244 0.35
59.18 22 -2.68
59.18 23 0.84
59.18 25 -4.66
59.18 30 0.00
59.18 B1 5132.62 5029.36 
59.18 B3 5178.52 5076.46 
59.18 120 13 04 50
59.18 244 0.35
59.185 22 -2.74
59.185 23 0.83
59.185 25 -4.88
59.185 30 0.00
59.185 B1 5137.13 5028.27 
59.185 B3 5183.03 5075.18 
59.185 120 13 04 50
59.185 244 0.35
59.19 22 -2.90
59.19 23 0.82
59.19 25 -5.10
59.19 30 0.00
59.19 B1 5141.24 5026.85 
59.19 B3 5187.47 5073.91 
59.19 120 13 04 50
59.19 244 0.35
59.195 22 -3.05
59.195 23 0.80
59.195 25 -5.10
59.195 30 0.00
59.195 B1 5145.13 5025.15 
59.195 B3 5191.90 5072.61 
59.195 120 13 04 50
59.195 244 0.35
59.2 22 -3.03
59.2 23 0.80
59.2 25 -5.10
59.2 30 0.00
59.2 B1 5149.40 5023.69 
59.2 B3 5196.36 5071.21 
59.2 120 13 04 50
59.2 244 0.35
59.205 22 -3.00
59.205 23 0.80
59.205 25 -5.21
59.205 30 0.00
59.205 B1 5153.87 5022.41 
59.205 B3 5200.81 5069.79 
59.205 120 13 04 50
59.205 244 0.35
59.21 22 -3.07
59.21 23 0.79
59.21 25 -5.21
59.21 30 0.00
59.21 B1 5158.18 5021.04 
59.21 B3 5205.21 5068.39 
59.21 120 13 04 50
59.21 244 0.34
59.215 22 -3.05
59.215 23 0.79
59.215 25 -5.32
59.215 30 0.00
59.215 B1 5161.31 5018.50 
59.215 B3 5208.41 5065.79 
59.215 120 13 04 50
59.215 244 0.35
59.22 22 -3.13
59.22 23 0.77
59.22 25 -5.43
59.22 30 0.00
59.22 B1 5166.07 5017.70 
59.22 B3 5213.10 5064.78 
59.22 120 13 04 50
59.22 244 0.34
59.225 22 -3.20
59.225 23 0.77
59.225 25 -5.43
59.225 30 0.00
59.225 B1 5169.21 5015.28 
59.225 B3 5216.47 5062.47 
59.225 120 13 04 50
59.225 244 0.34
59.23 22 -3.19
59.23 23 0.76
59.23 25 -5.43
59.23 30 0.00
59.23 B1 5172.89 5013.43 
59.23 B3 5220.11 5060.44 
59.23 120 13 04 50
59.23 244 0.34
59.235 22 -3.18
59.235 23 0.76
59.235 25 -5.43
59.235 30 0.00
59.235 B1 5176.87 5011.93 
59.235 B3 5223.89 5058.63 
59.235 120 13 04 50
59.235 244 0.35
59.24 22 -3.17
59.24 23 0.76
59.24 25 -5.54
59.24 30 0.00
59.24 B1 5182.30 5012.00 
59.24 B3 5228.96 5058.20 
59.24 120 13 04 50
59.24 244 0.34
59.245 22 -3.26
59.245 23 0.76
59.245 25 -5.65
59.245 30 0.00
59.245 B1 5185.75 5010.17 
59.245 B3 5232.52 5056.35 
59.245 120 13 04 50
59.245 244 0.35
59.25 22 -3.34
59.25 23 0.74
59.25 25 -5.65
59.25 30 0.00
59.25 B1 5190.59 5009.82 
59.25 B3 5237.40 5055.90 
59.25 120 13 04 50
59.25 244 0.35
59.255 22 -3.34
59.255 23 0.75
59.255 25 -5.65
59.255 30 0.00
59.255 B1 5195.24 5009.25 
59.255 B3 5242.04 5055.20 
59.255 120 13 04 50
59.255 244 0.35
59.26 22 -3.34
59.26 23 0.76
59.26 25 -5.65
59.26 30 0.00
59.26 B1 5199.74 5008.58 
59.26 B3 5246.48 5054.35 
59.26 120 13 04 50
59.26 244 0.35
59.265 22 -3.34
59.265 23 0.76
59.265 25 -5.65
59.265 30 0.00
59.265 B1 5204.10 5007.88 
59.265 B3 5250.76 5053.45 
59.265 120 13 04 50
59.265 244 0.35
59.27 22 -3.34
59.27 23 0.77
59.27 25 -5.65
59.27 30 0.00
59.27 B1 5208.34 5007.17 
59.27 B3 5254.91 5052.52 
59.27 120 13 04 50
59.27 244 0.34
59.275 22 -3.35
59.275 23 0.77
59.275 25 -5.65
59.275 30 0.00
59.275 B1 5211.15 5005.17 
59.275 B3 5257.75 5050.41 
59.275 120 13 04 50
59.275 244 0.34
59.28 22 -3.36
59.28 23 0.76
59.28 25 -5.65
59.28 30 0.00
59.28 B1 5214.35 5003.72 
59.28 B3 5260.84 5048.70 
59.28 120 13 04 50
59.28 244 0.34
59.285 22 -3.37
59.285 23 0.76
59.285 25 -5.65
59.285 30 0.00
59.285 B1 5217.76 5002.61 
59.285 B3 5264.09 5047.30 
59.285 120 13 04 50
59.285 244 0.34
59.29 22 -3.39
59.29 23 0.75
59.29 25 -5.65
59.29 30 0.00
59.29 B1 5221.26 5001.74 
59.29 B3 5267.42 5046.11 
59.29 120 13 04 50
59.29 244 0.34
59.295 22 -3.40
59.295 23 0.75
59.295 25 -5.65
59.295 30 0.00
59.295 B1 5224.79 5001.02 
59.295 B3 5270.80 5045.10 
59.295 120 13 04 50
59.295 244 0.34
59.3 22 -3.42
59.3 23 0.75
59.3 25 -5.65
59.3 30 0.00
59.3 B1 5228.31 5000.40 
59.3 B3 5274.18 5044.22 
59.3 120 13 04 50
59.3 244 0.35
59.305 22 -3.44
59.305 23 0.75
59.305 25 -5.65
59.305 30 0.00
59.305 B1 5233.11 5001.19 
59.305 B3 5278.75 5044.65 
59.305 120 13 04 50
59.305 244 0.35
59.31 22 -3.46
59.31 23 0.76
59.31 25 -5.65
59.31 30 0.00
59.31 B1 5237.39 5001.53 
59.31 B3 5282.95 5044.81 
59.31 120 13 04 50
59.31 244 0.34
59.315 22 -3.48
59.315 23 0.77
59.315 25 -5.65
59.315 30 0.00
59.315 B1 5239.98 5000.30 
59.315 B3 5285.67 5043.59 
59.315 120 13 04 50
59.315 244 0.34
59.32 22 -3.51
59.32 23 0.76
59.32 25 -5.65
59.32 30 0.00
59.32 B1 5242.81 4999.45 
59.32 B3 5288.54 5042.65 
59.32 120 13 04 50
59.32 244 0.35
59.325 22 -3.53
59.325 23 0.76
59.325 25 -5.65
59.325 30 0.00
59.325 B1 5247.08 5000.15 
59.325 B3 5292.69 5043.11 
59.325 120 13 04 50
59.325 244 0.34
59.33 22 -3.56
59.33 23 0.77
59.33 25 -5.76
59.33 30 0.00
59.33 B1 5249.60 4999.18 
59.33 B3 5295.33 5042.16 
59.33 120 13 04 50
59.33 244 0.35
59.335 22 -3.68
59.335 23 0.75
59.335 25 -5.65
59.335 30 0.00
59.335 B1 5253.41 4999.63 
59.335 B3 5299.29 5042.64 
59.335 120 13 04 50
59.335 244 0.35
59.34 22 -3.61
59.34 23 0.77
59.34 25 -5.65
59.34 30 0.00
59.34 B1 5257.19 5000.02 
59.34 B3 5303.00 5042.87 
59.34 120 13 04 50
59.34 244 0.35
59.345 22 -3.64
59.345 23 0.77
59.345 25 -5.65
59.345 30 0.00
59.345 B1 5260.65 5000.23 
59.345 B3 5306.49 5043.00 
59.345 120 13 04 50
59.345 244 0.35
59.35 22 -3.67
59.35 23 0.77
59.35 25 -5.65
59.35 30 0.00
59.35 B1 5263.90 5000.33 
59.35 B3 5309.82 5043.08 
59.35 120 13 04 50
59.35 244 0.35
59.355 22 -3.71
59.355 23 0.78
59.355 25 -5.65
59.355 30 0.00
59.355 B1 5267.00 5000.39 
59.355 B3 5313.01 5043.13 
59.355 120 13 04 50
59.355 244 0.35
59.36 22 -3.74
59.36 23 0.78
59.36 25 -5.65
59.36 30 0.00
59.36 B1 5269.99 5000.43 
59.36 B3 5316.11 5043.17 
59.36 120 13 04 50
59.36 244 0.35
59.365 22 -3.77
59.365 23 0.78
59.365 25 -5.65
59.365 30 0.00
59.365 B1 5272.87 5000.46 
59.365 B3 5319.12 5043.23 
59.365 120 13 04 50
59.365 244 0.35
59.37 22 -3.80
59.37 23 0.78
59.37 25 -5.65
59.37 30 0.00
59.37 B1 5275.69 5000.51 
59.37 B3 5322.06 5043.30 
59.37 120 13 04 50
59.37 244 0.35
59.375 22 -3.84
59.375 23 0.78
59.375 25 -5.65
59.375 30 0.00
59.375 B1 5278.44 5000.57 
59.375 B3 5324.94 5043.39 
59.375 120 13 04 50
59.375 244 0.35
59.38 22 -3.87
59.38 23 0.78
59.38 25 -5.65
59.38 30 0.00
59.38 B1 5281.13 5000.66 
59.38 B3 5327.76 5043.50 
59.38 120 13 04 50
59.38 244 0.35
59.385 22 -3.91
59.385 23 0.77
59.385 25 -5.65
59.385 30 0.00
59.385 B1 5283.76 5000.76 
59.385 B3 5330.54 5043.65 
59.385 120 13 04 50
59.385 244 0.35
59.39 22 -3.94
59.39 23 0.77
59.39 25 -5.65
59.39 30 0.00
59.39 B1 5286.35 5000.89 
59.39 B3 5333.26 5043.82 
59.39 120 13 04 50
59.39 244 0.35
59.395 22 -3.97
59.395 23 0.77
59.395 25 -5.65
59.395 30 0.00
59.395 B1 5288.89 5001.04 
59.395 B3 5335.94 5044.01 
59.395 120 13 04 50
59.395 244 0.35
59.4 22 -4.01
59.4 23 0.77
59.4 25 -5.65
59.4 30 0.00
59.4 B1 5291.38 5001.21 
59.4 B3 5338.58 5044.23 
59.4 120 13 04 50
59.4 244 0.35
59.405 22 -4.04
59.405 23 0.77
59.405 25 -5.65
59.405 30 0.00
59.405 B1 5293.83 5001.40 
59.405 B3 5341.18 5044.48 
59.405 120 13 04 50
59.405 244 0.34
59.41 22 -4.08
59.41 23 0.77
59.41 25 -5.65
59.41 30 0.00
59.41 B1 5294.92 5000.29 
59.41 B3 5342.54 5043.56 
59.41 120 13 04 50
59.41 244 0.34
59.415 22 -4.12
59.415 23 0.76
59.415 25 -5.65
59.415 30 0.00
59.415 B1 5296.44 4999.72 
59.415 B3 5344.22 5043.03 
59.415 120 13 04 50
59.415 244 0.34
59.42 22 -4.15
59.42 23 0.75
59.42 25 -5.65
59.42 30 0.00
59.42 B1 5298.23 4999.47 
59.42 B3 5346.09 5042.78 
59.42 120 13 04 50
59.42 244 0.34
59.425 22 -4.19
59.425 23 0.75
59.425 25 -5.65
59.425 30 0.00
59.425 B1 5300.16 4999.43 
59.425 B3 5348.09 5042.73 
59.425 120 13 04 50
59.425 244 0.34
59.43 22 -4.22
59.43 23 0.74
59.43 25 -5.65
59.43 30 0.00
59.43 B1 5302.16 4999.51 
59.43 B3 5350.18 5042.81 
59.43 120 13 04 50
59.43 244 0.34
59.435 22 -4.26
59.435 23 0.74
59.435 25 -5.65
59.435 30 0.00
59.435 B1 5304.20 4999.68 
59.435 B3 5352.32 5042.98 
59.435 120 13 04 50
59.435 244 0.34
59.44 22 -4.29
59.44 23 0.74
59.44 25 -5.65
59.44 30 0.00
59.44 B1 5306.25 4999.90 
59.44 B3 5354.47 5043.23 
59.44 120 13 04 50
59.44 244 0.34
59.445 22 -4.33
59.445 23 0.74
59.445 25 -5.65
59.445 30 0.00
59.445 B1 5308.30 5000.16 
59.445 B3 5356.64 5043.54 
59.445 120 13 04 50
59.445 244 0.34
59.45 22 -4.36
59.45 23 0.74
59.45 25 -5.65
59.45 30 0.00
59.45 B1 5310.32 5000.45 
59.45 B3 5358.79 5043.88 
59.45 120 13 04 50
59.45 244 0.34
59.455 22 -4.40
59.455 23 0.73
59.455 25 -5.65
59.455 30 0.00
59.455 B1 5312.33 5000.76 
59.455 B3 5360.94 5044.27 
59.455 120 13 04 50
59.455 244 0.34
59.46 22 -4.43
59.46 23 0.73
59.46 25 -5.65
59.46 30 0.00
59.46 B1 5314.31 5001.10 
59.46 B3 5363.07 5044.67 
59.46 120 13 04 50
59.46 244 0.34
59.465 22 -4.47
59.465 23 0.73
59.465 25 -5.65
59.465 30 0.00
59.465 B1 5316.26 5001.45 
59.465 B3 5365.18 5045.11 
59.465 120 13 04 50
59.465 244 0.35
59.47 22 -4.50
59.47 23 0.73
59.47 25 -5.54
59.47 30 0.00
59.47 B1 5319.50 5003.13 
59.47 B3 5368.46 5046.76 
59.47 120 13 04 50
59.47 244 0.35
59.475 22 -4.44
59.475 23 0.75
59.475 25 -5.54
59.475 30 0.00
59.475 B1 5322.47 5004.55 
59.475 B3 5371.38 5048.06 
59.475 120 13 04 50
59.475 244 0.35
59.48 22 -4.48
59.48 23 0.76
59.48 25 -5.54
59.48 30 0.00
59.48 B1 5324.99 5005.63 
59.48 B3 5374.00 5049.16 
59.48 120 13 04 50
59.48 244 0.35
59.485 22 -4.52
59.485 23 0.76
59.485 25 -5.54
59.485 30 0.00
59.485 B1 5327.21 5006.51 
59.485 B3 5376.41 5050.15 
59.485 120 13 04 50
59.485 244 0.35
59.49 22 -4.55
59.49 23 0.76
59.49 25 -5.43
59.49 30 0.00
59.49 B1 5329.24 5007.27 
59.49 B3 5378.66 5051.05 
59.49 120 13 04 50
59.49 244 0.35
59.495 22 -4.50
59.495 23 0.77
59.495 25 -5.43
59.495 30 0.00
59.495 B1 5331.37 5008.20 
59.495 B3 5380.80 5051.90 
59.495 120 13 04 50
59.495 244 0.35
59.5 22 -4.54
59.5 23 0.77
59.5 25 -5.43
59.5 30 0.00
59.5 B1 5333.29 5009.05 
59.5 B3 5382.82 5052.77 
59.5 120 13 04 50
59.5 244 0.35
59.505 22 -4.57
59.505 23 0.77
59.505 25 -5.43
59.505 30 0.00
59.505 B1 5335.06 5009.85 
59.505 B3 5384.75 5053.65 
59.505 120 13 04 50
59.505 244 0.35
59.51 22 -4.61
59.51 23 0.77
59.51 25 -5.43
59.51 30 0.00
59.51 B1 5336.74 5010.63 
59.51 B3 5386.62 5054.54 
59.51 120 13 04 50
59.51 244 0.35
59.515 22 -4.64
59.515 23 0.77
59.515 25 -5.32
59.515 30 0.00
59.515 B1 5338.35 5011.39 
59.515 B3 5388.44 5055.43 
59.515 120 13 04 50
59.515 244 0.35
59.52 22 -4.59
59.52 23 0.78
59.52 25 -5.32
59.52 30 0.00
59.52 B1 5340.14 5012.38 
59.52 B3 5390.21 5056.33 
59.52 120 13 04 50
59.52 244 0.35
59.525 22 -4.62
59.525 23 0.78
59.525 25 -5.21
59.525 30 0.00
59.525 B1 5341.78 5013.33 
59.525 B3 5391.92 5057.28 
59.525 120 13 04 50
59.525 244 0.35
59.53 22 -4.57
59.53 23 0.79
59.53 25 -4.99
59.53 30 0.00
59.53 B1 5343.53 5014.46 
59.53 B3 5393.58 5058.27 
59.53 120 13 04 50
59.53 244 0.35
59.535 22 -4.42
59.535 23 0.81
59.535 25 -4.99
59.535 30 0.00
59.535 B1 5345.51 5015.97 
59.535 B3 5395.18 5059.32 
59.535 120 13 04 50
59.535 244 0.35
59.54 22 -4.47
59.54 23 0.81
59.54 25 -4.99
59.54 30 0.00
59.54 B1 5347.13 5017.37 
59.54 B3 5396.66 5060.50 
59.54 120 13 04 50
59.54 244 0.35
59.545 22 -4.51
59.545 23 0.81
59.545 25 -4.44
59.545 30 0.00
59.545 B1 5348.52 5018.69 
59.545 B3 5398.07 5061.77 
59.545 120 13 04 50
59.545 244 0.34
59.55 22 -4.10
59.55 23 0.85
59.55 25 -3.78
59.55 30 0.00
59.55 B1 5349.43 5019.63 
59.55 B3 5398.23 5061.90 
59.55 120 13 04 50
59.55 244 0.35
59.555 22 -3.62
59.555 23 0.89
59.555 25 -3.78
59.555 30 0.00
59.555 B1 5352.44 5023.17 
59.555 B3 5399.74 5063.85 
59.555 120 13 04 50
59.555 244 0.35
59.56 22 -3.68
59.56 23 0.90
59.56 25 -3.12
59.56 30 0.00
59.56 B1 5354.28 5026.28 
59.56 B3 5400.84 5066.09 
59.56 120 13 04 50
59.56 244 0.34
59.565 22 -3.23
59.565 23 0.94
59.565 25 -2.13
59.565 30 0.00
59.565 B1 5354.83 5028.54 
59.565 B3 5400.47 5067.32 
59.565 120 13 04 50
59.565 244 0.34
59.57 22 -2.58
59.57 23 0.97
59.57 25 -1.80
59.57 30 0.00
59.57 B1 5355.61 5031.80 
59.57 B3 5400.08 5069.27 
59.57 120 13 04 50
59.57 244 0.34
59.575 22 -2.43
59.575 23 0.97
59.575 25 -1.47
59.575 30 0.00
59.575 B1 5355.67 5035.49 
59.575 B3 5399.43 5072.02 
59.575 120 13 04 50
59.575 244 0.34
59.58 22 -2.28
59.58 23 0.98
59.58 25 -1.47
59.58 30 0.00
59.58 B1 5355.17 5039.49 
59.58 B3 5398.53 5075.37 
59.58 120 13 04 50
59.58 244 0.34
59.585 22 -2.36
59.585 23 0.97
59.585 25 -1.47
59.585 30 0.00
59.585 B1 5354.17 5043.71 
59.585 B3 5397.40 5079.21 
59.585 120 13 04 50
59.585 244 0.34
59.59 22 -2.43
59.59 23 0.97
59.59 25 -1.47
59.59 30 0.00
59.59 B1 5352.88 5048.02 
59.59 B3 5396.13 5083.34 
59.59 120 13 04 50
59.59 244 0.34
59.595 22 -2.50
59.595 23 0.97
59.595 25 -1.14
59.595 30 0.00
59.595 B1 5351.44 5052.35 
59.595 B3 5394.78 5087.65 
59.595 120 13 04 50
59.595 244 0.35
59.6 22 -2.34
59.6 23 0.97
59.6 25 -0.70
59.6 30 0.00
59.6 B1 5351.35 5058.07 
59.6 B3 5394.59 5093.24 
59.6 120 13 04 50
59.6 244 0.35
59.605 22 -2.11
59.605 23 0.99
59.605 25 -0.48
59.605 30 0.00
59.605 B1 5350.70 5063.38 
59.605 B3 5393.98 5098.58 
59.605 120 13 04 50
59.605 244 0.35
59.61 22 -2.03
59.61 23 0.99
59.61 25 -0.26
59.61 30 0.00
59.61 B1 5350.89 5069.84 
59.61 B3 5394.19 5105.04 
59.61 120 13 04 50
59.61 244 0.35
59.615 22 -1.95
59.615 23 1.00
59.615 25 -0.26
59.615 30 0.00
59.615 B1 5348.93 5074.41 
59.615 B3 5392.55 5109.92 
59.615 120 13 04 50
59.615 244 0.35
59.62 22 -2.01
59.62 23 1.00
59.62 25 0.00
59.62 30 0.00
59.62 B1 5346.94 5079.22 
59.62 B3 5390.79 5114.94 
59.62 120 13 04 50
59.62 244 0.35
59.625 22 -1.90
59.625 23 1.00
59.625 25 0.00
59.625 30 0.00
59.625 B1 5344.92 5084.09 
59.625 B3 5388.97 5120.01 
59.625 120 13 04 50
59.625 244 0.35
59.63 22 -1.96
59.63 23 1.00
59.63 25 0.00
59.63 30 0.00
59.63 B1 5344.22 5090.41 
59.63 B3 5388.26 5126.34 
59.63 120 13 04 50
59.63 244 0.35
59.635 22 -2.01
59.635 23 1.01
59.635 25 0.00
59.635 30 0.00
59.635 B1 5341.75 5094.96 
59.635 B3 5385.98 5131.14 
59.635 120 13 04 50
59.635 244 0.35
59.64 22 -2.05
59.64 23 1.00
59.64 25 0.00
59.64 30 0.00
59.64 B1 5339.51 5099.68 
59.64 B3 5383.82 5136.03 
59.64 120 13 04 50
59.64 244 0.35
59.645 22 -2.09
59.645 23 1.00
59.645 25 0.00
59.645 30 0.00
59.645 B1 5338.78 5105.81 
59.645 B3 5382.97 5142.14 
59.645 120 13 04 50
59.645 244 0.35
59.65 22 -2.13
59.65 23 1.01
59.65 25 0.00
59.65 30 0.00
59.65 B1 5337.72 5111.44 
59.65 B3 5381.88 5147.88 
59.65 120 13 04 50
59.65 244 0.35
59.655 22 -2.16
59.655 23 1.01
59.655 25 0.00
59.655 30 0.00
59.655 B1 5336.50 5116.73 
59.655 B3 5380.66 5153.35 
59.655 120 13 04 50
59.655 244 0.35
59.66 22 -2.19
59.66 23 1.02
59.66 25 0.00
59.66 30 0.00
59.66 B1 5335.20 5121.79 
59.66 B3 5379.37 5158.58 
59.66 120 13 04 50
59.66 244 0.35
59.665 22 -2.22
59.665 23 1.02
59.665 25 0.00
59.665 30 0.00
59.665 B1 5332.57 5125.35 
59.665 B3 5376.87 5162.44 
59.665 120 13 04 50
59.665 244 0.35
59.67 22 -2.25
59.67 23 1.01
59.67 25 0.00
59.67 30 0.00
59.67 B1 5331.77 5130.59 
59.67 B3 5375.93 5167.71 
59.67 120 13 04 50
59.67 244 0.35
59.675 22 -2.27
59.675 23 1.01
59.675 25 0.00
59.675 30 0.00
59.675 B1 5330.85 5135.51 
59.675 B3 5374.93 5172.73 
59.675 120 13 04 50
59.675 244 0.35
59.68 22 -2.29
59.68 23 1.02
59.68 25 0.00
59.68 30 0.00
59.68 B1 5329.87 5140.22 
59.68 B3 5373.90 5177.56 
59.68 120 13 04 50
59.68 244 0.35
59.685 22 -2.30
59.685 23 1.02
59.685 25 0.00
59.685 30 0.00
59.685 B1 5328.90 5144.75 
59.685 B3 5372.89 5182.22 
59.685 120 13 04 50
59.685 244 0.35
59.69 22 -2.32
59.69 23 1.02
59.69 25 0.00
59.69 30 0.00
59.69 B1 5327.96 5149.15 
59.69 B3 5371.92 5186.75 
59.69 120 13 04 50
59.69 244 0.35
59.695 22 -2.33
59.695 23 1.02
59.695 25 0.00
59.695 30 0.00
59.695 B1 5328.39 5154.77 
59.695 B3 5372.19 5192.37 
59.695 120 13 04 50
59.695 244 0.35
59.7 22 -2.34
59.7 23 1.03
59.7 25 0.00
59.7 30 0.00
59.7 B1 5327.09 5158.47 
59.7 B3 5370.99 5196.32 
59.7 120 13 04 50
59.7 244 0.35
59.705 22 -2.34
59.705 23 1.02
59.705 25 0.00
59.705 30 0.00
59.705 B1 5327.35 5163.61 
59.705 B3 5371.15 5201.49 
59.705 120 13 04 50
59.705 244 0.35
59.71 22 -2.35
59.71 23 1.03
59.71 25 0.00
59.71 30 0.00
59.71 B1 5326.00 5166.97 
59.71 B3 5369.91 5205.09 
59.71 120 13 04 50
59.71 244 0.35
59.715 22 -2.35
59.715 23 1.02
59.715 25 0.00
59.715 30 0.00
59.715 B1 5324.97 5170.52 
59.715 B3 5368.90 5208.79 
59.715 120 13 04 50
59.715 244 0.35
59.72 22 -2.35
59.72 23 1.02
59.72 25 0.00
59.72 30 0.00
59.72 B1 5324.16 5174.16 
59.72 B3 5368.06 5212.52 
59.72 120 13 04 50
59.72 244 0.35
59.725 22 -2.35
59.725 23 1.02
59.725 25 0.00
59.725 30 0.00
59.725 B1 5323.53 5177.84 
59.725 B3 5367.38 5216.25 
59.725 120 13 04 50
59.725 244 0.35
59.73 22 -2.35
59.73 23 1.02
59.73 25 0.00
59.73 30 0.00
59.73 B1 5324.34 5182.83 
59.73 B3 5368.01 5221.17 
59.73 120 13 04 50
59.73 244 0.35
59.735 22 -2.34
59.735 23 1.02
59.735 25 0.00
59.735 30 0.00
59.735 B1 5323.46 5185.99 
59.735 B3 5367.20 5224.51 
59.735 120 13 04 50
59.735 244 0.35
59.74 22 -2.33
59.74 23 1.02
59.74 25 0.00
59.74 30 0.00
59.74 B1 5322.85 5189.30 
59.74 B3 5366.59 5227.92 
59.74 120 13 04 50
59.74 244 0.35
59.745 22 -2.33
59.745 23 1.02
59.745 25 0.00
59.745 30 0.00
59.745 B1 5322.43 5192.69 
59.745 B3 5366.14 5231.36 
59.745 120 13 04 50
59.745 244 0.35
59.75 22 -2.32
59.75 23 1.02
59.75 25 0.00
59.75 30 0.00
59.75 B1 5322.15 5196.10 
59.75 B3 5365.81 5234.82 
59.75 120 13 04 50
59.75 244 0.35
59.755 22 -2.31
59.755 23 1.01
59.755 25 0.00
59.755 30 0.00
59.755 B1 5323.30 5200.83 
59.755 B3 5366.78 5239.46 
59.755 120 13 04 50
59.755 244 0.35
59.76 22 -2.29
59.76 23 1.02
59.76 25 0.00
59.76 30 0.00
59.76 B1 5324.05 5205.05 
59.76 B3 5367.49 5243.71 
59.76 120 13 04 50
59.76 244 0.35
59.765 22 -2.28
59.765 23 1.03
59.765 25 0.00
59.765 30 0.00
59.765 B1 5324.58 5208.93 
59.765 B3 5368.04 5247.70 
59.765 120 13 04 50
59.765 244 0.35
59.77 22 -2.27
59.77 23 1.03
59.77 25 0.00
59.77 30 0.00
59.77 B1 5324.99 5212.59 
59.77 B3 5368.49 5251.48 
59.77 120 13 04 50
59.77 244 0.35
59.775 22 -2.25
59.775 23 1.03
59.775 25 0.00
59.775 30 0.00
59.775 B1 5325.35 5216.10 
59.775 B3 5368.89 5255.11 
59.775 120 13 04 50
59.775 244 0.35
59.78 22 -2.23
59.78 23 1.03
59.78 25 0.00
59.78 30 0.00
59.78 B1 5325.68 5219.50 
59.78 B3 5369.26 5258.62 
59.78 120 13 04 50
59.78 244 0.36
59.785 22 -2.22
59.785 23 1.03
59.785 25 0.00
59.785 30 0.00
59.785 B1 5327.34 5224.15 
59.785 B3 5370.83 5263.24 
59.785 120 13 04 50
59.785 244 0.36
59.79 22 -2.20
59.79 23 1.04
59.79 25 0.00
59.79 30 0.00
59.79 B1 5328.54 5228.23 
59.79 B3 5372.06 5267.42 
59.79 120 13 04 50
59.79 244 0.36
59.795 22 -2.18
59.795 23 1.05
59.795 25 0.00
59.795 30 0.00
59.795 B1 5329.47 5231.96 
59.795 B3 5373.07 5271.29 
59.795 120 13 04 50
59.795 244 0.36
59.8 22 -2.16
59.8 23 1.05
59.8 25 0.00
59.8 30 0.00
59.8 B1 5330.26 5235.45 
59.8 B3 5373.94 5274.94 
59.8 120 13 04 50
59.8 244 0.36
59.805 22 -2.14
59.805 23 1.05
59.805 25 0.00
59.805 30 0.00
59.805 B1 5330.95 5238.79 
59.805 B3 5374.72 5278.43 
59.805 120 13 04 50
59.805 244 0.36
59.81 22 -2.12
59.81 23 1.05
59.81 25 0.00
59.81 30 0.00
59.81 B1 5331.62 5242.02 
59.81 B3 5375.45 5281.79 
59.81 120 13 04 50
59.81 244 0.36
59.815 22 -2.10
59.815 23 1.06
59.815 25 0.00
59.815 30 0.00
59.815 B1 5332.27 5245.18 
59.815 B3 5376.16 5285.06 
59.815 120 13 04 50
59.815 244 0.36
59.82 22 -2.08
59.82 23 1.06
59.82 25 0.00
59.82 30 0.00
59.82 B1 5332.94 5248.27 
59.82 B3 5376.86 5288.25 
59.82 120 13 04 50
59.82 244 0.36
59.825 22 -2.05
59.825 23 1.06
59.825 25 0.00
59.825 30 0.00
59.825 B1 5333.62 5251.32 
59.825 B3 5377.56 5291.39 
59.825 120 13 04 50
59.825 244 0.36
59.83 22 -2.03
59.83 23 1.05
59.83 25 0.00
59.83 30 0.00
59.83 B1 5335.65 5255.64 
59.83 B3 5379.48 5295.66 
59.83 120 13 04 50
59.83 244 0.36
59.835 22 -2.01
59.835 23 1.06
59.835 25 0.00
59.835 30 0.00
59.835 B1 5337.22 5259.44 
59.835 B3 5381.07 5299.54 
59.835 120 13 04 50
59.835 244 0.36
59.84 22 -1.99
59.84 23 1.07
59.84 25 0.00
59.84 30 0.00
59.84 B1 5337.21 5261.58 
59.84 B3 5381.24 5301.94 
59.84 120 13 04 50
59.84 244 0.36
59.845 22 -1.96
59.845 23 1.06
59.845 25 0.00
59.845 30 0.00
59.845 B1 5338.83 5265.32 
59.845 B3 5382.82 5305.68 
59.845 120 13 04 50
59.845 244 0.36
59.85 22 -1.94
59.85 23 1.07
59.85 25 0.00
59.85 30 0.00
59.85 B1 5338.88 5267.40 
59.85 B3 5383.00 5307.97 
59.85 120 13 04 50
59.85 244 0.36
59.855 22 -1.92
59.855 23 1.06
59.855 25 0.00
59.855 30 0.00
59.855 B1 5339.24 5269.76 
59.855 B3 5383.40 5310.43 
59.855 120 13 04 50
59.855 244 0.36
59.86 22 -1.89
59.86 23 1.06
59.86 25 0.00
59.86 30 0.00
59.86 B1 5339.82 5272.29 
59.86 B3 5383.96 5313.00 
59.86 120 13 04 50
59.86 244 0.36
59.865 22 -1.87
59.865 23 1.06
59.865 25 0.00
59.865 30 0.00
59.865 B1 5341.86 5276.21 
59.865 B3 5385.83 5316.83 
59.865 120 13 04 50
59.865 244 0.36
59.87 22 -1.84
59.87 23 1.06
59.87 25 0.00
59.87 30 0.00
59.87 B1 5343.52 5279.70 
59.87 B3 5387.45 5320.34 
59.87 120 13 04 50
59.87 244 0.36
59.875 22 -1.82
59.875 23 1.07
59.875 25 0.00
59.875 30 0.00
59.875 B1 5344.96 5282.91 
59.875 B3 5388.89 5323.63 
59.875 120 13 04 50
59.875 244 0.36
59.88 22 -1.79
59.88 23 1.07
59.88 25 0.00
59.88 30 0.00
59.88 B1 5346.25 5285.93 
59.88 B3 5390.23 5326.76 
59.88 120 13 04 50
59.88 244 0.36
59.885 22 -1.77
59.885 23 1.07
59.885 25 0.00
59.885 30 0.00
59.885 B1 5347.48 5288.83 
59.885 B3 5391.50 5329.77 
59.885 120 13 04 50
59.885 244 0.37
59.89 22 -1.75
59.89 23 1.07
59.89 25 0.00
59.89 30 0.00
59.89 B1 5349.99 5292.97 
59.89 B3 5393.92 5333.89 
59.89 120 13 04 50
59.89 244 0.37
59.895 22 -1.72
59.895 23 1.08
59.895 25 0.00
59.895 30 0.00
59.895 B1 5352.01 5296.57 
59.895 B3 5395.97 5337.58 
59.895 120 13 04 50
59.895 244 0.37
59.9 22 -1.70
59.9 23 1.09
59.9 25 0.00
59.9 30 0.00
59.9 B1 5353.73 5299.81 
59.9 B3 5397.77 5340.98 
59.9 120 13 04 50
59.9 244 0.37
59.905 22 -1.67
59.905 23 1.09
59.905 25 0.00
59.905 30 0.00
59.905 B1 5355.27 5302.84 
59.905 B3 5399.41 5344.17 
59.905 120 13 04 50
59.905 244 0.37
59.91 22 -1.65
59.91 23 1.09
59.91 25 0.00
59.91 30 0.00
59.91 B1 5358.02 5307.05 
59.91 B3 5402.13 5348.40 
59.91 120 13 04 50
59.91 244 0.37
59.915 22 -1.63
59.915 23 1.10
59.915 25 0.00
59.915 30 0.00
59.915 B1 5358.92 5309.35 
59.915 B3 5403.24 5350.98 
59.915 120 13 04 50
59.915 244 0.37
59.92 22 -1.60
59.92 23 1.10
59.92 25 0.00
59.92 30 0.00
59.92 B1 5359.97 5311.77 
59.92 B3 5404.41 5353.58 
59.92 120 13 04 50
59.92 244 0.37
59.925 22 -1.58
59.925 23 1.10
59.925 25 0.00
59.925 30 0.00
59.925 B1 5361.13 5314.26 
59.925 B3 5405.62 5356.19 
59.925 120 13 04 50
59.925 244 0.37
59.93 22 -1.55
59.93 23 1.10
59.93 25 0.00
59.93 30 0.00
59.93 B1 5363.68 5318.11 
59.93 B3 5408.08 5360.00 
59.93 120 13 04 50
59.93 244 0.37
59.935 22 -1.53
59.935 23 1.11
59.935 25 0.00
59.935 30 0.00
59.935 B1 5365.80 5321.49 
59.935 B3 5410.22 5363.46 
59.935 120 13 04 50
59.935 244 0.37
59.94 22 -1.51
59.94 23 1.11
59.94 25 0.00
59.94 30 0.00
59.94 B1 5367.66 5324.56 
59.94 B3 5412.14 5366.66 
59.94 120 13 04 50
59.94 244 0.37
59.945 22 -1.48
59.945 23 1.11
59.945 25 0.00
59.945 30 0.00
59.945 B1 5369.36 5327.45 
59.945 B3 5413.93 5369.69 
59.945 120 13 04 50
59.945 244 0.37
59.95 22 -1.46
59.95 23 1.12
59.95 25 0.00
59.95 30 0.00
59.95 B1 5370.98 5330.22 
59.95 B3 5415.62 5372.58 
59.95 120 13 04 50
59.95 244 0.37
59.955 22 -1.44
59.955 23 1.12
59.955 25 -1.61
59.955 30 0.00
59.955 B1 5372.54 5332.90 
59.955 B3 5417.25 5375.39 
59.955 120 13 04 50
59.955 244 0.37
59.96 22 -2.65
59.96 23 1.09
59.96 25 -2.14
59.96 30 0.00
59.96 B1 5372.43 5333.86 
59.96 B3 5418.84 5378.12 
59.96 120 13 04 50
59.96 244 0.37
59.965 22 -3.02
59.965 23 1.06
59.965 25 -4.22
59.965 30 0.00
59.965 B1 5372.68 5333.96 
59.965 B3 5420.87 5380.28 
59.965 120 13 04 50
59.965 244 0.37
59.97 22 -4.68
59.97 23 0.90
59.97 25 -6.16
59.97 30 0.00
59.97 B1 5369.33 5329.25 
59.97 B3 5423.37 5381.86 
59.97 120 13 04 50
59.97 244 0.37
59.975 22 -6.11
59.975 23 0.67
59.975 25 -6.16
59.975 30 0.00
59.975 B1 5362.75 5318.91 
59.975 B3 5426.77 5382.27 
59.975 120 13 04 50
59.975 244 0.37
59.98 22 -5.96
59.98 23 0.64
59.98 25 -7.59
59.98 30 0.00
59.98 B1 5361.75 5311.34 
59.98 B3 5431.24 5381.13 
59.98 120 13 04 50
59.98 244 0.38
59.985 22 -6.84
59.985 23 0.44
59.985 25 -9.79
59.985 30 0.00
59.985 B1 5360.68 5301.97 
59.985 B3 5438.77 5381.32 
59.985 120 13 04 50
59.985 244 0.38
59.99 22 -7.92
59.99 23 0.13
59.99 25 -9.79
59.99 30 0.00
59.99 B1 5353.35 5284.29 
59.99 B3 5447.53 5380.79 
59.99 120 13 04 50
59.99 244 0.38
59.995 22 -7.81
59.995 23 0.10
59.995 25 -10.44
59.995 30 0.00
59.995 B1 5353.04 5271.61 
59.995 B3 5456.20 5377.92 
59.995 120 13 04 50
59.995 244 0.38
60 22 -7.99
60 23 0.00
60 25 -10.44
60 30 0.00
60 B1 5353.24 5258.19 
60 B3 5464.73 5373.43 
60 120 13 04 50
60 244 0.38
60.005 22 -7.90
60.005 23 -0.02
60.005 25 -11.74
60.005 30 0.00
60.005 B1 5357.62 5248.15 
60.005 B3 5473.18 5367.69 
60.005 120 13 04 50
60.005 244 0.39
60.01 22 -8.27
60.01 23 -0.18
60.01 25 -11.74
60.01 30 0.00
60.01 B1 5357.91 5233.37 
60.01 B3 5482.69 5362.30 
60.01 120 13 04 50
60.01 244 0.39
60.015 22 -8.22
60.015 23 -0.21
60.015 25 -11.87
60.015 30 0.00
60.015 B1 5362.46 5222.46 
60.015 B3 5491.83 5355.73 
60.015 120 13 04 50
60.015 244 0.39
60.02 22 -8.21
60.02 23 -0.23
60.02 25 -11.87
60.02 30 0.00
60.02 B1 5370.10 5214.42 
60.02 B3 5501.82 5349.56 
60.02 120 13 04 50
60.02 244 0.39
60.025 22 -8.16
60.025 23 -0.22
60.025 25 -11.87
60.025 30 0.00
60.025 B1 5377.80 5206.35 
60.025 B3 5510.01 5341.30 
60.025 120 13 04 50
60.025 244 0.39
60.03 22 -8.12
60.03 23 -0.22
60.03 25 -11.87
60.03 30 0.00
60.03 B1 5388.09 5200.90 
60.03 B3 5519.27 5334.02 
60.03 120 13 04 50
60.03 244 0.39
60.035 22 -8.08
60.035 23 -0.20
60.035 25 -11.87
60.035 30 0.00
60.035 B1 5398.59 5195.77 
60.035 B3 5528.06 5326.29 
60.035 120 13 04 50
60.035 244 0.39
60.04 22 -8.03
60.04 23 -0.18
60.04 25 -11.87
60.04 30 0.00
60.04 B1 5409.15 5190.84 
60.04 B3 5536.47 5318.31 
60.04 120 13 04 50
60.04 244 0.39
60.045 22 -8.00
60.045 23 -0.17
60.045 25 -11.87
60.045 30 0.00
60.045 B1 5420.97 5187.38 
60.045 B3 5545.78 5311.44 
60.045 120 13 04 50
60.045 244 0.39
60.05 22 -7.96
60.05 23 -0.14
60.05 25 -11.87
60.05 30 0.00
60.05 B1 5432.18 5183.53 
60.05 B3 5554.51 5304.19 
60.05 120 13 04 50
60.05 244 0.39
60.055 22 -7.93
60.055 23 -0.12
60.055 25 -11.87
60.055 30 0.00
60.055 B1 5442.92 5179.46 
60.055 B3 5562.79 5296.78 
60.055 120 13 04 50
60.055 244 0.39
60.06 22 -7.90
60.06 23 -0.10
60.06 25 -11.87
60.06 30 0.00
60.06 B1 5453.25 5175.28 
60.06 B3 5570.71 5289.32 
60.06 120 13 04 50
60.06 244 0.39
60.065 22 -7.87
60.065 23 -0.08
60.065 25 -11.87
60.065 30 0.00
60.065 B1 5463.22 5171.07 
60.065 B3 5578.33 5281.92 
60.065 120 13 04 50
60.065 244 0.39
60.07 22 -7.84
60.07 23 -0.06
60.07 25 -11.87
60.07 30 0.00
60.07 B1 5472.86 5166.87 
60.07 B3 5585.71 5274.62 
60.07 120 13 04 50
60.07 244 0.39
60.075 22 -7.82
60.075 23 -0.05
60.075 25 -11.87
60.075 30 0.00
60.075 B1 5482.21 5162.70 
60.075 B3 5592.87 5267.47 
60.075 120 13 04 50
60.075 244 0.40
60.08 22 -7.81
60.08 23 -0.03
60.08 25 -11.87
60.08 30 0.00
60.08 B1 5492.57 5159.90 
60.08 B3 5601.03 5261.69 
60.08 120 13 04 50
60.08 244 0.40
60.085 22 -7.80
60.085 23 -0.01
60.085 25 -11.73
60.085 30 0.00
60.085 B1 5502.20 5156.64 
60.085 B3 5608.68 5255.74 
60.085 120 13 04 50
60.085 244 0.40
60.09 22 -7.71
60.09 23 0.04
60.09 25 -11.73
60.09 30 0.00
60.09 B1 5511.92 5153.82 
60.09 B3 5615.93 5249.74 
60.09 120 13 04 50
60.09 244 0.40
60.095 22 -7.71
60.095 23 0.06
60.095 25 -11.73
60.095 30 0.00
60.095 B1 5520.90 5150.64 
60.095 B3 5622.84 5243.83 
60.095 120 13 04 50
60.095 244 0.40
60.1 22 -7.71
60.1 23 0.07
60.1 25 -11.73
60.1 30 0.00
60.1 B1 5529.32 5147.27 
60.1 B3 5629.47 5238.05 
60.1 120 13 04 50
60.1 244 0.40
60.105 22 -7.72
60.105 23 0.09
60.105 25 -11.73
60.105 30 0.00
60.105 B1 5537.30 5143.83 
60.105 B3 5635.85 5232.42 
60.105 120 13 04 50
60.105 244 0.40
60.11 22 -7.73
60.11 23 0.10
60.11 25 -11.73
60.11 30 0.00
60.11 B1 5544.91 5140.37 
60.11 B3 5642.03 5226.97 
60.11 120 13 04 50
60.11 244 0.40
60.115 22 -7.74
60.115 23 0.11
60.115 25 -11.60
60.115 30 0.00
60.115 B1 5552.18 5136.92 
60.115 B3 5648.02 5221.69 
60.115 120 13 04 50
60.115 244 0.40
60.12 22 -7.68
60.12 23 0.14
60.12 25 -11.60
60.12 30 0.00
60.12 B1 5561.11 5135.46 
60.12 B3 5655.04 5217.79 
60.12 120 13 04 50
60.12 244 0.40
60.125 22 -7.70
60.125 23 0.16
60.125 25 -11.47
60.125 30 0.00
60.125 B1 5569.06 5133.32 
60.125 B3 5661.54 5213.75 
60.125 120 13 04 50
60.125 244 0.40
60.13 22 -7.64
60.13 23 0.20
60.13 25 -11.47
60.13 30 0.00
60.13 B1 5576.90 5131.40 
60.13 B3 5667.66 5209.67 
60.13 120 13 04 50
60.13 244 0.40
60.135 22 -7.67
60.135 23 0.22
60.135 25 -11.34
60.135 30 0.00
60.135 B1 5583.95 5129.08 
60.135 B3 5673.44 5205.67 
60.135 120 13 04 50
60.135 244 0.40
60.14 22 -7.62
60.14 23 0.25
60.14 25 -11.21
60.14 30 0.00
60.14 B1 5591.00 5127.11 
60.14 B3 5678.95 5201.77 
60.14 120 13 04 50
60.14 244 0.40
60.145 22 -7.57
60.145 23 0.29
60.145 25 -10.95
60.145 30 0.00
60.145 B1 5597.93 5125.41 
60.145 B3 5684.20 5198.04 
60.145 120 13 04 50
60.145 244 0.41
60.15 22 -7.43
60.15 23 0.34
60.15 25 -10.82
60.15 30 0.00
60.15 B1 5606.52 5125.78 
60.15 B3 5690.43 5195.73 
60.15 120 13 04 50
60.15 244 0.40
60.155 22 -7.38
60.155 23 0.39
60.155 25 -10.82
60.155 30 0.00
60.155 B1 5612.86 5124.31 
60.155 B3 5694.89 5192.14 
60.155 120 13 04 50
60.155 244 0.40
60.16 22 -7.44
60.16 23 0.39
60.16 25 -10.43
60.16 30 0.00
60.16 B1 5618.41 5122.57 
60.16 B3 5699.23 5188.96 
60.16 120 13 04 50
60.16 244 0.40
60.165 22 -7.21
60.165 23 0.47
60.165 25 -9.91
60.165 30 0.00
60.165 B1 5624.93 5122.22 
60.165 B3 5703.45 5186.10 
60.165 120 13 04 50
60.165 244 0.40
60.17 22 -6.87
60.17 23 0.57
60.17 25 -9.91
60.17 30 0.00
60.17 B1 5632.27 5123.20 
60.17 B3 5707.49 5183.66 
60.17 120 13 04 50
60.17 244 0.40
60.175 22 -6.95
60.175 23 0.57
60.175 25 -9.78
60.175 30 0.00
60.175 B1 5638.02 5123.32 
60.175 B3 5711.28 5181.75 
60.175 120 13 04 50
60.175 244 0.40
60.18 22 -6.93
60.18 23 0.60
60.18 25 -9.78
60.18 30 0.00
60.18 B1 5643.14 5123.39 
60.18 B3 5714.88 5180.22 
60.18 120 13 04 50
60.18 244 0.40
60.185 22 -7.01
60.185 23 0.60
60.185 25 -9.39
60.185 30 0.00
60.185 B1 5647.33 5123.02 
60.185 B3 5718.29 5179.02 
60.185 120 13 04 50
60.185 244 0.40
60.19 22 -6.78
60.19 23 0.67
60.19 25 -9.00
60.19 30 0.00
60.19 B1 5652.20 5123.70 
60.19 B3 5721.55 5178.06 
60.19 120 13 04 50
60.19 244 0.40
60.195 22 -6.56
60.195 23 0.74
60.195 25 -9.00
60.195 30 0.00
60.195 B1 5657.28 5125.07 
60.195 B3 5724.61 5177.43 
60.195 120 13 04 50
60.195 244 0.40
60.2 22 -6.65
60.2 23 0.74
60.2 25 -8.48
60.2 30 0.00
60.2 B1 5661.09 5125.83 
60.2 B3 5727.43 5177.22 
60.2 120 13 04 50
60.2 244 0.40
60.205 22 -6.32
60.205 23 0.82
60.205 25 -7.83
60.205 30 0.00
60.205 B1 5665.61 5127.71 
60.205 B3 5730.07 5177.28 
60.205 120 13 04 50
60.205 244 0.40
60.21 22 -5.89
60.21 23 0.91
60.21 25 -6.53
60.21 30 0.00
60.21 B1 5670.59 5130.65 
60.21 B3 5732.45 5177.77 
60.21 120 13 04 50
60.21 244 0.40
60.215 22 -4.94
60.215 23 1.08
60.215 25 -6.53
60.215 30 0.00
60.215 B1 5676.71 5135.48 
60.215 B3 5734.50 5178.80 
60.215 120 13 04 50
60.215 244 0.40
60.22 22 -5.09
60.22 23 1.08
60.22 25 -6.53
60.22 30 0.00
60.22 B1 5680.32 5139.40 
60.22 B3 5735.99 5180.76 
60.22 120 13 04 50
60.22 244 0.40
60.225 22 -5.23
60.225 23 1.08
60.225 25 -6.53
60.225 30 0.00
60.225 B1 5682.30 5142.74 
60.225 B3 5737.10 5183.32 
60.225 120 13 04 50
60.225 244 0.40
60.23 22 -5.36
60.23 23 1.08
60.23 25 -5.23
60.23 30 0.00
60.23 B1 5683.24 5145.70 
60.23 B3 5737.94 5186.24 
60.23 120 13 04 50
60.23 244 0.40
60.235 22 -4.44
60.235 23 1.20
60.235 25 -4.59
60.235 30 0.00
60.235 B1 5685.70 5150.39 
60.235 B3 5738.60 5189.38 
60.235 120 13 04 50
60.235 244 0.40
60.24 22 -4.08
60.24 23 1.25
60.24 25 -3.94
60.24 30 0.00
60.24 B1 5686.04 5154.06 
60.24 B3 5737.62 5191.95 
60.24 120 13 04 50
60.24 244 0.40
60.245 22 -3.74
60.245 23 1.28
60.245 25 -3.55
60.245 30 0.00
60.245 B1 5687.26 5159.83 
60.245 B3 5737.70 5196.72 
60.245 120 13 04 50
60.245 244 0.40
60.25 22 -3.61
60.25 23 1.30
60.25 25 -3.55
60.25 30 0.00
60.25 B1 5685.97 5164.20 
60.25 B3 5736.02 5200.78 
60.25 120 13 04 50
60.25 244 0.40
60.255 22 -3.75
60.255 23 1.29
60.255 25 -2.12
60.255 30 0.00
60.255 B1 5684.05 5168.97 
60.255 B3 5734.19 5205.61 
60.255 120 13 04 50
60.255 244 0.40
60.26 22 -2.92
60.26 23 1.33
60.26 25 -1.73
60.26 30 0.00
60.26 B1 5683.52 5175.50 
60.26 B3 5733.48 5212.12 
60.26 120 13 04 50
60.26 244 0.41
60.265 22 -2.80
60.265 23 1.34
60.265 25 -1.47
60.265 30 0.00
60.265 B1 5683.12 5183.34 
60.265 B3 5733.26 5220.17 
60.265 120 13 04 50
60.265 244 0.40
60.27 22 -2.77
60.27 23 1.35
60.27 25 0.00
60.27 30 0.00
60.27 B1 5680.14 5189.47 
60.27 B3 5730.95 5226.94 
60.27 120 13 04 50
60.27 244 0.40
60.275 22 -1.83
60.275 23 1.35
60.275 25 0.00
60.275 30 0.00
60.275 B1 5675.92 5194.96 
60.275 B3 5728.31 5234.03 
60.275 120 13 04 50
60.275 244 0.40
60.28 22 -2.01
60.28 23 1.34
60.28 25 0.00
60.28 30 0.00
60.28 B1 5671.51 5201.73 
60.28 B3 5725.05 5241.75 
60.28 120 13 04 50
60.28 244 0.40
60.285 22 -2.17
60.285 23 1.34
60.285 25 0.00
60.285 30 0.00
60.285 B1 5667.04 5209.21 
60.285 B3 5721.40 5249.80 
60.285 120 13 04 50
60.285 244 0.40
60.29 22 -2.32
60.29 23 1.34
60.29 25 0.00
60.29 30 0.00
60.29 B1 5662.60 5217.02 
60.29 B3 5717.53 5258.01 
60.29 120 13 04 50
60.29 244 0.41
60.295 22 -2.45
60.295 23 1.33
60.295 25 0.00
60.295 30 0.00
60.295 B1 5659.58 5226.27 
60.295 B3 5714.74 5267.44 
60.295 120 13 04 50
60.295 244 0.41
60.3 22 -2.58
60.3 23 1.34
60.3 25 0.00
60.3 30 0.00
60.3 B1 5656.22 5235.03 
60.3 B3 5711.60 5276.48 
60.3 120 13 04 50
60.3 244 0.41
60.305 22 -2.69
60.305 23 1.35
60.305 25 0.00
60.305 30 0.00
60.305 B1 5652.71 5243.41 
60.305 B3 5708.27 5285.17 
60.305 120 13 04 50
60.305 244 0.40
60.31 22 -2.79
60.31 23 1.35
60.31 25 0.00
60.31 30 0.00
60.31 B1 5647.85 5250.16 
60.31 B3 5703.65 5292.37 
60.31 120 13 04 50
60.31 244 0.40
60.315 22 -2.88
60.315 23 1.35
60.315 25 0.00
60.315 30 0.00
60.315 B1 5643.48 5257.17 
60.315 B3 5699.35 5299.68 
60.315 120 13 04 50
60.315 244 0.40
60.32 22 -2.97
60.32 23 1.34
60.32 25 0.00
60.32 30 0.00
60.32 B1 5639.50 5264.26 
60.32 B3 5695.32 5307.00 
60.32 120 13 04 50
60.32 244 0.40
60.325 22 -3.04
60.325 23 1.34
60.325 25 0.00
60.325 30 0.00
60.325 B1 5635.81 5271.35 
60.325 B3 5691.54 5314.27 
60.325 120 13 04 50
60.325 244 0.41
60.33 22 -3.11
60.33 23 1.33
60.33 25 0.00
60.33 30 0.00
60.33 B1 5633.70 5279.70 
60.33 B3 5689.16 5322.66 
60.33 120 13 04 50
60.33 244 0.41
60.335 22 -3.17
60.335 23 1.34
60.335 25 0.00
60.335 30 0.00
60.335 B1 5631.33 5287.46 
60.335 B3 5686.66 5330.59 
60.335 120 13 04 50
60.335 244 0.41
60.34 22 -3.23
60.34 23 1.35
60.34 25 0.00
60.34 30 0.00
60.34 B1 5628.85 5294.81 
60.34 B3 5684.11 5338.17 
60.34 120 13 04 50
60.34 244 0.41
60.345 22 -3.28
60.345 23 1.35
60.345 25 0.00
60.345 30 0.00
60.345 B1 5626.36 5301.87 
60.345 B3 5681.57 5345.46 
60.345 120 13 04 50
60.345 244 0.41
60.35 22 -3.33
60.35 23 1.35
60.35 25 0.00
60.35 30 0.00
60.35 B1 5623.91 5308.69 
60.35 B3 5679.07 5352.50 
60.35 120 13 04 50
60.35 244 0.41
60.355 22 -3.37
60.355 23 1.35
60.355 25 0.00
60.355 30 0.00
60.355 B1 5622.85 5316.64 
60.355 B3 5677.85 5360.53 
60.355 120 13 04 50
60.355 244 0.41
60.36 22 -3.41
60.36 23 1.36
60.36 25 0.00
60.36 30 0.00
60.36 B1 5620.11 5322.62 
60.36 B3 5675.19 5366.83 
60.36 120 13 04 50
60.36 244 0.41
60.365 22 -3.44
60.365 23 1.36
60.365 25 0.00
60.365 30 0.00
60.365 B1 5617.64 5328.63 
60.365 B3 5672.73 5373.07 
60.365 120 13 04 50
60.365 244 0.41
60.37 22 -3.47
60.37 23 1.35
60.37 25 0.00
60.37 30 0.00
60.37 B1 5615.40 5334.64 
60.37 B3 5670.46 5379.25 
60.37 120 13 04 50
60.37 244 0.41
60.375 22 -3.50
60.375 23 1.35
60.375 25 0.00
60.375 30 0.00
60.375 B1 5613.34 5340.59 
60.375 B3 5668.35 5385.33 
60.375 120 13 04 50
60.375 244 0.41
60.38 22 -3.52
60.38 23 1.35
60.38 25 0.00
60.38 30 0.00
60.38 B1 5611.45 5346.47 
60.38 B3 5666.40 5391.32 
60.38 120 13 04 50
60.38 244 0.41
60.385 22 -3.54
60.385 23 1.35
60.385 25 0.00
60.385 30 0.00
60.385 B1 5611.03 5353.59 
60.385 B3 5665.79 5398.41 
60.385 120 13 04 50
60.385 244 0.41
60.39 22 -3.55
60.39 23 1.36
60.39 25 0.00
60.39 30 0.00
60.39 B1 5610.29 5360.13 
60.39 B3 5664.98 5405.05 
60.39 120 13 04 50
60.39 244 0.41
60.395 22 -3.56
60.395 23 1.36
60.395 25 0.00
60.395 30 0.00
60.395 B1 5609.37 5366.28 
60.395 B3 5664.06 5411.35 
60.395 120 13 04 50
60.395 244 0.41
60.4 22 -3.57
60.4 23 1.36
60.4 25 0.00
60.4 30 0.00
60.4 B1 5608.40 5372.15 
60.4 B3 5663.10 5417.38 
60.4 120 13 04 50
60.4 244 0.41
60.405 22 -3.58
60.405 23 1.37
60.405 25 0.00
60.405 30 0.00
60.405 B1 5607.41 5377.82 
60.405 B3 5662.14 5423.21 
60.405 120 13 04 50
60.405 244 0.41
60.41 22 -3.58
60.41 23 1.37
60.41 25 0.00
60.41 30 0.00
60.41 B1 5606.46 5383.34 
60.41 B3 5661.21 5428.86 
60.41 120 13 04 50
60.41 244 0.41
60.415 22 -3.58
60.415 23 1.37
60.415 25 0.00
60.415 30 0.00
60.415 B1 5605.57 5388.72 
60.415 B3 5660.33 5434.37 
60.415 120 13 04 50
60.415 244 0.41
60.42 22 -3.57
60.42 23 1.37
60.42 25 0.00
60.42 30 0.00
60.42 B1 5604.75 5394.00 
60.42 B3 5659.51 5439.76 
60.42 120 13 04 50
60.42 244 0.41
60.425 22 -3.56
60.425 23 1.37
60.425 25 0.00
60.425 30 0.00
60.425 B1 5605.34 5400.51 
60.425 B3 5659.96 5446.23 
60.425 120 13 04 50
60.425 244 0.41
60.43 22 -3.55
60.43 23 1.37
60.43 25 0.00
60.43 30 0.00
60.43 B1 5604.22 5405.12 
60.43 B3 5658.95 5451.06 
60.43 120 13 04 50
60.43 244 0.41
60.435 22 -3.54
60.435 23 1.37
60.435 25 0.00
60.435 30 0.00
60.435 B1 5603.35 5409.83 
60.435 B3 5658.12 5455.92 
60.435 120 13 04 50
60.435 244 0.41
60.44 22 -3.53
60.44 23 1.37
60.44 25 0.00
60.44 30 0.00
60.44 B1 5602.67 5414.59 
60.44 B3 5657.43 5460.76 
60.44 120 13 04 50
60.44 244 0.41
60.445 22 -3.51
60.445 23 1.37
60.445 25 0.00
60.445 30 0.00
60.445 B1 5602.15 5419.35 
60.445 B3 5656.87 5465.58 
60.445 120 13 04 50
60.445 244 0.41
60.45 22 -3.49
60.45 23 1.36
60.45 25 0.00
60.45 30 0.00
60.45 B1 5601.75 5424.08 
60.45 B3 5656.42 5470.36 
60.45 120 13 04 50
60.45 244 0.41
60.455 22 -3.47
60.455 23 1.36
60.455 25 0.00
60.455 30 0.00
60.455 B1 5601.45 5428.78 
60.455 B3 5656.07 5475.11 
60.455 120 13 04 50
60.455 244 0.41
60.46 22 -3.45
60.46 23 1.36
60.46 25 0.00
60.46 30 0.00
60.46 B1 5601.25 5433.43 
60.46 B3 5655.81 5479.80 
60.46 120 13 04 50
60.46 244 0.41
60.465 22 -3.42
60.465 23 1.36
60.465 25 0.00
60.465 30 0.00
60.465 B1 5601.14 5438.02 
60.465 B3 5655.64 5484.45 
60.465 120 13 04 50
60.465 244 0.41
60.47 22 -3.40
60.47 23 1.36
60.47 25 0.00
60.47 30 0.00
60.47 B1 5601.11 5442.57 
60.47 B3 5655.54 5489.04 
60.47 120 13 04 50
60.47 244 0.41
60.475 22 -3.37
60.475 23 1.36
60.475 25 0.00
60.475 30 0.00
60.475 B1 5601.15 5447.07 
60.475 B3 5655.52 5493.59 
60.475 120 13 04 50
60.475 244 0.41
60.48 22 -3.34
60.48 23 1.36
60.48 25 0.00
60.48 30 0.00
60.48 B1 5601.26 5451.51 
60.48 B3 5655.57 5498.09 
60.48 120 13 04 50
60.48 244 0.41
60.485 22 -3.32
60.485 23 1.36
60.485 25 0.00
60.485 30 0.00
60.485 B1 5601.44 5455.90 
60.485 B3 5655.68 5502.53 
60.485 120 13 04 50
60.485 244 0.41
60.49 22 -3.28
60.49 23 1.36
60.49 25 0.00
60.49 30 0.00
60.49 B1 5601.68 5460.25 
60.49 B3 5655.87 5506.93 
60.49 120 13 04 50
60.49 244 0.41
60.495 22 -3.25
60.495 23 1.35
60.495 25 0.00
60.495 30 0.00
60.495 B1 5601.99 5464.54 
60.495 B3 5656.11 5511.28 
60.495 120 13 04 50
60.495 244 0.41
60.5 22 -3.22
60.5 23 1.35
60.5 25 0.00
60.5 30 0.00
60.5 B1 5601.04 5467.47 
60.5 B3 5655.22 5514.39 
60.5 120 13 04 50
60.5 244 0.41
60.505 22 -3.19
60.505 23 1.34
60.505 25 0.00
60.505 30 0.00
60.505 B1 5601.93 5472.15 
60.505 B3 5655.92 5518.99 
60.505 120 13 04 50
60.505 244 0.41
60.51 22 -3.15
60.51 23 1.35
60.51 25 0.00
60.51 30 0.00
60.51 B1 5602.71 5476.60 
60.51 B3 5656.57 5523.45 
60.51 120 13 04 50
60.51 244 0.41
60.515 22 -3.12
60.515 23 1.35
60.515 25 0.00
60.515 30 0.00
60.515 B1 5602.11 5479.57 
60.515 B3 5656.02 5526.59 
60.515 120 13 04 50
60.515 244 0.41
60.52 22 -3.08
60.52 23 1.34
60.52 25 0.00
60.52 30 0.00
60.52 B1 5601.97 5482.91 
60.52 B3 5655.80 5529.99 
60.52 120 13 04 50
60.52 244 0.41
60.525 22 -3.05
60.525 23 1.33
60.525 25 0.00
60.525 30 0.00
60.525 B1 5602.13 5486.46 
60.525 B3 5655.83 5533.54 
60.525 120 13 04 50
60.525 244 0.41
60.53 22 -3.01
60.53 23 1.33
60.53 25 0.00
60.53 30 0.00
60.53 B1 5603.82 5491.45 
60.53 B3 5657.26 5538.40 
60.53 120 13 04 50
60.53 244 0.41
60.535 22 -2.98
60.535 23 1.33
60.535 25 0.00
60.535 30 0.00
60.535 B1 5605.19 5496.01 
60.535 B3 5658.50 5542.97 
60.535 120 13 04 50
60.535 244 0.41
60.54 22 -2.94
60.54 23 1.34
60.54 25 0.00
60.54 30 0.00
60.54 B1 5606.39 5500.30 
60.54 B3 5659.63 5547.33 
60.54 120 13 04 50
60.54 244 0.41
60.545 22 -2.90
60.545 23 1.34
60.545 25 0.00
60.545 30 0.00
60.545 B1 5607.49 5504.41 
60.545 B3 5660.69 5551.53 
60.545 120 13 04 50
60.545 244 0.41
60.55 22 -2.87
60.55 23 1.34
60.55 25 0.00
60.55 30 0.00
60.55 B1 5609.86 5509.70 
60.55 B3 5662.91 5556.81 
60.55 120 13 04 50
60.55 244 0.41
60.555 22 -2.83
60.555 23 1.35
60.555 25 0.00
60.555 30 0.00
60.555 B1 5611.76 5514.42 
60.555 B3 5664.79 5561.66 
60.555 120 13 04 50
60.555 244 0.41
60.56 22 -2.79
60.56 23 1.36
60.56 25 0.00
60.56 30 0.00
60.56 B1 5613.37 5518.78 
60.56 B3 5666.44 5566.18 
60.56 120 13 04 50
60.56 244 0.41
60.565 22 -2.75
60.565 23 1.36
60.565 25 0.00
60.565 30 0.00
60.565 B1 5614.81 5522.89 
60.565 B3 5667.93 5570.47 
60.565 120 13 04 50
60.565 244 0.41
60.57 22 -2.71
60.57 23 1.36
60.57 25 0.00
60.57 30 0.00
60.57 B1 5616.15 5526.83 
60.57 B3 5669.33 5574.60 
60.57 120 13 04 50
60.57 244 0.42
60.575 22 -2.68
60.575 23 1.36
60.575 25 0.00
60.575 30 0.00
60.575 B1 5618.77 5531.98 
60.575 B3 5671.87 5579.79 
60.575 120 13 04 50
60.575 244 0.42
60.58 22 -2.64
60.58 23 1.37
60.58 25 0.00
60.58 30 0.00
60.58 B1 5620.91 5536.57 
60.58 B3 5674.04 5584.54 
60.58 120 13 04 50
60.58 244 0.41
60.585 22 -2.60
60.585 23 1.38
60.585 25 0.00
60.585 30 0.00
60.585 B1 5621.45 5539.48 
60.585 B3 5674.77 5587.77 
60.585 120 13 04 50
60.585 244 0.42
60.59 22 -2.56
60.59 23 1.37
60.59 25 0.00
60.59 30 0.00
60.59 B1 5623.58 5543.93 
60.59 B3 5676.87 5592.32 
60.59 120 13 04 50
60.59 244 0.42
60.595 22 -2.53
60.595 23 1.38
60.595 25 0.00
60.595 30 0.00
60.595 B1 5626.78 5549.38 
60.595 B3 5679.97 5597.78 
60.595 120 13 04 50
60.595 244 0.42
60.6 22 -2.49
60.6 23 1.39
60.6 25 0.00
60.6 30 0.00
60.6 B1 5628.04 5552.82 
60.6 B3 5681.40 5601.50 
60.6 120 13 04 50
60.6 244 0.42
60.605 22 -2.45
60.605 23 1.39
60.605 25 -0.45
60.605 30 0.00
60.605 B1 5629.38 5556.27 
60.605 B3 5682.84 5605.18 
60.605 120 13 04 50
60.605 244 0.42
60.61 22 -2.76
60.61 23 1.38
60.61 25 -0.45
60.61 30 0.00
60.61 B1 5631.64 5560.59 
60.61 B3 5685.50 5610.01 
60.61 120 13 04 50
60.61 244 0.42
60.615 22 -2.72
60.615 23 1.39
60.615 25 -0.71
60.615 30 0.00
60.615 B1 5633.83 5564.43 
60.615 B3 5687.97 5614.33 
60.615 120 13 04 50
60.615 244 0.42
60.62 22 -2.88
60.62 23 1.39
60.62 25 -1.09
60.62 30 0.00
60.62 B1 5635.66 5567.65 
60.62 B3 5690.33 5618.27 
60.62 120 13 04 50
60.62 244 0.42
60.625 22 -3.14
60.625 23 1.38
60.625 25 -1.48
60.625 30 0.00
60.625 B1 5637.14 5570.15 
60.625 B3 5692.69 5621.86 
60.625 120 13 04 50
60.625 244 0.42
60.63 22 -3.40
60.63 23 1.37
60.63 25 -1.48
60.63 30 0.00
60.63 B1 5638.48 5571.97 
60.63 B3 5695.16 5625.07 
60.63 120 13 04 50
60.63 244 0.42
60.635 22 -3.34
60.635 23 1.36
60.635 25 -1.48
60.635 30 0.00
60.635 B1 5640.49 5573.83 
60.635 B3 5697.82 5627.88 
60.635 120 13 04 50
60.635 244 0.42
60.64 22 -3.27
60.64 23 1.36
60.64 25 -1.61
60.64 30 0.00
60.64 B1 5642.93 5575.71 
60.64 B3 5700.62 5630.41 
60.64 120 13 04 50
60.64 244 0.42
60.645 22 -3.32
60.645 23 1.36
60.645 25 -1.61
60.645 30 0.00
60.645 B1 5644.08 5576.09 
60.645 B3 5702.31 5631.55 
60.645 120 13 04 50
60.645 244 0.42
60.65 22 -3.26
60.65 23 1.35
60.65 25 -1.61
60.65 30 0.00
60.65 B1 5645.99 5576.99 
60.65 B3 5704.42 5632.85 
60.65 120 13 04 50
60.65 244 0.42
60.655 22 -3.20
60.655 23 1.34
60.655 25 -1.61
60.655 30 0.00
60.655 B1 5649.69 5579.55 
60.655 B3 5708.02 5635.47 
60.655 120 13 04 50
60.655 244 0.42
60.66 22 -3.15
60.66 23 1.35
60.66 25 -1.61
60.66 30 0.00
60.66 B1 5653.23 5581.86 
60.66 B3 5711.49 5637.84 
60.66 120 13 04 50
60.66 244 0.42
60.665 22 -3.10
60.665 23 1.35
60.665 25 -1.74
60.665 30 0.00
60.665 B1 5656.64 5584.02 
60.665 B3 5714.86 5640.03 
60.665 120 13 04 50
60.665 244 0.42
60.67 22 -3.15
60.67 23 1.35
60.67 25 -1.74
60.67 30 0.00
60.67 B1 5658.45 5584.56 
60.67 B3 5716.96 5640.92 
60.67 120 13 04 50
60.67 244 0.42
60.675 22 -3.10
60.675 23 1.34
60.675 25 -1.74
60.675 30 0.00
60.675 B1 5660.78 5585.55 
60.675 B3 5719.37 5642.04 
60.675 120 13 04 50
60.675 244 0.42
60.68 22 -3.05
60.68 23 1.33
60.68 25 -1.61
60.68 30 0.00
60.68 B1 5663.43 5586.84 
60.68 B3 5721.99 5643.31 
60.68 120 13 04 50
60.68 244 0.42
60.685 22 -2.90
60.685 23 1.34
60.685 25 -1.61
60.685 30 0.00
60.685 B1 5667.79 5589.83 
60.685 B3 5725.95 5645.91 
60.685 120 13 04 50
60.685 244 0.42
60.69 22 -2.86
60.69 23 1.34
60.69 25 -1.74
60.69 30 0.00
60.69 B1 5670.37 5591.14 
60.69 B3 5728.43 5647.11 
60.69 120 13 04 50
60.69 244 0.41
60.695 22 -2.92
60.695 23 1.33
60.695 25 -1.74
60.695 30 0.00
60.695 B1 5671.59 5591.18 
60.695 B3 5729.85 5647.31 
60.695 120 13 04 50
60.695 244 0.41
60.7 22 -2.88
60.7 23 1.32
60.7 25 -1.61
60.7 30 0.00
60.7 B1 5673.48 5591.87 
60.7 B3 5731.72 5647.97 
60.7 120 13 04 50
60.7 244 0.41
60.705 22 -2.74
60.705 23 1.32
60.705 25 -1.74
60.705 30 0.00
60.705 B1 5675.96 5593.17 
60.705 B3 5733.90 5648.94 
60.705 120 13 04 50
60.705 244 0.41
60.71 22 -2.81
60.71 23 1.31
60.71 25 -1.74
60.71 30 0.00
60.71 B1 5678.41 5594.54 
60.71 B3 5736.26 5650.18 
60.71 120 13 04 50
60.71 244 0.41
60.715 22 -2.77
60.715 23 1.31
60.715 25 -1.74
60.715 30 0.00
60.715 B1 5681.06 5596.08 
60.715 B3 5738.79 5651.59 
60.715 120 13 04 50
60.715 244 0.41
60.72 22 -2.74
60.72 23 1.30
60.72 25 -1.74
60.72 30 0.00
60.72 B1 5683.82 5597.75 
60.72 B3 5741.41 5653.10 
60.72 120 13 04 50
60.72 244 0.41
60.725 22 -2.71
60.725 23 1.30
60.725 25 -1.62
60.725 30 0.00
60.725 B1 5686.65 5599.50 
60.725 B3 5744.12 5654.71 
60.725 120 13 04 50
60.725 244 0.42
60.73 22 -2.57
60.73 23 1.30
60.73 25 -1.62
60.73 30 0.00
60.73 B1 5691.01 5602.79 
60.73 B3 5748.06 5657.57 
60.73 120 13 04 50
60.73 244 0.42
60.735 22 -2.55
60.735 23 1.31
60.735 25 -1.62
60.735 30 0.00
60.735 B1 5694.82 5605.64 
60.735 B3 5751.67 5660.20 
60.735 120 13 04 50
60.735 244 0.42
60.74 22 -2.52
60.74 23 1.32
60.74 25 -1.62
60.74 30 0.00
60.74 B1 5698.27 5608.22 
60.74 B3 5755.03 5662.66 
60.74 120 13 04 50
60.74 244 0.41
60.745 22 -2.50
60.745 23 1.32
60.745 25 -1.62
60.745 30 0.00
60.745 B1 5700.17 5609.30 
60.745 B3 5757.02 5663.80 
60.745 120 13 04 50
60.745 244 0.41
60.75 22 -2.47
60.75 23 1.32
60.75 25 -1.74
60.75 30 0.00
60.75 B1 5702.36 5610.75 
60.75 B3 5759.22 5665.22 
60.75 120 13 04 50
60.75 244 0.41
60.755 22 -2.55
60.755 23 1.31
60.755 25 -1.74
60.755 30 0.00
60.755 B1 5704.59 5612.27 
60.755 B3 5761.55 5666.82 
60.755 120 13 04 50
60.755 244 0.41
60.76 22 -2.53
60.76 23 1.30
60.76 25 -1.62
60.76 30 0.00
60.76 B1 5707.04 5613.96 
60.76 B3 5764.01 5668.52 
60.76 120 13 04 50
60.76 244 0.41
60.765 22 -2.41
60.765 23 1.31
60.765 25 -1.62
60.765 30 0.00
60.765 B1 5709.77 5615.90 
60.765 B3 5766.56 5670.29 
60.765 120 13 04 50
60.765 244 0.41
60.77 22 -2.39
60.77 23 1.30
60.77 25 -1.62
60.77 30 0.00
60.77 B1 5712.48 5617.91 
60.77 B3 5769.13 5672.14 
60.77 120 13 04 50
60.77 244 0.41
60.775 22 -2.37
60.775 23 1.30
60.775 25 -1.62
60.775 30 0.00
60.775 B1 5713.86 5618.63 
60.775 B3 5770.52 5672.88 
60.775 120 13 04 50
60.775 244 0.41
60.78 22 -2.35
60.78 23 1.29
60.78 25 -1.62
60.78 30 0.00
60.78 B1 5715.68 5619.86 
60.78 B3 5772.24 5674.00 
60.78 120 13 04 50
60.78 244 0.41
60.785 22 -2.34
60.785 23 1.29
60.785 25 -1.62
60.785 30 0.00
60.785 B1 5719.10 5622.72 
60.785 B3 5775.40 5676.59 
60.785 120 13 04 50
60.785 244 0.41
60.79 22 -2.32
60.79 23 1.29
60.79 25 -1.62
60.79 30 0.00
60.79 B1 5722.23 5625.31 
60.79 B3 5778.40 5679.04 
60.79 120 13 04 50
60.79 244 0.41
60.795 22 -2.31
60.795 23 1.29
60.795 25 -1.74
60.795 30 0.00
60.795 B1 5725.19 5627.74 
60.795 B3 5781.28 5681.40 
60.795 120 13 04 50
60.795 244 0.41
60.8 22 -2.39
60.8 23 1.29
60.8 25 -1.61
60.8 30 0.00
60.8 B1 5726.56 5628.59 
60.8 B3 5782.88 5682.49 
60.8 120 13 04 50
60.8 244 0.41
60.805 22 -2.27
60.805 23 1.29
60.805 25 -1.75
60.805 30 0.00
60.805 B1 5729.87 5631.33 
60.805 B3 5785.98 5685.03 
60.805 120 13 04 50
60.805 244 0.41
60.81 22 -2.37
60.81 23 1.29
60.81 25 -1.75
60.81 30 0.00
60.81 B1 5731.45 5632.37 
60.81 B3 5787.73 5686.26 
60.81 120 13 04 50
60.81 244 0.41
60.815 22 -2.35
60.815 23 1.28
60.815 25 -1.75
60.815 30 0.00
60.815 B1 5733.42 5633.76 
60.815 B3 5789.73 5687.70 
60.815 120 13 04 50
60.815 244 0.41
60.82 22 -2.34
60.82 23 1.28
60.82 25 -1.75
60.82 30 0.00
60.82 B1 5735.63 5635.36 
60.82 B3 5791.92 5689.30 
60.82 120 13 04 50
60.82 244 0.41
60.825 22 -2.33
60.825 23 1.27
60.825 25 -1.75
60.825 30 0.00
60.825 B1 5738.01 5637.11 
60.825 B3 5794.22 5691.00 
60.825 120 13 04 50
60.825 244 0.41
60.83 22 -2.31
60.83 23 1.27
60.83 25 -1.88
60.83 30 0.00
60.83 B1 5740.48 5638.94 
60.83 B3 5796.62 5692.78 
60.83 120 13 04 50
60.83 244 0.41
60.835 22 -2.41
60.835 23 1.26
60.835 25 -1.88
60.835 30 0.00
60.835 B1 5741.53 5639.36 
60.835 B3 5797.88 5693.42 
60.835 120 13 04 50
60.835 244 0.41
60.84 22 -2.39
60.84 23 1.25
60.84 25 -1.88
60.84 30 0.00
60.84 B1 5743.17 5640.29 
60.84 B3 5799.54 5694.40 
60.84 120 13 04 50
60.84 244 0.41
60.845 22 -2.38
60.845 23 1.25
60.845 25 -1.88
60.845 30 0.00
60.845 B1 5746.51 5642.87 
60.845 B3 5802.68 5696.81 
60.845 120 13 04 50
60.845 244 0.41
60.85 22 -2.37
60.85 23 1.25
60.85 25 -1.88
60.85 30 0.00
60.85 B1 5749.63 5645.20 
60.85 B3 5805.70 5699.07 
60.85 120 13 04 50
60.85 244 0.41
60.855 22 -2.36
60.855 23 1.25
60.855 25 -2.14
60.855 30 0.00
60.855 B1 5752.61 5647.37 
60.855 B3 5808.62 5701.20 
60.855 120 13 04 50
60.855 244 0.41
60.86 22 -2.55
60.86 23 1.24
60.86 25 -2.14
60.86 30 0.00
60.86 B1 5753.85 5647.79 
60.86 B3 5810.28 5702.06 
60.86 120 13 04 50
60.86 244 0.41
60.865 22 -2.54
60.865 23 1.24
60.865 25 -2.14
60.865 30 0.00
60.865 B1 5755.68 5648.64 
60.865 B3 5812.28 5703.12 
60.865 120 13 04 50
60.865 244 0.41
60.87 22 -2.52
60.87 23 1.23
60.87 25 -2.14
60.87 30 0.00
60.87 B1 5757.89 5649.76 
60.87 B3 5814.53 5704.33 
60.87 120 13 04 50
60.87 244 0.41
60.875 22 -2.51
60.875 23 1.23
60.875 25 -2.14
60.875 30 0.00
60.875 B1 5761.65 5652.38 
60.875 B3 5818.14 5706.83 
60.875 120 13 04 50
60.875 244 0.41
60.88 22 -2.50
60.88 23 1.23
60.88 25 -2.26
60.88 30 0.00
60.88 B1 5765.11 5654.67 
60.88 B3 5821.55 5709.08 
60.88 120 13 04 50
60.88 244 0.41
60.885 22 -2.59
60.885 23 1.23
60.885 25 -2.26
60.885 30 0.00
60.885 B1 5768.19 5656.56 
60.885 B3 5824.79 5711.15 
60.885 120 13 04 50
60.885 244 0.41
60.89 22 -2.58
60.89 23 1.23
60.89 25 -2.26
60.89 30 0.00
60.89 B1 5771.25 5658.34 
60.89 B3 5827.96 5713.06 
60.89 120 13 04 50
60.89 244 0.41
60.895 22 -2.57
60.895 23 1.23
60.895 25 -2.26
60.895 30 0.00
60.895 B1 5774.28 5660.05 
60.895 B3 5831.07 5714.85 
60.895 120 13 04 50
60.895 244 0.41
60.9 22 -2.56
60.9 23 1.23
60.9 25 -2.26
60.9 30 0.00
60.9 B1 5777.28 5661.72 
60.9 B3 5834.13 5716.58 
60.9 120 13 04 50
60.9 244 0.41
60.905 22 -2.55
60.905 23 1.24
60.905 25 -2.39
60.905 30 0.00
60.905 B1 5780.26 5663.36 
60.905 B3 5837.15 5718.26 
60.905 120 13 04 50
60.905 244 0.41
60.91 22 -2.64
60.91 23 1.23
60.91 25 -2.39
60.91 30 0.00
60.91 B1 5783.05 5664.84 
60.91 B3 5840.13 5719.91 
60.91 120 13 04 50
60.91 244 0.41
60.915 22 -2.63
60.915 23 1.23
60.915 25 -2.39
60.915 30 0.00
60.915 B1 5785.92 5666.33 
60.915 B3 5843.12 5721.51 
60.915 120 13 04 50
60.915 244 0.41
60.92 22 -2.62
60.92 23 1.23
60.92 25 -2.39
60.92 30 0.00
60.92 B1 5788.84 5667.83 
60.92 B3 5846.10 5723.07 
60.92 120 13 04 50
60.92 244 0.41
60.925 22 -2.61
60.925 23 1.23
60.925 25 -2.52
60.925 30 0.00
60.925 B1 5791.78 5669.36 
60.925 B3 5849.08 5724.61 
60.925 120 13 04 50
60.925 244 0.41
60.93 22 -2.71
60.93 23 1.22
60.93 25 -2.65
60.93 30 0.00
60.93 B1 5794.53 5670.70 
60.93 B3 5852.04 5726.15 
60.93 120 13 04 50
60.93 244 0.41
60.935 22 -2.80
60.935 23 1.22
60.935 25 -2.65
60.935 30 0.00
60.935 B1 5795.89 5670.58 
60.935 B3 5853.83 5726.44 
60.935 120 13 04 50
60.935 244 0.41
60.94 22 -2.79
60.94 23 1.21
60.94 25 -2.65
60.94 30 0.00
60.94 B1 5797.88 5670.97 
60.94 B3 5855.99 5727.00 
60.94 120 13 04 50
60.94 244 0.41
60.945 22 -2.78
60.945 23 1.20
60.945 25 -2.65
60.945 30 0.00
60.945 B1 5801.58 5673.01 
60.945 B3 5859.60 5728.95 
60.945 120 13 04 50
60.945 244 0.41
60.95 22 -2.77
60.95 23 1.20
60.95 25 -2.78
60.95 30 0.00
60.95 B1 5803.75 5673.48 
60.95 B3 5861.86 5729.50 
60.95 120 13 04 50
60.95 244 0.41
60.955 22 -2.87
60.955 23 1.19
60.955 25 -2.78
60.955 30 0.00
60.955 B1 5807.35 5675.40 
60.955 B3 5865.53 5731.47 
60.955 120 13 04 50
60.955 244 0.41
60.96 22 -2.86
60.96 23 1.19
60.96 25 -2.78
60.96 30 0.00
60.96 B1 5809.50 5675.76 
60.96 B3 5867.86 5732.01 
60.96 120 13 04 50
60.96 244 0.41
60.965 22 -2.86
60.965 23 1.19
60.965 25 -2.78
60.965 30 0.00
60.965 B1 5811.98 5676.44 
60.965 B3 5870.40 5732.74 
60.965 120 13 04 50
60.965 244 0.41
60.97 22 -2.85
60.97 23 1.19
60.97 25 -2.78
60.97 30 0.00
60.97 B1 5816.00 5678.66 
60.97 B3 5874.28 5734.79 
60.97 120 13 04 50
60.97 244 0.41
60.975 22 -2.84
60.975 23 1.19
60.975 25 -2.78
60.975 30 0.00
60.975 B1 5819.69 5680.56 
60.975 B3 5877.94 5736.62 
60.975 120 13 04 50
60.975 244 0.41
60.98 22 -2.84
60.98 23 1.20
60.98 25 -2.78
60.98 30 0.00
60.98 B1 5823.17 5682.26 
60.98 B3 5881.42 5738.29 
60.98 120 13 04 50
60.98 244 0.41
60.985 22 -2.84
60.985 23 1.20
60.985 25 -2.78
60.985 30 0.00
60.985 B1 5826.50 5683.84 
60.985 B3 5884.78 5739.86 
60.985 120 13 04 50
60.985 244 0.41
60.99 22 -2.83
60.99 23 1.20
60.99 25 -2.91
60.99 30 0.00
60.99 B1 5828.39 5684.04 
60.99 B3 5886.84 5740.16 
60.99 120 13 04 50
60.99 244 0.41
60.995 22 -2.94
60.995 23 1.19
60.995 25 -2.91
60.995 30 0.00
60.995 B1 5830.46 5684.46 
60.995 B3 5889.14 5740.77 
60.995 120 13 04 50
60.995 244 0.41
61 22 -2.93
61 23 1.18
61 25 -3.95
61 30 0.00
61 B1 5832.87 5685.19 
61 B3 5891.64 5741.54 
61 120 13 04 50
61 244 0.41
61.005 22 -3.80
61.005 23 1.10
61.005 25 -3.95
61.005 30 0.00
61.005 B1 5833.56 5684.16 
61.005 B3 5894.28 5742.44 
61.005 120 13 04 50
61.005 244 0.41
61.01 22 -3.77
61.01 23 1.10
61.01 25 -4.46
61.01 30 0.00
61.01 B1 5835.46 5683.57 
61.01 B3 5897.29 5743.06 
61.01 120 13 04 50
61.01 244 0.41
61.015 22 -4.19
61.015 23 1.05
61.015 25 -5.89
61.015 30 0.00
61.015 B1 5836.94 5682.09 
61.015 B3 5900.56 5743.49 
61.015 120 13 04 50
61.015 244 0.41
61.02 22 -5.35
61.02 23 0.89
61.02 25 -7.06
61.02 30 0.00
61.02 B1 5835.50 5676.97 
61.02 B3 5904.14 5743.61 
61.02 120 13 04 50
61.02 244 0.41
61.025 22 -6.22
61.025 23 0.73
61.025 25 -8.35
61.025 30 0.00
61.025 B1 5833.89 5670.22 
61.025 B3 5909.46 5744.16 
61.025 120 13 04 50
61.025 244 0.41
61.03 22 -7.08
61.03 23 0.53
61.03 25 -8.35
61.03 30 0.00
61.03 B1 5828.65 5658.09 
61.03 B3 5913.91 5742.22 
61.03 120 13 04 50
61.03 244 0.41
61.035 22 -7.00
61.035 23 0.50
61.035 25 -8.35
61.035 30 0.00
61.035 B1 5828.25 5649.09 
61.035 B3 5919.10 5739.24 
61.035 120 13 04 50
61.035 244 0.41
61.04 22 -6.92
61.04 23 0.49
61.04 25 -9.00
61.04 30 0.00
61.04 B1 5830.92 5642.12 
61.04 B3 5924.76 5735.56 
61.04 120 13 04 50
61.04 244 0.41
61.045 22 -7.30
61.045 23 0.38
61.045 25 -9.39
61.045 30 0.00
61.045 B1 5832.56 5633.46 
61.045 B3 5930.73 5731.41 
61.045 120 13 04 50
61.045 244 0.40
61.05 22 -7.48
61.05 23 0.31
61.05 25 -9.65
61.05 30 0.00
61.05 B1 5833.46 5623.38 
61.05 B3 5935.78 5725.55 
61.05 120 13 04 50
61.05 244 0.41
61.055 22 -7.58
61.055 23 0.26
61.055 25 -9.65
61.055 30 0.00
61.055 B1 5837.13 5615.60 
61.055 B3 5942.55 5720.78 
61.055 120 13 04 50
61.055 244 0.41
61.06 22 -7.53
61.06 23 0.26
61.06 25 -9.65
61.06 30 0.00
61.06 B1 5842.59 5609.23 
61.06 B3 5949.38 5715.54 
61.06 120 13 04 50
61.06 244 0.41
61.065 22 -7.48
61.065 23 0.26
61.065 25 -9.78
61.065 30 0.00
61.065 B1 5849.13 5603.79 
61.065 B3 5956.20 5710.03 
61.065 120 13 04 50
61.065 244 0.41
61.07 22 -7.52
61.07 23 0.25
61.07 25 -9.78
61.07 30 0.00
61.07 B1 5855.67 5598.34 
61.07 B3 5962.97 5704.38 
61.07 120 13 04 50
61.07 244 0.40
61.075 22 -7.48
61.075 23 0.25
61.075 25 -9.78
61.075 30 0.00
61.075 B1 5861.47 5592.19 
61.075 B3 5968.49 5697.44 
61.075 120 13 04 50
61.075 244 0.41
61.08 22 -7.45
61.08 23 0.25
61.08 25 -9.78
61.08 30 0.00
61.08 B1 5869.32 5588.27 
61.08 B3 5975.44 5692.04 
61.08 120 13 04 50
61.08 244 0.41
61.085 22 -7.42
61.085 23 0.26
61.085 25 -9.78
61.085 30 0.00
61.085 B1 5877.15 5584.47 
61.085 B3 5982.21 5686.59 
61.085 120 13 04 50
61.085 244 0.41
61.09 22 -7.40
61.09 23 0.28
61.09 25 -9.78
61.09 30 0.00
61.09 B1 5884.87 5580.77 
61.09 B3 5988.80 5681.18 
61.09 120 13 04 50
61.09 244 0.41
61.095 22 -7.38
61.095 23 0.29
61.095 25 -9.78
61.095 30 0.00
61.095 B1 5892.45 5577.18 
61.095 B3 5995.22 5675.83 
61.095 120 13 04 50
61.095 244 0.40
61.1 22 -7.37
61.1 23 0.30
61.1 25 -9.78
61.1 30 0.00
61.1 B1 5898.53 5572.36 
61.1 B3 6000.30 5669.41 
61.1 120 13 04 50
61.1 244 0.41
61.105 22 -7.36
61.105 23 0.30
61.105 25 -9.78
61.105 30 0.00
61.105 B1 5906.17 5569.42 
61.105 B3 6006.73 5664.66 
61.105 120 13 04 50
61.105 244 0.40
61.11 22 -7.36
61.11 23 0.31
61.11 25 -9.78
61.11 30 0.00
61.11 B1 5912.15 5565.07 
61.11 B3 6011.73 5658.76 
61.11 120 13 04 50
61.11 244 0.41
61.115 22 -7.36
61.115 23 0.31
61.115 25 -9.78
61.115 30 0.00
61.115 B1 5919.57 5562.48 
61.115 B3 6018.03 5654.49 
61.115 120 13 04 50
61.115 244 0.40
61.12 22 -7.36
61.12 23 0.32
61.12 25 -9.78
61.12 30 0.00
61.12 B1 5925.26 5558.40 
61.12 B3 6022.87 5649.04 
61.12 120 13 04 50
61.12 244 0.40
61.125 22 -7.37
61.125 23 0.32
61.125 25 -9.78
61.125 30 0.00
61.125 B1 5931.03 5554.71 
61.125 B3 6027.79 5643.99 
61.125 120 13 04 50
61.125 244 0.41
61.13 22 -7.39
61.13 23 0.33
61.13 25 -9.78
61.13 30 0.00
61.13 B1 5938.11 5552.62 
61.13 B3 6033.93 5640.46 
61.13 120 13 04 50
61.13 244 0.41
61.135 22 -7.40
61.135 23 0.34
61.135 25 -9.78
61.135 30 0.00
61.135 B1 5944.69 5550.24 
61.135 B3 6039.74 5636.86 
61.135 120 13 04 50
61.135 244 0.41
61.14 22 -7.43
61.14 23 0.35
61.14 25 -9.78
61.14 30 0.00
61.14 B1 5950.87 5547.71 
61.14 B3 6045.28 5633.26 
61.14 120 13 04 50
61.14 244 0.40
61.145 22 -7.45
61.145 23 0.36
61.145 25 -9.78
61.145 30 0.00
61.145 B1 5955.40 5543.79 
61.145 B3 6049.40 5628.50 
61.145 120 13 04 50
61.145 244 0.40
61.15 22 -7.48
61.15 23 0.36
61.15 25 -9.78
61.15 30 0.00
61.15 B1 5960.08 5540.32 
61.15 B3 6053.62 5624.16 
61.15 120 13 04 50
61.15 244 0.40
61.155 22 -7.51
61.155 23 0.36
61.155 25 -9.78
61.155 30 0.00
61.155 B1 5964.81 5537.16 
61.155 B3 6057.89 5620.15 
61.155 120 13 04 50
61.155 244 0.41
61.16 22 -7.54
61.16 23 0.36
61.16 25 -9.78
61.16 30 0.00
61.16 B1 5970.82 5535.53 
61.16 B3 6063.37 5617.61 
61.16 120 13 04 50
61.16 244 0.41
61.165 22 -7.58
61.165 23 0.37
61.165 25 -9.78
61.165 30 0.00
61.165 B1 5976.34 5533.57 
61.165 B3 6068.51 5614.93 
61.165 120 13 04 50
61.165 244 0.41
61.17 22 -7.62
61.17 23 0.37
61.17 25 -9.78
61.17 30 0.00
61.17 B1 5981.46 5531.42 
61.17 B3 6073.37 5612.20 
61.17 120 13 04 50
61.17 244 0.40
61.175 22 -7.66
61.175 23 0.38
61.175 25 -9.78
61.175 30 0.00
61.175 B1 5984.96 5527.85 
61.175 B3 6076.82 5608.27 
61.175 120 13 04 50
61.175 244 0.40
61.18 22 -7.70
61.18 23 0.38
61.18 25 -9.78
61.18 30 0.00
61.18 B1 5988.62 5524.72 
61.18 B3 6080.38 5604.71 
61.18 120 13 04 50
61.18 244 0.41
61.185 22 -7.75
61.185 23 0.37
61.185 25 -9.78
61.185 30 0.00
61.185 B1 5993.67 5523.20 
61.185 B3 6085.18 5602.64 
61.185 120 13 04 50
61.185 244 0.40
61.19 22 -7.80
61.19 23 0.38
61.19 25 -9.78
61.19 30 0.00
61.19 B1 5996.97 5520.07 
61.19 B3 6088.50 5599.25 
61.19 120 13 04 50
61.19 244 0.41
61.195 22 -7.85
61.195 23 0.38
61.195 25 -9.78
61.195 30 0.00
61.195 B1 6001.68 5518.57 
61.195 B3 6093.08 5597.35 
61.195 120 13 04 50
61.195 244 0.40
61.2 22 -7.90
61.2 23 0.38
61.2 25 -9.78
61.2 30 0.00
61.2 B1 6004.66 5515.49 
61.2 B3 6096.18 5594.12 
61.2 120 13 04 50
61.2 244 0.40
61.205 22 -7.95
61.205 23 0.38
61.205 25 -9.78
61.205 30 0.00
61.205 B1 6007.75 5512.73 
61.205 B3 6099.36 5591.19 
61.205 120 13 04 50
61.205 244 0.41
61.21 22 -8.00
61.21 23 0.38
61.21 25 -9.78
61.21 30 0.00
61.21 B1 6012.19 5511.50 
61.21 B3 6103.76 5589.67 
61.21 120 13 04 50
61.21 244 0.41
61.215 22 -8.06
61.215 23 0.38
61.215 25 -9.78
61.215 30 0.00
61.215 B1 6016.18 5509.94 
61.215 B3 6107.85 5587.98 
61.215 120 13 04 50
61.215 244 0.40
61.22 22 -8.12
61.22 23 0.39
61.22 25 -9.78
61.22 30 0.00
61.22 B1 6018.52 5506.86 
61.22 B3 6110.50 5584.98 
61.22 120 13 04 50
61.22 244 0.40
61.225 22 -8.17
61.225 23 0.38
61.225 25 -9.78
61.225 30 0.00
61.225 B1 6021.03 5504.15 
61.225 B3 6113.25 5582.28 
61.225 120 13 04 50
61.225 244 0.40
61.23 22 -8.23
61.23 23 0.38
61.23 25 -9.78
61.23 30 0.00
61.23 B1 6023.60 5501.68 
61.23 B3 6116.05 5579.81 
61.23 120 13 04 50
61.23 244 0.40
61.235 22 -8.29
61.235 23 0.38
61.235 25 -9.78
61.235 30 0.00
61.235 B1 6026.18 5499.37 
61.235 B3 6118.86 5577.50 
61.235 120 13 04 50
61.235 244 0.40
61.24 22 -8.35
61.24 23 0.37
61.24 25 -9.78
61.24 30 0.00
61.24 B1 6028.73 5497.17 
61.24 B3 6121.67 5575.33 
61.24 120 13 04 50
61.24 244 0.40
61.245 22 -8.41
61.245 23 0.37
61.245 25 -9.78
61.245 30 0.00
61.245 B1 6031.23 5495.04 
61.245 B3 6124.44 5573.26 
61.245 120 13 04 50
61.245 244 0.41
61.25 22 -8.47
61.25 23 0.37
61.25 25 -9.78
61.25 30 0.00
61.25 B1 6034.98 5494.29 
61.25 B3 6128.37 5572.47 
61.25 120 13 04 50
61.25 244 0.40
61.255 22 -8.53
61.255 23 0.38
61.255 25 -9.78
61.255 30 0.00
61.255 B1 6036.91 5491.77 
61.255 B3 6130.75 5570.22 
61.255 120 13 04 50
61.255 244 0.41
61.26 22 -8.59
61.26 23 0.37
61.26 25 -9.78
61.26 30 0.00
61.26 B1 6040.21 5490.79 
61.26 B3 6134.35 5569.33 
61.26 120 13 04 50
61.26 244 0.41
61.265 22 -8.66
61.265 23 0.38
61.265 25 -9.78
61.265 30 0.00
61.265 B1 6043.10 5489.46 
61.265 B3 6137.64 5568.21 
61.265 120 13 04 50
61.265 244 0.40
61.27 22 -8.72
61.27 23 0.38
61.27 25 -9.78
61.27 30 0.00
61.27 B1 6044.36 5486.61 
61.27 B3 6139.49 5565.76 
61.27 120 13 04 50
61.27 244 0.40
61.275 22 -8.78
61.275 23 0.37
61.275 25 -9.78
61.275 30 0.00
61.275 B1 6045.81 5484.12 
61.275 B3 6141.45 5563.56 
61.275 120 13 04 50
61.275 244 0.41
61.28 22 -8.84
61.28 23 0.37
61.28 25 -9.78
61.28 30 0.00
61.28 B1 6048.67 5483.18 
61.28 B3 6144.66 5562.75 
61.28 120 13 04 50
61.28 244 0.40
61.285 22 -8.90
61.285 23 0.37
61.285 25 -9.78
61.285 30 0.00
61.285 B1 6049.83 5480.58 
61.285 B3 6146.40 5560.54 
61.285 120 13 04 50
61.285 244 0.40
61.29 22 -8.96
61.29 23 0.37
61.29 25 -9.78
61.29 30 0.00
61.29 B1 6051.13 5478.27 
61.29 B3 6148.22 5558.54 
61.29 120 13 04 50
61.29 244 0.40
61.295 22 -9.02
61.295 23 0.36
61.295 25 -9.78
61.295 30 0.00
61.295 B1 6052.49 5476.14 
61.295 B3 6150.07 5556.69 
61.295 120 13 04 50
61.295 244 0.40
61.3 22 -9.08
61.3 23 0.36
61.3 25 -9.78
61.3 30 0.00
61.3 B1 6053.88 5474.13 
61.3 B3 6151.95 5554.96 
61.3 120 13 04 50
61.3 244 0.40
61.305 22 -9.15
61.305 23 0.36
61.305 25 -9.78
61.305 30 0.00
61.305 B1 6055.25 5472.19 
61.305 B3 6153.81 5553.31 
61.305 120 13 04 50
61.305 244 0.40
61.31 22 -9.21
61.31 23 0.35
61.31 25 -9.78
61.31 30 0.00
61.31 B1 6056.58 5470.30 
61.31 B3 6155.64 5551.73 
61.31 120 13 04 50
61.31 244 0.40
61.315 22 -9.27
61.315 23 0.35
61.315 25 -9.78
61.315 30 0.00
61.315 B1 6057.87 5468.45 
61.315 B3 6157.44 5550.21 
61.315 120 13 04 50
61.315 244 0.40
61.32 22 -9.33
61.32 23 0.35
61.32 25 -9.78
61.32 30 0.00
61.32 B1 6059.10 5466.63 
61.32 B3 6159.20 5548.72 
61.32 120 13 04 50
61.32 244 0.40
61.325 22 -9.39
61.325 23 0.34
61.325 25 -9.78
61.325 30 0.00
61.325 B1 6060.27 5464.83 
61.325 B3 6160.91 5547.27 
61.325 120 13 04 50
61.325 244 0.40
61.33 22 -9.44
61.33 23 0.34
61.33 25 -9.78
61.33 30 0.00
61.33 B1 6061.39 5463.04 
61.33 B3 6162.57 5545.84 
61.33 120 13 04 50
61.33 244 0.40
61.335 22 -9.50
61.335 23 0.34
61.335 25 -9.78
61.335 30 0.00
61.335 B1 6062.44 5461.26 
61.335 B3 6164.17 5544.44 
61.335 120 13 04 50
61.335 244 0.40
61.34 22 -9.56
61.34 23 0.34
61.34 25 -9.78
61.34 30 0.00
61.34 B1 6063.42 5459.51 
61.34 B3 6165.72 5543.06 
61.34 120 13 04 50
61.34 244 0.41
61.345 22 -9.62
61.345 23 0.34
61.345 25 -9.78
61.345 30 0.00
61.345 B1 6065.66 5459.07 
61.345 B3 6168.40 5542.90 
61.345 120 13 04 50
61.345 244 0.40
61.35 22 -9.68
61.35 23 0.34
61.35 25 -9.78
61.35 30 0.00
61.35 B1 6066.10 5456.85 
61.35 B3 6169.53 5541.20 
61.35 120 13 04 50
61.35 244 0.40
61.355 22 -9.73
61.355 23 0.34
61.355 25 -9.78
61.355 30 0.00
61.355 B1 6066.62 5454.81 
61.355 B3 6170.69 5539.62 
61.355 120 13 04 50
61.355 244 0.40
61.36 22 -9.79
61.36 23 0.33
61.36 25 -9.78
61.36 30 0.00
61.36 B1 6067.16 5452.91 
61.36 B3 6171.84 5538.14 
61.36 120 13 04 50
61.36 244 0.40
61.365 22 -9.84
61.365 23 0.33
61.365 25 -9.78
61.365 30 0.00
61.365 B1 6067.71 5451.08 
61.365 B3 6172.98 5536.72 
61.365 120 13 04 50
61.365 244 0.40
61.37 22 -9.90
61.37 23 0.33
61.37 25 -9.78
61.37 30 0.00
61.37 B1 6068.25 5449.30 
61.37 B3 6174.09 5535.34 
61.37 120 13 04 50
61.37 244 0.40
61.375 22 -9.95
61.375 23 0.32
61.375 25 -9.78
61.375 30 0.00
61.375 B1 6068.75 5447.56 
61.375 B3 6175.17 5534.00 
61.375 120 13 04 50
61.375 244 0.40
61.38 22 -10.00
61.38 23 0.32
61.38 25 -9.78
61.38 30 0.00
61.38 B1 6069.22 5445.84 
61.38 B3 6176.22 5532.69 
61.38 120 13 04 50
61.38 244 0.40
61.385 22 -10.06
61.385 23 0.32
61.385 25 -9.78
61.385 30 0.00
61.385 B1 6069.64 5444.14 
61.385 B3 6177.21 5531.40 
61.385 120 13 04 50
61.385 244 0.40
61.39 22 -10.11
61.39 23 0.31
61.39 25 -9.78
61.39 30 0.00
61.39 B1 6070.02 5442.45 
61.39 B3 6178.16 5530.13 
61.39 120 13 04 50
61.39 244 0.40
61.395 22 -10.16
61.395 23 0.31
61.395 25 -9.91
61.395 30 0.00
61.395 B1 6070.35 5440.78 
61.395 B3 6179.07 5528.87 
61.395 120 13 04 50
61.395 244 0.40
61.4 22 -10.30
61.4 23 0.29
61.4 25 -9.78
61.4 30 0.00
61.4 B1 6070.03 5438.49 
61.4 B3 6179.92 5527.62 
61.4 120 13 04 50
61.4 244 0.40
61.405 22 -10.26
61.405 23 0.31
61.405 25 -9.78
61.405 30 0.00
61.405 B1 6070.50 5437.02 
61.405 B3 6180.75 5526.33 
61.405 120 13 04 50
61.405 244 0.41
61.41 22 -10.31
61.41 23 0.30
61.41 25 -9.91
61.41 30 0.00
61.41 B1 6072.16 5436.80 
61.41 B3 6182.71 5526.26 
61.41 120 13 04 50
61.41 244 0.40
61.415 22 -10.44
61.415 23 0.29
61.415 25 -9.91
61.415 30 0.00
61.415 B1 6071.38 5434.11 
61.415 B3 6183.13 5524.65 
61.415 120 13 04 50
61.415 244 0.40
61.42 22 -10.49
61.42 23 0.28
61.42 25 -9.78
61.42 30 0.00
61.42 B1 6070.89 5431.78 
61.42 B3 6183.59 5523.12 
61.42 120 13 04 50
61.42 244 0.41
61.425 22 -10.45
61.425 23 0.30
61.425 25 -9.78
61.425 30 0.00
61.425 B1 6072.50 5431.61 
61.425 B3 6185.27 5522.84 
61.425 120 13 04 50
61.425 244 0.41
61.43 22 -10.49
61.43 23 0.31
61.43 25 -9.91
61.43 30 0.00
61.43 B1 6073.57 5430.90 
61.43 B3 6186.63 5522.28 
61.43 120 13 04 50
61.43 244 0.40
61.435 22 -10.63
61.435 23 0.29
61.435 25 -9.78
61.435 30 0.00
61.435 B1 6072.32 5427.91 
61.435 B3 6186.55 5520.35 
61.435 120 13 04 50
61.435 244 0.41
61.44 22 -10.58
61.44 23 0.30
61.44 25 -9.78
61.44 30 0.00
61.44 B1 6073.40 5427.35 
61.44 B3 6187.80 5519.80 
61.44 120 13 04 50
61.44 244 0.41
61.445 22 -10.63
61.445 23 0.31
61.445 25 -9.91
61.445 30 0.00
61.445 B1 6074.07 5426.41 
61.445 B3 6188.81 5519.06 
61.445 120 13 04 50
61.445 244 0.40
61.45 22 -10.76
61.45 23 0.29
61.45 25 -9.91
61.45 30 0.00
61.45 B1 6072.50 5423.26 
61.45 B3 6188.43 5517.00 
61.45 120 13 04 50
61.45 244 0.40
61.455 22 -10.80
61.455 23 0.28
61.455 25 -9.91
61.455 30 0.00
61.455 B1 6071.38 5420.66 
61.455 B3 6188.22 5515.16 
61.455 120 13 04 50
61.455 244 0.40
61.46 22 -10.84
61.46 23 0.27
61.46 25 -9.91
61.46 30 0.00
61.46 B1 6070.56 5418.39 
61.46 B3 6188.13 5513.47 
61.46 120 13 04 50
61.46 244 0.40
61.465 22 -10.88
61.465 23 0.26
61.465 25 -9.91
61.465 30 0.00
61.465 B1 6069.91 5416.34 
61.465 B3 6188.10 5511.89 
61.465 120 13 04 50
61.465 244 0.41
61.47 22 -10.92
61.47 23 0.26
61.47 25 -9.91
61.47 30 0.00
61.47 B1 6070.69 5415.74 
61.47 B3 6189.31 5511.59 
61.47 120 13 04 50
61.47 244 0.40
61.475 22 -10.96
61.475 23 0.27
61.475 25 -9.91
61.475 30 0.00
61.475 B1 6069.79 5413.40 
61.475 B3 6189.04 5509.77 
61.475 120 13 04 50
61.475 244 0.40
61.48 22 -10.99
61.48 23 0.26
61.48 25 -9.91
61.48 30 0.00
61.48 B1 6069.06 5411.30 
61.48 B3 6188.86 5508.10 
61.48 120 13 04 50
61.48 244 0.40
61.485 22 -11.03
61.485 23 0.26
61.485 25 -9.91
61.485 30 0.00
61.485 B1 6068.42 5409.36 
61.485 B3 6188.73 5506.54 
61.485 120 13 04 50
61.485 244 0.41
61.49 22 -11.07
61.49 23 0.25
61.49 25 -9.91
61.49 30 0.00
61.49 B1 6069.17 5408.82 
61.49 B3 6189.82 5506.24 
61.49 120 13 04 50
61.49 244 0.41
61.495 22 -11.11
61.495 23 0.26
61.495 25 -9.91
61.495 30 0.00
61.495 B1 6069.52 5407.85 
61.495 B3 6190.62 5505.63 
61.495 120 13 04 50
61.495 244 0.41
61.5 22 -11.14
61.5 23 0.26
61.5 25 -9.91
61.5 30 0.00
61.5 B1 6069.58 5406.61 
61.5 B3 6191.19 5504.81 
61.5 120 13 04 50
61.5 244 0.41
61.505 22 -11.18
61.505 23 0.26
61.505 25 -9.91
61.505 30 0.00
61.505 B1 6069.46 5405.20 
61.505 B3 6191.60 5503.85 
61.505 120 13 04 50
61.505 244 0.41
61.51 22 -11.21
61.51 23 0.26
61.51 25 -9.91
61.51 30 0.00
61.51 B1 6069.20 5403.70 
61.51 B3 6191.86 5502.78 
61.51 120 13 04 50
61.51 244 0.41
61.515 22 -11.25
61.515 23 0.26
61.515 25 -9.91
61.515 30 0.00
61.515 B1 6068.84 5402.13 
61.515 B3 6192.02 5501.63 
61.515 120 13 04 50
61.515 244 0.40
61.52 22 -11.28
61.52 23 0.26
61.52 25 -9.91
61.52 30 0.00
61.52 B1 6067.07 5399.21 
61.52 B3 6190.89 5499.25 
61.52 120 13 04 50
61.52 244 0.40
61.525 22 -11.32
61.525 23 0.25
61.525 25 -9.91
61.525 30 0.00
61.525 B1 6065.65 5396.76 
61.525 B3 6189.98 5497.19 
61.525 120 13 04 50
61.525 244 0.40
61.53 22 -11.35
61.53 23 0.25
61.53 25 -9.91
61.53 30 0.00
61.53 B1 6064.47 5394.60 
61.53 B3 6189.22 5495.35 
61.53 120 13 04 50
61.53 244 0.40
61.535 22 -11.38
61.535 23 0.24
61.535 25 -9.91
61.535 30 0.00
61.535 B1 6063.43 5392.62 
61.535 B3 6188.57 5493.67 
61.535 120 13 04 50
61.535 244 0.40
61.54 22 -11.41
61.54 23 0.24
61.54 25 -9.91
61.54 30 0.00
61.54 B1 6062.48 5390.75 
61.54 B3 6187.99 5492.08 
61.54 120 13 04 50
61.54 244 0.40
61.545 22 -11.44
61.545 23 0.23
61.545 25 -9.91
61.545 30 0.00
61.545 B1 6061.57 5388.94 
61.545 B3 6187.45 5490.57 
61.545 120 13 04 50
61.545 244 0.40
61.55 22 -11.48
61.55 23 0.23
61.55 25 -9.91
61.55 30 0.00
61.55 B1 6059.37 5385.86 
61.55 B3 6185.74 5487.90 
61.55 120 13 04 50
61.55 244 0.40
61.555 22 -11.50
61.555 23 0.22
61.555 25 -9.91
61.555 30 0.00
61.555 B1 6057.60 5383.29 
61.555 B3 6184.34 5485.63 
61.555 120 13 04 50
61.555 244 0.40
61.56 22 -11.53
61.56 23 0.21
61.56 25 -9.91
61.56 30 0.00
61.56 B1 6056.10 5381.04 
61.56 B3 6183.15 5483.63 
61.56 120 13 04 50
61.56 244 0.40
61.565 22 -11.56
61.565 23 0.21
61.565 25 -9.78
61.565 30 0.00
61.565 B1 6056.11 5380.31 
61.565 B3 6183.32 5483.00 
61.565 120 13 04 50
61.565 244 0.40
61.57 22 -11.52
61.57 23 0.23
61.57 25 -9.78
61.57 30 0.00
61.57 B1 6056.47 5379.89 
61.57 B3 6183.29 5482.13 
61.57 120 13 04 50
61.57 244 0.40
61.575 22 -11.55
61.575 23 0.24
61.575 25 -9.91
61.575 30 0.00
61.575 B1 6056.37 5379.01 
61.575 B3 6183.10 5481.15 
61.575 120 13 04 50
61.575 244 0.40
61.58 22 -11.65
61.58 23 0.22
61.58 25 -9.91
61.58 30 0.00
61.58 B1 6053.98 5375.84 
61.58 B3 6181.59 5478.89 
61.58 120 13 04 50
61.58 244 0.40
61.585 22 -11.68
61.585 23 0.21
61.585 25 -9.91
61.585 30 0.00
61.585 B1 6053.35 5374.54 
61.585 B3 6181.49 5478.09 
61.585 120 13 04 50
61.585 244 0.40
61.59 22 -11.71
61.59 23 0.21
61.59 25 -9.91
61.59 30 0.00
61.59 B1 6052.59 5373.07 
61.59 B3 6181.25 5477.10 
61.59 120 13 04 50
61.59 244 0.40
61.595 22 -11.73
61.595 23 0.21
61.595 25 -9.91
61.595 30 0.00
61.595 B1 6051.74 5371.51 
61.595 B3 6180.89 5475.98 
61.595 120 13 04 50
61.595 244 0.40
61.6 22 -11.76
61.6 23 0.21
61.6 25 -9.78
61.6 30 0.00
61.6 B1 6050.83 5369.88 
61.6 B3 6180.44 5474.77 
61.6 120 13 04 50
61.6 244 0.40
61.605 22 -11.71
61.605 23 0.23
61.605 25 -9.78
61.605 30 0.00
61.605 B1 6049.21 5367.60 
61.605 B3 6178.72 5472.30 
61.605 120 13 04 50
61.605 244 0.40
61.61 22 -11.74
61.61 23 0.23
61.61 25 -9.91
61.61 30 0.00
61.61 B1 6047.73 5365.57 
61.61 B3 6177.23 5470.19 
61.61 120 13 04 50
61.61 244 0.40
61.615 22 -11.84
61.615 23 0.20
61.615 25 -9.91
61.615 30 0.00
61.615 B1 6045.66 5362.98 
61.615 B3 6175.88 5468.33 
61.615 120 13 04 50
61.615 244 0.40
61.62 22 -11.86
61.62 23 0.20
61.62 25 -9.78
61.62 30 0.00
61.62 B1 6045.20 5362.03 
61.62 B3 6175.87 5467.78 
61.62 120 13 04 50
61.62 244 0.40
61.625 22 -11.81
61.625 23 0.22
61.625 25 -9.78
61.625 30 0.00
61.625 B1 6043.87 5360.16 
61.625 B3 6174.45 5465.76 
61.625 120 13 04 50
61.625 244 0.40
61.63 22 -11.84
61.63 23 0.22
61.63 25 -9.78
61.63 30 0.00
61.63 B1 6043.88 5359.69 
61.63 B3 6174.35 5465.14 
61.63 120 13 04 50
61.63 244 0.40
61.635 22 -11.86
61.635 23 0.22
61.635 25 -9.78
61.635 30 0.00
61.635 B1 6043.46 5358.76 
61.635 B3 6174.03 5464.31 
61.635 120 13 04 50
61.635 244 0.40
61.64 22 -11.89
61.64 23 0.22
61.64 25 -9.78
61.64 30 0.00
61.64 B1 6042.77 5357.56 
61.64 B3 6173.56 5463.32 
61.64 120 13 04 50
61.64 244 0.40
61.645 22 -11.91
61.645 23 0.23
61.645 25 -9.52
61.645 30 0.00
61.645 B1 6041.89 5356.19 
61.645 B3 6172.96 5462.23 
61.645 120 13 04 50
61.645 244 0.40
61.65 22 -11.78
61.65 23 0.27
61.65 25 -9.26
61.65 30 0.00
61.65 B1 6042.21 5356.11 
61.65 B3 6172.27 5461.06 
61.65 120 13 04 50
61.65 244 0.40
61.655 22 -11.66
61.655 23 0.31
61.655 25 -9.26
61.655 30 0.00
61.655 B1 6043.24 5356.87 
61.655 B3 6171.47 5459.93 
61.655 120 13 04 50
61.655 244 0.40
61.66 22 -11.69
61.66 23 0.32
61.66 25 -8.22
61.66 30 0.00
61.66 B1 6043.40 5356.87 
61.66 B3 6170.55 5458.91 
61.66 120 13 04 50
61.66 244 0.40
61.665 22 -11.04
61.665 23 0.47
61.665 25 -8.22
61.665 30 0.00
61.665 B1 6047.79 5361.43 
61.665 B3 6169.56 5457.96 
61.665 120 13 04 50
61.665 244 0.40
61.67 22 -11.08
61.67 23 0.49
61.67 25 -7.96
61.67 30 0.00
61.67 B1 6049.97 5364.14 
61.67 B3 6168.34 5457.44 
61.67 120 13 04 50
61.67 244 0.40
61.675 22 -10.95
61.675 23 0.54
61.675 25 -7.70
61.675 30 0.00
61.675 B1 6051.78 5366.87 
61.675 B3 6166.97 5457.21 
61.675 120 13 04 50
61.675 244 0.40
61.68 22 -10.81
61.68 23 0.58
61.68 25 -7.31
61.68 30 0.00
61.68 B1 6053.27 5369.68 
61.68 B3 6165.46 5457.26 
61.68 120 13 04 50
61.68 244 0.40
61.685 22 -10.57
61.685 23 0.64
61.685 25 -7.18
61.685 30 0.00
61.685 B1 6054.96 5373.14 
61.685 B3 6163.80 5457.62 
61.685 120 13 04 50
61.685 244 0.40
61.69 22 -10.53
61.69 23 0.67
61.69 25 -7.18
61.69 30 0.00
61.69 B1 6055.63 5376.03 
61.69 B3 6161.98 5458.31 
61.69 120 13 04 50
61.69 244 0.40
61.695 22 -10.58
61.695 23 0.67
61.695 25 -7.05
61.695 30 0.00
61.695 B1 6055.10 5378.09 
61.695 B3 6160.02 5459.27 
61.695 120 13 04 50
61.695 244 0.41
61.7 22 -10.54
61.7 23 0.69
61.7 25 -6.79
61.7 30 0.00
61.7 B1 6055.60 5381.47 
61.7 B3 6159.17 5461.60 
61.7 120 13 04 50
61.7 244 0.40
61.705 22 -10.39
61.705 23 0.74
61.705 25 -6.01
61.705 30 0.00
61.705 B1 6054.64 5383.58 
61.705 B3 6156.76 5462.52 
61.705 120 13 04 50
61.705 244 0.40
61.71 22 -9.83
61.71 23 0.83
61.71 25 -5.11
61.71 30 0.00
61.71 B1 6054.43 5386.86 
61.71 B3 6153.14 5462.54 
61.71 120 13 04 50
61.71 244 0.40
61.715 22 -9.16
61.715 23 0.93
61.715 25 -5.11
61.715 30 0.00
61.715 B1 6057.20 5393.88 
61.715 B3 6150.86 5464.61 
61.715 120 13 04 50
61.715 244 0.40
61.72 22 -9.25
61.72 23 0.95
61.72 25 -4.07
61.72 30 0.00
61.72 B1 6057.60 5399.34 
61.72 B3 6148.19 5467.26 
61.72 120 13 04 50
61.72 244 0.40
61.725 22 -8.46
61.725 23 1.05
61.725 25 -4.07
61.725 30 0.00
61.725 B1 6059.22 5406.70 
61.725 B3 6145.27 5470.27 
61.725 120 13 04 50
61.725 244 0.40
61.73 22 -8.56
61.73 23 1.06
61.73 25 -3.81
61.73 30 0.00
61.73 B1 6058.62 5412.83 
61.73 B3 6141.94 5473.91 
61.73 120 13 04 50
61.73 244 0.40
61.735 22 -8.44
61.735 23 1.09
61.735 25 -2.90
61.735 30 0.00
61.735 B1 6057.22 5418.80 
61.735 B3 6138.35 5477.96 
61.735 120 13 04 50
61.735 244 0.40
61.74 22 -7.77
61.74 23 1.15
61.74 25 -2.90
61.74 30 0.00
61.74 B1 6056.58 5426.16 
61.74 B3 6134.55 5482.33 
61.74 120 13 04 50
61.74 244 0.40
61.745 22 -7.87
61.745 23 1.16
61.745 25 0.00
61.745 30 0.00
61.745 B1 6054.28 5432.75 
61.745 B3 6130.38 5487.25 
61.745 120 13 04 50
61.745 244 0.40
61.75 22 -5.69
61.75 23 1.25
61.75 25 0.00
61.75 30 0.00
61.75 B1 6054.34 5442.45 
61.75 B3 6126.00 5492.50 
61.75 120 13 04 50
61.75 244 0.40
61.755 22 -5.82
61.755 23 1.26
61.755 25 0.00
61.755 30 0.00
61.755 B1 6051.93 5451.84 
61.755 B3 6120.72 5498.90 
61.755 120 13 04 50
61.755 244 0.40
61.76 22 -5.94
61.76 23 1.27
61.76 25 0.00
61.76 30 0.00
61.76 B1 6047.93 5460.96 
61.76 B3 6114.86 5506.05 
61.76 120 13 04 50
61.76 244 0.40
61.765 22 -6.05
61.765 23 1.27
61.765 25 0.00
61.765 30 0.00
61.765 B1 6042.92 5469.84 
61.765 B3 6108.63 5513.66 
61.765 120 13 04 50
61.765 244 0.40
61.77 22 -6.16
61.77 23 1.28
61.77 25 0.00
61.77 30 0.00
61.77 B1 6037.30 5478.48 
61.77 B3 6102.18 5521.54 
61.77 120 13 04 50
61.77 244 0.40
61.775 22 -6.26
61.775 23 1.28
61.775 25 0.00
61.775 30 0.00
61.775 B1 6031.36 5486.93 
61.775 B3 6095.65 5529.54 
61.775 120 13 04 50
61.775 244 0.40
61.78 22 -6.35
61.78 23 1.28
61.78 25 0.00
61.78 30 0.00
61.78 B1 6025.28 5495.17 
61.78 B3 6089.12 5537.57 
61.78 120 13 04 50
61.78 244 0.40
61.785 22 -6.43
61.785 23 1.28
61.785 25 0.00
61.785 30 0.00
61.785 B1 6019.17 5503.22 
61.785 B3 6082.65 5545.56 
61.785 120 13 04 50
61.785 244 0.40
61.79 22 -6.51
61.79 23 1.28
61.79 25 0.00
61.79 30 0.00
61.79 B1 6013.12 5511.10 
61.79 B3 6076.30 5553.48 
61.79 120 13 04 50
61.79 244 0.40
61.795 22 -6.58
61.795 23 1.28
61.795 25 0.00
61.795 30 0.00
61.795 B1 6007.19 5518.79 
61.795 B3 6070.08 5561.30 
61.795 120 13 04 50
61.795 244 0.40
61.8 22 -6.64
61.8 23 1.28
61.8 25 0.00
61.8 30 0.00
61.8 B1 6001.42 5526.32 
61.8 B3 6064.04 5568.98 
61.8 120 13 04 50
61.8 244 0.40
61.805 22 -6.69
61.805 23 1.28
61.805 25 0.00
61.805 30 0.00
61.805 B1 5995.81 5533.69 
61.805 B3 6058.18 5576.53 
61.805 120 13 04 50
61.805 244 0.41
61.81 22 -6.74
61.81 23 1.28
61.81 25 0.00
61.81 30 0.00
61.81 B1 5991.71 5542.22 
61.81 B3 6053.71 5585.14 
61.81 120 13 04 50
61.81 244 0.41
61.815 22 -6.78
61.815 23 1.29
61.815 25 0.00
61.815 30 0.00
61.815 B1 5987.38 5550.12 
61.815 B3 6049.14 5593.25 
61.815 120 13 04 50
61.815 244 0.41
61.82 22 -6.81
61.82 23 1.29
61.82 25 0.00
61.82 30 0.00
61.82 B1 5982.95 5557.58 
61.82 B3 6044.54 5600.99 
61.82 120 13 04 50
61.82 244 0.41
61.825 22 -6.84
61.825 23 1.29
61.825 25 0.00
61.825 30 0.00
61.825 B1 5978.53 5564.72 
61.825 B3 6039.99 5608.41 
61.825 120 13 04 50
61.825 244 0.40
61.83 22 -6.86
61.83 23 1.29
61.83 25 0.00
61.83 30 0.00
61.83 B1 5972.86 5570.29 
61.83 B3 6034.32 5614.37 
61.83 120 13 04 50
61.83 244 0.40
61.835 22 -6.87
61.835 23 1.29
61.835 25 0.00
61.835 30 0.00
61.835 B1 5967.74 5576.13 
61.835 B3 6029.08 5620.47 
61.835 120 13 04 50
61.835 244 0.40
61.84 22 -6.88
61.84 23 1.28
61.84 25 0.00
61.84 30 0.00
61.84 B1 5963.03 5582.10 
61.84 B3 6024.19 5626.62 
61.84 120 13 04 50
61.84 244 0.40
61.845 22 -6.88
61.845 23 1.28
61.845 25 0.00
61.845 30 0.00
61.845 B1 5958.67 5588.11 
61.845 B3 6019.62 5632.76 
61.845 120 13 04 50
61.845 244 0.41
61.85 22 -6.88
61.85 23 1.27
61.85 25 0.00
61.85 30 0.00
61.85 B1 5955.90 5595.43 
61.85 B3 6016.52 5640.07 
61.85 120 13 04 50
61.85 244 0.40
61.855 22 -6.87
61.855 23 1.28
61.855 25 0.00
61.855 30 0.00
61.855 B1 5951.62 5600.91 
61.855 B3 6012.16 5645.79 
61.855 120 13 04 50
61.855 244 0.40
61.86 22 -6.85
61.86 23 1.27
61.86 25 0.00
61.86 30 0.00
61.86 B1 5947.70 5606.50 
61.86 B3 6008.10 5651.53 
61.86 120 13 04 50
61.86 244 0.40
61.865 22 -6.83
61.865 23 1.27
61.865 25 0.00
61.865 30 0.00
61.865 B1 5944.08 5612.12 
61.865 B3 6004.32 5657.27 
61.865 120 13 04 50
61.865 244 0.40
61.87 22 -6.81
61.87 23 1.26
61.87 25 0.00
61.87 30 0.00
61.87 B1 5940.70 5617.74 
61.87 B3 6000.77 5662.98 
61.87 120 13 04 50
61.87 244 0.40
61.875 22 -6.78
61.875 23 1.26
61.875 25 0.00
61.875 30 0.00
61.875 B1 5937.52 5623.32 
61.875 B3 5997.43 5668.64 
61.875 120 13 04 50
61.875 244 0.40
61.88 22 -6.75
61.88 23 1.26
61.88 25 0.00
61.88 30 0.00
61.88 B1 5933.22 5627.52 
61.88 B3 5993.09 5673.05 
61.88 120 13 04 50
61.88 244 0.40
61.885 22 -6.71
61.885 23 1.25
61.885 25 0.00
61.885 30 0.00
61.885 B1 5930.84 5633.44 
61.885 B3 5990.44 5678.93 
61.885 120 13 04 50
61.885 244 0.40
61.89 22 -6.67
61.89 23 1.25
61.89 25 0.00
61.89 30 0.00
61.89 B1 5928.47 5639.13 
61.89 B3 5987.87 5684.63 
61.89 120 13 04 50
61.89 244 0.40
61.895 22 -6.63
61.895 23 1.25
61.895 25 0.00
61.895 30 0.00
61.895 B1 5926.15 5644.64 
61.895 B3 5985.38 5690.19 
61.895 120 13 04 50
61.895 244 0.40
61.9 22 -6.58
61.9 23 1.25
61.9 25 0.00
61.9 30 0.00
61.9 B1 5923.91 5650.01 
61.9 B3 5983.01 5695.63 
61.9 120 13 04 50
61.9 244 0.40
61.905 22 -6.54
61.905 23 1.25
61.905 25 0.00
61.905 30 0.00
61.905 B1 5921.75 5655.26 
61.905 B3 5980.73 5700.97 
61.905 120 13 04 50
61.905 244 0.40
61.91 22 -6.48
61.91 23 1.25
61.91 25 0.00
61.91 30 0.00
61.91 B1 5919.69 5660.42 
61.91 B3 5978.57 5706.22 
61.91 120 13 04 50
61.91 244 0.41
61.915 22 -6.43
61.915 23 1.25
61.915 25 0.00
61.915 30 0.00
61.915 B1 5919.06 5666.82 
61.915 B3 5977.71 5712.57 
61.915 120 13 04 50
61.915 244 0.41
61.92 22 -6.37
61.92 23 1.25
61.92 25 0.00
61.92 30 0.00
61.92 B1 5918.11 5672.68 
61.92 B3 5976.65 5718.51 
61.92 120 13 04 50
61.92 244 0.41
61.925 22 -6.31
61.925 23 1.26
61.925 25 0.00
61.925 30 0.00
61.925 B1 5916.96 5678.17 
61.925 B3 5975.47 5724.14 
61.925 120 13 04 50
61.925 244 0.41
61.93 22 -6.25
61.93 23 1.26
61.93 25 0.00
61.93 30 0.00
61.93 B1 5915.74 5683.41 
61.93 B3 5974.23 5729.53 
61.93 120 13 04 50
61.93 244 0.41
61.935 22 -6.18
61.935 23 1.26
61.935 25 0.00
61.935 30 0.00
61.935 B1 5914.50 5688.46 
61.935 B3 5972.98 5734.75 
61.935 120 13 04 50
61.935 244 0.40
61.94 22 -6.12
61.94 23 1.26
61.94 25 0.00
61.94 30 0.00
61.94 B1 5911.95 5692.06 
61.94 B3 5970.54 5738.62 
61.94 120 13 04 50
61.94 244 0.40
61.945 22 -6.05
61.945 23 1.25
61.945 25 0.00
61.945 30 0.00
61.945 B1 5909.89 5696.02 
61.945 B3 5968.45 5742.71 
61.945 120 13 04 50
61.945 244 0.40
61.95 22 -5.98
61.95 23 1.25
61.95 25 0.00
61.95 30 0.00
61.95 B1 5908.18 5700.20 
61.95 B3 5966.64 5746.95 
61.95 120 13 04 50
61.95 244 0.41
61.955 22 -5.91
61.955 23 1.24
61.955 25 0.00
61.955 30 0.00
61.955 B1 5908.05 5705.81 
61.955 B3 5966.25 5752.46 
61.955 120 13 04 50
61.955 244 0.41
61.96 22 -5.84
61.96 23 1.25
61.96 25 0.00
61.96 30 0.00
61.96 B1 5907.69 5711.00 
61.96 B3 5965.73 5757.68 
61.96 120 13 04 50
61.96 244 0.40
61.965 22 -5.77
61.965 23 1.25
61.965 25 0.00
61.965 30 0.00
61.965 B1 5905.88 5714.60 
61.965 B3 5963.95 5761.49 
61.965 120 13 04 50
61.965 244 0.41
61.97 22 -5.70
61.97 23 1.25
61.97 25 0.00
61.97 30 0.00
61.97 B1 5905.76 5719.79 
61.97 B3 5963.65 5766.66 
61.97 120 13 04 50
61.97 244 0.41
61.975 22 -5.62
61.975 23 1.25
61.975 25 0.00
61.975 30 0.00
61.975 B1 5905.50 5724.66 
61.975 B3 5963.26 5771.60 
61.975 120 13 04 50
61.975 244 0.41
61.98 22 -5.55
61.98 23 1.25
61.98 25 0.00
61.98 30 0.00
61.98 B1 5905.15 5729.33 
61.98 B3 5962.84 5776.36 
61.98 120 13 04 50
61.98 244 0.41
61.985 22 -5.47
61.985 23 1.25
61.985 25 0.00
61.985 30 0.00
61.985 B1 5904.78 5733.83 
61.985 B3 5962.40 5780.98 
61.985 120 13 04 50
61.985 244 0.41
61.99 22 -5.40
61.99 23 1.25
61.99 25 0.00
61.99 30 0.00
61.99 B1 5904.43 5738.23 
61.99 B3 5961.98 5785.50 
61.99 120 13 04 50
61.99 244 0.41
61.995 22 -5.32
61.995 23 1.25
61.995 25 0.00
61.995 30 0.00
61.995 B1 5904.10 5742.54 
61.995 B3 5961.58 5789.92 
61.995 120 13 04 50
61.995 244 0.41
62 22 -5.24
62 23 1.25
62 25 0.00
62 30 0.00
62 B1 5903.82 5746.77 
62 B3 5961.23 5794.27 
62 120 13 04 50
62 244 0.41
62.005 22 -5.17
62.005 23 1.25
62.005 25 0.00
62.005 30 0.00
62.005 B1 5904.91 5752.27 
62.005 B3 5962.12 5799.74 
62.005 120 13 04 50
62.005 244 0.41
62.01 22 -5.09
62.01 23 1.26
62.01 25 0.00
62.01 30 0.00
62.01 B1 5904.31 5755.93 
62.01 B3 5961.56 5803.63 
62.01 120 13 04 50
62.01 244 0.41
62.015 22 -5.02
62.015 23 1.26
62.015 25 0.00
62.015 30 0.00
62.015 B1 5903.91 5759.70 
62.015 B3 5961.13 5807.56 
62.015 120 13 04 50
62.015 244 0.41
62.02 22 -4.94
62.02 23 1.25
62.02 25 0.00
62.02 30 0.00
62.02 B1 5903.68 5763.53 
62.02 B3 5960.83 5811.52 
62.02 120 13 04 50
62.02 244 0.41
62.025 22 -4.86
62.025 23 1.25
62.025 25 0.00
62.025 30 0.00
62.025 B1 5903.57 5767.38 
62.025 B3 5960.63 5815.47 
62.025 120 13 04 50
62.025 244 0.41
62.03 22 -4.79
62.03 23 1.25
62.03 25 0.00
62.03 30 0.00
62.03 B1 5903.57 5771.24 
62.03 B3 5960.53 5819.41 
62.03 120 13 04 50
62.03 244 0.41
62.035 22 -4.71
62.035 23 1.25
62.035 25 0.00
62.035 30 0.00
62.035 B1 5904.98 5776.40 
62.035 B3 5961.71 5824.53 
62.035 120 13 04 50
62.035 244 0.41
62.04 22 -4.64
62.04 23 1.25
62.04 25 0.00
62.04 30 0.00
62.04 B1 5906.03 5781.08 
62.04 B3 5962.64 5829.29 
62.04 120 13 04 50
62.04 244 0.41
62.045 22 -4.56
62.045 23 1.26
62.045 25 0.00
62.045 30 0.00
62.045 B1 5906.86 5785.44 
62.045 B3 5963.42 5833.79 
62.045 120 13 04 50
62.045 244 0.41
62.05 22 -4.49
62.05 23 1.26
62.05 25 0.00
62.05 30 0.00
62.05 B1 5906.24 5788.26 
62.05 B3 5962.91 5836.90 
62.05 120 13 04 50
62.05 244 0.41
62.055 22 -4.42
62.055 23 1.26
62.055 25 0.00
62.055 30 0.00
62.055 B1 5906.01 5791.38 
62.055 B3 5962.66 5840.18 
62.055 120 13 04 50
62.055 244 0.41
62.06 22 -4.35
62.06 23 1.25
62.06 25 0.00
62.06 30 0.00
62.06 B1 5906.04 5794.68 
62.06 B3 5962.60 5843.58 
62.06 120 13 04 50
62.06 244 0.41
62.065 22 -4.27
62.065 23 1.25
62.065 25 0.00
62.065 30 0.00
62.065 B1 5906.26 5798.08 
62.065 B3 5962.71 5847.06 
62.065 120 13 04 50
62.065 244 0.41
62.07 22 -4.20
62.07 23 1.24
62.07 25 0.00
62.07 30 0.00
62.07 B1 5907.94 5802.86 
62.07 B3 5964.15 5851.77 
62.07 120 13 04 50
62.07 244 0.41
62.075 22 -4.13
62.075 23 1.25
62.075 25 0.00
62.075 30 0.00
62.075 B1 5907.97 5805.88 
62.075 B3 5964.18 5854.97 
62.075 120 13 04 50
62.075 244 0.41
62.08 22 -4.06
62.08 23 1.25
62.08 25 -1.73
62.08 30 0.00
62.08 B1 5908.24 5809.06 
62.08 B3 5964.39 5858.27 
62.08 120 13 04 50
62.08 244 0.41
62.085 22 -5.45
62.085 23 1.18
62.085 25 -1.73
62.085 30 0.00
62.085 B1 5905.29 5808.84 
62.085 B3 5964.75 5861.63 
62.085 120 13 04 50
62.085 244 0.41
62.09 22 -5.34
62.09 23 1.17
62.09 25 -3.81
62.09 30 0.00
62.09 B1 5904.29 5809.23 
62.09 B3 5965.72 5864.43 
62.09 120 13 04 50
62.09 244 0.41
62.095 22 -6.97
62.095 23 1.01
62.095 25 -5.49
62.095 30 0.00
62.095 B1 5898.32 5803.61 
62.095 B3 5967.15 5866.83 
62.095 120 13 04 50
62.095 244 0.41
62.1 22 -8.09
62.1 23 0.81
62.1 25 -5.49
62.1 30 0.00
62.1 B1 5889.33 5792.74 
62.1 B3 5969.44 5868.19 
62.1 120 13 04 50
62.1 244 0.41
62.105 22 -7.94
62.105 23 0.77
62.105 25 -8.87
62.105 30 0.00
62.105 B1 5885.85 5785.08 
62.105 B3 5972.70 5868.23 
62.105 120 13 04 50
62.105 244 0.41
62.11 22 -9.57
62.11 23 0.35
62.11 25 -9.78
62.11 30 0.00
62.11 B1 5867.67 5760.70 
62.11 B3 5976.61 5867.32 
62.11 120 13 04 50
62.11 244 0.41
62.115 22 -9.59
62.115 23 0.18
62.115 25 -9.78
62.115 30 0.00
62.115 B1 5855.12 5740.04 
62.115 B3 5981.40 5864.84 
62.115 120 13 04 50
62.115 244 0.41
62.12 22 -9.56
62.12 23 0.12
62.12 25 -9.91
62.12 30 0.00
62.12 B1 5849.24 5724.52 
62.12 B3 5986.76 5861.09 
62.12 120 13 04 50
62.12 244 0.41
62.125 22 -9.55
62.125 23 0.06
62.125 25 -10.82
62.125 30 0.00
62.125 B1 5847.45 5711.99 
62.125 B3 5992.50 5856.38 
62.125 120 13 04 50
62.125 244 0.41
62.13 22 -9.53
62.13 23 -0.04
62.13 25 -11.21
62.13 30 0.00
62.13 B1 5845.30 5698.29 
62.13 B3 5998.49 5850.96 
62.13 120 13 04 50
62.13 244 0.41
62.135 22 -9.52
62.135 23 -0.11
62.135 25 -11.21
62.135 30 0.00
62.135 B1 5844.63 5685.56 
62.135 B3 6004.61 5844.95 
62.135 120 13 04 50
62.135 244 0.41
62.14 22 -9.51
62.14 23 -0.14
62.14 25 -11.34
62.14 30 0.00
62.14 B1 5847.15 5675.75 
62.14 B3 6010.79 5838.49 
62.14 120 13 04 50
62.14 244 0.41
62.145 22 -9.50
62.145 23 -0.16
62.145 25 -11.47
62.145 30 0.00
62.145 B1 5852.36 5668.39 
62.145 B3 6018.20 5832.89 
62.145 120 13 04 50
62.145 244 0.41
62.15 22 -9.50
62.15 23 -0.18
62.15 25 -11.47
62.15 30 0.00
62.15 B1 5856.75 5660.00 
62.15 B3 6024.09 5825.49 
62.15 120 13 04 50
62.15 244 0.41
62.155 22 -9.50
62.155 23 -0.19
62.155 25 -11.47
62.155 30 0.00
62.155 B1 5862.47 5652.84 
62.155 B3 6030.05 5818.02 
62.155 120 13 04 50
62.155 244 0.41
62.16 22 -9.50
62.16 23 -0.20
62.16 25 -11.47
62.16 30 0.00
62.16 B1 5868.98 5646.39 
62.16 B3 6036.04 5810.49 
62.16 120 13 04 50
62.16 244 0.41
62.165 22 -9.51
62.165 23 -0.20
62.165 25 -11.47
62.165 30 0.00
62.165 B1 5875.91 5640.30 
62.165 B3 6042.05 5802.92 
62.165 120 13 04 50
62.165 244 0.41
62.17 22 -9.52
62.17 23 -0.20
62.17 25 -11.47
62.17 30 0.00
62.17 B1 5883.03 5634.36 
62.17 B3 6048.05 5795.35 
62.17 120 13 04 50
62.17 244 0.41
62.175 22 -9.50
62.175 23 -0.20
62.175 25 -11.47
62.175 30 0.00
62.175 B1 5890.73 5629.02 
62.175 B3 6054.04 5787.80 
62.175 120 13 04 50
62.175 244 0.41
62.18 22 -9.47
62.18 23 -0.20
62.18 25 -11.47
62.18 30 0.00
62.18 B1 5898.78 5624.18 
62.18 B3 6059.99 5780.28 
62.18 120 13 04 50
62.18 244 0.41
62.185 22 -9.45
62.185 23 -0.19
62.185 25 -11.47
62.185 30 0.00
62.185 B1 5906.99 5619.65 
62.185 B3 6065.90 5772.83 
62.185 120 13 04 50
62.185 244 0.41
62.19 22 -9.43
62.19 23 -0.18
62.19 25 -11.47
62.19 30 0.00
62.19 B1 5915.24 5615.33 
62.19 B3 6071.75 5765.47 
62.19 120 13 04 50
62.19 244 0.41
62.195 22 -9.41
62.195 23 -0.17
62.195 25 -11.47
62.195 30 0.00
62.195 B1 5924.77 5612.45 
62.195 B3 6078.73 5759.41 
62.195 120 13 04 50
62.195 244 0.41
62.2 22 -9.39
62.2 23 -0.16
62.2 25 -11.47
62.2 30 0.00
62.2 B1 5932.45 5607.87 
62.2 B3 6084.13 5751.94 
62.2 120 13 04 50
62.2 244 0.41
62.205 22 -9.37
62.205 23 -0.15
62.205 25 -11.47
62.205 30 0.00
62.205 B1 5940.14 5603.53 
62.205 B3 6089.53 5744.70 
62.205 120 13 04 50
62.205 244 0.41
62.21 22 -9.36
62.21 23 -0.14
62.21 25 -11.47
62.21 30 0.00
62.21 B1 5947.76 5599.35 
62.21 B3 6094.91 5737.68 
62.21 120 13 04 50
62.21 244 0.41
62.215 22 -9.35
62.215 23 -0.13
62.215 25 -11.47
62.215 30 0.00
62.215 B1 5955.27 5595.27 
62.215 B3 6100.24 5730.84 
62.215 120 13 04 50
62.215 244 0.41
62.22 22 -9.34
62.22 23 -0.12
62.22 25 -11.34
62.22 30 0.00
62.22 B1 5962.62 5591.28 
62.22 B3 6105.50 5724.19 
62.22 120 13 04 50
62.22 244 0.41
62.225 22 -9.27
62.225 23 -0.09
62.225 25 -11.46
62.225 30 0.00
62.225 B1 5970.55 5588.11 
62.225 B3 6110.69 5717.73 
62.225 120 13 04 50
62.225 244 0.41
62.23 22 -9.33
62.23 23 -0.10
62.23 25 -11.46
62.23 30 0.00
62.23 B1 5977.29 5583.98 
62.23 B3 6115.79 5711.47 
62.23 120 13 04 50
62.23 244 0.41
62.235 22 -9.33
62.235 23 -0.09
62.235 25 -11.46
62.235 30 0.00
62.235 B1 5983.93 5579.99 
62.235 B3 6120.80 5705.37 
62.235 120 13 04 50
62.235 244 0.41
62.24 22 -9.33
62.24 23 -0.08
62.24 25 -11.46
62.24 30 0.00
62.24 B1 5990.42 5576.08 
62.24 B3 6125.73 5699.42 
62.24 120 13 04 50
62.24 244 0.41
62.245 22 -9.33
62.245 23 -0.08
62.245 25 -11.46
62.245 30 0.00
62.245 B1 5996.75 5572.25 
62.245 B3 6130.56 5693.63 
62.245 120 13 04 50
62.245 244 0.41
62.25 22 -9.34
62.25 23 -0.07
62.25 25 -11.34
62.25 30 0.00
62.25 B1 6002.90 5568.47 
62.25 B3 6135.29 5687.99 
62.25 120 13 04 50
62.25 244 0.41
62.255 22 -9.29
62.255 23 -0.04
62.255 25 -11.34
62.255 30 0.00
62.255 B1 6010.89 5566.79 
62.255 B3 6141.12 5683.69 
62.255 120 13 04 50
62.255 244 0.41
62.26 22 -9.30
62.26 23 -0.02
62.26 25 -11.34
62.26 30 0.00
62.26 B1 6016.68 5563.11 
62.26 B3 6145.34 5678.03 
62.26 120 13 04 50
62.26 244 0.41
62.265 22 -9.32
62.265 23 -0.02
62.265 25 -11.46
62.265 30 0.00
62.265 B1 6022.25 5559.50 
62.265 B3 6149.52 5672.65 
62.265 120 13 04 50
62.265 244 0.41
62.27 22 -9.41
62.27 23 -0.03
62.27 25 -11.46
62.27 30 0.00
62.27 B1 6026.93 5555.24 
62.27 B3 6153.66 5667.50 
62.27 120 13 04 50
62.27 244 0.41
62.275 22 -9.43
62.275 23 -0.03
62.275 25 -11.34
62.275 30 0.00
62.275 B1 6031.66 5551.25 
62.275 B3 6157.75 5662.51 
62.275 120 13 04 50
62.275 244 0.41
62.28 22 -9.38
62.28 23 0.00
62.28 25 -11.46
62.28 30 0.00
62.28 B1 6037.04 5548.15 
62.28 B3 6161.78 5657.66 
62.28 120 13 04 50
62.28 244 0.41
62.285 22 -9.48
62.285 23 -0.02
62.285 25 -11.46
62.285 30 0.00
62.285 B1 6042.74 5545.57 
62.285 B3 6166.92 5654.19 
62.285 120 13 04 50
62.285 244 0.41
62.29 22 -9.51
62.29 23 0.00
62.29 25 -11.46
62.29 30 0.00
62.29 B1 6046.67 5541.37 
62.29 B3 6170.48 5649.29 
62.29 120 13 04 50
62.29 244 0.41
62.295 22 -9.54
62.295 23 0.00
62.295 25 -11.34
62.295 30 0.00
62.295 B1 6050.67 5537.47 
62.295 B3 6174.04 5644.60 
62.295 120 13 04 50
62.295 244 0.41
62.3 22 -9.50
62.3 23 0.02
62.3 25 -11.34
62.3 30 0.00
62.3 B1 6056.64 5535.76 
62.3 B3 6178.77 5641.29 
62.3 120 13 04 50
62.3 244 0.41
62.305 22 -9.54
62.305 23 0.04
62.305 25 -11.34
62.305 30 0.00
62.305 B1 6060.57 5532.17 
62.305 B3 6181.94 5636.64 
62.305 120 13 04 50
62.305 244 0.41
62.31 22 -9.57
62.31 23 0.04
62.31 25 -11.34
62.31 30 0.00
62.31 B1 6064.37 5528.72 
62.31 B3 6185.13 5632.26 
62.31 120 13 04 50
62.31 244 0.41
62.315 22 -9.61
62.315 23 0.04
62.315 25 -11.34
62.315 30 0.00
62.315 B1 6068.04 5525.36 
62.315 B3 6188.29 5628.09 
62.315 120 13 04 50
62.315 244 0.41
62.32 22 -9.66
62.32 23 0.04
62.32 25 -11.34
62.32 30 0.00
62.32 B1 6071.57 5522.06 
62.32 B3 6191.42 5624.11 
62.32 120 13 04 50
62.32 244 0.41
62.325 22 -9.70
62.325 23 0.04
62.325 25 -11.34
62.325 30 0.00
62.325 B1 6074.96 5518.81 
62.325 B3 6194.50 5620.27 
62.325 120 13 04 50
62.325 244 0.41
62.33 22 -9.74
62.33 23 0.05
62.33 25 -11.34
62.33 30 0.00
62.33 B1 6079.53 5516.93 
62.33 B3 6198.71 5617.74 
62.33 120 13 04 50
62.33 244 0.41
62.335 22 -9.79
62.335 23 0.06
62.335 25 -11.34
62.335 30 0.00
62.335 B1 6083.54 5514.59 
62.335 B3 6202.56 5614.99 
62.335 120 13 04 50
62.335 244 0.41
62.34 22 -9.84
62.34 23 0.06
62.34 25 -11.34
62.34 30 0.00
62.34 B1 6087.13 5511.98 
62.34 B3 6206.11 5612.08 
62.34 120 13 04 50
62.34 244 0.41
62.345 22 -9.89
62.345 23 0.07
62.345 25 -11.20
62.345 30 0.00
62.345 B1 6089.07 5507.88 
62.345 B3 6208.23 5607.89 
62.345 120 13 04 50
62.345 244 0.41
62.35 22 -9.86
62.35 23 0.09
62.35 25 -11.20
62.35 30 0.00
62.35 B1 6091.84 5504.85 
62.35 B3 6210.45 5604.02 
62.35 120 13 04 50
62.35 244 0.41
62.355 22 -9.91
62.355 23 0.09
62.355 25 -11.07
62.355 30 0.00
62.355 B1 6094.42 5501.85 
62.355 B3 6212.71 5600.42 
62.355 120 13 04 50
62.355 244 0.41
62.36 22 -9.88
62.36 23 0.11
62.36 25 -10.95
62.36 30 0.00
62.36 B1 6098.81 5500.85 
62.36 B3 6216.16 5598.23 
62.36 120 13 04 50
62.36 244 0.41
62.365 22 -9.86
62.365 23 0.14
62.365 25 -10.81
62.365 30 0.00
62.365 B1 6103.03 5499.83 
62.365 B3 6219.28 5595.90 
62.365 120 13 04 50
62.365 244 0.41
62.37 22 -9.84
62.37 23 0.17
62.37 25 -10.69
62.37 30 0.00
62.37 B1 6107.06 5498.84 
62.37 B3 6222.13 5593.53 
62.37 120 13 04 50
62.37 244 0.41
62.375 22 -9.81
62.375 23 0.20
62.375 25 -10.69
62.375 30 0.00
62.375 B1 6110.88 5497.89 
62.375 B3 6224.72 5591.19 
62.375 120 13 04 50
62.375 244 0.41
62.38 22 -9.88
62.38 23 0.21
62.38 25 -10.04
62.38 30 0.00
62.38 B1 6113.89 5496.39 
62.38 B3 6227.11 5588.94 
62.38 120 13 04 50
62.38 244 0.41
62.385 22 -9.50
62.385 23 0.32
62.385 25 -10.04
62.385 30 0.00
62.385 B1 6119.27 5497.54 
62.385 B3 6229.32 5586.76 
62.385 120 13 04 50
62.385 244 0.41
62.39 22 -9.58
62.39 23 0.33
62.39 25 -9.91
62.39 30 0.00
62.39 B1 6123.11 5497.58 
62.39 B3 6231.29 5584.88 
62.39 120 13 04 50
62.39 244 0.41
62.395 22 -9.56
62.395 23 0.36
62.395 25 -9.91
62.395 30 0.00
62.395 B1 6126.43 5497.50 
62.395 B3 6233.07 5583.23 
62.395 120 13 04 50
62.395 244 0.41
62.4 22 -9.63
62.4 23 0.36
62.4 25 -9.91
62.4 30 0.00
62.4 B1 6127.48 5495.49 
62.4 B3 6233.48 5580.57 
62.4 120 13 04 50
62.4 244 0.41
62.405 22 -9.70
62.405 23 0.35
62.405 25 -9.79
62.405 30 0.00
62.405 B1 6128.29 5493.60 
62.405 B3 6234.06 5578.41 
62.405 120 13 04 50
62.405 244 0.41
62.41 22 -9.68
62.41 23 0.37
62.41 25 -9.79
62.41 30 0.00
62.41 B1 6130.78 5493.65 
62.41 B3 6235.93 5577.79 
62.41 120 13 04 50
62.41 244 0.41
62.415 22 -9.76
62.415 23 0.37
62.415 25 -9.79
62.415 30 0.00
62.415 B1 6132.51 5493.09 
62.415 B3 6237.56 5577.11 
62.415 120 13 04 50
62.415 244 0.41
62.42 22 -9.83
62.42 23 0.37
62.42 25 -9.79
62.42 30 0.00
62.42 B1 6133.70 5492.15 
62.42 B3 6238.99 5576.38 
62.42 120 13 04 50
62.42 244 0.41
62.425 22 -9.89
62.425 23 0.37
62.425 25 -9.92
62.425 30 0.00
62.425 B1 6133.19 5489.65 
62.425 B3 6239.07 5574.41 
62.425 120 13 04 50
62.425 244 0.41
62.43 22 -10.05
62.43 23 0.34
62.43 25 -9.92
62.43 30 0.00
62.43 B1 6133.57 5488.21 
62.43 B3 6240.51 5573.96 
62.43 120 13 04 50
62.43 244 0.41
62.435 22 -10.11
62.435 23 0.34
62.435 25 -9.79
62.435 30 0.00
62.435 B1 6133.86 5486.67 
62.435 B3 6241.80 5573.33 
62.435 120 13 04 50
62.435 244 0.41
62.44 22 -10.09
62.44 23 0.36
62.44 25 -9.79
62.44 30 0.00
62.44 B1 6134.64 5485.65 
62.44 B3 6242.94 5572.56 
62.44 120 13 04 50
62.44 244 0.41
62.445 22 -10.15
62.445 23 0.36
62.445 25 -9.79
62.445 30 0.00
62.445 B1 6135.14 5484.42 
62.445 B3 6243.96 5571.75 
62.445 120 13 04 50
62.445 244 0.41
62.45 22 -10.21
62.45 23 0.36
62.45 25 -9.79
62.45 30 0.00
62.45 B1 6135.42 5483.06 
62.45 B3 6244.87 5570.91 
62.45 120 13 04 50
62.45 244 0.41
62.455 22 -10.27
62.455 23 0.36
62.455 25 -9.79
62.455 30 0.00
62.455 B1 6135.55 5481.60 
62.455 B3 6245.69 5570.04 
62.455 120 13 04 50
62.455 244 0.41
62.46 22 -10.33
62.46 23 0.36
62.46 25 -9.79
62.46 30 0.00
62.46 B1 6136.89 5481.40 
62.46 B3 6247.63 5570.33 
62.46 120 13 04 50
62.46 244 0.41
62.465 22 -10.39
62.465 23 0.36
62.465 25 -9.92
62.465 30 0.00
62.465 B1 6137.72 5480.69 
62.465 B3 6249.20 5570.26 
62.465 120 13 04 50
62.465 244 0.41
62.47 22 -10.54
62.47 23 0.34
62.47 25 -9.92
62.47 30 0.00
62.47 B1 6136.27 5477.70 
62.47 B3 6249.29 5568.72 
62.47 120 13 04 50
62.47 244 0.41
62.475 22 -10.59
62.475 23 0.33
62.475 25 -9.79
62.475 30 0.00
62.475 B1 6135.22 5475.18 
62.475 B3 6249.48 5567.30 
62.475 120 13 04 50
62.475 244 0.41
62.48 22 -10.56
62.48 23 0.35
62.48 25 -9.79
62.48 30 0.00
62.48 B1 6135.04 5473.59 
62.48 B3 6249.73 5565.96 
62.48 120 13 04 50
62.48 244 0.41
62.485 22 -10.61
62.485 23 0.34
62.485 25 -9.79
62.485 30 0.00
62.485 B1 6134.80 5471.99 
62.485 B3 6249.99 5564.71 
62.485 120 13 04 50
62.485 244 0.41
62.49 22 -10.67
62.49 23 0.34
62.49 25 -9.79
62.49 30 0.00
62.49 B1 6134.50 5470.38 
62.49 B3 6250.25 5563.53 
62.49 120 13 04 50
62.49 244 0.41
62.495 22 -10.72
62.495 23 0.34
62.495 25 -9.79
62.495 30 0.00
62.495 B1 6134.15 5468.77 
62.495 B3 6250.50 5562.39 
62.495 120 13 04 50
62.495 244 0.41
62.5 22 -10.77
62.5 23 0.33
62.5 25 -9.79
62.5 30 0.00
62.5 B1 6133.75 5467.15 
62.5 B3 6250.72 5561.27 
62.5 120 13 04 50
62.5 244 0.41
62.505 22 -10.82
62.505 23 0.33
62.505 25 -9.79
62.505 30 0.00
62.505 B1 6133.32 5465.53 
62.505 B3 6250.93 5560.17 
62.505 120 13 04 50
62.505 244 0.41
62.51 22 -10.87
62.51 23 0.33
62.51 25 -9.79
62.51 30 0.00
62.51 B1 6134.17 5465.22 
62.51 B3 6252.30 5560.26 
62.51 120 13 04 50
62.51 244 0.41
62.515 22 -10.92
62.515 23 0.33
62.515 25 -9.79
62.515 30 0.00
62.515 B1 6134.57 5464.42 
62.515 B3 6253.34 5560.01 
62.515 120 13 04 50
62.515 244 0.41
62.52 22 -10.96
62.52 23 0.34
62.52 25 -9.79
62.52 30 0.00
62.52 B1 6134.66 5463.31 
62.52 B3 6254.14 5559.51 
62.52 120 13 04 50
62.52 244 0.41
62.525 22 -11.01
62.525 23 0.34
62.525 25 -9.79
62.525 30 0.00
62.525 B1 6134.52 5462.01 
62.525 B3 6254.73 5558.83 
62.525 120 13 04 50
62.525 244 0.41
62.53 22 -11.06
62.53 23 0.34
62.53 25 -9.79
62.53 30 0.00
62.53 B1 6134.23 5460.60 
62.53 B3 6255.17 5558.04 
62.53 120 13 04 50
62.53 244 0.41
62.535 22 -11.10
62.535 23 0.34
62.535 25 -9.79
62.535 30 0.00
62.535 B1 6133.83 5459.12 
62.535 B3 6255.49 5557.15 
62.535 120 13 04 50
62.535 244 0.41
62.54 22 -11.14
62.54 23 0.33
62.54 25 -9.79
62.54 30 0.00
62.54 B1 6132.02 5456.26 
62.54 B3 6254.51 5555.00 
62.54 120 13 04 50
62.54 244 0.41
62.545 22 -11.19
62.545 23 0.32
62.545 25 -9.79
62.545 30 0.00
62.545 B1 6131.89 5455.20 
62.545 B3 6254.93 5554.35 
62.545 120 13 04 50
62.545 244 0.41
62.55 22 -11.23
62.55 23 0.33
62.55 25 -9.79
62.55 30 0.00
62.55 B1 6131.56 5453.92 
62.55 B3 6255.20 5553.56 
62.55 120 13 04 50
62.55 244 0.41
62.555 22 -11.27
62.555 23 0.33
62.555 25 -9.79
62.555 30 0.00
62.555 B1 6131.09 5452.52 
62.555 B3 6255.36 5552.67 
62.555 120 13 04 50
62.555 244 0.41
62.56 22 -11.31
62.56 23 0.32
62.56 25 -9.79
62.56 30 0.00
62.56 B1 6130.52 5451.04 
62.56 B3 6255.41 5551.70 
62.56 120 13 04 50
62.56 244 0.41
62.565 22 -11.35
62.565 23 0.32
62.565 25 -9.79
62.565 30 0.00
62.565 B1 6129.88 5449.51 
62.565 B3 6255.39 5550.68 
62.565 120 13 04 50
62.565 244 0.41
62.57 22 -11.39
62.57 23 0.32
62.57 25 -9.79
62.57 30 0.00
62.57 B1 6129.19 5447.95 
62.57 B3 6255.29 5549.61 
62.57 120 13 04 50
62.57 244 0.41
62.575 22 -11.42
62.575 23 0.32
62.575 25 -9.79
62.575 30 0.00
62.575 B1 6128.44 5446.37 
62.575 B3 6255.13 5548.52 
62.575 120 13 04 50
62.575 244 0.42
62.58 22 -11.46
62.58 23 0.32
62.58 25 -9.79
62.58 30 0.00
62.58 B1 6128.97 5446.10 
62.58 B3 6256.12 5548.60 
62.58 120 13 04 50
62.58 244 0.41
62.585 22 -11.50
62.585 23 0.33
62.585 25 -9.79
62.585 30 0.00
62.585 B1 6127.73 5444.01 
62.585 B3 6255.57 5547.12 
62.585 120 13 04 50
62.585 244 0.41
62.59 22 -11.53
62.59 23 0.32
62.59 25 -9.79
62.59 30 0.00
62.59 B1 6126.60 5442.09 
62.59 B3 6255.05 5545.72 
62.59 120 13 04 50
62.59 244 0.41
62.595 22 -11.57
62.595 23 0.32
62.595 25 -9.79
62.595 30 0.00
62.595 B1 6125.53 5440.30 
62.595 B3 6254.54 5544.39 
62.595 120 13 04 50
62.595 244 0.41
62.6 22 -11.60
62.6 23 0.31
62.6 25 -9.79
62.6 30 0.00
62.6 B1 6124.50 5438.57 
62.6 B3 6254.05 5543.11 
62.6 120 13 04 50
62.6 244 0.42
62.605 22 -11.63
62.605 23 0.31
62.605 25 -9.79
62.605 30 0.00
62.605 B1 6124.80 5438.21 
62.605 B3 6254.74 5543.04 
62.605 120 13 04 50
62.605 244 0.41
62.61 22 -11.67
62.61 23 0.32
62.61 25 -9.79
62.61 30 0.00
62.61 B1 6123.37 5436.05 
62.61 B3 6253.93 5541.43 
62.61 120 13 04 50
62.61 244 0.41
62.615 22 -11.70
62.615 23 0.31
62.615 25 -9.79
62.615 30 0.00
62.615 B1 6122.08 5434.10 
62.615 B3 6253.18 5539.95 
62.615 120 13 04 50
62.615 244 0.41
62.62 22 -11.73
62.62 23 0.31
62.62 25 -9.79
62.62 30 0.00
62.62 B1 6120.87 5432.28 
62.62 B3 6252.46 5538.54 
62.62 120 13 04 50
62.62 244 0.41
62.625 22 -11.76
62.625 23 0.31
62.625 25 -9.40
62.625 30 0.00
62.625 B1 6119.70 5430.53 
62.625 B3 6251.77 5537.19 
62.625 120 13 04 50
62.625 244 0.41
62.63 22 -11.56
62.63 23 0.36
62.63 25 -9.27
62.63 30 0.00
62.63 B1 6120.51 5430.86 
62.63 B3 6251.08 5535.87 
62.63 120 13 04 50
62.63 244 0.41
62.635 22 -11.52
62.635 23 0.39
62.635 25 -8.89
62.635 30 0.00
62.635 B1 6121.26 5431.24 
62.635 B3 6250.35 5534.70 
62.635 120 13 04 50
62.635 244 0.41
62.64 22 -11.31
62.64 23 0.45
62.64 25 -8.50
62.64 30 0.00
62.64 B1 6123.14 5432.94 
62.64 B3 6249.55 5533.68 
62.64 120 13 04 50
62.64 244 0.42
62.645 22 -11.09
62.645 23 0.51
62.645 25 -8.24
62.645 30 0.00
62.645 B1 6126.94 5436.83 
62.645 B3 6249.85 5534.10 
62.645 120 13 04 50
62.645 244 0.42
62.65 22 -10.96
62.65 23 0.57
62.65 25 -8.24
62.65 30 0.00
62.65 B1 6130.01 5440.26 
62.65 B3 6249.72 5534.46 
62.65 120 13 04 50
62.65 244 0.42
62.655 22 -11.01
62.655 23 0.58
62.655 25 -7.98
62.655 30 0.00
62.655 B1 6131.39 5442.30 
62.655 B3 6249.24 5534.89 
62.655 120 13 04 50
62.655 244 0.41
62.66 22 -10.88
62.66 23 0.63
62.66 25 -7.72
62.66 30 0.00
62.66 B1 6131.44 5443.33 
62.66 B3 6247.31 5534.15 
62.66 120 13 04 50
62.66 244 0.42
62.665 22 -10.74
62.665 23 0.66
62.665 25 -7.72
62.665 30 0.00
62.665 B1 6133.11 5446.41 
62.665 B3 6246.64 5535.07 
62.665 120 13 04 50
62.665 244 0.42
62.67 22 -10.80
62.67 23 0.67
62.67 25 -7.59
62.67 30 0.00
62.67 B1 6133.44 5448.43 
62.67 B3 6245.69 5536.06 
62.67 120 13 04 50
62.67 244 0.42
62.675 22 -10.75
62.675 23 0.69
62.675 25 -7.59
62.675 30 0.00
62.675 B1 6133.42 5450.33 
62.675 B3 6244.54 5537.06 
62.675 120 13 04 50
62.675 244 0.42
62.68 22 -10.80
62.68 23 0.70
62.68 25 -7.34
62.68 30 0.00
62.68 B1 6132.60 5451.64 
62.68 B3 6243.22 5538.11 
62.68 120 13 04 50
62.68 244 0.41
62.685 22 -10.67
62.685 23 0.73
62.685 25 -7.21
62.685 30 0.00
62.685 B1 6130.97 5452.34 
62.685 B3 6240.59 5537.99 
62.685 120 13 04 50
62.685 244 0.42
62.69 22 -10.62
62.69 23 0.74
62.69 25 -7.08
62.69 30 0.00
62.69 B1 6130.86 5454.85 
62.69 B3 6239.34 5539.51 
62.69 120 13 04 50
62.69 244 0.42
62.695 22 -10.58
62.695 23 0.77
62.695 25 -6.56
62.695 30 0.00
62.695 B1 6130.44 5457.19 
62.695 B3 6237.90 5541.02 
62.695 120 13 04 50
62.695 244 0.42
62.7 22 -10.23
62.7 23 0.84
62.7 25 -6.56
62.7 30 0.00
62.7 B1 6131.26 5461.00 
62.7 B3 6236.32 5542.55 
62.7 120 13 04 50
62.7 244 0.42
62.705 22 -10.29
62.705 23 0.84
62.705 25 -4.89
62.705 30 0.00
62.705 B1 6130.82 5463.87 
62.705 B3 6234.54 5544.29 
62.705 120 13 04 50
62.705 244 0.42
62.71 22 -8.99
62.71 23 1.04
62.71 25 -4.89
62.71 30 0.00
62.71 B1 6134.99 5471.81 
62.71 B3 6232.62 5546.14 
62.71 120 13 04 50
62.71 244 0.42
62.715 22 -9.08
62.715 23 1.05
62.715 25 -4.51
62.715 30 0.00
62.715 B1 6136.38 5478.00 
62.715 B3 6230.24 5548.73 
62.715 120 13 04 50
62.715 244 0.42
62.72 22 -8.85
62.72 23 1.10
62.72 25 -3.10
62.72 30 0.00
62.72 B1 6137.00 5484.18 
62.72 B3 6227.56 5551.81 
62.72 120 13 04 50
62.72 244 0.42
62.725 22 -7.75
62.725 23 1.22
62.725 25 -3.10
62.725 30 0.00
62.725 B1 6140.52 5494.10 
62.725 B3 6225.78 5556.53 
62.725 120 13 04 50
62.725 244 0.42
62.73 22 -7.87
62.73 23 1.24
62.73 25 -3.10
62.73 30 0.00
62.73 B1 6141.09 5502.32 
62.73 B3 6223.16 5561.73 
62.73 120 13 04 50
62.73 244 0.42
62.735 22 -7.98
62.735 23 1.25
62.735 25 -3.10
62.735 30 0.00
62.735 B1 6139.74 5509.43 
62.735 B3 6219.96 5567.22 
62.735 120 13 04 50
62.735 244 0.42
62.74 22 -8.08
62.74 23 1.25
62.74 25 -1.95
62.74 30 0.00
62.74 B1 6137.13 5515.81 
62.74 B3 6216.39 5572.87 
62.74 120 13 04 50
62.74 244 0.42
62.745 22 -7.21
62.745 23 1.32
62.745 25 -1.70
62.745 30 0.00
62.745 B1 6135.87 5523.93 
62.745 B3 6212.59 5578.57 
62.745 120 13 04 50
62.745 244 0.42
62.75 22 -7.12
62.75 23 1.34
62.75 25 -1.70
62.75 30 0.00
62.75 B1 6133.50 5531.82 
62.75 B3 6208.35 5584.70 
62.75 120 13 04 50
62.75 244 0.42
62.755 22 -7.22
62.755 23 1.34
62.755 25 -1.57
62.755 30 0.00
62.755 B1 6130.01 5539.25 
62.755 B3 6203.76 5591.16 
62.755 120 13 04 50
62.755 244 0.42
62.76 22 -7.22
62.76 23 1.35
62.76 25 -1.57
62.76 30 0.00
62.76 B1 6126.03 5546.53 
62.76 B3 6198.97 5597.80 
62.76 120 13 04 50
62.76 244 0.42
62.765 22 -7.31
62.765 23 1.35
62.765 25 -0.20
62.765 30 0.00
62.765 B1 6121.55 5553.52 
62.765 B3 6194.06 5604.56 
62.765 120 13 04 50
62.765 244 0.42
62.77 22 -6.29
62.77 23 1.38
62.77 25 -0.20
62.77 30 0.00
62.77 B1 6117.23 5560.85 
62.77 B3 6187.92 5610.14 
62.77 120 13 04 50
62.77 244 0.42
62.775 22 -6.38
62.775 23 1.38
62.775 25 0.00
62.775 30 0.00
62.775 B1 6112.29 5568.43 
62.775 B3 6181.71 5616.52 
62.775 120 13 04 50
62.775 244 0.42
62.78 22 -6.32
62.78 23 1.38
62.78 25 0.00
62.78 30 0.00
62.78 B1 6108.51 5577.63 
62.78 B3 6176.71 5624.58 
62.78 120 13 04 50
62.78 244 0.42
62.785 22 -6.41
62.785 23 1.38
62.785 25 0.00
62.785 30 0.00
62.785 B1 6104.02 5586.36 
62.785 B3 6171.44 5632.65 
62.785 120 13 04 50
62.785 244 0.43
62.79 22 -6.49
62.79 23 1.39
62.79 25 0.00
62.79 30 0.00
62.79 B1 6100.46 5596.05 
62.79 B3 6167.21 5641.88 
62.79 120 13 04 50
62.79 244 0.42
62.795 22 -6.56
62.795 23 1.40
62.795 25 0.00
62.795 30 0.00
62.795 B1 6094.96 5603.66 
62.795 B3 6161.44 5649.49 
62.795 120 13 04 50
62.795 244 0.42
62.8 22 -6.62
62.8 23 1.40
62.8 25 0.00
62.8 30 0.00
62.8 B1 6089.54 5611.21 
62.8 B3 6155.78 5657.09 
62.8 120 13 04 50
62.8 244 0.42
62.805 22 -6.68
62.805 23 1.40
62.805 25 0.00
62.805 30 0.00
62.805 B1 6084.25 5618.67 
62.805 B3 6150.25 5664.65 
62.805 120 13 04 50
62.805 244 0.42
62.81 22 -6.73
62.81 23 1.39
62.81 25 0.00
62.81 30 0.00
62.81 B1 6079.10 5626.01 
62.81 B3 6144.89 5672.12 
62.81 120 13 04 50
62.81 244 0.42
62.815 22 -6.77
62.815 23 1.39
62.815 25 0.00
62.815 30 0.00
62.815 B1 6074.13 5633.23 
62.815 B3 6139.70 5679.50 
62.815 120 13 04 50
62.815 244 0.42
62.82 22 -6.80
62.82 23 1.39
62.82 25 0.00
62.82 30 0.00
62.82 B1 6069.34 5640.33 
62.82 B3 6134.70 5686.76 
62.82 120 13 04 50
62.82 244 0.42
62.825 22 -6.83
62.825 23 1.39
62.825 25 0.00
62.825 30 0.00
62.825 B1 6064.74 5647.29 
62.825 B3 6129.89 5693.91 
62.825 120 13 04 50
62.825 244 0.42
62.83 22 -6.85
62.83 23 1.39
62.83 25 0.00
62.83 30 0.00
62.83 B1 6060.32 5654.13 
62.83 B3 6125.26 5700.93 
62.83 120 13 04 50
62.83 244 0.43
62.835 22 -6.87
62.835 23 1.39
62.835 25 0.00
62.835 30 0.00
62.835 B1 6057.41 5662.17 
62.835 B3 6122.03 5709.01 
62.835 120 13 04 50
62.835 244 0.43
62.84 22 -6.88
62.84 23 1.39
62.84 25 0.00
62.84 30 0.00
62.84 B1 6054.25 5669.62 
62.84 B3 6118.68 5716.64 
62.84 120 13 04 50
62.84 244 0.43
62.845 22 -6.88
62.845 23 1.40
62.845 25 0.00
62.845 30 0.00
62.845 B1 6051.00 5676.66 
62.845 B3 6115.30 5723.90 
62.845 120 13 04 50
62.845 244 0.43
62.85 22 -6.88
62.85 23 1.40
62.85 25 0.00
62.85 30 0.00
62.85 B1 6047.73 5683.39 
62.85 B3 6111.94 5730.89 
62.85 120 13 04 50
62.85 244 0.42
62.855 22 -6.88
62.855 23 1.40
62.855 25 0.00
62.855 30 0.00
62.855 B1 6043.19 5688.59 
62.855 B3 6107.44 5736.44 
62.855 120 13 04 50
62.855 244 0.42
62.86 22 -6.86
62.86 23 1.39
62.86 25 0.00
62.86 30 0.00
62.86 B1 6039.16 5694.07 
62.86 B3 6103.34 5742.14 
62.86 120 13 04 50
62.86 244 0.43
62.865 22 -6.85
62.865 23 1.39
62.865 25 0.00
62.865 30 0.00
62.865 B1 6036.85 5701.02 
62.865 B3 6100.76 5749.11 
62.865 120 13 04 50
62.865 244 0.43
62.87 22 -6.83
62.87 23 1.39
62.87 25 0.00
62.87 30 0.00
62.87 B1 6034.42 5707.57 
62.87 B3 6098.16 5755.76 
62.87 120 13 04 50
62.87 244 0.43
62.875 22 -6.80
62.875 23 1.39
62.875 25 0.00
62.875 30 0.00
62.875 B1 6031.96 5713.84 
62.875 B3 6095.59 5762.17 
62.875 120 13 04 50
62.875 244 0.43
62.88 22 -6.77
62.88 23 1.39
62.88 25 0.00
62.88 30 0.00
62.88 B1 6029.53 5719.89 
62.88 B3 6093.07 5768.38 
62.88 120 13 04 50
62.88 244 0.43
62.885 22 -6.74
62.885 23 1.39
62.885 25 0.00
62.885 30 0.00
62.885 B1 6027.16 5725.78 
62.885 B3 6090.62 5774.42 
62.885 120 13 04 50
62.885 244 0.43
62.89 22 -6.70
62.89 23 1.39
62.89 25 0.00
62.89 30 0.00
62.89 B1 6024.89 5731.54 
62.89 B3 6088.27 5780.33 
62.89 120 13 04 50
62.89 244 0.43
62.895 22 -6.66
62.895 23 1.39
62.895 25 0.00
62.895 30 0.00
62.895 B1 6022.71 5737.18 
62.895 B3 6086.02 5786.11 
62.895 120 13 04 50
62.895 244 0.43
62.9 22 -6.61
62.9 23 1.39
62.9 25 0.00
62.9 30 0.00
62.9 B1 6020.64 5742.74 
62.9 B3 6083.88 5791.80 
62.9 120 13 04 50
62.9 244 0.43
62.905 22 -6.57
62.905 23 1.39
62.905 25 0.00
62.905 30 0.00
62.905 B1 6018.69 5748.21 
62.905 B3 6081.84 5797.38 
62.905 120 13 04 50
62.905 244 0.43
62.91 22 -6.52
62.91 23 1.39
62.91 25 0.00
62.91 30 0.00
62.91 B1 6016.85 5753.60 
62.91 B3 6079.92 5802.88 
62.91 120 13 04 50
62.91 244 0.43
62.915 22 -6.46
62.915 23 1.39
62.915 25 0.00
62.915 30 0.00
62.915 B1 6015.13 5758.92 
62.915 B3 6078.11 5808.31 
62.915 120 13 04 50
62.915 244 0.43
62.92 22 -6.41
62.92 23 1.39
62.92 25 0.00
62.92 30 0.00
62.92 B1 6013.52 5764.17 
62.92 B3 6076.41 5813.66 
62.92 120 13 04 50
62.92 244 0.43
62.925 22 -6.35
62.925 23 1.39
62.925 25 0.00
62.925 30 0.00
62.925 B1 6012.02 5769.36 
62.925 B3 6074.82 5818.93 
62.925 120 13 04 50
62.925 244 0.43
62.93 22 -6.29
62.93 23 1.38
62.93 25 0.00
62.93 30 0.00
62.93 B1 6010.63 5774.49 
62.93 B3 6073.33 5824.14 
62.93 120 13 04 50
62.93 244 0.43
62.935 22 -6.23
62.935 23 1.38
62.935 25 0.00
62.935 30 0.00
62.935 B1 6009.34 5779.55 
62.935 B3 6071.95 5829.29 
62.935 120 13 04 50
62.935 244 0.43
62.94 22 -6.16
62.94 23 1.38
62.94 25 0.00
62.94 30 0.00
62.94 B1 6008.16 5784.56 
62.94 B3 6070.67 5834.38 
62.94 120 13 04 50
62.94 244 0.43
62.945 22 -6.10
62.945 23 1.38
62.945 25 0.00
62.945 30 0.00
62.945 B1 6007.07 5789.51 
62.945 B3 6069.49 5839.41 
62.945 120 13 04 50
62.945 244 0.43
62.95 22 -6.03
62.95 23 1.38
62.95 25 0.00
62.95 30 0.00
62.95 B1 6006.09 5794.41 
62.95 B3 6068.41 5844.39 
62.95 120 13 04 50
62.95 244 0.43
62.955 22 -5.96
62.955 23 1.38
62.955 25 0.00
62.955 30 0.00
62.955 B1 6005.20 5799.25 
62.955 B3 6067.42 5849.31 
62.955 120 13 04 50
62.955 244 0.43
62.96 22 -5.89
62.96 23 1.38
62.96 25 0.00
62.96 30 0.00
62.96 B1 6004.41 5804.04 
62.96 B3 6066.52 5854.18 
62.96 120 13 04 50
62.96 244 0.43
62.965 22 -5.82
62.965 23 1.37
62.965 25 0.00
62.965 30 0.00
62.965 B1 6003.70 5808.78 
62.965 B3 6065.70 5859.00 
62.965 120 13 04 50
62.965 244 0.43
62.97 22 -5.75
62.97 23 1.37
62.97 25 0.00
62.97 30 0.00
62.97 B1 6003.08 5813.48 
62.97 B3 6064.98 5863.77 
62.97 120 13 04 50
62.97 244 0.43
62.975 22 -5.68
62.975 23 1.37
62.975 25 0.00
62.975 30 0.00
62.975 B1 6002.54 5818.12 
62.975 B3 6064.34 5868.49 
62.975 120 13 04 50
62.975 244 0.43
62.98 22 -5.60
62.98 23 1.37
62.98 25 0.00
62.98 30 0.00
62.98 B1 6002.09 5822.71 
62.98 B3 6063.78 5873.16 
62.98 120 13 04 50
62.98 244 0.43
62.985 22 -5.53
62.985 23 1.37
62.985 25 0.00
62.985 30 0.00
62.985 B1 6001.72 5827.25 
62.985 B3 6063.30 5877.79 
62.985 120 13 04 50
62.985 244 0.43
62.99 22 -5.46
62.99 23 1.37
62.99 25 0.00
62.99 30 0.00
62.99 B1 6001.42 5831.76 
62.99 B3 6062.90 5882.37 
62.99 120 13 04 50
62.99 244 0.43
62.995 22 -5.38
62.995 23 1.37
62.995 25 0.00
62.995 30 0.00
62.995 B1 6002.53 5837.53 
62.995 B3 6063.77 5888.11 
62.995 120 13 04 50
62.995 244 0.43
63 22 -5.31
63 23 1.38
63 25 0.00
63 30 0.00
63 B1 6003.28 5842.81 
63 B3 6064.41 5893.47 
63 120 13 04 50
63 244 0.43
63.005 22 -5.23
63.005 23 1.38
63.005 25 0.00
63.005 30 0.00
63.005 B1 6003.81 5847.74 
63.005 B3 6064.89 5898.55 
63.005 120 13 04 50
63.005 244 0.43
63.01 22 -5.16
63.01 23 1.38
63.01 25 0.00
63.01 30 0.00
63.01 B1 6004.23 5852.45 
63.01 B3 6065.28 5903.42 
63.01 120 13 04 50
63.01 244 0.43
63.015 22 -5.08
63.015 23 1.38
63.015 25 0.00
63.015 30 0.00
63.015 B1 6004.59 5857.00 
63.015 B3 6065.62 5908.14 
63.015 120 13 04 50
63.015 244 0.43
63.02 22 -5.01
63.02 23 1.38
63.02 25 0.00
63.02 30 0.00
63.02 B1 6004.93 5861.42 
63.02 B3 6065.93 5912.73 
63.02 120 13 04 50
63.02 244 0.44
63.025 22 -4.93
63.025 23 1.38
63.025 25 0.00
63.025 30 0.00
63.025 B1 6007.93 5868.40 
63.025 B3 6068.65 5919.62 
63.025 120 13 04 50
63.025 244 0.43
63.03 22 -4.86
63.03 23 1.40
63.03 25 0.00
63.03 30 0.00
63.03 B1 6007.45 5871.76 
63.03 B3 6068.37 5923.37 
63.03 120 13 04 50
63.03 244 0.44
63.035 22 -4.78
63.035 23 1.40
63.035 25 0.00
63.035 30 0.00
63.035 B1 6009.95 5878.02 
63.035 B3 6070.68 5929.63 
63.035 120 13 04 50
63.035 244 0.44
63.04 22 -4.71
63.04 23 1.41
63.04 25 0.00
63.04 30 0.00
63.04 B1 6011.82 5883.53 
63.04 B3 6072.53 5935.31 
63.04 120 13 04 50
63.04 244 0.44
63.045 22 -4.63
63.045 23 1.42
63.045 25 0.00
63.045 30 0.00
63.045 B1 6013.29 5888.54 
63.045 B3 6074.06 5940.57 
63.045 120 13 04 50
63.045 244 0.43
63.05 22 -4.56
63.05 23 1.42
63.05 25 0.00
63.05 30 0.00
63.05 B1 6011.88 5890.58 
63.05 B3 6072.98 5943.13 
63.05 120 13 04 50
63.05 244 0.43
63.055 22 -4.49
63.055 23 1.41
63.055 25 0.00
63.055 30 0.00
63.055 B1 6011.20 5893.29 
63.055 B3 6072.38 5946.10 
63.055 120 13 04 50
63.055 244 0.43
63.06 22 -4.42
63.06 23 1.40
63.06 25 0.00
63.06 30 0.00
63.06 B1 6011.01 5896.43 
63.06 B3 6072.15 5949.37 
63.06 120 13 04 50
63.06 244 0.43
63.065 22 -4.34
63.065 23 1.39
63.065 25 0.00
63.065 30 0.00
63.065 B1 6011.17 5899.83 
63.065 B3 6072.18 5952.82 
63.065 120 13 04 50
63.065 244 0.44
63.07 22 -4.27
63.07 23 1.39
63.07 25 0.00
63.07 30 0.00
63.07 B1 6014.22 5906.02 
63.07 B3 6074.82 5958.79 
63.07 120 13 04 50
63.07 244 0.44
63.075 22 -4.20
63.075 23 1.40
63.075 25 0.00
63.075 30 0.00
63.075 B1 6016.57 5911.40 
63.075 B3 6077.01 5964.19 
63.075 120 13 04 50
63.075 244 0.44
63.08 22 -4.13
63.08 23 1.41
63.08 25 0.00
63.08 30 0.00
63.08 B1 6018.49 5916.25 
63.08 B3 6078.89 5969.18 
63.08 120 13 04 50
63.08 244 0.43
63.085 22 -4.06
63.085 23 1.41
63.085 25 0.00
63.085 30 0.00
63.085 B1 6017.50 5918.09 
63.085 B3 6078.16 5971.47 
63.085 120 13 04 50
63.085 244 0.44
63.09 22 -3.99
63.09 23 1.40
63.09 25 0.00
63.09 30 0.00
63.09 B1 6019.84 5923.23 
63.09 B3 6080.30 5976.58 
63.09 120 13 04 50
63.09 244 0.44
63.095 22 -3.93
63.095 23 1.41
63.095 25 0.00
63.095 30 0.00
63.095 B1 6023.12 5929.20 
63.095 B3 6083.37 5982.52 
63.095 120 13 04 50
63.095 244 0.44
63.1 22 -3.86
63.1 23 1.42
63.1 25 0.00
63.1 30 0.00
63.1 B1 6025.73 5934.40 
63.1 B3 6085.95 5987.87 
63.1 120 13 04 50
63.1 244 0.44
63.105 22 -3.79
63.105 23 1.43
63.105 25 0.00
63.105 30 0.00
63.105 B1 6027.89 5939.09 
63.105 B3 6088.19 5992.79 
63.105 120 13 04 50
63.105 244 0.44
63.11 22 -3.73
63.11 23 1.44
63.11 25 0.00
63.11 30 0.00
63.11 B1 6028.47 5942.12 
63.11 B3 6088.99 5996.21 
63.11 120 13 04 50
63.11 244 0.44
63.115 22 -3.66
63.115 23 1.43
63.115 25 0.00
63.115 30 0.00
63.115 B1 6030.64 5946.68 
63.115 B3 6091.14 6000.90 
63.115 120 13 04 50
63.115 244 0.44
63.12 22 -3.60
63.12 23 1.44
63.12 25 0.00
63.12 30 0.00
63.12 B1 6032.56 5950.92 
63.12 B3 6093.09 6005.33 
63.12 120 13 04 50
63.12 244 0.44
63.125 22 -3.54
63.125 23 1.44
63.125 25 0.00
63.125 30 0.00
63.125 B1 6034.34 5954.95 
63.125 B3 6094.92 6009.56 
63.125 120 13 04 50
63.125 244 0.44
63.13 22 -3.47
63.13 23 1.44
63.13 25 0.00
63.13 30 0.00
63.13 B1 6036.03 5958.83 
63.13 B3 6096.66 6013.63 
63.13 120 13 04 50
63.13 244 0.44
63.135 22 -3.41
63.135 23 1.44
63.135 25 0.00
63.135 30 0.00
63.135 B1 6037.68 5962.60 
63.135 B3 6098.35 6017.59 
63.135 120 13 04 50
63.135 244 0.44
63.14 22 -3.35
63.14 23 1.44
63.14 25 0.00
63.14 30 0.00
63.14 B1 6039.30 5966.29 
63.14 B3 6100.01 6021.45 
63.14 120 13 04 50
63.14 244 0.44
63.145 22 -3.29
63.145 23 1.44
63.145 25 0.00
63.145 30 0.00
63.145 B1 6039.61 5968.61 
63.145 B3 6100.46 6024.04 
63.145 120 13 04 50
63.145 244 0.44
63.15 22 -3.23
63.15 23 1.43
63.15 25 0.00
63.15 30 0.00
63.15 B1 6040.36 5971.32 
63.15 B3 6101.22 6026.89 
63.15 120 13 04 50
63.15 244 0.44
63.155 22 -3.18
63.155 23 1.43
63.155 25 0.00
63.155 30 0.00
63.155 B1 6042.74 5975.60 
63.155 B3 6103.42 6031.12 
63.155 120 13 04 50
63.155 244 0.44
63.16 22 -3.12
63.16 23 1.43
63.16 25 0.00
63.16 30 0.00
63.16 B1 6044.89 5979.59 
63.16 B3 6105.48 6035.15 
63.16 120 13 04 50
63.16 244 0.44
63.165 22 -3.06
63.165 23 1.43
63.165 25 0.00
63.165 30 0.00
63.165 B1 6046.91 5983.38 
63.165 B3 6107.45 6039.02 
63.165 120 13 04 50
63.165 244 0.44
63.17 22 -3.01
63.17 23 1.44
63.17 25 -0.74
63.17 30 0.00
63.17 B1 6048.84 5987.03 
63.17 B3 6109.37 6042.79 
63.17 120 13 04 50
63.17 244 0.44
63.175 22 -3.56
63.175 23 1.42
63.175 25 -0.74
63.175 30 0.00
63.175 B1 6048.37 5988.22 
63.175 B3 6110.06 6045.26 
63.175 120 13 04 50
63.175 244 0.44
63.18 22 -3.49
63.18 23 1.41
63.18 25 -0.74
63.18 30 0.00
63.18 B1 6048.94 5989.86 
63.18 B3 6111.26 6047.75 
63.18 120 13 04 50
63.18 244 0.44
63.185 22 -3.43
63.185 23 1.40
63.185 25 -1.64
63.185 30 0.00
63.185 B1 6050.21 5991.81 
63.185 B3 6112.83 6050.25 
63.185 120 13 04 50
63.185 244 0.44
63.19 22 -4.11
63.19 23 1.37
63.19 25 -1.64
63.19 30 0.00
63.19 B1 6051.63 5993.63 
63.19 B3 6115.86 6053.93 
63.19 120 13 04 50
63.19 244 0.44
63.195 22 -4.03
63.195 23 1.37
63.195 25 -1.90
63.195 30 0.00
63.195 B1 6053.81 5995.37 
63.195 B3 6119.05 6057.00 
63.195 120 13 04 50
63.195 244 0.44
63.2 22 -4.17
63.2 23 1.35
63.2 25 -2.16
63.2 30 0.00
63.2 B1 6054.64 5995.20 
63.2 B3 6121.13 6058.42 
63.2 120 13 04 50
63.2 244 0.44
63.205 22 -4.30
63.205 23 1.33
63.205 25 -3.18
63.205 30 0.00
63.205 B1 6057.26 5996.30 
63.205 B3 6124.85 6060.95 
63.205 120 13 04 50
63.205 244 0.44
63.21 22 -5.10
63.21 23 1.26
63.21 25 -3.70
63.21 30 0.00
63.21 B1 6056.50 5993.45 
63.21 B3 6127.45 6061.83 
63.21 120 13 04 50
63.21 244 0.44
63.215 22 -5.43
63.215 23 1.21
63.215 25 -3.70
63.215 30 0.00
63.215 B1 6056.29 5990.06 
63.215 B3 6130.68 6062.32 
63.215 120 13 04 50
63.215 244 0.44
63.22 22 -5.32
63.22 23 1.19
63.22 25 -3.96
63.22 30 0.00
63.22 B1 6058.14 5987.70 
63.22 B3 6134.50 6062.38 
63.22 120 13 04 50
63.22 244 0.44
63.225 22 -5.44
63.225 23 1.16
63.225 25 -4.09
63.225 30 0.00
63.225 B1 6061.85 5986.55 
63.225 B3 6139.89 6063.31 
63.225 120 13 04 50
63.225 244 0.44
63.23 22 -5.44
63.23 23 1.15
63.23 25 -4.35
63.23 30 0.00
63.23 B1 6065.95 5985.24 
63.23 B3 6145.29 6063.64 
63.23 120 13 04 50
63.23 244 0.44
63.235 22 -5.55
63.235 23 1.13
63.235 25 -4.61
63.235 30 0.00
63.235 B1 6069.91 5983.37 
63.235 B3 6150.72 6063.50 
63.235 120 13 04 50
63.235 244 0.44
63.24 22 -5.67
63.24 23 1.11
63.24 25 -4.61
63.24 30 0.00
63.24 B1 6072.47 5979.72 
63.24 B3 6154.98 6061.76 
63.24 120 13 04 50
63.24 244 0.44
63.245 22 -5.58
63.245 23 1.10
63.245 25 -4.61
63.245 30 0.00
63.245 B1 6076.33 5977.02 
63.245 B3 6159.63 6059.98 
63.245 120 13 04 50
63.245 244 0.44
63.25 22 -5.48
63.25 23 1.10
63.25 25 -4.61
63.25 30 0.00
63.25 B1 6081.00 5974.97 
63.25 B3 6164.52 6058.20 
63.25 120 13 04 50
63.25 244 0.44
63.255 22 -5.40
63.255 23 1.10
63.255 25 -4.61
63.255 30 0.00
63.255 B1 6086.15 5973.37 
63.255 B3 6169.56 6056.44 
63.255 120 13 04 50
63.255 244 0.44
63.26 22 -5.32
63.26 23 1.10
63.26 25 -4.74
63.26 30 0.00
63.26 B1 6091.59 5972.09 
63.26 B3 6174.67 6054.75 
63.26 120 13 04 50
63.26 244 0.44
63.265 22 -5.35
63.265 23 1.09
63.265 25 -4.74
63.265 30 0.00
63.265 B1 6096.77 5970.64 
63.265 B3 6179.82 6053.13 
63.265 120 13 04 50
63.265 244 0.44
63.27 22 -5.28
63.27 23 1.09
63.27 25 -4.74
63.27 30 0.00
63.27 B1 6102.19 5969.48 
63.27 B3 6184.98 6051.55 
63.27 120 13 04 50
63.27 244 0.44
63.275 22 -5.22
63.275 23 1.09
63.275 25 -4.74
63.275 30 0.00
63.275 B1 6107.72 5968.51 
63.275 B3 6190.14 6050.03 
63.275 120 13 04 50
63.275 244 0.44
63.28 22 -5.15
63.28 23 1.10
63.28 25 -4.74
63.28 30 0.00
63.28 B1 6113.27 5967.71 
63.28 B3 6195.27 6048.58 
63.28 120 13 04 50
63.28 244 0.44
63.285 22 -5.10
63.285 23 1.10
63.285 25 -4.74
63.285 30 0.00
63.285 B1 6118.81 5967.03 
63.285 B3 6200.35 6047.22 
63.285 120 13 04 50
63.285 244 0.44
63.29 22 -5.04
63.29 23 1.10
63.29 25 -4.74
63.29 30 0.00
63.29 B1 6124.30 5966.46 
63.29 B3 6205.37 6045.95 
63.29 120 13 04 50
63.29 244 0.44
63.295 22 -5.00
63.295 23 1.11
63.295 25 -4.74
63.295 30 0.00
63.295 B1 6129.71 5965.99 
63.295 B3 6210.32 6044.78 
63.295 120 13 04 50
63.295 244 0.44
63.3 22 -4.95
63.3 23 1.11
63.3 25 -4.74
63.3 30 0.00
63.3 B1 6135.03 5965.60 
63.3 B3 6215.20 6043.71 
63.3 120 13 04 50
63.3 244 0.44
63.305 22 -4.91
63.305 23 1.11
63.305 25 -4.74
63.305 30 0.00
63.305 B1 6140.25 5965.28 
63.305 B3 6220.00 6042.74 
63.305 120 13 04 50
63.305 244 0.44
63.31 22 -4.88
63.31 23 1.12
63.31 25 -4.74
63.31 30 0.00
63.31 B1 6145.37 5965.04 
63.31 B3 6224.72 6041.87 
63.31 120 13 04 50
63.31 244 0.44
63.315 22 -4.85
63.315 23 1.12
63.315 25 -4.74
63.315 30 0.00
63.315 B1 6150.40 5964.85 
63.315 B3 6229.37 6041.10 
63.315 120 13 04 50
63.315 244 0.44
63.32 22 -4.82
63.32 23 1.12
63.32 25 -4.74
63.32 30 0.00
63.32 B1 6155.32 5964.73 
63.32 B3 6233.93 6040.42 
63.32 120 13 04 50
63.32 244 0.44
63.325 22 -4.79
63.325 23 1.13
63.325 25 -4.74
63.325 30 0.00
63.325 B1 6160.14 5964.67 
63.325 B3 6238.43 6039.83 
63.325 120 13 04 50
63.325 244 0.44
63.33 22 -4.77
63.33 23 1.13
63.33 25 -4.74
63.33 30 0.00
63.33 B1 6166.19 5965.98 
63.33 B3 6244.04 6040.53 
63.33 120 13 04 50
63.33 244 0.44
63.335 22 -4.75
63.335 23 1.14
63.335 25 -4.74
63.335 30 0.00
63.335 B1 6171.73 5966.90 
63.335 B3 6249.28 6040.99 
63.335 120 13 04 50
63.335 244 0.44
63.34 22 -4.74
63.34 23 1.15
63.34 25 -4.74
63.34 30 0.00
63.34 B1 6176.89 5967.57 
63.34 B3 6254.24 6041.30 
63.34 120 13 04 50
63.34 244 0.44
63.345 22 -4.73
63.345 23 1.15
63.345 25 -4.74
63.345 30 0.00
63.345 B1 6183.09 5969.43 
63.345 B3 6260.15 6042.72 
63.345 120 13 04 50
63.345 244 0.44
63.35 22 -4.72
63.35 23 1.17
63.35 25 -4.74
63.35 30 0.00
63.35 B1 6188.67 5970.76 
63.35 B3 6265.58 6043.77 
63.35 120 13 04 50
63.35 244 0.44
63.355 22 -4.71
63.355 23 1.18
63.355 25 -4.74
63.355 30 0.00
63.355 B1 6193.79 5971.76 
63.355 B3 6270.64 6044.58 
63.355 120 13 04 50
63.355 244 0.44
63.36 22 -4.70
63.36 23 1.18
63.36 25 -4.74
63.36 30 0.00
63.36 B1 6198.59 5972.57 
63.36 B3 6275.41 6045.23 
63.36 120 13 04 50
63.36 244 0.44
63.365 22 -4.70
63.365 23 1.19
63.365 25 -4.74
63.365 30 0.00
63.365 B1 6203.15 5973.26 
63.365 B3 6279.96 6045.78 
63.365 120 13 04 50
63.365 244 0.44
63.37 22 -4.70
63.37 23 1.19
63.37 25 -4.74
63.37 30 0.00
63.37 B1 6207.54 5973.88 
63.37 B3 6284.33 6046.28 
63.37 120 13 04 50
63.37 244 0.44
63.375 22 -4.70
63.375 23 1.19
63.375 25 -4.74
63.375 30 0.00
63.375 B1 6211.77 5974.47 
63.375 B3 6288.55 6046.75 
63.375 120 13 04 50
63.375 244 0.44
63.38 22 -4.71
63.38 23 1.20
63.38 25 -4.74
63.38 30 0.00
63.38 B1 6215.89 5975.06 
63.38 B3 6292.65 6047.21 
63.38 120 13 04 50
63.38 244 0.44
63.385 22 -4.71
63.385 23 1.20
63.385 25 -4.74
63.385 30 0.00
63.385 B1 6219.91 5975.65 
63.385 B3 6296.66 6047.68 
63.385 120 13 04 50
63.385 244 0.44
63.39 22 -4.72
63.39 23 1.20
63.39 25 -4.74
63.39 30 0.00
63.39 B1 6223.85 5976.25 
63.39 B3 6300.58 6048.17 
63.39 120 13 04 50
63.39 244 0.44
63.395 22 -4.73
63.395 23 1.20
63.395 25 -4.74
63.395 30 0.00
63.395 B1 6226.40 5975.55 
63.395 B3 6303.23 6047.49 
63.395 120 13 04 50
63.395 244 0.44
63.4 22 -4.74
63.4 23 1.19
63.4 25 -4.74
63.4 30 0.00
63.4 B1 6230.60 5976.63 
63.4 B3 6307.31 6048.35 
63.4 120 13 04 50
63.4 244 0.44
63.405 22 -4.75
63.405 23 1.19
63.405 25 -4.74
63.405 30 0.00
63.405 B1 6234.62 5977.58 
63.405 B3 6311.25 6049.15 
63.405 120 13 04 50
63.405 244 0.44
63.41 22 -4.76
63.41 23 1.20
63.41 25 -4.74
63.41 30 0.00
63.41 B1 6238.47 5978.45 
63.41 B3 6315.08 6049.92 
63.41 120 13 04 50
63.41 244 0.44
63.415 22 -4.78
63.415 23 1.20
63.415 25 -4.74
63.415 30 0.00
63.415 B1 6242.21 5979.28 
63.415 B3 6318.83 6050.66 
63.415 120 13 04 50
63.415 244 0.44
63.42 22 -4.79
63.42 23 1.20
63.42 25 -4.74
63.42 30 0.00
63.42 B1 6245.86 5980.07 
63.42 B3 6322.49 6051.40 
63.42 120 13 04 50
63.42 244 0.44
63.425 22 -4.81
63.425 23 1.20
63.425 25 -4.74
63.425 30 0.00
63.425 B1 6248.11 5979.54 
63.425 B3 6324.89 6050.96 
63.425 120 13 04 50
63.425 244 0.44
63.43 22 -4.82
63.43 23 1.19
63.43 25 -4.74
63.43 30 0.00
63.43 B1 6252.02 5980.78 
63.43 B3 6328.73 6052.04 
63.43 120 13 04 50
63.43 244 0.44
63.435 22 -4.84
63.435 23 1.19
63.435 25 -4.74
63.435 30 0.00
63.435 B1 6255.74 5981.87 
63.435 B3 6332.44 6053.05 
63.435 120 13 04 50
63.435 244 0.44
63.44 22 -4.86
63.44 23 1.20
63.44 25 -4.74
63.44 30 0.00
63.44 B1 6258.00 5981.55 
63.44 B3 6334.85 6052.81 
63.44 120 13 04 50
63.44 244 0.44
63.445 22 -4.88
63.445 23 1.19
63.445 25 -4.74
63.445 30 0.00
63.445 B1 6260.56 5981.62 
63.445 B3 6337.47 6052.86 
63.445 120 13 04 50
63.445 244 0.44
63.45 22 -4.90
63.45 23 1.18
63.45 25 -4.74
63.45 30 0.00
63.45 B1 6264.64 5983.27 
63.45 B3 6341.44 6054.33 
63.45 120 13 04 50
63.45 244 0.44
63.455 22 -4.93
63.455 23 1.19
63.455 25 -4.74
63.455 30 0.00
63.455 B1 6267.08 5983.33 
63.455 B3 6344.01 6054.44 
63.455 120 13 04 50
63.455 244 0.44
63.46 22 -4.95
63.46 23 1.18
63.46 25 -4.74
63.46 30 0.00
63.46 B1 6269.73 5983.67 
63.46 B3 6346.73 6054.77 
63.46 120 13 04 50
63.46 244 0.44
63.465 22 -4.97
63.465 23 1.18
63.465 25 -4.74
63.465 30 0.00
63.465 B1 6272.51 5984.18 
63.465 B3 6349.56 6055.25 
63.465 120 13 04 50
63.465 244 0.44
63.47 22 -5.00
63.47 23 1.18
63.47 25 -4.74
63.47 30 0.00
63.47 B1 6275.36 5984.82 
63.47 B3 6352.44 6055.85 
63.47 120 13 04 50
63.47 244 0.44
63.475 22 -5.02
63.475 23 1.17
63.475 25 -4.74
63.475 30 0.00
63.475 B1 6278.24 5985.54 
63.475 B3 6355.37 6056.54 
63.475 120 13 04 50
63.475 244 0.44
63.48 22 -5.05
63.48 23 1.17
63.48 25 -4.74
63.48 30 0.00
63.48 B1 6281.14 5986.33 
63.48 B3 6358.32 6057.30 
63.48 120 13 04 50
63.48 244 0.44
63.485 22 -5.07
63.485 23 1.17
63.485 25 -4.87
63.485 30 0.00
63.485 B1 6285.35 5988.47 
63.485 B3 6362.48 6059.31 
63.485 120 13 04 50
63.485 244 0.44
63.49 22 -5.21
63.49 23 1.17
63.49 25 -4.87
63.49 30 0.00
63.49 B1 6287.49 5988.56 
63.49 B3 6365.14 6059.84 
63.49 120 13 04 50
63.49 244 0.44
63.495 22 -5.23
63.495 23 1.16
63.495 25 -4.87
63.495 30 0.00
63.495 B1 6289.91 5988.90 
63.495 B3 6367.90 6060.46 
63.495 120 13 04 50
63.495 244 0.44
63.5 22 -5.26
63.5 23 1.16
63.5 25 -4.87
63.5 30 0.00
63.5 B1 6292.49 5989.39 
63.5 B3 6370.74 6061.13 
63.5 120 13 04 50
63.5 244 0.44
63.505 22 -5.28
63.505 23 1.16
63.505 25 -4.87
63.505 30 0.00
63.505 B1 6295.17 5989.99 
63.505 B3 6373.61 6061.85 
63.505 120 13 04 50
63.505 244 0.44
63.51 22 -5.30
63.51 23 1.15
63.51 25 -5.00
63.51 30 0.00
63.51 B1 6297.91 5990.67 
63.51 B3 6376.51 6062.61 
63.51 120 13 04 50
63.51 244 0.44
63.515 22 -5.44
63.515 23 1.14
63.515 25 -5.00
63.515 30 0.00
63.515 B1 6299.02 5989.75 
63.515 B3 6378.22 6062.21 
63.515 120 13 04 50
63.515 244 0.44
63.52 22 -5.46
63.52 23 1.13
63.52 25 -4.87
63.52 30 0.00
63.52 B1 6300.70 5989.37 
63.52 B3 6380.25 6062.10 
63.52 120 13 04 50
63.52 244 0.44
63.525 22 -5.38
63.525 23 1.13
63.525 25 -4.87
63.525 30 0.00
63.525 B1 6304.42 5991.02 
63.525 B3 6383.72 6063.42 
63.525 120 13 04 50
63.525 244 0.44
63.53 22 -5.40
63.53 23 1.14
63.53 25 -5.00
63.53 30 0.00
63.53 B1 6306.48 5991.08 
63.53 B3 6385.82 6063.43 
63.53 120 13 04 50
63.53 244 0.44
63.535 22 -5.54
63.535 23 1.12
63.535 25 -5.00
63.535 30 0.00
63.535 B1 6308.40 5991.08 
63.535 B3 6388.09 6063.68 
63.535 120 13 04 50
63.535 244 0.44
63.54 22 -5.57
63.54 23 1.11
63.54 25 -5.00
63.54 30 0.00
63.54 B1 6310.58 5991.32 
63.54 B3 6390.51 6064.07 
63.54 120 13 04 50
63.54 244 0.44
63.545 22 -5.59
63.545 23 1.11
63.545 25 -5.13
63.545 30 0.00
63.545 B1 6312.92 5991.74 
63.545 B3 6393.03 6064.57 
63.545 120 13 04 50
63.545 244 0.44
63.55 22 -5.73
63.55 23 1.09
63.55 25 -5.13
63.55 30 0.00
63.55 B1 6315.04 5991.92 
63.55 B3 6395.61 6065.14 
63.55 120 13 04 50
63.55 244 0.44
63.555 22 -5.75
63.555 23 1.09
63.555 25 -5.38
63.555 30 0.00
63.555 B1 6317.35 5992.24 
63.555 B3 6398.27 6065.73 
63.555 120 13 04 50
63.555 244 0.44
63.56 22 -5.99
63.56 23 1.06
63.56 25 -5.77
63.56 30 0.00
63.56 B1 6319.09 5991.94 
63.56 B3 6400.97 6066.32 
63.56 120 13 04 50
63.56 244 0.44
63.565 22 -6.34
63.565 23 1.01
63.565 25 -6.16
63.565 30 0.00
63.565 B1 6320.07 5990.69 
63.565 B3 6403.75 6066.84 
63.565 120 13 04 50
63.565 244 0.44
63.57 22 -6.67
63.57 23 0.96
63.57 25 -6.68
63.57 30 0.00
63.57 B1 6320.59 5988.59 
63.57 B3 6406.69 6067.15 
63.57 120 13 04 50
63.57 244 0.43
63.575 22 -7.10
63.575 23 0.89
63.575 25 -6.68
63.575 30 0.00
63.575 B1 6317.71 5982.58 
63.575 B3 6407.41 6064.78 
63.575 120 13 04 50
63.575 244 0.43
63.58 22 -7.09
63.58 23 0.86
63.58 25 -7.20
63.58 30 0.00
63.58 B1 6317.09 5978.31 
63.58 B3 6408.95 6062.67 
63.58 120 13 04 50
63.58 244 0.43
63.585 22 -7.50
63.585 23 0.77
63.585 25 -7.20
63.585 30 0.00
63.585 B1 6316.03 5973.20 
63.585 B3 6411.07 6060.74 
63.585 120 13 04 50
63.585 244 0.43
63.59 22 -7.49
63.59 23 0.76
63.59 25 -7.33
63.59 30 0.00
63.59 B1 6316.76 5969.35 
63.59 B3 6413.71 6058.77 
63.59 120 13 04 50
63.59 244 0.43
63.595 22 -7.59
63.595 23 0.73
63.595 25 -7.33
63.595 30 0.00
63.595 B1 6318.17 5965.84 
63.595 B3 6416.70 6056.79 
63.595 120 13 04 50
63.595 244 0.43
63.6 22 -7.58
63.6 23 0.72
63.6 25 -7.33
63.6 30 0.00
63.6 B1 6320.53 5963.03 
63.6 B3 6419.96 6054.77 
63.6 120 13 04 50
63.6 244 0.43
63.605 22 -7.58
63.605 23 0.72
63.605 25 -7.33
63.605 30 0.00
63.605 B1 6323.51 5960.69 
63.605 B3 6423.40 6052.75 
63.605 120 13 04 50
63.605 244 0.43
63.61 22 -7.58
63.61 23 0.72
63.61 25 -7.33
63.61 30 0.00
63.61 B1 6326.86 5958.67 
63.61 B3 6426.93 6050.74 
63.61 120 13 04 50
63.61 244 0.43
63.615 22 -7.59
63.615 23 0.72
63.615 25 -7.33
63.615 30 0.00
63.615 B1 6330.43 5956.88 
63.615 B3 6430.52 6048.77 
63.615 120 13 04 50
63.615 244 0.43
63.62 22 -7.60
63.62 23 0.72
63.62 25 -7.33
63.62 30 0.00
63.62 B1 6332.80 5953.94 
63.62 B3 6432.94 6045.65 
63.62 120 13 04 50
63.62 244 0.43
63.625 22 -7.61
63.625 23 0.71
63.625 25 -7.33
63.625 30 0.00
63.625 B1 6335.62 5951.56 
63.625 B3 6435.64 6042.91 
63.625 120 13 04 50
63.625 244 0.43
63.63 22 -7.62
63.63 23 0.71
63.63 25 -7.33
63.63 30 0.00
63.63 B1 6338.71 5949.57 
63.63 B3 6438.53 6040.47 
63.63 120 13 04 50
63.63 244 0.43
63.635 22 -7.63
63.635 23 0.71
63.635 25 -7.33
63.635 30 0.00
63.635 B1 6341.94 5947.85 
63.635 B3 6441.54 6038.27 
63.635 120 13 04 50
63.635 244 0.43
63.64 22 -7.65
63.64 23 0.71
63.64 25 -7.33
63.64 30 0.00
63.64 B1 6345.24 5946.31 
63.64 B3 6444.62 6036.25 
63.64 120 13 04 50
63.64 244 0.43
63.645 22 -7.67
63.645 23 0.70
63.645 25 -7.33
63.645 30 0.00
63.645 B1 6348.55 5944.90 
63.645 B3 6447.73 6034.39 
63.645 120 13 04 50
63.645 244 0.43
63.65 22 -7.69
63.65 23 0.70
63.65 25 -7.33
63.65 30 0.00
63.65 B1 6351.85 5943.59 
63.65 B3 6450.85 6032.66 
63.65 120 13 04 50
63.65 244 0.43
63.655 22 -7.71
63.655 23 0.71
63.655 25 -7.33
63.655 30 0.00
63.655 B1 6355.09 5942.36 
63.655 B3 6453.95 6031.05 
63.655 120 13 04 50
63.655 244 0.42
63.66 22 -7.73
63.66 23 0.71
63.66 25 -7.33
63.66 30 0.00
63.66 B1 6356.95 5939.86 
63.66 B3 6455.83 6028.35 
63.66 120 13 04 50
63.66 244 0.42
63.665 22 -7.75
63.665 23 0.70
63.665 25 -7.33
63.665 30 0.00
63.665 B1 6359.15 5937.87 
63.665 B3 6457.95 6026.05 
63.665 120 13 04 50
63.665 244 0.42
63.67 22 -7.78
63.67 23 0.69
63.67 25 -7.33
63.67 30 0.00
63.67 B1 6361.54 5936.22 
63.67 B3 6460.24 6024.07 
63.67 120 13 04 50
63.67 244 0.42
63.675 22 -7.81
63.675 23 0.69
63.675 25 -7.33
63.675 30 0.00
63.675 B1 6364.04 5934.80 
63.675 B3 6462.65 6022.33 
63.675 120 13 04 50
63.675 244 0.42
63.68 22 -7.84
63.68 23 0.69
63.68 25 -7.33
63.68 30 0.00
63.68 B1 6366.59 5933.52 
63.68 B3 6465.10 6020.78 
63.68 120 13 04 50
63.68 244 0.42
63.685 22 -7.87
63.685 23 0.69
63.685 25 -7.33
63.685 30 0.00
63.685 B1 6369.14 5932.36 
63.685 B3 6467.60 6019.38 
63.685 120 13 04 50
63.685 244 0.42
63.69 22 -7.90
63.69 23 0.68
63.69 25 -7.33
63.69 30 0.00
63.69 B1 6371.67 5931.28 
63.69 B3 6470.10 6018.09 
63.69 120 13 04 50
63.69 244 0.42
63.695 22 -7.93
63.695 23 0.68
63.695 25 -7.33
63.695 30 0.00
63.695 B1 6372.83 5928.94 
63.695 B3 6471.39 6015.71 
63.695 120 13 04 50
63.695 244 0.42
63.7 22 -7.96
63.7 23 0.68
63.7 25 -7.33
63.7 30 0.00
63.7 B1 6374.35 5927.10 
63.7 B3 6472.95 6013.74 
63.7 120 13 04 50
63.7 244 0.42
63.705 22 -7.99
63.705 23 0.67
63.705 25 -7.33
63.705 30 0.00
63.705 B1 6377.41 5926.91 
63.705 B3 6475.89 6013.27 
63.705 120 13 04 50
63.705 244 0.42
63.71 22 -8.03
63.71 23 0.67
63.71 25 -7.33
63.71 30 0.00
63.71 B1 6380.19 5926.49 
63.71 B3 6478.66 6012.70 
63.71 120 13 04 50
63.71 244 0.42
63.715 22 -8.06
63.715 23 0.68
63.715 25 -7.33
63.715 30 0.00
63.715 B1 6382.76 5925.92 
63.715 B3 6481.30 6012.07 
63.715 120 13 04 50
63.715 244 0.42
63.72 22 -8.10
63.72 23 0.68
63.72 25 -7.33
63.72 30 0.00
63.72 B1 6383.84 5923.94 
63.72 B3 6482.62 6010.21 
63.72 120 13 04 50
63.72 244 0.42
63.725 22 -8.13
63.725 23 0.67
63.725 25 -7.19
63.725 30 0.00
63.725 B1 6385.19 5922.36 
63.725 B3 6484.13 6008.66 
63.725 120 13 04 50
63.725 244 0.42
63.73 22 -8.06
63.73 23 0.68
63.73 25 -7.19
63.73 30 0.00
63.73 B1 6388.52 5922.88 
63.73 B3 6486.96 6008.54 
63.73 120 13 04 50
63.73 244 0.42
63.735 22 -8.10
63.735 23 0.69
63.735 25 -7.19
63.735 30 0.00
63.735 B1 6391.34 5923.00 
63.735 B3 6489.56 6008.32 
63.735 120 13 04 50
63.735 244 0.42
63.74 22 -8.14
63.74 23 0.69
63.74 25 -7.19
63.74 30 0.00
63.74 B1 6393.81 5922.87 
63.74 B3 6491.98 6008.03 
63.74 120 13 04 50
63.74 244 0.42
63.745 22 -8.18
63.745 23 0.70
63.745 25 -7.19
63.745 30 0.00
63.745 B1 6396.01 5922.57 
63.745 B3 6494.24 6007.69 
63.745 120 13 04 50
63.745 244 0.42
63.75 22 -8.22
63.75 23 0.70
63.75 25 -7.19
63.75 30 0.00
63.75 B1 6396.69 5920.85 
63.75 B3 6495.20 6006.14 
63.75 120 13 04 50
63.75 244 0.42
63.755 22 -8.26
63.755 23 0.69
63.755 25 -7.19
63.755 30 0.00
63.755 B1 6397.62 5919.52 
63.755 B3 6496.33 6004.91 
63.755 120 13 04 50
63.755 244 0.42
63.76 22 -8.30
63.76 23 0.68
63.76 25 -7.19
63.76 30 0.00
63.76 B1 6398.70 5918.44 
63.76 B3 6497.60 6003.91 
63.76 120 13 04 50
63.76 244 0.42
63.765 22 -8.34
63.765 23 0.68
63.765 25 -7.19
63.765 30 0.00
63.765 B1 6399.87 5917.53 
63.765 B3 6498.94 6003.07 
63.765 120 13 04 50
63.765 244 0.42
63.77 22 -8.38
63.77 23 0.68
63.77 25 -7.19
63.77 30 0.00
63.77 B1 6401.09 5916.73 
63.77 B3 6500.35 6002.36 
63.77 120 13 04 50
63.77 244 0.42
63.775 22 -8.42
63.775 23 0.67
63.775 25 -7.19
63.775 30 0.00
63.775 B1 6402.33 5916.00 
63.775 B3 6501.79 6001.74 
63.775 120 13 04 50
63.775 244 0.42
63.78 22 -8.46
63.78 23 0.67
63.78 25 -7.19
63.78 30 0.00
63.78 B1 6403.58 5915.31 
63.78 B3 6503.24 6001.18 
63.78 120 13 04 50
63.78 244 0.42
63.785 22 -8.50
63.785 23 0.67
63.785 25 -7.19
63.785 30 0.00
63.785 B1 6406.13 5915.99 
63.785 B3 6505.89 6001.88 
63.785 120 13 04 50
63.785 244 0.42
63.79 22 -8.54
63.79 23 0.68
63.79 25 -7.19
63.79 30 0.00
63.79 B1 6408.26 5916.23 
63.79 B3 6508.24 6002.28 
63.79 120 13 04 50
63.79 244 0.42
63.795 22 -8.58
63.795 23 0.68
63.795 25 -7.19
63.795 30 0.00
63.795 B1 6410.08 5916.20 
63.795 B3 6510.37 6002.48 
63.795 120 13 04 50
63.795 244 0.42
63.8 22 -8.62
63.8 23 0.68
63.8 25 -7.19
63.8 30 0.00
63.8 B1 6410.37 5914.67 
63.8 B3 6511.11 6001.34 
63.8 120 13 04 50
63.8 244 0.42
63.805 22 -8.65
63.805 23 0.67
63.805 25 -7.19
63.805 30 0.00
63.805 B1 6410.89 5913.47 
63.805 B3 6512.01 6000.43 
63.805 120 13 04 50
63.805 244 0.42
63.81 22 -8.69
63.81 23 0.67
63.81 25 -7.19
63.81 30 0.00
63.81 B1 6411.57 5912.50 
63.81 B3 6513.00 5999.67 
63.81 120 13 04 50
63.81 244 0.42
63.815 22 -8.73
63.815 23 0.67
63.815 25 -7.19
63.815 30 0.00
63.815 B1 6412.35 5911.68 
63.815 B3 6514.06 5999.04 
63.815 120 13 04 50
63.815 244 0.42
63.82 22 -8.77
63.82 23 0.66
63.82 25 -7.19
63.82 30 0.00
63.82 B1 6413.18 5910.94 
63.82 B3 6515.17 5998.50 
63.82 120 13 04 50
63.82 244 0.42
63.825 22 -8.81
63.825 23 0.66
63.825 25 -7.19
63.825 30 0.00
63.825 B1 6414.03 5910.27 
63.825 B3 6516.29 5998.01 
63.825 120 13 04 50
63.825 244 0.42
63.83 22 -8.85
63.83 23 0.66
63.83 25 -7.19
63.83 30 0.00
63.83 B1 6414.89 5909.64 
63.83 B3 6517.42 5997.57 
63.83 120 13 04 50
63.83 244 0.42
63.835 22 -8.88
63.835 23 0.66
63.835 25 -7.19
63.835 30 0.00
63.835 B1 6415.75 5909.03 
63.835 B3 6518.56 5997.16 
63.835 120 13 04 50
63.835 244 0.42
63.84 22 -8.92
63.84 23 0.65
63.84 25 -7.19
63.84 30 0.00
63.84 B1 6416.59 5908.45 
63.84 B3 6519.68 5996.78 
63.84 120 13 04 50
63.84 244 0.42
63.845 22 -8.96
63.845 23 0.65
63.845 25 -7.19
63.845 30 0.00
63.845 B1 6417.42 5907.87 
63.845 B3 6520.79 5996.41 
63.845 120 13 04 50
63.845 244 0.41
63.85 22 -8.99
63.85 23 0.65
63.85 25 -7.19
63.85 30 0.00
63.85 B1 6416.90 5905.98 
63.85 B3 6520.69 5994.86 
63.85 120 13 04 50
63.85 244 0.41
63.855 22 -9.03
63.855 23 0.64
63.855 25 -7.19
63.855 30 0.00
63.855 B1 6416.76 5904.55 
63.855 B3 6520.86 5993.65 
63.855 120 13 04 50
63.855 244 0.42
63.86 22 -9.06
63.86 23 0.63
63.86 25 -7.19
63.86 30 0.00
63.86 B1 6418.19 5904.74 
63.86 B3 6522.41 5993.87 
63.86 120 13 04 50
63.86 244 0.42
63.865 22 -9.10
63.865 23 0.64
63.865 25 -7.19
63.865 30 0.00
63.865 B1 6419.38 5904.67 
63.865 B3 6523.82 5993.94 
63.865 120 13 04 50
63.865 244 0.42
63.87 22 -9.14
63.87 23 0.64
63.87 25 -7.19
63.87 30 0.00
63.87 B1 6420.40 5904.43 
63.87 B3 6525.10 5993.90 
63.87 120 13 04 50
63.87 244 0.42
63.875 22 -9.17
63.875 23 0.64
63.875 25 -7.19
63.875 30 0.00
63.875 B1 6421.29 5904.08 
63.875 B3 6526.29 5993.78 
63.875 120 13 04 50
63.875 244 0.42
63.88 22 -9.20
63.88 23 0.64
63.88 25 -7.05
63.88 30 0.00
63.88 B1 6422.08 5903.66 
63.88 B3 6527.40 5993.60 
63.88 120 13 04 50
63.88 244 0.42
63.885 22 -9.13
63.885 23 0.66
63.885 25 -7.05
63.885 30 0.00
63.885 B1 6423.33 5903.74 
63.885 B3 6528.44 5993.39 
63.885 120 13 04 50
63.885 244 0.42
63.89 22 -9.17
63.89 23 0.66
63.89 25 -7.18
63.89 30 0.00
63.89 B1 6424.32 5903.66 
63.89 B3 6529.41 5993.19 
63.89 120 13 04 50
63.89 244 0.42
63.895 22 -9.31
63.895 23 0.64
63.895 25 -7.18
63.895 30 0.00
63.895 B1 6424.61 5902.93 
63.895 B3 6530.30 5993.01 
63.895 120 13 04 50
63.895 244 0.42
63.9 22 -9.34
63.9 23 0.64
63.9 25 -7.18
63.9 30 0.00
63.9 B1 6424.97 5902.27 
63.9 B3 6531.17 5992.80 
63.9 120 13 04 50
63.9 244 0.42
63.905 22 -9.37
63.905 23 0.64
63.905 25 -7.05
63.905 30 0.00
63.905 B1 6425.36 5901.66 
63.905 B3 6532.01 5992.56 
63.905 120 13 04 50
63.905 244 0.42
63.91 22 -9.30
63.91 23 0.65
63.91 25 -7.05
63.91 30 0.00
63.91 B1 6426.28 5901.60 
63.91 B3 6532.82 5992.29 
63.91 120 13 04 50
63.91 244 0.42
63.915 22 -9.34
63.915 23 0.65
63.915 25 -7.05
63.915 30 0.00
63.915 B1 6427.01 5901.42 
63.915 B3 6533.58 5992.06 
63.915 120 13 04 50
63.915 244 0.42
63.92 22 -9.37
63.92 23 0.65
63.92 25 -7.05
63.92 30 0.00
63.92 B1 6427.60 5901.17 
63.92 B3 6534.29 5991.86 
63.92 120 13 04 50
63.92 244 0.42
63.925 22 -9.40
63.925 23 0.65
63.925 25 -7.05
63.925 30 0.00
63.925 B1 6428.09 5900.86 
63.925 B3 6534.97 5991.67 
63.925 120 13 04 50
63.925 244 0.42
63.93 22 -9.44
63.93 23 0.65
63.93 25 -7.05
63.93 30 0.00
63.93 B1 6428.50 5900.53 
63.93 B3 6535.61 5991.49 
63.93 120 13 04 50
63.93 244 0.42
63.935 22 -9.47
63.935 23 0.65
63.935 25 -7.05
63.935 30 0.00
63.935 B1 6428.86 5900.17 
63.935 B3 6536.23 5991.32 
63.935 120 13 04 50
63.935 244 0.42
63.94 22 -9.50
63.94 23 0.65
63.94 25 -7.05
63.94 30 0.00
63.94 B1 6429.18 5899.79 
63.94 B3 6536.81 5991.15 
63.94 120 13 04 50
63.94 244 0.41
63.945 22 -9.53
63.945 23 0.65
63.945 25 -7.05
63.945 30 0.00
63.945 B1 6428.14 5898.09 
63.945 B3 6536.17 5989.78 
63.945 120 13 04 50
63.945 244 0.41
63.95 22 -9.56
63.95 23 0.64
63.95 25 -7.05
63.95 30 0.00
63.95 B1 6427.47 5896.83 
63.95 B3 6535.80 5988.75 
63.95 120 13 04 50
63.95 244 0.42
63.955 22 -9.59
63.955 23 0.63
63.955 25 -7.05
63.955 30 0.00
63.955 B1 6428.38 5897.19 
63.955 B3 6536.81 5989.14 
63.955 120 13 04 50
63.955 244 0.41
63.96 22 -9.62
63.96 23 0.63
63.96 25 -7.05
63.96 30 0.00
63.96 B1 6427.72 5895.95 
63.96 B3 6536.48 5988.18 
63.96 120 13 04 50
63.96 244 0.41
63.965 22 -9.64
63.965 23 0.63
63.965 25 -7.05
63.965 30 0.00
63.965 B1 6427.31 5894.99 
63.965 B3 6536.32 5987.42 
63.965 120 13 04 50
63.965 244 0.41
63.97 22 -9.67
63.97 23 0.62
63.97 25 -7.05
63.97 30 0.00
63.97 B1 6427.05 5894.22 
63.97 B3 6536.28 5986.81 
63.97 120 13 04 50
63.97 244 0.41
63.975 22 -9.70
63.975 23 0.62
63.975 25 -7.05
63.975 30 0.00
63.975 B1 6426.90 5893.56 
63.975 B3 6536.33 5986.31 
63.975 120 13 04 50
63.975 244 0.41
63.98 22 -9.73
63.98 23 0.62
63.98 25 -7.05
63.98 30 0.00
63.98 B1 6425.49 5891.65 
63.98 B3 6535.25 5984.69 
63.98 120 13 04 50
63.98 244 0.41
63.985 22 -9.75
63.985 23 0.60
63.985 25 -7.05
63.985 30 0.00
63.985 B1 6425.84 5891.57 
63.985 B3 6535.68 5984.64 
63.985 120 13 04 50
63.985 244 0.41
63.99 22 -9.78
63.99 23 0.61
63.99 25 -7.05
63.99 30 0.00
63.99 B1 6426.09 5891.35 
63.99 B3 6536.08 5984.53 
63.99 120 13 04 50
63.99 244 0.41
63.995 22 -9.80
63.995 23 0.61
63.995 25 -7.05
63.995 30 0.00
63.995 B1 6426.26 5891.05 
63.995 B3 6536.43 5984.38 
63.995 120 13 04 50
63.995 244 0.41
64 22 -9.83
64 23 0.60
64 25 -7.05
64 30 0.00
64 B1 6426.38 5890.70 
64 B3 6536.75 5984.20 
64 120 13 04 50
64 244 0.41
64.005 22 -9.85
64.005 23 0.60
64.005 25 -7.05
64.005 30 0.00
64.005 B1 6426.46 5890.30 
64.005 B3 6537.05 5983.99 
64.005 120 13 04 50
64.005 244 0.42
64.01 22 -9.88
64.01 23 0.60
64.01 25 -7.05
64.01 30 0.00
64.01 B1 6427.83 5891.20 
64.01 B3 6538.51 5984.96 
64.01 120 13 04 50
64.01 244 0.42
64.015 22 -9.90
64.015 23 0.61
64.015 25 -7.05
64.015 30 0.00
64.015 B1 6428.77 5891.63 
64.015 B3 6539.67 5985.59 
64.015 120 13 04 50
64.015 244 0.42
64.02 22 -9.92
64.02 23 0.62
64.02 25 -7.05
64.02 30 0.00
64.02 B1 6429.42 5891.76 
64.02 B3 6540.60 5985.97 
64.02 120 13 04 50
64.02 244 0.42
64.025 22 -9.95
64.025 23 0.62
64.025 25 -6.92
64.025 30 0.00
64.025 B1 6429.86 5891.69 
64.025 B3 6541.34 5986.17 
64.025 120 13 04 50
64.025 244 0.42
64.03 22 -9.87
64.03 23 0.64
64.03 25 -6.92
64.03 30 0.00
64.03 B1 6430.69 5892.06 
64.03 B3 6541.96 5986.25 
64.03 120 13 04 50
64.03 244 0.42
64.035 22 -9.90
64.035 23 0.64
64.035 25 -6.92
64.035 30 0.00
64.035 B1 6431.22 5892.20 
64.035 B3 6542.44 5986.29 
64.035 120 13 04 50
64.035 244 0.42
64.04 22 -9.92
64.04 23 0.64
64.04 25 -7.05
64.04 30 0.00
64.04 B1 6432.86 5893.50 
64.04 B3 6544.01 5987.49 
64.04 120 13 04 50
64.04 244 0.42
64.045 22 -10.04
64.045 23 0.63
64.045 25 -7.05
64.045 30 0.00
64.045 B1 6433.40 5893.68 
64.045 B3 6545.23 5988.34 
64.045 120 13 04 50
64.045 244 0.42
64.05 22 -10.06
64.05 23 0.64
64.05 25 -7.05
64.05 30 0.00
64.05 B1 6432.45 5892.34 
64.05 B3 6544.99 5987.68 
64.05 120 13 04 50
64.05 244 0.42
64.055 22 -10.08
64.055 23 0.63
64.055 25 -7.05
64.055 30 0.00
64.055 B1 6433.10 5892.65 
64.055 B3 6546.05 5988.34 
64.055 120 13 04 50
64.055 244 0.42
64.06 22 -10.10
64.06 23 0.64
64.06 25 -7.05
64.06 30 0.00
64.06 B1 6433.54 5892.70 
64.06 B3 6546.89 5988.75 
64.06 120 13 04 50
64.06 244 0.42
64.06499 22 -10.12
64.06499 23 0.64
64.06499 25 -7.05
64.06499 30 0.00
64.06499 B1 6432.52 5891.28 
64.06499 B3 6546.37 5987.78 
64.06499 120 13 04 50
64.06499 244 0.42
64.07 22 -10.14
64.07 23 0.63
64.07 25 -7.05
64.07 30 0.00
64.07 B1 6431.79 5890.21 
64.07 B3 6546.00 5987.01 
64.07 120 13 04 50
64.07 244 0.42
64.075 22 -10.16
64.075 23 0.63
64.075 25 -7.05
64.075 30 0.00
64.075 B1 6431.26 5889.37 
64.075 B3 6545.74 5986.39 
64.075 120 13 04 50
64.075 244 0.42
64.08 22 -10.18
64.08 23 0.62
64.08 25 -7.05
64.08 30 0.00
64.08 B1 6432.18 5890.00 
64.08 B3 6546.77 5987.05 
64.08 120 13 04 50
64.08 244 0.42
64.085 22 -10.20
64.085 23 0.63
64.085 25 -7.05
64.085 30 0.00
64.085 B1 6432.80 5890.27 
64.085 B3 6547.57 5987.47 
64.085 120 13 04 50
64.085 244 0.42
64.09 22 -10.21
64.09 23 0.63
64.09 25 -7.05
64.09 30 0.00
64.09 B1 6433.20 5890.30 
64.09 B3 6548.19 5987.69 
64.09 120 13 04 50
64.09 244 0.42
64.095 22 -10.23
64.095 23 0.63
64.095 25 -7.05
64.095 30 0.00
64.095 B1 6433.45 5890.18 
64.095 B3 6548.69 5987.78 
64.095 120 13 04 50
64.095 244 0.43
64.1 22 -10.25
64.1 23 0.64
64.1 25 -7.05
64.1 30 0.00
64.1 B1 6434.91 5891.28 
64.1 B3 6550.27 5988.96 
64.1 120 13 04 50
64.1 244 0.43
64.105 22 -10.27
64.105 23 0.64
64.105 25 -7.05
64.105 30 0.00
64.105 B1 6435.90 5891.86 
64.105 B3 6551.49 5989.76 
64.105 120 13 04 50
64.105 244 0.43
64.11 22 -10.28
64.11 23 0.65
64.11 25 -7.05
64.11 30 0.00
64.11 B1 6436.56 5892.11 
64.11 B3 6552.44 5990.26 
64.11 120 13 04 50
64.11 244 0.43
64.115 22 -10.30
64.115 23 0.65
64.115 25 -7.05
64.115 30 0.00
64.115 B1 6437.00 5892.14 
64.115 B3 6553.18 5990.57 
64.115 120 13 04 50
64.115 244 0.43
64.12 22 -10.32
64.12 23 0.66
64.12 25 -7.05
64.12 30 0.00
64.12 B1 6437.27 5892.04 
64.12 B3 6553.75 5990.72 
64.12 120 13 04 50
64.12 244 0.43
64.125 22 -10.33
64.125 23 0.66
64.125 25 -7.05
64.125 30 0.00
64.125 B1 6437.44 5891.84 
64.125 B3 6554.22 5990.77 
64.125 120 13 04 50
64.125 244 0.43
64.13 22 -10.35
64.13 23 0.66
64.13 25 -7.05
64.13 30 0.00
64.13 B1 6437.53 5891.60 
64.13 B3 6554.58 5990.75 
64.13 120 13 04 50
64.13 244 0.43
64.135 22 -10.36
64.135 23 0.66
64.135 25 -7.05
64.135 30 0.00
64.135 B1 6437.56 5891.31 
64.135 B3 6554.87 5990.67 
64.135 120 13 04 50
64.135 244 0.43
64.14 22 -10.38
64.14 23 0.66
64.14 25 -7.05
64.14 30 0.00
64.14 B1 6437.56 5891.00 
64.14 B3 6555.11 5990.55 
64.14 120 13 04 50
64.14 244 0.43
64.145 22 -10.39
64.145 23 0.66
64.145 25 -7.05
64.145 30 0.00
64.145 B1 6437.52 5890.68 
64.145 B3 6555.29 5990.40 
64.145 120 13 04 50
64.145 244 0.43
64.15 22 -10.41
64.15 23 0.66
64.15 25 -7.05
64.15 30 0.00
64.15 B1 6437.46 5890.35 
64.15 B3 6555.44 5990.23 
64.15 120 13 04 50
64.15 244 0.43
64.155 22 -10.42
64.155 23 0.66
64.155 25 -7.05
64.155 30 0.00
64.155 B1 6437.38 5890.01 
64.155 B3 6555.57 5990.05 
64.155 120 13 04 50
64.155 244 0.43
64.16 22 -10.43
64.16 23 0.66
64.16 25 -7.05
64.16 30 0.00
64.16 B1 6438.61 5890.98 
64.16 B3 6556.85 5991.04 
64.16 120 13 04 50
64.16 244 0.43
64.165 22 -10.45
64.165 23 0.67
64.165 25 -6.92
64.165 30 0.00
64.165 B1 6438.11 5890.18 
64.165 B3 6556.65 5990.50 
64.165 120 13 04 50
64.165 244 0.43
64.17 22 -10.37
64.17 23 0.68
64.17 25 -6.79
64.17 30 0.00
64.17 B1 6438.29 5890.13 
64.17 B3 6556.49 5990.05 
64.17 120 13 04 50
64.17 244 0.43
64.175 22 -10.29
64.175 23 0.70
64.175 25 -6.79
64.175 30 0.00
64.175 B1 6440.21 5891.92 
64.175 B3 6557.55 5990.91 
64.175 120 13 04 50
64.175 244 0.43
64.18 22 -10.31
64.18 23 0.71
64.18 25 -5.62
64.18 30 0.00
64.18 B1 6441.42 5893.05 
64.18 B3 6558.31 5991.55 
64.18 120 13 04 50
64.18 244 0.43
64.185 22 -9.42
64.185 23 0.86
64.185 25 -5.62
64.185 30 0.00
64.185 B1 6446.69 5898.54 
64.185 B3 6558.84 5992.04 
64.185 120 13 04 50
64.185 244 0.43
64.18999 22 -9.46
64.18999 23 0.88
64.18999 25 -4.72
64.18999 30 0.00
64.18999 B1 6449.89 5902.52 
64.18999 B3 6558.97 5992.87 
64.18999 120 13 04 50
64.18999 244 0.43
64.195 22 -8.75
64.195 23 0.99
64.195 25 -2.77
64.195 30 0.00
64.195 B1 6454.68 5908.69 
64.195 B3 6558.82 5993.92 
64.195 120 13 04 50
64.195 244 0.44
64.2 22 -7.15
64.2 23 1.16
64.2 25 -2.77
64.2 30 0.00
64.2 B1 6464.79 5921.27 
64.2 B3 6560.65 5997.87 
64.2 120 13 04 50
64.2 244 0.44
64.205 22 -7.24
64.205 23 1.20
64.205 25 -2.77
64.205 30 0.00
64.205 B1 6470.57 5931.11 
64.205 B3 6561.13 6002.24 
64.205 120 13 04 50
64.205 244 0.44
64.21 22 -7.33
64.21 23 1.22
64.21 25 -2.77
64.21 30 0.00
64.21 B1 6473.39 5939.15 
64.21 B3 6560.64 6006.90 
64.21 120 13 04 50
64.21 244 0.44
64.215 22 -7.41
64.215 23 1.24
64.215 25 -1.73
64.215 30 0.00
64.215 B1 6474.21 5946.00 
64.215 B3 6559.45 6011.73 
64.215 120 13 04 50
64.215 244 0.43
64.22 22 -6.61
64.22 23 1.30
64.22 25 -1.60
64.22 30 0.00
64.22 B1 6472.96 5951.44 
64.22 B3 6555.40 6014.26 
64.22 120 13 04 50
64.22 244 0.43
64.225 22 -6.59
64.225 23 1.30
64.225 25 -1.47
64.225 30 0.00
64.225 B1 6470.95 5957.22 
64.225 B3 6551.30 6017.87 
64.225 120 13 04 50
64.225 244 0.44
64.23 22 -6.56
64.23 23 1.30
64.23 25 -0.95
64.23 30 0.00
64.23 B1 6471.05 5965.87 
64.23 B3 6549.58 6024.62 
64.23 120 13 04 50
64.23 244 0.43
64.235 22 -6.21
64.235 23 1.33
64.235 25 -0.95
64.235 30 0.00
64.235 B1 6467.92 5971.73 
64.235 B3 6544.88 6028.88 
64.235 120 13 04 50
64.235 244 0.43
64.24 22 -6.30
64.24 23 1.33
64.24 25 0.00
64.24 30 0.00
64.24 B1 6464.34 5977.78 
64.24 B3 6540.22 6033.86 
64.24 120 13 04 50
64.24 244 0.43
64.245 22 -5.61
64.245 23 1.34
64.245 25 0.00
64.245 30 0.00
64.245 B1 6461.57 5985.08 
64.245 B3 6535.64 6039.31 
64.245 120 13 04 50
64.245 244 0.43
64.25 22 -5.69
64.25 23 1.34
64.25 25 0.00
64.25 30 0.00
64.25 B1 6458.11 5992.41 
64.25 B3 6530.90 6045.36 
64.25 120 13 04 50
64.25 244 0.43
64.255 22 -5.76
64.255 23 1.34
64.255 25 0.00
64.255 30 0.00
64.255 B1 6454.21 5999.71 
64.255 B3 6526.09 6051.79 
64.255 120 13 04 50
64.255 244 0.44
64.26 22 -5.83
64.26 23 1.34
64.26 25 0.00
64.26 30 0.00
64.26 B1 6452.73 6009.58 
64.26 B3 6523.68 6060.84 
64.26 120 13 04 50
64.26 244 0.44
64.265 22 -5.89
64.265 23 1.35
64.265 25 0.00
64.265 30 0.00
64.265 B1 6450.34 6018.45 
64.265 B3 6520.73 6069.37 
64.265 120 13 04 50
64.265 244 0.44
64.27 22 -5.95
64.27 23 1.37
64.27 25 0.00
64.27 30 0.00
64.27 B1 6447.37 6026.63 
64.27 B3 6517.45 6077.50 
64.27 120 13 04 50
64.27 244 0.44
64.275 22 -5.99
64.275 23 1.37
64.275 25 0.00
64.275 30 0.00
64.275 B1 6444.08 6034.32 
64.275 B3 6513.96 6085.28 
64.275 120 13 04 50
64.275 244 0.44
64.28 22 -6.04
64.28 23 1.38
64.28 25 0.00
64.28 30 0.00
64.28 B1 6440.63 6041.63 
64.28 B3 6510.37 6092.79 
64.28 120 13 04 50
64.28 244 0.44
64.285 22 -6.07
64.285 23 1.38
64.285 25 0.00
64.285 30 0.00
64.285 B1 6437.11 6048.66 
64.285 B3 6506.74 6100.07 
64.285 120 13 04 50
64.285 244 0.44
64.29 22 -6.10
64.29 23 1.38
64.29 25 0.00
64.29 30 0.00
64.29 B1 6433.61 6055.46 
64.29 B3 6503.13 6107.13 
64.29 120 13 04 50
64.29 244 0.44
64.295 22 -6.13
64.295 23 1.38
64.295 25 0.00
64.295 30 0.00
64.295 B1 6431.50 6063.39 
64.295 B3 6500.79 6115.20 
64.295 120 13 04 50
64.295 244 0.44
64.3 22 -6.15
64.3 23 1.39
64.3 25 0.00
64.3 30 0.00
64.3 B1 6429.07 6070.72 
64.3 B3 6498.25 6122.78 
64.3 120 13 04 50
64.3 244 0.44
64.305 22 -6.16
64.305 23 1.39
64.305 25 0.00
64.305 30 0.00
64.305 B1 6426.50 6077.62 
64.305 B3 6495.60 6129.98 
64.305 120 13 04 50
64.305 244 0.44
64.31 22 -6.17
64.31 23 1.40
64.31 25 0.00
64.31 30 0.00
64.31 B1 6423.86 6084.19 
64.31 B3 6492.92 6136.88 
64.31 120 13 04 50
64.31 244 0.44
64.31499 22 -6.18
64.31499 23 1.40
64.31499 25 0.00
64.31499 30 0.00
64.31499 B1 6421.23 6090.52 
64.31499 B3 6490.25 6143.51 
64.31499 120 13 04 50
64.31499 244 0.44
64.32 22 -6.18
64.32 23 1.40
64.32 25 0.00
64.32 30 0.00
64.32 B1 6418.66 6096.66 
64.32 B3 6487.64 6149.94 
64.32 120 13 04 50
64.32 244 0.44
64.325 22 -6.17
64.325 23 1.40
64.325 25 0.00
64.325 30 0.00
64.325 B1 6414.85 6101.32 
64.325 B3 6483.90 6154.99 
64.325 120 13 04 50
64.325 244 0.44
64.33 22 -6.16
64.33 23 1.39
64.33 25 0.00
64.33 30 0.00
64.33 B1 6411.56 6106.28 
64.33 B3 6480.55 6160.19 
64.33 120 13 04 50
64.33 244 0.44
64.335 22 -6.15
64.335 23 1.39
64.335 25 0.00
64.335 30 0.00
64.335 B1 6408.65 6111.41 
64.335 B3 6477.53 6165.48 
64.335 120 13 04 50
64.335 244 0.44
64.34 22 -6.13
64.34 23 1.38
64.34 25 0.00
64.34 30 0.00
64.34 B1 6406.06 6116.63 
64.34 B3 6474.78 6170.81 
64.34 120 13 04 50
64.34 244 0.44
64.345 22 -6.11
64.345 23 1.38
64.345 25 0.00
64.345 30 0.00
64.345 B1 6405.03 6123.18 
64.345 B3 6473.46 6177.34 
64.345 120 13 04 50
64.345 244 0.44
64.35 22 -6.09
64.35 23 1.38
64.35 25 0.00
64.35 30 0.00
64.35 B1 6402.49 6127.97 
64.35 B3 6470.87 6182.34 
64.35 120 13 04 50
64.35 244 0.44
64.355 22 -6.06
64.355 23 1.38
64.355 25 0.00
64.355 30 0.00
64.355 B1 6400.25 6132.88 
64.355 B3 6468.53 6187.39 
64.355 120 13 04 50
64.355 244 0.44
64.36 22 -6.03
64.36 23 1.37
64.36 25 0.00
64.36 30 0.00
64.36 B1 6398.27 6137.85 
64.36 B3 6466.42 6192.45 
64.36 120 13 04 50
64.36 244 0.44
64.365 22 -6.00
64.365 23 1.37
64.365 25 0.00
64.365 30 0.00
64.365 B1 6396.49 6142.82 
64.365 B3 6464.51 6197.51 
64.365 120 13 04 50
64.365 244 0.44
64.37 22 -5.96
64.37 23 1.37
64.37 25 0.00
64.37 30 0.00
64.37 B1 6394.89 6147.78 
64.37 B3 6462.77 6202.54 
64.37 120 13 04 50
64.37 244 0.44
64.375 22 -5.92
64.375 23 1.37
64.375 25 0.00
64.375 30 0.00
64.375 B1 6393.43 6152.71 
64.375 B3 6461.19 6207.54 
64.375 120 13 04 50
64.375 244 0.44
64.38 22 -5.88
64.38 23 1.36
64.38 25 0.00
64.38 30 0.00
64.38 B1 6393.44 6158.92 
64.38 B3 6460.94 6213.69 
64.38 120 13 04 50
64.38 244 0.44
64.385 22 -5.84
64.385 23 1.37
64.385 25 0.00
64.385 30 0.00
64.385 B1 6393.15 6164.66 
64.385 B3 6460.53 6219.48 
64.385 120 13 04 50
64.385 244 0.44
64.39 22 -5.79
64.39 23 1.37
64.39 25 0.00
64.39 30 0.00
64.39 B1 6391.39 6168.73 
64.39 B3 6458.83 6223.80 
64.39 120 13 04 50
64.39 244 0.44
64.395 22 -5.75
64.395 23 1.37
64.395 25 0.00
64.395 30 0.00
64.395 B1 6389.94 6173.00 
64.395 B3 6457.37 6228.22 
64.395 120 13 04 50
64.395 244 0.44
64.4 22 -5.70
64.4 23 1.36
64.4 25 0.00
64.4 30 0.00
64.4 B1 6390.07 6178.70 
64.4 B3 6457.31 6233.89 
64.4 120 13 04 50
64.4 244 0.44
64.405 22 -5.65
64.405 23 1.37
64.405 25 0.00
64.405 30 0.00
64.405 B1 6389.99 6184.02 
64.405 B3 6457.13 6239.27 
64.405 120 13 04 50
64.405 244 0.44
64.41 22 -5.60
64.41 23 1.37
64.41 25 0.00
64.41 30 0.00
64.41 B1 6389.79 6189.08 
64.41 B3 6456.87 6244.43 
64.41 120 13 04 50
64.41 244 0.44
64.415 22 -5.54
64.415 23 1.37
64.415 25 0.00
64.415 30 0.00
64.415 B1 6388.21 6192.63 
64.415 B3 6455.39 6248.23 
64.415 120 13 04 50
64.415 244 0.44
64.42 22 -5.49
64.42 23 1.37
64.42 25 0.00
64.42 30 0.00
64.42 B1 6387.03 6196.47 
64.42 B3 6454.20 6252.21 
64.42 120 13 04 50
64.42 244 0.44
64.425 22 -5.43
64.425 23 1.36
64.425 25 0.00
64.425 30 0.00
64.425 B1 6386.15 6200.49 
64.425 B3 6453.24 6256.29 
64.425 120 13 04 50
64.425 244 0.44
64.43 22 -5.37
64.43 23 1.36
64.43 25 0.00
64.43 30 0.00
64.43 B1 6385.49 6204.61 
64.43 B3 6452.48 6260.45 
64.43 120 13 04 50
64.43 244 0.44
64.435 22 -5.31
64.435 23 1.35
64.435 25 0.00
64.435 30 0.00
64.435 B1 6385.00 6208.79 
64.435 B3 6451.86 6264.65 
64.435 120 13 04 50
64.435 244 0.44
64.43999 22 -5.26
64.43999 23 1.35
64.43999 25 0.00
64.43999 30 0.00
64.43999 B1 6384.66 6212.98 
64.43999 B3 6451.39 6268.87 
64.43999 120 13 04 50
64.43999 244 0.44
64.445 22 -5.20
64.445 23 1.35
64.445 25 0.00
64.445 30 0.00
64.445 B1 6384.42 6217.18 
64.445 B3 6451.03 6273.10 
64.445 120 13 04 50
64.445 244 0.44
64.45 22 -5.14
64.45 23 1.35
64.45 25 0.00
64.45 30 0.00
64.45 B1 6384.29 6221.37 
64.45 B3 6450.78 6277.32 
64.45 120 13 04 50
64.45 244 0.44
64.455 22 -5.07
64.455 23 1.35
64.455 25 0.00
64.455 30 0.00
64.455 B1 6384.25 6225.53 
64.455 B3 6450.61 6281.52 
64.455 120 13 04 50
64.455 244 0.44
64.46 22 -5.01
64.46 23 1.34
64.46 25 0.00
64.46 30 0.00
64.46 B1 6384.28 6229.67 
64.46 B3 6450.53 6285.70 
64.46 120 13 04 50
64.46 244 0.44
64.465 22 -4.95
64.465 23 1.34
64.465 25 0.00
64.465 30 0.00
64.465 B1 6384.39 6233.78 
64.465 B3 6450.53 6289.86 
64.465 120 13 04 50
64.465 244 0.44
64.47 22 -4.89
64.47 23 1.34
64.47 25 0.00
64.47 30 0.00
64.47 B1 6384.56 6237.86 
64.47 B3 6450.60 6293.99 
64.47 120 13 04 50
64.47 244 0.43
64.475 22 -4.83
64.475 23 1.34
64.475 25 0.00
64.475 30 0.00
64.475 B1 6382.15 6239.26 
64.475 B3 6448.33 6295.70 
64.475 120 13 04 50
64.475 244 0.43
64.48 22 -4.76
64.48 23 1.32
64.48 25 0.00
64.48 30 0.00
64.48 B1 6380.63 6241.49 
64.48 B3 6446.73 6298.00 
64.48 120 13 04 50
64.48 244 0.44
64.485 22 -4.70
64.485 23 1.31
64.485 25 0.00
64.485 30 0.00
64.485 B1 6382.37 6246.90 
64.485 B3 6448.00 6303.11 
64.485 120 13 04 50
64.485 244 0.44
64.49 22 -4.64
64.49 23 1.32
64.49 25 0.00
64.49 30 0.00
64.49 B1 6383.71 6251.79 
64.49 B3 6449.08 6307.91 
64.49 120 13 04 50
64.49 244 0.44
64.495 22 -4.57
64.495 23 1.32
64.495 25 0.00
64.495 30 0.00
64.495 B1 6384.81 6256.33 
64.495 B3 6450.01 6312.45 
64.495 120 13 04 50
64.495 244 0.44
64.5 22 -4.51
64.5 23 1.33
64.5 25 0.00
64.5 30 0.00
64.5 B1 6385.76 6260.62 
64.5 B3 6450.86 6316.81 
64.5 120 13 04 50
64.5 244 0.44
64.505 22 -4.45
64.505 23 1.33
64.505 25 0.00
64.505 30 0.00
64.505 B1 6386.62 6264.75 
64.505 B3 6451.64 6321.03 
64.505 120 13 04 50
64.505 244 0.44
64.51 22 -4.39
64.51 23 1.33
64.51 25 0.00
64.51 30 0.00
64.51 B1 6387.43 6268.74 
64.51 B3 6452.40 6325.14 
64.51 120 13 04 50
64.51 244 0.44
64.515 22 -4.32
64.515 23 1.33
64.515 25 -1.55
64.515 30 0.00
64.515 B1 6388.24 6272.64 
64.515 B3 6453.15 6329.16 
64.515 120 13 04 50
64.515 244 0.44
64.52 22 -5.58
64.52 23 1.28
64.52 25 -1.91
64.52 30 0.00
64.52 B1 6385.96 6273.29 
64.52 B3 6453.91 6333.11 
64.52 120 13 04 50
64.52 244 0.44
64.525 22 -5.81
64.525 23 1.25
64.525 25 -3.29
64.525 30 0.00
64.525 B1 6384.32 6273.39 
64.525 B3 6455.12 6336.48 
64.525 120 13 04 50
64.525 244 0.44
64.53 22 -6.87
64.53 23 1.14
64.53 25 -4.17
64.53 30 0.00
64.53 B1 6380.04 6269.70 
64.53 B3 6456.75 6339.31 
64.53 120 13 04 50
64.53 244 0.44
64.535 22 -7.46
64.535 23 1.04
64.535 25 -4.17
64.535 30 0.00
64.535 B1 6376.75 6265.27 
64.535 B3 6460.26 6342.47 
64.535 120 13 04 50
64.535 244 0.44
64.54 22 -7.33
64.54 23 1.03
64.54 25 -4.93
64.54 30 0.00
64.54 B1 6376.36 6262.10 
64.54 B3 6464.16 6344.36 
64.54 120 13 04 50
64.54 244 0.44
64.545 22 -7.80
64.545 23 0.94
64.545 25 -6.47
64.545 30 0.00
64.545 B1 6373.54 6255.33 
64.545 B3 6467.11 6344.14 
64.545 120 13 04 50
64.545 244 0.44
64.55 22 -8.73
64.55 23 0.74
64.55 25 -7.24
64.55 30 0.00
64.55 B1 6366.61 6243.10 
64.55 B3 6470.69 6343.33 
64.55 120 13 04 50
64.55 244 0.44
64.555 22 -9.06
64.555 23 0.61
64.555 25 -8.01
64.555 30 0.00
64.555 B1 6360.40 6230.00 
64.555 B3 6474.98 6341.59 
64.555 120 13 04 50
64.555 244 0.44
64.56 22 -9.34
64.56 23 0.49
64.56 25 -8.01
64.56 30 0.00
64.56 B1 6354.61 6215.91 
64.56 B3 6479.86 6338.98 
64.56 120 13 04 50
64.56 244 0.44
64.56499 22 -9.24
64.56499 23 0.45
64.56499 25 -8.01
64.56499 30 0.00
64.56499 B1 6353.56 6205.52 
64.56499 B3 6485.22 6335.52 
64.56499 120 13 04 50
64.56499 244 0.44
64.57 22 -9.14
64.57 23 0.44
64.57 25 -8.01
64.57 30 0.00
64.57 B1 6355.65 6197.59 
64.57 B3 6490.90 6331.45 
64.57 120 13 04 50
64.57 244 0.44
64.575 22 -9.05
64.575 23 0.43
64.575 25 -8.27
64.575 30 0.00
64.575 B1 6359.82 6191.32 
64.575 B3 6496.78 6326.96 
64.575 120 13 04 50
64.575 244 0.44
64.58 22 -9.09
64.58 23 0.39
64.58 25 -8.27
64.58 30 0.00
64.58 B1 6363.94 6184.69 
64.58 B3 6502.77 6322.18 
64.58 120 13 04 50
64.58 244 0.44
64.585 22 -9.01
64.585 23 0.39
64.585 25 -8.27
64.585 30 0.00
64.585 B1 6369.44 6179.27 
64.585 B3 6508.84 6317.15 
64.585 120 13 04 50
64.585 244 0.44
64.59 22 -8.93
64.59 23 0.39
64.59 25 -8.40
64.59 30 0.00
64.59 B1 6377.13 6175.97 
64.59 B3 6516.14 6313.18 
64.59 120 13 04 50
64.59 244 0.44
64.595 22 -8.93
64.595 23 0.39
64.595 25 -8.40
64.595 30 0.00
64.595 B1 6382.94 6170.73 
64.595 B3 6521.95 6307.62 
64.595 120 13 04 50
64.595 244 0.44
64.6 22 -8.86
64.6 23 0.39
64.6 25 -8.40
64.6 30 0.00
64.6 B1 6389.43 6166.25 
64.6 B3 6527.81 6302.10 
64.6 120 13 04 50
64.6 244 0.44
64.605 22 -8.79
64.605 23 0.40
64.605 25 -8.40
64.605 30 0.00
64.605 B1 6396.33 6162.27 
64.605 B3 6533.67 6296.65 
64.605 120 13 04 50
64.605 244 0.44
64.61 22 -8.73
64.61 23 0.40
64.61 25 -8.40
64.61 30 0.00
64.61 B1 6403.43 6158.65 
64.61 B3 6539.52 6291.28 
64.61 120 13 04 50
64.61 244 0.44
64.615 22 -8.67
64.615 23 0.41
64.615 25 -8.40
64.615 30 0.00
64.615 B1 6411.94 6156.59 
64.615 B3 6546.51 6287.23 
64.615 120 13 04 50
64.615 244 0.44
64.62 22 -8.62
64.62 23 0.43
64.62 25 -8.40
64.62 30 0.00
64.62 B1 6420.03 6154.27 
64.62 B3 6553.15 6282.97 
64.62 120 13 04 50
64.62 244 0.44
64.625 22 -8.57
64.625 23 0.44
64.625 25 -8.40
64.625 30 0.00
64.625 B1 6427.78 6151.80 
64.625 B3 6559.50 6278.62 
64.625 120 13 04 50
64.625 244 0.44
64.63 22 -8.53
64.63 23 0.46
64.63 25 -8.40
64.63 30 0.00
64.63 B1 6435.23 6149.25 
64.63 B3 6565.60 6274.24 
64.63 120 13 04 50
64.63 244 0.44
64.635 22 -8.49
64.635 23 0.47
64.635 25 -8.40
64.635 30 0.00
64.635 B1 6442.43 6146.66 
64.635 B3 6571.49 6269.88 
64.635 120 13 04 50
64.635 244 0.44
64.64 22 -8.46
64.64 23 0.48
64.64 25 -8.40
64.64 30 0.00
64.64 B1 6449.39 6144.07 
64.64 B3 6577.20 6265.59 
64.64 120 13 04 50
64.64 244 0.44
64.645 22 -8.42
64.645 23 0.49
64.645 25 -8.40
64.645 30 0.00
64.645 B1 6456.12 6141.49 
64.645 B3 6582.74 6261.37 
64.645 120 13 04 50
64.645 244 0.44
64.65 22 -8.40
64.65 23 0.50
64.65 25 -8.40
64.65 30 0.00
64.65 B1 6462.65 6138.93 
64.65 B3 6588.12 6257.26 
64.65 120 13 04 50
64.65 244 0.44
64.655 22 -8.38
64.655 23 0.50
64.655 25 -8.40
64.655 30 0.00
64.655 B1 6468.97 6136.41 
64.655 B3 6593.37 6253.25 
64.655 120 13 04 50
64.655 244 0.44
64.66 22 -8.36
64.66 23 0.51
64.66 25 -8.13
64.66 30 0.00
64.66 B1 6475.11 6133.92 
64.66 B3 6598.48 6249.37 
64.66 120 13 04 50
64.66 244 0.44
64.665 22 -8.16
64.665 23 0.56
64.665 25 -8.13
64.665 30 0.00
64.665 B1 6482.24 6132.72 
64.665 B3 6603.48 6245.61 
64.665 120 13 04 50
64.665 244 0.44
64.67 22 -8.15
64.67 23 0.57
64.67 25 -8.13
64.67 30 0.00
64.67 B1 6488.75 6131.22 
64.67 B3 6608.30 6242.06 
64.67 120 13 04 50
64.67 244 0.44
64.675 22 -8.15
64.675 23 0.58
64.675 25 -8.13
64.675 30 0.00
64.675 B1 6494.78 6129.53 
64.675 B3 6612.98 6238.69 
64.675 120 13 04 50
64.675 244 0.44
64.68 22 -8.15
64.68 23 0.59
64.68 25 -8.13
64.68 30 0.00
64.68 B1 6500.42 6127.73 
64.68 B3 6617.54 6235.50 
64.68 120 13 04 50
64.68 244 0.44
64.685 22 -8.15
64.685 23 0.59
64.685 25 -8.13
64.685 30 0.00
64.685 B1 6505.76 6125.88 
64.685 B3 6621.97 6232.46 
64.685 120 13 04 50
64.685 244 0.44
64.68999 22 -8.15
64.68999 23 0.60
64.68999 25 -8.13
64.68999 30 0.00
64.68999 B1 6510.84 6123.99 
64.68999 B3 6626.29 6229.56 
64.68999 120 13 04 50
64.68999 244 0.44
64.695 22 -8.16
64.695 23 0.60
64.695 25 -8.00
64.695 30 0.00
64.695 B1 6515.71 6122.11 
64.695 B3 6630.51 6226.79 
64.695 120 13 04 50
64.695 244 0.44
64.7 22 -8.08
64.7 23 0.63
64.7 25 -8.00
64.7 30 0.00
64.7 B1 6520.94 6120.81 
64.7 B3 6634.63 6224.13 
64.7 120 13 04 50
64.7 244 0.44
64.705 22 -8.09
64.705 23 0.63
64.705 25 -8.00
64.705 30 0.00
64.705 B1 6525.78 6119.37 
64.705 B3 6638.63 6221.62 
64.705 120 13 04 50
64.705 244 0.44
64.71 22 -8.11
64.71 23 0.64
64.71 25 -8.00
64.71 30 0.00
64.71 B1 6530.32 6117.85 
64.71 B3 6642.52 6219.25 
64.71 120 13 04 50
64.71 244 0.44
64.715 22 -8.13
64.715 23 0.64
64.715 25 -8.00
64.715 30 0.00
64.715 B1 6534.62 6116.29 
64.715 B3 6646.32 6217.00 
64.715 120 13 04 50
64.715 244 0.44
64.72 22 -8.16
64.72 23 0.64
64.72 25 -8.00
64.72 30 0.00
64.72 B1 6538.70 6114.70 
64.72 B3 6650.02 6214.85 
64.72 120 13 04 50
64.72 244 0.44
64.725 22 -8.18
64.725 23 0.65
64.725 25 -8.00
64.725 30 0.00
64.725 B1 6543.93 6114.43 
64.725 B3 6654.83 6213.99 
64.725 120 13 04 50
64.725 244 0.44
64.73 22 -8.21
64.73 23 0.66
64.73 25 -8.00
64.73 30 0.00
64.73 B1 6547.30 6112.40 
64.73 B3 6658.08 6211.69 
64.73 120 13 04 50
64.73 244 0.44
64.735 22 -8.24
64.735 23 0.65
64.735 25 -8.00
64.735 30 0.00
64.735 B1 6551.96 6111.86 
64.735 B3 6662.53 6210.76 
64.735 120 13 04 50
64.735 244 0.44
64.74 22 -8.27
64.74 23 0.66
64.74 25 -8.00
64.74 30 0.00
64.74 B1 6556.19 6110.98 
64.74 B3 6666.66 6209.65 
64.74 120 13 04 50
64.74 244 0.44
64.745 22 -8.31
64.745 23 0.67
64.745 25 -8.00
64.745 30 0.00
64.745 B1 6558.77 6108.58 
64.745 B3 6669.36 6207.21 
64.745 120 13 04 50
64.745 244 0.44
64.75 22 -8.34
64.75 23 0.66
64.75 25 -8.00
64.75 30 0.00
64.75 B1 6561.48 6106.48 
64.75 B3 6672.14 6205.02 
64.75 120 13 04 50
64.75 244 0.44
64.755 22 -8.38
64.755 23 0.66
64.755 25 -7.61
64.755 30 0.00
64.755 B1 6564.26 6104.60 
64.755 B3 6674.96 6203.02 
64.755 120 13 04 50
64.755 244 0.44
64.76 22 -8.11
64.76 23 0.72
64.76 25 -6.70
64.76 30 0.00
64.76 B1 6567.29 6103.13 
64.76 B3 6676.61 6199.96 
64.76 120 13 04 50
64.76 244 0.44
64.765 22 -7.43
64.765 23 0.84
64.765 25 -6.70
64.765 30 0.00
64.765 B1 6573.34 6105.11 
64.765 B3 6678.47 6197.49 
64.765 120 13 04 50
64.765 244 0.44
64.77 22 -7.49
64.77 23 0.85
64.77 25 -4.90
64.77 30 0.00
64.77 B1 6577.94 6106.39 
64.77 B3 6680.28 6195.79 
64.77 120 13 04 50
64.77 244 0.44
64.775 22 -6.03
64.775 23 1.05
64.775 25 -4.90
64.775 30 0.00
64.775 B1 6586.56 6112.33 
64.775 B3 6682.06 6194.65 
64.775 120 13 04 50
64.775 244 0.44
64.78 22 -6.14
64.78 23 1.07
64.78 25 -1.98
64.78 30 0.00
64.78 B1 6592.35 6116.96 
64.78 B3 6683.40 6194.61 
64.78 120 13 04 50
64.78 244 0.44
64.785 22 -3.84
64.785 23 1.26
64.785 25 -1.98
64.785 30 0.00
64.785 B1 6601.85 6126.37 
64.785 B3 6685.61 6196.55 
64.785 120 13 04 50
64.785 244 0.44
64.79 22 -3.98
64.79 23 1.28
64.79 25 -1.60
64.79 30 0.00
64.79 B1 6607.49 6134.54 
64.79 B3 6686.59 6199.72 
64.79 120 13 04 50
64.79 244 0.44
64.795 22 -3.83
64.795 23 1.31
64.795 25 0.00
64.795 30 0.00
64.795 B1 6609.40 6140.78 
64.795 B3 6685.47 6202.56 
64.795 120 13 04 50
64.795 244 0.44
64.8 22 -2.84
64.8 23 1.32
64.8 25 0.00
64.8 30 0.00
64.8 B1 6609.97 6147.12 
64.8 B3 6683.89 6206.44 
64.8 120 13 04 50
64.8 244 0.44
64.805 22 -2.98
64.805 23 1.33
64.805 25 0.00
64.805 30 0.00
64.805 B1 6609.08 6153.95 
64.805 B3 6681.62 6211.43 
64.805 120 13 04 50
64.805 244 0.44
64.81 22 -3.10
64.81 23 1.33
64.81 25 0.00
64.81 30 0.00
64.81 B1 6607.22 6161.04 
64.81 B3 6678.87 6217.20 
64.81 120 13 04 50
64.81 244 0.44
64.81499 22 -3.22
64.81499 23 1.33
64.81499 25 0.00
64.81499 30 0.00
64.81499 B1 6604.71 6168.23 
64.81499 B3 6675.78 6223.49 
64.81499 120 13 04 50
64.81499 244 0.44
64.82 22 -3.32
64.82 23 1.33
64.82 25 0.00
64.82 30 0.00
64.82 B1 6601.81 6175.46 
64.82 B3 6672.48 6230.11 
64.82 120 13 04 50
64.82 244 0.44
64.825 22 -3.42
64.825 23 1.33
64.825 25 0.00
64.825 30 0.00
64.825 B1 6598.66 6182.65 
64.825 B3 6669.05 6236.94 
64.825 120 13 04 50
64.825 244 0.44
64.83 22 -3.52
64.83 23 1.33
64.83 25 0.00
64.83 30 0.00
64.83 B1 6595.40 6189.78 
64.83 B3 6665.58 6243.87 
64.83 120 13 04 50
64.83 244 0.44
64.835 22 -3.61
64.835 23 1.33
64.835 25 0.00
64.835 30 0.00
64.835 B1 6592.09 6196.82 
64.835 B3 6662.09 6250.84 
64.835 120 13 04 50
64.835 244 0.44
64.84 22 -3.70
64.84 23 1.33
64.84 25 0.00
64.84 30 0.00
64.84 B1 6588.80 6203.74 
64.84 B3 6658.64 6257.80 
64.84 120 13 04 50
64.84 244 0.43
64.845 22 -3.78
64.845 23 1.33
64.845 25 0.00
64.845 30 0.00
64.845 B1 6582.92 6207.91 
64.845 B3 6652.85 6262.31 
64.845 120 13 04 50
64.845 244 0.43
64.85 22 -3.85
64.85 23 1.31
64.85 25 0.00
64.85 30 0.00
64.85 B1 6577.93 6212.82 
64.85 B3 6647.74 6267.36 
64.85 120 13 04 50
64.85 244 0.43
64.855 22 -3.92
64.855 23 1.30
64.855 25 0.00
64.855 30 0.00
64.855 B1 6573.59 6218.17 
64.855 B3 6643.15 6272.77 
64.855 120 13 04 50
64.855 244 0.43
64.86 22 -3.99
64.86 23 1.29
64.86 25 0.00
64.86 30 0.00
64.86 B1 6569.74 6223.76 
64.86 B3 6639.01 6278.40 
64.86 120 13 04 50
64.86 244 0.43
64.865 22 -4.05
64.865 23 1.29
64.865 25 0.00
64.865 30 0.00
64.865 B1 6566.27 6229.49 
64.865 B3 6635.22 6284.16 
64.865 120 13 04 50
64.865 244 0.43
64.87 22 -4.10
64.87 23 1.28
64.87 25 0.00
64.87 30 0.00
64.87 B1 6563.12 6235.25 
64.87 B3 6631.76 6289.96 
64.87 120 13 04 50
64.87 244 0.43
64.875 22 -4.15
64.875 23 1.28
64.875 25 0.00
64.875 30 0.00
64.875 B1 6560.21 6241.01 
64.875 B3 6628.56 6295.77 
64.875 120 13 04 50
64.875 244 0.44
64.88 22 -4.20
64.88 23 1.28
64.88 25 0.00
64.88 30 0.00
64.88 B1 6560.15 6249.35 
64.88 B3 6628.00 6303.94 
64.88 120 13 04 50
64.88 244 0.43
64.885 22 -4.24
64.885 23 1.29
64.885 25 0.00
64.885 30 0.00
64.885 B1 6556.84 6254.14 
64.885 B3 6624.68 6309.06 
64.885 120 13 04 50
64.885 244 0.43
64.89 22 -4.27
64.89 23 1.28
64.89 25 0.00
64.89 30 0.00
64.89 B1 6553.96 6259.14 
64.89 B3 6621.69 6314.26 
64.89 120 13 04 50
64.89 244 0.43
64.895 22 -4.31
64.895 23 1.28
64.895 25 0.00
64.895 30 0.00
64.895 B1 6551.39 6264.24 
64.895 B3 6619.00 6319.51 
64.895 120 13 04 50
64.895 244 0.43
64.9 22 -4.33
64.9 23 1.28
64.9 25 0.00
64.9 30 0.00
64.9 B1 6549.10 6269.38 
64.9 B3 6616.55 6324.77 
64.9 120 13 04 50
64.9 244 0.43
64.905 22 -4.36
64.905 23 1.27
64.905 25 0.00
64.905 30 0.00
64.905 B1 6547.02 6274.51 
64.905 B3 6614.31 6329.99 
64.905 120 13 04 50
64.905 244 0.43
64.91 22 -4.38
64.91 23 1.27
64.91 25 0.00
64.91 30 0.00
64.91 B1 6545.12 6279.61 
64.91 B3 6612.27 6335.17 
64.91 120 13 04 50
64.91 244 0.43
64.915 22 -4.39
64.915 23 1.27
64.915 25 0.00
64.915 30 0.00
64.915 B1 6543.38 6284.66 
64.915 B3 6610.40 6340.30 
64.915 120 13 04 50
64.915 244 0.43
64.92 22 -4.40
64.92 23 1.27
64.92 25 0.00
64.92 30 0.00
64.92 B1 6541.78 6289.65 
64.92 B3 6608.68 6345.36 
64.92 120 13 04 50
64.92 244 0.43
64.925 22 -4.41
64.925 23 1.27
64.925 25 0.00
64.925 30 0.00
64.925 B1 6540.31 6294.58 
64.925 B3 6607.09 6350.35 
64.925 120 13 04 50
64.925 244 0.43
64.93 22 -4.42
64.93 23 1.26
64.93 25 0.00
64.93 30 0.00
64.93 B1 6538.96 6299.44 
64.93 B3 6605.65 6355.27 
64.93 120 13 04 50
64.93 244 0.43
64.935 22 -4.42
64.935 23 1.26
64.935 25 0.00
64.935 30 0.00
64.935 B1 6537.73 6304.23 
64.935 B3 6604.32 6360.13 
64.935 120 13 04 50
64.935 244 0.43
64.93999 22 -4.42
64.93999 23 1.26
64.93999 25 0.00
64.93999 30 0.00
64.93999 B1 6536.59 6308.96 
64.93999 B3 6603.11 6364.91 
64.93999 120 13 04 50
64.93999 244 0.43
64.945 22 -4.41
64.945 23 1.26
64.945 25 0.00
64.945 30 0.00
64.945 B1 6535.56 6313.61 
64.945 B3 6602.00 6369.61 
64.945 120 13 04 50
64.945 244 0.43
64.95 22 -4.40
64.95 23 1.26
64.95 25 0.00
64.95 30 0.00
64.95 B1 6534.62 6318.20 
64.95 B3 6600.99 6374.26 
64.95 120 13 04 50
64.95 244 0.43
64.955 22 -4.39
64.955 23 1.26
64.955 25 0.00
64.955 30 0.00
64.955 B1 6533.78 6322.73 
64.955 B3 6600.09 6378.84 
64.955 120 13 04 50
64.955 244 0.43
64.96 22 -4.38
64.96 23 1.26
64.96 25 0.00
64.96 30 0.00
64.96 B1 6533.02 6327.21 
64.96 B3 6599.27 6383.36 
64.96 120 13 04 50
64.96 244 0.43
64.965 22 -4.37
64.965 23 1.26
64.965 25 0.00
64.965 30 0.00
64.965 B1 6532.33 6331.63 
64.965 B3 6598.53 6387.82 
64.965 120 13 04 50
64.965 244 0.43
64.97 22 -4.35
64.97 23 1.26
64.97 25 0.00
64.97 30 0.00
64.97 B1 6530.42 6334.66 
64.97 B3 6596.69 6391.03 
64.97 120 13 04 50
64.97 244 0.43
64.975 22 -4.33
64.975 23 1.25
64.975 25 0.00
64.975 30 0.00
64.975 B1 6528.97 6338.07 
64.975 B3 6595.21 6394.48 
64.975 120 13 04 50
64.975 244 0.43
64.98 22 -4.31
64.98 23 1.24
64.98 25 0.00
64.98 30 0.00
64.98 B1 6527.89 6341.72 
64.98 B3 6594.02 6398.11 
64.98 120 13 04 50
64.98 244 0.43
64.985 22 -4.29
64.985 23 1.24
64.985 25 0.00
64.985 30 0.00
64.985 B1 6528.38 6346.82 
64.985 B3 6594.25 6403.05 
64.985 120 13 04 50
64.985 244 0.43
64.99 22 -4.26
64.99 23 1.24
64.99 25 0.00
64.99 30 0.00
64.99 B1 6528.66 6351.58 
64.99 B3 6594.39 6407.76 
64.99 120 13 04 50
64.99 244 0.43
64.995 22 -4.23
64.995 23 1.24
64.995 25 0.00
64.995 30 0.00
64.995 B1 6528.82 6356.10 
64.995 B3 6594.47 6412.28 
64.995 120 13 04 50
64.995 244 0.43
65 22 -4.21
65 23 1.24
65 25 0.00
65 30 0.00
65 B1 6528.92 6360.44 
65 B3 6594.52 6416.67 
65 120 13 04 50
65 244 0.43
65.005 22 -4.18
65.005 23 1.24
65.005 25 0.00
65.005 30 0.00
65.005 B1 6529.00 6364.66 
65.005 B3 6594.56 6420.94 
65.005 120 13 04 50
65.005 244 0.43
65.01 22 -4.15
65.01 23 1.25
65.01 25 0.00
65.01 30 0.00
65.01 B1 6529.07 6368.77 
65.01 B3 6594.61 6425.12 
65.01 120 13 04 50
65.01 244 0.43
65.015 22 -4.11
65.015 23 1.25
65.015 25 0.00
65.015 30 0.00
65.015 B1 6529.16 6372.81 
65.015 B3 6594.67 6429.22 
65.015 120 13 04 50
65.015 244 0.43
65.02 22 -4.08
65.02 23 1.24
65.02 25 0.00
65.02 30 0.00
65.02 B1 6529.27 6376.78 
65.02 B3 6594.76 6433.26 
65.02 120 13 04 50
65.02 244 0.43
65.025 22 -4.05
65.025 23 1.24
65.025 25 0.00
65.025 30 0.00
65.025 B1 6529.43 6380.69 
65.025 B3 6594.89 6437.24 
65.025 120 13 04 50
65.025 244 0.43
65.03 22 -4.01
65.03 23 1.24
65.03 25 0.00
65.03 30 0.00
65.03 B1 6529.62 6384.57 
65.03 B3 6595.04 6441.18 
65.03 120 13 04 50
65.03 244 0.43
65.035 22 -3.98
65.035 23 1.24
65.035 25 0.00
65.035 30 0.00
65.035 B1 6529.85 6388.40 
65.035 B3 6595.24 6445.07 
65.035 120 13 04 50
65.035 244 0.43
65.04 22 -3.94
65.04 23 1.24
65.04 25 0.00
65.04 30 0.00
65.04 B1 6530.13 6392.18 
65.04 B3 6595.47 6448.92 
65.04 120 13 04 50
65.04 244 0.43
65.045 22 -3.90
65.045 23 1.24
65.045 25 0.00
65.045 30 0.00
65.045 B1 6530.45 6395.94 
65.045 B3 6595.74 6452.73 
65.045 120 13 04 50
65.045 244 0.43
65.05 22 -3.86
65.05 23 1.24
65.05 25 0.00
65.05 30 0.00
65.05 B1 6530.83 6399.66 
65.05 B3 6596.06 6456.51 
65.05 120 13 04 50
65.05 244 0.43
65.055 22 -3.82
65.055 23 1.24
65.055 25 0.00
65.055 30 0.00
65.055 B1 6531.24 6403.34 
65.055 B3 6596.41 6460.25 
65.055 120 13 04 50
65.055 244 0.43
65.06 22 -3.78
65.06 23 1.24
65.06 25 0.00
65.06 30 0.00
65.06 B1 6531.69 6406.99 
65.06 B3 6596.80 6463.96 
65.06 120 13 04 50
65.06 244 0.43
65.06499 22 -3.74
65.06499 23 1.24
65.06499 25 0.00
65.06499 30 0.00
65.06499 B1 6532.19 6410.61 
65.06499 B3 6597.25 6467.65 
65.06499 120 13 04 50
65.06499 244 0.43
65.07 22 -3.70
65.07 23 1.24
65.07 25 0.00
65.07 30 0.00
65.07 B1 6532.73 6414.20 
65.07 B3 6597.72 6471.30 
65.07 120 13 04 50
65.07 244 0.44
65.075 22 -3.66
65.075 23 1.24
65.075 25 0.00
65.075 30 0.00
65.075 B1 6535.96 6420.41 
65.075 B3 6600.63 6477.31 
65.075 120 13 04 50
65.075 244 0.44
65.08 22 -3.62
65.08 23 1.25
65.08 25 0.00
65.08 30 0.00
65.08 B1 6538.41 6425.75 
65.08 B3 6603.00 6482.70 
65.08 120 13 04 50
65.08 244 0.44
65.085 22 -3.58
65.085 23 1.26
65.085 25 0.00
65.085 30 0.00
65.085 B1 6540.36 6430.49 
65.085 B3 6604.98 6487.62 
65.085 120 13 04 50
65.085 244 0.44
65.09 22 -3.54
65.09 23 1.27
65.09 25 0.00
65.09 30 0.00
65.09 B1 6541.97 6434.84 
65.09 B3 6606.68 6492.18 
65.09 120 13 04 50
65.09 244 0.44
65.095 22 -3.49
65.095 23 1.27
65.095 25 0.00
65.095 30 0.00
65.095 B1 6543.37 6438.91 
65.095 B3 6608.17 6496.48 
65.095 120 13 04 50
65.095 244 0.44
65.1 22 -3.45
65.1 23 1.28
65.1 25 0.00
65.1 30 0.00
65.1 B1 6544.62 6442.77 
65.1 B3 6609.53 6500.58 
65.1 120 13 04 50
65.1 244 0.44
65.105 22 -3.41
65.105 23 1.28
65.105 25 0.00
65.105 30 0.00
65.105 B1 6545.79 6446.50 
65.105 B3 6610.78 6504.52 
65.105 120 13 04 50
65.105 244 0.44
65.11 22 -3.37
65.11 23 1.28
65.11 25 0.00
65.11 30 0.00
65.11 B1 6548.23 6451.44 
65.11 B3 6613.17 6509.53 
65.11 120 13 04 50
65.11 244 0.44
65.115 22 -3.33
65.115 23 1.29
65.115 25 0.00
65.115 30 0.00
65.115 B1 6550.25 6455.90 
65.115 B3 6615.23 6514.15 
65.115 120 13 04 50
65.115 244 0.44
65.12 22 -3.28
65.12 23 1.29
65.12 25 0.00
65.12 30 0.00
65.12 B1 6552.00 6460.01 
65.12 B3 6617.06 6518.48 
65.12 120 13 04 50
65.12 244 0.44
65.125 22 -3.24
65.125 23 1.30
65.125 25 0.00
65.125 30 0.00
65.125 B1 6552.24 6462.56 
65.125 B3 6617.52 6521.38 
65.125 120 13 04 50
65.125 244 0.44
65.13 22 -3.20
65.13 23 1.29
65.13 25 0.00
65.13 30 0.00
65.13 B1 6554.09 6466.68 
65.13 B3 6619.35 6525.60 
65.13 120 13 04 50
65.13 244 0.44
65.135 22 -3.16
65.135 23 1.30
65.135 25 0.00
65.135 30 0.00
65.135 B1 6555.75 6470.54 
65.135 B3 6621.02 6529.61 
65.135 120 13 04 50
65.135 244 0.44
65.14 22 -3.12
65.14 23 1.30
65.14 25 0.00
65.14 30 0.00
65.14 B1 6557.28 6474.23 
65.14 B3 6622.59 6533.46 
65.14 120 13 04 50
65.14 244 0.44
65.145 22 -3.07
65.145 23 1.30
65.145 25 0.00
65.145 30 0.00
65.145 B1 6557.41 6476.46 
65.145 B3 6622.89 6535.98 
65.145 120 13 04 50
65.145 244 0.44
65.15 22 -3.03
65.15 23 1.29
65.15 25 0.00
65.15 30 0.00
65.15 B1 6557.91 6479.02 
65.15 B3 6623.43 6538.71 
65.15 120 13 04 50
65.15 244 0.44
65.155 22 -2.99
65.155 23 1.29
65.155 25 0.00
65.155 30 0.00
65.155 B1 6558.67 6481.78 
65.155 B3 6624.16 6541.57 
65.155 120 13 04 50
65.155 244 0.44
65.16 22 -2.95
65.16 23 1.28
65.16 25 0.00
65.16 30 0.00
65.16 B1 6559.60 6484.67 
65.16 B3 6625.04 6544.52 
65.16 120 13 04 50
65.16 244 0.44
65.165 22 -2.91
65.165 23 1.28
65.165 25 0.00
65.165 30 0.00
65.165 B1 6562.00 6488.97 
65.165 B3 6627.23 6548.74 
65.165 120 13 04 50
65.165 244 0.43
65.17 22 -2.87
65.17 23 1.29
65.17 25 0.00
65.17 30 0.00
65.17 B1 6560.13 6488.94 
65.17 B3 6625.64 6549.12 
65.17 120 13 04 50
65.17 244 0.43
65.175 22 -2.83
65.175 23 1.27
65.175 25 0.00
65.175 30 0.00
65.175 B1 6559.26 6489.90 
65.175 B3 6624.78 6550.19 
65.175 120 13 04 50
65.175 244 0.43
65.18 22 -2.79
65.18 23 1.25
65.18 25 0.00
65.18 30 0.00
65.18 B1 6559.10 6491.51 
65.18 B3 6624.46 6551.78 
65.18 120 13 04 50
65.18 244 0.43
65.185 22 -2.75
65.185 23 1.24
65.185 25 0.00
65.185 30 0.00
65.185 B1 6559.42 6493.56 
65.185 B3 6624.56 6553.73 
65.185 120 13 04 50
65.185 244 0.43
65.18999 22 -2.71
65.18999 23 1.24
65.18999 25 0.00
65.18999 30 0.00
65.18999 B1 6560.08 6495.90 
65.18999 B3 6624.98 6555.94 
65.18999 120 13 04 50
65.18999 244 0.43
65.195 22 -2.67
65.195 23 1.23
65.195 25 0.00
65.195 30 0.00
65.195 B1 6560.98 6498.43 
65.195 B3 6625.65 6558.36 
65.195 120 13 04 50
65.195 244 0.43
65.2 22 -2.63
65.2 23 1.23
65.2 25 0.00
65.2 30 0.00
65.2 B1 6562.04 6501.08 
65.2 B3 6626.50 6560.90 
65.2 120 13 04 50
65.2 244 0.43
65.205 22 -2.59
65.205 23 1.22
65.205 25 0.00
65.205 30 0.00
65.205 B1 6561.91 6502.48 
65.205 B3 6626.30 6562.35 
65.205 120 13 04 50
65.205 244 0.43
65.21 22 -2.56
65.21 23 1.21
65.21 25 0.00
65.21 30 0.00
65.21 B1 6562.28 6504.34 
65.21 B3 6626.50 6564.16 
65.21 120 13 04 50
65.21 244 0.42
65.215 22 -2.52
65.215 23 1.21
65.215 25 0.00
65.215 30 0.00
65.215 B1 6561.67 6505.19 
65.215 B3 6625.82 6565.04 
65.215 120 13 04 50
65.215 244 0.42
65.22 22 -2.48
65.22 23 1.19
65.22 25 0.00
65.22 30 0.00
65.22 B1 6561.70 6506.64 
65.22 B3 6625.66 6566.41 
65.22 120 13 04 50
65.22 244 0.42
65.225 22 -2.44
65.225 23 1.18
65.225 25 0.00
65.225 30 0.00
65.225 B1 6562.17 6508.50 
65.225 B3 6625.90 6568.13 
65.225 120 13 04 50
65.225 244 0.42
65.23 22 -2.41
65.23 23 1.18
65.23 25 0.00
65.23 30 0.00
65.23 B1 6561.64 6509.31 
65.23 B3 6625.24 6568.90 
65.23 120 13 04 50
65.23 244 0.42
65.235 22 -2.37
65.235 23 1.16
65.235 25 0.00
65.235 30 0.00
65.235 B1 6561.73 6510.70 
65.235 B3 6625.10 6570.17 
65.235 120 13 04 50
65.235 244 0.42
65.24 22 -2.34
65.24 23 1.15
65.24 25 0.00
65.24 30 0.00
65.24 B1 6562.24 6512.49 
65.24 B3 6625.35 6571.79 
65.24 120 13 04 50
65.24 244 0.41
65.245 22 -2.30
65.245 23 1.15
65.245 25 0.00
65.245 30 0.00
65.245 B1 6561.74 6513.22 
65.245 B3 6624.70 6572.46 
65.245 120 13 04 50
65.245 244 0.41
65.25 22 -2.27
65.25 23 1.13
65.25 25 0.00
65.25 30 0.00
65.25 B1 6559.21 6511.89 
65.25 B3 6622.17 6571.23 
65.25 120 13 04 50
65.25 244 0.40
65.255 22 -2.23
65.255 23 1.11
65.255 25 0.00
65.255 30 0.00
65.255 B1 6556.58 6510.44 
65.255 B3 6619.42 6569.74 
65.255 120 13 04 50
65.255 244 0.38
65.26 22 -2.20
65.26 23 1.08
65.26 25 0.00
65.26 30 0.00
65.26 B1 6548.60 6503.62 
65.26 B3 6611.71 6563.26 
65.26 120 13 04 50
65.26 244 0.38
65.265 22 -2.16
65.265 23 1.03
65.265 25 0.00
65.265 30 0.00
65.265 B1 6543.48 6499.66 
65.265 B3 6606.19 6558.99 
65.265 120 13 04 50
65.265 244 0.38
65.27 22 -2.13
65.27 23 0.99
65.27 25 0.00
65.27 30 0.00
65.27 B1 6540.33 6497.64 
65.27 B3 6602.34 6556.34 
65.27 120 13 04 50
65.27 244 0.37
65.275 22 -2.10
65.275 23 0.96
65.275 25 0.00
65.275 30 0.00
65.275 B1 6534.58 6492.98 
65.275 B3 6596.13 6551.31 
65.275 120 13 04 50
65.275 244 0.36
65.28 22 -2.07
65.28 23 0.91
65.28 25 0.00
65.28 30 0.00
65.28 B1 6526.98 6486.47 
65.28 B3 6588.13 6544.46 
65.28 120 13 04 50
65.28 244 0.36
65.285 22 -2.03
65.285 23 0.86
65.285 25 0.00
65.285 30 0.00
65.285 B1 6522.06 6482.61 
65.285 B3 6582.34 6539.82 
65.285 120 13 04 50
65.285 244 0.33
65.29 22 -2.00
65.29 23 0.82
65.29 25 0.00
65.29 30 0.00
65.29 B1 6509.73 6471.30 
65.29 B3 6569.83 6528.42 
65.29 120 13 04 50
65.29 244 0.33
65.295 22 -1.97
65.295 23 0.74
65.295 25 0.00
65.295 30 0.00
65.295 B1 6501.46 6464.06 
65.295 B3 6560.59 6520.29 
65.295 120 13 04 50
65.295 244 0.32
65.3 22 -1.94
65.3 23 0.68
65.3 25 0.00
65.3 30 0.00
65.3 B1 6492.01 6455.61 
65.3 B3 6550.21 6510.99 
65.3 120 13 04 50
65.3 244 0.31
65.305 22 -1.91
65.305 23 0.62
65.305 25 0.00
65.305 30 0.00
65.305 B1 6481.71 6446.30 
65.305 B3 6538.92 6500.77 
65.305 120 13 04 50
65.305 244 0.30
65.31 22 -1.88
65.31 23 0.55
65.31 25 0.00
65.31 30 0.00
65.31 B1 6470.79 6436.34 
65.31 B3 6526.95 6489.84 
65.31 120 13 04 50
65.31 244 0.29
65.31499 22 -1.85
65.31499 23 0.48
65.31499 25 0.00
65.31499 30 0.00
65.31499 B1 6460.72 6427.21 
65.31499 B3 6515.59 6479.51 
65.31499 120 13 04 50
65.31499 244 0.29
65.32 22 -1.82
65.32 23 0.41
65.32 25 0.00
65.32 30 0.00
65.32 B1 6453.84 6421.24 
65.32 B3 6507.08 6472.01 
65.32 120 13 04 50
65.32 244 0.28
65.325 22 -1.79
65.325 23 0.36
65.325 25 0.00
65.325 30 0.00
65.325 B1 6446.50 6414.79 
65.325 B3 6498.31 6464.20 
65.325 120 13 04 50
65.325 244 0.28
65.33 22 -1.77
65.33 23 0.31
65.33 25 0.00
65.33 30 0.00
65.33 B1 6441.46 6410.60 
65.33 B3 6491.70 6458.52 
65.33 120 13 04 50
65.33 244 0.28
65.335 22 -1.74
65.335 23 0.28
65.335 25 0.00
65.335 30 0.00
65.335 B1 6438.00 6407.95 
65.335 B3 6486.71 6454.44 
65.335 120 13 04 50
65.335 244 0.28
65.34 22 -1.71
65.34 23 0.25
65.34 25 0.00
65.34 30 0.00
65.34 B1 6435.62 6406.35 
65.34 B3 6482.94 6451.53 
65.34 120 13 04 50
65.34 244 0.28
65.345 22 -1.68
65.345 23 0.23
65.345 25 0.00
65.345 30 0.00
65.345 B1 6433.98 6405.46 
65.345 B3 6480.08 6449.49 
65.345 120 13 04 50
65.345 244 0.27
65.35 22 -1.66
65.35 23 0.22
65.35 25 0.00
65.35 30 0.00
65.35 B1 6430.21 6402.40 
65.35 B3 6475.51 6445.72 
65.35 120 13 04 50
65.35 244 0.27
65.355 22 -1.63
65.355 23 0.20
65.355 25 0.00
65.355 30 0.00
65.355 B1 6427.59 6400.48 
65.355 B3 6472.04 6443.01 
65.355 120 13 04 50
65.355 244 0.27
65.36 22 -1.61
65.36 23 0.18
65.36 25 0.00
65.36 30 0.00
65.36 B1 6425.76 6399.32 
65.36 B3 6469.39 6441.10 
65.36 120 13 04 50
65.36 244 0.27
65.365 22 -1.58
65.365 23 0.17
65.365 25 0.00
65.365 30 0.00
65.365 B1 6423.15 6397.36 
65.365 B3 6466.16 6438.58 
65.365 120 13 04 50
65.365 244 0.26
65.37 22 -1.56
65.37 23 0.15
65.37 25 0.00
65.37 30 0.00
65.37 B1 6420.00 6394.84 
65.37 B3 6462.49 6435.60 
65.37 120 13 04 50
65.37 244 0.26
65.375 22 -1.53
65.375 23 0.13
65.375 25 0.00
65.375 30 0.00
65.375 B1 6417.77 6393.23 
65.375 B3 6459.67 6433.46 
65.375 120 13 04 50
65.375 244 0.26
65.38 22 -1.51
65.38 23 0.12
65.38 25 0.00
65.38 30 0.00
65.38 B1 6416.19 6392.25 
65.38 B3 6457.50 6431.94 
65.38 120 13 04 50
65.38 244 0.26
65.385 22 -1.48
65.385 23 0.11
65.385 25 0.00
65.385 30 0.00
65.385 B1 6413.72 6390.36 
65.385 B3 6454.61 6429.68 
65.385 120 13 04 50
65.385 244 0.26
65.39 22 -1.46
65.39 23 0.09
65.39 25 0.00
65.39 30 0.00
65.39 B1 6411.96 6389.17 
65.39 B3 6452.38 6428.06 
65.39 120 13 04 50
65.39 244 0.25
65.395 22 -1.43
65.395 23 0.08
65.395 25 0.00
65.395 30 0.00
65.395 B1 6406.72 6384.48 
65.395 B3 6447.05 6423.32 
65.395 120 13 04 50
65.395 244 0.24
65.4 22 -1.41
65.4 23 0.05
65.4 25 0.00
65.4 30 0.00
65.4 B1 6399.05 6377.36 
65.4 B3 6439.37 6416.22 
65.4 120 13 04 50
65.4 244 0.24
65.405 22 -1.39
65.405 23 0.01
65.405 25 0.00
65.405 30 0.00
65.405 B1 6393.63 6372.48 
65.405 B3 6433.48 6410.92 
65.405 120 13 04 50
65.405 244 0.21
65.41 22 -1.37
65.41 23 -0.03
65.41 25 0.00
65.41 30 0.00
65.41 B1 6381.82 6361.21 
65.41 B3 6421.76 6399.77 
65.41 120 13 04 50
65.41 244 0.21
65.415 22 -1.34
65.415 23 -0.09
65.415 25 0.00
65.415 30 0.00
65.415 B1 6372.15 6352.07 
65.415 B3 6411.59 6390.17 
65.415 120 13 04 50
65.415 244 0.21
65.42 22 -1.32
65.42 23 -0.15
65.42 25 0.00
65.42 30 0.00
65.42 B1 6365.23 6345.69 
65.42 B3 6403.75 6382.90 
65.42 120 13 04 50
65.42 244 0.20
65.425 22 -1.30
65.425 23 -0.19
65.425 25 0.00
65.425 30 0.00
65.425 B1 6357.59 6338.56 
65.425 B3 6395.27 6374.97 
65.425 120 13 04 50
65.425 244 0.19
65.43 22 -1.28
65.43 23 -0.23
65.43 25 0.00
65.43 30 0.00
65.43 B1 6349.40 6330.87 
65.43 B3 6386.27 6366.52 
65.43 120 13 04 50
65.43 244 0.19
65.435 22 -1.26
65.435 23 -0.28
65.435 25 0.00
65.435 30 0.00
65.435 B1 6340.81 6322.77 
65.435 B3 6376.88 6357.65 
65.435 120 13 04 50
65.435 244 0.19
65.43999 22 -1.24
65.43999 23 -0.33
65.43999 25 0.00
65.43999 30 0.00
65.43999 B1 6334.55 6317.00 
65.43999 B3 6369.54 6350.84 
65.43999 120 13 04 50
65.43999 244 0.17
65.445 22 -1.22
65.445 23 -0.36
65.445 25 0.00
65.445 30 0.00
65.445 B1 6325.94 6308.85 
65.445 B3 6360.17 6341.96 
65.445 120 13 04 50
65.445 244 0.17
65.45 22 -1.20
65.45 23 -0.41
65.45 25 0.00
65.45 30 0.00
65.45 B1 6318.30 6301.66 
65.45 B3 6351.62 6333.91 
65.45 120 13 04 50
65.45 244 0.16
65.455 22 -1.18
65.455 23 -0.45
65.455 25 0.00
65.455 30 0.00
65.455 B1 6310.00 6293.80 
65.455 B3 6342.48 6325.25 
65.455 120 13 04 50
65.455 244 0.16
65.46 22 -1.16
65.46 23 -0.50
65.46 25 0.00
65.46 30 0.00
65.46 B1 6302.52 6286.75 
65.46 B3 6334.06 6317.30 
65.46 120 13 04 50
65.46 244 0.16
65.465 22 -1.14
65.465 23 -0.54
65.465 25 0.00
65.465 30 0.00
65.465 B1 6296.92 6281.57 
65.465 B3 6327.38 6311.07 
65.465 120 13 04 50
65.465 244 0.14
65.47 22 -1.12
65.47 23 -0.57
65.47 25 0.00
65.47 30 0.00
65.47 B1 6287.33 6272.38 
65.47 B3 6317.21 6301.34 
65.47 120 13 04 50
65.47 244 0.14
65.475 22 -1.11
65.475 23 -0.62
65.475 25 0.00
65.475 30 0.00
65.475 B1 6280.21 6265.66 
65.475 B3 6309.16 6293.73 
65.475 120 13 04 50
65.475 244 0.12
65.48 22 -1.09
65.48 23 -0.65
65.48 25 0.00
65.48 30 0.00
65.48 B1 6268.19 6254.02 
65.48 B3 6296.72 6281.71 
65.48 120 13 04 50
65.48 244 0.11
65.485 22 -1.07
65.485 23 -0.72
65.485 25 0.00
65.485 30 0.00
65.485 B1 6254.02 6240.24 
65.485 B3 6282.12 6267.52 
65.485 120 13 04 50
65.485 244 0.10
65.49 22 -1.05
65.49 23 -0.79
65.49 25 0.00
65.49 30 0.00
65.49 B1 6242.25 6228.86 
65.49 B3 6269.43 6255.25 
65.49 120 13 04 50
65.49 244 0.09
65.495 22 -1.04
65.495 23 -0.85
65.495 25 0.00
65.495 30 0.00
65.495 B1 6230.81 6217.79 
65.495 B3 6256.96 6243.18 
65.495 120 13 04 50
65.495 244 0.09
65.5 22 -1.02
65.5 23 -0.91
65.5 25 0.00
65.5 30 0.00
65.5 B1 6222.21 6209.56 
65.5 B3 6247.02 6233.64 
65.5 120 13 04 50
65.5 244 0.08
65.505 22 -1.00
65.505 23 -0.95
65.505 25 0.00
65.505 30 0.00
65.505 B1 6211.62 6199.31 
65.505 B3 6235.39 6222.39 
65.505 120 13 04 50
65.505 244 0.08
65.51 22 -0.99
65.51 23 -1.00
65.51 25 0.00
65.51 30 0.00
65.51 B1 6203.54 6191.58 
65.51 B3 6226.04 6213.42 
65.51 120 13 04 50
65.51 244 0.07
65.515 22 -0.97
65.515 23 -1.04
65.515 25 0.00
65.515 30 0.00
65.515 B1 6193.27 6181.64 
65.515 B3 6214.82 6202.56 
65.515 120 13 04 50
65.515 244 0.07
65.52 22 -0.95
65.52 23 -1.09
65.52 25 0.00
65.52 30 0.00
65.52 B1 6184.05 6172.74 
65.52 B3 6204.55 6192.63 
65.52 120 13 04 50
65.52 244 0.07
65.525 22 -0.94
65.525 23 -1.13
65.525 25 0.00
65.525 30 0.00
65.525 B1 6176.87 6165.88 
65.525 B3 6196.16 6184.59 
65.525 120 13 04 50
65.525 244 0.06
65.53 22 -0.92
65.53 23 -1.17
65.53 25 0.00
65.53 30 0.00
65.53 B1 6169.80 6159.10 
65.53 B3 6188.01 6176.77 
65.53 120 13 04 50
65.53 244 0.06
65.535 22 -0.91
65.535 23 -1.20
65.535 25 0.00
65.535 30 0.00
65.535 B1 6164.10 6153.69 
65.535 B3 6181.22 6170.30 
65.535 120 13 04 50
65.535 244 0.06
65.54 22 -0.89
65.54 23 -1.22
65.54 25 0.00
65.54 30 0.00
65.54 B1 6159.37 6149.24 
65.54 B3 6175.46 6164.84 
65.54 120 13 04 50
65.54 244 0.06
65.545 22 -0.88
65.545 23 -1.23
65.545 25 0.00
65.545 30 0.00
65.545 B1 6155.31 6145.44 
65.545 B3 6170.49 6160.15 
65.545 120 13 04 50
65.545 244 0.06
65.55 22 -0.86
65.55 23 -1.24
65.55 25 0.00
65.55 30 0.00
65.55 B1 6151.72 6142.11 
65.55 B3 6166.10 6156.05 
65.55 120 13 04 50
65.55 244 0.06
65.555 22 -0.85
65.555 23 -1.25
65.555 25 0.00
65.555 30 0.00
65.555 B1 6147.14 6137.78 
65.555 B3 6160.97 6151.18 
65.555 120 13 04 50
65.555 244 0.06
65.56 22 -0.84
65.56 23 -1.26
65.56 25 0.00
65.56 30 0.00
65.56 B1 6143.18 6134.05 
65.56 B3 6156.46 6146.93 
65.56 120 13 04 50
65.56 244 0.06
65.56499 22 -0.82
65.56499 23 -1.27
65.56499 25 0.00
65.56499 30 0.00
65.56499 B1 6139.65 6130.75 
65.56499 B3 6152.42 6143.14 
65.56499 120 13 04 50
65.56499 244 0.06
65.57 22 -0.81
65.57 23 -1.28
65.57 25 0.00
65.57 30 0.00
65.57 B1 6136.42 6127.74 
65.57 B3 6148.74 6139.70 
65.57 120 13 04 50
65.57 244 0.06
65.575 22 -0.80
65.575 23 -1.28
65.575 25 0.00
65.575 30 0.00
65.575 B1 6132.08 6123.62 
65.575 B3 6144.14 6135.33 
65.575 120 13 04 50
65.575 244 0.06
65.58 22 -0.78
65.58 23 -1.29
65.58 25 0.00
65.58 30 0.00
65.58 B1 6128.27 6120.02 
65.58 B3 6140.03 6131.44 
65.58 120 13 04 50
65.58 244 0.06
65.585 22 -0.77
65.585 23 -1.30
65.585 25 0.00
65.585 30 0.00
65.585 B1 6124.84 6116.79 
65.585 B3 6136.29 6127.92 
65.585 120 13 04 50
65.585 244 0.04
65.59 22 -0.76
65.59 23 -1.31
65.59 25 0.00
65.59 30 0.00
65.59 B1 6116.38 6108.53 
65.59 B3 6128.04 6119.88 
65.59 120 13 04 50
65.59 244 0.04
65.595 22 -0.74
65.595 23 -1.34
65.595 25 0.00
65.595 30 0.00
65.595 B1 6108.31 6100.66 
65.595 B3 6119.93 6111.98 
65.595 120 13 04 50
65.595 244 0.04
65.6 22 -0.73
65.6 23 -1.37
65.6 25 0.00
65.6 30 0.00
65.6 B1 6101.82 6094.36 
65.6 B3 6113.10 6105.36 
65.6 120 13 04 50
65.6 244 0.02
65.605 22 -0.72
65.605 23 -1.39
65.605 25 0.00
65.605 30 0.00
65.605 B1 6089.82 6082.57 
65.605 B3 6101.26 6093.72 
65.605 120 13 04 50
65.605 244 0.02
65.61 22 -0.71
65.61 23 -1.44
65.61 25 0.00
65.61 30 0.00
65.61 B1 6080.50 6073.43 
65.61 B3 6091.54 6084.21 
65.61 120 13 04 50
65.61 244 0.02
65.615 22 -0.70
65.615 23 -1.48
65.615 25 0.00
65.615 30 0.00
65.615 B1 6073.04 6066.17 
65.615 B3 6083.43 6076.30 
65.615 120 13 04 50
65.615 244 0.02
65.62 22 -0.68
65.62 23 -1.51
65.62 25 0.00
65.62 30 0.00
65.62 B1 6066.90 6060.22 
65.62 B3 6076.53 6069.60 
65.62 120 13 04 50
65.62 244 0.00
65.625 22 -0.67
65.625 23 -1.53
65.625 25 0.00
65.625 30 0.00
65.625 B1 6057.73 6051.23 
65.625 B3 6066.97 6060.23 
65.625 120 13 04 50
65.625 244 0.00
65.63 22 -0.66
65.63 23 -1.56
65.63 25 0.00
65.63 30 0.00
65.63 B1 6049.02 6042.69 
65.63 B3 6057.74 6051.18 
65.63 120 13 04 50
65.63 244 0.00
65.635 22 -0.65
65.635 23 -1.60
65.635 25 0.00
65.635 30 0.00
65.635 B1 6041.93 6035.78 
65.635 B3 6049.94 6043.57 
65.635 120 13 04 50
65.635 244 0.00
65.64 22 -0.64
65.64 23 -1.62
65.64 25 0.00
65.64 30 0.00
65.64 B1 6035.99 6030.01 
65.64 B3 6043.24 6037.04 
65.64 120 13 04 50
65.64 244 0.00
65.645 22 -0.63
65.645 23 -1.64
65.645 25 0.00
65.645 30 0.00
65.645 B1 6030.87 6025.05 
65.645 B3 6037.37 6031.34 
65.645 120 13 04 50
65.645 244 0.00
65.65 22 -0.62
65.65 23 -1.65
65.65 25 0.00
65.65 30 0.00
65.65 B1 6026.33 6020.67 
65.65 B3 6032.13 6026.27 
65.65 120 13 04 50
65.65 244 0.00
65.655 22 -0.61
65.655 23 -1.66
65.655 25 0.00
65.655 30 0.00
65.655 B1 6022.20 6016.68 
65.655 B3 6027.38 6021.68 
65.655 120 13 04 50
65.655 244 0.00
65.66 22 -0.60
65.66 23 -1.67
65.66 25 0.00
65.66 30 0.00
65.66 B1 6018.36 6012.98 
65.66 B3 6023.00 6017.45 
65.66 120 13 04 50
65.66 244 0.00
65.665 22 -0.59
65.665 23 -1.67
65.665 25 0.00
65.665 30 0.00
65.665 B1 6014.72 6009.48 
65.665 B3 6018.91 6013.51 
65.665 120 13 04 50
65.665 244 0.00
65.67 22 -0.58
65.67 23 -1.67
65.67 25 0.00
65.67 30 0.00
65.67 B1 6011.22 6006.12 
65.67 B3 6015.03 6009.78 
65.67 120 13 04 50
65.67 244 0.00
65.675 22 -0.57
65.675 23 -1.68
65.675 25 0.00
65.675 30 0.00
65.675 B1 6007.83 6002.85 
65.675 B3 6011.33 6006.21 
65.675 120 13 04 50
65.675 244 0.00
65.68 22 -0.56
65.68 23 -1.68
65.68 25 0.00
65.68 30 0.00
65.68 B1 6004.51 5999.66 
65.68 B3 6007.75 6002.77 
65.68 120 13 04 50
65.68 244 0.00
65.685 22 -0.55
65.685 23 -1.68
65.685 25 0.00
65.685 30 0.00
65.685 B1 6001.24 5996.51 
65.685 B3 6004.28 5999.42 
65.685 120 13 04 50
65.685 244 0.00
65.68999 22 -0.54
65.68999 23 -1.68
65.68999 25 0.00
65.68999 30 0.00
65.68999 B1 5998.00 5993.39 
65.68999 B3 6000.88 5996.14 
65.68999 120 13 04 50
65.68999 244 0.00
65.695 22 -0.53
65.695 23 -1.68
65.695 25 0.00
65.695 30 0.00
65.695 B1 5994.80 5990.30 
65.695 B3 5997.54 5992.92 
65.695 120 13 04 50
65.695 244 0.00
65.7 22 -0.52
65.7 23 -1.68
65.7 25 0.00
65.7 30 0.00
65.7 B1 5991.61 5987.22 
65.7 B3 5994.25 5989.75 
65.7 120 13 04 50
65.7 244 0.00
65.705 22 -0.51
65.705 23 -1.68
65.705 25 0.00
65.705 30 0.00
65.705 B1 5988.44 5984.16 
65.705 B3 5990.99 5986.60 
65.705 120 13 04 50
65.705 244 0.00
65.71 22 -0.50
65.71 23 -1.68
65.71 25 0.00
65.71 30 0.00
65.71 B1 5985.27 5981.10 
65.71 B3 5987.76 5983.48 
65.71 120 13 04 50
65.71 244 0.00
65.715 22 -0.49
65.715 23 -1.68
65.715 25 0.00
65.715 30 0.00
65.715 B1 5982.12 5978.05 
65.715 B3 5984.55 5980.38 
65.715 120 13 04 50
65.715 244 0.00
65.72 22 -0.49
65.72 23 -1.68
65.72 25 0.00
65.72 30 0.00
65.72 B1 5978.97 5975.00 
65.72 B3 5981.36 5977.29 
65.72 120 13 04 50
65.72 244 0.00
65.725 22 -0.48
65.725 23 -1.67
65.725 25 0.00
65.725 30 0.00
65.725 B1 5975.83 5971.95 
65.725 B3 5978.18 5974.22 
65.725 120 13 04 50
65.725 244 0.00
65.73 22 -0.47
65.73 23 -1.67
65.73 25 0.00
65.73 30 0.00
65.73 B1 5972.69 5968.91 
65.73 B3 5975.02 5971.15 
65.73 120 13 04 50
65.73 244 0.00
65.735 22 -0.46
65.735 23 -1.67
65.735 25 0.00
65.735 30 0.00
65.735 B1 5969.56 5965.87 
65.735 B3 5971.86 5968.09 
65.735 120 13 04 50
65.735 244 0.00
65.74 22 -0.45
65.74 23 -1.67
65.74 25 0.00
65.74 30 0.00
65.74 B1 5966.43 5962.83 
65.74 B3 5968.71 5965.03 
65.74 120 13 04 50
65.74 244 0.00
65.745 22 -0.45
65.745 23 -1.67
65.745 25 0.00
65.745 30 0.00
65.745 B1 5963.30 5959.79 
65.745 B3 5965.57 5961.98 
65.745 120 13 04 50
65.745 244 0.00
65.75 22 -0.44
65.75 23 -1.67
65.75 25 0.00
65.75 30 0.00
65.75 B1 5961.50 5958.08 
65.75 B3 5963.63 5960.13 
65.75 120 13 04 50
65.75 244 0.00
65.755 22 -0.43
65.755 23 -1.66
65.755 25 0.00
65.755 30 0.00
65.755 B1 5959.32 5955.98 
65.755 B3 5961.42 5958.00 
65.755 120 13 04 50
65.755 244 0.00
65.76 22 -0.42
65.76 23 -1.66
65.76 25 0.00
65.76 30 0.00
65.76 B1 5956.87 5953.61 
65.76 B3 5959.00 5955.67 
65.76 120 13 04 50
65.76 244 0.00
65.765 22 -0.42
65.765 23 -1.65
65.765 25 0.00
65.765 30 0.00
65.765 B1 5954.24 5951.06 
65.765 B3 5956.43 5953.18 
65.765 120 13 04 50
65.765 244 0.00
65.77 22 -0.41
65.77 23 -1.65
65.77 25 0.00
65.77 30 0.00
65.77 B1 5951.48 5948.38 
65.77 B3 5953.74 5950.56 
65.77 120 13 04 50
65.77 244 0.00
65.775 22 -0.40
65.775 23 -1.64
65.775 25 0.00
65.775 30 0.00
65.775 B1 5948.63 5945.60 
65.775 B3 5950.96 5947.86 
65.775 120 13 04 50
65.775 244 0.01
65.78 22 -0.39
65.78 23 -1.64
65.78 25 0.00
65.78 30 0.00
65.78 B1 5947.04 5944.09 
65.78 B3 5949.31 5946.28 
65.78 120 13 04 50
65.78 244 0.01
65.785 22 -0.39
65.785 23 -1.63
65.785 25 0.00
65.785 30 0.00
65.785 B1 5945.03 5942.14 
65.785 B3 5947.33 5944.38 
65.785 120 13 04 50
65.785 244 0.01
65.79 22 -0.38
65.79 23 -1.63
65.79 25 0.00
65.79 30 0.00
65.79 B1 5942.72 5939.90 
65.79 B3 5945.11 5942.23 
65.79 120 13 04 50
65.79 244 0.01
65.795 22 -0.37
65.795 23 -1.62
65.795 25 0.00
65.795 30 0.00
65.795 B1 5941.52 5938.77 
65.795 B3 5943.89 5941.08 
65.795 120 13 04 50
65.795 244 0.01
65.8 22 -0.37
65.8 23 -1.61
65.8 25 0.00
65.8 30 0.00
65.8 B1 5939.80 5937.11 
65.8 B3 5942.26 5939.51 
65.8 120 13 04 50
65.8 244 0.02
65.805 22 -0.36
65.805 23 -1.60
65.805 25 0.00
65.805 30 0.00
65.805 B1 5940.35 5937.73 
65.805 B3 5942.70 5940.02 
65.805 120 13 04 50
65.805 244 0.03
65.81 22 -0.36
65.81 23 -1.58
65.81 25 0.00
65.81 30 0.00
65.81 B1 5942.53 5939.96 
65.81 B3 5944.74 5942.12 
65.81 120 13 04 50
65.81 244 0.03
65.81499 22 -0.35
65.81499 23 -1.55
65.81499 25 0.00
65.81499 30 0.00
65.81499 B1 5943.23 5940.72 
65.81499 B3 5945.62 5943.06 
65.81499 120 13 04 50
65.81499 244 0.03
65.82 22 -0.34
65.82 23 -1.53
65.82 25 0.00
65.82 30 0.00
65.82 B1 5942.89 5940.44 
65.82 B3 5945.62 5943.11 
65.82 120 13 04 50
65.82 244 0.03
65.825 22 -0.34
65.825 23 -1.51
65.825 25 0.00
65.825 30 0.00
65.825 B1 5941.82 5939.43 
65.825 B3 5944.95 5942.50 
65.825 120 13 04 50
65.825 244 0.03
65.83 22 -0.33
65.83 23 -1.50
65.83 25 0.00
65.83 30 0.00
65.83 B1 5940.25 5937.91 
65.83 B3 5943.78 5941.38 
65.83 120 13 04 50
65.83 244 0.03
65.835 22 -0.33
65.835 23 -1.49
65.835 25 0.00
65.835 30 0.00
65.835 B1 5938.31 5936.03 
65.835 B3 5942.23 5939.88 
65.835 120 13 04 50
65.835 244 0.03
65.84 22 -0.32
65.84 23 -1.48
65.84 25 0.00
65.84 30 0.00
65.84 B1 5936.13 5933.90 
65.84 B3 5940.38 5938.09 
65.84 120 13 04 50
65.84 244 0.03
65.845 22 -0.31
65.845 23 -1.48
65.845 25 0.00
65.845 30 0.00
65.845 B1 5935.10 5932.92 
65.845 B3 5939.51 5937.27 
65.845 120 13 04 50
65.845 244 0.03
65.85 22 -0.31
65.85 23 -1.47
65.85 25 0.05
65.85 30 0.00
65.85 B1 5933.56 5931.43 
65.85 B3 5938.20 5936.01 
65.85 120 13 04 50
65.85 244 0.03
65.855 22 -0.27
65.855 23 -1.46
65.855 25 0.05
65.855 30 0.00
65.855 B1 5931.67 5929.59 
65.855 B3 5936.55 5934.41 
65.855 120 13 04 50
65.855 244 0.03
65.86 22 -0.26
65.86 23 -1.45
65.86 25 0.77
65.86 30 0.00
65.86 B1 5929.53 5927.52 
65.86 B3 5934.63 5932.56 
65.86 120 13 04 50
65.86 244 0.04
65.865 22 0.20
65.865 23 -1.45
65.865 25 0.77
65.865 30 0.00
65.865 B1 5928.46 5926.54 
65.865 B3 5933.72 5931.73 
65.865 120 13 04 50
65.865 244 0.04
65.87 22 0.20
65.87 23 -1.44
65.87 25 0.77
65.87 30 0.00
65.87 B1 5926.74 5925.25 
65.87 B3 5932.23 5930.60 
65.87 120 13 04 50
65.87 244 0.04
65.875 22 0.20
65.875 23 -1.43
65.875 25 1.72
65.875 30 0.00
65.875 B1 5924.57 5923.73 
65.875 B3 5930.33 5929.24 
65.875 120 13 04 50
65.875 244 0.04
65.88 22 0.87
65.88 23 -1.45
65.88 25 4.23
65.88 30 0.00
65.88 B1 5922.92 5922.88 
65.88 B3 5929.30 5928.92 
65.88 120 13 04 50
65.88 244 0.04
65.885 22 2.87
65.885 23 -1.59
65.885 25 4.47
65.885 30 0.00
65.885 B1 5917.03 5918.37 
65.885 B3 5927.55 5928.36 
65.885 120 13 04 50
65.885 244 0.04
65.89 22 2.99
65.89 23 -1.61
65.89 25 4.59
65.89 30 0.00
65.89 B1 5911.92 5916.47 
65.89 B3 5925.81 5929.32 
65.89 120 13 04 50
65.89 244 0.05
65.895 22 3.02
65.895 23 -1.61
65.895 25 4.59
65.895 30 0.00
65.895 B1 5907.58 5916.67 
65.895 B3 5924.04 5931.47 
65.895 120 13 04 50
65.895 244 0.05
65.9 22 2.96
65.9 23 -1.59
65.9 25 4.83
65.9 30 0.00
65.9 B1 5902.71 5917.29 
65.9 B3 5921.05 5933.32 
65.9 120 13 04 50
65.9 244 0.05
65.905 22 3.09
65.905 23 -1.60
65.905 25 4.95
65.905 30 0.00
65.905 B1 5896.97 5917.65 
65.905 B3 5917.15 5934.93 
65.905 120 13 04 50
65.905 244 0.06
65.91 22 3.13
65.91 23 -1.60
65.91 25 5.54
65.91 30 0.00
65.91 B1 5893.49 5920.78 
65.91 B3 5914.92 5938.77 
65.91 120 13 04 50
65.91 244 0.06
65.915 22 3.57
65.915 23 -1.65
65.915 25 5.54
65.915 30 0.00
65.915 B1 5887.80 5922.09 
65.915 B3 5911.55 5941.93 
65.915 120 13 04 50
65.915 244 0.06
65.92 22 3.50
65.92 23 -1.63
65.92 25 6.50
65.92 30 0.00
65.92 B1 5881.86 5923.69 
65.92 B3 5907.19 5944.67 
65.92 120 13 04 50
65.92 244 0.06
65.925 22 4.23
65.925 23 -1.73
65.925 25 6.50
65.925 30 0.00
65.925 B1 5874.50 5924.22 
65.925 B3 5903.30 5948.26 
65.925 120 13 04 50
65.925 244 0.06
65.93 22 4.16
65.93 23 -1.72
65.93 25 6.74
65.93 30 0.00
65.93 B1 5867.24 5925.52 
65.93 B3 5898.31 5951.46 
65.93 120 13 04 50
65.93 244 0.06
65.935 22 4.28
65.935 23 -1.74
65.935 25 6.97
65.935 30 0.00
65.935 B1 5859.38 5926.62 
65.935 B3 5892.54 5954.33 
65.935 120 13 04 50
65.935 244 0.06
65.93999 22 4.41
65.93999 23 -1.76
65.93999 25 6.97
65.93999 30 0.00
65.93999 B1 5851.04 5927.59 
65.93999 B3 5886.14 5956.97 
65.93999 120 13 04 50
65.93999 244 0.06
65.945 22 4.36
65.945 23 -1.75
65.945 25 7.33
65.945 30 0.00
65.945 B1 5843.08 5929.20 
65.945 B3 5879.23 5959.45 
65.945 120 13 04 50
65.945 244 0.06
65.95 22 4.59
65.95 23 -1.79
65.95 25 7.33
65.95 30 0.00
65.95 B1 5835.61 5931.45 
65.95 B3 5873.18 5962.97 
65.95 120 13 04 50
65.95 244 0.06
65.955 22 4.54
65.955 23 -1.78
65.955 25 7.57
65.955 30 0.00
65.955 B1 5828.22 5933.97 
65.955 B3 5866.51 5966.13 
65.955 120 13 04 50
65.955 244 0.06
65.96 22 4.68
65.96 23 -1.80
65.96 25 7.70
65.96 30 0.00
65.96 B1 5818.83 5934.58 
65.96 B3 5858.20 5967.79 
65.96 120 13 04 50
65.96 244 0.06
65.965 22 4.74
65.965 23 -1.82
65.965 25 7.94
65.965 30 0.00
65.965 B1 5809.72 5935.53 
65.965 B3 5849.84 5969.51 
65.965 120 13 04 50
65.965 244 0.06
65.97 22 4.89
65.97 23 -1.85
65.97 25 8.06
65.97 30 0.00
65.97 B1 5799.07 5935.01 
65.97 B3 5840.25 5970.09 
65.97 120 13 04 50
65.97 244 0.06
65.975 22 4.95
65.975 23 -1.87
65.975 25 8.06
65.975 30 0.00
65.975 B1 5790.38 5936.48 
65.975 B3 5832.08 5972.17 
65.975 120 13 04 50
65.975 244 0.06
65.98 22 4.92
65.98 23 -1.86
65.98 25 8.30
65.98 30 0.00
65.98 B1 5782.09 5938.40 
65.98 B3 5823.78 5974.21 
65.98 120 13 04 50
65.98 244 0.06
65.985 22 5.08
65.985 23 -1.89
65.985 25 8.53
65.985 30 0.00
65.985 B1 5773.32 5939.81 
65.985 B3 5815.44 5976.19 
65.985 120 13 04 50
65.985 244 0.06
65.99 22 5.24
65.99 23 -1.93
65.99 25 8.65
65.99 30 0.00
65.99 B1 5762.83 5939.55 
65.99 B3 5805.81 5976.93 
65.99 120 13 04 50
65.99 244 0.06
65.995 22 5.31
65.995 23 -1.95
65.995 25 8.77
65.995 30 0.00
65.995 B1 5752.86 5939.82 
65.995 B3 5796.40 5977.92 
65.995 120 13 04 50
65.995 244 0.06
66 22 5.38
66 23 -1.97
66 25 8.77
66 30 0.00
66 B1 5743.24 5940.44 
66 B3 5787.15 5979.10 
66 120 13 04 50
66 244 0.06
66.005 22 5.37
66.005 23 -1.97
66.005 25 8.89
66.005 30 0.00
66.005 B1 5734.26 5941.67 
66.005 B3 5778.02 5980.41 
66.005 120 13 04 50
66.005 244 0.06
66.01 22 5.46
66.01 23 -1.98
66.01 25 8.89
66.01 30 0.00
66.01 B1 5725.31 5942.88 
66.01 B3 5769.02 5981.78 
66.01 120 13 04 50
66.01 244 0.06
66.015 22 5.46
66.015 23 -1.98
66.015 25 8.89
66.015 30 0.00
66.015 B1 5716.81 5944.45 
66.015 B3 5760.10 5983.19 
66.015 120 13 04 50
66.015 244 0.05
66.02 22 5.46
66.02 23 -1.98
66.02 25 9.01
66.02 30 0.00
66.02 B1 5705.98 5943.58 
66.02 B3 5748.91 5982.22 
66.02 120 13 04 50
66.02 244 0.05
66.025 22 5.56
66.025 23 -2.00
66.025 25 8.89
66.025 30 0.00
66.025 B1 5695.82 5943.17 
66.025 B3 5738.44 5981.78 
66.025 120 13 04 50
66.025 244 0.04
66.03 22 5.49
66.03 23 -1.99
66.03 25 9.01
66.03 30 0.00
66.03 B1 5685.59 5942.52 
66.03 B3 5727.32 5980.53 
66.03 120 13 04 50
66.03 244 0.04
66.035 22 5.60
66.035 23 -2.02
66.035 25 9.01
66.035 30 0.00
66.035 B1 5675.87 5942.14 
66.035 B3 5716.97 5979.80 
66.035 120 13 04 50
66.035 244 0.04
66.04 22 5.62
66.04 23 -2.03
66.04 25 9.49
66.04 30 0.00
66.04 B1 5666.88 5942.31 
66.04 B3 5707.19 5979.47 
66.04 120 13 04 50
66.04 244 0.04
66.045 22 6.00
66.045 23 -2.11
66.045 25 9.49
66.045 30 0.00
66.045 B1 5655.43 5939.88 
66.045 B3 5696.67 5978.22 
66.045 120 13 04 50
66.045 244 0.04
66.05 22 6.03
66.05 23 -2.12
66.05 25 9.73
66.05 30 0.00
66.05 B1 5645.17 5938.63 
66.05 B3 5686.67 5977.48 
66.05 120 13 04 50
66.05 244 0.04
66.055 22 6.23
66.055 23 -2.17
66.055 25 10.44
66.055 30 0.00
66.055 B1 5634.89 5937.31 
66.055 B3 5677.09 5977.10 
66.055 120 13 04 50
66.055 244 0.04
66.06 22 6.75
66.06 23 -2.30
66.06 25 10.44
66.06 30 0.00
66.06 B1 5621.31 5932.76 
66.06 B3 5666.58 5975.81 
66.06 120 13 04 50
66.06 244 0.04
66.06499 22 6.78
66.06499 23 -2.32
66.06499 25 10.92
66.06499 30 0.00
66.06499 B1 5609.45 5930.07 
66.06499 B3 5656.40 5975.06 
66.06499 120 13 04 50
66.06499 244 0.03
66.07 22 7.11
66.07 23 -2.41
66.07 25 10.92
66.07 30 0.00
66.07 B1 5595.47 5925.39 
66.07 B3 5645.29 5973.50 
66.07 120 13 04 50
66.07 244 0.03
66.075 22 7.14
66.075 23 -2.43
66.075 25 12.23
66.075 30 0.00
66.075 B1 5583.26 5922.59 
66.075 B3 5634.60 5972.51 
66.075 120 13 04 50
66.075 244 0.02
66.08 22 7.91
66.08 23 -2.67
66.08 25 12.23
66.08 30 0.00
66.08 B1 5562.27 5911.20 
66.08 B3 5620.64 5968.33 
66.08 120 13 04 50
66.08 244 0.02
66.085 22 7.94
66.085 23 -2.71
66.085 25 12.23
66.085 30 0.00
66.085 B1 5545.14 5903.79 
66.085 B3 5607.55 5965.36 
66.085 120 13 04 50
66.085 244 0.02
66.09 22 7.97
66.09 23 -2.74
66.09 25 12.23
66.09 30 0.00
66.09 B1 5530.59 5899.08 
66.09 B3 5595.13 5963.26 
66.09 120 13 04 50
66.09 244 0.02
66.095 22 8.01
66.095 23 -2.76
66.095 25 12.23
66.095 30 0.00
66.095 B1 5517.81 5896.20 
66.095 B3 5583.23 5961.78 
66.095 120 13 04 50
66.095 244 0.02
66.1 22 8.06
66.1 23 -2.77
66.1 25 12.35
66.1 30 0.00
66.1 B1 5506.22 5894.54 
66.1 B3 5571.75 5960.74 
66.1 120 13 04 50
66.1 244 0.02
66.105 22 8.16
66.105 23 -2.79
66.105 25 12.59
66.105 30 0.00
66.105 B1 5494.87 5893.11 
66.105 B3 5560.61 5960.01 
66.105 120 13 04 50
66.105 244 0.02
66.11 22 8.33
66.11 23 -2.84
66.11 25 12.95
66.11 30 0.00
66.11 B1 5481.78 5889.93 
66.11 B3 5548.53 5958.29 
66.11 120 13 04 50
66.11 244 0.02
66.115 22 8.55
66.115 23 -2.91
66.115 25 13.19
66.115 30 0.00
66.115 B1 5468.17 5886.16 
66.115 B3 5536.94 5956.97 
66.115 120 13 04 50
66.115 244 0.01
66.12 22 8.70
66.12 23 -2.96
66.12 25 13.19
66.12 30 0.00
66.12 B1 5453.41 5881.19 
66.12 B3 5524.46 5954.77 
66.12 120 13 04 50
66.12 244 0.01
66.125 22 8.76
66.125 23 -2.98
66.125 25 13.42
66.125 30 0.00
66.125 B1 5440.39 5877.83 
66.125 B3 5512.51 5953.03 
66.125 120 13 04 50
66.125 244 0.01
66.13 22 8.91
66.13 23 -3.02
66.13 25 13.42
66.13 30 0.00
66.13 B1 5426.00 5873.02 
66.13 B3 5499.77 5950.43 
66.13 120 13 04 50
66.13 244 0.01
66.135 22 8.97
66.135 23 -3.04
66.135 25 13.66
66.135 30 0.00
66.135 B1 5413.21 5869.64 
66.135 B3 5487.64 5948.32 
66.135 120 13 04 50
66.135 244 0.01
66.14 22 9.13
66.14 23 -3.09
66.14 25 16.17
66.14 30 0.00
66.14 B1 5400.25 5866.00 
66.14 B3 5475.98 5946.56 
66.14 120 13 04 50
66.14 244 0.00
66.145 22 9.58
66.145 23 -3.36
66.145 25 16.17
66.145 30 0.00
66.145 B1 5370.47 5845.90 
66.145 B3 5462.26 5942.64 
66.145 120 13 04 50
66.145 244 0.00
66.15 22 9.64
66.15 23 -3.43
66.15 25 16.76
66.15 30 0.00
66.15 B1 5347.33 5831.65 
66.15 B3 5449.19 5939.42 
66.15 120 13 04 50
66.15 244 0.00
66.155 22 9.69
66.155 23 -3.50
66.155 25 17.72
66.155 30 0.00
66.155 B1 5324.41 5817.41 
66.155 B3 5436.62 5936.66 
66.155 120 13 04 50
66.155 244 0.00
66.16 22 9.71
66.16 23 -3.58
66.16 25 17.72
66.16 30 0.00
66.16 B1 5298.74 5800.27 
66.16 B3 5424.40 5934.20 
66.16 120 13 04 50
66.16 244 0.00
66.165 22 9.78
66.165 23 -3.63
66.165 25 17.72
66.165 30 0.00
66.165 B1 5278.31 5787.76 
66.165 B3 5412.46 5931.90 
66.165 120 13 04 50
66.165 244 0.00
66.17 22 9.85
66.17 23 -3.67
66.17 25 18.20
66.17 30 0.00
66.17 B1 5261.32 5778.42 
66.17 B3 5400.73 5929.65 
66.17 120 13 04 50
66.17 244 0.00
66.175 22 9.89
66.175 23 -3.70
66.175 25 18.43
66.175 30 0.00
66.175 B1 5242.92 5767.70 
66.175 B3 5389.17 5927.40 
66.175 120 13 04 50
66.175 244 0.00
66.18 22 9.95
66.18 23 -3.73
66.18 25 18.43
66.18 30 0.00
66.18 B1 5225.40 5757.62 
66.18 B3 5377.77 5925.09 
66.18 120 13 04 50
66.18 244 0.00
66.185 22 10.02
66.185 23 -3.75
66.185 25 19.27
66.185 30 0.00
66.185 B1 5210.32 5749.72 
66.185 B3 5366.50 5922.69 
66.185 120 13 04 50
66.185 244 0.00
66.18999 22 10.02
66.18999 23 -3.78
66.18999 25 19.27
66.18999 30 0.00
66.18999 B1 5190.02 5736.71 
66.18999 B3 5355.35 5920.17 
66.18999 120 13 04 50
66.18999 244 0.00
66.195 22 10.09
66.195 23 -3.80
66.195 25 19.86
66.195 30 0.00
66.195 B1 5173.13 5726.53 
66.195 B3 5344.33 5917.49 
66.195 120 13 04 50
66.195 244 0.00
66.2 22 10.10
66.2 23 -3.82
66.2 25 19.98
66.2 30 0.00
66.2 B1 5153.35 5713.34 
66.2 B3 5333.41 5914.66 
66.2 120 13 04 50
66.2 244 0.00
66.205 22 10.16
66.205 23 -3.85
66.205 25 20.22
66.205 30 0.00
66.205 B1 5135.76 5701.83 
66.205 B3 5322.61 5911.63 
66.205 120 13 04 50
66.205 244 0.00
66.21 22 10.20
66.21 23 -3.87
66.21 25 20.22
66.21 30 0.00
66.21 B1 5119.84 5691.71 
66.21 B3 5313.12 5909.61 
66.21 120 13 04 50
66.21 244 0.01
66.215 22 10.27
66.215 23 -3.88
66.215 25 20.22
66.215 30 0.00
66.215 B1 5107.14 5684.52 
66.215 B3 5304.60 5908.31 
66.215 120 13 04 50
66.215 244 0.01
66.22 22 10.34
66.22 23 -3.87
66.22 25 20.22
66.22 30 0.00
66.22 B1 5095.23 5678.03 
66.22 B3 5295.62 5906.35 
66.22 120 13 04 50
66.22 244 0.01
66.225 22 10.41
66.225 23 -3.87
66.225 25 20.22
66.225 30 0.00
66.225 B1 5083.85 5671.96 
66.225 B3 5286.32 5903.83 
66.225 120 13 04 50
66.225 244 0.01
66.23 22 10.48
66.23 23 -3.87
66.23 25 20.22
66.23 30 0.00
66.23 B1 5072.81 5666.14 
66.23 B3 5276.82 5900.85 
66.23 120 13 04 50
66.23 244 0.00
66.235 22 10.55
66.235 23 -3.86
66.235 25 20.22
66.235 30 0.00
66.235 B1 5060.70 5659.11 
66.235 B3 5266.00 5896.29 
66.235 120 13 04 50
66.235 244 0.01
66.24 22 10.62
66.24 23 -3.86
66.24 25 20.22
66.24 30 0.00
66.24 B1 5050.53 5653.82 
66.24 B3 5256.64 5892.87 
66.24 120 13 04 50
66.24 244 0.01
66.245 22 10.69
66.245 23 -3.85
66.245 25 20.22
66.245 30 0.00
66.245 B1 5040.31 5648.38 
66.245 B3 5247.17 5889.10 
66.245 120 13 04 50
66.245 244 0.01
66.25 22 10.75
66.25 23 -3.85
66.25 25 20.22
66.25 30 0.00
66.25 B1 5030.07 5642.78 
66.25 B3 5237.63 5885.03 
66.25 120 13 04 50
66.25 244 0.01
66.255 22 10.82
66.255 23 -3.84
66.255 25 20.22
66.255 30 0.00
66.255 B1 5019.83 5637.03 
66.255 B3 5228.08 5880.70 
66.255 120 13 04 50
66.255 244 0.01
66.26 22 10.88
66.26 23 -3.83
66.26 25 20.22
66.26 30 0.00
66.26 B1 5009.60 5631.11 
66.26 B3 5218.53 5876.14 
66.26 120 13 04 50
66.26 244 0.01
66.265 22 10.94
66.265 23 -3.83
66.265 25 20.22
66.265 30 0.00
66.265 B1 5000.70 5626.35 
66.265 B3 5210.22 5872.56 
66.265 120 13 04 50
66.265 244 0.01
66.27 22 11.00
66.27 23 -3.81
66.27 25 20.22
66.27 30 0.00
66.27 B1 4991.36 5621.05 
66.27 B3 5201.61 5868.54 
66.27 120 13 04 50
66.27 244 0.01
66.275 22 11.06
66.275 23 -3.80
66.275 25 20.22
66.275 30 0.00
66.275 B1 4981.74 5615.32 
66.275 B3 5192.82 5864.13 
66.275 120 13 04 50
66.275 244 0.01
66.28 22 11.12
66.28 23 -3.79
66.28 25 20.22
66.28 30 0.00
66.28 B1 4971.96 5609.24 
66.28 B3 5183.91 5859.40 
66.28 120 13 04 50
66.28 244 0.01
66.285 22 11.17
66.285 23 -3.78
66.285 25 20.22
66.285 30 0.00
66.285 B1 4962.09 5602.88 
66.285 B3 5174.95 5854.41 
66.285 120 13 04 50
66.285 244 0.01
66.29 22 11.23
66.29 23 -3.77
66.29 25 20.22
66.29 30 0.00
66.29 B1 4952.17 5596.28 
66.29 B3 5165.96 5849.18 
66.29 120 13 04 50
66.29 244 0.02
66.295 22 11.28
66.295 23 -3.77
66.295 25 20.22
66.295 30 0.00
66.295 B1 4943.55 5590.79 
66.295 B3 5158.18 5844.94 
66.295 120 13 04 50
66.295 244 0.02
66.3 22 11.33
66.3 23 -3.75
66.3 25 20.22
66.3 30 0.00
66.3 B1 4934.46 5584.73 
66.3 B3 5150.08 5840.24 
66.3 120 13 04 50
66.3 244 0.01
66.305 22 11.38
66.305 23 -3.74
66.305 25 20.22
66.305 30 0.00
66.305 B1 4923.76 5576.91 
66.305 B3 5140.57 5833.97 
66.305 120 13 04 50
66.305 244 0.02
66.31 22 11.42
66.31 23 -3.74
66.31 25 20.22
66.31 30 0.00
66.31 B1 4914.69 5570.45 
66.31 B3 5132.48 5828.86 
66.31 120 13 04 50
66.31 244 0.02
66.31499 22 11.47
66.31499 23 -3.73
66.31499 25 20.22
66.31499 30 0.00
66.31499 B1 4905.34 5563.60 
66.31499 B3 5124.20 5823.43 
66.31499 120 13 04 50
66.31499 244 0.02
66.32 22 11.51
66.32 23 -3.72
66.32 25 20.22
66.32 30 0.00
66.32 B1 4895.84 5556.44 
66.32 B3 5115.83 5817.72 
66.32 120 13 04 50
66.32 244 0.02
66.325 22 11.56
66.325 23 -3.71
66.325 25 20.22
66.325 30 0.00
66.325 B1 4886.25 5549.03 
66.325 B3 5107.39 5811.78 
66.325 120 13 04 50
66.325 244 0.02
66.33 22 11.60
66.33 23 -3.70
66.33 25 20.22
66.33 30 0.00
66.33 B1 4876.62 5541.42 
66.33 B3 5098.93 5805.64 
66.33 120 13 04 50
66.33 244 0.02
66.335 22 11.64
66.335 23 -3.70
66.335 25 19.03
66.335 30 0.00
66.335 B1 4866.97 5533.63 
66.335 B3 5090.46 5799.32 
66.335 120 13 04 50
66.335 244 0.02
66.34 22 11.81
66.34 23 -3.70
66.34 25 19.03
66.34 30 0.00
66.34 B1 4869.48 5537.45 
66.34 B3 5083.20 5794.04 
66.34 120 13 04 50
66.34 244 0.02
66.345 22 11.86
66.345 23 -3.66
66.345 25 19.03
66.345 30 0.00
66.345 B1 4867.70 5537.76 
66.345 B3 5075.57 5788.38 
66.345 120 13 04 50
66.345 244 0.02
66.35 22 11.91
66.35 23 -3.62
66.35 25 19.03
66.35 30 0.00
66.35 B1 4863.16 5535.61 
66.35 B3 5067.70 5782.42 
66.35 120 13 04 50
66.35 244 0.02
66.355 22 11.95
66.355 23 -3.60
66.355 25 19.03
66.355 30 0.00
66.355 B1 4856.87 5531.70 
66.355 B3 5059.69 5776.23 
66.355 120 13 04 50
66.355 244 0.02
66.36 22 11.99
66.36 23 -3.58
66.36 25 19.03
66.36 30 0.00
66.36 B1 4849.49 5526.54 
66.36 B3 5051.60 5769.85 
66.36 120 13 04 50
66.36 244 0.02
66.365 22 12.02
66.365 23 -3.56
66.365 25 18.55
66.365 30 0.00
66.365 B1 4841.41 5520.48 
66.365 B3 5043.46 5763.32 
66.365 120 13 04 50
66.365 244 0.02
66.37 22 12.11
66.37 23 -3.55
66.37 25 18.55
66.37 30 0.00
66.37 B1 4837.11 5517.81 
66.37 B3 5035.31 5756.65 
66.37 120 13 04 50
66.37 244 0.02
66.375 22 12.14
66.375 23 -3.53
66.375 25 18.43
66.375 30 0.00
66.375 B1 4831.04 5513.50 
66.375 B3 5027.14 5749.87 
66.375 120 13 04 50
66.375 244 0.02
66.38 22 12.19
66.38 23 -3.52
66.38 25 18.31
66.38 30 0.00
66.38 B1 4824.90 5509.02 
66.38 B3 5018.98 5743.01 
66.38 120 13 04 50
66.38 244 0.02
66.385 22 12.23
66.385 23 -3.50
66.385 25 18.31
66.385 30 0.00
66.385 B1 4818.72 5504.42 
66.385 B3 5010.83 5736.07 
66.385 120 13 04 50
66.385 244 0.02
66.39 22 12.26
66.39 23 -3.48
66.39 25 18.19
66.39 30 0.00
66.39 B1 4811.50 5498.74 
66.39 B3 5002.71 5729.07 
66.39 120 13 04 50
66.39 244 0.02
66.395 22 12.30
66.395 23 -3.47
66.395 25 18.19
66.395 30 0.00
66.395 B1 4804.66 5493.27 
66.395 B3 4994.61 5722.01 
66.395 120 13 04 50
66.395 244 0.02
66.4 22 12.33
66.4 23 -3.46
66.4 25 17.83
66.4 30 0.00
66.4 B1 4797.06 5486.96 
66.4 B3 4986.54 5714.89 
66.4 120 13 04 50
66.4 244 0.02
66.405 22 12.39
66.405 23 -3.45
66.405 25 17.83
66.405 30 0.00
66.405 B1 4792.04 5482.98 
66.405 B3 4978.50 5707.73 
66.405 120 13 04 50
66.405 244 0.02
66.41 22 12.42
66.41 23 -3.43
66.41 25 17.24
66.41 30 0.00
66.41 B1 4785.62 5477.71 
66.41 B3 4970.49 5700.52 
66.41 120 13 04 50
66.41 244 0.02
66.415 22 12.50
66.415 23 -3.41
66.415 25 17.00
66.415 30 0.00
66.415 B1 4783.27 5476.26 
66.415 B3 4962.50 5693.27 
66.415 120 13 04 50
66.415 244 0.02
66.42 22 12.55
66.42 23 -3.38
66.42 25 16.89
66.42 30 0.00
66.42 B1 4780.49 5474.62 
66.42 B3 4954.53 5686.00 
66.42 120 13 04 50
66.42 244 0.02
66.425 22 12.58
66.425 23 -3.35
66.425 25 16.77
66.425 30 0.00
66.425 B1 4776.50 5471.94 
66.425 B3 4946.58 5678.72 
66.425 120 13 04 50
66.425 244 0.02
66.43 22 12.62
66.43 23 -3.33
66.43 25 16.77
66.43 30 0.00
66.43 B1 4771.74 5468.52 
66.43 B3 4938.66 5671.44 
66.43 120 13 04 50
66.43 244 0.02
66.435 22 12.64
66.435 23 -3.31
66.435 25 16.65
66.435 30 0.00
66.435 B1 4765.60 5463.70 
66.435 B3 4930.78 5664.15 
66.435 120 13 04 50
66.435 244 0.02
66.43999 22 12.67
66.43999 23 -3.30
66.43999 25 14.65
66.43999 30 0.00
66.43999 B1 4759.52 5458.80 
66.43999 B3 4922.94 5656.85 
66.43999 120 13 04 50
66.43999 244 0.02
66.445 22 12.81
66.445 23 -3.21
66.445 25 14.65
66.445 30 0.00
66.445 B1 4767.26 5467.01 
66.445 B3 4915.12 5649.54 
66.445 120 13 04 50
66.445 244 0.02
66.45 22 12.84
66.45 23 -3.15
66.45 25 14.65
66.45 30 0.00
66.45 B1 4769.16 5470.44 
66.45 B3 4907.35 5642.28 
66.45 120 13 04 50
66.45 244 0.02
66.455 22 12.87
66.455 23 -3.11
66.455 25 14.65
66.455 30 0.00
66.455 B1 4767.41 5470.59 
66.455 B3 4899.62 5635.07 
66.455 120 13 04 50
66.455 244 0.02
66.46 22 12.89
66.46 23 -3.09
66.46 25 14.06
66.46 30 0.00
66.46 B1 4763.36 5468.45 
66.46 B3 4891.96 5627.91 
66.46 120 13 04 50
66.46 244 0.02
66.465 22 12.92
66.465 23 -3.03
66.465 25 13.62
66.465 30 0.00
66.465 B1 4761.79 5468.44 
66.465 B3 4884.36 5620.79 
66.465 120 13 04 50
66.465 244 0.02
66.47 22 12.93
66.47 23 -2.98
66.47 25 13.42
66.47 30 0.00
66.47 B1 4760.73 5468.91 
66.47 B3 4876.82 5613.71 
66.47 120 13 04 50
66.47 244 0.02
66.475 22 12.94
66.475 23 -2.93
66.475 25 12.96
66.475 30 0.00
66.475 B1 4758.49 5468.25 
66.475 B3 4869.36 5606.68 
66.475 120 13 04 50
66.475 244 0.02
66.48 22 12.91
66.48 23 -2.87
66.48 25 12.96
66.48 30 0.00
66.48 B1 4757.04 5468.24 
66.48 B3 4861.99 5599.70 
66.48 120 13 04 50
66.48 244 0.02
66.485 22 12.93
66.485 23 -2.84
66.485 25 11.93
66.485 30 0.00
66.485 B1 4753.37 5466.05 
66.485 B3 4854.74 5592.74 
66.485 120 13 04 50
66.485 244 0.02
66.49 22 12.70
66.49 23 -2.71
66.49 25 11.93
66.49 30 0.00
66.49 B1 4754.21 5467.94 
66.49 B3 4847.58 5585.82 
66.49 120 13 04 50
66.49 244 0.02
66.495 22 12.73
66.495 23 -2.68
66.495 25 11.03
66.495 30 0.00
66.495 B1 4752.17 5467.03 
66.495 B3 4840.65 5578.90 
66.495 120 13 04 50
66.495 244 0.02
66.5 22 12.42
66.5 23 -2.53
66.5 25 10.03
66.5 30 0.00
66.5 B1 4753.03 5468.66 
66.5 B3 4833.89 5571.99 
66.5 120 13 04 50
66.5 244 0.02
66.505 22 11.96
66.505 23 -2.35
66.505 25 9.18
66.505 30 0.00
66.505 B1 4755.88 5471.98 
66.505 B3 4827.46 5565.05 
66.505 120 13 04 50
66.505 244 0.02
66.51 22 11.51
66.51 23 -2.19
66.51 25 8.87
66.51 30 0.00
66.51 B1 4759.23 5475.37 
66.51 B3 4821.52 5558.02 
66.51 120 13 04 50
66.51 244 0.02
66.515 22 11.38
66.515 23 -2.11
66.515 25 8.87
66.515 30 0.00
66.515 B1 4760.74 5476.37 
66.515 B3 4816.17 5550.85 
66.515 120 13 04 50
66.515 244 0.02
66.52 22 11.45
66.52 23 -2.09
66.52 25 8.54
66.52 30 0.00
66.52 B1 4759.94 5474.47 
66.52 B3 4811.33 5543.57 
66.52 120 13 04 50
66.52 244 0.02
66.525 22 11.30
66.525 23 -2.03
66.525 25 8.32
66.525 30 0.00
66.525 B1 4758.98 5471.82 
66.525 B3 4806.83 5536.21 
66.525 120 13 04 50
66.525 244 0.02
66.53 22 11.22
66.53 23 -1.99
66.53 25 8.00
66.53 30 0.00
66.53 B1 4757.54 5468.15 
66.53 B3 4802.66 5528.78 
66.53 120 13 04 50
66.53 244 0.02
66.535 22 11.07
66.535 23 -1.94
66.535 25 7.77
66.535 30 0.00
66.535 B1 4756.27 5464.13 
66.535 B3 4798.76 5521.28 
66.535 120 13 04 50
66.535 244 0.02
66.54 22 10.98
66.54 23 -1.90
66.54 25 6.59
66.54 30 0.00
66.54 B1 4754.80 5459.45 
66.54 B3 4795.15 5513.69 
66.54 120 13 04 50
66.54 244 0.02
66.545 22 10.18
66.545 23 -1.73
66.545 25 5.38
66.545 30 0.00
66.545 B1 4756.34 5457.25 
66.545 B3 4791.78 5506.03 
66.545 120 13 04 50
66.545 244 0.02
66.55 22 9.33
66.55 23 -1.58
66.55 25 5.38
66.55 30 0.00
66.55 B1 4759.64 5456.00 
66.55 B3 4788.96 5498.15 
66.55 120 13 04 50
66.55 244 0.02
66.555 22 9.45
66.555 23 -1.57
66.555 25 5.38
66.555 30 0.00
66.555 B1 4761.20 5451.97 
66.555 B3 4786.91 5489.92 
66.555 120 13 04 50
66.555 244 0.02
66.56 22 9.57
66.56 23 -1.56
66.56 25 4.96
66.56 30 0.00
66.56 B1 4761.64 5446.07 
66.56 B3 4785.35 5481.46 
66.56 120 13 04 50
66.56 244 0.02
66.56499 22 9.34
66.56499 23 -1.51
66.56499 25 2.76
66.56499 30 0.00
66.56499 B1 4762.39 5439.93 
66.56499 B3 4784.10 5472.86 
66.56499 120 13 04 50
66.56499 244 0.02
66.57 22 7.69
66.57 23 -1.34
66.57 25 2.52
66.57 30 0.00
66.57 B1 4766.66 5436.64 
66.57 B3 4783.17 5464.11 
66.57 120 13 04 50
66.57 244 0.02
66.575 22 7.65
66.575 23 -1.32
66.575 25 2.52
66.575 30 0.00
66.575 B1 4770.18 5431.14 
66.575 B3 4783.13 5454.83 
66.575 120 13 04 50
66.575 244 0.02
66.58 22 7.79
66.58 23 -1.31
66.58 25 2.36
66.58 30 0.00
66.58 B1 4772.94 5423.80 
66.58 B3 4783.73 5445.16 
66.58 120 13 04 50
66.58 244 0.02
66.585 22 7.81
66.585 23 -1.30
66.585 25 1.91
66.585 30 0.00
66.585 B1 4774.07 5414.14 
66.585 B3 4783.54 5434.05 
66.585 120 13 04 50
66.585 244 0.02
66.59 22 7.58
66.59 23 -1.29
66.59 25 0.35
66.59 30 0.00
66.59 B1 4777.24 5405.95 
66.59 B3 4785.17 5424.26 
66.59 120 13 04 50
66.59 244 0.02
66.595 22 6.55
66.595 23 -1.24
66.595 25 0.35
66.595 30 0.00
66.595 B1 4781.44 5398.24 
66.595 B3 4786.98 5414.22 
66.595 120 13 04 50
66.595 244 0.02
66.6 22 6.69
66.6 23 -1.24
66.6 25 0.35
66.6 30 0.00
66.6 B1 4785.36 5389.20 
66.6 B3 4789.29 5403.70 
66.6 120 13 04 50
66.6 244 0.02
66.605 22 6.82
66.605 23 -1.23
66.605 25 0.35
66.605 30 0.00
66.605 B1 4789.04 5379.31 
66.605 B3 4791.91 5392.88 
66.605 120 13 04 50
66.605 244 0.02
66.61 22 6.95
66.61 23 -1.23
66.61 25 0.35
66.61 30 0.00
66.61 B1 4792.51 5368.90 
66.61 B3 4794.70 5381.89 
66.61 120 13 04 50
66.61 244 0.02
66.615 22 7.06
66.615 23 -1.22
66.615 25 0.20
66.615 30 0.00
66.615 B1 4795.79 5358.21 
66.615 B3 4797.56 5370.84 
66.615 120 13 04 50
66.615 244 0.02
66.62 22 7.06
66.62 23 -1.22
66.62 25 0.00
66.62 30 0.00
66.62 B1 4799.06 5347.53 
66.62 B3 4800.42 5359.78 
66.62 120 13 04 50
66.62 244 0.02
66.625 22 7.01
66.625 23 -1.22
66.625 25 0.00
66.625 30 0.00
66.625 B1 4802.38 5336.94 
66.625 B3 4803.29 5348.75 
66.625 120 13 04 50
66.625 244 0.02
66.63 22 7.11
66.63 23 -1.21
66.63 25 0.00
66.63 30 0.00
66.63 B1 4805.56 5326.25 
66.63 B3 4806.18 5337.75 
66.63 120 13 04 50
66.63 244 0.02
66.635 22 7.20
66.635 23 -1.21
66.635 25 0.00
66.635 30 0.00
66.635 B1 4808.60 5315.56 
66.635 B3 4809.04 5326.81 
66.635 120 13 04 50
66.635 244 0.02
66.64 22 7.28
66.64 23 -1.21
66.64 25 0.00
66.64 30 0.00
66.64 B1 4812.82 5306.25 
66.64 B3 4813.04 5317.18 
66.64 120 13 04 50
66.64 244 0.02
66.645 22 7.35
66.645 23 -1.20
66.645 25 0.00
66.645 30 0.00
66.645 B1 4816.45 5296.63 
66.645 B3 4816.62 5307.37 
66.645 120 13 04 50
66.645 244 0.02
66.65 22 7.41
66.65 23 -1.20
66.65 25 0.00
66.65 30 0.00
66.65 B1 4819.66 5286.86 
66.65 B3 4819.88 5297.49 
66.65 120 13 04 50
66.65 244 0.02
66.655 22 7.47
66.655 23 -1.19
66.655 25 0.00
66.655 30 0.00
66.655 B1 4822.57 5277.05 
66.655 B3 4822.87 5287.59 
66.655 120 13 04 50
66.655 244 0.02
66.66 22 7.52
66.66 23 -1.19
66.66 25 0.00
66.66 30 0.00
66.66 B1 4825.24 5267.28 
66.66 B3 4825.65 5277.75 
66.66 120 13 04 50
66.66 244 0.02
66.665 22 7.56
66.665 23 -1.19
66.665 25 0.00
66.665 30 0.00
66.665 B1 4827.72 5257.60 
66.665 B3 4828.25 5267.99 
66.665 120 13 04 50
66.665 244 0.02
66.67 22 7.59
66.67 23 -1.19
66.67 25 0.00
66.67 30 0.00
66.67 B1 4830.05 5248.03 
66.67 B3 4830.70 5258.34 
66.67 120 13 04 50
66.67 244 0.02
66.675 22 7.61
66.675 23 -1.19
66.675 25 0.00
66.675 30 0.00
66.675 B1 4832.25 5238.59 
66.675 B3 4833.00 5248.81 
66.675 120 13 04 50
66.675 244 0.02
66.68 22 7.63
66.68 23 -1.19
66.68 25 0.00
66.68 30 0.00
66.68 B1 4834.34 5229.31 
66.68 B3 4835.18 5239.43 
66.68 120 13 04 50
66.68 244 0.03
66.685 22 7.64
66.685 23 -1.19
66.685 25 0.00
66.685 30 0.00
66.685 B1 4837.64 5221.51 
66.685 B3 4838.45 5231.39 
66.685 120 13 04 50
66.685 244 0.03
66.68999 22 7.64
66.68999 23 -1.18
66.68999 25 0.00
66.68999 30 0.00
66.68999 B1 4840.37 5213.43 
66.68999 B3 4841.26 5223.19 
66.68999 120 13 04 50
66.68999 244 0.04
66.695 22 7.63
66.695 23 -1.17
66.695 25 0.00
66.695 30 0.00
66.695 B1 4845.36 5207.87 
66.695 B3 4846.13 5217.31 
66.695 120 13 04 50
66.695 244 0.04
66.7 22 7.62
66.7 23 -1.15
66.7 25 0.00
66.7 30 0.00
66.7 B1 4849.13 5201.42 
66.7 B3 4850.06 5210.80 
66.7 120 13 04 50
66.7 244 0.04
66.705 22 7.61
66.705 23 -1.14
66.705 25 0.00
66.705 30 0.00
66.705 B1 4852.11 5194.44 
66.705 B3 4853.30 5203.87 
66.705 120 13 04 50
66.705 244 0.04
66.71 22 7.58
66.71 23 -1.13
66.71 25 0.00
66.71 30 0.00
66.71 B1 4854.56 5187.15 
66.71 B3 4856.03 5196.67 
66.71 120 13 04 50
66.71 244 0.04
66.715 22 7.55
66.715 23 -1.12
66.715 25 0.00
66.715 30 0.00
66.715 B1 4857.96 5181.02 
66.715 B3 4859.58 5190.53 
66.715 120 13 04 50
66.715 244 0.04
66.72 22 7.52
66.72 23 -1.11
66.72 25 0.00
66.72 30 0.00
66.72 B1 4860.64 5174.42 
66.72 B3 4862.50 5183.99 
66.72 120 13 04 50
66.72 244 0.04
66.725 22 7.48
66.725 23 -1.10
66.725 25 0.00
66.725 30 0.00
66.725 B1 4862.83 5167.54 
66.725 B3 4864.96 5177.22 
66.725 120 13 04 50
66.725 244 0.04
66.73 22 7.44
66.73 23 -1.09
66.73 25 0.00
66.73 30 0.00
66.73 B1 4864.68 5160.54 
66.73 B3 4867.07 5170.32 
66.73 120 13 04 50
66.73 244 0.04
66.735 22 7.39
66.735 23 -1.09
66.735 25 0.00
66.735 30 0.00
66.735 B1 4866.30 5153.49 
66.735 B3 4868.91 5163.35 
66.735 120 13 04 50
66.735 244 0.04
66.74 22 7.33
66.74 23 -1.09
66.74 25 0.00
66.74 30 0.00
66.74 B1 4869.07 5147.79 
66.74 B3 4871.75 5157.58 
66.74 120 13 04 50
66.74 244 0.05
66.745 22 7.27
66.745 23 -1.08
66.745 25 0.00
66.745 30 0.00
66.745 B1 4872.55 5143.04 
66.745 B3 4875.27 5152.71 
66.745 120 13 04 50
66.745 244 0.05
66.75 22 7.21
66.75 23 -1.06
66.75 25 0.00
66.75 30 0.00
66.75 B1 4875.16 5137.64 
66.75 B3 4878.07 5147.36 
66.75 120 13 04 50
66.75 244 0.05
66.755 22 7.15
66.755 23 -1.05
66.755 25 0.00
66.755 30 0.00
66.755 B1 4877.18 5131.87 
66.755 B3 4880.34 5141.70 
66.755 120 13 04 50
66.755 244 0.05
66.76 22 7.08
66.76 23 -1.05
66.76 25 0.00
66.76 30 0.00
66.76 B1 4878.82 5125.90 
66.76 B3 4882.23 5135.84 
66.76 120 13 04 50
66.76 244 0.06
66.765 22 7.01
66.765 23 -1.04
66.765 25 0.00
66.765 30 0.00
66.765 B1 4882.82 5122.48 
66.765 B3 4886.22 5132.26 
66.765 120 13 04 50
66.765 244 0.06
66.77 22 6.93
66.77 23 -1.02
66.77 25 0.00
66.77 30 0.00
66.77 B1 4885.69 5118.16 
66.77 B3 4889.29 5128.00 
66.77 120 13 04 50
66.77 244 0.06
66.775 22 6.85
66.775 23 -1.01
66.775 25 0.00
66.775 30 0.00
66.775 B1 4889.15 5114.61 
66.775 B3 4892.90 5124.48 
66.775 120 13 04 50
66.775 244 0.06
66.78 22 6.77
66.78 23 -0.99
66.78 25 0.00
66.78 30 0.00
66.78 B1 4891.63 5110.30 
66.78 B3 4895.69 5120.34 
66.78 120 13 04 50
66.78 244 0.06
66.785 22 6.69
66.785 23 -0.98
66.785 25 0.00
66.785 30 0.00
66.785 B1 4893.49 5105.54 
66.785 B3 4897.87 5115.78 
66.785 120 13 04 50
66.785 244 0.07
66.79 22 6.60
66.79 23 -0.97
66.79 25 0.00
66.79 30 0.00
66.79 B1 4897.58 5103.16 
66.79 B3 4902.02 5113.35 
66.79 120 13 04 50
66.79 244 0.07
66.795 22 6.52
66.795 23 -0.95
66.795 25 0.00
66.795 30 0.00
66.795 B1 4900.43 5099.75 
66.795 B3 4905.15 5110.10 
66.795 120 13 04 50
66.795 244 0.07
66.8 22 6.43
66.8 23 -0.93
66.8 25 0.00
66.8 30 0.00
66.8 B1 4902.48 5095.72 
66.8 B3 4907.56 5106.30 
66.8 120 13 04 50
66.8 244 0.07
66.805 22 6.34
66.805 23 -0.92
66.805 25 0.00
66.805 30 0.00
66.805 B1 4905.33 5092.64 
66.805 B3 4910.63 5103.34 
66.805 120 13 04 50
66.805 244 0.07
66.81 22 6.25
66.81 23 -0.91
66.81 25 0.00
66.81 30 0.00
66.81 B1 4907.35 5088.90 
66.81 B3 4912.97 5099.81 
66.81 120 13 04 50
66.81 244 0.07
66.81499 22 6.16
66.81499 23 -0.89
66.81499 25 0.00
66.81499 30 0.00
66.81499 B1 4908.84 5084.77 
66.81499 B3 4914.78 5095.90 
66.81499 120 13 04 50
66.81499 244 0.07
66.82 22 6.07
66.82 23 -0.89
66.82 25 0.00
66.82 30 0.00
66.82 B1 4909.97 5080.43 
66.82 B3 4916.21 5091.76 
66.82 120 13 04 50
66.82 244 0.07
66.825 22 5.97
66.825 23 -0.88
66.825 25 0.00
66.825 30 0.00
66.825 B1 4910.85 5075.97 
66.825 B3 4917.36 5087.47 
66.825 120 13 04 50
66.825 244 0.07
66.83 22 5.88
66.83 23 -0.88
66.83 25 0.00
66.83 30 0.00
66.83 B1 4911.55 5071.48 
66.83 B3 4918.28 5083.10 
66.83 120 13 04 50
66.83 244 0.07
66.835 22 5.79
66.835 23 -0.88
66.835 25 0.00
66.835 30 0.00
66.835 B1 4912.13 5067.00 
66.835 B3 4919.04 5078.70 
66.835 120 13 04 50
66.835 244 0.07
66.84 22 5.69
66.84 23 -0.88
66.84 25 0.00
66.84 30 0.00
66.84 B1 4912.61 5062.56 
66.84 B3 4919.67 5074.31 
66.84 120 13 04 50
66.84 244 0.07
66.845 22 5.60
66.845 23 -0.88
66.845 25 0.00
66.845 30 0.00
66.845 B1 4913.00 5058.17 
66.845 B3 4920.19 5069.94 
66.845 120 13 04 50
66.845 244 0.07
66.85 22 5.50
66.85 23 -0.87
66.85 25 0.00
66.85 30 0.00
66.85 B1 4913.32 5053.85 
66.85 B3 4920.62 5065.61 
66.85 120 13 04 50
66.85 244 0.07
66.855 22 5.41
66.855 23 -0.87
66.855 25 0.00
66.855 30 0.00
66.855 B1 4913.58 5049.60 
66.855 B3 4920.96 5061.34 
66.855 120 13 04 50
66.855 244 0.07
66.86 22 5.31
66.86 23 -0.87
66.86 25 0.00
66.86 30 0.00
66.86 B1 4913.78 5045.43 
66.86 B3 4921.24 5057.14 
66.86 120 13 04 50
66.86 244 0.07
66.865 22 5.22
66.865 23 -0.87
66.865 25 0.00
66.865 30 0.00
66.865 B1 4913.92 5041.33 
66.865 B3 4921.45 5052.99 
66.865 120 13 04 50
66.865 244 0.07
66.87 22 5.13
66.87 23 -0.87
66.87 25 0.00
66.87 30 0.00
66.87 B1 4912.69 5035.99 
66.87 B3 4920.40 5047.72 
66.87 120 13 04 50
66.87 244 0.07
66.875 22 5.04
66.875 23 -0.88
66.875 25 0.00
66.875 30 0.00
66.875 B1 4913.21 5032.50 
66.875 B3 4920.84 5044.05 
66.875 120 13 04 50
66.875 244 0.07
66.88 22 4.94
66.88 23 -0.88
66.88 25 0.00
66.88 30 0.00
66.88 B1 4913.50 5028.92 
66.88 B3 4921.13 5040.36 
66.88 120 13 04 50
66.88 244 0.07
66.885 22 4.85
66.885 23 -0.88
66.885 25 0.00
66.885 30 0.00
66.885 B1 4913.63 5025.31 
66.885 B3 4921.29 5036.66 
66.885 120 13 04 50
66.885 244 0.07
66.89 22 4.76
66.89 23 -0.88
66.89 25 0.00
66.89 30 0.00
66.89 B1 4913.64 5021.71 
66.89 B3 4921.34 5032.99 
66.89 120 13 04 50
66.89 244 0.07
66.895 22 4.67
66.895 23 -0.87
66.895 25 0.00
66.895 30 0.00
66.895 B1 4913.57 5018.13 
66.895 B3 4921.32 5029.36 
66.895 120 13 04 50
66.895 244 0.07
66.9 22 4.58
66.9 23 -0.87
66.9 25 0.00
66.9 30 0.00
66.9 B1 4913.42 5014.59 
66.9 B3 4921.22 5025.76 
66.9 120 13 04 50
66.9 244 0.07
66.905 22 4.50
66.905 23 -0.87
66.905 25 0.00
66.905 30 0.00
66.905 B1 4913.22 5011.10 
66.905 B3 4921.07 5022.22 
66.905 120 13 04 50
66.905 244 0.07
66.91 22 4.41
66.91 23 -0.87
66.91 25 0.00
66.91 30 0.00
66.91 B1 4914.27 5008.98 
66.91 B3 4922.05 5019.92 
66.91 120 13 04 50
66.91 244 0.07
66.915 22 4.32
66.915 23 -0.86
66.915 25 0.00
66.915 30 0.00
66.915 B1 4914.81 5006.46 
66.915 B3 4922.64 5017.35 
66.915 120 13 04 50
66.915 244 0.07
66.92 22 4.24
66.92 23 -0.86
66.92 25 0.00
66.92 30 0.00
66.92 B1 4913.69 5002.38 
66.92 B3 4921.74 5013.39 
66.92 120 13 04 50
66.92 244 0.07
66.925 22 4.15
66.925 23 -0.86
66.925 25 0.00
66.925 30 0.00
66.925 B1 4912.81 4998.62 
66.925 B3 4920.97 5009.66 
66.925 120 13 04 50
66.925 244 0.07
66.93 22 4.07
66.93 23 -0.87
66.93 25 0.00
66.93 30 0.00
66.93 B1 4913.39 4996.41 
66.93 B3 4921.49 5007.30 
66.93 120 13 04 50
66.93 244 0.07
66.935 22 3.99
66.935 23 -0.86
66.935 25 0.00
66.935 30 0.00
66.935 B1 4913.58 4993.91 
66.935 B3 4921.70 5004.73 
66.935 120 13 04 50
66.935 244 0.07
66.93999 22 3.91
66.93999 23 -0.85
66.93999 25 0.00
66.93999 30 0.00
66.93999 B1 4913.50 4991.23 
66.93999 B3 4921.69 5002.05 
66.93999 120 13 04 50
66.93999 244 0.07
66.945 22 3.83
66.945 23 -0.85
66.945 25 0.00
66.945 30 0.00
66.945 B1 4913.24 4988.47 
66.945 B3 4921.52 4999.28 
66.945 120 13 04 50
66.945 244 0.07
66.95 22 3.75
66.95 23 -0.85
66.95 25 0.00
66.95 30 0.00
66.95 B1 4912.86 4985.66 
66.95 B3 4921.23 4996.48 
66.95 120 13 04 50
66.95 244 0.07
66.955 22 3.68
66.955 23 -0.85
66.955 25 0.00
66.955 30 0.00
66.955 B1 4912.39 4982.84 
66.955 B3 4920.84 4993.66 
66.955 120 13 04 50
66.955 244 0.07
66.96 22 3.60
66.96 23 -0.85
66.96 25 0.00
66.96 30 0.00
66.96 B1 4911.85 4980.02 
66.96 B3 4920.37 4990.85 
66.96 120 13 04 50
66.96 244 0.07
66.965 22 3.53
66.965 23 -0.84
66.965 25 0.00
66.965 30 0.00
66.965 B1 4911.26 4977.23 
66.965 B3 4919.84 4988.05 
66.965 120 13 04 50
66.965 244 0.07
66.97 22 3.45
66.97 23 -0.84
66.97 25 0.00
66.97 30 0.00
66.97 B1 4910.62 4974.47 
66.97 B3 4919.26 4985.27 
66.97 120 13 04 50
66.97 244 0.07
66.975 22 3.38
66.975 23 -0.84
66.975 25 0.00
66.975 30 0.00
66.975 B1 4909.95 4971.74 
66.975 B3 4918.63 4982.51 
66.975 120 13 04 50
66.975 244 0.07
66.98 22 3.31
66.98 23 -0.84
66.98 25 0.00
66.98 30 0.00
66.98 B1 4909.24 4969.04 
66.98 B3 4917.96 4979.79 
66.98 120 13 04 50
66.98 244 0.07
66.985 22 3.24
66.985 23 -0.84
66.985 25 0.00
66.985 30 0.00
66.985 B1 4908.50 4966.38 
66.985 B3 4917.26 4977.10 
66.985 120 13 04 50
66.985 244 0.07
66.99 22 3.18
66.99 23 -0.84
66.99 25 0.00
66.99 30 0.00
66.99 B1 4907.73 4963.75 
66.99 B3 4916.52 4974.44 
66.99 120 13 04 50
66.99 244 0.07
66.995 22 3.11
66.995 23 -0.84
66.995 25 0.00
66.995 30 0.00
66.995 B1 4906.93 4961.16 
66.995 B3 4915.75 4971.82 
66.995 120 13 04 50
66.995 244 0.07
67 22 3.04
67 23 -0.84
67 25 0.00
67 30 0.00
67 B1 4906.11 4958.60 
67 B3 4914.96 4969.23 
67 120 13 04 50
67 244 0.07
67.005 22 2.98
67.005 23 -0.84
67.005 25 0.00
67.005 30 0.00
67.005 B1 4905.26 4956.07 
67.005 B3 4914.14 4966.67 
67.005 120 13 04 50
67.005 244 0.07
67.01 22 2.92
67.01 23 -0.84
67.01 25 0.00
67.01 30 0.00
67.01 B1 4904.39 4953.58 
67.01 B3 4913.29 4964.15 
67.01 120 13 04 50
67.01 244 0.07
67.015 22 2.85
67.015 23 -0.84
67.015 25 0.00
67.015 30 0.00
67.015 B1 4903.49 4951.12 
67.015 B3 4912.41 4961.65 
67.015 120 13 04 50
67.015 244 0.07
67.02 22 2.79
67.02 23 -0.84
67.02 25 0.00
67.02 30 0.00
67.02 B1 4902.58 4948.69 
67.02 B3 4911.52 4959.19 
67.02 120 13 04 50
67.02 244 0.07
67.025 22 2.73
67.025 23 -0.84
67.025 25 0.00
67.025 30 0.00
67.025 B1 4901.64 4946.28 
67.025 B3 4910.60 4956.76 
67.025 120 13 04 50
67.025 244 0.07
67.03 22 2.68
67.03 23 -0.84
67.03 25 0.00
67.03 30 0.00
67.03 B1 4900.68 4943.91 
67.03 B3 4909.65 4954.35 
67.03 120 13 04 50
67.03 244 0.07
67.035 22 2.62
67.035 23 -0.84
67.035 25 0.00
67.035 30 0.00
67.035 B1 4899.70 4941.56 
67.035 B3 4908.69 4951.98 
67.035 120 13 04 50
67.035 244 0.07
67.04 22 2.56
67.04 23 -0.84
67.04 25 0.00
67.04 30 0.00
67.04 B1 4898.70 4939.24 
67.04 B3 4907.71 4949.63 
67.04 120 13 04 50
67.04 244 0.07
67.045 22 2.51
67.045 23 -0.84
67.045 25 0.00
67.045 30 0.00
67.045 B1 4897.68 4936.95 
67.045 B3 4906.71 4947.31 
67.045 120 13 04 50
67.045 244 0.08
67.05 22 2.45
67.05 23 -0.84
67.05 25 0.00
67.05 30 0.00
67.05 B1 4897.96 4936.00 
67.05 B3 4906.88 4946.21 
67.05 120 13 04 50
67.05 244 0.08
67.055 22 2.40
67.055 23 -0.83
67.055 25 0.00
67.055 30 0.00
67.055 B1 4897.76 4934.61 
67.055 B3 4906.69 4944.79 
67.055 120 13 04 50
67.055 244 0.08
67.06 22 2.35
67.06 23 -0.82
67.06 25 0.00
67.06 30 0.00
67.06 B1 4897.23 4932.94 
67.06 B3 4906.24 4943.16 
67.06 120 13 04 50
67.06 244 0.08
67.06499 22 2.30
67.06499 23 -0.82
67.06499 25 0.00
67.06499 30 0.00
67.06499 B1 4896.51 4931.11 
67.06499 B3 4905.61 4941.38 
67.06499 120 13 04 50
67.06499 244 0.08
67.07 22 2.25
67.07 23 -0.81
67.07 25 0.00
67.07 30 0.00
67.07 B1 4896.97 4930.50 
67.07 B3 4906.03 4940.70 
67.07 120 13 04 50
67.07 244 0.08
67.075 22 2.20
67.075 23 -0.80
67.075 25 0.04
67.075 30 0.00
67.075 B1 4895.55 4928.05 
67.075 B3 4904.82 4938.42 
67.075 120 13 04 50
67.075 244 0.08
67.08 22 2.18
67.08 23 -0.80
67.08 25 0.28
67.08 30 0.00
67.08 B1 4894.21 4925.71 
67.08 B3 4903.64 4936.21 
67.08 120 13 04 50
67.08 244 0.08
67.085 22 2.31
67.085 23 -0.81
67.085 25 0.40
67.085 30 0.00
67.085 B1 4894.04 4924.60 
67.085 B3 4903.66 4935.25 
67.085 120 13 04 50
67.085 244 0.08
67.09 22 2.35
67.09 23 -0.80
67.09 25 0.40
67.09 30 0.00
67.09 B1 4893.33 4923.14 
67.09 B3 4903.28 4934.06 
67.09 120 13 04 50
67.09 244 0.08
67.095 22 2.30
67.095 23 -0.80
67.095 25 0.65
67.095 30 0.00
67.095 B1 4892.34 4921.63 
67.095 B3 4902.57 4932.74 
67.095 120 13 04 50
67.095 244 0.08
67.1 22 2.43
67.1 23 -0.80
67.1 25 2.34
67.1 30 0.00
67.1 B1 4890.93 4919.84 
67.1 B3 4901.63 4931.32 
67.1 120 13 04 50
67.1 244 0.09
67.105 22 3.71
67.105 23 -0.86
67.105 25 4.04
67.105 30 0.00
67.105 B1 4888.18 4916.98 
67.105 B3 4901.66 4931.11 
67.105 120 13 04 50
67.105 244 0.09
67.11 22 4.98
67.11 23 -0.99
67.11 25 4.16
67.11 30 0.00
67.11 B1 4882.56 4912.60 
67.11 B3 4901.87 4932.17 
67.11 120 13 04 50
67.11 244 0.09
67.115 22 4.95
67.115 23 -1.00
67.115 25 4.64
67.115 30 0.00
67.115 B1 4877.02 4910.28 
67.115 B3 4900.46 4933.36 
67.115 120 13 04 50
67.115 244 0.10
67.12 22 5.20
67.12 23 -1.04
67.12 25 4.64
67.12 30 0.00
67.12 B1 4873.11 4910.85 
67.12 B3 4900.29 4937.00 
67.12 120 13 04 50
67.12 244 0.10
67.125 22 5.08
67.125 23 -1.02
67.125 25 4.64
67.125 30 0.00
67.125 B1 4868.90 4912.17 
67.125 B3 4898.47 4940.09 
67.125 120 13 04 50
67.125 244 0.10
67.13 22 4.95
67.13 23 -1.01
67.13 25 5.97
67.13 30 0.00
67.13 B1 4864.55 4913.93 
67.13 B3 4895.53 4942.75 
67.13 120 13 04 50
67.13 244 0.11
67.135 22 5.86
67.135 23 -1.14
67.135 25 6.94
67.135 30 0.00
67.135 B1 4858.51 4914.38 
67.135 B3 4894.23 4947.47 
67.135 120 13 04 50
67.135 244 0.11
67.14 22 6.42
67.14 23 -1.25
67.14 25 6.94
67.14 30 0.00
67.14 B1 4849.06 4912.49 
67.14 B3 4891.28 4951.52 
67.14 120 13 04 50
67.14 244 0.11
67.145 22 6.29
67.145 23 -1.24
67.145 25 7.67
67.145 30 0.00
67.145 B1 4840.98 4912.97 
67.145 B3 4886.88 4955.25 
67.145 120 13 04 50
67.145 244 0.13
67.15 22 6.66
67.15 23 -1.33
67.15 25 7.67
67.15 30 0.00
67.15 B1 4837.42 4918.62 
67.15 B3 4887.49 4964.67 
67.15 120 13 04 50
67.15 244 0.13
67.155 22 6.54
67.155 23 -1.29
67.155 25 7.91
67.155 30 0.00
67.155 B1 4832.94 4924.06 
67.155 B3 4885.43 4972.26 
67.155 120 13 04 50
67.155 244 0.13
67.16 22 6.58
67.16 23 -1.28
67.16 25 8.40
67.16 30 0.00
67.16 B1 4829.55 4930.98 
67.16 B3 4883.96 4980.93 
67.16 120 13 04 50
67.16 244 0.13
67.165 22 6.79
67.165 23 -1.31
67.165 25 8.64
67.165 30 0.00
67.165 B1 4821.83 4933.88 
67.165 B3 4879.29 4986.79 
67.165 120 13 04 50
67.165 244 0.13
67.17 22 6.84
67.17 23 -1.32
67.17 25 9.24
67.17 30 0.00
67.17 B1 4815.02 4937.95 
67.17 B3 4874.70 4993.09 
67.17 120 13 04 50
67.17 244 0.13
67.175 22 7.10
67.175 23 -1.39
67.175 25 10.46
67.175 30 0.00
67.175 B1 4805.75 4939.84 
67.175 B3 4868.94 4998.51 
67.175 120 13 04 50
67.175 244 0.14
67.18 22 7.65
67.18 23 -1.56
67.18 25 10.46
67.18 30 0.00
67.18 B1 4792.94 4938.63 
67.18 B3 4863.43 5004.55 
67.18 120 13 04 50
67.18 244 0.14
67.185 22 7.57
67.185 23 -1.56
67.185 25 10.46
67.185 30 0.00
67.185 B1 4782.55 4940.25 
67.185 B3 4856.60 5009.94 
67.185 120 13 04 50
67.185 244 0.14
67.18999 22 7.49
67.18999 23 -1.55
67.18999 25 10.46
67.18999 30 0.00
67.18999 B1 4773.67 4943.57 
67.18999 B3 4848.91 5014.81 
67.18999 120 13 04 50
67.18999 244 0.14
67.195 22 7.41
67.195 23 -1.54
67.195 25 10.82
67.195 30 0.00
67.195 B1 4765.74 4947.88 
67.195 B3 4840.68 5019.27 
67.195 120 13 04 50
67.195 244 0.14
67.2 22 7.53
67.2 23 -1.58
67.2 25 10.82
67.2 30 0.00
67.2 B1 4757.91 4952.31 
67.2 B3 4833.33 5024.61 
67.2 120 13 04 50
67.2 244 0.14
67.205 22 7.47
67.205 23 -1.56
67.205 25 10.82
67.205 30 0.00
67.205 B1 4750.61 4957.27 
67.205 B3 4825.35 5029.38 
67.205 120 13 04 50
67.205 244 0.14
67.21 22 7.41
67.21 23 -1.54
67.21 25 10.82
67.21 30 0.00
67.21 B1 4743.68 4962.49 
67.21 B3 4816.99 5033.72 
67.21 120 13 04 50
67.21 244 0.14
67.215 22 7.35
67.215 23 -1.52
67.215 25 11.06
67.215 30 0.00
67.215 B1 4736.99 4967.78 
67.215 B3 4808.45 5037.70 
67.215 120 13 04 50
67.215 244 0.15
67.22 22 7.44
67.22 23 -1.54
67.22 25 11.18
67.22 30 0.00
67.22 B1 4730.63 4973.24 
67.22 B3 4801.03 5042.61 
67.22 120 13 04 50
67.22 244 0.14
67.225 22 7.46
67.225 23 -1.54
67.225 25 11.30
67.225 30 0.00
67.225 B1 4722.40 4976.72 
67.225 B3 4791.99 5045.78 
67.225 120 13 04 50
67.225 244 0.14
67.23 22 7.48
67.23 23 -1.55
67.23 25 11.42
67.23 30 0.00
67.23 B1 4714.38 4980.21 
67.23 B3 4783.05 5048.87 
67.23 120 13 04 50
67.23 244 0.15
67.235 22 7.51
67.235 23 -1.56
67.235 25 11.42
67.235 30 0.00
67.235 B1 4707.80 4984.96 
67.235 B3 4775.41 5053.10 
67.235 120 13 04 50
67.235 244 0.15
67.24 22 7.48
67.24 23 -1.54
67.24 25 11.67
67.24 30 0.00
67.24 B1 4701.38 4989.74 
67.24 B3 4767.47 5056.90 
67.24 120 13 04 50
67.24 244 0.14
67.245 22 7.58
67.245 23 -1.57
67.245 25 11.67
67.245 30 0.00
67.245 B1 4692.59 4992.01 
67.245 B3 4758.21 5059.19 
67.245 120 13 04 50
67.245 244 0.15
67.25 22 7.55
67.25 23 -1.56
67.25 25 11.67
67.25 30 0.00
67.25 B1 4686.16 4996.41 
67.25 B3 4750.42 5062.77 
67.25 120 13 04 50
67.25 244 0.14
67.255 22 7.53
67.255 23 -1.55
67.255 25 11.67
67.255 30 0.00
67.255 B1 4678.54 4999.46 
67.255 B3 4741.29 5064.84 
67.255 120 13 04 50
67.255 244 0.14
67.26 22 7.51
67.26 23 -1.54
67.26 25 11.67
67.26 30 0.00
67.26 B1 4671.56 5002.88 
67.26 B3 4732.51 5067.00 
67.26 120 13 04 50
67.26 244 0.14
67.265 22 7.50
67.265 23 -1.53
67.265 25 11.67
67.265 30 0.00
67.265 B1 4664.97 5006.46 
67.265 B3 4724.03 5069.18 
67.265 120 13 04 50
67.265 244 0.14
67.27 22 7.49
67.27 23 -1.52
67.27 25 11.67
67.27 30 0.00
67.27 B1 4658.66 5010.06 
67.27 B3 4715.81 5071.35 
67.27 120 13 04 50
67.27 244 0.14
67.275 22 7.48
67.275 23 -1.51
67.275 25 11.67
67.275 30 0.00
67.275 B1 4652.53 5013.59 
67.275 B3 4707.81 5073.47 
67.275 120 13 04 50
67.275 244 0.14
67.28 22 7.48
67.28 23 -1.50
67.28 25 11.67
67.28 30 0.00
67.28 B1 4646.55 5017.02 
67.28 B3 4700.04 5075.52 
67.28 120 13 04 50
67.28 244 0.14
67.285 22 7.48
67.285 23 -1.49
67.285 25 11.67
67.285 30 0.00
67.285 B1 4640.67 5020.29 
67.285 B3 4692.46 5077.49 
67.285 120 13 04 50
67.285 244 0.14
67.29 22 7.48
67.29 23 -1.48
67.29 25 11.67
67.29 30 0.00
67.29 B1 4634.89 5023.40 
67.29 B3 4685.07 5079.38 
67.29 120 13 04 50
67.29 244 0.14
67.295 22 7.49
67.295 23 -1.47
67.295 25 11.67
67.295 30 0.00
67.295 B1 4629.20 5026.33 
67.295 B3 4677.86 5081.17 
67.295 120 13 04 50
67.295 244 0.14
67.3 22 7.50
67.3 23 -1.46
67.3 25 11.67
67.3 30 0.00
67.3 B1 4623.58 5029.09 
67.3 B3 4670.82 5082.86 
67.3 120 13 04 50
67.3 244 0.14
67.305 22 7.52
67.305 23 -1.45
67.305 25 11.67
67.305 30 0.00
67.305 B1 4618.03 5031.66 
67.305 B3 4663.94 5084.45 
67.305 120 13 04 50
67.305 244 0.14
67.31 22 7.54
67.31 23 -1.44
67.31 25 11.67
67.31 30 0.00
67.31 B1 4612.55 5034.05 
67.31 B3 4657.23 5085.93 
67.31 120 13 04 50
67.31 244 0.14
67.31499 22 7.56
67.31499 23 -1.43
67.31499 25 11.67
67.31499 30 0.00
67.31499 B1 4607.14 5036.27 
67.31499 B3 4650.66 5087.32 
67.31499 120 13 04 50
67.31499 244 0.14
67.32 22 7.58
67.32 23 -1.43
67.32 25 11.67
67.32 30 0.00
67.32 B1 4601.80 5038.31 
67.32 B3 4644.25 5088.60 
67.32 120 13 04 50
67.32 244 0.14
67.325 22 7.60
67.325 23 -1.42
67.325 25 11.67
67.325 30 0.00
67.325 B1 4596.51 5040.18 
67.325 B3 4637.97 5089.78 
67.325 120 13 04 50
67.325 244 0.14
67.33 22 7.63
67.33 23 -1.41
67.33 25 11.67
67.33 30 0.00
67.33 B1 4591.29 5041.88 
67.33 B3 4631.83 5090.85 
67.33 120 13 04 50
67.33 244 0.14
67.335 22 7.66
67.335 23 -1.41
67.335 25 11.67
67.335 30 0.00
67.335 B1 4586.13 5043.41 
67.335 B3 4625.82 5091.83 
67.335 120 13 04 50
67.335 244 0.14
67.34 22 7.69
67.34 23 -1.40
67.34 25 11.67
67.34 30 0.00
67.34 B1 4581.03 5044.79 
67.34 B3 4619.94 5092.70 
67.34 120 13 04 50
67.34 244 0.14
67.345 22 7.73
67.345 23 -1.39
67.345 25 11.67
67.345 30 0.00
67.345 B1 4574.66 5044.69 
67.345 B3 4612.98 5092.28 
67.345 120 13 04 50
67.345 244 0.14
67.35 22 7.76
67.35 23 -1.40
67.35 25 11.67
67.35 30 0.00
67.35 B1 4568.88 5044.91 
67.35 B3 4606.54 5092.10 
67.35 120 13 04 50
67.35 244 0.14
67.355 22 7.80
67.355 23 -1.40
67.355 25 11.67
67.355 30 0.00
67.355 B1 4563.47 5045.27 
67.355 B3 4600.46 5092.06 
67.355 120 13 04 50
67.355 244 0.14
67.36 22 7.83
67.36 23 -1.40
67.36 25 11.67
67.36 30 0.00
67.36 B1 4558.29 5045.67 
67.36 B3 4594.66 5092.09 
67.36 120 13 04 50
67.36 244 0.14
67.365 22 7.87
67.365 23 -1.40
67.365 25 11.67
67.365 30 0.00
67.365 B1 4553.27 5046.06 
67.365 B3 4589.07 5092.15 
67.365 120 13 04 50
67.365 244 0.14
67.37 22 7.91
67.37 23 -1.40
67.37 25 11.67
67.37 30 0.00
67.37 B1 4548.36 5046.39 
67.37 B3 4583.66 5092.20 
67.37 120 13 04 50
67.37 244 0.14
67.375 22 7.96
67.375 23 -1.39
67.375 25 11.67
67.375 30 0.00
67.375 B1 4544.85 5047.96 
67.375 B3 4579.59 5093.42 
67.375 120 13 04 50
67.375 244 0.14
67.38 22 8.00
67.38 23 -1.38
67.38 25 11.67
67.38 30 0.00
67.38 B1 4540.88 5048.96 
67.38 B3 4575.24 5094.25 
67.38 120 13 04 50
67.38 244 0.14
67.385 22 8.04
67.385 23 -1.37
67.385 25 11.67
67.385 30 0.00
67.385 B1 4536.65 5049.58 
67.385 B3 4570.75 5094.79 
67.385 120 13 04 50
67.385 244 0.14
67.39 22 8.09
67.39 23 -1.37
67.39 25 11.67
67.39 30 0.00
67.39 B1 4532.29 5049.90 
67.39 B3 4566.18 5095.10 
67.39 120 13 04 50
67.39 244 0.14
67.395 22 8.13
67.395 23 -1.36
67.395 25 11.67
67.395 30 0.00
67.395 B1 4527.87 5049.99 
67.395 B3 4561.59 5095.22 
67.395 120 13 04 50
67.395 244 0.14
67.4 22 8.18
67.4 23 -1.36
67.4 25 11.67
67.4 30 0.00
67.4 B1 4523.44 5049.90 
67.4 B3 4557.01 5095.19 
67.4 120 13 04 50
67.4 244 0.14
67.405 22 8.22
67.405 23 -1.36
67.405 25 11.67
67.405 30 0.00
67.405 B1 4519.01 5049.66 
67.405 B3 4552.45 5095.03 
67.405 120 13 04 50
67.405 244 0.14
67.41 22 8.27
67.41 23 -1.36
67.41 25 11.67
67.41 30 0.00
67.41 B1 4514.60 5049.29 
67.41 B3 4547.94 5094.75 
67.41 120 13 04 50
67.41 244 0.14
67.415 22 8.32
67.415 23 -1.35
67.415 25 11.67
67.415 30 0.00
67.415 B1 4510.22 5048.79 
67.415 B3 4543.47 5094.37 
67.415 120 13 04 50
67.415 244 0.14
67.42 22 8.36
67.42 23 -1.35
67.42 25 11.67
67.42 30 0.00
67.42 B1 4505.87 5048.19 
67.42 B3 4539.06 5093.89 
67.42 120 13 04 50
67.42 244 0.14
67.425 22 8.41
67.425 23 -1.35
67.425 25 11.67
67.425 30 0.00
67.425 B1 4501.55 5047.49 
67.425 B3 4534.69 5093.33 
67.425 120 13 04 50
67.425 244 0.14
67.43 22 8.46
67.43 23 -1.35
67.43 25 11.67
67.43 30 0.00
67.43 B1 4497.27 5046.69 
67.43 B3 4530.38 5092.68 
67.43 120 13 04 50
67.43 244 0.14
67.435 22 8.50
67.435 23 -1.35
67.435 25 11.67
67.435 30 0.00
67.435 B1 4493.01 5045.79 
67.435 B3 4526.12 5091.96 
67.435 120 13 04 50
67.435 244 0.14
67.43999 22 8.55
67.43999 23 -1.35
67.43999 25 11.67
67.43999 30 0.00
67.43999 B1 4488.79 5044.81 
67.43999 B3 4521.91 5091.16 
67.43999 120 13 04 50
67.43999 244 0.14
67.445 22 8.60
67.445 23 -1.35
67.445 25 11.67
67.445 30 0.00
67.445 B1 4484.61 5043.74 
67.445 B3 4517.75 5090.29 
67.445 120 13 04 50
67.445 244 0.14
67.45 22 8.64
67.45 23 -1.35
67.45 25 11.67
67.45 30 0.00
67.45 B1 4480.45 5042.60 
67.45 B3 4513.64 5089.35 
67.45 120 13 04 50
67.45 244 0.14
67.455 22 8.69
67.455 23 -1.35
67.455 25 11.67
67.455 30 0.00
67.455 B1 4476.32 5041.37 
67.455 B3 4509.57 5088.34 
67.455 120 13 04 50
67.455 244 0.14
67.46 22 8.73
67.46 23 -1.35
67.46 25 11.67
67.46 30 0.00
67.46 B1 4472.22 5040.07 
67.46 B3 4505.55 5087.27 
67.46 120 13 04 50
67.46 244 0.14
67.465 22 8.78
67.465 23 -1.35
67.465 25 11.67
67.465 30 0.00
67.465 B1 4468.15 5038.69 
67.465 B3 4501.57 5086.13 
67.465 120 13 04 50
67.465 244 0.14
67.47 22 8.82
67.47 23 -1.35
67.47 25 11.67
67.47 30 0.00
67.47 B1 4464.11 5037.25 
67.47 B3 4497.63 5084.93 
67.47 120 13 04 50
67.47 244 0.14
67.475 22 8.87
67.475 23 -1.35
67.475 25 11.67
67.475 30 0.00
67.475 B1 4458.77 5034.41 
67.475 B3 4492.53 5082.47 
67.475 120 13 04 50
67.475 244 0.14
67.48 22 8.91
67.48 23 -1.36
67.48 25 11.67
67.48 30 0.00
67.48 B1 4454.01 5031.97 
67.48 B3 4487.87 5080.29 
67.48 120 13 04 50
67.48 244 0.14
67.485 22 8.95
67.485 23 -1.36
67.485 25 11.67
67.485 30 0.00
67.485 B1 4449.59 5029.76 
67.485 B3 4483.51 5078.29 
67.485 120 13 04 50
67.485 244 0.14
67.49 22 8.99
67.49 23 -1.37
67.49 25 11.67
67.49 30 0.00
67.49 B1 4445.37 5027.68 
67.49 B3 4479.35 5076.39 
67.49 120 13 04 50
67.49 244 0.14
67.495 22 9.04
67.495 23 -1.37
67.495 25 11.67
67.495 30 0.00
67.495 B1 4441.28 5025.65 
67.495 B3 4475.33 5074.56 
67.495 120 13 04 50
67.495 244 0.14
67.5 22 9.08
67.5 23 -1.37
67.5 25 11.67
67.5 30 0.00
67.5 B1 4437.27 5023.65 
67.5 B3 4471.42 5072.76 
67.5 120 13 04 50
67.5 244 0.14
67.505 22 9.12
67.505 23 -1.37
67.505 25 11.67
67.505 30 0.00
67.505 B1 4434.63 5022.95 
67.505 B3 4468.78 5072.16 
67.505 120 13 04 50
67.505 244 0.14
67.51 22 9.16
67.51 23 -1.37
67.51 25 11.67
67.51 30 0.00
67.51 B1 4431.49 5021.77 
67.51 B3 4465.79 5071.21 
67.51 120 13 04 50
67.51 244 0.14
67.515 22 9.20
67.515 23 -1.36
67.515 25 11.67
67.515 30 0.00
67.515 B1 4428.07 5020.26 
67.515 B3 4462.59 5070.00 
67.515 120 13 04 50
67.515 244 0.14
67.52 22 9.24
67.52 23 -1.36
67.52 25 11.67
67.52 30 0.00
67.52 B1 4424.49 5018.52 
67.52 B3 4459.26 5068.60 
67.52 120 13 04 50
67.52 244 0.14
67.525 22 9.28
67.525 23 -1.36
67.525 25 11.67
67.525 30 0.00
67.525 B1 4419.52 5015.31 
67.525 B3 4454.65 5065.86 
67.525 120 13 04 50
67.525 244 0.14
67.53 22 9.31
67.53 23 -1.37
67.53 25 11.67
67.53 30 0.00
67.53 B1 4416.38 5013.76 
67.53 B3 4451.60 5064.52 
67.53 120 13 04 50
67.53 244 0.14
67.535 22 9.35
67.535 23 -1.36
67.535 25 11.67
67.535 30 0.00
67.535 B1 4411.67 5010.63 
67.535 B3 4447.19 5061.79 
67.535 120 13 04 50
67.535 244 0.14
67.54 22 9.39
67.54 23 -1.37
67.54 25 11.67
67.54 30 0.00
67.54 B1 4407.38 5007.79 
67.54 B3 4443.09 5059.25 
67.54 120 13 04 50
67.54 244 0.14
67.545 22 9.42
67.545 23 -1.37
67.545 25 11.67
67.545 30 0.00
67.545 B1 4404.66 5006.43 
67.545 B3 4440.39 5058.02 
67.545 120 13 04 50
67.545 244 0.14
67.55 22 9.46
67.55 23 -1.37
67.55 25 11.67
67.55 30 0.00
67.55 B1 4401.53 5004.70 
67.55 B3 4437.42 5056.53 
67.55 120 13 04 50
67.55 244 0.14
67.555 22 9.49
67.555 23 -1.36
67.555 25 11.67
67.555 30 0.00
67.555 B1 4398.18 5002.72 
67.555 B3 4434.28 5054.84 
67.555 120 13 04 50
67.555 244 0.14
67.56 22 9.53
67.56 23 -1.36
67.56 25 11.67
67.56 30 0.00
67.56 B1 4394.70 5000.56 
67.56 B3 4431.04 5053.00 
67.56 120 13 04 50
67.56 244 0.14
67.56499 22 9.56
67.56499 23 -1.36
67.56499 25 11.67
67.56499 30 0.00
67.56499 B1 4391.16 4998.29 
67.56499 B3 4427.74 5051.03 
67.56499 120 13 04 50
67.56499 244 0.14
67.57 22 9.59
67.57 23 -1.36
67.57 25 11.67
67.57 30 0.00
67.57 B1 4387.60 4995.93 
67.57 B3 4424.41 5048.98 
67.57 120 13 04 50
67.57 244 0.14
67.575 22 9.62
67.575 23 -1.36
67.575 25 11.67
67.575 30 0.00
67.575 B1 4384.03 4993.49 
67.575 B3 4421.06 5046.85 
67.575 120 13 04 50
67.575 244 0.14
67.58 22 9.66
67.58 23 -1.36
67.58 25 11.67
67.58 30 0.00
67.58 B1 4380.46 4991.01 
67.58 B3 4417.70 5044.66 
67.58 120 13 04 50
67.58 244 0.14
67.585 22 9.69
67.585 23 -1.36
67.585 25 11.67
67.585 30 0.00
67.585 B1 4376.90 4988.47 
67.585 B3 4414.34 5042.41 
67.585 120 13 04 50
67.585 244 0.14
67.59 22 9.72
67.59 23 -1.36
67.59 25 11.67
67.59 30 0.00
67.59 B1 4373.34 4985.91 
67.59 B3 4410.99 5040.11 
67.59 120 13 04 50
67.59 244 0.14
67.595 22 9.74
67.595 23 -1.36
67.595 25 11.67
67.595 30 0.00
67.595 B1 4369.81 4983.30 
67.595 B3 4407.64 5037.77 
67.595 120 13 04 50
67.595 244 0.14
67.6 22 9.77
67.6 23 -1.36
67.6 25 11.67
67.6 30 0.00
67.6 B1 4366.28 4980.66 
67.6 B3 4404.31 5035.39 
67.6 120 13 04 50
67.6 244 0.14
67.605 22 9.80
67.605 23 -1.36
67.605 25 11.67
67.605 30 0.00
67.605 B1 4361.44 4976.67 
67.605 B3 4399.78 5031.78 
67.605 120 13 04 50
67.605 244 0.14
67.61 22 9.83
67.61 23 -1.37
67.61 25 11.67
67.61 30 0.00
67.61 B1 4357.18 4973.13 
67.61 B3 4395.68 5028.47 
67.61 120 13 04 50
67.61 244 0.14
67.615 22 9.85
67.615 23 -1.38
67.615 25 11.67
67.615 30 0.00
67.615 B1 4354.57 4971.17 
67.615 B3 4393.04 5026.57 
67.615 120 13 04 50
67.615 244 0.14
67.62 22 9.88
67.62 23 -1.37
67.62 25 11.67
67.62 30 0.00
67.62 B1 4350.27 4967.59 
67.62 B3 4388.98 5023.26 
67.62 120 13 04 50
67.62 244 0.14
67.625 22 9.90
67.625 23 -1.38
67.625 25 11.67
67.625 30 0.00
67.625 B1 4346.32 4964.27 
67.625 B3 4385.19 5020.14 
67.625 120 13 04 50
67.625 244 0.14
67.63 22 9.93
67.63 23 -1.38
67.63 25 11.67
67.63 30 0.00
67.63 B1 4342.58 4961.12 
67.63 B3 4381.56 5017.15 
67.63 120 13 04 50
67.63 244 0.14
67.635 22 9.95
67.635 23 -1.39
67.635 25 11.67
67.635 30 0.00
67.635 B1 4338.97 4958.06 
67.635 B3 4378.06 5014.24 
67.635 120 13 04 50
67.635 244 0.14
67.64 22 9.97
67.64 23 -1.39
67.64 25 11.67
67.64 30 0.00
67.64 B1 4336.74 4956.37 
67.64 B3 4375.82 5012.58 
67.64 120 13 04 50
67.64 244 0.14
67.645 22 10.00
67.645 23 -1.38
67.645 25 11.67
67.645 30 0.00
67.645 B1 4334.00 4954.24 
67.645 B3 4373.23 5010.61 
67.645 120 13 04 50
67.645 244 0.14
67.65 22 10.02
67.65 23 -1.37
67.65 25 11.67
67.65 30 0.00
67.65 B1 4330.98 4951.83 
67.65 B3 4370.41 5008.41 
67.65 120 13 04 50
67.65 244 0.14
67.655 22 10.04
67.655 23 -1.37
67.655 25 11.67
67.655 30 0.00
67.655 B1 4327.80 4949.23 
67.655 B3 4367.44 5006.05 
67.655 120 13 04 50
67.655 244 0.14
67.66 22 10.06
67.66 23 -1.37
67.66 25 11.67
67.66 30 0.00
67.66 B1 4323.21 4945.18 
67.66 B3 4363.19 5002.37 
67.66 120 13 04 50
67.66 244 0.14
67.665 22 10.08
67.665 23 -1.38
67.665 25 11.67
67.665 30 0.00
67.665 B1 4319.15 4941.52 
67.665 B3 4359.29 4998.93 
67.665 120 13 04 50
67.665 244 0.14
67.67 22 10.10
67.67 23 -1.38
67.67 25 11.67
67.67 30 0.00
67.67 B1 4315.39 4938.10 
67.67 B3 4355.63 4995.67 
67.67 120 13 04 50
67.67 244 0.14
67.675 22 10.12
67.675 23 -1.39
67.675 25 11.67
67.675 30 0.00
67.675 B1 4311.81 4934.83 
67.675 B3 4352.12 4992.52 
67.675 120 13 04 50
67.675 244 0.14
67.68 22 10.13
67.68 23 -1.39
67.68 25 11.67
67.68 30 0.00
67.68 B1 4308.32 4931.64 
67.68 B3 4348.71 4989.44 
67.68 120 13 04 50
67.68 244 0.14
67.685 22 10.15
67.685 23 -1.39
67.685 25 11.67
67.685 30 0.00
67.685 B1 4304.89 4928.50 
67.685 B3 4345.36 4986.41 
67.685 120 13 04 50
67.685 244 0.14
67.68999 22 10.17
67.68999 23 -1.39
67.68999 25 11.67
67.68999 30 0.00
67.68999 B1 4302.82 4926.71 
67.68999 B3 4343.25 4984.60 
67.68999 120 13 04 50
67.68999 244 0.14
67.695 22 10.19
67.695 23 -1.38
67.695 25 11.67
67.695 30 0.00
67.695 B1 4300.21 4924.46 
67.695 B3 4340.76 4982.47 
67.695 120 13 04 50
67.695 244 0.14
67.7 22 10.20
67.7 23 -1.38
67.7 25 11.67
67.7 30 0.00
67.7 B1 4297.30 4921.92 
67.7 B3 4338.02 4980.10 
67.7 120 13 04 50
67.7 244 0.14
67.705 22 10.22
67.705 23 -1.37
67.705 25 11.67
67.705 30 0.00
67.705 B1 4294.23 4919.19 
67.705 B3 4335.13 4977.57 
67.705 120 13 04 50
67.705 244 0.14
67.71 22 10.23
67.71 23 -1.37
67.71 25 11.67
67.71 30 0.00
67.71 B1 4291.07 4916.34 
67.71 B3 4332.15 4974.91 
67.71 120 13 04 50
67.71 244 0.15
67.715 22 10.25
67.715 23 -1.37
67.715 25 11.67
67.715 30 0.00
67.715 B1 4289.19 4914.73 
67.715 B3 4330.30 4973.36 
67.715 120 13 04 50
67.715 244 0.15
67.72 22 10.26
67.72 23 -1.36
67.72 25 11.67
67.72 30 0.00
67.72 B1 4286.73 4912.60 
67.72 B3 4327.99 4971.40 
67.72 120 13 04 50
67.72 244 0.14
67.725 22 10.28
67.725 23 -1.35
67.725 25 11.67
67.725 30 0.00
67.725 B1 4282.62 4908.81 
67.725 B3 4324.20 4967.96 
67.725 120 13 04 50
67.725 244 0.14
67.73 22 10.29
67.73 23 -1.36
67.73 25 11.67
67.73 30 0.00
67.73 B1 4278.90 4905.28 
67.73 B3 4320.65 4964.65 
67.73 120 13 04 50
67.73 244 0.14
67.735 22 10.30
67.735 23 -1.36
67.735 25 11.67
67.735 30 0.00
67.735 B1 4275.41 4901.91 
67.735 B3 4317.25 4961.43 
67.735 120 13 04 50
67.735 244 0.14
67.74 22 10.31
67.74 23 -1.36
67.74 25 11.67
67.74 30 0.00
67.74 B1 4272.04 4898.64 
67.74 B3 4313.95 4958.27 
67.74 120 13 04 50
67.74 244 0.14
67.745 22 10.32
67.745 23 -1.36
67.745 25 11.67
67.745 30 0.00
67.745 B1 4268.75 4895.43 
67.745 B3 4310.71 4955.14 
67.745 120 13 04 50
67.745 244 0.14
67.75 22 10.34
67.75 23 -1.36
67.75 25 11.67
67.75 30 0.00
67.75 B1 4265.51 4892.26 
67.75 B3 4307.52 4952.04 
67.75 120 13 04 50
67.75 244 0.14
67.755 22 10.35
67.755 23 -1.36
67.755 25 11.67
67.755 30 0.00
67.755 B1 4262.30 4889.11 
67.755 B3 4304.35 4948.96 
67.755 120 13 04 50
67.755 244 0.14
67.76 22 10.36
67.76 23 -1.36
67.76 25 11.67
67.76 30 0.00
67.76 B1 4259.11 4885.96 
67.76 B3 4301.21 4945.88 
67.76 120 13 04 50
67.76 244 0.14
67.765 22 10.36
67.765 23 -1.36
67.765 25 11.67
67.765 30 0.00
67.765 B1 4255.93 4882.83 
67.765 B3 4298.08 4942.80 
67.765 120 13 04 50
67.765 244 0.14
67.77 22 10.37
67.77 23 -1.36
67.77 25 11.67
67.77 30 0.00
67.77 B1 4252.76 4879.69 
67.77 B3 4294.96 4939.72 
67.77 120 13 04 50
67.77 244 0.14
67.775 22 10.38
67.775 23 -1.36
67.775 25 11.67
67.775 30 0.00
67.775 B1 4249.61 4876.56 
67.775 B3 4291.85 4936.64 
67.775 120 13 04 50
67.775 244 0.14
67.78 22 10.39
67.78 23 -1.36
67.78 25 11.67
67.78 30 0.00
67.78 B1 4246.46 4873.42 
67.78 B3 4288.74 4933.55 
67.78 120 13 04 50
67.78 244 0.14
67.785 22 10.40
67.785 23 -1.36
67.785 25 11.67
67.785 30 0.00
67.785 B1 4243.33 4870.28 
67.785 B3 4285.64 4930.46 
67.785 120 13 04 50
67.785 244 0.14
67.79 22 10.41
67.79 23 -1.36
67.79 25 11.67
67.79 30 0.00
67.79 B1 4238.88 4865.82 
67.79 B3 4281.35 4926.17 
67.79 120 13 04 50
67.79 244 0.14
67.795 22 10.41
67.795 23 -1.37
67.795 25 11.67
67.795 30 0.00
67.795 B1 4236.34 4863.15 
67.795 B3 4278.69 4923.41 
67.795 120 13 04 50
67.795 244 0.14
67.8 22 10.42
67.8 23 -1.37
67.8 25 11.67
67.8 30 0.00
67.8 B1 4232.23 4858.98 
67.8 B3 4274.68 4919.34 
67.8 120 13 04 50
67.8 244 0.15
67.805 22 10.42
67.805 23 -1.37
67.805 25 10.94
67.805 30 0.00
67.805 B1 4231.19 4857.81 
67.805 B3 4273.39 4917.93 
67.805 120 13 04 50
67.805 244 0.14
67.81 22 9.97
67.81 23 -1.23
67.81 25 10.94
67.81 30 0.00
67.81 B1 4230.94 4857.65 
67.81 B3 4270.27 4914.82 
67.81 120 13 04 50
67.81 244 0.14
67.81499 22 9.99
67.81499 23 -1.22
67.81499 25 10.33
67.81499 30 0.00
67.81499 B1 4229.69 4856.19 
67.81499 B3 4267.46 4911.60 
67.81499 120 13 04 50
67.81499 244 0.14
67.82 22 9.59
67.82 23 -1.11
67.82 25 10.33
67.82 30 0.00
67.82 B1 4228.83 4854.92 
67.82 B3 4263.67 4907.11 
67.82 120 13 04 50
67.82 244 0.14
67.825 22 9.62
67.825 23 -1.11
67.825 25 8.64
67.825 30 0.00
67.825 B1 4227.45 4852.58 
67.825 B3 4260.67 4902.83 
67.825 120 13 04 50
67.825 244 0.14
67.83 22 8.38
67.83 23 -0.83
67.83 25 8.64
67.83 30 0.00
67.83 B1 4232.43 4856.43 
67.83 B3 4259.38 4899.91 
67.83 120 13 04 50
67.83 244 0.14
67.835 22 8.45
67.835 23 -0.81
67.835 25 8.64
67.835 30 0.00
67.835 B1 4235.00 4856.84 
67.835 B3 4258.71 4896.44 
67.835 120 13 04 50
67.835 244 0.14
67.84 22 8.52
67.84 23 -0.80
67.84 25 8.40
67.84 30 0.00
67.84 B1 4236.20 4855.10 
67.84 B3 4258.43 4892.63 
67.84 120 13 04 50
67.84 244 0.14
67.845 22 8.39
67.845 23 -0.76
67.845 25 7.43
67.845 30 0.00
67.845 B1 4237.28 4852.74 
67.845 B3 4258.36 4888.61 
67.845 120 13 04 50
67.845 244 0.14
67.85 22 7.68
67.85 23 -0.63
67.85 25 7.43
67.85 30 0.00
67.85 B1 4240.09 4851.76 
67.85 B3 4258.50 4884.40 
67.85 120 13 04 50
67.85 244 0.14
67.855 22 7.77
67.855 23 -0.62
67.855 25 7.43
67.855 30 0.00
67.855 B1 4241.89 4848.85 
67.855 B3 4259.17 4879.89 
67.855 120 13 04 50
67.855 244 0.14
67.86 22 7.84
67.86 23 -0.62
67.86 25 7.43
67.86 30 0.00
67.86 B1 4243.08 4844.79 
67.86 B3 4260.13 4875.20 
67.86 120 13 04 50
67.86 244 0.14
67.865 22 7.91
67.865 23 -0.63
67.865 25 7.07
67.865 30 0.00
67.865 B1 4243.91 4840.04 
67.865 B3 4261.23 4870.41 
67.865 120 13 04 50
67.865 244 0.14
67.87 22 7.68
67.87 23 -0.59
67.87 25 7.07
67.87 30 0.00
67.87 B1 4245.35 4835.81 
67.87 B3 4262.38 4865.58 
67.87 120 13 04 50
67.87 244 0.14
67.875 22 7.75
67.875 23 -0.59
67.875 25 6.83
67.875 30 0.00
67.875 B1 4246.41 4830.93 
67.875 B3 4263.67 4860.67 
67.875 120 13 04 50
67.875 244 0.14
67.88 22 7.62
67.88 23 -0.57
67.88 25 6.59
67.88 30 0.00
67.88 B1 4247.77 4826.28 
67.88 B3 4265.01 4855.74 
67.88 120 13 04 50
67.88 244 0.14
67.885 22 7.49
67.885 23 -0.54
67.885 25 6.35
67.885 30 0.00
67.885 B1 4249.36 4821.73 
67.885 B3 4266.44 4850.76 
67.885 120 13 04 50
67.885 244 0.14
67.89 22 7.36
67.89 23 -0.52
67.89 25 5.86
67.89 30 0.00
67.89 B1 4251.15 4817.19 
67.89 B3 4267.97 4845.72 
67.89 120 13 04 50
67.89 244 0.15
67.895 22 7.04
67.895 23 -0.47
67.895 25 5.86
67.895 30 0.00
67.895 B1 4254.87 4814.42 
67.895 B3 4270.84 4841.82 
67.895 120 13 04 50
67.895 244 0.15
67.9 22 7.11
67.9 23 -0.46
67.9 25 5.50
67.9 30 0.00
67.9 B1 4257.60 4810.34 
67.9 B3 4273.52 4837.44 
67.9 120 13 04 50
67.9 244 0.15
67.905 22 6.89
67.905 23 -0.43
67.905 25 4.90
67.905 30 0.00
67.905 B1 4260.42 4806.21 
67.905 B3 4276.03 4832.77 
67.905 120 13 04 50
67.905 244 0.14
67.91 22 6.48
67.91 23 -0.37
67.91 25 4.66
67.91 30 0.00
67.91 B1 4262.42 4801.02 
67.91 B3 4277.35 4826.65 
67.91 120 13 04 50
67.91 244 0.15
67.915 22 6.37
67.915 23 -0.36
67.915 25 4.53
67.915 30 0.00
67.915 B1 4266.18 4796.99 
67.915 B3 4280.47 4821.79 
67.915 120 13 04 50
67.915 244 0.15
67.92 22 6.35
67.92 23 -0.35
67.92 25 4.53
67.92 30 0.00
67.92 B1 4269.51 4792.18 
67.92 B3 4283.59 4816.61 
67.92 120 13 04 50
67.92 244 0.15
67.925 22 6.41
67.925 23 -0.35
67.925 25 4.53
67.925 30 0.00
67.925 B1 4272.42 4786.72 
67.925 B3 4286.72 4811.22 
67.925 120 13 04 50
67.925 244 0.15
67.93 22 6.48
67.93 23 -0.35
67.93 25 4.53
67.93 30 0.00
67.93 B1 4275.04 4780.92 
67.93 B3 4289.79 4805.73 
67.93 120 13 04 50
67.93 244 0.15
67.935 22 6.53
67.935 23 -0.35
67.935 25 4.29
67.935 30 0.00
67.935 B1 4277.46 4774.98 
67.935 B3 4292.77 4800.22 
67.935 120 13 04 50
67.935 244 0.15
67.93999 22 6.39
67.93999 23 -0.34
67.93999 25 4.17
67.93999 30 0.00
67.93999 B1 4281.42 4770.75 
67.93999 B3 4296.84 4795.92 
67.93999 120 13 04 50
67.93999 244 0.15
67.945 22 6.35
67.945 23 -0.33
67.945 25 4.05
67.945 30 0.00
67.945 B1 4283.50 4764.71 
67.945 B3 4299.27 4790.07 
67.945 120 13 04 50
67.945 244 0.15
67.95 22 6.30
67.95 23 -0.32
67.95 25 3.33
67.95 30 0.00
67.95 B1 4287.14 4760.22 
67.95 B3 4303.03 4785.53 
67.95 120 13 04 50
67.95 244 0.15
67.955 22 5.78
67.955 23 -0.27
67.955 25 1.04
67.955 30 0.00
67.955 B1 4291.19 4756.22 
67.955 B3 4306.45 4780.73 
67.955 120 13 04 50
67.955 244 0.15
67.96 22 4.24
67.96 23 -0.20
67.96 25 1.04
67.96 30 0.00
67.96 B1 4296.15 4752.84 
67.96 B3 4309.88 4775.61 
67.96 120 13 04 50
67.96 244 0.15
67.965 22 4.31
67.965 23 -0.19
67.965 25 1.04
67.965 30 0.00
67.965 B1 4301.17 4747.82 
67.965 B3 4313.99 4769.73 
67.965 120 13 04 50
67.965 244 0.15
67.97 22 4.38
67.97 23 -0.19
67.97 25 0.68
67.97 30 0.00
67.97 B1 4306.17 4741.84 
67.97 B3 4318.48 4763.41 
67.97 120 13 04 50
67.97 244 0.15
67.975 22 4.21
67.975 23 -0.18
67.975 25 0.56
67.975 30 0.00
67.975 B1 4309.81 4734.10 
67.975 B3 4321.97 4755.63 
67.975 120 13 04 50
67.975 244 0.15
67.98 22 4.19
67.98 23 -0.19
67.98 25 0.44
67.98 30 0.00
67.98 B1 4315.34 4727.85 
67.98 B3 4327.22 4749.22 
67.98 120 13 04 50
67.98 244 0.15
67.985 22 4.17
67.985 23 -0.18
67.985 25 0.44
67.985 30 0.00
67.985 B1 4320.62 4721.26 
67.985 B3 4332.40 4742.57 
67.985 120 13 04 50
67.985 244 0.15
67.99 22 4.21
67.99 23 -0.18
67.99 25 0.44
67.99 30 0.00
67.99 B1 4325.72 4714.48 
67.99 B3 4337.51 4735.81 
67.99 120 13 04 50
67.99 244 0.15
67.995 22 4.25
67.995 23 -0.18
67.995 25 0.44
67.995 30 0.00
67.995 B1 4330.66 4707.66 
67.995 B3 4342.52 4729.02 
67.995 120 13 04 50
67.995 244 0.15
68 22 3.15
68 23 -0.28
68 25 0.44
68 30 0.00
68 B1 4339.78 4702.21 
68 B3 4348.60 4723.47 
68 120 13 04 50
68 244 0.15
68.005 22 2.59
68.005 23 -0.09
68.005 25 0.44
68.005 30 0.00
68.005 B1 4342.94 4695.69 
68.005 B3 4354.39 4717.34 
68.005 120 13 04 50
68.005 244 0.15
68.01 22 4.39
68.01 23 -0.19
68.01 25 0.44
68.01 30 0.00
68.01 B1 4353.65 4688.39 
68.01 B3 4360.41 4710.61 
68.01 120 13 04 50
68.01 244 0.15
68.015 22 4.45
68.015 23 -0.14
68.015 25 0.44
68.015 30 0.00
68.015 B1 4355.99 4681.49 
68.015 B3 4365.62 4704.29 
68.015 120 13 04 50
68.015 244 0.15
68.02 22 4.46
68.02 23 -0.15
68.02 25 0.32
68.02 30 0.00
68.02 B1 4359.00 4675.02 
68.02 B3 4370.42 4698.14 
68.02 120 13 04 50
68.02 244 0.16
68.025 22 4.38
68.025 23 -0.15
68.025 25 0.32
68.025 30 0.00
68.025 B1 4363.73 4670.27 
68.025 B3 4376.10 4693.36 
68.025 120 13 04 50
68.025 244 0.16
68.03 22 4.38
68.03 23 -0.14
68.03 25 0.32
68.03 30 0.00
68.03 B1 4368.05 4665.22 
68.03 B3 4381.15 4688.35 
68.03 120 13 04 50
68.03 244 0.16
68.035 22 4.38
68.035 23 -0.14
68.035 25 0.32
68.035 30 0.00
68.035 B1 4372.09 4660.05 
68.035 B3 4385.75 4683.23 
68.035 120 13 04 50
68.035 244 0.15
68.04 22 4.38
68.04 23 -0.14
68.04 25 0.20
68.04 30 0.00
68.04 B1 4374.60 4653.56 
68.04 B3 4388.82 4676.89 
68.04 120 13 04 50
68.04 244 0.16
68.045 22 4.28
68.045 23 -0.14
68.045 25 0.00
68.045 30 0.00
68.045 B1 4378.92 4649.06 
68.045 B3 4393.22 4672.15 
68.045 120 13 04 50
68.045 244 0.16
68.05 22 4.12
68.05 23 -0.14
68.05 25 0.00
68.05 30 0.00
68.05 B1 4383.00 4644.52 
68.05 B3 4397.30 4667.33 
68.05 120 13 04 50
68.05 244 0.16
68.055 22 4.11
68.055 23 -0.13
68.055 25 0.00
68.055 30 0.00
68.055 B1 4386.84 4639.82 
68.055 B3 4401.19 4662.44 
68.055 120 13 04 50
68.055 244 0.16
68.06 22 4.10
68.06 23 -0.13
68.06 25 0.00
68.06 30 0.00
68.06 B1 4390.50 4635.09 
68.06 B3 4404.91 4657.56 
68.06 120 13 04 50
68.06 244 0.16
68.06499 22 4.08
68.06499 23 -0.13
68.06499 25 0.00
68.06499 30 0.00
68.06499 B1 4394.01 4630.40 
68.06499 B3 4408.49 4652.73 
68.06499 120 13 04 50
68.06499 244 0.16
68.07 22 4.05
68.07 23 -0.13
68.07 25 0.00
68.07 30 0.00
68.07 B1 4397.39 4625.81 
68.07 B3 4411.93 4647.99 
68.07 120 13 04 50
68.07 244 0.16
68.075 22 4.03
68.075 23 -0.13
68.075 25 0.00
68.075 30 0.00
68.075 B1 4400.64 4621.32 
68.075 B3 4415.24 4643.34 
68.075 120 13 04 50
68.075 244 0.16
68.08 22 4.00
68.08 23 -0.13
68.08 25 0.00
68.08 30 0.00
68.08 B1 4403.77 4616.95 
68.08 B3 4418.43 4638.81 
68.08 120 13 04 50
68.08 244 0.16
68.085 22 3.97
68.085 23 -0.13
68.085 25 0.00
68.085 30 0.00
68.085 B1 4406.79 4612.72 
68.085 B3 4421.51 4634.40 
68.085 120 13 04 50
68.085 244 0.17
68.09 22 3.94
68.09 23 -0.13
68.09 25 0.00
68.09 30 0.00
68.09 B1 4412.35 4611.25 
68.09 B3 4426.86 4632.50 
68.09 120 13 04 50
68.09 244 0.16
68.095 22 3.90
68.095 23 -0.11
68.095 25 0.00
68.095 30 0.00
68.095 B1 4415.39 4607.55 
68.095 B3 4430.11 4628.78 
68.095 120 13 04 50
68.095 244 0.17
68.1 22 3.86
68.1 23 -0.11
68.1 25 0.00
68.1 30 0.00
68.1 B1 4419.57 4605.21 
68.1 B3 4434.33 4626.25 
68.1 120 13 04 50
68.1 244 0.17
68.105 22 3.82
68.105 23 -0.10
68.105 25 0.00
68.105 30 0.00
68.105 B1 4423.07 4602.41 
68.105 B3 4437.97 4623.38 
68.105 120 13 04 50
68.105 244 0.17
68.11 22 3.78
68.11 23 -0.09
68.11 25 0.00
68.11 30 0.00
68.11 B1 4427.46 4600.71 
68.11 B3 4442.40 4621.52 
68.11 120 13 04 50
68.11 244 0.17
68.115 22 3.74
68.115 23 -0.08
68.115 25 0.00
68.115 30 0.00
68.115 B1 4431.02 4598.40 
68.115 B3 4446.13 4619.19 
68.115 120 13 04 50
68.115 244 0.17
68.12 22 3.69
68.12 23 -0.07
68.12 25 0.00
68.12 30 0.00
68.12 B1 4434.06 4595.78 
68.12 B3 4449.38 4616.58 
68.12 120 13 04 50
68.12 244 0.17
68.125 22 3.65
68.125 23 -0.06
68.125 25 0.00
68.125 30 0.00
68.125 B1 4436.79 4593.01 
68.125 B3 4452.29 4613.81 
68.125 120 13 04 50
68.125 244 0.17
68.13 22 3.60
68.13 23 -0.06
68.13 25 0.00
68.13 30 0.00
68.13 B1 4439.29 4590.20 
68.13 B3 4454.94 4610.98 
68.13 120 13 04 50
68.13 244 0.17
68.135 22 3.55
68.135 23 -0.06
68.135 25 0.00
68.135 30 0.00
68.135 B1 4441.63 4587.40 
68.135 B3 4457.40 4608.13 
68.135 120 13 04 50
68.135 244 0.17
68.14 22 3.51
68.14 23 -0.06
68.14 25 0.00
68.14 30 0.00
68.14 B1 4443.85 4584.65 
68.14 B3 4459.70 4605.31 
68.14 120 13 04 50
68.14 244 0.17
68.145 22 3.46
68.145 23 -0.05
68.145 25 0.00
68.145 30 0.00
68.145 B1 4445.96 4581.96 
68.145 B3 4461.88 4602.53 
68.145 120 13 04 50
68.145 244 0.17
68.15 22 3.41
68.15 23 -0.05
68.15 25 0.00
68.15 30 0.00
68.15 B1 4447.99 4579.35 
68.15 B3 4463.96 4599.81 
68.15 120 13 04 50
68.15 244 0.17
68.155 22 3.36
68.155 23 -0.05
68.155 25 0.00
68.155 30 0.00
68.155 B1 4449.93 4576.81 
68.155 B3 4465.93 4597.16 
68.155 120 13 04 50
68.155 244 0.17
68.16 22 3.30
68.16 23 -0.05
68.16 25 0.00
68.16 30 0.00
68.16 B1 4451.79 4574.35 
68.16 B3 4467.82 4594.58 
68.16 120 13 04 50
68.16 244 0.17
68.165 22 3.25
68.165 23 -0.05
68.165 25 0.00
68.165 30 0.00
68.165 B1 4453.58 4571.97 
68.165 B3 4469.63 4592.08 
68.165 120 13 04 50
68.165 244 0.17

68.17 22 3.20
68.17 23 -0.05
68.17 25 0.00
68.17 30 0.00
68.17 B1 4455.31 4569.66 
68.17 B3 4471.37 4589.65 
68.17 120 13 04 50
68.17 244 0.17
68.175 22 3.15
68.175 23 -0.05
68.175 25 0.00
68.175 30 0.00
68.175 B1 4456.96 4567.43 
68.175 B3 4473.04 4587.30 
68.175 120 13 04 50
68.175 244 0.17
68.18 22 3.10
68.18 23 -0.05
68.18 25 0.00
68.18 30 0.00
68.18 B1 4458.55 4565.26 
68.18 B3 4474.65 4585.03 
68.18 120 13 04 50
68.18 244 0.18
68.185 22 3.05
68.185 23 -0.05
68.185 25 0.00
68.185 30 0.00
68.185 B1 4464.04 4567.13 
68.185 B3 4479.77 4586.41 
68.185 120 13 04 50
68.185 244 0.19
68.18999 22 3.00
68.18999 23 -0.02
68.18999 25 0.00
68.18999 30 0.00
68.18999 B1 4470.49 4570.14 
68.18999 B3 4486.05 4589.12 
68.18999 120 13 04 50
68.18999 244 0.19
68.195 22 2.94
68.195 23 0.02
68.195 25 0.00
68.195 30 0.00
68.195 B1 4474.87 4571.24 
68.195 B3 4490.69 4590.36 
68.195 120 13 04 50
68.195 244 0.19
68.2 22 2.89
68.2 23 0.04
68.2 25 0.00
68.2 30 0.00
68.2 B1 4478.03 4571.23 
68.2 B3 4494.26 4590.65 
68.2 120 13 04 50
68.2 244 0.20
68.205 22 2.84
68.205 23 0.05
68.205 25 0.00
68.205 30 0.00
68.205 B1 4483.11 4573.24 
68.205 B3 4499.50 4592.73 
68.205 120 13 04 50
68.205 244 0.20
68.21 22 2.79
68.21 23 0.08
68.21 25 0.00
68.21 30 0.00
68.21 B1 4486.68 4573.85 
68.21 B3 4503.46 4593.64 
68.21 120 13 04 50
68.21 244 0.20
68.215 22 2.74
68.215 23 0.10
68.215 25 0.00
68.215 30 0.00
68.215 B1 4489.35 4573.66 
68.215 B3 4506.56 4593.80 
68.215 120 13 04 50
68.215 244 0.20
68.22 22 2.69
68.22 23 0.11
68.22 25 0.00
68.22 30 0.00
68.22 B1 4491.48 4573.03 
68.22 B3 4509.09 4593.49 
68.22 120 13 04 50
68.22 244 0.20
68.225 22 2.64
68.225 23 0.12
68.225 25 0.00
68.225 30 0.00
68.225 B1 4493.29 4572.15 
68.225 B3 4511.22 4592.86 
68.225 120 13 04 50
68.225 244 0.20
68.23 22 2.59
68.23 23 0.13
68.23 25 0.00
68.23 30 0.00
68.23 B1 4494.90 4571.14 
68.23 B3 4513.09 4592.06 
68.23 120 13 04 50
68.23 244 0.20
68.235 22 2.54
68.235 23 0.13
68.235 25 0.00
68.235 30 0.00
68.235 B1 4496.37 4570.09 
68.235 B3 4514.77 4591.14 
68.235 120 13 04 50
68.235 244 0.20
68.24 22 2.50
68.24 23 0.13
68.24 25 0.00
68.24 30 0.00
68.24 B1 4497.74 4569.02 
68.24 B3 4516.30 4590.17 
68.24 120 13 04 50
68.24 244 0.20
68.245 22 2.45
68.245 23 0.13
68.245 25 0.00
68.245 30 0.00
68.245 B1 4499.05 4567.96 
68.245 B3 4517.73 4589.17 
68.245 120 13 04 50
68.245 244 0.20
68.25 22 2.40
68.25 23 0.13
68.25 25 0.00
68.25 30 0.00
68.25 B1 4500.29 4566.93 
68.25 B3 4519.08 4588.18 
68.25 120 13 04 50
68.25 244 0.20
68.255 22 2.36
68.255 23 0.13
68.255 25 0.00
68.255 30 0.00
68.255 B1 4501.49 4565.93 
68.255 B3 4520.36 4587.19 
68.255 120 13 04 50
68.255 244 0.20
68.26 22 2.31
68.26 23 0.13
68.26 25 0.00
68.26 30 0.00
68.26 B1 4502.64 4564.96 
68.26 B3 4521.59 4586.23 
68.26 120 13 04 50
68.26 244 0.20
68.265 22 2.26
68.265 23 0.13
68.265 25 0.00
68.265 30 0.00
68.265 B1 4503.76 4564.02 
68.265 B3 4522.77 4585.30 
68.265 120 13 04 50
68.265 244 0.20
68.27 22 2.22
68.27 23 0.13
68.27 25 0.00
68.27 30 0.00
68.27 B1 4504.84 4563.12 
68.27 B3 4523.91 4584.39 
68.27 120 13 04 50
68.27 244 0.20
68.275 22 2.18
68.275 23 0.13
68.275 25 0.07
68.275 30 0.00
68.275 B1 4507.20 4563.57 
68.275 B3 4526.21 4584.71 
68.275 120 13 04 50
68.275 244 0.20
68.28 22 2.18
68.28 23 0.14
68.28 25 0.07
68.28 30 0.00
68.28 B1 4507.62 4562.15 
68.28 B3 4526.88 4583.49 
68.28 120 13 04 50
68.28 244 0.20
68.285 22 2.14
68.285 23 0.14
68.285 25 0.69
68.285 30 0.00
68.285 B1 4508.23 4561.04 
68.285 B3 4527.63 4582.45 
68.285 120 13 04 50
68.285 244 0.20
68.29 22 2.55
68.29 23 0.13
68.29 25 0.69
68.29 30 0.00
68.29 B1 4509.68 4560.85 
68.29 B3 4529.62 4582.73 
68.29 120 13 04 50
68.29 244 0.20
68.295 22 2.49
68.295 23 0.13
68.295 25 3.33
68.295 30 0.00
68.295 B1 4510.65 4560.73 
68.295 B3 4531.04 4582.91 
68.295 120 13 04 50
68.295 244 0.20
68.3 22 4.52
68.3 23 0.01
68.3 25 4.19
68.3 30 0.00
68.3 B1 4506.55 4555.92 
68.3 B3 4532.08 4583.02 
68.3 120 13 04 50
68.3 244 0.20
68.305 22 5.08
68.305 23 -0.08
68.305 25 4.57
68.305 30 0.00
68.305 B1 4500.93 4551.90 
68.305 B3 4531.91 4583.88 
68.305 120 13 04 50
68.305 244 0.20
68.31 22 5.24
68.31 23 -0.12
68.31 25 5.42
68.31 30 0.00
68.31 B1 4495.38 4549.90 
68.31 B3 4530.60 4585.43 
68.31 120 13 04 50
68.31 244 0.20
68.31499 22 5.76
68.31499 23 -0.22
68.31499 25 5.42
68.31499 30 0.00
68.31499 B1 4489.44 4548.91 
68.31499 B3 4529.63 4588.69 
68.31499 120 13 04 50
68.31499 244 0.20
68.32 22 5.61
68.32 23 -0.22
68.32 25 6.74
68.32 30 0.00
68.32 B1 4484.54 4550.28 
68.32 B3 4527.38 4592.08 
68.32 120 13 04 50
68.32 244 0.20
68.325 22 6.44
68.325 23 -0.38
68.325 25 7.23
68.325 30 0.00
68.325 B1 4474.04 4546.84 
68.325 B3 4523.13 4594.31 
68.325 120 13 04 50
68.325 244 0.20
68.33 22 6.62
68.33 23 -0.46
68.33 25 7.47
68.33 30 0.00
68.33 B1 4464.19 4545.23 
68.33 B3 4518.28 4597.20 
68.33 120 13 04 50
68.33 244 0.20
68.335 22 6.64
68.335 23 -0.51
68.335 25 7.84
68.335 30 0.00
68.335 B1 4455.63 4545.79 
68.335 B3 4512.90 4600.56 
68.335 120 13 04 50
68.335 244 0.20
68.34 22 6.74
68.34 23 -0.56
68.34 25 7.84
68.34 30 0.00
68.34 B1 4447.26 4547.11 
68.34 B3 4507.11 4604.22 
68.34 120 13 04 50
68.34 244 0.20
68.345 22 6.60
68.345 23 -0.56
68.345 25 9.41
68.345 30 0.00
68.345 B1 4440.52 4550.44 
68.345 B3 4500.99 4608.11 
68.345 120 13 04 50
68.345 244 0.20
68.35 22 7.43
68.35 23 -0.78
68.35 25 9.41
68.35 30 0.00
68.35 B1 4427.46 4547.82 
68.35 B3 4494.70 4612.08 
68.35 120 13 04 50
68.35 244 0.20
68.355 22 7.31
68.355 23 -0.80
68.355 25 9.41
68.355 30 0.00
68.355 B1 4417.81 4549.26 
68.355 B3 4487.80 4616.31 
68.355 120 13 04 50
68.355 244 0.20
68.36 22 7.19
68.36 23 -0.80
68.36 25 9.41
68.36 30 0.00
68.36 B1 4410.13 4552.98 
68.36 B3 4480.55 4620.66 
68.36 120 13 04 50
68.36 244 0.20
68.365 22 7.08
68.365 23 -0.79
68.365 25 9.65
68.365 30 0.00
68.365 B1 4403.62 4557.95 
68.365 B3 4473.13 4625.03 
68.365 120 13 04 50
68.365 244 0.20
68.37 22 7.11
68.37 23 -0.82
68.37 25 9.89
68.37 30 0.00
68.37 B1 4396.68 4562.48 
68.37 B3 4465.67 4629.36 
68.37 120 13 04 50
68.37 244 0.20
68.375 22 7.15
68.375 23 -0.84
68.375 25 9.89
68.375 30 0.00
68.375 B1 4390.82 4568.07 
68.375 B3 4459.36 4634.86 
68.375 120 13 04 50
68.375 244 0.20
68.38 22 7.06
68.38 23 -0.82
68.38 25 10.25
68.38 30 0.00
68.38 B1 4385.37 4574.05 
68.38 B3 4452.61 4639.94 
68.38 120 13 04 50
68.38 244 0.20
68.385 22 7.18
68.385 23 -0.86
68.385 25 10.25
68.385 30 0.00
68.385 B1 4377.17 4577.20 
68.385 B3 4444.44 4643.52 
68.385 120 13 04 50
68.385 244 0.20
68.39 22 7.09
68.39 23 -0.86
68.39 25 10.25
68.39 30 0.00
68.39 B1 4370.40 4581.66 
68.39 B3 4436.48 4647.26 
68.39 120 13 04 50
68.39 244 0.20
68.395 22 7.01
68.395 23 -0.85
68.395 25 10.37
68.395 30 0.00
68.395 B1 4364.47 4586.79 
68.395 B3 4428.73 4651.07 
68.395 120 13 04 50
68.395 244 0.20
68.4 22 7.01
68.4 23 -0.86
68.4 25 10.37
68.4 30 0.00
68.4 B1 4359.84 4593.03 
68.4 B3 4422.39 4656.07 
68.4 120 13 04 50
68.4 244 0.20
68.405 22 6.94
68.405 23 -0.83
68.405 25 10.25
68.405 30 0.00
68.405 B1 4355.17 4599.09 
68.405 B3 4415.79 4660.68 
68.405 120 13 04 50
68.405 244 0.20
68.41 22 6.79
68.41 23 -0.79
68.41 25 10.25
68.41 30 0.00
68.41 B1 4351.05 4605.47 
68.41 B3 4409.12 4664.97 
68.41 120 13 04 50
68.41 244 0.20
68.415 22 6.73
68.415 23 -0.77
68.415 25 10.25
68.415 30 0.00
68.415 B1 4346.80 4611.41 
68.415 B3 4402.51 4669.00 
68.415 120 13 04 50
68.415 244 0.20
68.42 22 6.67
68.42 23 -0.75
68.42 25 10.37
68.42 30 0.00
68.42 B1 4341.19 4615.66 
68.42 B3 4394.83 4671.62 
68.42 120 13 04 50
68.42 244 0.20
68.425 22 6.70
68.425 23 -0.77
68.425 25 10.37
68.425 30 0.00
68.425 B1 4335.68 4619.64 
68.425 B3 4387.72 4674.42 
68.425 120 13 04 50
68.425 244 0.20
68.43 22 6.65
68.43 23 -0.76
68.43 25 10.37
68.43 30 0.00
68.43 B1 4330.72 4623.90 
68.43 B3 4381.00 4677.32 
68.43 120 13 04 50
68.43 244 0.20
68.435 22 6.61
68.435 23 -0.75
68.435 25 10.37
68.435 30 0.00
68.435 B1 4326.11 4628.25 
68.435 B3 4374.59 4680.26 
68.435 120 13 04 50
68.435 244 0.20
68.43999 22 6.57
68.43999 23 -0.74
68.43999 25 10.37
68.43999 30 0.00
68.43999 B1 4321.74 4632.57 
68.43999 B3 4368.46 4683.18 
68.43999 120 13 04 50
68.43999 244 0.20
68.445 22 6.54
68.445 23 -0.73
68.445 25 10.37
68.445 30 0.00
68.445 B1 4317.53 4636.79 
68.445 B3 4362.56 4686.06 
68.445 120 13 04 50
68.445 244 0.20
68.45 22 6.51
68.45 23 -0.71
68.45 25 10.37
68.45 30 0.00
68.45 B1 4314.78 4642.20 
68.45 B3 4358.08 4690.07 
68.45 120 13 04 50
68.45 244 0.20
68.455 22 6.48
68.455 23 -0.69
68.455 25 10.37
68.455 30 0.00
68.455 B1 4311.56 4646.94 
68.455 B3 4353.37 4693.62 
68.455 120 13 04 50
68.455 244 0.20
68.46 22 6.46
68.46 23 -0.68
68.46 25 10.37
68.46 30 0.00
68.46 B1 4308.12 4651.21 
68.46 B3 4348.58 4696.83 
68.46 120 13 04 50
68.46 244 0.20
68.465 22 6.45
68.465 23 -0.66
68.465 25 10.37
68.465 30 0.00
68.465 B1 4304.59 4655.14 
68.465 B3 4343.80 4699.79 
68.465 120 13 04 50
68.465 244 0.20
68.47 22 6.43
68.47 23 -0.65
68.47 25 10.37
68.47 30 0.00
68.47 B1 4299.73 4657.46 
68.47 B3 4337.89 4701.34 
68.47 120 13 04 50
68.47 244 0.20
68.475 22 6.42
68.475 23 -0.65
68.475 25 10.37
68.475 30 0.00
68.475 B1 4295.48 4660.07 
68.475 B3 4332.50 4703.09 
68.475 120 13 04 50
68.475 244 0.20
68.48 22 6.42
68.48 23 -0.64
68.48 25 10.37
68.48 30 0.00
68.48 B1 4292.90 4664.10 
68.48 B3 4328.67 4706.14 
68.48 120 13 04 50
68.48 244 0.20
68.485 22 6.41
68.485 23 -0.63
68.485 25 10.37
68.485 30 0.00
68.485 B1 4288.67 4666.30 
68.485 B3 4323.52 4707.66 
68.485 120 13 04 50
68.485 244 0.20
68.49 22 6.41
68.49 23 -0.63
68.49 25 10.37
68.49 30 0.00
68.49 B1 4284.85 4668.64 
68.49 B3 4318.75 4709.29 
68.49 120 13 04 50
68.49 244 0.20
68.495 22 6.42
68.495 23 -0.62
68.495 25 10.37
68.495 30 0.00
68.495 B1 4281.29 4671.02 
68.495 B3 4314.27 4710.98 
68.495 120 13 04 50
68.495 244 0.20
68.5 22 6.42
68.5 23 -0.62
68.5 25 10.37
68.5 30 0.00
68.5 B1 4277.90 4673.36 
68.5 B3 4310.02 4712.67 
68.5 120 13 04 50
68.5 244 0.20
68.505 22 6.43
68.505 23 -0.62
68.505 25 10.37
68.505 30 0.00
68.505 B1 4274.63 4675.62 
68.505 B3 4305.95 4714.34 
68.505 120 13 04 50
68.505 244 0.20
68.51 22 6.44
68.51 23 -0.61
68.51 25 10.37
68.51 30 0.00
68.51 B1 4272.78 4679.11 
68.51 B3 4303.24 4717.16 
68.51 120 13 04 50
68.51 244 0.20
68.515 22 6.46
68.515 23 -0.59
68.515 25 10.49
68.515 30 0.00
68.515 B1 4269.10 4680.67 
68.515 B3 4299.04 4718.36 
68.515 120 13 04 50
68.515 244 0.20
68.52 22 6.56
68.52 23 -0.62
68.52 25 10.49
68.52 30 0.00
68.52 B1 4266.67 4683.21 
68.52 B3 4296.32 4720.82 
68.52 120 13 04 50
68.52 244 0.20
68.525 22 6.58
68.525 23 -0.60
68.525 25 10.61
68.525 30 0.00
68.525 B1 4263.99 4685.48 
68.525 B3 4293.33 4722.94 
68.525 120 13 04 50
68.525 244 0.20
68.53 22 6.68
68.53 23 -0.62
68.53 25 10.61
68.53 30 0.00
68.53 B1 4259.49 4685.78 
68.53 B3 4289.00 4723.62 
68.53 120 13 04 50
68.53 244 0.20
68.535 22 6.70
68.535 23 -0.62
68.535 25 10.61
68.535 30 0.00
68.535 B1 4256.99 4687.95 
68.535 B3 4286.19 4725.70 
68.535 120 13 04 50
68.535 244 0.20
68.54 22 6.71
68.54 23 -0.61
68.54 25 10.61
68.54 30 0.00
68.54 B1 4254.32 4689.90 
68.54 B3 4283.19 4727.52 
68.54 120 13 04 50
68.54 244 0.20
68.545 22 6.73
68.545 23 -0.61
68.545 25 10.73
68.545 30 0.00
68.545 B1 4251.56 4691.67 
68.545 B3 4280.10 4729.13 
68.545 120 13 04 50
68.545 244 0.20
68.55 22 6.84
68.55 23 -0.62
68.55 25 10.73
68.55 30 0.00
68.55 B1 4247.06 4691.55 
68.55 B3 4275.78 4729.40 
68.55 120 13 04 50
68.55 244 0.20
68.555 22 6.86
68.555 23 -0.63
68.555 25 10.73
68.555 30 0.00
68.555 B1 4243.30 4692.02 
68.555 B3 4271.85 4729.92 
68.555 120 13 04 50
68.555 244 0.20
68.56 22 6.88
68.56 23 -0.63
68.56 25 10.97
68.56 30 0.00
68.56 B1 4239.95 4692.80 
68.56 B3 4268.19 4730.60 
68.56 120 13 04 50
68.56 244 0.20
68.56499 22 7.08
68.56499 23 -0.67
68.56499 25 10.97
68.56499 30 0.00
68.56499 B1 4237.34 4694.20 
68.56499 B3 4265.92 4732.55 
68.56499 120 13 04 50
68.56499 244 0.20
68.57 22 7.10
68.57 23 -0.67
68.57 25 11.09
68.57 30 0.00
68.57 B1 4234.60 4695.57 
68.57 B3 4263.27 4734.21 
68.57 120 13 04 50
68.57 244 0.20
68.575 22 7.20
68.575 23 -0.68
68.575 25 11.09
68.575 30 0.00
68.575 B1 4230.06 4695.12 
68.575 B3 4259.20 4734.46 
68.575 120 13 04 50
68.575 244 0.20
68.58 22 7.22
68.58 23 -0.69
68.58 25 11.09
68.58 30 0.00
68.58 B1 4227.57 4696.65 
68.58 B3 4256.60 4736.12 
68.58 120 13 04 50
68.58 244 0.20
68.585 22 7.24
68.585 23 -0.68
68.585 25 11.09
68.585 30 0.00
68.585 B1 4224.90 4698.04 
68.585 B3 4253.76 4737.53 
68.585 120 13 04 50
68.585 244 0.20
68.59 22 7.26
68.59 23 -0.67
68.59 25 11.09
68.59 30 0.00
68.59 B1 4220.85 4697.96 
68.59 B3 4249.60 4737.56 
68.59 120 13 04 50
68.59 244 0.20
68.595 22 7.28
68.595 23 -0.68
68.595 25 11.09
68.595 30 0.00
68.595 B1 4218.68 4699.61 
68.595 B3 4247.02 4739.00 
68.595 120 13 04 50
68.595 244 0.20
68.6 22 7.31
68.6 23 -0.67
68.6 25 11.09
68.6 30 0.00
68.6 B1 4216.25 4700.94 
68.6 B3 4244.28 4740.20 
68.6 120 13 04 50
68.6 244 0.20
68.605 22 7.33
68.605 23 -0.66
68.605 25 11.09
68.605 30 0.00
68.605 B1 4212.38 4700.74 
68.605 B3 4240.26 4740.02 
68.605 120 13 04 50
68.605 244 0.20
68.61 22 7.36
68.61 23 -0.67
68.61 25 11.09
68.61 30 0.00
68.61 B1 4209.05 4700.87 
68.61 B3 4236.65 4740.07 
68.61 120 13 04 50
68.61 244 0.20
68.615 22 7.38
68.615 23 -0.67
68.615 25 11.09
68.615 30 0.00
68.615 B1 4206.03 4701.18 
68.615 B3 4233.32 4740.25 
68.615 120 13 04 50
68.615 244 0.20
68.62 22 7.41
68.62 23 -0.67
68.62 25 11.09
68.62 30 0.00
68.62 B1 4203.20 4701.56 
68.62 B3 4230.18 4740.50 
68.62 120 13 04 50
68.62 244 0.20
68.625 22 7.43
68.625 23 -0.67
68.625 25 11.09
68.625 30 0.00
68.625 B1 4200.48 4701.95 
68.625 B3 4227.19 4740.77 
68.625 120 13 04 50
68.625 244 0.20
68.63 22 7.46
68.63 23 -0.67
68.63 25 11.09
68.63 30 0.00
68.63 B1 4199.15 4703.63 
68.63 B3 4225.51 4742.24 
68.63 120 13 04 50
68.63 244 0.20
68.635 22 7.49
68.635 23 -0.66
68.635 25 11.09
68.635 30 0.00
68.635 B1 4197.30 4704.77 
68.635 B3 4223.48 4743.33 
68.635 120 13 04 50
68.635 244 0.20
68.64 22 7.52
68.64 23 -0.66
68.64 25 11.09
68.64 30 0.00
68.64 B1 4195.17 4705.55 
68.64 B3 4221.26 4744.14 
68.64 120 13 04 50
68.64 244 0.20
68.645 22 7.55
68.645 23 -0.65
68.645 25 11.09
68.645 30 0.00
68.645 B1 4191.59 4704.76 
68.645 B3 4217.74 4743.55 
68.645 120 13 04 50
68.645 244 0.20
68.65 22 7.58
68.65 23 -0.66
68.65 25 11.09
68.65 30 0.00
68.65 B1 4188.54 4704.31 
68.65 B3 4214.61 4743.17 
68.65 120 13 04 50
68.65 244 0.20
68.655 22 7.60
68.655 23 -0.66
68.655 25 11.09
68.655 30 0.00
68.655 B1 4185.80 4704.03 
68.655 B3 4211.73 4742.92 
68.655 120 13 04 50
68.655 244 0.20
68.66 22 7.63
68.66 23 -0.66
68.66 25 11.09
68.66 30 0.00
68.66 B1 4183.22 4703.84 
68.66 B3 4209.03 4742.74 
68.66 120 13 04 50
68.66 244 0.20
68.665 22 7.66
68.665 23 -0.67
68.665 25 11.09
68.665 30 0.00
68.665 B1 4180.76 4703.67 
68.665 B3 4206.45 4742.59 
68.665 120 13 04 50
68.665 244 0.20
68.67 22 7.69
68.67 23 -0.67
68.67 25 11.09
68.67 30 0.00
68.67 B1 4179.68 4704.81 
68.67 B3 4205.17 4743.64 
68.67 120 13 04 50
68.67 244 0.20
68.675 22 7.72
68.675 23 -0.66
68.675 25 11.09
68.675 30 0.00
68.675 B1 4176.75 4704.10 
68.675 B3 4202.32 4743.12 
68.675 120 13 04 50
68.675 244 0.20
68.68 22 7.75
68.68 23 -0.66
68.68 25 11.09
68.68 30 0.00
68.68 B1 4174.12 4703.56 
68.68 B3 4199.70 4742.69 
68.68 120 13 04 50
68.68 244 0.20
68.685 22 7.78
68.685 23 -0.66
68.685 25 11.09
68.685 30 0.00
68.685 B1 4172.99 4704.41 
68.685 B3 4198.43 4743.51 
68.685 120 13 04 50
68.685 244 0.20
68.68999 22 7.81
68.68999 23 -0.65
68.68999 25 11.09
68.68999 30 0.00
68.68999 B1 4171.38 4704.79 
68.68999 B3 4196.83 4743.99 
68.68999 120 13 04 50
68.68999 244 0.20
68.695 22 7.84
68.695 23 -0.65
68.695 25 11.09
68.695 30 0.00
68.695 B1 4168.20 4703.53 
68.695 B3 4193.84 4743.02 
68.695 120 13 04 50
68.695 244 0.20
68.7 22 7.86
68.7 23 -0.66
68.7 25 11.09
68.7 30 0.00
68.7 B1 4166.81 4703.90 
68.7 B3 4192.37 4743.43 
68.7 120 13 04 50
68.7 244 0.20
68.705 22 7.89
68.705 23 -0.65
68.705 25 11.09
68.705 30 0.00
68.705 B1 4163.76 4702.61 
68.705 B3 4189.48 4742.40 
68.705 120 13 04 50
68.705 244 0.20
68.71 22 7.92
68.71 23 -0.66
68.71 25 11.09
68.71 30 0.00
68.71 B1 4162.46 4702.93 
68.71 B3 4188.10 4742.74 
68.71 120 13 04 50
68.71 244 0.20
68.715 22 7.95
68.715 23 -0.65
68.715 25 11.09
68.715 30 0.00
68.715 B1 4160.81 4702.89 
68.715 B3 4186.49 4742.83 
68.715 120 13 04 50
68.715 244 0.20
68.72 22 7.97
68.72 23 -0.65
68.72 25 11.09
68.72 30 0.00
68.72 B1 4158.97 4702.62 
68.72 B3 4184.73 4742.73 
68.72 120 13 04 50
68.72 244 0.20
68.725 22 8.00
68.725 23 -0.64
68.725 25 11.09
68.725 30 0.00
68.725 B1 4157.04 4702.20 
68.725 B3 4182.90 4742.50 
68.725 120 13 04 50
68.725 244 0.20
68.73 22 8.03
68.73 23 -0.64
68.73 25 11.09
68.73 30 0.00
68.73 B1 4155.07 4701.68 
68.73 B3 4181.03 4742.16 
68.73 120 13 04 50
68.73 244 0.20
68.735 22 8.05
68.735 23 -0.64
68.735 25 11.09
68.735 30 0.00
68.735 B1 4153.09 4701.08 
68.735 B3 4179.15 4741.74 
68.735 120 13 04 50
68.735 244 0.20
68.74 22 8.08
68.74 23 -0.64
68.74 25 11.09
68.74 30 0.00
68.74 B1 4151.12 4700.41 
68.74 B3 4177.27 4741.25 
68.74 120 13 04 50
68.74 244 0.20
68.745 22 8.11
68.745 23 -0.64
68.745 25 11.09
68.745 30 0.00
68.745 B1 4149.15 4699.70 
68.745 B3 4175.39 4740.71 
68.745 120 13 04 50
68.745 244 0.21
68.75 22 8.13
68.75 23 -0.64
68.75 25 11.09
68.75 30 0.00
68.75 B1 4148.51 4700.27 
68.75 B3 4174.71 4741.32 
68.75 120 13 04 50
68.75 244 0.21
68.755 22 8.16
68.755 23 -0.63
68.755 25 11.09
68.755 30 0.00
68.755 B1 4148.61 4701.61 
68.755 B3 4174.81 4742.72 
68.755 120 13 04 50
68.755 244 0.21
68.76 22 8.18
68.76 23 -0.62
68.76 25 11.09
68.76 30 0.00
68.76 B1 4147.81 4702.10 
68.76 B3 4174.22 4743.46 
68.76 120 13 04 50
68.76 244 0.21
68.765 22 8.21
68.765 23 -0.61
68.765 25 11.09
68.765 30 0.00
68.765 B1 4146.53 4702.08 
68.765 B3 4173.20 4743.75 
68.765 120 13 04 50
68.765 244 0.21
68.77 22 8.23
68.77 23 -0.60
68.77 25 11.09
68.77 30 0.00
68.77 B1 4145.01 4701.73 
68.77 B3 4171.92 4743.72 
68.77 120 13 04 50
68.77 244 0.21
68.775 22 8.25
68.775 23 -0.60
68.775 25 11.09
68.775 30 0.00
68.775 B1 4143.36 4701.18 
68.775 B3 4170.49 4743.47 
68.775 120 13 04 50
68.775 244 0.22
68.78 22 8.28
68.78 23 -0.60
68.78 25 11.09
68.78 30 0.00
68.78 B1 4142.98 4701.82 
68.78 B3 4170.16 4744.26 
68.78 120 13 04 50
68.78 244 0.21
68.785 22 8.30
68.785 23 -0.58
68.785 25 11.09
68.785 30 0.00
68.785 B1 4140.65 4700.54 
68.785 B3 4168.15 4743.37 
68.785 120 13 04 50
68.785 244 0.21
68.79 22 8.32
68.79 23 -0.59
68.79 25 11.09
68.79 30 0.00
68.79 B1 4138.59 4699.39 
68.79 B3 4166.28 4742.51 
68.79 120 13 04 50
68.79 244 0.21
68.795 22 8.34
68.795 23 -0.59
68.795 25 11.09
68.795 30 0.00
68.795 B1 4136.69 4698.33 
68.795 B3 4164.50 4741.66 
68.795 120 13 04 50
68.795 244 0.21
68.8 22 8.36
68.8 23 -0.59
68.8 25 11.09
68.8 30 0.00
68.8 B1 4134.87 4697.30 
68.8 B3 4162.79 4740.82 
68.8 120 13 04 50
68.8 244 0.22
68.805 22 8.38
68.805 23 -0.59
68.805 25 11.09
68.805 30 0.00
68.805 B1 4134.42 4697.61 
68.805 B3 4162.31 4741.16 
68.805 120 13 04 50
68.805 244 0.22
68.81 22 8.40
68.81 23 -0.58
68.81 25 11.09
68.81 30 0.00
68.81 B1 4133.41 4697.40 
68.81 B3 4161.42 4741.13 
68.81 120 13 04 50
68.81 244 0.22
68.81499 22 8.42
68.81499 23 -0.58
68.81499 25 11.09
68.81499 30 0.00
68.81499 B1 4132.10 4696.89 
68.81499 B3 4160.28 4740.82 
68.81499 120 13 04 50
68.81499 244 0.22
68.82 22 8.44
68.82 23 -0.57
68.82 25 11.09
68.82 30 0.00
68.82 B1 4130.63 4696.18 
68.82 B3 4158.99 4740.34 
68.82 120 13 04 50
68.82 244 0.22
68.825 22 8.46
68.825 23 -0.57
68.825 25 11.09
68.825 30 0.00
68.825 B1 4129.09 4695.34 
68.825 B3 4157.61 4739.72 
68.825 120 13 04 50
68.825 244 0.22
68.83 22 8.48
68.83 23 -0.57
68.83 25 11.09
68.83 30 0.00
68.83 B1 4130.16 4697.07 
68.83 B3 4158.57 4741.41 
68.83 120 13 04 50
68.83 244 0.22
68.835 22 8.50
68.835 23 -0.55
68.835 25 11.09
68.835 30 0.00
68.835 B1 4130.00 4697.72 
68.835 B3 4158.62 4742.28 
68.835 120 13 04 50
68.835 244 0.22
68.84 22 8.52
68.84 23 -0.54
68.84 25 11.09
68.84 30 0.00
68.84 B1 4127.88 4696.41 
68.84 B3 4156.92 4741.40 
68.84 120 13 04 50
68.84 244 0.22
68.845 22 8.54
68.845 23 -0.54
68.845 25 11.09
68.845 30 0.00
68.845 B1 4127.35 4696.52 
68.845 B3 4156.51 4741.71 
68.845 120 13 04 50
68.845 244 0.22
68.85 22 8.55
68.85 23 -0.53
68.85 25 11.09
68.85 30 0.00
68.85 B1 4126.37 4696.19 
68.85 B3 4155.72 4741.64 
68.85 120 13 04 50
68.85 244 0.22
68.855 22 8.57
68.855 23 -0.53
68.855 25 11.09
68.855 30 0.00
68.855 B1 4125.15 4695.59 
68.855 B3 4154.70 4741.30 
68.855 120 13 04 50
68.855 244 0.22
68.86 22 8.59
68.86 23 -0.52
68.86 25 11.09
68.86 30 0.00
68.86 B1 4123.81 4694.82 
68.86 B3 4153.54 4740.78 
68.86 120 13 04 50
68.86 244 0.23
68.865 22 8.60
68.865 23 -0.52
68.865 25 11.09
68.865 30 0.00
68.865 B1 4123.73 4695.27 
68.865 B3 4153.50 4741.33 
68.865 120 13 04 50
68.865 244 0.23
68.87 22 8.62
68.87 23 -0.51
68.87 25 11.09
68.87 30 0.00
68.87 B1 4123.02 4695.13 
68.87 B3 4152.96 4741.41 
68.87 120 13 04 50
68.87 244 0.23
68.875 22 8.63
68.875 23 -0.51
68.875 25 11.09
68.875 30 0.00
68.875 B1 4121.97 4694.64 
68.875 B3 4152.12 4741.18 
68.875 120 13 04 50
68.875 244 0.23
68.88 22 8.65
68.88 23 -0.50
68.88 25 11.09
68.88 30 0.00
68.88 B1 4120.76 4693.94 
68.88 B3 4151.10 4740.72 
68.88 120 13 04 50
68.88 244 0.23
68.885 22 8.66
68.885 23 -0.50
68.885 25 11.09
68.885 30 0.00
68.885 B1 4119.46 4693.11 
68.885 B3 4149.97 4740.12 
68.885 120 13 04 50
68.885 244 0.27
68.89 22 8.68
68.89 23 -0.50
68.89 25 11.09
68.89 30 0.00
68.89 B1 4132.64 4706.72 
68.89 B3 4161.93 4752.56 
68.89 120 13 04 50
68.89 244 0.27
68.895 22 8.70
68.895 23 -0.38
68.895 25 11.09
68.895 30 0.00
68.895 B1 4139.13 4714.65 
68.895 B3 4168.95 4760.86 
68.895 120 13 04 50
68.895 244 0.28
68.9 22 8.72
68.9 23 -0.31
68.9 25 11.09
68.9 30 0.00
68.9 B1 4143.40 4720.50 
68.9 B3 4174.15 4767.55 
68.9 120 13 04 50
68.9 244 0.28
68.905 22 8.74
68.905 23 -0.26
68.905 25 11.09
68.905 30 0.00
68.905 B1 4146.55 4725.12 
68.905 B3 4178.24 4773.17 
68.905 120 13 04 50
68.905 244 0.29
68.91 22 8.75
68.91 23 -0.22
68.91 25 11.09
68.91 30 0.00
68.91 B1 4151.77 4731.67 
68.91 B3 4184.07 4780.47 
68.91 120 13 04 50
68.91 244 0.30
68.915 22 8.77
68.915 23 -0.16
68.915 25 11.09
68.915 30 0.00
68.915 B1 4155.48 4736.77 
68.915 B3 4188.63 4786.57 
68.915 120 13 04 50
68.915 244 0.30
68.92 22 8.78
68.92 23 -0.12
68.92 25 11.09
68.92 30 0.00
68.92 B1 4157.13 4739.72 
68.92 B3 4191.23 4790.67 
68.92 120 13 04 50
68.92 244 0.30
68.925 22 8.80
68.925 23 -0.09
68.925 25 11.09
68.925 30 0.00
68.925 B1 4160.34 4744.03 
68.925 B3 4195.02 4795.82 
68.925 120 13 04 50
68.925 244 0.31
68.93 22 8.81
68.93 23 -0.05
68.93 25 11.09
68.93 30 0.00
68.93 B1 4165.73 4750.50 
68.93 B3 4200.78 4802.89 
68.93 120 13 04 50
68.93 244 0.32
68.935 22 8.83
68.935 23 0.00
68.935 25 11.09
68.935 30 0.00
68.935 B1 4169.68 4755.67 
68.935 B3 4205.40 4808.92 
68.935 120 13 04 50
68.935 244 0.32
68.93999 22 8.84
68.93999 23 0.04
68.93999 25 11.09
68.93999 30 0.00
68.93999 B1 4171.58 4758.77 
68.93999 B3 4208.15 4813.07 
68.93999 120 13 04 50
68.93999 244 0.32
68.945 22 8.85
68.945 23 0.07
68.945 25 11.09
68.945 30 0.00
68.945 B1 4172.42 4760.64 
68.945 B3 4209.76 4815.95 
68.945 120 13 04 50
68.945 244 0.32
68.95 22 8.86
68.95 23 0.08
68.95 25 11.09
68.95 30 0.00
68.95 B1 4172.71 4761.78 
68.95 B3 4210.68 4817.97 
68.95 120 13 04 50
68.95 244 0.32
68.955 22 8.87
68.955 23 0.09
68.955 25 11.09
68.955 30 0.00
68.955 B1 4172.72 4762.48 
68.955 B3 4211.17 4819.40 
68.955 120 13 04 50
68.955 244 0.32
68.96 22 8.88
68.96 23 0.10
68.96 25 11.09
68.96 30 0.00
68.96 B1 4173.91 4764.23 
68.96 B3 4212.60 4821.63 
68.96 120 13 04 50
68.96 244 0.32
68.965 22 8.89
68.965 23 0.11
68.965 25 11.09
68.965 30 0.00
68.965 B1 4174.43 4765.32 
68.965 B3 4213.42 4823.20 
68.965 120 13 04 50
68.965 244 0.32
68.97 22 8.90
68.97 23 0.12
68.97 25 11.09
68.97 30 0.00
68.97 B1 4174.59 4766.01 
68.97 B3 4213.87 4824.34 
68.97 120 13 04 50
68.97 244 0.32
68.975 22 8.91
68.975 23 0.13
68.975 25 11.09
68.975 30 0.00
68.975 B1 4174.57 4766.45 
68.975 B3 4214.09 4825.18 
68.975 120 13 04 50
68.975 244 0.32
68.98 22 8.91
68.98 23 0.13
68.98 25 11.09
68.98 30 0.00
68.98 B1 4174.45 4766.75 
68.98 B3 4214.18 4825.82 
68.98 120 13 04 50
68.98 244 0.32
68.985 22 8.92
68.985 23 0.13
68.985 25 11.09
68.985 30 0.00
68.985 B1 4174.29 4766.96 
68.985 B3 4214.19 4826.31 
68.985 120 13 04 50
68.985 244 0.32
68.99 22 8.93
68.99 23 0.13
68.99 25 11.09
68.99 30 0.00
68.99 B1 4174.10 4767.11 
68.99 B3 4214.14 4826.70 
68.99 120 13 04 50
68.99 244 0.32
68.995 22 8.94
68.995 23 0.13
68.995 25 11.09
68.995 30 0.00
68.995 B1 4173.91 4767.23 
68.995 B3 4214.07 4827.02 
68.995 120 13 04 50
68.995 244 0.32
69 22 8.94
69 23 0.13
69 25 11.09
69 30 0.00
69 B1 4172.40 4766.01 
69 B3 4212.78 4826.08 
69 120 13 04 50
69 244 0.32
69.005 22 8.95
69.005 23 0.12
69.005 25 11.09
69.005 30 0.00
69.005 B1 4171.50 4765.29 
69.005 B3 4211.93 4825.49 
69.005 120 13 04 50
69.005 244 0.32
69.01 22 8.96
69.01 23 0.11
69.01 25 11.09
69.01 30 0.00
69.01 B1 4172.24 4766.19 
69.01 B3 4212.53 4826.31 
69.01 120 13 04 50
69.01 244 0.32
69.015 22 8.96
69.015 23 0.12
69.015 25 11.09
69.015 30 0.00
69.015 B1 4172.54 4766.75 
69.015 B3 4212.85 4826.91 
69.015 120 13 04 50
69.015 244 0.32
69.02 22 8.97
69.02 23 0.13
69.02 25 11.09
69.02 30 0.00
69.02 B1 4172.60 4767.10 
69.02 B3 4213.00 4827.35 
69.02 120 13 04 50
69.02 244 0.32
69.025 22 8.98
69.025 23 0.13
69.025 25 11.09
69.025 30 0.00
69.025 B1 4172.54 4767.32 
69.025 B3 4213.04 4827.68 
69.025 120 13 04 50
69.025 244 0.32
69.03 22 8.99
69.03 23 0.13
69.03 25 11.09
69.03 30 0.00
69.03 B1 4172.43 4767.46 
69.03 B3 4213.02 4827.94 
69.03 120 13 04 50
69.03 244 0.33
69.035 22 8.99
69.035 23 0.13
69.035 25 11.09
69.035 30 0.00
69.035 B1 4173.60 4768.88 
69.035 B3 4214.16 4829.35 
69.035 120 13 04 50
69.035 244 0.33
69.04 22 9.00
69.04 23 0.14
69.04 25 11.09
69.04 30 0.00
69.04 B1 4174.14 4769.75 
69.04 B3 4214.82 4830.34 
69.04 120 13 04 50
69.04 244 0.33
69.045 22 9.01
69.045 23 0.15
69.045 25 11.08
69.045 30 0.00
69.045 B1 4174.35 4770.29 
69.045 B3 4215.20 4831.06 
69.045 120 13 04 50
69.045 244 0.32
69.05 22 9.01
69.05 23 0.15
69.05 25 11.08
69.05 30 0.00
69.05 B1 4173.09 4769.33 
69.05 B3 4214.20 4830.39 
69.05 120 13 04 50
69.05 244 0.32
69.055 22 9.02
69.055 23 0.14
69.055 25 11.08
69.055 30 0.00
69.055 B1 4172.35 4768.76 
69.055 B3 4213.55 4829.96 
69.055 120 13 04 50
69.055 244 0.33
69.06 22 9.02
69.06 23 0.14
69.06 25 11.08
69.06 30 0.00
69.06 B1 4173.21 4769.75 
69.06 B3 4214.30 4830.89 
69.06 120 13 04 50
69.06 244 0.32
69.06499 22 9.03
69.06499 23 0.14
69.06499 25 11.08
69.06499 30 0.00
69.06499 B1 4172.29 4769.05 
69.06499 B3 4213.53 4830.36 
69.06499 120 13 04 50
69.06499 244 0.32
69.07 22 9.03
69.07 23 0.14
69.07 25 11.08
69.07 30 0.00
69.07 B1 4171.73 4768.63 
69.07 B3 4213.02 4830.02 
69.07 120 13 04 50
69.07 244 0.32
69.075 22 9.04
69.075 23 0.13
69.075 25 11.08
69.075 30 0.00
69.075 B1 4171.36 4768.38 
69.075 B3 4212.66 4829.79 
69.075 120 13 04 50
69.075 244 0.32
69.08 22 9.04
69.08 23 0.13
69.08 25 11.08
69.08 30 0.00
69.08 B1 4171.11 4768.23 
69.08 B3 4212.39 4829.66 
69.08 120 13 04 50
69.08 244 0.32
69.085 22 9.05
69.085 23 0.13
69.085 25 11.08
69.085 30 0.00
69.085 B1 4170.90 4768.14 
69.085 B3 4212.19 4829.57 
69.085 120 13 04 50
69.085 244 0.32
69.09 22 9.06
69.09 23 0.13
69.09 25 11.08
69.09 30 0.00
69.09 B1 4170.72 4768.08 
69.09 B3 4212.02 4829.52 
69.09 120 13 04 50
69.09 244 0.32
69.095 22 9.06
69.095 23 0.13
69.095 25 11.08
69.095 30 0.00
69.095 B1 4169.23 4766.71 
69.095 B3 4210.67 4828.30 
69.095 120 13 04 50
69.095 244 0.32
69.1 22 9.07
69.1 23 0.12
69.1 25 11.08
69.1 30 0.00
69.1 B1 4168.37 4765.87 
69.1 B3 4209.79 4827.46 
69.1 120 13 04 50
69.1 244 0.32
69.105 22 9.07
69.105 23 0.11
69.105 25 11.08
69.105 30 0.00
69.105 B1 4167.83 4765.34 
69.105 B3 4209.19 4826.88 
69.105 120 13 04 50
69.105 244 0.32
69.11 22 9.07
69.11 23 0.11
69.11 25 11.08
69.11 30 0.00
69.11 B1 4167.46 4764.99 
69.11 B3 4208.75 4826.46 
69.11 120 13 04 50
69.11 244 0.32
69.115 22 9.08
69.115 23 0.10
69.115 25 11.08
69.115 30 0.00
69.115 B1 4167.19 4764.75 
69.115 B3 4208.43 4826.17 
69.115 120 13 04 50
69.115 244 0.32
69.12 22 9.08
69.12 23 0.10
69.12 25 11.08
69.12 30 0.00
69.12 B1 4168.27 4765.90 
69.12 B3 4209.36 4827.14 
69.12 120 13 04 50
69.12 244 0.32
69.125 22 9.09
69.125 23 0.11
69.125 25 11.08
69.125 30 0.00
69.125 B1 4167.45 4765.24 
69.125 B3 4208.69 4826.60 
69.125 120 13 04 50
69.125 244 0.32
69.13 22 9.09
69.13 23 0.11
69.13 25 11.08
69.13 30 0.00
69.13 B1 4166.93 4764.81 
69.13 B3 4208.23 4826.21 
69.13 120 13 04 50
69.13 244 0.32
69.135 22 9.10
69.135 23 0.10
69.135 25 11.08
69.135 30 0.00
69.135 B1 4166.58 4764.51 
69.135 B3 4207.88 4825.93 
69.135 120 13 04 50
69.135 244 0.32
69.14 22 9.10
69.14 23 0.10
69.14 25 11.08
69.14 30 0.00
69.14 B1 4166.30 4764.30 
69.14 B3 4207.60 4825.71 
69.14 120 13 04 50
69.14 244 0.32
69.145 22 9.11
69.145 23 0.10
69.145 25 11.08
69.145 30 0.00
69.145 B1 4166.08 4764.13 
69.145 B3 4207.38 4825.54 
69.145 120 13 04 50
69.145 244 0.32
69.15 22 9.11
69.15 23 0.10
69.15 25 11.08
69.15 30 0.00
69.15 B1 4167.19 4765.30 
69.15 B3 4208.37 4826.59 
69.15 120 13 04 50
69.15 244 0.32
69.155 22 9.12
69.155 23 0.11
69.155 25 11.08
69.155 30 0.00
69.155 B1 4166.38 4764.66 
69.155 B3 4207.74 4826.10 
69.155 120 13 04 50
69.155 244 0.32
69.16 22 9.12
69.16 23 0.10
69.16 25 11.08
69.16 30 0.00
69.16 B1 4165.88 4764.23 
69.16 B3 4207.30 4825.74 
69.16 120 13 04 50
69.16 244 0.32
69.165 22 9.12
69.165 23 0.10
69.165 25 11.08
69.165 30 0.00
69.165 B1 4165.53 4763.93 
69.165 B3 4206.97 4825.46 
69.165 120 13 04 50
69.165 244 0.32
69.17 22 9.13
69.17 23 0.10
69.17 25 11.08
69.17 30 0.00
69.17 B1 4166.59 4765.02 
69.17 B3 4207.90 4826.44 
69.17 120 13 04 50
69.17 244 0.32
69.175 22 9.13
69.175 23 0.11
69.175 25 11.08
69.175 30 0.00
69.175 B1 4167.07 4765.65 
69.175 B3 4208.43 4827.09 
69.175 120 13 04 50
69.175 244 0.32
69.18 22 9.14
69.18 23 0.11
69.18 25 11.07
69.18 30 0.00
69.18 B1 4165.94 4764.67 
69.18 B3 4207.51 4826.32 
69.18 120 13 04 50
69.18 244 0.32
69.185 22 9.14
69.185 23 0.11
69.185 25 11.07
69.185 30 0.00
69.185 B1 4166.59 4765.37 
69.185 B3 4208.09 4826.97 
69.185 120 13 04 50
69.185 244 0.32
69.18999 22 9.14
69.18999 23 0.11
69.18999 25 11.07
69.18999 30 0.00
69.18999 B1 4166.87 4765.75 
69.18999 B3 4208.41 4827.39 
69.18999 120 13 04 50
69.18999 244 0.32
69.195 22 9.14
69.195 23 0.12
69.195 25 11.07
69.195 30 0.00
69.195 B1 4165.64 4764.63 
69.195 B3 4207.36 4826.46 
69.195 120 13 04 50
69.195 244 0.32
69.2 22 9.15
69.2 23 0.11
69.2 25 11.07
69.2 30 0.00
69.2 B1 4164.91 4763.91 
69.2 B3 4206.67 4825.80 
69.2 120 13 04 50
69.2 244 0.32
69.205 22 9.15
69.205 23 0.10
69.205 25 11.07
69.205 30 0.00
69.205 B1 4164.46 4763.43 
69.205 B3 4206.19 4825.32 
69.205 120 13 04 50
69.205 244 0.32
69.21 22 9.15
69.21 23 0.10
69.21 25 11.07
69.21 30 0.00
69.21 B1 4164.14 4763.09 
69.21 B3 4205.84 4824.96 
69.21 120 13 04 50
69.21 244 0.32
69.215 22 9.16
69.215 23 0.10
69.215 25 11.07
69.215 30 0.00
69.215 B1 4163.90 4762.84 
69.215 B3 4205.57 4824.68 
69.215 120 13 04 50
69.215 244 0.32
69.22 22 9.16
69.22 23 0.10
69.22 25 11.07
69.22 30 0.00
69.22 B1 4163.69 4762.63 
69.22 B3 4205.34 4824.45 
69.22 120 13 04 50
69.22 244 0.32
69.225 22 9.16
69.225 23 0.10
69.225 25 11.07
69.225 30 0.00
69.225 B1 4163.50 4762.45 
69.225 B3 4205.15 4824.26 
69.225 120 13 04 50
69.225 244 0.32
69.23 22 9.16
69.23 23 0.10
69.23 25 11.07
69.23 30 0.00
69.23 B1 4163.32 4762.29 
69.23 B3 4204.97 4824.10 
69.23 120 13 04 50
69.23 244 0.32
69.235 22 9.17
69.235 23 0.09
69.235 25 11.07
69.235 30 0.00
69.235 B1 4163.15 4762.14 
69.235 B3 4204.81 4823.95 
69.235 120 13 04 50
69.235 244 0.32
69.24 22 9.17
69.24 23 0.09
69.24 25 11.07
69.24 30 0.00
69.24 B1 4162.98 4761.99 
69.24 B3 4204.65 4823.80 
69.24 120 13 04 50
69.24 244 0.32
69.245 22 9.17
69.245 23 0.09
69.245 25 11.07
69.245 30 0.00
69.245 B1 4162.82 4761.85 
69.245 B3 4204.50 4823.67 
69.245 120 13 04 50
69.245 244 0.32
69.25 22 9.17
69.25 23 0.09
69.25 25 11.07
69.25 30 0.00
69.25 B1 4162.65 4761.70 
69.25 B3 4204.35 4823.54 
69.25 120 13 04 50
69.25 244 0.32
69.255 22 9.18
69.255 23 0.09
69.255 25 11.07
69.255 30 0.00
69.255 B1 4162.48 4761.56 
69.255 B3 4204.20 4823.41 
69.255 120 13 04 50
69.255 244 0.32
69.26 22 9.18
69.26 23 0.09
69.26 25 11.07
69.26 30 0.00
69.26 B1 4162.32 4761.42 
69.26 B3 4204.05 4823.28 
69.26 120 13 04 50
69.26 244 0.32
69.265 22 9.18
69.265 23 0.09
69.265 25 11.07
69.265 30 0.00
69.265 B1 4162.16 4761.27 
69.265 B3 4203.90 4823.15 
69.265 120 13 04 50
69.265 244 0.32
69.27 22 9.18
69.27 23 0.09
69.27 25 11.07
69.27 30 0.00
69.27 B1 4163.32 4762.45 
69.27 B3 4204.96 4824.22 
69.27 120 13 04 50
69.27 244 0.32
69.275 22 9.19
69.275 23 0.10
69.275 25 11.07
69.275 30 0.00
69.275 B1 4162.54 4761.79 
69.275 B3 4204.36 4823.72 
69.275 120 13 04 50
69.275 244 0.32
69.28 22 9.19
69.28 23 0.10
69.28 25 11.07
69.28 30 0.00
69.28 B1 4162.06 4761.33 
69.28 B3 4203.95 4823.34 
69.28 120 13 04 50
69.28 244 0.32
69.285 22 9.19
69.285 23 0.10
69.285 25 11.07
69.285 30 0.00
69.285 B1 4161.73 4761.00 
69.285 B3 4203.63 4823.04 
69.285 120 13 04 50
69.285 244 0.32
69.29 22 9.19
69.29 23 0.10
69.29 25 11.07
69.29 30 0.00
69.29 B1 4161.48 4760.74 
69.29 B3 4203.39 4822.80 
69.29 120 13 04 50
69.29 244 0.32
69.295 22 9.19
69.295 23 0.09
69.295 25 11.07
69.295 30 0.00
69.295 B1 4162.59 4761.85 
69.295 B3 4204.38 4823.79 
69.295 120 13 04 50
69.295 244 0.32
69.3 22 9.19
69.3 23 0.10
69.3 25 11.07
69.3 30 0.00
69.3 B1 4163.11 4762.46 
69.3 B3 4204.95 4824.43 
69.3 120 13 04 50
69.3 244 0.32
69.305 22 9.20
69.305 23 0.11
69.305 25 11.07
69.305 30 0.00
69.305 B1 4163.33 4762.78 
69.305 B3 4205.25 4824.84 
69.305 120 13 04 50
69.305 244 0.32
69.31 22 9.20
69.31 23 0.11
69.31 25 11.07
69.31 30 0.00
69.31 B1 4162.06 4761.61 
69.31 B3 4204.21 4823.89 
69.31 120 13 04 50
69.31 244 0.32
69.31499 22 9.20
69.31499 23 0.11
69.31499 25 11.07
69.31499 30 0.00
69.31499 B1 4161.32 4760.85 
69.31499 B3 4203.51 4823.20 
69.31499 120 13 04 50
69.31499 244 0.32
69.32 22 9.20
69.32 23 0.10
69.32 25 11.07
69.32 30 0.00
69.32 B1 4160.87 4760.34 
69.32 B3 4203.03 4822.70 
69.32 120 13 04 50
69.32 244 0.32
69.325 22 9.20
69.325 23 0.10
69.325 25 11.07
69.325 30 0.00
69.325 B1 4161.88 4761.29 
69.325 B3 4203.88 4823.51 
69.325 120 13 04 50
69.325 244 0.32
69.33 22 9.20
69.33 23 0.11
69.33 25 11.07
69.33 30 0.00
69.33 B1 4161.03 4760.50 
69.33 B3 4203.16 4822.83 
69.33 120 13 04 50
69.33 244 0.32
69.335 22 9.20
69.335 23 0.10
69.335 25 11.07
69.335 30 0.00
69.335 B1 4160.51 4759.97 
69.335 B3 4202.67 4822.32 
69.335 120 13 04 50
69.335 244 0.32
69.34 22 9.20
69.34 23 0.10
69.34 25 11.07
69.34 30 0.00
69.34 B1 4160.17 4759.59 
69.34 B3 4202.31 4821.94 
69.34 120 13 04 50
69.34 244 0.32
69.345 22 9.21
69.345 23 0.10
69.345 25 11.07
69.345 30 0.00
69.345 B1 4159.91 4759.30 
69.345 B3 4202.03 4821.63 
69.345 120 13 04 50
69.345 244 0.32
69.35 22 9.21
69.35 23 0.09
69.35 25 11.07
69.35 30 0.00
69.35 B1 4159.71 4759.06 
69.35 B3 4201.81 4821.37 
69.35 120 13 04 50
69.35 244 0.32
69.355 22 9.21
69.355 23 0.09
69.355 25 11.07
69.355 30 0.00
69.355 B1 4159.53 4758.85 
69.355 B3 4201.62 4821.15 
69.355 120 13 04 50
69.355 244 0.32
69.36 22 9.21
69.36 23 0.09
69.36 25 11.07
69.36 30 0.00
69.36 B1 4159.35 4758.67 
69.36 B3 4201.44 4820.95 
69.36 120 13 04 50
69.36 244 0.32
69.365 22 9.21
69.365 23 0.09
69.365 25 11.07
69.365 30 0.00
69.365 B1 4159.19 4758.49 
69.365 B3 4201.28 4820.77 
69.365 120 13 04 50
69.365 244 0.32
69.37 22 9.21
69.37 23 0.09
69.37 25 11.07
69.37 30 0.00
69.37 B1 4159.03 4758.32 
69.37 B3 4201.12 4820.60 
69.37 120 13 04 50
69.37 244 0.32
69.375 22 9.21
69.375 23 0.09
69.375 25 11.07
69.375 30 0.00
69.375 B1 4158.87 4758.16 
69.375 B3 4200.97 4820.44 
69.375 120 13 04 50
69.375 244 0.32
69.38 22 9.21
69.38 23 0.09
69.38 25 11.07
69.38 30 0.00
69.38 B1 4158.71 4757.99 
69.38 B3 4200.82 4820.28 
69.38 120 13 04 50
69.38 244 0.32
69.385 22 9.21
69.385 23 0.09
69.385 25 11.07
69.385 30 0.00
69.385 B1 4158.56 4757.83 
69.385 B3 4200.67 4820.12 
69.385 120 13 04 50
69.385 244 0.32
69.39 22 9.22
69.39 23 0.09
69.39 25 11.07
69.39 30 0.00
69.39 B1 4159.72 4758.99 
69.39 B3 4201.72 4821.16 
69.39 120 13 04 50
69.39 244 0.32
69.395 22 9.22
69.395 23 0.10
69.395 25 11.07
69.395 30 0.00
69.395 B1 4160.27 4759.63 
69.395 B3 4202.32 4821.84 
69.395 120 13 04 50
69.395 244 0.32
69.4 22 9.22
69.4 23 0.11
69.4 25 11.07
69.4 30 0.00
69.4 B1 4160.50 4759.97 
69.4 B3 4202.65 4822.26 
69.4 120 13 04 50
69.4 244 0.32
69.405 22 9.22
69.405 23 0.11
69.405 25 11.07
69.405 30 0.00
69.405 B1 4159.24 4758.80 
69.405 B3 4201.61 4821.31 
69.405 120 13 04 50
69.405 244 0.32
69.41 22 9.22
69.41 23 0.10
69.41 25 11.07
69.41 30 0.00
69.41 B1 4158.52 4758.05 
69.41 B3 4200.93 4820.63 
69.41 120 13 04 50
69.41 244 0.32
69.415 22 9.22
69.415 23 0.10
69.415 25 11.07
69.415 30 0.00
69.415 B1 4159.39 4758.85 
69.415 B3 4201.65 4821.32 
69.415 120 13 04 50
69.415 244 0.32
69.42 22 9.22
69.42 23 0.11
69.42 25 11.07
69.42 30 0.00
69.42 B1 4159.79 4759.29 
69.42 B3 4202.04 4821.74 
69.42 120 13 04 50
69.42 244 0.32
69.425 22 9.22
69.425 23 0.11
69.425 25 11.07
69.425 30 0.00
69.425 B1 4158.63 4758.18 
69.425 B3 4201.05 4820.81 
69.425 120 13 04 50
69.425 244 0.32
69.43 22 9.22
69.43 23 0.10
69.43 25 11.07
69.43 30 0.00
69.43 B1 4159.27 4758.78 
69.43 B3 4201.59 4821.32 
69.43 120 13 04 50
69.43 244 0.32
69.435 22 9.22
69.435 23 0.11
69.435 25 11.07
69.435 30 0.00
69.435 B1 4159.55 4759.09 
69.435 B3 4201.87 4821.63 
69.435 120 13 04 50
69.435 244 0.32
69.43999 22 9.22
69.43999 23 0.11
69.43999 25 11.07
69.43999 30 0.00
69.43999 B1 4159.64 4759.23 
69.43999 B3 4202.01 4821.81 
69.43999 120 13 04 50
69.43999 244 0.32
69.445 22 9.23
69.445 23 0.12
69.445 25 11.07
69.445 30 0.00
69.445 B1 4159.64 4759.27 
69.445 B3 4202.05 4821.90 
69.445 120 13 04 50
69.445 244 0.32
69.45 22 9.23
69.45 23 0.12
69.45 25 11.07
69.45 30 0.00
69.45 B1 4158.26 4757.93 
69.45 B3 4200.85 4820.74 
69.45 120 13 04 50
69.45 244 0.32
69.455 22 9.23
69.455 23 0.11
69.455 25 11.07
69.455 30 0.00
69.455 B1 4157.48 4757.07 
69.455 B3 4200.05 4819.90 
69.455 120 13 04 50
69.455 244 0.32
69.46 22 9.23
69.46 23 0.10
69.46 25 11.07
69.46 30 0.00
69.46 B1 4157.01 4756.49 
69.46 B3 4199.51 4819.28 
69.46 120 13 04 50
69.46 244 0.32
69.465 22 9.23
69.465 23 0.10
69.465 25 11.07
69.465 30 0.00
69.465 B1 4158.01 4757.41 
69.465 B3 4200.32 4820.00 
69.465 120 13 04 50
69.465 244 0.32
69.47 22 9.23
69.47 23 0.11
69.47 25 11.07
69.47 30 0.00
69.47 B1 4158.48 4757.91 
69.47 B3 4200.77 4820.46 
69.47 120 13 04 50
69.47 244 0.32
69.475 22 9.23
69.475 23 0.11
69.475 25 11.07
69.475 30 0.00
69.475 B1 4157.35 4756.84 
69.475 B3 4199.81 4819.54 
69.475 120 13 04 50
69.475 244 0.32
69.48 22 9.23
69.48 23 0.10
69.48 25 11.07
69.48 30 0.00
69.48 B1 4156.70 4756.14 
69.48 B3 4199.17 4818.87 
69.48 120 13 04 50
69.48 244 0.32
69.485 22 9.23
69.485 23 0.10
69.485 25 11.07
69.485 30 0.00
69.485 B1 4156.28 4755.66 
69.485 B3 4198.72 4818.36 
69.485 120 13 04 50
69.485 244 0.32
69.49 22 9.23
69.49 23 0.10
69.49 25 11.07
69.49 30 0.00
69.49 B1 4157.32 4756.63 
69.49 B3 4199.59 4819.16 
69.49 120 13 04 50
69.49 244 0.32
69.495 22 9.23
69.495 23 0.11
69.495 25 11.07
69.495 30 0.00
69.495 B1 4157.81 4757.16 
69.495 B3 4200.08 4819.67 
69.495 120 13 04 50
69.495 244 0.32
69.5 22 9.23
69.5 23 0.11
69.5 25 11.07
69.5 30 0.00
69.5 B1 4158.01 4757.44 
69.5 B3 4200.33 4819.98 
69.5 120 13 04 50
69.5 244 0.32
69.505 22 9.23
69.505 23 0.11
69.505 25 11.07
69.505 30 0.00
69.505 B1 4158.07 4757.55 
69.505 B3 4200.45 4820.15 
69.505 120 13 04 50
69.505 244 0.32
69.51 22 9.23
69.51 23 0.12
69.51 25 11.07
69.51 30 0.00
69.51 B1 4158.04 4757.58 
69.51 B3 4200.48 4820.24 
69.51 120 13 04 50
69.51 244 0.32
69.515 22 9.23
69.515 23 0.12
69.515 25 11.07
69.515 30 0.00
69.515 B1 4157.98 4757.55 
69.515 B3 4200.47 4820.26 
69.515 120 13 04 50
69.515 244 0.32
69.52 22 9.23
69.52 23 0.12
69.52 25 11.07
69.52 30 0.00
69.52 B1 4157.90 4757.49 
69.52 B3 4200.42 4820.24 
69.52 120 13 04 50
69.52 244 0.32
69.525 22 9.23
69.525 23 0.12
69.525 25 11.07
69.525 30 0.00
69.525 B1 4157.81 4757.41 
69.525 B3 4200.35 4820.20 
69.525 120 13 04 50
69.525 244 0.32
69.53 22 9.23
69.53 23 0.12
69.53 25 11.07
69.53 30 0.00
69.53 B1 4157.72 4757.32 
69.53 B3 4200.27 4820.13 
69.53 120 13 04 50
69.53 244 0.33
69.535 22 9.23
69.535 23 0.12
69.535 25 11.07
69.535 30 0.00
69.535 B1 4158.94 4758.55 
69.535 B3 4201.37 4821.25 
69.535 120 13 04 50
69.535 244 0.32
69.54 22 9.23
69.54 23 0.13
69.54 25 11.07
69.54 30 0.00
69.54 B1 4158.23 4757.93 
69.54 B3 4200.83 4820.79 
69.54 120 13 04 50
69.54 244 0.32
69.545 22 9.23
69.545 23 0.12
69.545 25 11.07
69.545 30 0.00
69.545 B1 4157.81 4757.52 
69.545 B3 4200.47 4820.45 
69.545 120 13 04 50
69.545 244 0.32
69.55 22 9.23
69.55 23 0.12
69.55 25 11.07
69.55 30 0.00
69.55 B1 4157.55 4757.24 
69.55 B3 4200.20 4820.18 
69.55 120 13 04 50
69.55 244 0.32
69.555 22 9.23
69.555 23 0.12
69.555 25 11.07
69.555 30 0.00
69.555 B1 4157.36 4757.02 
69.555 B3 4200.00 4819.97 
69.555 120 13 04 50
69.555 244 0.32
69.56 22 9.23
69.56 23 0.12
69.56 25 11.07
69.56 30 0.00
69.56 B1 4157.22 4756.86 
69.56 B3 4199.85 4819.79 
69.56 120 13 04 50
69.56 244 0.32
69.56499 22 9.23
69.56499 23 0.12
69.56499 25 11.07
69.56499 30 0.00
69.56499 B1 4157.10 4756.71 
69.56499 B3 4199.71 4819.64 
69.56499 120 13 04 50
69.56499 244 0.32
69.57 22 9.23
69.57 23 0.12
69.57 25 11.07
69.57 30 0.00
69.57 B1 4156.99 4756.59 
69.57 B3 4199.59 4819.50 
69.57 120 13 04 50
69.57 244 0.32
69.575 22 9.23
69.575 23 0.12
69.575 25 11.07
69.575 30 0.00
69.575 B1 4156.89 4756.47 
69.575 B3 4199.48 4819.37 
69.575 120 13 04 50
69.575 244 0.32
69.58 22 9.23
69.58 23 0.12
69.58 25 11.07
69.58 30 0.00
69.58 B1 4156.79 4756.36 
69.58 B3 4199.37 4819.25 
69.58 120 13 04 50
69.58 244 0.32
69.585 22 9.23
69.585 23 0.12
69.585 25 11.07
69.585 30 0.00
69.585 B1 4156.69 4756.25 
69.585 B3 4199.27 4819.13 
69.585 120 13 04 50
69.585 244 0.33
69.59 22 9.23
69.59 23 0.12
69.59 25 11.07
69.59 30 0.00
69.59 B1 4157.92 4757.46 
69.59 B3 4200.36 4820.21 
69.59 120 13 04 50
69.59 244 0.33
69.595 22 9.23
69.595 23 0.13
69.595 25 11.07
69.595 30 0.00
69.595 B1 4158.53 4758.16 
69.595 B3 4201.01 4820.93 
69.595 120 13 04 50
69.595 244 0.33
69.6 22 9.23
69.6 23 0.14
69.6 25 11.07
69.6 30 0.00
69.6 B1 4160.14 4759.88 
69.6 B3 4202.58 4822.59 
69.6 120 13 04 50
69.6 244 0.33
69.605 22 9.23
69.605 23 0.15
69.605 25 11.07
69.605 30 0.00
69.605 B1 4160.97 4760.90 
69.605 B3 4203.54 4823.71 
69.605 120 13 04 50
69.605 244 0.33
69.61 22 9.23
69.61 23 0.16
69.61 25 11.07
69.61 30 0.00
69.61 B1 4161.40 4761.50 
69.61 B3 4204.12 4824.47 
69.61 120 13 04 50
69.61 244 0.33
69.615 22 9.23
69.615 23 0.16
69.615 25 11.07
69.615 30 0.00
69.615 B1 4161.62 4761.86 
69.615 B3 4204.48 4824.99 
69.615 120 13 04 50
69.615 244 0.33
69.62 22 9.23
69.62 23 0.17
69.62 25 11.07
69.62 30 0.00
69.62 B1 4161.73 4762.07 
69.62 B3 4204.69 4825.34 
69.62 120 13 04 50
69.62 244 0.33
69.625 22 9.23
69.625 23 0.17
69.625 25 11.07
69.625 30 0.00
69.625 B1 4163.10 4763.51 
69.625 B3 4206.02 4826.78 
69.625 120 13 04 50
69.625 244 0.34
69.63 22 9.24
69.63 23 0.18
69.63 25 11.07
69.63 30 0.00
69.63 B1 4165.15 4765.71 
69.63 B3 4208.05 4828.96 
69.63 120 13 04 50
69.63 244 0.34
69.635 22 9.24
69.635 23 0.20
69.635 25 11.07
69.635 30 0.00
69.635 B1 4166.25 4767.06 
69.635 B3 4209.32 4830.48 
69.635 120 13 04 50
69.635 244 0.34
69.64 22 9.24
69.64 23 0.21
69.64 25 11.07
69.64 30 0.00
69.64 B1 4166.86 4767.90 
69.64 B3 4210.13 4831.54 
69.64 120 13 04 50
69.64 244 0.34
69.645 22 9.24
69.645 23 0.22
69.645 25 11.07
69.645 30 0.00
69.645 B1 4167.22 4768.44 
69.645 B3 4210.66 4832.30 
69.645 120 13 04 50
69.645 244 0.33
69.65 22 9.24
69.65 23 0.22
69.65 25 11.07
69.65 30 0.00
69.65 B1 4166.12 4767.48 
69.65 B3 4209.83 4831.65 
69.65 120 13 04 50
69.65 244 0.34
69.655 22 9.24
69.655 23 0.21
69.655 25 11.07
69.655 30 0.00
69.655 B1 4166.90 4768.26 
69.655 B3 4210.54 4832.44 
69.655 120 13 04 50
69.655 244 0.34
69.66 22 9.24
69.66 23 0.22
69.66 25 11.07
69.66 30 0.00
69.66 B1 4167.34 4768.76 
69.66 B3 4211.01 4833.01 
69.66 120 13 04 50
69.66 244 0.34
69.665 22 9.24
69.665 23 0.22
69.665 25 11.07
69.665 30 0.00
69.665 B1 4167.62 4769.10 
69.665 B3 4211.34 4833.43 
69.665 120 13 04 50
69.665 244 0.34
69.67 22 9.24
69.67 23 0.22
69.67 25 11.07
69.67 30 0.00
69.67 B1 4167.80 4769.35 
69.67 B3 4211.57 4833.75 
69.67 120 13 04 50
69.67 244 0.34
69.675 22 9.24
69.675 23 0.22
69.675 25 11.07
69.675 30 0.00
69.675 B1 4167.94 4769.54 
69.675 B3 4211.75 4834.00 
69.675 120 13 04 50
69.675 244 0.34
69.68 22 9.24
69.68 23 0.22
69.68 25 11.07
69.68 30 0.00
69.68 B1 4169.38 4771.01 
69.68 B3 4213.10 4835.41 
69.68 120 13 04 50
69.68 244 0.34
69.685 22 9.24
69.685 23 0.24
69.685 25 11.07
69.685 30 0.00
69.685 B1 4170.18 4771.95 
69.685 B3 4213.97 4836.42 
69.685 120 13 04 50
69.685 244 0.35
69.68999 22 9.24
69.68999 23 0.24
69.68999 25 11.07
69.68999 30 0.00
69.68999 B1 4171.99 4773.90 
69.68999 B3 4215.76 4838.35 
69.68999 120 13 04 50
69.68999 244 0.34
69.695 22 9.24
69.695 23 0.26
69.695 25 11.07
69.695 30 0.00
69.695 B1 4171.68 4773.82 
69.695 B3 4215.72 4838.53 
69.695 120 13 04 50
69.695 244 0.35
69.7 22 9.24
69.7 23 0.25
69.7 25 11.07
69.7 30 0.00
69.7 B1 4172.91 4775.15 
69.7 B3 4216.95 4839.91 
69.7 120 13 04 50
69.7 244 0.35
69.705 22 9.24
69.705 23 0.26
69.705 25 11.07
69.705 30 0.00
69.705 B1 4173.63 4776.03 
69.705 B3 4217.78 4840.92 
69.705 120 13 04 50
69.705 244 0.36
69.71 22 9.24
69.71 23 0.27
69.71 25 11.07
69.71 30 0.00
69.71 B1 4179.37 4781.92 
69.71 B3 4223.14 4846.46 
69.71 120 13 04 50
69.71 244 0.36
69.715 22 9.25
69.715 23 0.32
69.715 25 11.07
69.715 30 0.00
69.715 B1 4182.51 4785.59 
69.715 B3 4226.55 4850.34 
69.715 120 13 04 50
69.715 244 0.37
69.72 22 9.25
69.72 23 0.34
69.72 25 11.07
69.72 30 0.00
69.72 B1 4185.61 4789.25 
69.72 B3 4229.97 4854.31 
69.72 120 13 04 50
69.72 244 0.37
69.725 22 9.25
69.725 23 0.37
69.725 25 11.07
69.725 30 0.00
69.725 B1 4187.41 4791.61 
69.725 B3 4232.23 4857.16 
69.725 120 13 04 50
69.725 244 0.36
69.73 22 9.25
69.73 23 0.39
69.73 25 11.07
69.73 30 0.00
69.73 B1 4187.21 4791.89 
69.73 B3 4232.58 4858.06 
69.73 120 13 04 50
69.73 244 0.36
69.735 22 9.25
69.735 23 0.38
69.735 25 11.07
69.735 30 0.00
69.735 B1 4187.27 4792.22 
69.735 B3 4232.94 4858.82 
69.735 120 13 04 50
69.735 244 0.36
69.74 22 9.25
69.74 23 0.38
69.74 25 11.07
69.74 30 0.00
69.74 B1 4187.48 4792.59 
69.74 B3 4233.31 4859.49 
69.74 120 13 04 50
69.74 244 0.37
69.745 22 9.25
69.745 23 0.38
69.745 25 11.07
69.745 30 0.00
69.745 B1 4189.09 4794.31 
69.745 B3 4234.88 4861.28 
69.745 120 13 04 50
69.745 244 0.36
69.75 22 9.25
69.75 23 0.39
69.75 25 11.07
69.75 30 0.00
69.75 B1 4188.81 4794.21 
69.75 B3 4234.82 4861.46 
69.75 120 13 04 50
69.75 244 0.36
69.755 22 9.25
69.755 23 0.39
69.755 25 11.07
69.755 30 0.00
69.755 B1 4188.84 4794.32 
69.755 B3 4234.92 4861.74 
69.755 120 13 04 50
69.755 244 0.36
69.76 22 9.25
69.76 23 0.39
69.76 25 11.07
69.76 30 0.00
69.76 B1 4189.03 4794.57 
69.76 B3 4235.14 4862.06 
69.76 120 13 04 50
69.76 244 0.36
69.765 22 9.25
69.765 23 0.39
69.765 25 11.07
69.765 30 0.00
69.765 B1 4187.99 4793.56 
69.765 B3 4234.23 4861.24 
69.765 120 13 04 50
69.765 244 0.36
69.77 22 9.25
69.77 23 0.37
69.77 25 11.07
69.77 30 0.00
69.77 B1 4187.61 4793.12 
69.77 B3 4233.80 4860.81 
69.77 120 13 04 50
69.77 244 0.36
69.775 22 9.25
69.775 23 0.37
69.775 25 11.07
69.775 30 0.00
69.775 B1 4187.56 4793.01 
69.775 B3 4233.67 4860.64 
69.775 120 13 04 50
69.775 244 0.36
69.78 22 9.25
69.78 23 0.36
69.78 25 11.07
69.78 30 0.00
69.78 B1 4187.70 4793.09 
69.78 B3 4233.72 4860.65 
69.78 120 13 04 50
69.78 244 0.36
69.785 22 9.25
69.785 23 0.36
69.785 25 11.07
69.785 30 0.00
69.785 B1 4187.93 4793.30 
69.785 B3 4233.88 4860.78 
69.785 120 13 04 50
69.785 244 0.35
69.79 22 9.25
69.79 23 0.36
69.79 25 11.07
69.79 30 0.00
69.79 B1 4186.88 4792.25 
69.79 B3 4232.90 4859.80 
69.79 120 13 04 50
69.79 244 0.35
69.795 22 9.25
69.795 23 0.35
69.795 25 11.07
69.795 30 0.00
69.795 B1 4186.47 4791.76 
69.795 B3 4232.42 4859.24 
69.795 120 13 04 50
69.795 244 0.35
69.8 22 9.25
69.8 23 0.34
69.8 25 11.07
69.8 30 0.00
69.8 B1 4186.39 4791.59 
69.8 B3 4232.24 4858.97 
69.8 120 13 04 50
69.8 244 0.35
69.805 22 9.25
69.805 23 0.34
69.805 25 11.07
69.805 30 0.00
69.805 B1 4185.16 4790.31 
69.805 B3 4231.03 4857.69 
69.805 120 13 04 50
69.805 244 0.35
69.81 22 9.25
69.81 23 0.32
69.81 25 11.07
69.81 30 0.00
69.81 B1 4184.63 4789.65 
69.81 B3 4230.39 4856.92 
69.81 120 13 04 50
69.81 244 0.35
69.81499 22 9.25
69.81499 23 0.31
69.81499 25 11.07
69.81499 30 0.00
69.81499 B1 4184.47 4789.37 
69.81499 B3 4230.09 4856.48 
69.81499 120 13 04 50
69.81499 244 0.35
69.82 22 9.25
69.82 23 0.31
69.82 25 11.07
69.82 30 0.00
69.82 B1 4184.50 4789.31 
69.82 B3 4229.99 4856.26 
69.82 120 13 04 50
69.82 244 0.35
69.825 22 9.25
69.825 23 0.31
69.825 25 11.07
69.825 30 0.00
69.825 B1 4184.62 4789.38 
69.825 B3 4230.02 4856.20 
69.825 120 13 04 50
69.825 244 0.35
69.83 22 9.25
69.83 23 0.31
69.83 25 11.07
69.83 30 0.00
69.83 B1 4184.79 4789.53 
69.83 B3 4230.13 4856.25 
69.83 120 13 04 50
69.83 244 0.35
69.835 22 9.25
69.835 23 0.30
69.835 25 11.07
69.835 30 0.00
69.835 B1 4184.99 4789.72 
69.835 B3 4230.27 4856.36 
69.835 120 13 04 50
69.835 244 0.35
69.84 22 9.25
69.84 23 0.30
69.84 25 11.07
69.84 30 0.00
69.84 B1 4185.19 4789.94 
69.84 B3 4230.45 4856.52 
69.84 120 13 04 50
69.84 244 0.35
69.845 22 9.25
69.845 23 0.30
69.845 25 11.07
69.845 30 0.00
69.845 B1 4185.41 4790.18 
69.845 B3 4230.65 4856.71 
69.845 120 13 04 50
69.845 244 0.35
69.85 22 9.25
69.85 23 0.30
69.85 25 11.07
69.85 30 0.00
69.85 B1 4185.62 4790.42 
69.85 B3 4230.86 4856.93 
69.85 120 13 04 50
69.85 244 0.35
69.855 22 9.25
69.855 23 0.30
69.855 25 11.07
69.855 30 0.00
69.855 B1 4185.84 4790.67 
69.855 B3 4231.07 4857.16 
69.855 120 13 04 50
69.855 244 0.35
69.86 22 9.25
69.86 23 0.30
69.86 25 11.07
69.86 30 0.00
69.86 B1 4186.06 4790.92 
69.86 B3 4231.28 4857.39 
69.86 120 13 04 50
69.86 244 0.35
69.865 22 9.25
69.865 23 0.30
69.865 25 11.07
69.865 30 0.00
69.865 B1 4186.28 4791.18 
69.865 B3 4231.51 4857.64 
69.865 120 13 04 50
69.865 244 0.35
69.87 22 9.26
69.87 23 0.30
69.87 25 10.95
69.87 30 0.00
69.87 B1 4186.49 4791.43 
69.87 B3 4231.73 4857.89 
69.87 120 13 04 50
69.87 244 0.35
69.875 22 9.17
69.875 23 0.32
69.875 25 10.95
69.875 30 0.00
69.875 B1 4187.17 4792.17 
69.875 B3 4231.94 4858.14 
69.875 120 13 04 50
69.875 244 0.35
69.88 22 9.18
69.88 23 0.32
69.88 25 10.95
69.88 30 0.00
69.88 B1 4187.69 4792.66 
69.88 B3 4232.23 4858.37 
69.88 120 13 04 50
69.88 244 0.35
69.885 22 9.18
69.885 23 0.32
69.885 25 10.95
69.885 30 0.00
69.885 B1 4188.10 4793.02 
69.885 B3 4232.54 4858.59 
69.885 120 13 04 50
69.885 244 0.35
69.89 22 9.18
69.89 23 0.32
69.89 25 10.83
69.89 30 0.00
69.89 B1 4188.47 4793.29 
69.89 B3 4232.88 4858.80 
69.89 120 13 04 50
69.89 244 0.35
69.895 22 9.10
69.895 23 0.35
69.895 25 10.83
69.895 30 0.00
69.895 B1 4189.27 4794.00 
69.895 B3 4233.23 4859.00 
69.895 120 13 04 50
69.895 244 0.35
69.9 22 9.10
69.9 23 0.35
69.9 25 10.71
69.9 30 0.00
69.9 B1 4189.89 4794.44 
69.9 B3 4233.64 4859.19 
69.9 120 13 04 50
69.9 244 0.35
69.905 22 9.02
69.905 23 0.37
69.905 25 10.59
69.905 30 0.00
69.905 B1 4192.17 4796.50 
69.905 B3 4235.29 4860.55 
69.905 120 13 04 50
69.905 244 0.35
69.91 22 8.95
69.91 23 0.40
69.91 25 10.59
69.91 30 0.00
69.91 B1 4194.04 4798.19 
69.91 B3 4236.57 4861.51 
69.91 120 13 04 50
69.91 244 0.35
69.915 22 8.96
69.915 23 0.41
69.915 25 10.47
69.915 30 0.00
69.915 B1 4195.33 4799.15 
69.915 B3 4237.68 4862.19 
69.915 120 13 04 50
69.915 244 0.35
69.92 22 8.88
69.92 23 0.43
69.92 25 10.36
69.92 30 0.00
69.92 B1 4196.73 4800.13 
69.92 B3 4238.68 4862.67 
69.92 120 13 04 50
69.92 244 0.35
69.925 22 8.81
69.925 23 0.46
69.925 25 10.00
69.925 30 0.00
69.925 B1 4198.23 4801.09 
69.925 B3 4239.67 4863.01 
69.925 120 13 04 50
69.925 244 0.35
69.93 22 8.55
69.93 23 0.52
69.93 25 10.00
69.93 30 0.00
69.93 B1 4200.64 4802.84 
69.93 B3 4240.70 4863.22 
69.93 120 13 04 50
69.93 244 0.35
69.935 22 8.57
69.935 23 0.52
69.935 25 10.00
69.935 30 0.00
69.935 B1 4202.44 4803.66 
69.935 B3 4241.94 4863.29 
69.935 120 13 04 50
69.935 244 0.35
69.93999 22 8.59
69.93999 23 0.52
69.93999 25 9.88
69.93999 30 0.00
69.93999 B1 4203.92 4803.93 
69.93999 B3 4243.29 4863.27 
69.93999 120 13 04 50
69.93999 244 0.36
69.945 22 8.52
69.945 23 0.54
69.945 25 9.64
69.945 30 0.00
69.945 B1 4206.94 4805.62 
69.945 B3 4245.88 4864.39 
69.945 120 13 04 50
69.945 244 0.35
69.95 22 8.36
69.95 23 0.59
69.95 25 9.64
69.95 30 0.00
69.95 B1 4208.57 4805.93 
69.95 B3 4246.92 4863.89 
69.95 120 13 04 50
69.95 244 0.36
69.955 22 8.38
69.955 23 0.59
69.955 25 9.51
69.955 30 0.00
69.955 B1 4211.42 4807.11 
69.955 B3 4249.48 4864.63 
69.955 120 13 04 50
69.955 244 0.36
69.96 22 8.31
69.96 23 0.62
69.96 25 9.51
69.96 30 0.00
69.96 B1 4213.96 4807.95 
69.96 B3 4251.79 4865.04 
69.96 120 13 04 50
69.96 244 0.36
69.965 22 8.34
69.965 23 0.62
69.965 25 8.79
69.965 30 0.00
69.965 B1 4216.00 4808.15 
69.965 B3 4253.97 4865.21 
69.965 120 13 04 50
69.965 244 0.35
69.97 22 7.79
69.97 23 0.73
69.97 25 8.79
69.97 30 0.00
69.97 B1 4218.60 4808.94 
69.97 B3 4254.87 4864.04 
69.97 120 13 04 50
69.97 244 0.35
69.975 22 7.83
69.975 23 0.73
69.975 25 8.55
69.975 30 0.00
69.975 B1 4220.98 4808.86 
69.975 B3 4256.51 4862.98 
69.975 120 13 04 50
69.975 244 0.35
69.98 22 7.68
69.98 23 0.76
69.98 25 8.31
69.98 30 0.00
69.98 B1 4223.87 4808.98 
69.98 B3 4258.57 4862.02 
69.98 120 13 04 50
69.98 244 0.35
69.985 22 7.53
69.985 23 0.79
69.985 25 7.83
69.985 30 0.00
69.985 B1 4227.10 4809.14 
69.985 B3 4260.99 4861.08 
69.985 120 13 04 50
69.985 244 0.35
69.99 22 7.19
69.99 23 0.85
69.99 25 7.70
69.99 30 0.00
69.99 B1 4231.16 4809.85 
69.99 B3 4263.71 4860.12 
69.99 120 13 04 50
69.99 244 0.35
69.995 22 7.14
69.995 23 0.87
69.995 25 7.70
69.995 30 0.00
69.995 B1 4234.96 4809.78 
69.995 B3 4266.83 4859.05 
69.995 120 13 04 50
69.995 244 0.35
70 22 7.19
70 23 0.86
70 25 7.35
70 30 0.00
70 B1 4238.35 4808.92 
70 B3 4270.22 4857.90 
70 120 13 04 50
70 244 0.35
70.005 22 6.96
70.005 23 0.91
70.005 25 6.99
70.005 30 0.00
70.005 B1 4242.32 4808.51 
70.005 B3 4273.72 4856.72 
70.005 120 13 04 50
70.005 244 0.36
70.01 22 6.72
70.01 23 0.95
70.01 25 0.00
70.01 30 0.00
70.01 B1 4248.00 4809.54 
70.01 B3 4278.63 4856.65 
70.01 120 13 04 50
70.01 244 0.36
70.015 22 1.65
70.015 23 1.26
70.015 25 0.00
70.015 30 0.00
70.015 B1 4252.88 4810.98 
70.015 B3 4283.36 4856.09 
70.015 120 13 04 50
70.015 244 0.36
70.02 22 1.87
70.02 23 1.26
70.02 25 0.00
70.02 30 0.00
70.02 B1 4260.79 4808.81 
70.02 B3 4290.69 4853.22 
70.02 120 13 04 50
70.02 244 0.36
70.025 22 2.08
70.025 23 1.27
70.025 25 0.00
70.025 30 0.00
70.025 B1 4270.13 4804.59 
70.025 B3 4299.47 4848.89 
70.025 120 13 04 50
70.025 244 0.36
70.03 22 2.26
70.03 23 1.27
70.03 25 0.00
70.03 30 0.00
70.03 B1 4280.06 4799.28 
70.03 B3 4309.03 4843.66 
70.03 120 13 04 50
70.03 244 0.36
70.035 22 2.43
70.035 23 1.27
70.035 25 0.00
70.035 30 0.00
70.035 B1 4290.17 4793.42 
70.035 B3 4318.94 4837.91 
70.035 120 13 04 50
70.035 244 0.36
70.04 22 2.58
70.04 23 1.27
70.04 25 0.00
70.04 30 0.00
70.04 B1 4300.21 4787.37 
70.04 B3 4328.95 4831.93 
70.04 120 13 04 50
70.04 244 0.36
70.045 22 2.72
70.045 23 1.28
70.045 25 0.00
70.045 30 0.00
70.045 B1 4310.09 4781.31 
70.045 B3 4338.91 4825.87 
70.045 120 13 04 50
70.045 244 0.35
70.05 22 2.84
70.05 23 1.28
70.05 25 0.00
70.05 30 0.00
70.05 B1 4318.43 4774.05 
70.05 B3 4347.54 4818.66 
70.05 120 13 04 50
70.05 244 0.35
70.055 22 2.95
70.055 23 1.26
70.055 25 0.00
70.055 30 0.00
70.055 B1 4327.12 4767.49 
70.055 B3 4356.41 4811.96 
70.055 120 13 04 50
70.055 244 0.35
70.06 22 3.04
70.06 23 1.26
70.06 25 0.00
70.06 30 0.00
70.06 B1 4335.88 4761.46 
70.06 B3 4365.33 4805.68 
70.06 120 13 04 50
70.06 244 0.35
70.06499 22 3.13
70.06499 23 1.25
70.06499 25 0.00
70.06499 30 0.00
70.06499 B1 4343.25 4754.51 
70.06499 B3 4372.98 4798.58 
70.06499 120 13 04 50
70.06499 244 0.35
70.07 22 3.20
70.07 23 1.24
70.07 25 0.00
70.07 30 0.00
70.07 B1 4352.37 4749.76 
70.07 B3 4382.14 4793.39 
70.07 120 13 04 50
70.07 244 0.35
70.075 22 3.26
70.075 23 1.24
70.075 25 0.00
70.075 30 0.00
70.075 B1 4359.73 4743.76 
70.075 B3 4389.77 4787.18 
70.075 120 13 04 50
70.075 244 0.35
70.08 22 3.32
70.08 23 1.23
70.08 25 0.00
70.08 30 0.00
70.08 B1 4367.33 4738.43 
70.08 B3 4397.54 4781.55 
70.08 120 13 04 50
70.08 244 0.35
70.085 22 3.36
70.085 23 1.23
70.085 25 0.00
70.085 30 0.00
70.085 B1 4374.97 4733.58 
70.085 B3 4405.33 4776.37 
70.085 120 13 04 50
70.085 244 0.35
70.09 22 3.40
70.09 23 1.22
70.09 25 0.00
70.09 30 0.00
70.09 B1 4383.87 4730.42 
70.09 B3 4414.25 4772.78 
70.09 120 13 04 50
70.09 244 0.35
70.095 22 3.43
70.095 23 1.23
70.095 25 0.00
70.095 30 0.00
70.095 B1 4392.07 4727.02 
70.095 B3 4422.63 4769.11 
70.095 120 13 04 50
70.095 244 0.35
70.1 22 3.45
70.1 23 1.23
70.1 25 0.00
70.1 30 0.00
70.1 B1 4398.50 4722.24 
70.1 B3 4429.42 4764.28 
70.1 120 13 04 50
70.1 244 0.35
70.105 22 3.48
70.105 23 1.23
70.105 25 0.00
70.105 30 0.00
70.105 B1 4405.18 4718.04 
70.105 B3 4436.31 4759.93 
70.105 120 13 04 50
70.105 244 0.35
70.11 22 3.49
70.11 23 1.22
70.11 25 0.00
70.11 30 0.00
70.11 B1 4411.92 4714.26 
70.11 B3 4443.20 4755.94 
70.11 120 13 04 50
70.11 244 0.35
70.115 22 3.50
70.115 23 1.22
70.115 25 0.00
70.115 30 0.00
70.115 B1 4418.63 4710.79 
70.115 B3 4450.03 4752.27 
70.115 120 13 04 50
70.115 244 0.35
70.12 22 3.51
70.12 23 1.21
70.12 25 0.00
70.12 30 0.00
70.12 B1 4425.24 4707.58 
70.12 B3 4456.76 4748.87 
70.12 120 13 04 50
70.12 244 0.35
70.125 22 3.52
70.125 23 1.21
70.125 25 0.00
70.125 30 0.00
70.125 B1 4431.75 4704.59 
70.125 B3 4463.38 4745.70 
70.125 120 13 04 50
70.125 244 0.35
70.13 22 3.52
70.13 23 1.21
70.13 25 0.00
70.13 30 0.00
70.13 B1 4438.12 4701.80 
70.13 B3 4469.87 4742.75 
70.13 120 13 04 50
70.13 244 0.35
70.135 22 3.52
70.135 23 1.21
70.135 25 0.00
70.135 30 0.00
70.135 B1 4443.03 4697.86 
70.135 B3 4475.02 4738.80 
70.135 120 13 04 50
70.135 244 0.35
70.14 22 3.51
70.14 23 1.20
70.14 25 0.00
70.14 30 0.00
70.14 B1 4449.71 4695.96 
70.14 B3 4481.66 4736.62 
70.14 120 13 04 50
70.14 244 0.35
70.145 22 3.50
70.145 23 1.20
70.145 25 0.00
70.145 30 0.00
70.145 B1 4455.99 4694.00 
70.145 B3 4488.00 4734.48 
70.145 120 13 04 50
70.145 244 0.35
70.15 22 3.49
70.15 23 1.20
70.15 25 0.00
70.15 30 0.00
70.15 B1 4462.01 4692.06 
70.15 B3 4494.12 4732.42 
70.15 120 13 04 50
70.15 244 0.35
70.155 22 3.47
70.155 23 1.20
70.155 25 0.00
70.155 30 0.00
70.155 B1 4467.82 4690.20 
70.155 B3 4500.04 4730.46 
70.155 120 13 04 50
70.155 244 0.35
70.16 22 3.46
70.16 23 1.20
70.16 25 0.00
70.16 30 0.00
70.16 B1 4473.46 4688.43 
70.16 B3 4505.81 4728.62 
70.16 120 13 04 50
70.16 244 0.35
70.165 22 3.44
70.165 23 1.20
70.165 25 0.00
70.165 30 0.00
70.165 B1 4478.97 4686.78 
70.165 B3 4511.42 4726.90 
70.165 120 13 04 50
70.165 244 0.35
70.17 22 3.41
70.17 23 1.20
70.17 25 0.00
70.17 30 0.00
70.17 B1 4484.35 4685.26 
70.17 B3 4516.90 4725.30 
70.17 120 13 04 50
70.17 244 0.35
70.175 22 3.39
70.175 23 1.20
70.175 25 0.00
70.175 30 0.00
70.175 B1 4488.28 4682.53 
70.175 B3 4521.06 4722.63 
70.175 120 13 04 50
70.175 244 0.35
70.18 22 3.36
70.18 23 1.19
70.18 25 0.00
70.18 30 0.00
70.18 B1 4492.68 4680.46 
70.18 B3 4525.52 4720.48 
70.18 120 13 04 50
70.18 244 0.35
70.185 22 3.33
70.185 23 1.18
70.185 25 0.00
70.185 30 0.00
70.185 B1 4497.29 4678.82 
70.185 B3 4530.13 4718.69 
70.185 120 13 04 50
70.185 244 0.35
70.18999 22 3.30
70.18999 23 1.18
70.18999 25 0.00
70.18999 30 0.00
70.18999 B1 4501.97 4677.48 
70.18999 B3 4534.80 4717.19 
70.18999 120 13 04 50
70.18999 244 0.35
70.195 22 3.27
70.195 23 1.17
70.195 25 0.00
70.195 30 0.00
70.195 B1 4507.97 4677.66 
70.195 B3 4540.68 4717.11 
70.195 120 13 04 50
70.195 244 0.35
70.2 22 3.24
70.2 23 1.18
70.2 25 0.00
70.2 30 0.00
70.2 B1 4513.37 4677.48 
70.2 B3 4546.12 4716.83 
70.2 120 13 04 50
70.2 244 0.35
70.205 22 3.20
70.205 23 1.19
70.205 25 0.00
70.205 30 0.00
70.205 B1 4518.40 4677.13 
70.205 B3 4551.25 4716.44 
70.205 120 13 04 50
70.205 244 0.35
70.21 22 3.16
70.21 23 1.19
70.21 25 0.00
70.21 30 0.00
70.21 B1 4521.87 4675.39 
70.21 B3 4554.97 4714.82 
70.21 120 13 04 50
70.21 244 0.35
70.215 22 3.13
70.215 23 1.18
70.215 25 0.00
70.215 30 0.00
70.215 B1 4525.73 4674.20 
70.215 B3 4558.92 4713.59 
70.215 120 13 04 50
70.215 244 0.35
70.22 22 3.09
70.22 23 1.17
70.22 25 0.00
70.22 30 0.00
70.22 B1 4531.09 4674.68 
70.22 B3 4564.19 4713.85 
70.22 120 13 04 50
70.22 244 0.35
70.225 22 3.05
70.225 23 1.18
70.225 25 0.00
70.225 30 0.00
70.225 B1 4534.65 4673.54 
70.225 B3 4567.91 4712.75 
70.225 120 13 04 50
70.225 244 0.35
70.23 22 3.01
70.23 23 1.17
70.23 25 0.00
70.23 30 0.00
70.23 B1 4539.79 4674.12 
70.23 B3 4572.98 4713.14 
70.23 120 13 04 50
70.23 244 0.35
70.235 22 2.97
70.235 23 1.18
70.235 25 0.00
70.235 30 0.00
70.235 B1 4543.15 4673.10 
70.235 B3 4576.52 4712.19 
70.235 120 13 04 50
70.235 244 0.35
70.24 22 2.93
70.24 23 1.17
70.24 25 0.00
70.24 30 0.00
70.24 B1 4546.80 4672.49 
70.24 B3 4580.24 4711.53 
70.24 120 13 04 50
70.24 244 0.35
70.245 22 2.88
70.245 23 1.17
70.245 25 0.00
70.245 30 0.00
70.245 B1 4550.58 4672.15 
70.245 B3 4584.05 4711.10 
70.245 120 13 04 50
70.245 244 0.35
70.25 22 2.84
70.25 23 1.17
70.25 25 0.00
70.25 30 0.00
70.25 B1 4554.41 4672.00 
70.25 B3 4587.89 4710.85 
70.25 120 13 04 50
70.25 244 0.35
70.255 22 2.80
70.255 23 1.16
70.255 25 0.00
70.255 30 0.00
70.255 B1 4558.24 4671.98 
70.255 B3 4591.73 4710.73 
70.255 120 13 04 50
70.255 244 0.35
70.26 22 2.76
70.26 23 1.16
70.26 25 0.00
70.26 30 0.00
70.26 B1 4562.04 4672.07 
70.26 B3 4595.56 4710.72 
70.26 120 13 04 50
70.26 244 0.35
70.265 22 2.72
70.265 23 1.16
70.265 25 0.00
70.265 30 0.00
70.265 B1 4565.81 4672.24 
70.265 B3 4599.36 4710.81 
70.265 120 13 04 50
70.265 244 0.35
70.27 22 2.67
70.27 23 1.16
70.27 25 0.00
70.27 30 0.00
70.27 B1 4570.85 4673.81 
70.27 B3 4604.31 4712.17 
70.27 120 13 04 50
70.27 244 0.35
70.275 22 2.63
70.275 23 1.17
70.275 25 0.00
70.275 30 0.00
70.275 B1 4575.28 4674.91 
70.275 B3 4608.82 4713.22 
70.275 120 13 04 50
70.275 244 0.35
70.28 22 2.59
70.28 23 1.17
70.28 25 0.00
70.28 30 0.00
70.28 B1 4579.36 4675.76 
70.28 B3 4613.02 4714.09 
70.28 120 13 04 50
70.28 244 0.35
70.285 22 2.54
70.285 23 1.18
70.285 25 0.00
70.285 30 0.00
70.285 B1 4583.21 4676.49 
70.285 B3 4617.02 4714.84 
70.285 120 13 04 50
70.285 244 0.35
70.29 22 2.50
70.29 23 1.18
70.29 25 0.00
70.29 30 0.00
70.29 B1 4586.91 4677.18 
70.29 B3 4620.85 4715.55 
70.29 120 13 04 50
70.29 244 0.35
70.295 22 2.46
70.295 23 1.18
70.295 25 0.00
70.295 30 0.00
70.295 B1 4590.51 4677.85 
70.295 B3 4624.58 4716.24 
70.295 120 13 04 50
70.295 244 0.35
70.3 22 2.42
70.3 23 1.18
70.3 25 0.00
70.3 30 0.00
70.3 B1 4594.05 4678.55 
70.3 B3 4628.21 4716.93 
70.3 120 13 04 50
70.3 244 0.35
70.305 22 2.37
70.305 23 1.18
70.305 25 0.00
70.305 30 0.00
70.305 B1 4597.51 4679.27 
70.305 B3 4631.77 4717.65 
70.305 120 13 04 50
70.305 244 0.35
70.31 22 2.33
70.31 23 1.18
70.31 25 0.00
70.31 30 0.00
70.31 B1 4599.61 4678.72 
70.31 B3 4634.08 4717.19 
70.31 120 13 04 50
70.31 244 0.35
70.31499 22 2.29
70.31499 23 1.17
70.31499 25 0.00
70.31499 30 0.00
70.31499 B1 4603.53 4680.06 
70.31499 B3 4637.93 4718.35 
70.31499 120 13 04 50
70.31499 244 0.35
70.32 22 2.25
70.32 23 1.17
70.32 25 0.00
70.32 30 0.00
70.32 B1 4607.17 4681.22 
70.32 B3 4641.58 4719.42 
70.32 120 13 04 50
70.32 244 0.35
70.325 22 2.21
70.325 23 1.17
70.325 25 0.00
70.325 30 0.00
70.325 B1 4610.63 4682.28 
70.325 B3 4645.11 4720.44 
70.325 120 13 04 50
70.325 244 0.35
70.33 22 2.17
70.33 23 1.17
70.33 25 0.00
70.33 30 0.00
70.33 B1 4613.98 4683.31 
70.33 B3 4648.53 4721.43 
70.33 120 13 04 50
70.33 244 0.35
70.335 22 2.13
70.335 23 1.17
70.335 25 0.00
70.335 30 0.00
70.335 B1 4615.93 4683.01 
70.335 B3 4650.68 4721.24 
70.335 120 13 04 50
70.335 244 0.35
70.34 22 2.09
70.34 23 1.16
70.34 25 0.00
70.34 30 0.00
70.34 B1 4618.36 4683.27 
70.34 B3 4653.16 4721.44 
70.34 120 13 04 50
70.34 244 0.35
70.345 22 2.05
70.345 23 1.16
70.345 25 0.00
70.345 30 0.00
70.345 B1 4621.06 4683.86 
70.345 B3 4655.86 4721.93 
70.345 120 13 04 50
70.345 244 0.35
70.35 22 2.01
70.35 23 1.15
70.35 25 0.00
70.35 30 0.00
70.35 B1 4625.21 4685.97 
70.35 B3 4659.87 4723.80 
70.35 120 13 04 50
70.35 244 0.35
70.355 22 1.98
70.355 23 1.16
70.355 25 0.00
70.355 30 0.00
70.355 B1 4627.56 4686.37 
70.355 B3 4662.35 4724.23 
70.355 120 13 04 50
70.355 244 0.35
70.36 22 1.94
70.36 23 1.15
70.36 25 0.00
70.36 30 0.00
70.36 B1 4630.17 4687.08 
70.36 B3 4665.01 4724.90 
70.36 120 13 04 50
70.36 244 0.35
70.365 22 1.90
70.365 23 1.15
70.365 25 0.00
70.365 30 0.00
70.365 B1 4632.91 4687.98 
70.365 B3 4667.78 4725.73 
70.365 120 13 04 50
70.365 244 0.35
70.37 22 1.86
70.37 23 1.15
70.37 25 0.00
70.37 30 0.00
70.37 B1 4635.72 4689.02 
70.37 B3 4670.59 4726.68 
70.37 120 13 04 50
70.37 244 0.35
70.375 22 1.83
70.375 23 1.15
70.375 25 0.00
70.375 30 0.00
70.375 B1 4639.87 4691.46 
70.375 B3 4674.63 4728.92 
70.375 120 13 04 50
70.375 244 0.35
70.38 22 1.79
70.38 23 1.16
70.38 25 0.00
70.38 30 0.00
70.38 B1 4643.47 4693.42 
70.38 B3 4678.29 4730.84 
70.38 120 13 04 50
70.38 244 0.35
70.385 22 1.76
70.385 23 1.16
70.385 25 0.00
70.385 30 0.00
70.385 B1 4646.75 4695.11 
70.385 B3 4681.67 4732.56 
70.385 120 13 04 50
70.385 244 0.35
70.39 22 1.72
70.39 23 1.16
70.39 25 0.00
70.39 30 0.00
70.39 B1 4649.84 4696.67 
70.39 B3 4684.88 4734.16 
70.39 120 13 04 50
70.39 244 0.35
70.395 22 1.69
70.395 23 1.16
70.395 25 0.00
70.395 30 0.00
70.395 B1 4652.81 4698.16 
70.395 B3 4687.97 4735.68 
70.395 120 13 04 50
70.395 244 0.35
70.4 22 1.66
70.4 23 1.17
70.4 25 0.00
70.4 30 0.00
70.4 B1 4655.70 4699.61 
70.4 B3 4690.96 4737.17 
70.4 120 13 04 50
70.4 244 0.35
70.405 22 1.62
70.405 23 1.17
70.405 25 0.00
70.405 30 0.00
70.405 B1 4659.85 4702.38 
70.405 B3 4695.08 4739.83 
70.405 120 13 04 50
70.405 244 0.35
70.41 22 1.59
70.41 23 1.18
70.41 25 0.00
70.41 30 0.00
70.41 B1 4663.41 4704.61 
70.41 B3 4698.76 4742.10 
70.41 120 13 04 50
70.41 244 0.35
70.415 22 1.56
70.415 23 1.18
70.415 25 0.00
70.415 30 0.00
70.415 B1 4666.64 4706.55 
70.415 B3 4702.13 4744.13 
70.415 120 13 04 50
70.415 244 0.35
70.42 22 1.53
70.42 23 1.19
70.42 25 0.00
70.42 30 0.00
70.42 B1 4669.65 4708.32 
70.42 B3 4705.30 4745.99 
70.42 120 13 04 50
70.42 244 0.35
70.425 22 1.50
70.425 23 1.19
70.425 25 0.00
70.425 30 0.00
70.425 B1 4672.54 4710.01 
70.425 B3 4708.33 4747.76 
70.425 120 13 04 50
70.425 244 0.35
70.43 22 1.47
70.43 23 1.19
70.43 25 0.00
70.43 30 0.00
70.43 B1 4674.03 4710.34 
70.43 B3 4710.07 4748.27 
70.43 120 13 04 50
70.43 244 0.35
70.435 22 1.44
70.435 23 1.18
70.435 25 0.00
70.435 30 0.00
70.435 B1 4677.33 4712.51 
70.435 B3 4713.33 4750.34 
70.435 120 13 04 50
70.435 244 0.35
70.43999 22 1.41
70.43999 23 1.18
70.43999 25 0.00
70.43999 30 0.00
70.43999 B1 4680.37 4714.45 
70.43999 B3 4716.39 4752.26 
70.43999 120 13 04 50
70.43999 244 0.35
70.445 22 1.38
70.445 23 1.18
70.445 25 0.00
70.445 30 0.00
70.445 B1 4683.23 4716.27 
70.445 B3 4719.33 4754.09 
70.445 120 13 04 50
70.445 244 0.35
70.45 22 1.35
70.45 23 1.19
70.45 25 0.00
70.45 30 0.00
70.45 B1 4686.00 4718.02 
70.45 B3 4722.17 4755.87 
70.45 120 13 04 50
70.45 244 0.35
70.455 22 1.33
70.455 23 1.19
70.455 25 0.00
70.455 30 0.00
70.455 B1 4688.70 4719.74 
70.455 B3 4724.94 4757.61 
70.455 120 13 04 50
70.455 244 0.35
70.46 22 1.30
70.46 23 1.19
70.46 25 0.00
70.46 30 0.00
70.46 B1 4691.36 4721.45 
70.46 B3 4727.67 4759.35 
70.46 120 13 04 50
70.46 244 0.35
70.465 22 1.27
70.465 23 1.19
70.465 25 0.00
70.465 30 0.00
70.465 B1 4693.99 4723.16 
70.465 B3 4730.36 4761.07 
70.465 120 13 04 50
70.465 244 0.35
70.47 22 1.25
70.47 23 1.19
70.47 25 0.00
70.47 30 0.00
70.47 B1 4696.59 4724.88 
70.47 B3 4733.02 4762.81 
70.47 120 13 04 50
70.47 244 0.35
70.475 22 1.22
70.475 23 1.18
70.475 25 0.00
70.475 30 0.00
70.475 B1 4699.17 4726.61 
70.475 B3 4735.66 4764.54 
70.475 120 13 04 50
70.475 244 0.35
70.48 22 1.20
70.48 23 1.18
70.48 25 0.00
70.48 30 0.00
70.48 B1 4701.73 4728.35 
70.48 B3 4738.27 4766.29 
70.48 120 13 04 50
70.48 244 0.35
70.485 22 1.17
70.485 23 1.18
70.485 25 0.00
70.485 30 0.00
70.485 B1 4704.28 4730.10 
70.485 B3 4740.86 4768.04 
70.485 120 13 04 50
70.485 244 0.35
70.49 22 1.15
70.49 23 1.18
70.49 25 0.00
70.49 30 0.00
70.49 B1 4706.81 4731.86 
70.49 B3 4743.44 4769.81 
70.49 120 13 04 50
70.49 244 0.35
70.495 22 1.12
70.495 23 1.18
70.495 25 0.00
70.495 30 0.00
70.495 B1 4709.33 4733.63 
70.495 B3 4746.00 4771.59 
70.495 120 13 04 50
70.495 244 0.35
70.5 22 1.10
70.5 23 1.18
70.5 25 0.00
70.5 30 0.00
70.5 B1 4711.84 4735.42 
70.5 B3 4748.54 4773.38 
70.5 120 13 04 50
70.5 244 0.36
70.505 22 1.08
70.505 23 1.18
70.505 25 0.00
70.505 30 0.00
70.505 B1 4715.65 4738.53 
70.505 B3 4752.27 4776.37 
70.505 120 13 04 50
70.505 244 0.35
70.51 22 1.06
70.51 23 1.19
70.51 25 0.00
70.51 30 0.00
70.51 B1 4717.59 4739.80 
70.51 B3 4754.40 4777.80 
70.51 120 13 04 50
70.51 244 0.35
70.515 22 1.03
70.515 23 1.19
70.515 25 0.00
70.515 30 0.00
70.515 B1 4719.75 4741.31 
70.515 B3 4756.64 4779.37 
70.515 120 13 04 50
70.515 244 0.36
70.52 22 1.01
70.52 23 1.18
70.52 25 0.00
70.52 30 0.00
70.52 B1 4723.35 4744.28 
70.52 B3 4760.17 4782.22 
70.52 120 13 04 50
70.52 244 0.36
70.525 22 0.99
70.525 23 1.19
70.525 25 0.00
70.525 30 0.00
70.525 B1 4726.48 4746.80 
70.525 B3 4763.34 4784.76 
70.525 120 13 04 50
70.525 244 0.36
70.53 22 0.97
70.53 23 1.20
70.53 25 0.00
70.53 30 0.00
70.53 B1 4729.33 4749.06 
70.53 B3 4766.29 4787.10 
70.53 120 13 04 50
70.53 244 0.36
70.535 22 0.95
70.535 23 1.20
70.535 25 0.00
70.535 30 0.00
70.535 B1 4732.01 4751.18 
70.535 B3 4769.08 4789.29 
70.535 120 13 04 50
70.535 244 0.36
70.54 22 0.93
70.54 23 1.20
70.54 25 0.00
70.54 30 0.00
70.54 B1 4734.60 4753.21 
70.54 B3 4771.77 4791.40 
70.54 120 13 04 50
70.54 244 0.36
70.545 22 0.91
70.545 23 1.20
70.545 25 0.00
70.545 30 0.00
70.545 B1 4738.45 4756.53 
70.545 B3 4775.58 4794.66 
70.545 120 13 04 50
70.545 244 0.36
70.55 22 0.89
70.55 23 1.21
70.55 25 0.00
70.55 30 0.00
70.55 B1 4741.72 4759.28 
70.55 B3 4778.95 4797.49 
70.55 120 13 04 50
70.55 244 0.36
70.555 22 0.87
70.555 23 1.22
70.555 25 0.00
70.555 30 0.00
70.555 B1 4744.66 4761.72 
70.555 B3 4782.02 4800.05 
70.555 120 13 04 50
70.555 244 0.37
70.56 22 0.85
70.56 23 1.22
70.56 25 0.00
70.56 30 0.00
70.56 B1 4748.71 4765.30 
70.56 B3 4786.10 4803.62 
70.56 120 13 04 50
70.56 244 0.37
70.56499 22 0.84
70.56499 23 1.23
70.56499 25 0.00
70.56499 30 0.00
70.56499 B1 4752.12 4768.24 
70.56499 B3 4789.66 4806.69 
70.56499 120 13 04 50
70.56499 244 0.37
70.57 22 0.82
70.57 23 1.24
70.57 25 0.00
70.57 30 0.00
70.57 B1 4755.14 4770.81 
70.57 B3 4792.88 4809.44 
70.57 120 13 04 50
70.57 244 0.37
70.575 22 0.80
70.575 23 1.25
70.575 25 0.00
70.575 30 0.00
70.575 B1 4757.94 4773.17 
70.575 B3 4795.86 4811.96 
70.575 120 13 04 50
70.575 244 0.36
70.58 22 0.79
70.58 23 1.25
70.58 25 0.00
70.58 30 0.00
70.58 B1 4759.29 4774.10 
70.58 B3 4797.49 4813.15 
70.58 120 13 04 50
70.58 244 0.36
70.585 22 0.77
70.585 23 1.24
70.585 25 0.00
70.585 30 0.00
70.585 B1 4761.10 4775.48 
70.585 B3 4799.41 4814.63 
70.585 120 13 04 50
70.585 244 0.36
70.59 22 0.75
70.59 23 1.23
70.59 25 0.00
70.59 30 0.00
70.59 B1 4763.17 4777.15 
70.59 B3 4801.51 4816.31 
70.59 120 13 04 50
70.59 244 0.36
70.595 22 0.74
70.595 23 1.23
70.595 25 0.00
70.595 30 0.00
70.595 B1 4765.39 4778.97 
70.595 B3 4803.72 4818.11 
70.595 120 13 04 50
70.595 244 0.36
70.6 22 0.72
70.6 23 1.23
70.6 25 0.00
70.6 30 0.00
70.6 B1 4767.69 4780.89 
70.6 B3 4806.01 4820.00 
70.6 120 13 04 50
70.6 244 0.36
70.605 22 0.71
70.605 23 1.22
70.605 25 0.00
70.605 30 0.00
70.605 B1 4770.04 4782.86 
70.605 B3 4808.35 4821.95 
70.605 120 13 04 50
70.605 244 0.36
70.61 22 0.69
70.61 23 1.22
70.61 25 0.00
70.61 30 0.00
70.61 B1 4772.41 4784.87 
70.61 B3 4810.72 4823.95 
70.61 120 13 04 50
70.61 244 0.37
70.615 22 0.68
70.615 23 1.22
70.615 25 0.00
70.615 30 0.00
70.615 B1 4776.11 4788.23 
70.615 B3 4814.30 4827.16 
70.615 120 13 04 50
70.615 244 0.37
70.62 22 0.66
70.62 23 1.23
70.62 25 0.00
70.62 30 0.00
70.62 B1 4779.28 4791.07 
70.62 B3 4817.51 4830.02 
70.62 120 13 04 50
70.62 244 0.36
70.625 22 0.65
70.625 23 1.24
70.625 25 0.00
70.625 30 0.00
70.625 B1 4780.83 4792.29 
70.625 B3 4819.27 4831.43 
70.625 120 13 04 50
70.625 244 0.37
70.63 22 0.63
70.63 23 1.23
70.63 25 0.00
70.63 30 0.00
70.63 B1 4784.04 4795.18 
70.63 B3 4822.44 4834.27 
70.63 120 13 04 50
70.63 244 0.37
70.635 22 0.62
70.635 23 1.24
70.635 25 0.00
70.635 30 0.00
70.635 B1 4786.92 4797.75 
70.635 B3 4825.37 4836.88 
70.635 120 13 04 50
70.635 244 0.37
70.64 22 0.61
70.64 23 1.24
70.64 25 0.00
70.64 30 0.00
70.64 B1 4789.61 4800.15 
70.64 B3 4828.14 4839.33 
70.64 120 13 04 50
70.64 244 0.37
70.645 22 0.60
70.645 23 1.24
70.645 25 0.00
70.645 30 0.00
70.645 B1 4792.18 4802.43 
70.645 B3 4830.80 4841.68 
70.645 120 13 04 50
70.645 244 0.37
70.65 22 0.58
70.65 23 1.24
70.65 25 0.00
70.65 30 0.00
70.65 B1 4794.69 4804.65 
70.65 B3 4833.38 4843.97 
70.65 120 13 04 50
70.65 244 0.37
70.655 22 0.57
70.655 23 1.24
70.655 25 0.00
70.655 30 0.00
70.655 B1 4797.15 4806.84 
70.655 B3 4835.91 4846.21 
70.655 120 13 04 50
70.655 244 0.37
70.66 22 0.56
70.66 23 1.24
70.66 25 0.00
70.66 30 0.00
70.66 B1 4799.59 4809.01 
70.66 B3 4838.41 4848.43 
70.66 120 13 04 50
70.66 244 0.37
70.665 22 0.55
70.665 23 1.24
70.665 25 0.00
70.665 30 0.00
70.665 B1 4802.01 4811.17 
70.665 B3 4840.88 4850.63 
70.665 120 13 04 50
70.665 244 0.37
70.67 22 0.53
70.67 23 1.24
70.67 25 0.00
70.67 30 0.00
70.67 B1 4805.74 4814.65 
70.67 B3 4844.53 4854.01 
70.67 120 13 04 50
70.67 244 0.37
70.675 22 0.52
70.675 23 1.25
70.675 25 0.00
70.675 30 0.00
70.675 B1 4807.61 4816.27 
70.675 B3 4846.58 4855.81 
70.675 120 13 04 50
70.675 244 0.37
70.68 22 0.51
70.68 23 1.25
70.68 25 0.00
70.68 30 0.00
70.68 B1 4811.01 4819.44 
70.68 B3 4849.95 4858.93 
70.68 120 13 04 50
70.68 244 0.37
70.685 22 0.50
70.685 23 1.25
70.685 25 0.00
70.685 30 0.00
70.685 B1 4814.01 4822.21 
70.685 B3 4853.01 4861.75 
70.685 120 13 04 50
70.685 244 0.37
70.68999 22 0.49
70.68999 23 1.26
70.68999 25 0.00
70.68999 30 0.00
70.68999 B1 4815.45 4823.42 
70.68999 B3 4854.68 4863.17 
70.68999 120 13 04 50
70.68999 244 0.37
70.695 22 0.48
70.695 23 1.25
70.695 25 0.00
70.695 30 0.00
70.695 B1 4817.27 4825.03 
70.695 B3 4856.58 4864.85 
70.695 120 13 04 50
70.695 244 0.37
70.7 22 0.47
70.7 23 1.24
70.7 25 0.00
70.7 30 0.00
70.7 B1 4819.32 4826.87 
70.7 B3 4858.65 4866.70 
70.7 120 13 04 50
70.7 244 0.37
70.705 22 0.46
70.705 23 1.24
70.705 25 0.00
70.705 30 0.00
70.705 B1 4821.51 4828.84 
70.705 B3 4860.83 4868.65 
70.705 120 13 04 50
70.705 244 0.37
70.71 22 0.45
70.71 23 1.24
70.71 25 0.00
70.71 30 0.00
70.71 B1 4825.08 4832.22 
70.71 B3 4864.27 4871.88 
70.71 120 13 04 50
70.71 244 0.37
70.715 22 0.44
70.715 23 1.25
70.715 25 0.00
70.715 30 0.00
70.715 B1 4828.17 4835.11 
70.715 B3 4867.37 4874.77 
70.715 120 13 04 50
70.715 244 0.37
70.72 22 0.43
70.72 23 1.25
70.72 25 0.00
70.72 30 0.00
70.72 B1 4830.98 4837.73 
70.72 B3 4870.24 4877.45 
70.72 120 13 04 50
70.72 244 0.37
70.725 22 0.42
70.725 23 1.26
70.725 25 0.00
70.725 30 0.00
70.725 B1 4833.61 4840.18 
70.725 B3 4872.97 4879.98 
70.725 120 13 04 50
70.725 244 0.37
70.73 22 0.41
70.73 23 1.26
70.73 25 0.00
70.73 30 0.00
70.73 B1 4836.14 4842.54 
70.73 B3 4875.59 4882.42 
70.73 120 13 04 50
70.73 244 0.37
70.735 22 0.40
70.735 23 1.26
70.735 25 0.00
70.735 30 0.00
70.735 B1 4838.62 4844.84 
70.735 B3 4878.14 4884.78 
70.735 120 13 04 50
70.735 244 0.37
70.74 22 0.40
70.74 23 1.26
70.74 25 0.00
70.74 30 0.00
70.74 B1 4841.06 4847.11 
70.74 B3 4880.65 4887.11 
70.74 120 13 04 50
70.74 244 0.37
70.745 22 0.39
70.745 23 1.26
70.745 25 0.00
70.745 30 0.00
70.745 B1 4843.47 4849.36 
70.745 B3 4883.12 4889.41 
70.745 120 13 04 50
70.745 244 0.37
70.75 22 0.38
70.75 23 1.26
70.75 25 0.00
70.75 30 0.00
70.75 B1 4847.20 4852.92 
70.75 B3 4886.77 4892.89 
70.75 120 13 04 50
70.75 244 0.37
70.755 22 0.37
70.755 23 1.27
70.755 25 0.00
70.755 30 0.00
70.755 B1 4850.38 4855.96 
70.755 B3 4890.02 4895.97 
70.755 120 13 04 50
70.755 244 0.37
70.76 22 0.36
70.76 23 1.27
70.76 25 0.00
70.76 30 0.00
70.76 B1 4853.25 4858.68 
70.76 B3 4893.00 4898.80 
70.76 120 13 04 50
70.76 244 0.37
70.765 22 0.36
70.765 23 1.28
70.765 25 0.00
70.765 30 0.00
70.765 B1 4855.94 4861.22 
70.765 B3 4895.81 4901.45 
70.765 120 13 04 50
70.765 244 0.37
70.77 22 0.35
70.77 23 1.28
70.77 25 0.00
70.77 30 0.00
70.77 B1 4858.51 4863.65 
70.77 B3 4898.50 4903.99 
70.77 120 13 04 50
70.77 244 0.37
70.775 22 0.34
70.775 23 1.28
70.775 25 0.00
70.775 30 0.00
70.775 B1 4861.02 4866.02 
70.775 B3 4901.10 4906.45 
70.775 120 13 04 50
70.775 244 0.37
70.78 22 0.33
70.78 23 1.28
70.78 25 0.00
70.78 30 0.00
70.78 B1 4863.48 4868.35 
70.78 B3 4903.66 4908.86 
70.78 120 13 04 50
70.78 244 0.37
70.785 22 0.33
70.785 23 1.28
70.785 25 0.00
70.785 30 0.00
70.785 B1 4865.93 4870.67 
70.785 B3 4906.16 4911.23 
70.785 120 13 04 50
70.785 244 0.37
70.79 22 0.32
70.79 23 1.28
70.79 25 0.00
70.79 30 0.00
70.79 B1 4868.36 4872.97 
70.79 B3 4908.65 4913.59 
70.79 120 13 04 50
70.79 244 0.37
70.795 22 0.31
70.795 23 1.28
70.795 25 0.00
70.795 30 0.00
70.795 B1 4870.78 4875.27 
70.795 B3 4911.12 4915.92 
70.795 120 13 04 50
70.795 244 0.37
70.8 22 0.31
70.8 23 1.28
70.8 25 0.00
70.8 30 0.00
70.8 B1 4873.19 4877.56 
70.8 B3 4913.57 4918.25 
70.8 120 13 04 50
70.8 244 0.37
70.805 22 0.30
70.805 23 1.28
70.805 25 0.00
70.805 30 0.00
70.805 B1 4875.60 4879.85 
70.805 B3 4916.02 4920.57 
70.805 120 13 04 50
70.805 244 0.37
70.81 22 0.29
70.81 23 1.28
70.81 25 0.00
70.81 30 0.00
70.81 B1 4878.00 4882.14 
70.81 B3 4918.46 4922.89 
70.81 120 13 04 50
70.81 244 0.37
70.81499 22 0.29
70.81499 23 1.28
70.81499 25 0.00
70.81499 30 0.00
70.81499 B1 4880.40 4884.43 
70.81499 B3 4920.88 4925.20 
70.81499 120 13 04 50
70.81499 244 0.37
70.82 22 0.28
70.82 23 1.28
70.82 25 0.00
70.82 30 0.00
70.82 B1 4882.80 4886.72 
70.82 B3 4923.31 4927.51 
70.82 120 13 04 50
70.82 244 0.37
70.825 22 0.28
70.825 23 1.27
70.825 25 0.00
70.825 30 0.00
70.825 B1 4885.19 4889.01 
70.825 B3 4925.73 4929.82 
70.825 120 13 04 50
70.825 244 0.38
70.83 22 0.27
70.83 23 1.27
70.83 25 0.00
70.83 30 0.00
70.83 B1 4888.90 4892.62 
70.83 B3 4929.34 4933.32 
70.83 120 13 04 50
70.83 244 0.38
70.835 22 0.26
70.835 23 1.28
70.835 25 0.00
70.835 30 0.00
70.835 B1 4892.09 4895.70 
70.835 B3 4932.57 4936.45 
70.835 120 13 04 50
70.835 244 0.38
70.84 22 0.26
70.84 23 1.29
70.84 25 0.00
70.84 30 0.00
70.84 B1 4894.96 4898.48 
70.84 B3 4935.55 4939.32 
70.84 120 13 04 50
70.84 244 0.37
70.845 22 0.25
70.845 23 1.29
70.845 25 0.00
70.845 30 0.00
70.845 B1 4896.33 4899.76 
70.845 B3 4937.16 4940.83 
70.845 120 13 04 50
70.845 244 0.37
70.85 22 0.25
70.85 23 1.28
70.85 25 0.00
70.85 30 0.00
70.85 B1 4898.12 4901.46 
70.85 B3 4939.03 4942.61 
70.85 120 13 04 50
70.85 244 0.37
70.855 22 0.24
70.855 23 1.28
70.855 25 0.00
70.855 30 0.00
70.855 B1 4900.14 4903.40 
70.855 B3 4941.07 4944.56 
70.855 120 13 04 50
70.855 244 0.38
70.86 22 0.24
70.86 23 1.28
70.86 25 0.00
70.86 30 0.00
70.86 B1 4903.63 4906.80 
70.86 B3 4944.42 4947.82 
70.86 120 13 04 50
70.86 244 0.37
70.865 22 0.23
70.865 23 1.28
70.865 25 0.00
70.865 30 0.00
70.865 B1 4905.36 4908.45 
70.865 B3 4946.28 4949.59 
70.865 120 13 04 50
70.865 244 0.37
70.87 22 0.23
70.87 23 1.28
70.87 25 0.00
70.87 30 0.00
70.87 B1 4907.36 4910.36 
70.87 B3 4948.32 4951.54 
70.87 120 13 04 50
70.87 244 0.37
70.875 22 0.22
70.875 23 1.27
70.875 25 0.00
70.875 30 0.00
70.875 B1 4909.50 4912.42 
70.875 B3 4950.46 4953.60 
70.875 120 13 04 50
70.875 244 0.38
70.88 22 0.22
70.88 23 1.27
70.88 25 0.00
70.88 30 0.00
70.88 B1 4913.06 4915.91 
70.88 B3 4953.88 4956.94 
70.88 120 13 04 50
70.88 244 0.38
70.885 22 0.21
70.885 23 1.28
70.885 25 0.00
70.885 30 0.00
70.885 B1 4916.15 4918.92 
70.885 B3 4956.98 4959.96 
70.885 120 13 04 50
70.885 244 0.37
70.89 22 0.21
70.89 23 1.28
70.89 25 0.00
70.89 30 0.00
70.89 B1 4917.63 4920.33 
70.89 B3 4958.66 4961.56 
70.89 120 13 04 50
70.89 244 0.38
70.895 22 0.20
70.895 23 1.28
70.895 25 0.00
70.895 30 0.00
70.895 B1 4920.80 4923.43 
70.895 B3 4961.77 4964.60 
70.895 120 13 04 50
70.895 244 0.38
70.9 22 0.20
70.9 23 1.28
70.9 25 0.00
70.9 30 0.00
70.9 B1 4923.65 4926.21 
70.9 B3 4964.65 4967.41 
70.9 120 13 04 50
70.9 244 0.38
70.905 22 0.19
70.905 23 1.29
70.905 25 0.00
70.905 30 0.00
70.905 B1 4926.32 4928.82 
70.905 B3 4967.38 4970.07 
70.905 120 13 04 50
70.905 244 0.38
70.91 22 0.19
70.91 23 1.29
70.91 25 0.00
70.91 30 0.00
70.91 B1 4928.88 4931.31 
70.91 B3 4970.02 4972.64 
70.91 120 13 04 50
70.91 244 0.38
70.915 22 0.19
70.915 23 1.29
70.915 25 0.00
70.915 30 0.00
70.915 B1 4931.37 4933.74 
70.915 B3 4972.58 4975.13 
70.915 120 13 04 50
70.915 244 0.37
70.92 22 0.18
70.92 23 1.29
70.92 25 0.00
70.92 30 0.00
70.92 B1 4932.51 4934.82 
70.92 B3 4973.90 4976.38 
70.92 120 13 04 50
70.92 244 0.37
70.925 22 0.18
70.925 23 1.28
70.925 25 0.00
70.925 30 0.00
70.925 B1 4934.14 4936.38 
70.925 B3 4975.57 4977.98 
70.925 120 13 04 50
70.925 244 0.38
70.93 22 0.17
70.93 23 1.27
70.93 25 0.00
70.93 30 0.00
70.93 B1 4937.38 4939.57 
70.93 B3 4978.65 4981.01 
70.93 120 13 04 50
70.93 244 0.38
70.935 22 0.17
70.935 23 1.28
70.935 25 0.00
70.935 30 0.00
70.935 B1 4940.27 4942.41 
70.935 B3 4981.52 4983.81 
70.935 120 13 04 50
70.935 244 0.38
70.93999 22 0.17
70.93999 23 1.28
70.93999 25 0.00
70.93999 30 0.00
70.93999 B1 4942.96 4945.04 
70.93999 B3 4984.23 4986.47 
70.93999 120 13 04 50
70.93999 244 0.38
70.945 22 0.16
70.945 23 1.28
70.945 25 0.00
70.945 30 0.00
70.945 B1 4945.53 4947.55 
70.945 B3 4986.85 4989.03 
70.945 120 13 04 50
70.945 244 0.38
70.95 22 0.16
70.95 23 1.28
70.95 25 0.00
70.95 30 0.00
70.95 B1 4948.02 4949.99 
70.95 B3 4989.40 4991.52 
70.95 120 13 04 50
70.95 244 0.38
70.955 22 0.16
70.955 23 1.28
70.955 25 0.00
70.955 30 0.00
70.955 B1 4950.47 4952.39 
70.955 B3 4991.90 4993.97 
70.955 120 13 04 50
70.955 244 0.38
70.96 22 0.15
70.96 23 1.28
70.96 25 0.00
70.96 30 0.00
70.96 B1 4952.89 4954.76 
70.96 B3 4994.37 4996.39 
70.96 120 13 04 50
70.96 244 0.38
70.965 22 0.15
70.965 23 1.28
70.965 25 0.00
70.965 30 0.00
70.965 B1 4955.30 4957.12 
70.965 B3 4996.82 4998.78 
70.965 120 13 04 50
70.965 244 0.38
70.97 22 0.15
70.97 23 1.28
70.97 25 0.00
70.97 30 0.00
70.97 B1 4957.69 4959.47 
70.97 B3 4999.25 5001.17 
70.97 120 13 04 50
70.97 244 0.38
70.975 22 0.14
70.975 23 1.28
70.975 25 0.00
70.975 30 0.00
70.975 B1 4960.08 4961.81 
70.975 B3 5001.67 5003.54 
70.975 120 13 04 50
70.975 244 0.38
70.98 22 0.14
70.98 23 1.28
70.98 25 0.00
70.98 30 0.00
70.98 B1 4962.46 4964.15 
70.98 B3 5004.08 5005.90 
70.98 120 13 04 50
70.98 244 0.38
70.985 22 0.14
70.985 23 1.28
70.985 25 0.00
70.985 30 0.00
70.985 B1 4964.84 4966.48 
70.985 B3 5006.49 5008.26 
70.985 120 13 04 50
70.985 244 0.38
70.99 22 0.14
70.99 23 1.28
70.99 25 0.00
70.99 30 0.00
70.99 B1 4967.22 4968.82 
70.99 B3 5008.89 5010.62 
70.99 120 13 04 50
70.99 244 0.38
70.995 22 0.13
70.995 23 1.28
70.995 25 0.00
70.995 30 0.00
70.995 B1 4969.59 4971.15 
70.995 B3 5011.29 5012.97 
70.995 120 13 04 50
70.995 244 0.38
71 22 0.13
71 23 1.28
71 25 0.00
71 30 0.00
71 B1 4971.96 4973.48 
71 B3 5013.68 5015.33 
71 120 13 04 50
71 244 0.38
71.005 22 0.13
71.005 23 1.28
71.005 25 0.00
71.005 30 0.00
71.005 B1 4975.65 4977.13 
71.005 B3 5017.27 5018.87 
71.005 120 13 04 50
71.005 244 0.38
71.01 22 0.12
71.01 23 1.29
71.01 25 0.00
71.01 30 0.00
71.01 B1 4978.83 4980.27 
71.01 B3 5020.48 5022.05 
71.01 120 13 04 50
71.01 244 0.38
71.015 22 0.12
71.015 23 1.29
71.015 25 0.00
71.015 30 0.00
71.015 B1 4980.37 4981.78 
71.015 B3 5022.25 5023.77 
71.015 120 13 04 50
71.015 244 0.38
71.02 22 0.12
71.02 23 1.29
71.02 25 0.00
71.02 30 0.00
71.02 B1 4982.25 4983.62 
71.02 B3 5024.21 5025.70 
71.02 120 13 04 50
71.02 244 0.38
71.025 22 0.12
71.025 23 1.28
71.025 25 0.00
71.025 30 0.00
71.025 B1 4985.64 4986.98 
71.025 B3 5027.51 5028.96 
71.025 120 13 04 50
71.025 244 0.38
71.03 22 0.11
71.03 23 1.29
71.03 25 0.00
71.03 30 0.00
71.03 B1 4987.31 4988.62 
71.03 B3 5029.33 5030.74 
71.03 120 13 04 50
71.03 244 0.38
71.035 22 0.11
71.035 23 1.28
71.035 25 0.00
71.035 30 0.00
71.035 B1 4989.26 4990.53 
71.035 B3 5031.33 5032.71 
71.035 120 13 04 50
71.035 244 0.38
71.04 22 0.11
71.04 23 1.28
71.04 25 0.00
71.04 30 0.00
71.04 B1 4992.70 4993.94 
71.04 B3 5034.65 5035.99 
71.04 120 13 04 50
71.04 244 0.38
71.045 22 0.11
71.045 23 1.29
71.045 25 0.00
71.045 30 0.00
71.045 B1 4995.72 4996.92 
71.045 B3 5037.68 5038.98 
71.045 120 13 04 50
71.045 244 0.38
71.05 22 0.10
71.05 23 1.29
71.05 25 0.00
71.05 30 0.00
71.05 B1 4998.49 4999.66 
71.05 B3 5040.51 5041.79 
71.05 120 13 04 50
71.05 244 0.38
71.055 22 0.10
71.055 23 1.29
71.055 25 0.00
71.055 30 0.00
71.055 B1 5001.11 5002.25 
71.055 B3 5043.21 5044.46 
71.055 120 13 04 50
71.055 244 0.38
71.06 22 0.10
71.06 23 1.29
71.06 25 0.00
71.06 30 0.00
71.06 B1 5002.32 5003.43 
71.06 B3 5044.63 5045.84 
71.06 120 13 04 50
71.06 244 0.38
71.06499 22 0.10
71.06499 23 1.29
71.06499 25 0.00
71.06499 30 0.00
71.06499 B1 5005.31 5006.39 
71.06499 B3 5047.55 5048.73 
71.06499 120 13 04 50
71.06499 244 0.38
71.07 22 0.10
71.07 23 1.29
71.07 25 0.00
71.07 30 0.00
71.07 B1 5008.06 5009.12 
71.07 B3 5050.30 5051.45 
71.07 120 13 04 50
71.07 244 0.38
71.075 22 0.09
71.075 23 1.29
71.075 25 0.00
71.075 30 0.00
71.075 B1 5010.66 5011.70 
71.075 B3 5052.95 5054.07 
71.075 120 13 04 50
71.075 244 0.38
71.08 22 0.09
71.08 23 1.29
71.08 25 0.00
71.08 30 0.00
71.08 B1 5013.18 5014.19 
71.08 B3 5055.52 5056.61 
71.08 120 13 04 50
71.08 244 0.38
71.085 22 0.09
71.085 23 1.29
71.085 25 0.00
71.085 30 0.00
71.085 B1 5015.65 5016.64 
71.085 B3 5058.04 5059.11 
71.085 120 13 04 50
71.085 244 0.38
71.09 22 0.09
71.09 23 1.29
71.09 25 0.00
71.09 30 0.00
71.09 B1 5018.09 5019.05 
71.09 B3 5060.53 5061.57 
71.09 120 13 04 50
71.09 244 0.38
71.095 22 0.09
71.095 23 1.29
71.095 25 0.00
71.095 30 0.00
71.095 B1 5020.51 5021.44 
71.095 B3 5062.99 5064.01 
71.095 120 13 04 50
71.095 244 0.38
71.1 22 0.08
71.1 23 1.29
71.1 25 0.00
71.1 30 0.00
71.1 B1 5022.91 5023.82 
71.1 B3 5065.44 5066.43 
71.1 120 13 04 50
71.1 244 0.38
71.105 22 0.08
71.105 23 1.29
71.105 25 0.00
71.105 30 0.00
71.105 B1 5025.31 5026.20 
71.105 B3 5067.87 5068.83 
71.105 120 13 04 50
71.105 244 0.39
71.11 22 0.08
71.11 23 1.29
71.11 25 0.00
71.11 30 0.00
71.11 B1 5029.02 5029.89 
71.11 B3 5071.49 5072.43 
71.11 120 13 04 50
71.11 244 0.39
71.115 22 0.08
71.115 23 1.30
71.115 25 0.00
71.115 30 0.00
71.115 B1 5032.22 5033.07 
71.115 B3 5074.73 5075.65 
71.115 120 13 04 50
71.115 244 0.39
71.12 22 0.08
71.12 23 1.31
71.12 25 0.00
71.12 30 0.00
71.12 B1 5035.11 5035.94 
71.12 B3 5077.72 5078.62 
71.12 120 13 04 50
71.12 244 0.39
71.125 22 0.08
71.125 23 1.31
71.125 25 0.00
71.125 30 0.00
71.125 B1 5037.82 5038.62 
71.125 B3 5080.54 5081.42 
71.125 120 13 04 50
71.125 244 0.39
71.13 22 0.07
71.13 23 1.31
71.13 25 0.00
71.13 30 0.00
71.13 B1 5040.41 5041.20 
71.13 B3 5083.25 5084.10 
71.13 120 13 04 50
71.13 244 0.39
71.135 22 0.07
71.135 23 1.31
71.135 25 0.00
71.135 30 0.00
71.135 B1 5044.26 5045.02 
71.135 B3 5087.07 5087.90 
71.135 120 13 04 50
71.135 244 0.39
71.14 22 0.07
71.14 23 1.32
71.14 25 0.00
71.14 30 0.00
71.14 B1 5047.56 5048.30 
71.14 B3 5090.46 5091.27 
71.14 120 13 04 50
71.14 244 0.39
71.145 22 0.07
71.145 23 1.33
71.145 25 0.00
71.145 30 0.00
71.145 B1 5050.52 5051.25 
71.145 B3 5093.57 5094.36 
71.145 120 13 04 50
71.145 244 0.39
71.15 22 0.07
71.15 23 1.33
71.15 25 0.00
71.15 30 0.00
71.15 B1 5053.29 5054.00 
71.15 B3 5096.49 5097.26 
71.15 120 13 04 50
71.15 244 0.39
71.155 22 0.07
71.155 23 1.33
71.155 25 0.00
71.155 30 0.00
71.155 B1 5054.62 5055.31 
71.155 B3 5098.07 5098.83 
71.155 120 13 04 50
71.155 244 0.39
71.16 22 0.06
71.16 23 1.33
71.16 25 0.00
71.16 30 0.00
71.16 B1 5056.39 5057.06 
71.16 B3 5099.94 5100.67 
71.16 120 13 04 50
71.16 244 0.39
71.165 22 0.06
71.165 23 1.32
71.165 25 0.00
71.165 30 0.00
71.165 B1 5058.42 5059.07 
71.165 B3 5101.99 5102.70 
71.165 120 13 04 50
71.165 244 0.39
71.17 22 0.06
71.17 23 1.32
71.17 25 0.00
71.17 30 0.00
71.17 B1 5061.92 5062.56 
71.17 B3 5105.36 5106.05 
71.17 120 13 04 50
71.17 244 0.39
71.175 22 0.06
71.175 23 1.32
71.175 25 0.00
71.175 30 0.00
71.175 B1 5065.01 5065.63 
71.175 B3 5108.45 5109.13 
71.175 120 13 04 50
71.175 244 0.39
71.18 22 0.06
71.18 23 1.33
71.18 25 0.00
71.18 30 0.00
71.18 B1 5066.53 5067.14 
71.18 B3 5110.15 5110.81 
71.18 120 13 04 50
71.18 244 0.39
71.185 22 0.06
71.185 23 1.32
71.185 25 0.00
71.185 30 0.00
71.185 B1 5068.41 5069.00 
71.185 B3 5112.09 5112.73 
71.185 120 13 04 50
71.185 244 0.39
71.18999 22 0.06
71.18999 23 1.32
71.18999 25 0.00
71.18999 30 0.00
71.18999 B1 5070.50 5071.08 
71.18999 B3 5114.18 5114.81 
71.18999 120 13 04 50
71.18999 244 0.39
71.195 22 0.06
71.195 23 1.31
71.195 25 0.00
71.195 30 0.00
71.195 B1 5072.72 5073.29 
71.195 B3 5116.39 5117.00 
71.195 120 13 04 50
71.195 244 0.39
71.2 22 0.05
71.2 23 1.31
71.2 25 0.00
71.2 30 0.00
71.2 B1 5075.02 5075.57 
71.2 B3 5118.66 5119.26 
71.2 120 13 04 50
71.2 244 0.39
71.205 22 0.05
71.205 23 1.31
71.205 25 0.00
71.205 30 0.00
71.205 B1 5078.68 5079.21 
71.205 B3 5122.19 5122.77 
71.205 120 13 04 50
71.205 244 0.39
71.21 22 0.05
71.21 23 1.32
71.21 25 0.00
71.21 30 0.00
71.21 B1 5081.86 5082.38 
71.21 B3 5125.37 5125.94 
71.21 120 13 04 50
71.21 244 0.39
71.215 22 0.05
71.215 23 1.32
71.215 25 0.00
71.215 30 0.00
71.215 B1 5084.76 5085.26 
71.215 B3 5128.33 5128.89 
71.215 120 13 04 50
71.215 244 0.39
71.22 22 0.05
71.22 23 1.32
71.22 25 0.00
71.22 30 0.00
71.22 B1 5087.47 5087.97 
71.22 B3 5131.14 5131.68 
71.22 120 13 04 50
71.22 244 0.39
71.225 22 0.05
71.225 23 1.33
71.225 25 0.00
71.225 30 0.00
71.225 B1 5090.09 5090.57 
71.225 B3 5133.84 5134.37 
71.225 120 13 04 50
71.225 244 0.39
71.23 22 0.05
71.23 23 1.33
71.23 25 0.00
71.23 30 0.00
71.23 B1 5092.64 5093.11 
71.23 B3 5136.47 5136.99 
71.23 120 13 04 50
71.23 244 0.39
71.235 22 0.05
71.235 23 1.33
71.235 25 0.00
71.235 30 0.00
71.235 B1 5095.15 5095.60 
71.235 B3 5139.06 5139.56 
71.235 120 13 04 50
71.235 244 0.39
71.24 22 0.05
71.24 23 1.33
71.24 25 0.00
71.24 30 0.00
71.24 B1 5098.95 5099.40 
71.24 B3 5142.80 5143.29 
71.24 120 13 04 50
71.24 244 0.39
71.245 22 0.04
71.245 23 1.34
71.245 25 0.00
71.245 30 0.00
71.245 B1 5102.24 5102.67 
71.245 B3 5146.15 5146.63 
71.245 120 13 04 50
71.245 244 0.39
71.25 22 0.04
71.25 23 1.34
71.25 25 0.00
71.25 30 0.00
71.25 B1 5105.21 5105.64 
71.25 B3 5149.25 5149.71 
71.25 120 13 04 50
71.25 244 0.39
71.255 22 0.04
71.255 23 1.35
71.255 25 0.00
71.255 30 0.00
71.255 B1 5107.99 5108.41 
71.255 B3 5152.15 5152.61 
71.255 120 13 04 50
71.255 244 0.39
71.26 22 0.04
71.26 23 1.35
71.26 25 0.00
71.26 30 0.00
71.26 B1 5110.66 5111.07 
71.26 B3 5154.94 5155.39 
71.26 120 13 04 50
71.26 244 0.39
71.265 22 0.04
71.265 23 1.35
71.265 25 0.00
71.265 30 0.00
71.265 B1 5113.26 5113.66 
71.265 B3 5157.64 5158.08 
71.265 120 13 04 50
71.265 244 0.39
71.27 22 0.04
71.27 23 1.35
71.27 25 0.00
71.27 30 0.00
71.27 B1 5115.82 5116.20 
71.27 B3 5160.29 5160.71 
71.27 120 13 04 50
71.27 244 0.39
71.275 22 0.04
71.275 23 1.35
71.275 25 0.00
71.275 30 0.00
71.275 B1 5118.35 5118.73 
71.275 B3 5162.90 5163.31 
71.275 120 13 04 50
71.275 244 0.39
71.28 22 0.04
71.28 23 1.35
71.28 25 0.00
71.28 30 0.00
71.28 B1 5120.86 5121.23 
71.28 B3 5165.47 5165.88 
71.28 120 13 04 50
71.28 244 0.39
71.285 22 0.04
71.285 23 1.35
71.285 25 0.00
71.285 30 0.00
71.285 B1 5123.37 5123.73 
71.285 B3 5168.03 5168.42 
71.285 120 13 04 50
71.285 244 0.39
71.29 22 0.04
71.29 23 1.35
71.29 25 0.00
71.29 30 0.00
71.29 B1 5125.87 5126.22 
71.29 B3 5170.57 5170.96 
71.29 120 13 04 50
71.29 244 0.39
71.295 22 0.04
71.295 23 1.35
71.295 25 0.00
71.295 30 0.00
71.295 B1 5128.36 5128.70 
71.295 B3 5173.10 5173.48 
71.295 120 13 04 50
71.295 244 0.39
71.3 22 0.04
71.3 23 1.35
71.3 25 0.00
71.3 30 0.00
71.3 B1 5130.85 5131.18 
71.3 B3 5175.63 5175.99 
71.3 120 13 04 50
71.3 244 0.39
71.305 22 0.03
71.305 23 1.35
71.305 25 0.00
71.305 30 0.00
71.305 B1 5133.34 5133.66 
71.305 B3 5178.15 5178.51 
71.305 120 13 04 50
71.305 244 0.39
71.31 22 0.03
71.31 23 1.35
71.31 25 0.00
71.31 30 0.00
71.31 B1 5135.82 5136.14 
71.31 B3 5180.66 5181.01 
71.31 120 13 04 50
71.31 244 0.39
71.31499 22 0.03
71.31499 23 1.34
71.31499 25 0.00
71.31499 30 0.00
71.31499 B1 5138.31 5138.62 
71.31499 B3 5183.17 5183.51 
71.31499 120 13 04 50
71.31499 244 0.39
71.32 22 0.03
71.32 23 1.34
71.32 25 0.00
71.32 30 0.00
71.32 B1 5140.79 5141.09 
71.32 B3 5185.68 5186.01 
71.32 120 13 04 50
71.32 244 0.39
71.325 22 0.03
71.325 23 1.34
71.325 25 0.00
71.325 30 0.00
71.325 B1 5143.27 5143.57 
71.325 B3 5188.19 5188.51 
71.325 120 13 04 50
71.325 244 0.39
71.33 22 0.03
71.33 23 1.34
71.33 25 0.00
71.33 30 0.00
71.33 B1 5145.75 5146.04 
71.33 B3 5190.69 5191.01 
71.33 120 13 04 50
71.33 244 0.40
71.335 22 0.03
71.335 23 1.34
71.335 25 0.00
71.335 30 0.00
71.335 B1 5149.55 5149.83 
71.335 B3 5194.39 5194.70 
71.335 120 13 04 50
71.335 244 0.40
71.34 22 0.03
71.34 23 1.35
71.34 25 0.00
71.34 30 0.00
71.34 B1 5152.85 5153.12 
71.34 B3 5197.73 5198.03 
71.34 120 13 04 50
71.34 244 0.40
71.345 22 0.03
71.345 23 1.36
71.345 25 0.00
71.345 30 0.00
71.345 B1 5155.84 5156.11 
71.345 B3 5200.82 5201.11 
71.345 120 13 04 50
71.345 244 0.40
71.35 22 0.03
71.35 23 1.36
71.35 25 0.00
71.35 30 0.00
71.35 B1 5158.65 5158.91 
71.35 B3 5203.73 5204.02 
71.35 120 13 04 50
71.35 244 0.40
71.355 22 0.03
71.355 23 1.36
71.355 25 0.00
71.355 30 0.00
71.355 B1 5161.35 5161.60 
71.355 B3 5206.53 5206.81 
71.355 120 13 04 50
71.355 244 0.40
71.36 22 0.03
71.36 23 1.36
71.36 25 0.00
71.36 30 0.00
71.36 B1 5163.97 5164.22 
71.36 B3 5209.26 5209.53 
71.36 120 13 04 50
71.36 244 0.39
71.365 22 0.03
71.365 23 1.36
71.365 25 0.00
71.365 30 0.00
71.365 B1 5165.23 5165.48 
71.365 B3 5210.73 5210.99 
71.365 120 13 04 50
71.365 244 0.40
71.37 22 0.03
71.37 23 1.35
71.37 25 0.00
71.37 30 0.00
71.37 B1 5168.29 5168.52 
71.37 B3 5213.72 5213.97 
71.37 120 13 04 50
71.37 244 0.40
71.375 22 0.03
71.375 23 1.36
71.375 25 0.00
71.375 30 0.00
71.375 B1 5171.14 5171.37 
71.375 B3 5216.56 5216.81 
71.375 120 13 04 50
71.375 244 0.40
71.38 22 0.02
71.38 23 1.36
71.38 25 0.00
71.38 30 0.00
71.38 B1 5173.85 5174.07 
71.38 B3 5219.31 5219.56 
71.38 120 13 04 50
71.38 244 0.39
71.385 22 0.02
71.385 23 1.36
71.385 25 0.00
71.385 30 0.00
71.385 B1 5175.17 5175.39 
71.385 B3 5220.79 5221.03 
71.385 120 13 04 50
71.385 244 0.40
71.39 22 0.02
71.39 23 1.35
71.39 25 0.00
71.39 30 0.00
71.39 B1 5178.26 5178.47 
71.39 B3 5223.79 5224.03 
71.39 120 13 04 50
71.39 244 0.39
71.395 22 0.02
71.395 23 1.35
71.395 25 0.00
71.395 30 0.00
71.395 B1 5179.80 5180.01 
71.395 B3 5225.45 5225.68 
71.395 120 13 04 50
71.395 244 0.39
71.4 22 0.02
71.4 23 1.35
71.4 25 0.00
71.4 30 0.00
71.4 B1 5181.70 5181.90 
71.4 B3 5227.36 5227.59 
71.4 120 13 04 50
71.4 244 0.39
71.405 22 0.02
71.405 23 1.34
71.405 25 0.00
71.405 30 0.00
71.405 B1 5183.82 5184.02 
71.405 B3 5229.45 5229.67 
71.405 120 13 04 50
71.405 244 0.39
71.41 22 0.02
71.41 23 1.34
71.41 25 0.00
71.41 30 0.00
71.41 B1 5186.07 5186.26 
71.41 B3 5231.66 5231.88 
71.41 120 13 04 50
71.41 244 0.39
71.415 22 0.02
71.415 23 1.33
71.415 25 0.00
71.415 30 0.00
71.415 B1 5188.41 5188.59 
71.415 B3 5233.96 5234.16 
71.415 120 13 04 50
71.415 244 0.39
71.42 22 0.02
71.42 23 1.33
71.42 25 0.00
71.42 30 0.00
71.42 B1 5190.79 5190.97 
71.42 B3 5236.30 5236.51 
71.42 120 13 04 50
71.42 244 0.40
71.425 22 0.02
71.425 23 1.33
71.425 25 0.00
71.425 30 0.00
71.425 B1 5194.52 5194.70 
71.425 B3 5239.89 5240.08 
71.425 120 13 04 50
71.425 244 0.39
71.43 22 0.02
71.43 23 1.34
71.43 25 0.00
71.43 30 0.00
71.43 B1 5196.45 5196.62 
71.43 B3 5241.94 5242.13 
71.43 120 13 04 50
71.43 244 0.39
71.435 22 0.02
71.435 23 1.33
71.435 25 0.00
71.435 30 0.00
71.435 B1 5198.59 5198.76 
71.435 B3 5244.13 5244.31 
71.435 120 13 04 50
71.435 244 0.39
71.43999 22 0.02
71.43999 23 1.33
71.43999 25 0.00
71.43999 30 0.00
71.43999 B1 5200.84 5201.01 
71.43999 B3 5246.40 5246.58 
71.43999 120 13 04 50
71.43999 244 0.39
71.445 22 0.02
71.445 23 1.33
71.445 25 0.00
71.445 30 0.00
71.445 B1 5203.17 5203.34 
71.445 B3 5248.73 5248.91 
71.445 120 13 04 50
71.445 244 0.39
71.45 22 0.02
71.45 23 1.33
71.45 25 0.00
71.45 30 0.00
71.45 B1 5205.55 5205.71 
71.45 B3 5251.10 5251.28 
71.45 120 13 04 50
71.45 244 0.39
71.455 22 0.02
71.455 23 1.33
71.455 25 0.00
71.455 30 0.00
71.455 B1 5207.95 5208.10 
71.455 B3 5253.51 5253.68 
71.455 120 13 04 50
71.455 244 0.39
71.46 22 0.02
71.46 23 1.33
71.46 25 0.00
71.46 30 0.00
71.46 B1 5210.37 5210.52 
71.46 B3 5255.93 5256.09 
71.46 120 13 04 50
71.46 244 0.39
71.465 22 0.02
71.465 23 1.32
71.465 25 0.00
71.465 30 0.00
71.465 B1 5212.80 5212.95 
71.465 B3 5258.36 5258.52 
71.465 120 13 04 50
71.465 244 0.39
71.47 22 0.02
71.47 23 1.32
71.47 25 0.00
71.47 30 0.00
71.47 B1 5215.24 5215.38 
71.47 B3 5260.80 5260.96 
71.47 120 13 04 50
71.47 244 0.39
71.475 22 0.02
71.475 23 1.32
71.475 25 0.00
71.475 30 0.00
71.475 B1 5217.67 5217.81 
71.475 B3 5263.24 5263.40 
71.475 120 13 04 50
71.475 244 0.39
71.48 22 0.02
71.48 23 1.32
71.48 25 0.00
71.48 30 0.00
71.48 B1 5220.11 5220.25 
71.48 B3 5265.69 5265.84 
71.48 120 13 04 50
71.48 244 0.39
71.485 22 0.02
71.485 23 1.32
71.485 25 0.00
71.485 30 0.00
71.485 B1 5222.55 5222.68 
71.485 B3 5268.14 5268.29 
71.485 120 13 04 50
71.485 244 0.39
71.49 22 0.02
71.49 23 1.32
71.49 25 0.00
71.49 30 0.00
71.49 B1 5224.99 5225.11 
71.49 B3 5270.59 5270.74 
71.49 120 13 04 50
71.49 244 0.39
71.495 22 0.02
71.495 23 1.32
71.495 25 0.00
71.495 30 0.00
71.495 B1 5227.42 5227.55 
71.495 B3 5273.05 5273.19 
71.495 120 13 04 50
71.495 244 0.39
71.5 22 0.01
71.5 23 1.32
71.5 25 0.00
71.5 30 0.00
71.5 B1 5229.86 5229.98 
71.5 B3 5275.50 5275.63 
71.5 120 13 04 50
71.5 244 0.39
71.505 22 0.01
71.505 23 1.32
71.505 25 0.00
71.505 30 0.00
71.505 B1 5232.29 5232.41 
71.505 B3 5277.95 5278.08 
71.505 120 13 04 50
71.505 244 0.39
71.51 22 0.01
71.51 23 1.32
71.51 25 0.00
71.51 30 0.00
71.51 B1 5234.72 5234.84 
71.51 B3 5280.40 5280.53 
71.51 120 13 04 50
71.51 244 0.39
71.515 22 0.01
71.515 23 1.32
71.515 25 0.00
71.515 30 0.00
71.515 B1 5237.16 5237.27 
71.515 B3 5282.85 5282.98 
71.515 120 13 04 50
71.515 244 0.39
71.52 22 0.01
71.52 23 1.32
71.52 25 0.00
71.52 30 0.00
71.52 B1 5239.59 5239.70 
71.52 B3 5285.30 5285.42 
71.52 120 13 04 50
71.52 244 0.39
71.525 22 0.01
71.525 23 1.32
71.525 25 0.00
71.525 30 0.00
71.525 B1 5242.02 5242.13 
71.525 B3 5287.74 5287.87 
71.525 120 13 04 50
71.525 244 0.39
71.53 22 0.01
71.53 23 1.32
71.53 25 0.00
71.53 30 0.00
71.53 B1 5243.12 5243.23 
71.53 B3 5288.99 5289.11 
71.53 120 13 04 50
71.53 244 0.39
71.535 22 0.01
71.535 23 1.31
71.535 25 0.00
71.535 30 0.00
71.535 B1 5244.72 5244.82 
71.535 B3 5290.60 5290.71 
71.535 120 13 04 50
71.535 244 0.39
71.54 22 0.01
71.54 23 1.30
71.54 25 0.00
71.54 30 0.00
71.54 B1 5246.62 5246.72 
71.54 B3 5292.44 5292.56 
71.54 120 13 04 50
71.54 244 0.39
71.545 22 0.01
71.545 23 1.29
71.545 25 0.00
71.545 30 0.00
71.545 B1 5248.70 5248.80 
71.545 B3 5294.46 5294.57 
71.545 120 13 04 50
71.545 244 0.39
71.55 22 0.01
71.55 23 1.29
71.55 25 0.00
71.55 30 0.00
71.55 B1 5250.90 5250.99 
71.55 B3 5296.58 5296.69 
71.55 120 13 04 50
71.55 244 0.39
71.555 22 0.01
71.555 23 1.29
71.555 25 0.00
71.555 30 0.00
71.555 B1 5253.16 5253.25 
71.555 B3 5298.79 5298.90 
71.555 120 13 04 50
71.555 244 0.39
71.56 22 0.01
71.56 23 1.29
71.56 25 0.00
71.56 30 0.00
71.56 B1 5255.46 5255.55 
71.56 B3 5301.05 5301.15 
71.56 120 13 04 50
71.56 244 0.39
71.56499 22 0.01
71.56499 23 1.29
71.56499 25 0.00
71.56499 30 0.00
71.56499 B1 5256.47 5256.56 
71.56499 B3 5302.15 5302.25 
71.56499 120 13 04 50
71.56499 244 0.39
71.57 22 0.01
71.57 23 1.28
71.57 25 0.00
71.57 30 0.00
71.57 B1 5257.98 5258.07 
71.57 B3 5303.63 5303.73 
71.57 120 13 04 50
71.57 244 0.39
71.575 22 0.01
71.575 23 1.27
71.575 25 0.00
71.575 30 0.00
71.575 B1 5259.80 5259.89 
71.575 B3 5305.37 5305.47 
71.575 120 13 04 50
71.575 244 0.38
71.58 22 0.01
71.58 23 1.26
71.58 25 0.00
71.58 30 0.00
71.58 B1 5260.49 5260.58 
71.58 B3 5306.10 5306.19 
71.58 120 13 04 50
71.58 244 0.38
71.585 22 0.01
71.585 23 1.25
71.585 25 0.00
71.585 30 0.00
71.585 B1 5261.79 5261.87 
71.585 B3 5307.30 5307.38 
71.585 120 13 04 50
71.585 244 0.38
71.59 22 0.01
71.59 23 1.24
71.59 25 0.00
71.59 30 0.00
71.59 B1 5263.46 5263.54 
71.59 B3 5308.83 5308.91 
71.59 120 13 04 50
71.59 244 0.38
71.595 22 0.01
71.595 23 1.24
71.595 25 0.00
71.595 30 0.00
71.595 B1 5265.36 5265.43 
71.595 B3 5310.58 5310.67 
71.595 120 13 04 50
71.595 244 0.38
71.6 22 0.01
71.6 23 1.23
71.6 25 0.00
71.6 30 0.00
71.6 B1 5267.39 5267.47 
71.6 B3 5312.49 5312.57 
71.6 120 13 04 50
71.6 244 0.38
71.605 22 0.01
71.605 23 1.23
71.605 25 0.00
71.605 30 0.00
71.605 B1 5269.51 5269.59 
71.605 B3 5314.51 5314.59 
71.605 120 13 04 50
71.605 244 0.38
71.61 22 0.01
71.61 23 1.23
71.61 25 0.00
71.61 30 0.00
71.61 B1 5270.36 5270.43 
71.61 B3 5315.41 5315.48 
71.61 120 13 04 50
71.61 244 0.38
71.615 22 0.01
71.615 23 1.22
71.615 25 0.00
71.615 30 0.00
71.615 B1 5271.73 5271.80 
71.615 B3 5316.70 5316.78 
71.615 120 13 04 50
71.615 244 0.38
71.62 22 0.01
71.62 23 1.21
71.62 25 0.00
71.62 30 0.00
71.62 B1 5273.42 5273.49 
71.62 B3 5318.28 5318.36 
71.62 120 13 04 50
71.62 244 0.38
71.625 22 0.01
71.625 23 1.20
71.625 25 0.00
71.625 30 0.00
71.625 B1 5275.31 5275.38 
71.625 B3 5320.05 5320.13 
71.625 120 13 04 50
71.625 244 0.38
71.63 22 0.01
71.63 23 1.20
71.63 25 0.00
71.63 30 0.00
71.63 B1 5277.32 5277.38 
71.63 B3 5321.96 5322.03 
71.63 120 13 04 50
71.63 244 0.38
71.635 22 0.01
71.635 23 1.20
71.635 25 0.00
71.635 30 0.00
71.635 B1 5279.39 5279.46 
71.635 B3 5323.95 5324.02 
71.635 120 13 04 50
71.635 244 0.38
71.64 22 0.01
71.64 23 1.20
71.64 25 0.00
71.64 30 0.00
71.64 B1 5281.52 5281.58 
71.64 B3 5326.01 5326.08 
71.64 120 13 04 50
71.64 244 0.37
71.645 22 0.01
71.645 23 1.20
71.645 25 0.00
71.645 30 0.00
71.645 B1 5282.35 5282.41 
71.645 B3 5326.91 5326.98 
71.645 120 13 04 50
71.645 244 0.37
71.65 22 0.01
71.65 23 1.19
71.65 25 0.00
71.65 30 0.00
71.65 B1 5282.36 5282.42 
71.65 B3 5327.00 5327.07 
71.65 120 13 04 50
71.65 244 0.37
71.655 22 0.01
71.655 23 1.17
71.655 25 0.00
71.655 30 0.00
71.655 B1 5283.17 5283.23 
71.655 B3 5327.71 5327.77 
71.655 120 13 04 50
71.655 244 0.37
71.66 22 0.01
71.66 23 1.16
71.66 25 0.00
71.66 30 0.00
71.66 B1 5284.47 5284.52 
71.66 B3 5328.84 5328.90 
71.66 120 13 04 50
71.66 244 0.37
71.665 22 0.01
71.665 23 1.15
71.665 25 0.00
71.665 30 0.00
71.665 B1 5284.75 5284.81 
71.665 B3 5329.06 5329.12 
71.665 120 13 04 50
71.665 244 0.37
71.67 22 0.01
71.67 23 1.14
71.67 25 0.00
71.67 30 0.00
71.67 B1 5285.71 5285.76 
71.67 B3 5329.85 5329.90 
71.67 120 13 04 50
71.67 244 0.36
71.675 22 0.01
71.675 23 1.13
71.675 25 0.00
71.675 30 0.00
71.675 B1 5285.76 5285.81 
71.675 B3 5329.81 5329.87 
71.675 120 13 04 50
71.675 244 0.36
71.68 22 0.01
71.68 23 1.11
71.68 25 0.00
71.68 30 0.00
71.68 B1 5285.23 5285.28 
71.68 B3 5329.21 5329.26 
71.68 120 13 04 50
71.68 244 0.35
71.685 22 0.01
71.685 23 1.09
71.685 25 0.00
71.685 30 0.00
71.685 B1 5284.32 5284.37 
71.685 B3 5328.18 5328.23 
71.685 120 13 04 50
71.685 244 0.35
71.68999 22 0.01
71.68999 23 1.07
71.68999 25 0.00
71.68999 30 0.00
71.68999 B1 5284.48 5284.53 
71.68999 B3 5328.04 5328.09 
71.68999 120 13 04 50
71.68999 244 0.35
71.695 22 0.01
71.695 23 1.06
71.695 25 0.00
71.695 30 0.00
71.695 B1 5285.30 5285.35 
71.695 B3 5328.51 5328.56 
71.695 120 13 04 50
71.695 244 0.35
71.7 22 0.01
71.7 23 1.05
71.7 25 0.00
71.7 30 0.00
71.7 B1 5286.52 5286.57 
71.7 B3 5329.41 5329.46 
71.7 120 13 04 50
71.7 244 0.35
71.705 22 0.01
71.705 23 1.04
71.705 25 0.00
71.705 30 0.00
71.705 B1 5288.00 5288.04 
71.705 B3 5330.60 5330.65 
71.705 120 13 04 50
71.705 244 0.35
71.71 22 0.01
71.71 23 1.03
71.71 25 0.00
71.71 30 0.00
71.71 B1 5289.63 5289.67 
71.71 B3 5332.00 5332.04 
71.71 120 13 04 50
71.71 244 0.35
71.715 22 0.01
71.715 23 1.03
71.715 25 0.00
71.715 30 0.00
71.715 B1 5291.35 5291.39 
71.715 B3 5333.54 5333.58 
71.715 120 13 04 50
71.715 244 0.35
71.72 22 0.01
71.72 23 1.03
71.72 25 0.00
71.72 30 0.00
71.72 B1 5291.80 5291.85 
71.72 B3 5333.98 5334.02 
71.72 120 13 04 50
71.72 244 0.35
71.725 22 0.01
71.725 23 1.02
71.725 25 0.00
71.725 30 0.00
71.725 B1 5292.78 5292.82 
71.725 B3 5334.84 5334.88 
71.725 120 13 04 50
71.725 244 0.35
71.73 22 0.01
71.73 23 1.01
71.73 25 0.00
71.73 30 0.00
71.73 B1 5294.08 5294.12 
71.73 B3 5335.99 5336.03 
71.73 120 13 04 50
71.73 244 0.35
71.735 22 0.01
71.735 23 1.01
71.735 25 0.00
71.735 30 0.00
71.735 B1 5295.57 5295.61 
71.735 B3 5337.34 5337.38 
71.735 120 13 04 50
71.735 244 0.35
71.74 22 0.01
71.74 23 1.00
71.74 25 0.00
71.74 30 0.00
71.74 B1 5297.19 5297.23 
71.74 B3 5338.83 5338.87 
71.74 120 13 04 50
71.74 244 0.35
71.745 22 0.01
71.745 23 1.00
71.745 25 0.00
71.745 30 0.00
71.745 B1 5297.56 5297.60 
71.745 B3 5339.22 5339.26 
71.745 120 13 04 50
71.745 244 0.35
71.75 22 0.01
71.75 23 0.99
71.75 25 0.00
71.75 30 0.00
71.75 B1 5298.46 5298.50 
71.75 B3 5340.03 5340.07 
71.75 120 13 04 50
71.75 244 0.35
71.755 22 0.00
71.755 23 0.98
71.755 25 0.00
71.755 30 0.00
71.755 B1 5299.69 5299.72 
71.755 B3 5341.12 5341.16 
71.755 120 13 04 50
71.755 244 0.34
71.76 22 0.00
71.76 23 0.98
71.76 25 0.00
71.76 30 0.00
71.76 B1 5299.80 5299.83 
71.76 B3 5341.22 5341.26 
71.76 120 13 04 50
71.76 244 0.34
71.765 22 0.00
71.765 23 0.96
71.765 25 0.00
71.765 30 0.00
71.765 B1 5300.52 5300.55 
71.765 B3 5341.81 5341.85 
71.765 120 13 04 50
71.765 244 0.34
71.77 22 0.00
71.77 23 0.96
71.77 25 0.00
71.77 30 0.00
71.77 B1 5300.29 5300.32 
71.77 B3 5341.54 5341.58 
71.77 120 13 04 50
71.77 244 0.34
71.775 22 0.00
71.775 23 0.94
71.775 25 0.00
71.775 30 0.00
71.775 B1 5300.78 5300.81 
71.775 B3 5341.86 5341.89 
71.775 120 13 04 50
71.775 244 0.33
71.78 22 0.00
71.78 23 0.93
71.78 25 0.00
71.78 30 0.00
71.78 B1 5299.06 5299.10 
71.78 B3 5340.19 5340.22 
71.78 120 13 04 50
71.78 244 0.32
71.785 22 0.00
71.785 23 0.91
71.785 25 0.00
71.785 30 0.00
71.785 B1 5294.64 5294.67 
71.785 B3 5335.91 5335.94 
71.785 120 13 04 50
71.785 244 0.32
71.79 22 0.00
71.79 23 0.86
71.79 25 0.00
71.79 30 0.00
71.79 B1 5292.42 5292.45 
71.79 B3 5333.36 5333.39 
71.79 120 13 04 50
71.79 244 0.32
71.795 22 0.00
71.795 23 0.83
71.795 25 0.00
71.795 30 0.00
71.795 B1 5291.58 5291.61 
71.795 B3 5332.00 5332.04 
71.795 120 13 04 50
71.795 244 0.32
71.8 22 0.00
71.8 23 0.81
71.8 25 0.00
71.8 30 0.00
71.8 B1 5291.59 5291.62 
71.8 B3 5331.48 5331.51 
71.8 120 13 04 50
71.8 244 0.31
71.805 22 0.00
71.805 23 0.80
71.805 25 0.00
71.805 30 0.00
71.805 B1 5290.81 5290.84 
71.805 B3 5330.34 5330.37 
71.805 120 13 04 50
71.805 244 0.31
71.81 22 0.00
71.81 23 0.78
71.81 25 0.00
71.81 30 0.00
71.81 B1 5290.84 5290.87 
71.81 B3 5329.94 5329.97 
71.81 120 13 04 50
71.81 244 0.31
71.81499 22 0.00
71.81499 23 0.77
71.81499 25 0.00
71.81499 30 0.00
71.81499 B1 5290.05 5290.07 
71.81499 B3 5328.88 5328.90 
71.81499 120 13 04 50
71.81499 244 0.30
71.82 22 0.00
71.82 23 0.75
71.82 25 0.00
71.82 30 0.00
71.82 B1 5287.40 5287.43 
71.82 B3 5326.13 5326.15 
71.82 120 13 04 50
71.82 244 0.30
71.825 22 0.00
71.825 23 0.73
71.825 25 0.00
71.825 30 0.00
71.825 B1 5286.21 5286.24 
71.825 B3 5324.57 5324.59 
71.825 120 13 04 50
71.825 244 0.29
71.83 22 0.00
71.83 23 0.71
71.83 25 0.00
71.83 30 0.00
71.83 B1 5281.96 5281.99 
71.83 B3 5320.25 5320.27 
71.83 120 13 04 50
71.83 244 0.29
71.835 22 0.00
71.835 23 0.67
71.835 25 0.00
71.835 30 0.00
71.835 B1 5279.72 5279.74 
71.835 B3 5317.55 5317.57 
71.835 120 13 04 50
71.835 244 0.29
71.84 22 0.00
71.84 23 0.64
71.84 25 0.00
71.84 30 0.00
71.84 B1 5277.40 5277.42 
71.84 B3 5314.78 5314.80 
71.84 120 13 04 50
71.84 244 0.27
71.845 22 0.00
71.845 23 0.61
71.845 25 0.00
71.845 30 0.00
71.845 B1 5271.04 5271.06 
71.845 B3 5308.36 5308.38 
71.845 120 13 04 50
71.845 244 0.25
71.85 22 0.00
71.85 23 0.56
71.85 25 0.00
71.85 30 0.00
71.85 B1 5260.79 5260.81 
71.85 B3 5298.13 5298.16 
71.85 120 13 04 50
71.85 244 0.24
71.855 22 0.00
71.855 23 0.48
71.855 25 0.00
71.855 30 0.00
71.855 B1 5251.96 5251.98 
71.855 B3 5288.77 5288.79 
71.855 120 13 04 50
71.855 244 0.24
71.86 22 0.00
71.86 23 0.40
71.86 25 0.00
71.86 30 0.00
71.86 B1 5246.63 5246.65 
71.86 B3 5282.36 5282.39 
71.86 120 13 04 50
71.86 244 0.23
71.865 22 0.00
71.865 23 0.36
71.865 25 0.00
71.865 30 0.00
71.865 B1 5238.20 5238.22 
71.865 B3 5273.23 5273.25 
71.865 120 13 04 50
71.865 244 0.23
71.87 22 0.00
71.87 23 0.29
71.87 25 0.00
71.87 30 0.00
71.87 B1 5233.03 5233.05 
71.87 B3 5266.91 5266.93 
71.87 120 13 04 50
71.87 244 0.23
71.875 22 0.00
71.875 23 0.25
71.875 25 0.00
71.875 30 0.00
71.875 B1 5229.89 5229.91 
71.875 B3 5262.54 5262.56 
71.875 120 13 04 50
71.875 244 0.22
71.88 22 0.00
71.88 23 0.22
71.88 25 0.00
71.88 30 0.00
71.88 B1 5226.71 5226.73 
71.88 B3 5258.36 5258.38 
71.88 120 13 04 50
71.88 244 0.22
71.885 22 0.00
71.885 23 0.19
71.885 25 0.00
71.885 30 0.00
71.885 B1 5224.79 5224.81 
71.885 B3 5255.47 5255.48 
71.885 120 13 04 50
71.885 244 0.23
71.89 22 0.00
71.89 23 0.17
71.89 25 0.00
71.89 30 0.00
71.89 B1 5224.99 5225.00 
71.89 B3 5254.68 5254.70 
71.89 120 13 04 50
71.89 244 0.23
71.895 22 0.00
71.895 23 0.17
71.895 25 0.00
71.895 30 0.00
71.895 B1 5225.20 5225.21 
71.895 B3 5254.18 5254.20 
71.895 120 13 04 50
71.895 244 0.23
71.9 22 0.00
71.9 23 0.16
71.9 25 0.00
71.9 30 0.00
71.9 B1 5225.42 5225.43 
71.9 B3 5253.88 5253.90 
71.9 120 13 04 50
71.9 244 0.23
71.905 22 0.00
71.905 23 0.16
71.905 25 0.00
71.905 30 0.00
71.905 B1 5226.96 5226.98 
71.905 B3 5254.93 5254.94 
71.905 120 13 04 50
71.905 244 0.23
71.91 22 0.00
71.91 23 0.17
71.91 25 0.00
71.91 30 0.00
71.91 B1 5226.71 5226.73 
71.91 B3 5254.53 5254.54 
71.91 120 13 04 50
71.91 244 0.23
71.915 22 0.00
71.915 23 0.17
71.915 25 0.00
71.915 30 0.00
71.915 B1 5227.96 5227.97 
71.915 B3 5255.50 5255.52 
71.915 120 13 04 50
71.915 244 0.23
71.92 22 0.00
71.92 23 0.17
71.92 25 0.00
71.92 30 0.00
71.92 B1 5228.84 5228.86 
71.92 B3 5256.25 5256.27 
71.92 120 13 04 50
71.92 244 0.23
71.925 22 0.00
71.925 23 0.18
71.925 25 0.00
71.925 30 0.00
71.925 B1 5229.50 5229.51 
71.925 B3 5256.85 5256.86 
71.925 120 13 04 50
71.925 244 0.23
71.93 22 0.00
71.93 23 0.18
71.93 25 0.00
71.93 30 0.00
71.93 B1 5230.01 5230.02 
71.93 B3 5257.34 5257.36 
71.93 120 13 04 50
71.93 244 0.23
71.935 22 0.00
71.935 23 0.18
71.935 25 0.00
71.935 30 0.00
71.935 B1 5230.42 5230.44 
71.935 B3 5257.76 5257.77 
71.935 120 13 04 50
71.935 244 0.23
71.93999 22 0.00
71.93999 23 0.18
71.93999 25 0.00
71.93999 30 0.00
71.93999 B1 5230.78 5230.80 
71.93999 B3 5258.13 5258.14 
71.93999 120 13 04 50
71.93999 244 0.23
71.945 22 0.00
71.945 23 0.18
71.945 25 0.00
71.945 30 0.00
71.945 B1 5231.11 5231.12 
71.945 B3 5258.46 5258.47 
71.945 120 13 04 50
71.945 244 0.23
71.95 22 0.00
71.95 23 0.18
71.95 25 0.00
71.95 30 0.00
71.95 B1 5230.09 5230.10 
71.95 B3 5257.57 5257.58 
71.95 120 13 04 50
71.95 244 0.23
71.955 22 0.00
71.955 23 0.17
71.955 25 0.00
71.955 30 0.00
71.955 B1 5229.53 5229.54 
71.955 B3 5257.01 5257.02 
71.955 120 13 04 50
71.955 244 0.23
71.96 22 0.00
71.96 23 0.17
71.96 25 0.00
71.96 30 0.00
71.96 B1 5229.26 5229.27 
71.96 B3 5256.68 5256.69 
71.96 120 13 04 50
71.96 244 0.23
71.965 22 0.00
71.965 23 0.16
71.965 25 0.00
71.965 30 0.00
71.965 B1 5229.17 5229.18 
71.965 B3 5256.51 5256.53 
71.965 120 13 04 50
71.965 244 0.22
71.97 22 0.00
71.97 23 0.16
71.97 25 0.00
71.97 30 0.00
71.97 B1 5227.88 5227.89 
71.97 B3 5255.26 5255.27 
71.97 120 13 04 50
71.97 244 0.22
71.975 22 0.00
71.975 23 0.15
71.975 25 0.00
71.975 30 0.00
71.975 B1 5227.13 5227.13 
71.975 B3 5254.43 5254.44 
71.975 120 13 04 50
71.975 244 0.22
71.98 22 0.00
71.98 23 0.14
71.98 25 0.00
71.98 30 0.00
71.98 B1 5226.72 5226.73 
71.98 B3 5253.90 5253.91 
71.98 120 13 04 50
71.98 244 0.22
71.985 22 0.00
71.985 23 0.14
71.985 25 0.00
71.985 30 0.00
71.985 B1 5226.52 5226.53 
71.985 B3 5253.58 5253.59 
71.985 120 13 04 50
71.985 244 0.22
71.99 22 0.00
71.99 23 0.14
71.99 25 0.00
71.99 30 0.00
71.99 B1 5226.46 5226.47 
71.99 B3 5253.40 5253.41 
71.99 120 13 04 50
71.99 244 0.22
71.995 22 0.00
71.995 23 0.13
71.995 25 0.00
71.995 30 0.00
71.995 B1 5226.48 5226.49 
71.995 B3 5253.32 5253.33 
71.995 120 13 04 50
71.995 244 0.22
72 22 0.00
72 23 0.13
72 25 0.00
72 30 0.00
72 B1 5225.23 5225.24 
72 B3 5252.12 5252.13 
72 120 13 04 50
72 244 0.22
72.005 22 0.00
72.005 23 0.12
72.005 25 0.00
72.005 30 0.00
72.005 B1 5224.49 5224.50 
72.005 B3 5251.31 5251.32 
72.005 120 13 04 50
72.005 244 0.22
72.01 22 0.00
72.01 23 0.12
72.01 25 0.00
72.01 30 0.00
72.01 B1 5225.39 5225.40 
72.01 B3 5251.97 5251.98 
72.01 120 13 04 50
72.01 244 0.22
72.015 22 0.00
72.015 23 0.12
72.015 25 0.00
72.015 30 0.00
72.015 B1 5226.01 5226.02 
72.015 B3 5252.48 5252.49 
72.015 120 13 04 50
72.015 244 0.22
72.02 22 0.00
72.02 23 0.12
72.02 25 0.00
72.02 30 0.00
72.02 B1 5225.14 5225.14 
72.02 B3 5251.69 5251.70 
72.02 120 13 04 50
72.02 244 0.22
72.025 22 0.00
72.025 23 0.12
72.025 25 0.00
72.025 30 0.00
72.025 B1 5224.63 5224.64 
72.025 B3 5251.17 5251.18 
72.025 120 13 04 50
72.025 244 0.22
72.03 22 0.00
72.03 23 0.11
72.03 25 0.00
72.03 30 0.00
72.03 B1 5224.35 5224.36 
72.03 B3 5250.84 5250.85 
72.03 120 13 04 50
72.03 244 0.22
72.035 22 0.00
72.035 23 0.11
72.035 25 0.00
72.035 30 0.00
72.035 B1 5224.22 5224.22 
72.035 B3 5250.64 5250.65 
72.035 120 13 04 50
72.035 244 0.22
72.04 22 0.00
72.04 23 0.11
72.04 25 0.00
72.04 30 0.00
72.04 B1 5224.17 5224.18 
72.04 B3 5250.54 5250.54 
72.04 120 13 04 50
72.04 244 0.22
72.045 22 0.00
72.045 23 0.11
72.045 25 0.00
72.045 30 0.00
72.045 B1 5222.86 5222.87 
72.045 B3 5249.30 5249.31 
72.045 120 13 04 50
72.045 244 0.22
72.05 22 0.00
72.05 23 0.10
72.05 25 0.00
72.05 30 0.00
72.05 B1 5222.06 5222.07 
72.05 B3 5248.45 5248.46 
72.05 120 13 04 50
72.05 244 0.22
72.055 22 0.00
72.055 23 0.09
72.055 25 0.00
72.055 30 0.00
72.055 B1 5221.58 5221.59 
72.055 B3 5247.88 5247.88 
72.055 120 13 04 50
72.055 244 0.21
72.06 22 0.00
72.06 23 0.08
72.06 25 0.00
72.06 30 0.00
72.06 B1 5219.98 5219.99 
72.06 B3 5246.30 5246.30 
72.06 120 13 04 50
72.06 244 0.22
72.06499 22 0.00
72.06499 23 0.07
72.06499 25 0.00
72.06499 30 0.00
72.06499 B1 5220.30 5220.30 
72.06499 B3 5246.39 5246.40 
72.06499 120 13 04 50
72.06499 244 0.22
72.07 22 0.00
72.07 23 0.07
72.07 25 0.00
72.07 30 0.00
72.07 B1 5220.52 5220.52 
72.07 B3 5246.47 5246.48 
72.07 120 13 04 50
72.07 244 0.22
72.075 22 0.00
72.075 23 0.07
72.075 25 0.00
72.075 30 0.00
72.075 B1 5220.68 5220.69 
72.075 B3 5246.55 5246.55 
72.075 120 13 04 50
72.075 244 0.21
72.08 22 0.00
72.08 23 0.07
72.08 25 0.00
72.08 30 0.00
72.08 B1 5219.48 5219.48 
72.08 B3 5245.42 5245.42 
72.08 120 13 04 50
72.08 244 0.21
72.085 22 0.00
72.085 23 0.07
72.085 25 0.00
72.085 30 0.00
72.085 B1 5218.73 5218.73 
72.085 B3 5244.63 5244.64 
72.085 120 13 04 50
72.085 244 0.21
72.09 22 0.00
72.09 23 0.06
72.09 25 0.00
72.09 30 0.00
72.09 B1 5218.26 5218.26 
72.09 B3 5244.08 5244.09 
72.09 120 13 04 50
72.09 244 0.21
72.095 22 0.00
72.095 23 0.06
72.095 25 0.00
72.095 30 0.00
72.095 B1 5217.97 5217.97 
72.095 B3 5243.70 5243.71 
72.095 120 13 04 50
72.095 244 0.21
72.1 22 0.00
72.1 23 0.05
72.1 25 0.00
72.1 30 0.00
72.1 B1 5217.79 5217.79 
72.1 B3 5243.44 5243.44 
72.1 120 13 04 50
72.1 244 0.21
72.105 22 0.00
72.105 23 0.05
72.105 25 0.00
72.105 30 0.00
72.105 B1 5216.35 5216.36 
72.105 B3 5242.06 5242.06 
72.105 120 13 04 50
72.105 244 0.20
72.11 22 0.00
72.11 23 0.04
72.11 25 0.00
72.11 30 0.00
72.11 B1 5212.80 5212.80 
72.11 B3 5238.69 5238.70 
72.11 120 13 04 50
72.11 244 0.20
72.115 22 0.00
72.115 23 0.02
72.115 25 0.00
72.115 30 0.00
72.115 B1 5210.51 5210.52 
72.115 B3 5236.29 5236.29 
72.115 120 13 04 50
72.115 244 0.20
72.12 22 0.00
72.12 23 0.00
72.12 25 0.00
72.12 30 0.00
72.12 B1 5209.03 5209.03 
72.12 B3 5234.57 5234.57 
72.12 120 13 04 50
72.12 244 0.20
72.125 22 0.00
72.125 23 -0.01
72.125 25 0.00
72.125 30 0.00
72.125 B1 5208.04 5208.05 
72.125 B3 5233.32 5233.32 
72.125 120 13 04 50
72.125 244 0.20
72.13 22 0.00
72.13 23 -0.02
72.13 25 0.00
72.13 30 0.00
72.13 B1 5207.37 5207.38 
72.13 B3 5232.40 5232.40 
72.13 120 13 04 50
72.13 244 0.20
72.135 22 0.00
72.135 23 -0.02
72.135 25 0.00
72.135 30 0.00
72.135 B1 5206.90 5206.91 
72.135 B3 5231.71 5231.71 
72.135 120 13 04 50
72.135 244 0.20
72.14 22 0.00
72.14 23 -0.02
72.14 25 0.00
72.14 30 0.00
72.14 B1 5205.23 5205.24 
72.14 B3 5229.98 5229.99 
72.14 120 13 04 50
72.14 244 0.20
72.145 22 0.00
72.145 23 -0.04
72.145 25 0.00
72.145 30 0.00
72.145 B1 5204.11 5204.12 
72.145 B3 5228.72 5228.72 
72.145 120 13 04 50
72.145 244 0.20
72.15 22 0.00
72.15 23 -0.04
72.15 25 0.00
72.15 30 0.00
72.15 B1 5203.34 5203.35 
72.15 B3 5227.77 5227.78 
72.15 120 13 04 50
72.15 244 0.20
72.155 22 0.00
72.155 23 -0.05
72.155 25 0.00
72.155 30 0.00
72.155 B1 5202.79 5202.79 
72.155 B3 5227.05 5227.05 
72.155 120 13 04 50
72.155 244 0.20
72.16 22 0.00
72.16 23 -0.05
72.16 25 0.00
72.16 30 0.00
72.16 B1 5202.37 5202.37 
72.16 B3 5226.48 5226.49 
72.16 120 13 04 50
72.16 244 0.20
72.165 22 0.00
72.165 23 -0.05
72.165 25 0.00
72.165 30 0.00
72.165 B1 5202.04 5202.04 
72.165 B3 5226.03 5226.03 
72.165 120 13 04 50
72.165 244 0.20
72.17 22 0.00
72.17 23 -0.05
72.17 25 0.00
72.17 30 0.00
72.17 B1 5201.75 5201.76 
72.17 B3 5225.65 5225.65 
72.17 120 13 04 50
72.17 244 0.20
72.175 22 0.00
72.175 23 -0.06
72.175 25 0.00
72.175 30 0.00
72.175 B1 5202.83 5202.83 
72.175 B3 5226.52 5226.52 
72.175 120 13 04 50
72.175 244 0.20
72.18 22 0.00
72.18 23 -0.05
72.18 25 0.00
72.18 30 0.00
72.18 B1 5203.45 5203.46 
72.18 B3 5227.09 5227.09 
72.18 120 13 04 50
72.18 244 0.20
72.185 22 0.00
72.185 23 -0.04
72.185 25 0.00
72.185 30 0.00
72.185 B1 5203.79 5203.79 
72.185 B3 5227.44 5227.44 
72.185 120 13 04 50
72.185 244 0.20
72.18999 22 0.00
72.18999 23 -0.04
72.18999 25 0.00
72.18999 30 0.00
72.18999 B1 5203.95 5203.95 
72.18999 B3 5227.64 5227.64 
72.18999 120 13 04 50
72.18999 244 0.20
72.195 22 0.00
72.195 23 -0.04
72.195 25 0.00
72.195 30 0.00
72.195 B1 5204.00 5204.00 
72.195 B3 5227.74 5227.74 
72.195 120 13 04 50
72.195 244 0.20
72.2 22 0.00
72.2 23 -0.03
72.2 25 0.00
72.2 30 0.00
72.2 B1 5205.29 5205.30 
72.2 B3 5228.96 5228.96 
72.2 120 13 04 50
72.2 244 0.20
72.205 22 0.00
72.205 23 -0.02
72.205 25 0.00
72.205 30 0.00
72.205 B1 5206.07 5206.08 
72.205 B3 5229.78 5229.79 
72.205 120 13 04 50
72.205 244 0.20
72.21 22 0.00
72.21 23 -0.02
72.21 25 0.00
72.21 30 0.00
72.21 B1 5206.53 5206.53 
72.21 B3 5230.33 5230.34 
72.21 120 13 04 50
72.21 244 0.20
72.215 22 0.00
72.215 23 -0.01
72.215 25 0.00
72.215 30 0.00
72.215 B1 5206.78 5206.78 
72.215 B3 5230.69 5230.69 
72.215 120 13 04 50
72.215 244 0.20
72.22 22 0.00
72.22 23 -0.01
72.22 25 0.00
72.22 30 0.00
72.22 B1 5206.90 5206.90 
72.22 B3 5230.91 5230.92 
72.22 120 13 04 50
72.22 244 0.20
72.225 22 0.00
72.225 23 -0.01
72.225 25 0.00
72.225 30 0.00
72.225 B1 5205.62 5205.62 
72.225 B3 5229.84 5229.85 
72.225 120 13 04 50
72.225 244 0.20
72.23 22 0.00
72.23 23 -0.02
72.23 25 0.00
72.23 30 0.00
72.23 B1 5206.08 5206.09 
72.23 B3 5230.25 5230.25 
72.23 120 13 04 50
72.23 244 0.20
72.235 22 0.00
72.235 23 -0.01
72.235 25 0.00
72.235 30 0.00
72.235 B1 5206.34 5206.34 
72.235 B3 5230.51 5230.51 
72.235 120 13 04 50
72.235 244 0.21
72.24 22 0.00
72.24 23 -0.01
72.24 25 0.00
72.24 30 0.00
72.24 B1 5207.79 5207.79 
72.24 B3 5231.86 5231.86 
72.24 120 13 04 50
72.24 244 0.21
72.245 22 0.00
72.245 23 0.00
72.245 25 0.00
72.245 30 0.00
72.245 B1 5208.68 5208.68 
72.245 B3 5232.79 5232.79 
72.245 120 13 04 50
72.245 244 0.21
72.25 22 0.00
72.25 23 0.01
72.25 25 0.00
72.25 30 0.00
72.25 B1 5209.22 5209.23 
72.25 B3 5233.42 5233.43 
72.25 120 13 04 50
72.25 244 0.21
72.255 22 0.00
72.255 23 0.01
72.255 25 0.00
72.255 30 0.00
72.255 B1 5209.55 5209.55 
72.255 B3 5233.86 5233.86 
72.255 120 13 04 50
72.255 244 0.21
72.26 22 0.00
72.26 23 0.02
72.26 25 0.00
72.26 30 0.00
72.26 B1 5209.73 5209.74 
72.26 B3 5234.15 5234.15 
72.26 120 13 04 50
72.26 244 0.21
72.265 22 0.00
72.265 23 0.02
72.265 25 0.00
72.265 30 0.00
72.265 B1 5211.15 5211.16 
72.265 B3 5235.54 5235.54 
72.265 120 13 04 50
72.265 244 0.21
72.27 22 0.00
72.27 23 0.03
72.27 25 0.00
72.27 30 0.00
72.27 B1 5212.05 5212.05 
72.27 B3 5236.51 5236.51 
72.27 120 13 04 50
72.27 244 0.22
72.275 22 0.00
72.275 23 0.04
72.275 25 0.00
72.275 30 0.00
72.275 B1 5213.93 5213.93 
72.275 B3 5238.39 5238.39 
72.275 120 13 04 50
72.275 244 0.22
72.28 22 0.00
72.28 23 0.05
72.28 25 0.00
72.28 30 0.00
72.28 B1 5215.13 5215.13 
72.28 B3 5239.72 5239.72 
72.28 120 13 04 50
72.28 244 0.21
72.285 22 0.00
72.285 23 0.06
72.285 25 0.00
72.285 30 0.00
72.285 B1 5214.58 5214.58 
72.285 B3 5239.48 5239.48 
72.285 120 13 04 50
72.285 244 0.21
72.29 22 0.00
72.29 23 0.06
72.29 25 0.00
72.29 30 0.00
72.29 B1 5214.23 5214.24 
72.29 B3 5239.31 5239.31 
72.29 120 13 04 50
72.29 244 0.21
72.295 22 0.00
72.295 23 0.05
72.295 25 0.00
72.295 30 0.00
72.295 B1 5214.02 5214.02 
72.295 B3 5239.20 5239.20 
72.295 120 13 04 50
72.295 244 0.21
72.3 22 0.00
72.3 23 0.05
72.3 25 0.00
72.3 30 0.00
72.3 B1 5213.89 5213.89 
72.3 B3 5239.12 5239.12 
72.3 120 13 04 50
72.3 244 0.21
72.305 22 0.00
72.305 23 0.05
72.305 25 0.00
72.305 30 0.00
72.305 B1 5213.80 5213.81 
72.305 B3 5239.07 5239.08 
72.305 120 13 04 50
72.305 244 0.22
72.31 22 0.00
72.31 23 0.05
72.31 25 0.00
72.31 30 0.00
72.31 B1 5215.08 5215.08 
72.31 B3 5240.24 5240.24 
72.31 120 13 04 50
72.31 244 0.22
72.31499 22 0.00
72.31499 23 0.06
72.31499 25 0.00
72.31499 30 0.00
72.31499 B1 5215.89 5215.90 
72.31499 B3 5241.07 5241.07 
72.31499 120 13 04 50
72.31499 244 0.22
72.32 22 0.00
72.32 23 0.07
72.32 25 0.00
72.32 30 0.00
72.32 B1 5216.43 5216.43 
72.32 B3 5241.67 5241.67 
72.32 120 13 04 50
72.32 244 0.21
72.325 22 0.00
72.325 23 0.07
72.325 25 0.00
72.325 30 0.00
72.325 B1 5215.46 5215.46 
72.325 B3 5240.91 5240.91 
72.325 120 13 04 50
72.325 244 0.21
72.33 22 0.00
72.33 23 0.06
72.33 25 0.00
72.33 30 0.00
72.33 B1 5214.86 5214.86 
72.33 B3 5240.39 5240.39 
72.33 120 13 04 50
72.33 244 0.22
72.335 22 0.00
72.335 23 0.06
72.335 25 0.00
72.335 30 0.00
72.335 B1 5215.80 5215.80 
72.335 B3 5241.22 5241.22 
72.335 120 13 04 50
72.335 244 0.22
72.34 22 0.00
72.34 23 0.06
72.34 25 0.00
72.34 30 0.00
72.34 B1 5216.41 5216.41 
72.34 B3 5241.82 5241.82 
72.34 120 13 04 50
72.34 244 0.22
72.345 22 0.00
72.345 23 0.07
72.345 25 0.00
72.345 30 0.00
72.345 B1 5216.81 5216.82 
72.345 B3 5242.25 5242.25 
72.345 120 13 04 50
72.345 244 0.22
72.35 22 0.00
72.35 23 0.07
72.35 25 0.00
72.35 30 0.00
72.35 B1 5217.09 5217.09 
72.35 B3 5242.57 5242.58 
72.35 120 13 04 50
72.35 244 0.22
72.355 22 0.00
72.355 23 0.07
72.355 25 0.00
72.355 30 0.00
72.355 B1 5217.28 5217.28 
72.355 B3 5242.82 5242.82 
72.355 120 13 04 50
72.355 244 0.22
72.36 22 0.00
72.36 23 0.07
72.36 25 0.00
72.36 30 0.00
72.36 B1 5218.74 5218.74 
72.36 B3 5244.20 5244.20 
72.36 120 13 04 50
72.36 244 0.22
72.365 22 0.00
72.365 23 0.08
72.365 25 0.00
72.365 30 0.00
72.365 B1 5219.70 5219.70 
72.365 B3 5245.20 5245.20 
72.365 120 13 04 50
72.365 244 0.22
72.37 22 0.00
72.37 23 0.09
72.37 25 0.00
72.37 30 0.00
72.37 B1 5220.33 5220.33 
72.37 B3 5245.93 5245.94 
72.37 120 13 04 50
72.37 244 0.22
72.375 22 0.00
72.375 23 0.09
72.375 25 0.00
72.375 30 0.00
72.375 B1 5219.45 5219.45 
72.375 B3 5245.28 5245.28 
72.375 120 13 04 50
72.375 244 0.22
72.38 22 0.00
72.38 23 0.09
72.38 25 0.00
72.38 30 0.00
72.38 B1 5218.91 5218.91 
72.38 B3 5244.85 5244.85 
72.38 120 13 04 50
72.38 244 0.22
72.385 22 0.00
72.385 23 0.08
72.385 25 0.00
72.385 30 0.00
72.385 B1 5219.92 5219.92 
72.385 B3 5245.76 5245.76 
72.385 120 13 04 50
72.385 244 0.22
72.39 22 0.00
72.39 23 0.09
72.39 25 0.00
72.39 30 0.00
72.39 B1 5220.59 5220.59 
72.39 B3 5246.42 5246.43 
72.39 120 13 04 50
72.39 244 0.22
72.395 22 0.00
72.395 23 0.10
72.395 25 0.00
72.395 30 0.00
72.395 B1 5221.05 5221.05 
72.395 B3 5246.92 5246.92 
72.395 120 13 04 50
72.395 244 0.22
72.4 22 0.00
72.4 23 0.10
72.4 25 0.00
72.4 30 0.00
72.4 B1 5221.37 5221.37 
72.4 B3 5247.30 5247.31 
72.4 120 13 04 50
72.4 244 0.22
72.405 22 0.00
72.405 23 0.10
72.405 25 0.00
72.405 30 0.00
72.405 B1 5221.62 5221.62 
72.405 B3 5247.60 5247.60 
72.405 120 13 04 50
72.405 244 0.22
72.41 22 0.00
72.41 23 0.10
72.41 25 0.00
72.41 30 0.00
72.41 B1 5223.13 5223.13 
72.41 B3 5249.04 5249.04 
72.41 120 13 04 50
72.41 244 0.22
72.415 22 0.00
72.415 23 0.11
72.415 25 0.00
72.415 30 0.00
72.415 B1 5224.13 5224.13 
72.415 B3 5250.09 5250.09 
72.415 120 13 04 50
72.415 244 0.22
72.42 22 0.00
72.42 23 0.12
72.42 25 0.00
72.42 30 0.00
72.42 B1 5224.82 5224.82 
72.42 B3 5250.88 5250.88 
72.42 120 13 04 50
72.42 244 0.22
72.425 22 0.00
72.425 23 0.12
72.425 25 0.00
72.425 30 0.00
72.425 B1 5225.30 5225.30 
72.425 B3 5251.47 5251.47 
72.425 120 13 04 50
72.425 244 0.22
72.43 22 0.00
72.43 23 0.12
72.43 25 0.00
72.43 30 0.00
72.43 B1 5225.66 5225.67 
72.43 B3 5251.93 5251.94 
72.43 120 13 04 50
72.43 244 0.22
72.435 22 0.00
72.435 23 0.13
72.435 25 0.00
72.435 30 0.00
72.435 B1 5225.95 5225.95 
72.435 B3 5252.31 5252.31 
72.435 120 13 04 50
72.435 244 0.22
72.43999 22 0.00
72.43999 23 0.13
72.43999 25 0.00
72.43999 30 0.00
72.43999 B1 5226.18 5226.18 
72.43999 B3 5252.62 5252.62 
72.43999 120 13 04 50
72.43999 244 0.22
72.445 22 0.00
72.445 23 0.13
72.445 25 0.00
72.445 30 0.00
72.445 B1 5226.39 5226.39 
72.445 B3 5252.88 5252.88 
72.445 120 13 04 50
72.445 244 0.22
72.45 22 0.00
72.45 23 0.13
72.45 25 0.00
72.45 30 0.00
72.45 B1 5225.25 5225.25 
72.45 B3 5251.91 5251.92 
72.45 120 13 04 50
72.45 244 0.22
72.455 22 0.00
72.455 23 0.12
72.455 25 0.00
72.455 30 0.00
72.455 B1 5225.90 5225.90 
72.455 B3 5252.47 5252.47 
72.455 120 13 04 50
72.455 244 0.22
72.46 22 0.00
72.46 23 0.12
72.46 25 0.00
72.46 30 0.00
72.46 B1 5226.36 5226.36 
72.46 B3 5252.90 5252.90 
72.46 120 13 04 50
72.46 244 0.22
72.465 22 0.00
72.465 23 0.13
72.465 25 0.00
72.465 30 0.00
72.465 B1 5225.39 5225.39 
72.465 B3 5252.06 5252.06 
72.465 120 13 04 50
72.465 244 0.22
72.47 22 0.00
72.47 23 0.12
72.47 25 0.00
72.47 30 0.00
72.47 B1 5224.82 5224.82 
72.47 B3 5251.50 5251.50 
72.47 120 13 04 50
72.47 244 0.22
72.475 22 0.00
72.475 23 0.11
72.475 25 0.00
72.475 30 0.00
72.475 B1 5225.82 5225.82 
72.475 B3 5252.34 5252.34 
72.475 120 13 04 50
72.475 244 0.22
72.48 22 0.00
72.48 23 0.12
72.48 25 0.00
72.48 30 0.00
72.48 B1 5225.18 5225.19 
72.48 B3 5251.77 5251.77 
72.48 120 13 04 50
72.48 244 0.22
72.485 22 0.00
72.485 23 0.11
72.485 25 0.00
72.485 30 0.00
72.485 B1 5224.83 5224.83 
72.485 B3 5251.41 5251.41 
72.485 120 13 04 50
72.485 244 0.22
72.49 22 0.00
72.49 23 0.11
72.49 25 0.00
72.49 30 0.00
72.49 B1 5224.64 5224.64 
72.49 B3 5251.19 5251.19 
72.49 120 13 04 50
72.49 244 0.22
72.495 22 0.00
72.495 23 0.11
72.495 25 0.00
72.495 30 0.00
72.495 B1 5224.57 5224.57 
72.495 B3 5251.07 5251.06 
72.495 120 13 04 50
72.495 244 0.22
72.5 22 0.00
72.5 23 0.11
72.5 25 0.00
72.5 30 0.00
72.5 B1 5224.56 5224.56 
72.5 B3 5251.01 5251.01 
72.5 120 13 04 50
72.5 244 0.22
72.505 22 0.00
72.505 23 0.10
72.505 25 0.00
72.505 30 0.00
72.505 B1 5225.91 5225.91 
72.505 B3 5252.20 5252.20 
72.505 120 13 04 50
72.505 244 0.22
72.51 22 0.00
72.51 23 0.11
72.51 25 0.00
72.51 30 0.00
72.51 B1 5226.82 5226.82 
72.51 B3 5253.07 5253.08 
72.51 120 13 04 50
72.51 244 0.22
72.515 22 0.00
72.515 23 0.12
72.515 25 0.00
72.515 30 0.00
72.515 B1 5227.44 5227.45 
72.515 B3 5253.73 5253.73 
72.515 120 13 04 50
72.515 244 0.22
72.52 22 0.00
72.52 23 0.12
72.52 25 0.00
72.52 30 0.00
72.52 B1 5227.89 5227.90 
72.52 B3 5254.24 5254.24 
72.52 120 13 04 50
72.52 244 0.23
72.525 22 0.00
72.525 23 0.12
72.525 25 0.00
72.525 30 0.00
72.525 B1 5229.55 5229.55 
72.525 B3 5255.84 5255.84 
72.525 120 13 04 50
72.525 244 0.23
72.53 22 0.00
72.53 23 0.13
72.53 25 0.00
72.53 30 0.00
72.53 B1 5230.67 5230.67 
72.53 B3 5257.01 5257.01 
72.53 120 13 04 50
72.53 244 0.23
72.535 22 0.00
72.535 23 0.14
72.535 25 0.00
72.535 30 0.00
72.535 B1 5231.44 5231.44 
72.535 B3 5257.90 5257.90 
72.535 120 13 04 50
72.535 244 0.23
72.54 22 0.00
72.54 23 0.15
72.54 25 0.00
72.54 30 0.00
72.54 B1 5232.00 5232.00 
72.54 B3 5258.58 5258.58 
72.54 120 13 04 50
72.54 244 0.23
72.545 22 0.00
72.545 23 0.15
72.545 25 0.00
72.545 30 0.00
72.545 B1 5232.43 5232.43 
72.545 B3 5259.12 5259.12 
72.545 120 13 04 50
72.545 244 0.22
72.55 22 0.00
72.55 23 0.15
72.55 25 0.00
72.55 30 0.00
72.55 B1 5231.45 5231.45 
72.55 B3 5258.36 5258.36 
72.55 120 13 04 50
72.55 244 0.22
72.555 22 0.00
72.555 23 0.14
72.555 25 0.00
72.555 30 0.00
72.555 B1 5230.89 5230.89 
72.555 B3 5257.88 5257.88 
72.555 120 13 04 50
72.555 244 0.22
72.56 22 0.00
72.56 23 0.14
72.56 25 0.00
72.56 30 0.00
72.56 B1 5230.60 5230.60 
72.56 B3 5257.59 5257.59 
72.56 120 13 04 50
72.56 244 0.22
72.56499 22 0.00
72.56499 23 0.14
72.56499 25 0.00
72.56499 30 0.00
72.56499 B1 5230.47 5230.48 
72.56499 B3 5257.43 5257.43 
72.56499 120 13 04 50
72.56499 244 0.23
72.57 22 0.00
72.57 23 0.13
72.57 25 0.00
72.57 30 0.00
72.57 B1 5231.77 5231.77 
72.57 B3 5258.57 5258.57 
72.57 120 13 04 50
72.57 244 0.23
72.575 22 0.00
72.575 23 0.14
72.575 25 0.00
72.575 30 0.00
72.575 B1 5232.66 5232.67 
72.575 B3 5259.42 5259.42 
72.575 120 13 04 50
72.575 244 0.23
72.58 22 0.00
72.58 23 0.15
72.58 25 0.00
72.58 30 0.00
72.58 B1 5233.30 5233.30 
72.58 B3 5260.07 5260.08 
72.58 120 13 04 50
72.58 244 0.23
72.585 22 0.00
72.585 23 0.15
72.585 25 0.00
72.585 30 0.00
72.585 B1 5233.77 5233.77 
72.585 B3 5260.60 5260.60 
72.585 120 13 04 50
72.585 244 0.23
72.59 22 0.00
72.59 23 0.15
72.59 25 0.00
72.59 30 0.00
72.59 B1 5234.14 5234.14 
72.59 B3 5261.02 5261.02 
72.59 120 13 04 50
72.59 244 0.23
72.595 22 0.00
72.595 23 0.15
72.595 25 0.00
72.595 30 0.00
72.595 B1 5234.45 5234.45 
72.595 B3 5261.38 5261.38 
72.595 120 13 04 50
72.595 244 0.23
72.6 22 0.00
72.6 23 0.15
72.6 25 0.00
72.6 30 0.00
72.6 B1 5234.72 5234.72 
72.6 B3 5261.69 5261.69 
72.6 120 13 04 50
72.6 244 0.23
72.605 22 0.00
72.605 23 0.15
72.605 25 0.00
72.605 30 0.00
72.605 B1 5236.28 5236.28 
72.605 B3 5263.17 5263.17 
72.605 120 13 04 50
72.605 244 0.23
72.61 22 0.00
72.61 23 0.16
72.61 25 0.00
72.61 30 0.00
72.61 B1 5237.35 5237.35 
72.61 B3 5264.28 5264.28 
72.61 120 13 04 50
72.61 244 0.23
72.615 22 0.00
72.615 23 0.17
72.615 25 0.00
72.615 30 0.00
72.615 B1 5238.12 5238.12 
72.615 B3 5265.13 5265.13 
72.615 120 13 04 50
72.615 244 0.23
72.62 22 0.00
72.62 23 0.17
72.62 25 0.00
72.62 30 0.00
72.62 B1 5237.37 5237.37 
72.62 B3 5264.60 5264.60 
72.62 120 13 04 50
72.62 244 0.23
72.625 22 0.00
72.625 23 0.17
72.625 25 0.00
72.625 30 0.00
72.625 B1 5238.30 5238.30 
72.625 B3 5265.50 5265.50 
72.625 120 13 04 50
72.625 244 0.23
72.63 22 0.00
72.63 23 0.17
72.63 25 0.00
72.63 30 0.00
72.63 B1 5238.97 5238.97 
72.63 B3 5266.20 5266.20 
72.63 120 13 04 50
72.63 244 0.23
72.635 22 0.00
72.635 23 0.18
72.635 25 0.00
72.635 30 0.00
72.635 B1 5239.49 5239.49 
72.635 B3 5266.76 5266.76 
72.635 120 13 04 50
72.635 244 0.23
72.64 22 0.00
72.64 23 0.18
72.64 25 0.00
72.64 30 0.00
72.64 B1 5239.90 5239.90 
72.64 B3 5267.24 5267.24 
72.64 120 13 04 50
72.64 244 0.23
72.645 22 0.00
72.645 23 0.18
72.645 25 0.00
72.645 30 0.00
72.645 B1 5238.94 5238.94 
72.645 B3 5266.45 5266.45 
72.645 120 13 04 50
72.645 244 0.23
72.65 22 0.00
72.65 23 0.17
72.65 25 0.00
72.65 30 0.00
72.65 B1 5238.41 5238.41 
72.65 B3 5265.96 5265.96 
72.65 120 13 04 50
72.65 244 0.23
72.655 22 0.00
72.655 23 0.16
72.655 25 0.00
72.655 30 0.00
72.655 B1 5238.15 5238.15 
72.655 B3 5265.68 5265.68 
72.655 120 13 04 50
72.655 244 0.23
72.66 22 0.00
72.66 23 0.16
72.66 25 0.00
72.66 30 0.00
72.66 B1 5238.06 5238.06 
72.66 B3 5265.54 5265.54 
72.66 120 13 04 50
72.66 244 0.23
72.665 22 0.00
72.665 23 0.16
72.665 25 0.00
72.665 30 0.00
72.665 B1 5238.09 5238.09 
72.665 B3 5265.51 5265.51 
72.665 120 13 04 50
72.665 244 0.23
72.67 22 0.00
72.67 23 0.16
72.67 25 0.00
72.67 30 0.00
72.67 B1 5238.18 5238.18 
72.67 B3 5265.55 5265.55 
72.67 120 13 04 50
72.67 244 0.23
72.675 22 0.00
72.675 23 0.16
72.675 25 0.00
72.675 30 0.00
72.675 B1 5238.31 5238.31 
72.675 B3 5265.63 5265.63 
72.675 120 13 04 50
72.675 244 0.23
72.68 22 0.00
72.68 23 0.16
72.68 25 0.00
72.68 30 0.00
72.68 B1 5238.46 5238.46 
72.68 B3 5265.75 5265.75 
72.68 120 13 04 50
72.68 244 0.23
72.685 22 0.00
72.685 23 0.15
72.685 25 0.00
72.685 30 0.00
72.685 B1 5238.64 5238.64 
72.685 B3 5265.90 5265.90 
72.685 120 13 04 50
72.685 244 0.23
72.68999 22 0.00
72.68999 23 0.15
72.68999 25 0.00
72.68999 30 0.00
72.68999 B1 5238.82 5238.82 
72.68999 B3 5266.06 5266.06 
72.68999 120 13 04 50
72.68999 244 0.23
72.695 22 0.00
72.695 23 0.15
72.695 25 0.00
72.695 30 0.00
72.695 B1 5239.01 5239.01 
72.695 B3 5266.23 5266.23 
72.695 120 13 04 50
72.695 244 0.23
72.7 22 0.00
72.7 23 0.15
72.7 25 0.00
72.7 30 0.00
72.7 B1 5239.21 5239.21 
72.7 B3 5266.42 5266.42 
72.7 120 13 04 50
72.7 244 0.23
72.705 22 0.00
72.705 23 0.15
72.705 25 0.00
72.705 30 0.00
72.705 B1 5240.72 5240.72 
72.705 B3 5267.80 5267.80 
72.705 120 13 04 50
72.705 244 0.23
72.71 22 0.00
72.71 23 0.16
72.71 25 0.00
72.71 30 0.00
72.71 B1 5241.77 5241.77 
72.71 B3 5268.84 5268.84 
72.71 120 13 04 50
72.71 244 0.23
72.715 22 0.00
72.715 23 0.17
72.715 25 0.00
72.715 30 0.00
72.715 B1 5242.52 5242.52 
72.715 B3 5269.65 5269.65 
72.715 120 13 04 50
72.715 244 0.23
72.72 22 0.00
72.72 23 0.17
72.72 25 0.00
72.72 30 0.00
72.72 B1 5243.08 5243.08 
72.72 B3 5270.28 5270.28 
72.72 120 13 04 50
72.72 244 0.23
72.725 22 0.00
72.725 23 0.18
72.725 25 0.00
72.725 30 0.00
72.725 B1 5243.52 5243.52 
72.725 B3 5270.80 5270.80 
72.725 120 13 04 50
72.725 244 0.23
72.73 22 0.00
72.73 23 0.18
72.73 25 0.00
72.73 30 0.00
72.73 B1 5243.89 5243.89 
72.73 B3 5271.24 5271.25 
72.73 120 13 04 50
72.73 244 0.23
72.735 22 0.00
72.735 23 0.18
72.735 25 0.00
72.735 30 0.00
72.735 B1 5244.22 5244.22 
72.735 B3 5271.63 5271.63 
72.735 120 13 04 50
72.735 244 0.23
72.74 22 0.00
72.74 23 0.18
72.74 25 0.00
72.74 30 0.00
72.74 B1 5244.51 5244.51 
72.74 B3 5271.97 5271.97 
72.74 120 13 04 50
72.74 244 0.23
72.745 22 0.00
72.745 23 0.18
72.745 25 0.00
72.745 30 0.00
72.745 B1 5244.79 5244.79 
72.745 B3 5272.29 5272.29 
72.745 120 13 04 50
72.745 244 0.23
72.75 22 0.00
72.75 23 0.18
72.75 25 0.00
72.75 30 0.00
72.75 B1 5245.06 5245.06 
72.75 B3 5272.59 5272.59 
72.75 120 13 04 50
72.75 244 0.23
72.755 22 0.00
72.755 23 0.18
72.755 25 0.00
72.755 30 0.00
72.755 B1 5245.32 5245.32 
72.755 B3 5272.87 5272.87 
72.755 120 13 04 50
72.755 244 0.23
72.76 22 0.00
72.76 23 0.18
72.76 25 0.00
72.76 30 0.00
72.76 B1 5245.57 5245.57 
72.76 B3 5273.14 5273.14 
72.76 120 13 04 50
72.76 244 0.23
72.765 22 0.00
72.765 23 0.18
72.765 25 0.00
72.765 30 0.00
72.765 B1 5245.83 5245.83 
72.765 B3 5273.41 5273.41 
72.765 120 13 04 50
72.765 244 0.23
72.77 22 0.00
72.77 23 0.18
72.77 25 0.00
72.77 30 0.00
72.77 B1 5246.08 5246.08 
72.77 B3 5273.67 5273.67 
72.77 120 13 04 50
72.77 244 0.24
72.775 22 0.00
72.775 23 0.18
72.775 25 0.00
72.775 30 0.00
72.775 B1 5247.65 5247.65 
72.775 B3 5275.13 5275.13 
72.775 120 13 04 50
72.775 244 0.23
72.78 22 0.00
72.78 23 0.19
72.78 25 0.00
72.78 30 0.00
72.78 B1 5247.42 5247.42 
72.78 B3 5275.04 5275.04 
72.78 120 13 04 50
72.78 244 0.23
72.785 22 0.00
72.785 23 0.19
72.785 25 0.00
72.785 30 0.00
72.785 B1 5247.37 5247.37 
72.785 B3 5275.05 5275.05 
72.785 120 13 04 50
72.785 244 0.23
72.79 22 0.00
72.79 23 0.18
72.79 25 0.00
72.79 30 0.00
72.79 B1 5246.11 5246.11 
72.79 B3 5273.94 5273.94 
72.79 120 13 04 50
72.79 244 0.23
72.795 22 0.00
72.795 23 0.17
72.795 25 0.00
72.795 30 0.00
72.795 B1 5245.40 5245.40 
72.795 B3 5273.22 5273.22 
72.795 120 13 04 50
72.795 244 0.23
72.8 22 0.00
72.8 23 0.17
72.8 25 0.00
72.8 30 0.00
72.8 B1 5245.03 5245.03 
72.8 B3 5272.78 5272.78 
72.8 120 13 04 50
72.8 244 0.23
72.805 22 0.00
72.805 23 0.16
72.805 25 0.00
72.805 30 0.00
72.805 B1 5244.87 5244.86 
72.805 B3 5272.54 5272.54 
72.805 120 13 04 50
72.805 244 0.23
72.81 22 0.00
72.81 23 0.16
72.81 25 0.00
72.81 30 0.00
72.81 B1 5244.84 5244.84 
72.81 B3 5272.42 5272.42 
72.81 120 13 04 50
72.81 244 0.23
72.81499 22 0.00
72.81499 23 0.16
72.81499 25 0.00
72.81499 30 0.00
72.81499 B1 5244.90 5244.90 
72.81499 B3 5272.40 5272.40 
72.81499 120 13 04 50
72.81499 244 0.23
72.82 22 0.00
72.82 23 0.16
72.82 25 0.00
72.82 30 0.00
72.82 B1 5246.33 5246.33 
72.82 B3 5273.64 5273.64 
72.82 120 13 04 50
72.82 244 0.23
72.825 22 0.00
72.825 23 0.16
72.825 25 0.00
72.825 30 0.00
72.825 B1 5247.32 5247.32 
72.825 B3 5274.58 5274.58 
72.825 120 13 04 50
72.825 244 0.23
72.83 22 0.00
72.83 23 0.17
72.83 25 0.00
72.83 30 0.00
72.83 B1 5246.71 5246.71 
72.83 B3 5274.12 5274.12 
72.83 120 13 04 50
72.83 244 0.23
72.835 22 0.00
72.835 23 0.16
72.835 25 0.00
72.835 30 0.00
72.835 B1 5246.41 5246.41 
72.835 B3 5273.85 5273.85 
72.835 120 13 04 50
72.835 244 0.23
72.84 22 0.00
72.84 23 0.16
72.84 25 0.00
72.84 30 0.00
72.84 B1 5246.29 5246.29 
72.84 B3 5273.73 5273.73 
72.84 120 13 04 50
72.84 244 0.23
72.845 22 0.00
72.845 23 0.16
72.845 25 0.00
72.845 30 0.00
72.845 B1 5246.29 5246.29 
72.845 B3 5273.70 5273.70 
72.845 120 13 04 50
72.845 244 0.23
72.85 22 0.00
72.85 23 0.16
72.85 25 0.00
72.85 30 0.00
72.85 B1 5246.36 5246.36 
72.85 B3 5273.74 5273.74 
72.85 120 13 04 50
72.85 244 0.23
72.855 22 0.00
72.855 23 0.15
72.855 25 0.00
72.855 30 0.00
72.855 B1 5246.48 5246.48 
72.855 B3 5273.82 5273.82 
72.855 120 13 04 50
72.855 244 0.23
72.86 22 0.00
72.86 23 0.15
72.86 25 0.00
72.86 30 0.00
72.86 B1 5246.63 5246.63 
72.86 B3 5273.94 5273.94 
72.86 120 13 04 50
72.86 244 0.23
72.865 22 0.00
72.865 23 0.15
72.865 25 0.00
72.865 30 0.00
72.865 B1 5246.79 5246.79 
72.865 B3 5274.09 5274.09 
72.865 120 13 04 50
72.865 244 0.23
72.87 22 0.00
72.87 23 0.15
72.87 25 0.00
72.87 30 0.00
72.87 B1 5246.97 5246.97 
72.87 B3 5274.24 5274.24 
72.87 120 13 04 50
72.87 244 0.23
72.875 22 0.00
72.875 23 0.15
72.875 25 0.00
72.875 30 0.00
72.875 B1 5247.16 5247.16 
72.875 B3 5274.41 5274.41 
72.875 120 13 04 50
72.875 244 0.23
72.88 22 0.00
72.88 23 0.15
72.88 25 0.00
72.88 30 0.00
72.88 B1 5247.35 5247.35 
72.88 B3 5274.59 5274.59 
72.88 120 13 04 50
72.88 244 0.23
72.885 22 0.00
72.885 23 0.15
72.885 25 0.00
72.885 30 0.00
72.885 B1 5248.86 5248.86 
72.885 B3 5275.97 5275.97 
72.885 120 13 04 50
72.885 244 0.23
72.89 22 0.00
72.89 23 0.16
72.89 25 0.00
72.89 30 0.00
72.89 B1 5248.58 5248.58 
72.89 B3 5275.81 5275.81 
72.89 120 13 04 50
72.89 244 0.23
72.895 22 0.00
72.895 23 0.16
72.895 25 0.00
72.895 30 0.00
72.895 B1 5248.48 5248.48 
72.895 B3 5275.76 5275.76 
72.895 120 13 04 50
72.895 244 0.23
72.9 22 0.00
72.9 23 0.16
72.9 25 0.00
72.9 30 0.00
72.9 B1 5248.49 5248.49 
72.9 B3 5275.78 5275.78 
72.9 120 13 04 50
72.9 244 0.23
72.905 22 0.00
72.905 23 0.15
72.905 25 0.00
72.905 30 0.00
72.905 B1 5248.57 5248.57 
72.905 B3 5275.86 5275.86 
72.905 120 13 04 50
72.905 244 0.23
72.91 22 0.00
72.91 23 0.15
72.91 25 0.00
72.91 30 0.00
72.91 B1 5248.69 5248.69 
72.91 B3 5275.97 5275.97 
72.91 120 13 04 50
72.91 244 0.23
72.915 22 0.00
72.915 23 0.15
72.915 25 0.00
72.915 30 0.00
72.915 B1 5248.84 5248.84 
72.915 B3 5276.11 5276.11 
72.915 120 13 04 50
72.915 244 0.23
72.92 22 0.00
72.92 23 0.15
72.92 25 0.00
72.92 30 0.00
72.92 B1 5249.01 5249.01 
72.92 B3 5276.26 5276.26 
72.92 120 13 04 50
72.92 244 0.22
72.925 22 0.00
72.925 23 0.15
72.925 25 0.00
72.925 30 0.00
72.925 B1 5247.86 5247.86 
72.925 B3 5275.23 5275.23 
72.925 120 13 04 50
72.925 244 0.23
72.93 22 0.00
72.93 23 0.14
72.93 25 0.00
72.93 30 0.00
72.93 B1 5248.52 5248.52 
72.93 B3 5275.76 5275.76 
72.93 120 13 04 50
72.93 244 0.23
72.935 22 0.00
72.935 23 0.15
72.935 25 0.00
72.935 30 0.00
72.935 B1 5249.01 5249.01 
72.935 B3 5276.18 5276.18 
72.935 120 13 04 50
72.935 244 0.23
72.93999 22 0.00
72.93999 23 0.15
72.93999 25 0.00
72.93999 30 0.00
72.93999 B1 5249.39 5249.39 
72.93999 B3 5276.53 5276.53 
72.93999 120 13 04 50
72.93999 244 0.23
72.945 22 0.00
72.945 23 0.15
72.945 25 0.00
72.945 30 0.00
72.945 B1 5249.70 5249.70 
72.945 B3 5276.84 5276.84 
72.945 120 13 04 50
72.945 244 0.23
72.95 22 0.00
72.95 23 0.15
72.95 25 0.00
72.95 30 0.00
72.95 B1 5249.96 5249.96 
72.95 B3 5277.11 5277.11 
72.95 120 13 04 50
72.95 244 0.22
72.955 22 0.00
72.955 23 0.15
72.955 25 0.00
72.955 30 0.00
72.955 B1 5248.88 5248.88 
72.955 B3 5276.16 5276.16 
72.955 120 13 04 50
72.955 244 0.23
72.96 22 0.00
72.96 23 0.14
72.96 25 0.00
72.96 30 0.00
72.96 B1 5249.58 5249.58 
72.96 B3 5276.74 5276.74 
72.96 120 13 04 50
72.96 244 0.23
72.965 22 0.00
72.965 23 0.14
72.965 25 0.00
72.965 30 0.00
72.965 B1 5250.09 5250.09 
72.965 B3 5277.20 5277.21 
72.965 120 13 04 50
72.965 244 0.22
72.97 22 0.00
72.97 23 0.15
72.97 25 0.00
72.97 30 0.00
72.97 B1 5249.16 5249.16 
72.97 B3 5276.39 5276.39 
72.97 120 13 04 50
72.97 244 0.22
72.975 22 0.00
72.975 23 0.14
72.975 25 0.00
72.975 30 0.00
72.975 B1 5248.63 5248.63 
72.975 B3 5275.87 5275.87 
72.975 120 13 04 50
72.975 244 0.22
72.98 22 0.00
72.98 23 0.13
72.98 25 0.00
72.98 30 0.00
72.98 B1 5248.36 5248.36 
72.98 B3 5275.54 5275.54 
72.98 120 13 04 50
72.98 244 0.22
72.985 22 0.00
72.985 23 0.13
72.985 25 0.00
72.985 30 0.00
72.985 B1 5248.24 5248.24 
72.985 B3 5275.36 5275.36 
72.985 120 13 04 50
72.985 244 0.22
72.99 22 0.00
72.99 23 0.13
72.99 25 0.00
72.99 30 0.00
72.99 B1 5246.90 5246.90 
72.99 B3 5274.08 5274.08 
72.99 120 13 04 50
72.99 244 0.22
72.995 22 0.00
72.995 23 0.12
72.995 25 0.00
72.995 30 0.00
72.995 B1 5246.09 5246.09 
72.995 B3 5273.21 5273.21 
72.995 120 13 04 50
72.995 244 0.22
73 22 0.00
73 23 0.11
73 25 0.00
73 30 0.00
73 B1 5245.62 5245.62 
73 B3 5272.63 5272.63 
73 120 13 04 50
73 244 0.22
73.005 22 0.00
73.005 23 0.11
73.005 25 0.00
73.005 30 0.00
73.005 B1 5245.36 5245.36 
73.005 B3 5272.25 5272.25 
73.005 120 13 04 50
73.005 244 0.22
73.01 22 0.00
73.01 23 0.10
73.01 25 0.00
73.01 30 0.00
73.01 B1 5245.23 5245.23 
73.01 B3 5272.01 5272.01 
73.01 120 13 04 50
73.01 244 0.22
73.015 22 0.00
73.015 23 0.10
73.015 25 0.00
73.015 30 0.00
73.015 B1 5245.19 5245.19 
73.015 B3 5271.87 5271.87 
73.015 120 13 04 50
73.015 244 0.22
73.02 22 0.00
73.02 23 0.10
73.02 25 0.00
73.02 30 0.00
73.02 B1 5243.88 5243.88 
73.02 B3 5270.60 5270.60 
73.02 120 13 04 50
73.02 244 0.22
73.025 22 0.00
73.025 23 0.09
73.025 25 0.00
73.025 30 0.00
73.025 B1 5243.07 5243.07 
73.025 B3 5269.73 5269.73 
73.025 120 13 04 50
73.025 244 0.22
73.03 22 0.00
73.03 23 0.08
73.03 25 0.00
73.03 30 0.00
73.03 B1 5243.91 5243.91 
73.03 B3 5270.33 5270.33 
73.03 120 13 04 50
73.03 244 0.22
73.035 22 0.00
73.035 23 0.09
73.035 25 0.00
73.035 30 0.00
73.035 B1 5244.47 5244.47 
73.035 B3 5270.77 5270.77 
73.035 120 13 04 50
73.035 244 0.22
73.04 22 0.00
73.04 23 0.09
73.04 25 0.00
73.04 30 0.00
73.04 B1 5244.85 5244.85 
73.04 B3 5271.11 5271.11 
73.04 120 13 04 50
73.04 244 0.22
73.045 22 0.00
73.045 23 0.09
73.045 25 0.00
73.045 30 0.00
73.045 B1 5245.13 5245.13 
73.045 B3 5271.37 5271.37 
73.045 120 13 04 50
73.045 244 0.22
73.05 22 0.00
73.05 23 0.09
73.05 25 0.00
73.05 30 0.00
73.05 B1 5245.34 5245.34 
73.05 B3 5271.59 5271.59 
73.05 120 13 04 50
73.05 244 0.22
73.055 22 0.00
73.055 23 0.09
73.055 25 0.00
73.055 30 0.00
73.055 B1 5244.19 5244.19 
73.055 B3 5270.57 5270.57 
73.055 120 13 04 50
73.055 244 0.22
73.06 22 0.00
73.06 23 0.09
73.06 25 0.00
73.06 30 0.00
73.06 B1 5243.48 5243.48 
73.06 B3 5269.87 5269.87 
73.06 120 13 04 50
73.06 244 0.21
73.06499 22 0.00
73.06499 23 0.08
73.06499 25 0.00
73.06499 30 0.00
73.06499 B1 5241.73 5241.73 
73.06499 B3 5268.19 5268.19 
73.06499 120 13 04 50
73.06499 244 0.21
73.07 22 0.00
73.07 23 0.07
73.07 25 0.00
73.07 30 0.00
73.07 B1 5240.63 5240.63 
73.07 B3 5267.02 5267.02 
73.07 120 13 04 50
73.07 244 0.21
73.075 22 0.00
73.075 23 0.06
73.075 25 0.00
73.075 30 0.00
73.075 B1 5239.94 5239.94 
73.075 B3 5266.20 5266.20 
73.075 120 13 04 50
73.075 244 0.21
73.08 22 0.00
73.08 23 0.05
73.08 25 0.00
73.08 30 0.00
73.08 B1 5239.50 5239.50 
73.08 B3 5265.62 5265.62 
73.08 120 13 04 50
73.08 244 0.21
73.085 22 0.00
73.085 23 0.05
73.085 25 0.00
73.085 30 0.00
73.085 B1 5239.23 5239.23 
73.085 B3 5265.21 5265.21 
73.085 120 13 04 50
73.085 244 0.21
73.09 22 0.00
73.09 23 0.05
73.09 25 0.00
73.09 30 0.00
73.09 B1 5239.06 5239.06 
73.09 B3 5264.92 5264.92 
73.09 120 13 04 50
73.09 244 0.21
73.095 22 0.00
73.095 23 0.05
73.095 25 0.00
73.095 30 0.00
73.095 B1 5238.95 5238.95 
73.095 B3 5264.71 5264.71 
73.095 120 13 04 50
73.095 244 0.21
73.1 22 0.00
73.1 23 0.05
73.1 25 0.00
73.1 30 0.00
73.1 B1 5237.56 5237.56 
73.1 B3 5263.36 5263.37 
73.1 120 13 04 50
73.1 244 0.21
73.105 22 0.00
73.105 23 0.04
73.105 25 0.00
73.105 30 0.00
73.105 B1 5236.66 5236.66 
73.105 B3 5262.41 5262.41 
73.105 120 13 04 50
73.105 244 0.21
73.11 22 0.00
73.11 23 0.03
73.11 25 0.00
73.11 30 0.00
73.11 B1 5236.08 5236.08 
73.11 B3 5261.72 5261.72 
73.11 120 13 04 50
73.11 244 0.21
73.115 22 0.00
73.115 23 0.02
73.115 25 0.00
73.115 30 0.00
73.115 B1 5235.70 5235.70 
73.115 B3 5261.22 5261.22 
73.115 120 13 04 50
73.115 244 0.21
73.12 22 0.00
73.12 23 0.02
73.12 25 0.00
73.12 30 0.00
73.12 B1 5235.44 5235.44 
73.12 B3 5260.85 5260.85 
73.12 120 13 04 50
73.12 244 0.21
73.125 22 0.00
73.125 23 0.02
73.125 25 0.00
73.125 30 0.00
73.125 B1 5235.25 5235.25 
73.125 B3 5260.57 5260.57 
73.125 120 13 04 50
73.125 244 0.21
73.13 22 0.00
73.13 23 0.02
73.13 25 0.00
73.13 30 0.00
73.13 B1 5235.12 5235.12 
73.13 B3 5260.36 5260.36 
73.13 120 13 04 50
73.13 244 0.20
73.135 22 0.00
73.135 23 0.02
73.135 25 0.00
73.135 30 0.00
73.135 B1 5233.69 5233.69 
73.135 B3 5259.00 5259.00 
73.135 120 13 04 50
73.135 244 0.20
73.14 22 0.00
73.14 23 0.01
73.14 25 0.00
73.14 30 0.00
73.14 B1 5232.76 5232.76 
73.14 B3 5258.01 5258.01 
73.14 120 13 04 50
73.14 244 0.20
73.145 22 0.00
73.145 23 0.00
73.145 25 0.00
73.145 30 0.00
73.145 B1 5232.13 5232.13 
73.145 B3 5257.29 5257.29 
73.145 120 13 04 50
73.145 244 0.20
73.15 22 0.00
73.15 23 0.00
73.15 25 0.00
73.15 30 0.00
73.15 B1 5230.38 5230.38 
73.15 B3 5255.55 5255.55 
73.15 120 13 04 50
73.15 244 0.20
73.155 22 0.00
73.155 23 -0.01
73.155 25 0.00
73.155 30 0.00
73.155 B1 5229.23 5229.23 
73.155 B3 5254.29 5254.29 
73.155 120 13 04 50
73.155 244 0.20
73.16 22 0.00
73.16 23 -0.02
73.16 25 0.00
73.16 30 0.00
73.16 B1 5227.12 5227.12 
73.16 B3 5252.16 5252.16 
73.16 120 13 04 50
73.16 244 0.20
73.165 22 0.00
73.165 23 -0.04
73.165 25 0.00
73.165 30 0.00
73.165 B1 5225.72 5225.72 
73.165 B3 5250.61 5250.61 
73.165 120 13 04 50
73.165 244 0.19
73.17 22 0.00
73.17 23 -0.05
73.17 25 0.00
73.17 30 0.00
73.17 B1 5223.45 5223.45 
73.17 B3 5248.26 5248.26 
73.17 120 13 04 50
73.17 244 0.18
73.175 22 0.00
73.175 23 -0.06
73.175 25 0.00
73.175 30 0.00
73.175 B1 5217.96 5217.96 
73.175 B3 5242.95 5242.95 
73.175 120 13 04 50
73.175 244 0.18
73.18 22 0.00
73.18 23 -0.10
73.18 25 0.00
73.18 30 0.00
73.18 B1 5214.36 5214.36 
73.18 B3 5239.10 5239.10 
73.18 120 13 04 50
73.18 244 0.18
73.185 22 0.00
73.185 23 -0.12
73.185 25 0.00
73.185 30 0.00
73.185 B1 5211.95 5211.95 
73.185 B3 5236.28 5236.28 
73.185 120 13 04 50
73.185 244 0.18
73.18999 22 0.00
73.18999 23 -0.14
73.18999 25 0.00
73.18999 30 0.00
73.18999 B1 5210.28 5210.28 
73.18999 B3 5234.18 5234.18 
73.18999 120 13 04 50
73.18999 244 0.18
73.195 22 0.00
73.195 23 -0.15
73.195 25 0.00
73.195 30 0.00
73.195 B1 5207.77 5207.77 
73.195 B3 5231.38 5231.38 
73.195 120 13 04 50
73.195 244 0.18
73.2 22 0.00
73.2 23 -0.16
73.2 25 0.00
73.2 30 0.00
73.2 B1 5206.02 5206.02 
73.2 B3 5229.28 5229.28 
73.2 120 13 04 50
73.2 244 0.18
73.205 22 0.00
73.205 23 -0.18
73.205 25 0.00
73.205 30 0.00
73.205 B1 5204.76 5204.76 
73.205 B3 5227.67 5227.67 
73.205 120 13 04 50
73.205 244 0.18
73.21 22 0.00
73.21 23 -0.18
73.21 25 0.00
73.21 30 0.00
73.21 B1 5203.80 5203.80 
73.21 B3 5226.40 5226.40 
73.21 120 13 04 50
73.21 244 0.18
73.215 22 0.00
73.215 23 -0.19
73.215 25 0.00
73.215 30 0.00
73.215 B1 5203.03 5203.03 
73.215 B3 5225.37 5225.37 
73.215 120 13 04 50
73.215 244 0.17
73.22 22 0.00
73.22 23 -0.19
73.22 25 0.00
73.22 30 0.00
73.22 B1 5201.06 5201.06 
73.22 B3 5223.31 5223.31 
73.22 120 13 04 50
73.22 244 0.17
73.225 22 0.00
73.225 23 -0.20
73.225 25 0.00
73.225 30 0.00
73.225 B1 5198.32 5198.32 
73.225 B3 5220.52 5220.52 
73.225 120 13 04 50
73.225 244 0.17
73.23 22 0.00
73.23 23 -0.22
73.23 25 0.00
73.23 30 0.00
73.23 B1 5196.39 5196.39 
73.23 B3 5218.40 5218.40 
73.23 120 13 04 50
73.23 244 0.17
73.235 22 0.00
73.235 23 -0.23
73.235 25 0.00
73.235 30 0.00
73.235 B1 5194.97 5194.97 
73.235 B3 5216.74 5216.74 
73.235 120 13 04 50
73.235 244 0.17
73.24 22 0.00
73.24 23 -0.24
73.24 25 0.00
73.24 30 0.00
73.24 B1 5193.88 5193.88 
73.24 B3 5215.41 5215.41 
73.24 120 13 04 50
73.24 244 0.17
73.245 22 0.00
73.245 23 -0.24
73.245 25 0.00
73.245 30 0.00
73.245 B1 5191.67 5191.67 
73.245 B3 5213.11 5213.11 
73.245 120 13 04 50
73.245 244 0.17
73.25 22 0.00
73.25 23 -0.25
73.25 25 0.00
73.25 30 0.00
73.25 B1 5190.06 5190.06 
73.25 B3 5211.32 5211.32 
73.25 120 13 04 50
73.25 244 0.16
73.255 22 0.00
73.255 23 -0.26
73.255 25 0.00
73.255 30 0.00
73.255 B1 5187.50 5187.50 
73.255 B3 5208.68 5208.68 
73.255 120 13 04 50
73.255 244 0.16
73.26 22 0.00
73.26 23 -0.27
73.26 25 0.00
73.26 30 0.00
73.26 B1 5185.66 5185.66 
73.26 B3 5206.64 5206.64 
73.26 120 13 04 50
73.26 244 0.16
73.265 22 0.00
73.265 23 -0.28
73.265 25 0.00
73.265 30 0.00
73.265 B1 5184.25 5184.25 
73.265 B3 5205.01 5205.01 
73.265 120 13 04 50
73.265 244 0.16
73.27 22 0.00
73.27 23 -0.29
73.27 25 0.00
73.27 30 0.00
73.27 B1 5183.14 5183.14 
73.27 B3 5203.67 5203.67 
73.27 120 13 04 50
73.27 244 0.16
73.275 22 0.00
73.275 23 -0.29
73.275 25 0.00
73.275 30 0.00
73.275 B1 5182.19 5182.19 
73.275 B3 5202.53 5202.53 
73.275 120 13 04 50
73.275 244 0.16
73.28 22 0.00
73.28 23 -0.30
73.28 25 0.00
73.28 30 0.00
73.28 B1 5181.37 5181.37 
73.28 B3 5201.54 5201.54 
73.28 120 13 04 50
73.28 244 0.16
73.285 22 0.00
73.285 23 -0.30
73.285 25 0.00
73.285 30 0.00
73.285 B1 5179.29 5179.29 
73.285 B3 5199.45 5199.45 
73.285 120 13 04 50
73.285 244 0.16
73.29 22 0.00
73.29 23 -0.31
73.29 25 0.00
73.29 30 0.00
73.29 B1 5177.72 5177.72 
73.29 B3 5197.78 5197.78 
73.29 120 13 04 50
73.29 244 0.16
73.295 22 0.00
73.295 23 -0.31
73.295 25 0.00
73.295 30 0.00
73.295 B1 5176.48 5176.48 
73.295 B3 5196.39 5196.39 
73.295 120 13 04 50
73.295 244 0.16
73.3 22 0.00
73.3 23 -0.32
73.3 25 0.00
73.3 30 0.00
73.3 B1 5175.45 5175.45 
73.3 B3 5195.21 5195.21 
73.3 120 13 04 50
73.3 244 0.16
73.305 22 0.00
73.305 23 -0.32
73.305 25 0.00
73.305 30 0.00
73.305 B1 5175.86 5175.86 
73.305 B3 5195.38 5195.38 
73.305 120 13 04 50
73.305 244 0.16
73.31 22 0.00
73.31 23 -0.31
73.31 25 0.00
73.31 30 0.00
73.31 B1 5175.89 5175.89 
73.31 B3 5195.29 5195.29 
73.31 120 13 04 50
73.31 244 0.16
73.31499 22 0.00
73.31499 23 -0.31
73.31499 25 0.00
73.31499 30 0.00
73.31499 B1 5174.35 5174.35 
73.31499 B3 5193.85 5193.85 
73.31499 120 13 04 50
73.31499 244 0.16
73.32 22 0.00
73.32 23 -0.32
73.32 25 0.00
73.32 30 0.00
73.32 B1 5173.13 5173.13 
73.32 B3 5192.63 5192.63 
73.32 120 13 04 50
73.32 244 0.16
73.325 22 0.00
73.325 23 -0.32
73.325 25 0.00
73.325 30 0.00
73.325 B1 5172.10 5172.10 
73.325 B3 5191.56 5191.56 
73.325 120 13 04 50
73.325 244 0.15
73.33 22 0.00
73.33 23 -0.32
73.33 25 0.00
73.33 30 0.00
73.33 B1 5169.88 5169.88 
73.33 B3 5189.42 5189.42 
73.33 120 13 04 50
73.33 244 0.15
73.335 22 0.00
73.335 23 -0.33
73.335 25 0.00
73.335 30 0.00
73.335 B1 5168.21 5168.21 
73.335 B3 5187.69 5187.69 
73.335 120 13 04 50
73.335 244 0.15
73.34 22 0.00
73.34 23 -0.34
73.34 25 0.00
73.34 30 0.00
73.34 B1 5166.88 5166.88 
73.34 B3 5186.25 5186.25 
73.34 120 13 04 50
73.34 244 0.15
73.345 22 0.00
73.345 23 -0.34
73.345 25 0.00
73.345 30 0.00
73.345 B1 5165.77 5165.77 
73.345 B3 5185.02 5185.02 
73.345 120 13 04 50
73.345 244 0.15
73.35 22 0.00
73.35 23 -0.35
73.35 25 0.00
73.35 30 0.00
73.35 B1 5164.80 5164.80 
73.35 B3 5183.94 5183.94 
73.35 120 13 04 50
73.35 244 0.15
73.355 22 0.00
73.355 23 -0.35
73.355 25 0.00
73.355 30 0.00
73.355 B1 5163.92 5163.92 
73.355 B3 5182.96 5182.96 
73.355 120 13 04 50
73.355 244 0.15
73.36 22 0.00
73.36 23 -0.35
73.36 25 0.00
73.36 30 0.00
73.36 B1 5163.10 5163.10 
73.36 B3 5182.05 5182.05 
73.36 120 13 04 50
73.36 244 0.15
73.365 22 0.00
73.365 23 -0.35
73.365 25 0.00
73.365 30 0.00
73.365 B1 5162.30 5162.30 
73.365 B3 5181.19 5181.19 
73.365 120 13 04 50
73.365 244 0.15
73.37 22 0.00
73.37 23 -0.35
73.37 25 0.00
73.37 30 0.00
73.37 B1 5160.21 5160.21 
73.37 B3 5179.18 5179.18 
73.37 120 13 04 50
73.37 244 0.15
73.375 22 0.00
73.375 23 -0.36
73.375 25 0.00
73.375 30 0.00
73.375 B1 5158.61 5158.61 
73.375 B3 5177.52 5177.52 
73.375 120 13 04 50
73.375 244 0.15
73.38 22 0.00
73.38 23 -0.37
73.38 25 0.00
73.38 30 0.00
73.38 B1 5157.30 5157.30 
73.38 B3 5176.13 5176.13 
73.38 120 13 04 50
73.38 244 0.15
73.385 22 0.00
73.385 23 -0.37
73.385 25 0.00
73.385 30 0.00
73.385 B1 5156.19 5156.19 
73.385 B3 5174.92 5174.92 
73.385 120 13 04 50
73.385 244 0.15
73.39 22 0.00
73.39 23 -0.37
73.39 25 0.00
73.39 30 0.00
73.39 B1 5155.21 5155.21 
73.39 B3 5173.83 5173.83 
73.39 120 13 04 50
73.39 244 0.15
73.395 22 0.00
73.395 23 -0.37
73.395 25 0.00
73.395 30 0.00
73.395 B1 5154.29 5154.29 
73.395 B3 5172.84 5172.84 
73.395 120 13 04 50
73.395 244 0.15
73.4 22 0.00
73.4 23 -0.37
73.4 25 0.00
73.4 30 0.00
73.4 B1 5152.11 5152.11 
73.4 B3 5170.71 5170.71 
73.4 120 13 04 50
73.4 244 0.15
73.405 22 0.00
73.405 23 -0.38
73.405 25 0.00
73.405 30 0.00
73.405 B1 5150.43 5150.43 
73.405 B3 5168.96 5168.96 
73.405 120 13 04 50
73.405 244 0.15
73.41 22 0.00
73.41 23 -0.39
73.41 25 0.00
73.41 30 0.00
73.41 B1 5149.06 5149.06 
73.41 B3 5167.49 5167.49 
73.41 120 13 04 50
73.41 244 0.14
73.415 22 0.00
73.415 23 -0.39
73.415 25 0.00
73.415 30 0.00
73.415 B1 5146.57 5146.57 
73.415 B3 5165.01 5165.01 
73.415 120 13 04 50
73.415 244 0.14
73.42 22 0.00
73.42 23 -0.41
73.42 25 0.00
73.42 30 0.00
73.42 B1 5144.68 5144.68 
73.42 B3 5163.01 5163.01 
73.42 120 13 04 50
73.42 244 0.14
73.425 22 0.00
73.425 23 -0.41
73.425 25 0.00
73.425 30 0.00
73.425 B1 5143.16 5143.16 
73.425 B3 5161.34 5161.34 
73.425 120 13 04 50
73.425 244 0.14
73.43 22 0.00
73.43 23 -0.42
73.43 25 0.00
73.43 30 0.00
73.43 B1 5141.87 5141.87 
73.43 B3 5159.91 5159.91 
73.43 120 13 04 50
73.43 244 0.14
73.435 22 0.00
73.435 23 -0.42
73.435 25 0.00
73.435 30 0.00
73.435 B1 5139.42 5139.42 
73.435 B3 5157.44 5157.44 
73.435 120 13 04 50
73.435 244 0.14
73.43999 22 0.00
73.43999 23 -0.43
73.43999 25 0.00
73.43999 30 0.00
73.43999 B1 5137.53 5137.53 
73.43999 B3 5155.43 5155.43 
73.43999 120 13 04 50
73.43999 244 0.14
73.445 22 0.00
73.445 23 -0.44
73.445 25 0.00
73.445 30 0.00
73.445 B1 5136.00 5136.00 
73.445 B3 5153.74 5153.74 
73.445 120 13 04 50
73.445 244 0.14
73.45 22 0.00
73.45 23 -0.45
73.45 25 0.00
73.45 30 0.00
73.45 B1 5134.70 5134.70 
73.45 B3 5152.28 5152.28 
73.45 120 13 04 50
73.45 244 0.14
73.455 22 0.00
73.455 23 -0.45
73.455 25 0.00
73.455 30 0.00
73.455 B1 5133.53 5133.53 
73.455 B3 5150.98 5150.98 
73.455 120 13 04 50
73.455 244 0.13
73.46 22 0.00
73.46 23 -0.45
73.46 25 0.00
73.46 30 0.00
73.46 B1 5131.14 5131.14 
73.46 B3 5148.59 5148.59 
73.46 120 13 04 50
73.46 244 0.13
73.465 22 0.00
73.465 23 -0.46
73.465 25 0.00
73.465 30 0.00
73.465 B1 5129.27 5129.27 
73.465 B3 5146.62 5146.62 
73.465 120 13 04 50
73.465 244 0.13
73.47 22 0.00
73.47 23 -0.47
73.47 25 0.00
73.47 30 0.00
73.47 B1 5127.73 5127.73 
73.47 B3 5144.95 5144.95 
73.47 120 13 04 50
73.47 244 0.13
73.475 22 0.00
73.475 23 -0.47
73.475 25 0.00
73.475 30 0.00
73.475 B1 5126.41 5126.41 
73.475 B3 5143.48 5143.48 
73.475 120 13 04 50
73.475 244 0.13
73.48 22 0.00
73.48 23 -0.47
73.48 25 0.00
73.48 30 0.00
73.48 B1 5125.21 5125.21 
73.48 B3 5142.16 5142.16 
73.48 120 13 04 50
73.48 244 0.13
73.485 22 0.00
73.485 23 -0.48
73.485 25 0.00
73.485 30 0.00
73.485 B1 5124.10 5124.10 
73.485 B3 5140.94 5140.94 
73.485 120 13 04 50
73.485 244 0.13
73.49 22 0.00
73.49 23 -0.48
73.49 25 0.00
73.49 30 0.00
73.49 B1 5123.05 5123.05 
73.49 B3 5139.80 5139.80 
73.49 120 13 04 50
73.49 244 0.14
73.495 22 0.00
73.495 23 -0.48
73.495 25 0.00
73.495 30 0.00
73.495 B1 5123.35 5123.35 
73.495 B3 5139.90 5139.90 
73.495 120 13 04 50
73.495 244 0.14
73.5 22 0.00
73.5 23 -0.47
73.5 25 0.00
73.5 30 0.00
73.5 B1 5124.52 5124.52 
73.5 B3 5140.90 5140.90 
73.5 120 13 04 50
73.5 244 0.14
73.505 22 0.00
73.505 23 -0.45
73.505 25 0.00
73.505 30 0.00
73.505 B1 5124.95 5124.95 
73.505 B3 5141.34 5141.34 
73.505 120 13 04 50
73.505 244 0.14
73.51 22 0.00
73.51 23 -0.44
73.51 25 0.00
73.51 30 0.00
73.51 B1 5124.89 5124.89 
73.51 B3 5141.39 5141.39 
73.51 120 13 04 50
73.51 244 0.14
73.515 22 0.00
73.515 23 -0.44
73.515 25 0.00
73.515 30 0.00
73.515 B1 5124.54 5124.54 
73.515 B3 5141.16 5141.16 
73.515 120 13 04 50
73.515 244 0.14
73.52 22 0.00
73.52 23 -0.43
73.52 25 0.00
73.52 30 0.00
73.52 B1 5124.00 5124.00 
73.52 B3 5140.75 5140.75 
73.52 120 13 04 50
73.52 244 0.15
73.525 22 0.00
73.525 23 -0.43
73.525 25 0.00
73.525 30 0.00
73.525 B1 5124.66 5124.66 
73.525 B3 5141.40 5141.40 
73.525 120 13 04 50
73.525 244 0.15
73.53 22 0.00
73.53 23 -0.42
73.53 25 0.00
73.53 30 0.00
73.53 B1 5124.78 5124.78 
73.53 B3 5141.61 5141.61 
73.53 120 13 04 50
73.53 244 0.15
73.535 22 0.00
73.535 23 -0.41
73.535 25 0.00
73.535 30 0.00
73.535 B1 5124.55 5124.55 
73.535 B3 5141.51 5141.51 
73.535 120 13 04 50
73.535 244 0.15
73.54 22 0.00
73.54 23 -0.41
73.54 25 0.00
73.54 30 0.00
73.54 B1 5124.10 5124.10 
73.54 B3 5141.21 5141.21 
73.54 120 13 04 50
73.54 244 0.15
73.545 22 0.00
73.545 23 -0.40
73.545 25 0.00
73.545 30 0.00
73.545 B1 5123.52 5123.52 
73.545 B3 5140.75 5140.75 
73.545 120 13 04 50
73.545 244 0.15
73.55 22 0.00
73.55 23 -0.40
73.55 25 0.00
73.55 30 0.00
73.55 B1 5122.85 5122.85 
73.55 B3 5140.18 5140.18 
73.55 120 13 04 50
73.55 244 0.15
73.555 22 0.00
73.555 23 -0.40
73.555 25 0.00
73.555 30 0.00
73.555 B1 5122.12 5122.12 
73.555 B3 5139.54 5139.54 
73.555 120 13 04 50
73.555 244 0.15
73.56 22 0.00
73.56 23 -0.40
73.56 25 0.00
73.56 30 0.00
73.56 B1 5121.36 5121.36 
73.56 B3 5138.85 5138.85 
73.56 120 13 04 50
73.56 244 0.15
73.56499 22 0.00
73.56499 23 -0.40
73.56499 25 0.00
73.56499 30 0.00
73.56499 B1 5120.58 5120.58 
73.56499 B3 5138.13 5138.13 
73.56499 120 13 04 50
73.56499 244 0.15
73.57 22 0.00
73.57 23 -0.40
73.57 25 0.00
73.57 30 0.00
73.57 B1 5119.79 5119.79 
73.57 B3 5137.37 5137.37 
73.57 120 13 04 50
73.57 244 0.15
73.575 22 0.00
73.575 23 -0.40
73.575 25 0.00
73.575 30 0.00
73.575 B1 5118.99 5118.99 
73.575 B3 5136.60 5136.60 
73.575 120 13 04 50
73.575 244 0.15
73.58 22 0.00
73.58 23 -0.40
73.58 25 0.00
73.58 30 0.00
73.58 B1 5119.51 5119.51 
73.58 B3 5137.02 5137.02 
73.58 120 13 04 50
73.58 244 0.15
73.585 22 0.00
73.585 23 -0.39
73.585 25 0.00
73.585 30 0.00
73.585 B1 5118.23 5118.23 
73.585 B3 5135.88 5135.88 
73.585 120 13 04 50
73.585 244 0.15
73.59 22 0.00
73.59 23 -0.39
73.59 25 0.00
73.59 30 0.00
73.59 B1 5117.12 5117.12 
73.59 B3 5134.84 5134.84 
73.59 120 13 04 50
73.59 244 0.15
73.595 22 0.00
73.595 23 -0.39
73.595 25 0.00
73.595 30 0.00
73.595 B1 5117.45 5117.45 
73.595 B3 5135.07 5135.07 
73.595 120 13 04 50
73.595 244 0.15
73.6 22 0.00
73.6 23 -0.38
73.6 25 0.00
73.6 30 0.00
73.6 B1 5117.37 5117.37 
73.6 B3 5135.00 5135.00 
73.6 120 13 04 50
73.6 244 0.15
73.605 22 0.00
73.605 23 -0.38
73.605 25 0.00
73.605 30 0.00
73.605 B1 5117.04 5117.04 
73.605 B3 5134.72 5134.72 
73.605 120 13 04 50
73.605 244 0.15
73.61 22 0.00
73.61 23 -0.37
73.61 25 0.00
73.61 30 0.00
73.61 B1 5116.54 5116.54 
73.61 B3 5134.30 5134.30 
73.61 120 13 04 50
73.61 244 0.15
73.615 22 0.00
73.615 23 -0.37
73.615 25 0.00
73.615 30 0.00
73.615 B1 5117.27 5117.27 
73.615 B3 5134.98 5134.98 
73.615 120 13 04 50
73.615 244 0.15
73.62 22 0.00
73.62 23 -0.36
73.62 25 0.00
73.62 30 0.00
73.62 B1 5117.47 5117.47 
73.62 B3 5135.24 5135.24 
73.62 120 13 04 50
73.62 244 0.15
73.625 22 0.00
73.625 23 -0.35
73.625 25 0.00
73.625 30 0.00
73.625 B1 5117.33 5117.33 
73.625 B3 5135.20 5135.20 
73.625 120 13 04 50
73.625 244 0.16
73.63 22 0.00
73.63 23 -0.35
73.63 25 0.00
73.63 30 0.00
73.63 B1 5118.29 5118.29 
73.63 B3 5136.17 5136.17 
73.63 120 13 04 50
73.63 244 0.16
73.635 22 0.00
73.635 23 -0.34
73.635 25 0.00
73.635 30 0.00
73.635 B1 5118.66 5118.66 
73.635 B3 5136.64 5136.64 
73.635 120 13 04 50
73.635 244 0.16
73.64 22 0.00
73.64 23 -0.33
73.64 25 0.00
73.64 30 0.00
73.64 B1 5119.96 5119.96 
73.64 B3 5137.97 5137.98 
73.64 120 13 04 50
73.64 244 0.16
73.645 22 0.00
73.645 23 -0.31
73.645 25 0.00
73.645 30 0.00
73.645 B1 5120.55 5120.55 
73.645 B3 5138.72 5138.72 
73.645 120 13 04 50
73.645 244 0.16
73.65 22 0.00
73.65 23 -0.30
73.65 25 0.00
73.65 30 0.00
73.65 B1 5120.69 5120.69 
73.65 B3 5139.07 5139.07 
73.65 120 13 04 50
73.65 244 0.16
73.655 22 0.00
73.655 23 -0.30
73.655 25 0.00
73.655 30 0.00
73.655 B1 5119.23 5119.23 
73.655 B3 5137.93 5137.93 
73.655 120 13 04 50
73.655 244 0.16
73.66 22 0.00
73.66 23 -0.30
73.66 25 0.00
73.66 30 0.00
73.66 B1 5118.06 5118.06 
73.66 B3 5136.94 5136.94 
73.66 120 13 04 50
73.66 244 0.16
73.665 22 0.00
73.665 23 -0.31
73.665 25 0.00
73.665 30 0.00
73.665 B1 5118.41 5118.41 
73.665 B3 5137.24 5137.24 
73.665 120 13 04 50
73.665 244 0.16
73.67 22 0.00
73.67 23 -0.30
73.67 25 0.00
73.67 30 0.00
73.67 B1 5118.39 5118.39 
73.67 B3 5137.27 5137.27 
73.67 120 13 04 50
73.67 244 0.17
73.675 22 0.00
73.675 23 -0.29
73.675 25 0.00
73.675 30 0.00
73.675 B1 5119.48 5119.48 
73.675 B3 5138.31 5138.31 
73.675 120 13 04 50
73.675 244 0.17
73.68 22 0.00
73.68 23 -0.28
73.68 25 0.00
73.68 30 0.00
73.68 B1 5119.95 5119.95 
73.68 B3 5138.86 5138.86 
73.68 120 13 04 50
73.68 244 0.17
73.685 22 0.00
73.685 23 -0.27
73.685 25 0.00
73.685 30 0.00
73.685 B1 5120.04 5120.04 
73.685 B3 5139.08 5139.08 
73.685 120 13 04 50
73.685 244 0.17
73.68999 22 0.00
73.68999 23 -0.27
73.68999 25 0.00
73.68999 30 0.00
73.68999 B1 5121.20 5121.20 
73.68999 B3 5140.27 5140.27 
73.68999 120 13 04 50
73.68999 244 0.17
73.695 22 0.00
73.695 23 -0.26
73.695 25 0.00
73.695 30 0.00
73.695 B1 5121.74 5121.74 
73.695 B3 5140.94 5140.94 
73.695 120 13 04 50
73.695 244 0.17
73.7 22 0.00
73.7 23 -0.25
73.7 25 0.00
73.7 30 0.00
73.7 B1 5121.89 5121.89 
73.7 B3 5141.26 5141.26 
73.7 120 13 04 50
73.7 244 0.17
73.705 22 0.00
73.705 23 -0.24
73.705 25 0.00
73.705 30 0.00
73.705 B1 5123.11 5123.11 
73.705 B3 5142.53 5142.53 
73.705 120 13 04 50
73.705 244 0.17
73.71 22 0.00
73.71 23 -0.23
73.71 25 0.00
73.71 30 0.00
73.71 B1 5123.70 5123.70 
73.71 B3 5143.27 5143.27 
73.71 120 13 04 50
73.71 244 0.17
73.715 22 0.00
73.715 23 -0.22
73.715 25 0.00
73.715 30 0.00
73.715 B1 5123.90 5123.90 
73.715 B3 5143.66 5143.66 
73.715 120 13 04 50
73.715 244 0.17
73.72 22 0.00
73.72 23 -0.21
73.72 25 0.00
73.72 30 0.00
73.72 B1 5123.85 5123.85 
73.72 B3 5143.79 5143.79 
73.72 120 13 04 50
73.72 244 0.18
73.725 22 0.00
73.725 23 -0.21
73.725 25 0.00
73.725 30 0.00
73.725 B1 5124.96 5124.96 
73.725 B3 5144.94 5144.94 
73.725 120 13 04 50
73.725 244 0.18
73.73 22 0.00
73.73 23 -0.20
73.73 25 0.00
73.73 30 0.00
73.73 B1 5125.50 5125.50 
73.73 B3 5145.62 5145.62 
73.73 120 13 04 50
73.73 244 0.18
73.735 22 0.00
73.735 23 -0.19
73.735 25 0.00
73.735 30 0.00
73.735 B1 5125.69 5125.69 
73.735 B3 5145.97 5145.97 
73.735 120 13 04 50
73.735 244 0.19
73.74 22 0.00
73.74 23 -0.19
73.74 25 0.00
73.74 30 0.00
73.74 B1 5128.29 5128.29 
73.74 B3 5148.49 5148.49 
73.74 120 13 04 50
73.74 244 0.19
73.745 22 0.00
73.745 23 -0.16
73.745 25 0.00
73.745 30 0.00
73.745 B1 5129.80 5129.80 
73.745 B3 5150.15 5150.15 
73.745 120 13 04 50
73.745 244 0.19
73.75 22 0.00
73.75 23 -0.15
73.75 25 0.00
73.75 30 0.00
73.75 B1 5130.63 5130.63 
73.75 B3 5151.22 5151.22 
73.75 120 13 04 50
73.75 244 0.19
73.755 22 0.00
73.755 23 -0.14
73.755 25 0.00
73.755 30 0.00
73.755 B1 5131.03 5131.03 
73.755 B3 5151.88 5151.88 
73.755 120 13 04 50
73.755 244 0.19
73.76 22 0.00
73.76 23 -0.13
73.76 25 0.00
73.76 30 0.00
73.76 B1 5132.48 5132.48 
73.76 B3 5153.44 5153.44 
73.76 120 13 04 50
73.76 244 0.19
73.765 22 0.00
73.765 23 -0.12
73.765 25 0.00
73.765 30 0.00
73.765 B1 5133.28 5133.28 
73.765 B3 5154.45 5154.45 
73.765 120 13 04 50
73.765 244 0.19
73.77 22 0.00
73.77 23 -0.11
73.77 25 0.00
73.77 30 0.00
73.77 B1 5133.69 5133.69 
73.77 B3 5155.08 5155.08 
73.77 120 13 04 50
73.77 244 0.19
73.775 22 0.00
73.775 23 -0.11
73.775 25 0.00
73.775 30 0.00
73.775 B1 5133.84 5133.84 
73.775 B3 5155.44 5155.44 
73.775 120 13 04 50
73.775 244 0.19
73.78 22 0.00
73.78 23 -0.10
73.78 25 0.00
73.78 30 0.00
73.78 B1 5133.83 5133.83 
73.78 B3 5155.62 5155.62 
73.78 120 13 04 50
73.78 244 0.19
73.785 22 0.00
73.785 23 -0.10
73.785 25 0.00
73.785 30 0.00
73.785 B1 5135.05 5135.05 
73.785 B3 5156.86 5156.86 
73.785 120 13 04 50
73.785 244 0.19
73.79 22 0.00
73.79 23 -0.09
73.79 25 0.00
73.79 30 0.00
73.79 B1 5135.73 5135.73 
73.79 B3 5157.66 5157.66 
73.79 120 13 04 50
73.79 244 0.19
73.795 22 0.00
73.795 23 -0.08
73.795 25 0.00
73.795 30 0.00
73.795 B1 5136.07 5136.07 
73.795 B3 5158.16 5158.16 
73.795 120 13 04 50
73.795 244 0.19
73.8 22 0.00
73.8 23 -0.08
73.8 25 0.00
73.8 30 0.00
73.8 B1 5134.88 5134.88 
73.8 B3 5157.25 5157.25 
73.8 120 13 04 50
73.8 244 0.19
73.805 22 0.00
73.805 23 -0.08
73.805 25 0.00
73.805 30 0.00
73.805 B1 5134.04 5134.04 
73.805 B3 5156.53 5156.53 
73.805 120 13 04 50
73.805 244 0.19
73.81 22 0.00
73.81 23 -0.09
73.81 25 0.00
73.81 30 0.00
73.81 B1 5134.74 5134.74 
73.81 B3 5157.16 5157.16 
73.81 120 13 04 50
73.81 244 0.19
73.81499 22 0.00
73.81499 23 -0.08
73.81499 25 0.00
73.81499 30 0.00
73.81499 B1 5135.09 5135.09 
73.81499 B3 5157.53 5157.53 
73.81499 120 13 04 50
73.81499 244 0.19
73.82 22 0.00
73.82 23 -0.08
73.82 25 0.00
73.82 30 0.00
73.82 B1 5135.23 5135.23 
73.82 B3 5157.72 5157.72 
73.82 120 13 04 50
73.82 244 0.19
73.825 22 0.00
73.825 23 -0.07
73.825 25 0.00
73.825 30 0.00
73.825 B1 5135.24 5135.24 
73.825 B3 5157.80 5157.80 
73.825 120 13 04 50
73.825 244 0.19
73.83 22 0.00
73.83 23 -0.07
73.83 25 0.00
73.83 30 0.00
73.83 B1 5135.17 5135.17 
73.83 B3 5157.78 5157.78 
73.83 120 13 04 50
73.83 244 0.20
73.835 22 0.00
73.835 23 -0.07
73.835 25 0.00
73.835 30 0.00
73.835 B1 5136.36 5136.36 
73.835 B3 5158.91 5158.91 
73.835 120 13 04 50
73.835 244 0.20
73.84 22 0.00
73.84 23 -0.06
73.84 25 0.00
73.84 30 0.00
73.84 B1 5137.04 5137.04 
73.84 B3 5159.64 5159.64 
73.84 120 13 04 50
73.84 244 0.20
73.845 22 0.00
73.845 23 -0.05
73.845 25 0.00
73.845 30 0.00
73.845 B1 5137.41 5137.41 
73.845 B3 5160.11 5160.11 
73.845 120 13 04 50
73.845 244 0.20
73.85 22 0.00
73.85 23 -0.05
73.85 25 0.00
73.85 30 0.00
73.85 B1 5138.90 5138.90 
73.85 B3 5161.58 5161.58 
73.85 120 13 04 50
73.85 244 0.20
73.855 22 0.00
73.855 23 -0.04
73.855 25 0.00
73.855 30 0.00
73.855 B1 5141.10 5141.10 
73.855 B3 5163.77 5163.77 
73.855 120 13 04 50
73.855 244 0.20
73.86 22 0.00
73.86 23 -0.02
73.86 25 0.00
73.86 30 0.00
73.86 B1 5142.46 5142.46 
73.86 B3 5165.27 5165.27 
73.86 120 13 04 50
73.86 244 0.20
73.865 22 0.00
73.865 23 -0.01
73.865 25 0.00
73.865 30 0.00
73.865 B1 5143.27 5143.27 
73.865 B3 5166.31 5166.31 
73.865 120 13 04 50
73.865 244 0.20
73.87 22 0.00
73.87 23 0.00
73.87 25 0.00
73.87 30 0.00
73.87 B1 5143.76 5143.76 
73.87 B3 5167.01 5167.01 
73.87 120 13 04 50
73.87 244 0.20
73.875 22 0.00
73.875 23 0.00
73.875 25 0.00
73.875 30 0.00
73.875 B1 5144.04 5144.04 
73.875 B3 5167.48 5167.48 
73.875 120 13 04 50
73.875 244 0.21
73.88 22 0.00
73.88 23 0.01
73.88 25 0.00
73.88 30 0.00
73.88 B1 5145.50 5145.50 
73.88 B3 5168.99 5168.99 
73.88 120 13 04 50
73.88 244 0.21
73.885 22 0.00
73.885 23 0.02
73.885 25 0.00
73.885 30 0.00
73.885 B1 5146.41 5146.41 
73.885 B3 5170.04 5170.04 
73.885 120 13 04 50
73.885 244 0.21
73.89 22 0.00
73.89 23 0.03
73.89 25 0.00
73.89 30 0.00
73.89 B1 5146.97 5146.97 
73.89 B3 5170.76 5170.76 
73.89 120 13 04 50
73.89 244 0.21
73.895 22 0.00
73.895 23 0.03
73.895 25 0.00
73.895 30 0.00
73.895 B1 5147.32 5147.32 
73.895 B3 5171.27 5171.27 
73.895 120 13 04 50
73.895 244 0.21
73.9 22 0.00
73.9 23 0.03
73.9 25 0.00
73.9 30 0.00
73.9 B1 5147.52 5147.52 
73.9 B3 5171.62 5171.62 
73.9 120 13 04 50
73.9 244 0.21
73.905 22 0.00
73.905 23 0.04
73.905 25 0.00
73.905 30 0.00
73.905 B1 5147.65 5147.65 
73.905 B3 5171.86 5171.86 
73.905 120 13 04 50
73.905 244 0.21
73.91 22 0.00
73.91 23 0.04
73.91 25 0.00
73.91 30 0.00
73.91 B1 5149.04 5149.04 
73.91 B3 5173.22 5173.22 
73.91 120 13 04 50
73.91 244 0.21
73.915 22 0.00
73.915 23 0.05
73.915 25 0.00
73.915 30 0.00
73.915 B1 5149.92 5149.92 
73.915 B3 5174.18 5174.18 
73.915 120 13 04 50
73.915 244 0.21
73.92 22 0.00
73.92 23 0.05
73.92 25 0.00
73.92 30 0.00
73.92 B1 5150.48 5150.48 
73.92 B3 5174.86 5174.86 
73.92 120 13 04 50
73.92 244 0.21
73.925 22 0.00
73.925 23 0.06
73.925 25 0.00
73.925 30 0.00
73.925 B1 5150.85 5150.85 
73.925 B3 5175.35 5175.35 
73.925 120 13 04 50
73.925 244 0.21
73.93 22 0.00
73.93 23 0.06
73.93 25 0.00
73.93 30 0.00
73.93 B1 5151.09 5151.09 
73.93 B3 5175.70 5175.70 
73.93 120 13 04 50
73.93 244 0.21
73.935 22 0.00
73.935 23 0.06
73.935 25 0.00
73.935 30 0.00
73.935 B1 5151.25 5151.25 
73.935 B3 5175.96 5175.96 
73.935 120 13 04 50
73.935 244 0.22
73.93999 22 0.00
73.93999 23 0.06
73.93999 25 0.00
73.93999 30 0.00
73.93999 B1 5152.68 5152.68 
73.93999 B3 5177.35 5177.35 
73.93999 120 13 04 50
73.93999 244 0.22
73.945 22 0.00
73.945 23 0.07
73.945 25 0.00
73.945 30 0.00
73.945 B1 5153.61 5153.61 
73.945 B3 5178.35 5178.35 
73.945 120 13 04 50
73.945 244 0.22
73.95 22 0.00
73.95 23 0.08
73.95 25 0.00
73.95 30 0.00
73.95 B1 5154.22 5154.22 
73.95 B3 5179.07 5179.07 
73.95 120 13 04 50
73.95 244 0.22
73.955 22 0.00
73.955 23 0.09
73.955 25 0.00
73.955 30 0.00
73.955 B1 5154.63 5154.63 
73.955 B3 5179.59 5179.59 
73.955 120 13 04 50
73.955 244 0.22
73.96 22 0.00
73.96 23 0.09
73.96 25 0.00
73.96 30 0.00
73.96 B1 5154.92 5154.92 
73.96 B3 5179.99 5179.99 
73.96 120 13 04 50
73.96 244 0.22
73.965 22 0.00
73.965 23 0.09
73.965 25 0.00
73.965 30 0.00
73.965 B1 5156.45 5156.45 
73.965 B3 5181.49 5181.49 
73.965 120 13 04 50
73.965 244 0.22
73.97 22 0.00
73.97 23 0.10
73.97 25 0.00
73.97 30 0.00
73.97 B1 5157.45 5157.45 
73.97 B3 5182.58 5182.58 
73.97 120 13 04 50
73.97 244 0.22
73.975 22 0.00
73.975 23 0.11
73.975 25 0.00
73.975 30 0.00
73.975 B1 5159.45 5159.45 
73.975 B3 5184.57 5184.57 
73.975 120 13 04 50
73.975 244 0.22
73.98 22 0.00
73.98 23 0.12
73.98 25 0.00
73.98 30 0.00
73.98 B1 5160.76 5160.76 
73.98 B3 5186.02 5186.02 
73.98 120 13 04 50
73.98 244 0.22
73.985 22 0.00
73.985 23 0.13
73.985 25 0.00
73.985 30 0.00
73.985 B1 5161.65 5161.65 
73.985 B3 5187.08 5187.08 
73.985 120 13 04 50
73.985 244 0.22
73.99 22 0.00
73.99 23 0.14
73.99 25 0.00
73.99 30 0.00
73.99 B1 5162.27 5162.27 
73.99 B3 5187.88 5187.88 
73.99 120 13 04 50
73.99 244 0.22
73.995 22 0.00
73.995 23 0.14
73.995 25 0.00
73.995 30 0.00
73.995 B1 5162.72 5162.72 
73.995 B3 5188.50 5188.50 
73.995 120 13 04 50
73.995 244 0.23
74 22 0.00
74 23 0.14
74 25 0.00
74 30 0.00
74 B1 5164.39 5164.39 
74 B3 5190.18 5190.18 
74 120 13 04 50
74 244 0.23
74.005 22 0.00
74.005 23 0.15
74.005 25 0.00
74.005 30 0.00
74.005 B1 5166.84 5166.84 
74.005 B3 5192.62 5192.62 
74.005 120 13 04 50
74.005 244 0.23
74.01 22 0.00
74.01 23 0.17
74.01 25 0.00
74.01 30 0.00
74.01 B1 5168.47 5168.47 
74.01 B3 5194.40 5194.40 
74.01 120 13 04 50
74.01 244 0.23
74.015 22 0.00
74.015 23 0.18
74.015 25 0.00
74.015 30 0.00
74.015 B1 5169.59 5169.59 
74.015 B3 5195.74 5195.74 
74.015 120 13 04 50
74.015 244 0.23
74.02 22 0.00
74.02 23 0.19
74.02 25 0.00
74.02 30 0.00
74.02 B1 5170.39 5170.39 
74.02 B3 5196.75 5196.75 
74.02 120 13 04 50
74.02 244 0.23
74.025 22 0.00
74.025 23 0.19
74.025 25 0.00
74.025 30 0.00
74.025 B1 5169.68 5169.68 
74.025 B3 5196.35 5196.35 
74.025 120 13 04 50
74.025 244 0.23
74.03 22 0.00
74.03 23 0.19
74.03 25 0.00
74.03 30 0.00
74.03 B1 5169.32 5169.32 
74.03 B3 5196.15 5196.15 
74.03 120 13 04 50
74.03 244 0.23
74.035 22 0.00
74.035 23 0.18
74.035 25 0.00
74.035 30 0.00
74.035 B1 5169.19 5169.19 
74.035 B3 5196.08 5196.08 
74.035 120 13 04 50
74.035 244 0.22
74.04 22 0.00
74.04 23 0.18
74.04 25 0.00
74.04 30 0.00
74.04 B1 5167.87 5167.87 
74.04 B3 5194.91 5194.91 
74.04 120 13 04 50
74.04 244 0.22
74.045 22 0.00
74.045 23 0.17
74.045 25 0.00
74.045 30 0.00
74.045 B1 5167.12 5167.12 
74.045 B3 5194.16 5194.16 
74.045 120 13 04 50
74.045 244 0.23
74.05 22 0.00
74.05 23 0.16
74.05 25 0.00
74.05 30 0.00
74.05 B1 5168.05 5168.05 
74.05 B3 5194.89 5194.89 
74.05 120 13 04 50
74.05 244 0.23
74.055 22 0.00
74.055 23 0.16
74.055 25 0.00
74.055 30 0.00
74.055 B1 5168.71 5168.71 
74.055 B3 5195.47 5195.47 
74.055 120 13 04 50
74.055 244 0.23
74.06 22 0.00
74.06 23 0.17
74.06 25 0.00
74.06 30 0.00
74.06 B1 5169.22 5169.22 
74.06 B3 5195.94 5195.94 
74.06 120 13 04 50
74.06 244 0.22
74.06499 22 0.00
74.06499 23 0.17
74.06499 25 0.00
74.06499 30 0.00
74.06499 B1 5168.30 5168.30 
74.06499 B3 5195.15 5195.15 
74.06499 120 13 04 50
74.06499 244 0.23
74.07 22 0.00
74.07 23 0.16
74.07 25 0.00
74.07 30 0.00
74.07 B1 5169.12 5169.12 
74.07 B3 5195.85 5195.85 
74.07 120 13 04 50
74.07 244 0.23
74.075 22 0.00
74.075 23 0.17
74.075 25 0.00
74.075 30 0.00
74.075 B1 5169.71 5169.71 
74.075 B3 5196.41 5196.41 
74.075 120 13 04 50
74.075 244 0.23
74.08 22 0.00
74.08 23 0.17
74.08 25 0.00
74.08 30 0.00
74.08 B1 5170.18 5170.18 
74.08 B3 5196.87 5196.87 
74.08 120 13 04 50
74.08 244 0.23
74.085 22 0.00
74.085 23 0.17
74.085 25 0.00
74.085 30 0.00
74.085 B1 5170.55 5170.55 
74.085 B3 5197.27 5197.27 
74.085 120 13 04 50
74.085 244 0.23
74.09 22 0.00
74.09 23 0.17
74.09 25 0.00
74.09 30 0.00
74.09 B1 5170.88 5170.88 
74.09 B3 5197.61 5197.61 
74.09 120 13 04 50
74.09 244 0.23
74.095 22 0.00
74.095 23 0.17
74.095 25 0.00
74.095 30 0.00
74.095 B1 5171.16 5171.16 
74.095 B3 5197.92 5197.92 
74.095 120 13 04 50
74.095 244 0.23
74.1 22 0.00
74.1 23 0.17
74.1 25 0.00
74.1 30 0.00
74.1 B1 5171.43 5171.43 
74.1 B3 5198.21 5198.21 
74.1 120 13 04 50
74.1 244 0.23
74.105 22 0.00
74.105 23 0.17
74.105 25 0.00
74.105 30 0.00
74.105 B1 5171.69 5171.69 
74.105 B3 5198.49 5198.49 
74.105 120 13 04 50
74.105 244 0.23
74.11 22 0.00
74.11 23 0.17
74.11 25 0.00
74.11 30 0.00
74.11 B1 5171.94 5171.94 
74.11 B3 5198.75 5198.75 
74.11 120 13 04 50
74.11 244 0.23
74.115 22 0.00
74.115 23 0.17
74.115 25 0.00
74.115 30 0.00
74.115 B1 5172.18 5172.18 
74.115 B3 5199.00 5199.00 
74.115 120 13 04 50
74.115 244 0.23
74.12 22 0.00
74.12 23 0.17
74.12 25 0.00
74.12 30 0.00
74.12 B1 5172.42 5172.42 
74.12 B3 5199.25 5199.25 
74.12 120 13 04 50
74.12 244 0.23
74.125 22 0.00
74.125 23 0.17
74.125 25 0.00
74.125 30 0.00
74.125 B1 5172.66 5172.66 
74.125 B3 5199.49 5199.50 
74.125 120 13 04 50
74.125 244 0.23
74.13 22 0.00
74.13 23 0.17
74.13 25 0.00
74.13 30 0.00
74.13 B1 5172.89 5172.89 
74.13 B3 5199.74 5199.74 
74.13 120 13 04 50
74.13 244 0.23
74.135 22 0.00
74.135 23 0.17
74.135 25 0.00
74.135 30 0.00
74.135 B1 5173.13 5173.13 
74.135 B3 5199.98 5199.98 
74.135 120 13 04 50
74.135 244 0.23
74.14 22 0.00
74.14 23 0.17
74.14 25 0.00
74.14 30 0.00
74.14 B1 5173.36 5173.36 
74.14 B3 5200.21 5200.21 
74.14 120 13 04 50
74.14 244 0.23
74.145 22 0.00
74.145 23 0.17
74.145 25 0.00
74.145 30 0.00
74.145 B1 5173.60 5173.60 
74.145 B3 5200.45 5200.45 
74.145 120 13 04 50
74.145 244 0.23
74.15 22 0.00
74.15 23 0.17
74.15 25 0.00
74.15 30 0.00
74.15 B1 5173.83 5173.83 
74.15 B3 5200.69 5200.69 
74.15 120 13 04 50
74.15 244 0.23
74.155 22 0.00
74.155 23 0.17
74.155 25 0.00
74.155 30 0.00
74.155 B1 5174.07 5174.07 
74.155 B3 5200.92 5200.92 
74.155 120 13 04 50
74.155 244 0.23
74.16 22 0.00
74.16 23 0.17
74.16 25 0.00
74.16 30 0.00
74.16 B1 5174.30 5174.30 
74.16 B3 5201.16 5201.16 
74.16 120 13 04 50
74.16 244 0.23
74.165 22 0.00
74.165 23 0.17
74.165 25 0.00
74.165 30 0.00
74.165 B1 5174.54 5174.54 
74.165 B3 5201.39 5201.39 
74.165 120 13 04 50
74.165 244 0.22
74.17 22 0.00
74.17 23 0.17
74.17 25 0.00
74.17 30 0.00
74.17 B1 5173.45 5173.45 
74.17 B3 5200.43 5200.43 
74.17 120 13 04 50
74.17 244 0.22
74.175 22 0.00
74.175 23 0.16
74.175 25 0.00
74.175 30 0.00
74.175 B1 5172.84 5172.85 
74.175 B3 5199.82 5199.82 
74.175 120 13 04 50
74.175 244 0.22
74.18 22 0.00
74.18 23 0.16
74.18 25 0.00
74.18 30 0.00
74.18 B1 5172.54 5172.54 
74.18 B3 5199.45 5199.45 
74.18 120 13 04 50
74.18 244 0.22
74.185 22 0.00
74.185 23 0.15
74.185 25 0.00
74.185 30 0.00
74.185 B1 5172.42 5172.42 
74.185 B3 5199.24 5199.24 
74.185 120 13 04 50
74.185 244 0.22
74.18999 22 0.00
74.18999 23 0.15
74.18999 25 0.00
74.18999 30 0.00
74.18999 B1 5172.41 5172.41 
74.18999 B3 5199.16 5199.16 
74.18999 120 13 04 50
74.18999 244 0.23
74.195 22 0.00
74.195 23 0.15
74.195 25 0.00
74.195 30 0.00
74.195 B1 5173.80 5173.80 
74.195 B3 5200.35 5200.35 
74.195 120 13 04 50
74.195 244 0.23
74.2 22 0.00
74.2 23 0.16
74.2 25 0.00
74.2 30 0.00
74.2 B1 5174.75 5174.75 
74.2 B3 5201.25 5201.25 
74.2 120 13 04 50
74.2 244 0.23
74.205 22 0.00
74.205 23 0.16
74.205 25 0.00
74.205 30 0.00
74.205 B1 5175.43 5175.43 
74.205 B3 5201.95 5201.95 
74.205 120 13 04 50
74.205 244 0.23
74.21 22 0.00
74.21 23 0.16
74.21 25 0.00
74.21 30 0.00
74.21 B1 5175.95 5175.95 
74.21 B3 5202.50 5202.50 
74.21 120 13 04 50
74.21 244 0.22
74.215 22 0.00
74.215 23 0.17
74.215 25 0.00
74.215 30 0.00
74.215 B1 5175.03 5175.03 
74.215 B3 5201.76 5201.76 
74.215 120 13 04 50
74.215 244 0.22
74.22 22 0.00
74.22 23 0.16
74.22 25 0.00
74.22 30 0.00
74.22 B1 5174.53 5174.53 
74.22 B3 5201.30 5201.30 
74.22 120 13 04 50
74.22 244 0.22
74.225 22 0.00
74.225 23 0.15
74.225 25 0.00
74.225 30 0.00
74.225 B1 5174.29 5174.29 
74.225 B3 5201.04 5201.04 
74.225 120 13 04 50
74.225 244 0.22
74.23 22 0.00
74.23 23 0.15
74.23 25 0.00
74.23 30 0.00
74.23 B1 5174.21 5174.21 
74.23 B3 5200.91 5200.91 
74.23 120 13 04 50
74.23 244 0.22
74.235 22 0.00
74.235 23 0.15
74.235 25 0.00
74.235 30 0.00
74.235 B1 5174.22 5174.22 
74.235 B3 5200.88 5200.88 
74.235 120 13 04 50
74.235 244 0.23
74.24 22 0.00
74.24 23 0.15
74.24 25 0.00
74.24 30 0.00
74.24 B1 5175.63 5175.63 
74.24 B3 5202.11 5202.11 
74.24 120 13 04 50
74.24 244 0.23
74.245 22 0.00
74.245 23 0.16
74.245 25 0.00
74.245 30 0.00
74.245 B1 5176.59 5176.59 
74.245 B3 5203.03 5203.03 
74.245 120 13 04 50
74.245 244 0.22
74.25 22 0.00
74.25 23 0.16
74.25 25 0.00
74.25 30 0.00
74.25 B1 5175.95 5175.95 
74.25 B3 5202.55 5202.55 
74.25 120 13 04 50
74.25 244 0.22
74.255 22 0.00
74.255 23 0.15
74.255 25 0.00
74.255 30 0.00
74.255 B1 5175.63 5175.63 
74.255 B3 5202.27 5202.27 
74.255 120 13 04 50
74.255 244 0.22
74.26 22 0.00
74.26 23 0.15
74.26 25 0.00
74.26 30 0.00
74.26 B1 5175.49 5175.49 
74.26 B3 5202.13 5202.13 
74.26 120 13 04 50
74.26 244 0.23
74.265 22 0.00
74.265 23 0.15
74.265 25 0.00
74.265 30 0.00
74.265 B1 5176.80 5176.80 
74.265 B3 5203.28 5203.29 
74.265 120 13 04 50
74.265 244 0.23
74.27 22 0.00
74.27 23 0.16
74.27 25 0.00
74.27 30 0.00
74.27 B1 5177.70 5177.70 
74.27 B3 5204.16 5204.16 
74.27 120 13 04 50
74.27 244 0.22
74.275 22 0.00
74.275 23 0.16
74.275 25 0.00
74.275 30 0.00
74.275 B1 5177.03 5177.03 
74.275 B3 5203.64 5203.64 
74.275 120 13 04 50
74.275 244 0.22
74.28 22 0.00
74.28 23 0.16
74.28 25 0.00
74.28 30 0.00
74.28 B1 5176.68 5176.68 
74.28 B3 5203.34 5203.34 
74.28 120 13 04 50
74.28 244 0.23
74.285 22 0.00
74.285 23 0.15
74.285 25 0.00
74.285 30 0.00
74.285 B1 5177.85 5177.85 
74.285 B3 5204.38 5204.38 
74.285 120 13 04 50
74.285 244 0.23
74.29 22 0.00
74.29 23 0.16
74.29 25 0.00
74.29 30 0.00
74.29 B1 5178.67 5178.67 
74.29 B3 5205.17 5205.17 
74.29 120 13 04 50
74.29 244 0.23
74.295 22 0.00
74.295 23 0.16
74.295 25 0.00
74.295 30 0.00
74.295 B1 5179.26 5179.26 
74.295 B3 5205.79 5205.79 
74.295 120 13 04 50
74.295 244 0.23
74.3 22 0.00
74.3 23 0.16
74.3 25 0.00
74.3 30 0.00
74.3 B1 5179.72 5179.72 
74.3 B3 5206.30 5206.30 
74.3 120 13 04 50
74.3 244 0.22
74.305 22 0.00
74.305 23 0.17
74.305 25 0.00
74.305 30 0.00
74.305 B1 5178.77 5178.77 
74.305 B3 5205.52 5205.52 
74.305 120 13 04 50
74.305 244 0.22
74.31 22 0.00
74.31 23 0.16
74.31 25 0.00
74.31 30 0.00
74.31 B1 5178.25 5178.25 
74.31 B3 5205.04 5205.04 
74.31 120 13 04 50
74.31 244 0.22
74.31499 22 0.00
74.31499 23 0.15
74.31499 25 0.00
74.31499 30 0.00
74.31499 B1 5177.99 5177.99 
74.31499 B3 5204.76 5204.76 
74.31499 120 13 04 50
74.31499 244 0.22
74.32 22 0.00
74.32 23 0.15
74.32 25 0.00
74.32 30 0.00
74.32 B1 5177.90 5177.90 
74.32 B3 5204.62 5204.62 
74.32 120 13 04 50
74.32 244 0.22
74.325 22 0.00
74.325 23 0.15
74.325 25 0.00
74.325 30 0.00
74.325 B1 5176.59 5176.59 
74.325 B3 5203.38 5203.38 
74.325 120 13 04 50
74.325 244 0.22
74.33 22 0.00
74.33 23 0.14
74.33 25 0.00
74.33 30 0.00
74.33 B1 5175.82 5175.82 
74.33 B3 5202.56 5202.56 
74.33 120 13 04 50
74.33 244 0.22
74.335 22 0.00
74.335 23 0.13
74.335 25 0.00
74.335 30 0.00
74.335 B1 5175.39 5175.39 
74.335 B3 5202.03 5202.03 
74.335 120 13 04 50
74.335 244 0.22
74.34 22 0.00
74.34 23 0.13
74.34 25 0.00
74.34 30 0.00
74.34 B1 5175.18 5175.18 
74.34 B3 5201.70 5201.70 
74.34 120 13 04 50
74.34 244 0.22
74.345 22 0.00
74.345 23 0.12
74.345 25 0.00
74.345 30 0.00
74.345 B1 5175.09 5175.09 
74.345 B3 5201.50 5201.50 
74.345 120 13 04 50
74.345 244 0.22
74.35 22 0.00
74.35 23 0.12
74.35 25 0.00
74.35 30 0.00
74.35 B1 5175.09 5175.09 
74.35 B3 5201.41 5201.41 
74.35 120 13 04 50
74.35 244 0.22
74.355 22 0.00
74.355 23 0.12
74.355 25 0.00
74.355 30 0.00
74.355 B1 5175.14 5175.14 
74.355 B3 5201.38 5201.38 
74.355 120 13 04 50
74.355 244 0.22
74.36 22 0.00
74.36 23 0.12
74.36 25 0.00
74.36 30 0.00
74.36 B1 5175.22 5175.22 
74.36 B3 5201.40 5201.40 
74.36 120 13 04 50
74.36 244 0.22
74.365 22 0.00
74.365 23 0.12
74.365 25 0.00
74.365 30 0.00
74.365 B1 5175.32 5175.32 
74.365 B3 5201.45 5201.45 
74.365 120 13 04 50
74.365 244 0.22
74.37 22 0.00
74.37 23 0.12
74.37 25 0.00
74.37 30 0.00
74.37 B1 5175.43 5175.43 
74.37 B3 5201.53 5201.53 
74.37 120 13 04 50
74.37 244 0.22
74.375 22 0.00
74.375 23 0.12
74.375 25 0.00
74.375 30 0.00
74.375 B1 5175.55 5175.55 
74.375 B3 5201.62 5201.62 
74.375 120 13 04 50
74.375 244 0.22
74.38 22 0.00
74.38 23 0.12
74.38 25 0.00
74.38 30 0.00
74.38 B1 5175.67 5175.67 
74.38 B3 5201.72 5201.72 
74.38 120 13 04 50
74.38 244 0.22
74.385 22 0.00
74.385 23 0.12
74.385 25 0.00
74.385 30 0.00
74.385 B1 5177.12 5177.12 
74.385 B3 5203.03 5203.03 
74.385 120 13 04 50
74.385 244 0.22
74.39 22 0.00
74.39 23 0.13
74.39 25 0.00
74.39 30 0.00
74.39 B1 5178.09 5178.09 
74.39 B3 5203.99 5203.99 
74.39 120 13 04 50
74.39 244 0.22
74.395 22 0.00
74.395 23 0.13
74.395 25 0.00
74.395 30 0.00
74.395 B1 5178.76 5178.76 
74.395 B3 5204.72 5204.72 
74.395 120 13 04 50
74.395 244 0.23
74.4 22 0.00
74.4 23 0.14
74.4 25 0.00
74.4 30 0.00
74.4 B1 5180.57 5180.57 
74.4 B3 5206.47 5206.47 
74.4 120 13 04 50
74.4 244 0.23
74.405 22 0.00
74.405 23 0.15
74.405 25 0.00
74.405 30 0.00
74.405 B1 5181.78 5181.78 
74.405 B3 5207.77 5207.77 
74.405 120 13 04 50
74.405 244 0.22
74.41 22 0.00
74.41 23 0.15
74.41 25 0.00
74.41 30 0.00
74.41 B1 5181.30 5181.30 
74.41 B3 5207.54 5207.54 
74.41 120 13 04 50
74.41 244 0.22
74.415 22 0.00
74.415 23 0.15
74.415 25 0.00
74.415 30 0.00
74.415 B1 5181.07 5181.07 
74.415 B3 5207.44 5207.44 
74.415 120 13 04 50
74.415 244 0.22
74.42 22 0.00
74.42 23 0.15
74.42 25 0.00
74.42 30 0.00
74.42 B1 5180.99 5180.99 
74.42 B3 5207.43 5207.43 
74.42 120 13 04 50
74.42 244 0.22
74.425 22 0.00
74.425 23 0.15
74.425 25 0.00
74.425 30 0.00
74.425 B1 5181.00 5181.00 
74.425 B3 5207.47 5207.47 
74.425 120 13 04 50
74.425 244 0.22
74.43 22 0.00
74.43 23 0.14
74.43 25 0.00
74.43 30 0.00
74.43 B1 5181.08 5181.08 
74.43 B3 5207.56 5207.56 
74.43 120 13 04 50
74.43 244 0.22
74.435 22 0.00
74.435 23 0.14
74.435 25 0.00
74.435 30 0.00
74.435 B1 5181.20 5181.20 
74.435 B3 5207.67 5207.67 
74.435 120 13 04 50
74.435 244 0.22
74.43999 22 0.00
74.43999 23 0.14
74.43999 25 0.00
74.43999 30 0.00
74.43999 B1 5181.34 5181.34 
74.43999 B3 5207.81 5207.81 
74.43999 120 13 04 50
74.43999 244 0.22
74.445 22 0.00
74.445 23 0.14
74.445 25 0.00
74.445 30 0.00
74.445 B1 5181.49 5181.49 
74.445 B3 5207.95 5207.95 
74.445 120 13 04 50
74.445 244 0.22
74.45 22 0.00
74.45 23 0.14
74.45 25 0.00
74.45 30 0.00
74.45 B1 5181.66 5181.66 
74.45 B3 5208.11 5208.11 
74.45 120 13 04 50
74.45 244 0.22
74.455 22 0.00
74.455 23 0.14
74.455 25 0.00
74.455 30 0.00
74.455 B1 5181.82 5181.82 
74.455 B3 5208.28 5208.28 
74.455 120 13 04 50
74.455 244 0.22
74.46 22 0.00
74.46 23 0.14
74.46 25 0.00
74.46 30 0.00
74.46 B1 5182.00 5182.00 
74.46 B3 5208.45 5208.45 
74.46 120 13 04 50
74.46 244 0.22
74.465 22 0.00
74.465 23 0.14
74.465 25 0.00
74.465 30 0.00
74.465 B1 5182.17 5182.17 
74.465 B3 5208.62 5208.62 
74.465 120 13 04 50
74.465 244 0.22
74.47 22 0.00
74.47 23 0.14
74.47 25 0.00
74.47 30 0.00
74.47 B1 5181.02 5181.02 
74.47 B3 5207.60 5207.60 
74.47 120 13 04 50
74.47 244 0.22
74.475 22 0.00
74.475 23 0.13
74.475 25 0.00
74.475 30 0.00
74.475 B1 5181.68 5181.68 
74.475 B3 5208.12 5208.12 
74.475 120 13 04 50
74.475 244 0.22
74.48 22 0.00
74.48 23 0.14
74.48 25 0.00
74.48 30 0.00
74.48 B1 5182.16 5182.16 
74.48 B3 5208.54 5208.54 
74.48 120 13 04 50
74.48 244 0.22
74.485 22 0.00
74.485 23 0.14
74.485 25 0.00
74.485 30 0.00
74.485 B1 5182.52 5182.52 
74.485 B3 5208.89 5208.89 
74.485 120 13 04 50
74.485 244 0.22
74.49 22 0.00
74.49 23 0.14
74.49 25 0.00
74.49 30 0.00
74.49 B1 5182.81 5182.81 
74.49 B3 5209.18 5209.18 
74.49 120 13 04 50
74.49 244 0.22
74.495 22 0.00
74.495 23 0.14
74.495 25 0.00
74.495 30 0.00
74.495 B1 5183.06 5183.06 
74.495 B3 5209.44 5209.44 
74.495 120 13 04 50
74.495 244 0.22
74.5 22 0.00
74.5 23 0.14
74.5 25 0.00
74.5 30 0.00
74.5 B1 5183.28 5183.28 
74.5 B3 5209.67 5209.67 
74.5 120 13 04 50
74.5 244 0.22
74.505 22 0.00
74.505 23 0.14
74.505 25 0.00
74.505 30 0.00
74.505 B1 5183.49 5183.49 
74.505 B3 5209.89 5209.89 
74.505 120 13 04 50
74.505 244 0.22
74.51 22 0.00
74.51 23 0.14
74.51 25 0.00
74.51 30 0.00
74.51 B1 5182.36 5182.36 
74.51 B3 5208.90 5208.90 
74.51 120 13 04 50
74.51 244 0.22
74.515 22 0.00
74.515 23 0.13
74.515 25 0.00
74.515 30 0.00
74.515 B1 5183.03 5183.03 
74.515 B3 5209.45 5209.45 
74.515 120 13 04 50
74.515 244 0.22
74.52 22 0.00
74.52 23 0.14
74.52 25 0.00
74.52 30 0.00
74.52 B1 5183.51 5183.51 
74.52 B3 5209.88 5209.88 
74.52 120 13 04 50
74.52 244 0.22
74.525 22 0.00
74.525 23 0.14
74.525 25 0.00
74.525 30 0.00
74.525 B1 5183.88 5183.88 
74.525 B3 5210.24 5210.24 
74.525 120 13 04 50
74.525 244 0.22
74.53 22 0.00
74.53 23 0.14
74.53 25 0.00
74.53 30 0.00
74.53 B1 5182.86 5182.86 
74.53 B3 5209.34 5209.34 
74.53 120 13 04 50
74.53 244 0.22
74.535 22 0.00
74.535 23 0.13
74.535 25 0.00
74.535 30 0.00
74.535 B1 5182.26 5182.26 
74.535 B3 5208.76 5208.76 
74.535 120 13 04 50
74.535 244 0.22
74.54 22 0.00
74.54 23 0.12
74.54 25 0.00
74.54 30 0.00
74.54 B1 5181.94 5181.94 
74.54 B3 5208.39 5208.39 
74.54 120 13 04 50
74.54 244 0.22
74.545 22 0.00
74.545 23 0.12
74.545 25 0.00
74.545 30 0.00
74.545 B1 5183.11 5183.11 
74.545 B3 5209.37 5209.37 
74.545 120 13 04 50
74.545 244 0.22
74.55 22 0.00
74.55 23 0.13
74.55 25 0.00
74.55 30 0.00
74.55 B1 5182.59 5182.59 
74.55 B3 5208.91 5208.91 
74.55 120 13 04 50
74.55 244 0.22
74.555 22 0.00
74.555 23 0.12
74.555 25 0.00
74.555 30 0.00
74.555 B1 5183.63 5183.63 
74.555 B3 5209.82 5209.82 
74.555 120 13 04 50
74.555 244 0.22
74.56 22 0.00
74.56 23 0.13
74.56 25 0.00
74.56 30 0.00
74.56 B1 5184.34 5184.34 
74.56 B3 5210.51 5210.51 
74.56 120 13 04 50
74.56 244 0.22
74.56499 22 0.00
74.56499 23 0.13
74.56499 25 0.00
74.56499 30 0.00
74.56499 B1 5184.86 5184.86 
74.56499 B3 5211.04 5211.04 
74.56499 120 13 04 50
74.56499 244 0.22
74.57 22 0.00
74.57 23 0.14
74.57 25 0.00
74.57 30 0.00
74.57 B1 5185.24 5185.24 
74.57 B3 5211.47 5211.47 
74.57 120 13 04 50
74.57 244 0.22
74.575 22 0.00
74.575 23 0.14
74.575 25 0.00
74.575 30 0.00
74.575 B1 5184.23 5184.23 
74.575 B3 5210.62 5210.62 
74.575 120 13 04 50
74.575 244 0.22
74.58 22 0.00
74.58 23 0.13
74.58 25 0.00
74.58 30 0.00
74.58 B1 5184.96 5184.96 
74.58 B3 5211.27 5211.27 
74.58 120 13 04 50
74.58 244 0.22
74.585 22 0.00
74.585 23 0.13
74.585 25 0.00
74.585 30 0.00
74.585 B1 5185.49 5185.49 
74.585 B3 5211.77 5211.77 
74.585 120 13 04 50
74.585 244 0.22
74.59 22 0.00
74.59 23 0.14
74.59 25 0.00
74.59 30 0.00
74.59 B1 5185.88 5185.88 
74.59 B3 5212.18 5212.18 
74.59 120 13 04 50
74.59 244 0.22
74.595 22 0.00
74.595 23 0.14
74.595 25 0.00
74.595 30 0.00
74.595 B1 5186.19 5186.19 
74.595 B3 5212.51 5212.51 
74.595 120 13 04 50
74.595 244 0.22
74.6 22 0.00
74.6 23 0.14
74.6 25 0.00
74.6 30 0.00
74.6 B1 5185.13 5185.13 
74.6 B3 5211.60 5211.60 
74.6 120 13 04 50
74.6 244 0.22
74.605 22 0.00
74.605 23 0.13
74.605 25 0.00
74.605 30 0.00
74.605 B1 5185.84 5185.84 
74.605 B3 5212.20 5212.20 
74.605 120 13 04 50
74.605 244 0.22
74.61 22 0.00
74.61 23 0.13
74.61 25 0.00
74.61 30 0.00
74.61 B1 5186.35 5186.35 
74.61 B3 5212.67 5212.67 
74.61 120 13 04 50
74.61 244 0.22
74.615 22 0.00
74.615 23 0.14
74.615 25 0.00
74.615 30 0.00
74.615 B1 5186.73 5186.73 
74.615 B3 5213.06 5213.06 
74.615 120 13 04 50
74.615 244 0.22
74.62 22 0.00
74.62 23 0.14
74.62 25 0.00
74.62 30 0.00
74.62 B1 5187.03 5187.03 
74.62 B3 5213.38 5213.38 
74.62 120 13 04 50
74.62 244 0.22
74.625 22 0.00
74.625 23 0.14
74.625 25 0.00
74.625 30 0.00
74.625 B1 5185.97 5185.97 
74.625 B3 5212.46 5212.46 
74.625 120 13 04 50
74.625 244 0.22
74.63 22 0.00
74.63 23 0.13
74.63 25 0.00
74.63 30 0.00
74.63 B1 5186.67 5186.67 
74.63 B3 5213.05 5213.05 
74.63 120 13 04 50
74.63 244 0.22
74.635 22 0.00
74.635 23 0.13
74.635 25 0.00
74.635 30 0.00
74.635 B1 5187.18 5187.18 
74.635 B3 5213.52 5213.52 
74.635 120 13 04 50
74.635 244 0.22
74.64 22 0.00
74.64 23 0.14
74.64 25 0.00
74.64 30 0.00
74.64 B1 5187.56 5187.56 
74.64 B3 5213.90 5213.90 
74.64 120 13 04 50
74.64 244 0.22
74.645 22 0.00
74.645 23 0.14
74.645 25 0.00
74.645 30 0.00
74.645 B1 5187.86 5187.86 
74.645 B3 5214.21 5214.21 
74.645 120 13 04 50
74.645 244 0.23
74.65 22 0.00
74.65 23 0.14
74.65 25 0.00
74.65 30 0.00
74.65 B1 5189.44 5189.44 
74.65 B3 5215.69 5215.69 
74.65 120 13 04 50
74.65 244 0.23
74.655 22 0.00
74.655 23 0.15
74.655 25 0.00
74.655 30 0.00
74.655 B1 5190.50 5190.50 
74.655 B3 5216.78 5216.78 
74.655 120 13 04 50
74.655 244 0.23
74.66 22 0.00
74.66 23 0.15
74.66 25 0.00
74.66 30 0.00
74.66 B1 5191.25 5191.25 
74.66 B3 5217.61 5217.61 
74.66 120 13 04 50
74.66 244 0.23
74.665 22 0.00
74.665 23 0.16
74.665 25 0.00
74.665 30 0.00
74.665 B1 5191.80 5191.80 
74.665 B3 5218.25 5218.25 
74.665 120 13 04 50
74.665 244 0.22
74.67 22 0.00
74.67 23 0.16
74.67 25 0.00
74.67 30 0.00
74.67 B1 5190.91 5190.91 
74.67 B3 5217.58 5217.58 
74.67 120 13 04 50
74.67 244 0.23
74.675 22 0.00
74.675 23 0.15
74.675 25 0.00
74.675 30 0.00
74.675 B1 5191.74 5191.74 
74.675 B3 5218.36 5218.36 
74.675 120 13 04 50
74.675 244 0.23
74.68 22 0.00
74.68 23 0.16
74.68 25 0.00
74.68 30 0.00
74.68 B1 5192.34 5192.34 
74.68 B3 5218.97 5218.97 
74.68 120 13 04 50
74.68 244 0.23
74.685 22 0.00
74.685 23 0.16
74.685 25 0.00
74.685 30 0.00
74.685 B1 5192.80 5192.80 
74.685 B3 5219.46 5219.46 
74.685 120 13 04 50
74.685 244 0.23
74.68999 22 0.00
74.68999 23 0.16
74.68999 25 0.00
74.68999 30 0.00
74.68999 B1 5193.17 5193.17 
74.68999 B3 5219.88 5219.88 
74.68999 120 13 04 50
74.68999 244 0.23
74.695 22 0.00
74.695 23 0.16
74.695 25 0.00
74.695 30 0.00
74.695 B1 5193.48 5193.48 
74.695 B3 5220.23 5220.23 
74.695 120 13 04 50
74.695 244 0.23
74.7 22 0.00
74.7 23 0.16
74.7 25 0.00
74.7 30 0.00
74.7 B1 5193.76 5193.76 
74.7 B3 5220.55 5220.55 
74.7 120 13 04 50
74.7 244 0.23
74.705 22 0.00
74.705 23 0.17
74.705 25 0.00
74.705 30 0.00
74.705 B1 5194.02 5194.02 
74.705 B3 5220.84 5220.84 
74.705 120 13 04 50
74.705 244 0.23
74.71 22 0.00
74.71 23 0.17
74.71 25 0.00
74.71 30 0.00
74.71 B1 5194.26 5194.26 
74.71 B3 5221.11 5221.11 
74.71 120 13 04 50
74.71 244 0.23
74.715 22 0.00
74.715 23 0.17
74.715 25 0.00
74.715 30 0.00
74.715 B1 5194.50 5194.50 
74.715 B3 5221.37 5221.37 
74.715 120 13 04 50
74.715 244 0.22
74.72 22 0.00
74.72 23 0.17
74.72 25 0.00
74.72 30 0.00
74.72 B1 5193.41 5193.41 
74.72 B3 5220.42 5220.42 
74.72 120 13 04 50
74.72 244 0.23
74.725 22 0.00
74.725 23 0.16
74.725 25 0.00
74.725 30 0.00
74.725 B1 5194.11 5194.11 
74.725 B3 5221.01 5221.01 
74.725 120 13 04 50
74.725 244 0.22
74.73 22 0.00
74.73 23 0.16
74.73 25 0.00
74.73 30 0.00
74.73 B1 5193.32 5193.32 
74.73 B3 5220.29 5220.29 
74.73 120 13 04 50
74.73 244 0.22
74.735 22 0.00
74.735 23 0.15
74.735 25 0.00
74.735 30 0.00
74.735 B1 5192.89 5192.89 
74.735 B3 5219.84 5219.84 
74.735 120 13 04 50
74.735 244 0.22
74.74 22 0.00
74.74 23 0.15
74.74 25 0.00
74.74 30 0.00
74.74 B1 5192.68 5192.68 
74.74 B3 5219.58 5219.59 
74.74 120 13 04 50
74.74 244 0.22
74.745 22 0.00
74.745 23 0.15
74.745 25 0.00
74.745 30 0.00
74.745 B1 5192.62 5192.62 
74.745 B3 5219.46 5219.46 
74.745 120 13 04 50
74.745 244 0.23
74.75 22 0.00
74.75 23 0.14
74.75 25 0.00
74.75 30 0.00
74.75 B1 5193.97 5193.97 
74.75 B3 5220.62 5220.62 
74.75 120 13 04 50
74.75 244 0.23
74.755 22 0.00
74.755 23 0.15
74.755 25 0.00
74.755 30 0.00
74.755 B1 5194.89 5194.89 
74.755 B3 5221.49 5221.49 
74.755 120 13 04 50
74.755 244 0.23
74.76 22 0.00
74.76 23 0.16
74.76 25 0.00
74.76 30 0.00
74.76 B1 5195.55 5195.55 
74.76 B3 5222.17 5222.17 
74.76 120 13 04 50
74.76 244 0.23
74.765 22 0.00
74.765 23 0.16
74.765 25 0.00
74.765 30 0.00
74.765 B1 5196.05 5196.05 
74.765 B3 5222.70 5222.70 
74.765 120 13 04 50
74.765 244 0.23
74.77 22 0.00
74.77 23 0.16
74.77 25 0.00
74.77 30 0.00
74.77 B1 5196.44 5196.44 
74.77 B3 5223.15 5223.15 
74.77 120 13 04 50
74.77 244 0.23
74.775 22 0.00
74.775 23 0.16
74.775 25 0.00
74.775 30 0.00
74.775 B1 5196.77 5196.77 
74.775 B3 5223.53 5223.53 
74.775 120 13 04 50
74.775 244 0.23
74.78 22 0.00
74.78 23 0.16
74.78 25 0.00
74.78 30 0.00
74.78 B1 5197.06 5197.06 
74.78 B3 5223.86 5223.86 
74.78 120 13 04 50
74.78 244 0.23
74.785 22 0.00
74.785 23 0.16
74.785 25 0.00
74.785 30 0.00
74.785 B1 5197.32 5197.32 
74.785 B3 5224.16 5224.16 
74.785 120 13 04 50
74.785 244 0.23
74.79 22 0.00
74.79 23 0.16
74.79 25 0.00
74.79 30 0.00
74.79 B1 5197.57 5197.57 
74.79 B3 5224.43 5224.43 
74.79 120 13 04 50
74.79 244 0.22
74.795 22 0.00
74.795 23 0.16
74.795 25 0.00
74.795 30 0.00
74.795 B1 5196.48 5196.48 
74.795 B3 5223.49 5223.49 
74.795 120 13 04 50
74.795 244 0.22
74.8 22 0.00
74.8 23 0.16
74.8 25 0.00
74.8 30 0.00
74.8 B1 5195.87 5195.87 
74.8 B3 5222.90 5222.90 
74.8 120 13 04 50
74.8 244 0.23
74.805 22 0.00
74.805 23 0.15
74.805 25 0.00
74.805 30 0.00
74.805 B1 5196.87 5196.87 
74.805 B3 5223.73 5223.73 
74.805 120 13 04 50
74.805 244 0.23
74.81 22 0.00
74.81 23 0.16
74.81 25 0.00
74.81 30 0.00
74.81 B1 5197.58 5197.58 
74.81 B3 5224.37 5224.37 
74.81 120 13 04 50
74.81 244 0.23
74.81499 22 0.00
74.81499 23 0.16
74.81499 25 0.00
74.81499 30 0.00
74.81499 B1 5198.11 5198.11 
74.81499 B3 5224.89 5224.89 
74.81499 120 13 04 50
74.81499 244 0.23
74.82 22 0.00
74.82 23 0.16
74.82 25 0.00
74.82 30 0.00
74.82 B1 5198.52 5198.52 
74.82 B3 5225.32 5225.32 
74.82 120 13 04 50
74.82 244 0.23
74.825 22 0.00
74.825 23 0.16
74.825 25 0.00
74.825 30 0.00
74.825 B1 5198.86 5198.86 
74.825 B3 5225.68 5225.68 
74.825 120 13 04 50
74.825 244 0.23
74.83 22 0.00
74.83 23 0.16
74.83 25 0.00
74.83 30 0.00
74.83 B1 5199.16 5199.16 
74.83 B3 5226.00 5226.00 
74.83 120 13 04 50
74.83 244 0.23
74.835 22 0.00
74.835 23 0.16
74.835 25 0.00
74.835 30 0.00
74.835 B1 5199.42 5199.42 
74.835 B3 5226.29 5226.29 
74.835 120 13 04 50
74.835 244 0.22
74.84 22 0.00
74.84 23 0.16
74.84 25 0.00
74.84 30 0.00
74.84 B1 5198.35 5198.35 
74.84 B3 5225.37 5225.37 
74.84 120 13 04 50
74.84 244 0.23
74.845 22 0.00
74.845 23 0.16
74.845 25 0.00
74.845 30 0.00
74.845 B1 5199.07 5199.07 
74.845 B3 5225.97 5225.97 
74.845 120 13 04 50
74.845 244 0.23
74.85 22 0.00
74.85 23 0.16
74.85 25 0.00
74.85 30 0.00
74.85 B1 5199.60 5199.60 
74.85 B3 5226.46 5226.46 
74.85 120 13 04 50
74.85 244 0.23
74.855 22 0.00
74.855 23 0.16
74.855 25 0.00
74.855 30 0.00
74.855 B1 5200.01 5200.01 
74.855 B3 5226.87 5226.87 
74.855 120 13 04 50
74.855 244 0.23
74.86 22 0.00
74.86 23 0.16
74.86 25 0.00
74.86 30 0.00
74.86 B1 5200.35 5200.35 
74.86 B3 5227.22 5227.22 
74.86 120 13 04 50
74.86 244 0.23
74.865 22 0.00
74.865 23 0.16
74.865 25 0.00
74.865 30 0.00
74.865 B1 5200.65 5200.65 
74.865 B3 5227.53 5227.53 
74.865 120 13 04 50
74.865 244 0.23
74.87 22 0.00
74.87 23 0.16
74.87 25 0.00
74.87 30 0.00
74.87 B1 5200.92 5200.92 
74.87 B3 5227.81 5227.81 
74.87 120 13 04 50
74.87 244 0.23
74.875 22 0.00
74.875 23 0.16
74.875 25 0.00
74.875 30 0.00
74.875 B1 5202.49 5202.49 
74.875 B3 5229.27 5229.27 
74.875 120 13 04 50
74.875 244 0.23
74.88 22 0.00
74.88 23 0.17
74.88 25 0.00
74.88 30 0.00
74.88 B1 5202.25 5202.25 
74.88 B3 5229.18 5229.18 
74.88 120 13 04 50
74.88 244 0.23
74.885 22 0.00
74.885 23 0.17
74.885 25 0.00
74.885 30 0.00
74.885 B1 5203.50 5203.50 
74.885 B3 5230.37 5230.37 
74.885 120 13 04 50
74.885 244 0.23
74.89 22 0.00
74.89 23 0.18
74.89 25 0.00
74.89 30 0.00
74.89 B1 5203.06 5203.06 
74.89 B3 5230.09 5230.09 
74.89 120 13 04 50
74.89 244 0.23
74.895 22 0.00
74.895 23 0.17
74.895 25 0.00
74.895 30 0.00
74.895 B1 5202.87 5202.87 
74.895 B3 5229.97 5229.97 
74.895 120 13 04 50
74.895 244 0.23
74.9 22 0.00
74.9 23 0.17
74.9 25 0.00
74.9 30 0.00
74.9 B1 5204.15 5204.15 
74.9 B3 5231.14 5231.14 
74.9 120 13 04 50
74.9 244 0.23
74.905 22 0.00
74.905 23 0.18
74.905 25 0.00
74.905 30 0.00
74.905 B1 5205.05 5205.05 
74.905 B3 5232.04 5232.04 
74.905 120 13 04 50
74.905 244 0.23
74.91 22 0.00
74.91 23 0.18
74.91 25 0.00
74.91 30 0.00
74.91 B1 5204.40 5204.40 
74.91 B3 5231.56 5231.56 
74.91 120 13 04 50
74.91 244 0.23
74.915 22 0.00
74.915 23 0.18
74.915 25 0.00
74.915 30 0.00
74.915 B1 5204.07 5204.07 
74.915 B3 5231.28 5231.28 
74.915 120 13 04 50
74.915 244 0.23
74.92 22 0.00
74.92 23 0.17
74.92 25 0.00
74.92 30 0.00
74.92 B1 5203.95 5203.95 
74.92 B3 5231.16 5231.16 
74.92 120 13 04 50
74.92 244 0.23
74.925 22 0.00
74.925 23 0.17
74.925 25 0.00
74.925 30 0.00
74.925 B1 5203.95 5203.95 
74.925 B3 5231.14 5231.14 
74.925 120 13 04 50
74.925 244 0.23
74.93 22 0.00
74.93 23 0.17
74.93 25 0.00
74.93 30 0.00
74.93 B1 5204.04 5204.04 
74.93 B3 5231.20 5231.20 
74.93 120 13 04 50
74.93 244 0.23
74.935 22 0.00
74.935 23 0.17
74.935 25 0.00
74.935 30 0.00
74.935 B1 5205.49 5205.49 
74.935 B3 5232.50 5232.50 
74.935 120 13 04 50
74.935 244 0.23
74.93999 22 0.00
74.93999 23 0.17
74.93999 25 0.00
74.93999 30 0.00
74.93999 B1 5206.51 5206.51 
74.93999 B3 5233.48 5233.48 
74.93999 120 13 04 50
74.93999 244 0.23
74.945 22 0.00
74.945 23 0.18
74.945 25 0.00
74.945 30 0.00
74.945 B1 5207.24 5207.24 
74.945 B3 5234.25 5234.25 
74.945 120 13 04 50
74.945 244 0.24
74.95 22 0.00
74.95 23 0.18
74.95 25 0.00
74.95 30 0.00
74.95 B1 5209.11 5209.11 
74.95 B3 5236.06 5236.06 
74.95 120 13 04 50
74.95 244 0.24
74.955 22 0.00
74.955 23 0.19
74.955 25 0.00
74.955 30 0.00
74.955 B1 5210.40 5210.40 
74.955 B3 5237.43 5237.43 
74.955 120 13 04 50
74.955 244 0.24
74.96 22 0.00
74.96 23 0.20
74.96 25 0.00
74.96 30 0.00
74.96 B1 5211.33 5211.33 
74.96 B3 5238.47 5238.47 
74.96 120 13 04 50
74.96 244 0.24
74.965 22 0.00
74.965 23 0.21
74.965 25 0.00
74.965 30 0.00
74.965 B1 5212.02 5212.02 
74.965 B3 5239.30 5239.30 
74.965 120 13 04 50
74.965 244 0.23
74.97 22 0.00
74.97 23 0.21
74.97 25 0.00
74.97 30 0.00
74.97 B1 5211.25 5211.25 
74.97 B3 5238.78 5238.78 
74.97 120 13 04 50
74.97 244 0.24
74.975 22 0.00
74.975 23 0.20
74.975 25 0.00
74.975 30 0.00
74.975 B1 5212.19 5212.19 
74.975 B3 5239.69 5239.69 
74.975 120 13 04 50
74.975 244 0.24
74.98 22 0.00
74.98 23 0.21
74.98 25 0.00
74.98 30 0.00
74.98 B1 5212.90 5212.90 
74.98 B3 5240.43 5240.43 
74.98 120 13 04 50
74.98 244 0.24
74.985 22 0.00
74.985 23 0.21
74.985 25 0.00
74.985 30 0.00
74.985 B1 5216.10 5216.10 
74.985 B3 5243.43 5243.43 
74.985 120 13 04 50
74.985 244 0.24
74.99 22 0.00
74.99 23 0.23
74.99 25 0.00
74.99 30 0.00
74.99 B1 5215.61 5215.61 
74.99 B3 5243.26 5243.26 
74.99 120 13 04 50
74.99 244 0.24
74.995 22 0.00
74.995 23 0.23
74.995 25 0.00
74.995 30 0.00
74.995 B1 5215.42 5215.42 
74.995 B3 5243.23 5243.23 
74.995 120 13 04 50
74.995 244 0.24
75 22 0.00
75 23 0.22
75 25 0.00
75 30 0.00
75 B1 5215.42 5215.42 
75 B3 5243.32 5243.32 
75 120 13 04 50
75 244 0.24
75.005 22 0.00
75.005 23 0.22
75.005 25 0.00
75.005 30 0.00
75.005 B1 5215.54 5215.54 
75.005 B3 5243.47 5243.47 
75.005 120 13 04 50
75.005 244 0.24
75.01 22 0.00
75.01 23 0.22
75.01 25 0.00
75.01 30 0.00
75.01 B1 5218.37 5218.37 
75.01 B3 5246.07 5246.07 
75.01 120 13 04 50
75.01 244 0.24
75.015 22 0.00
75.015 23 0.24
75.015 25 0.00
75.015 30 0.00
75.015 B1 5220.29 5220.29 
75.015 B3 5248.00 5248.00 
75.015 120 13 04 50
75.015 244 0.24
75.02 22 0.00
75.02 23 0.25
75.02 25 0.00
75.02 30 0.00
75.02 B1 5221.65 5221.65 
75.02 B3 5249.48 5249.48 
75.02 120 13 04 50
75.02 244 0.24
75.025 22 0.00
75.025 23 0.25
75.025 25 0.00
75.025 30 0.00
75.025 B1 5222.65 5222.65 
75.025 B3 5250.64 5250.64 
75.025 120 13 04 50
75.025 244 0.24
75.03 22 0.00
75.03 23 0.26
75.03 25 0.00
75.03 30 0.00
75.03 B1 5223.43 5223.43 
75.03 B3 5251.57 5251.57 
75.03 120 13 04 50
75.03 244 0.24
75.035 22 0.00
75.035 23 0.26
75.035 25 0.00
75.035 30 0.00
75.035 B1 5224.07 5224.07 
75.035 B3 5252.35 5252.35 
75.035 120 13 04 50
75.035 244 0.24
75.04 22 0.00
75.04 23 0.26
75.04 25 0.00
75.04 30 0.00
75.04 B1 5224.62 5224.62 
75.04 B3 5253.02 5253.02 
75.04 120 13 04 50
75.04 244 0.25
75.045 22 0.00
75.045 23 0.27
75.045 25 0.00
75.045 30 0.00
75.045 B1 5226.44 5226.44 
75.045 B3 5254.82 5254.82 
75.045 120 13 04 50
75.045 244 0.25
75.05 22 0.00
75.05 23 0.28
75.05 25 0.00
75.05 30 0.00
75.05 B1 5227.75 5227.75 
75.05 B3 5256.21 5256.21 
75.05 120 13 04 50
75.05 244 0.25
75.055 22 0.00
75.055 23 0.28
75.055 25 0.00
75.055 30 0.00
75.055 B1 5230.06 5230.06 
75.055 B3 5258.52 5258.52 
75.055 120 13 04 50
75.055 244 0.25
75.06 22 0.00
75.06 23 0.30
75.06 25 0.00
75.06 30 0.00
75.06 B1 5231.70 5231.70 
75.06 B3 5260.28 5260.28 
75.06 120 13 04 50
75.06 244 0.25
75.06499 22 0.00
75.06499 23 0.30
75.06499 25 0.00
75.06499 30 0.00
75.06499 B1 5232.90 5232.90 
75.06499 B3 5261.67 5261.67 
75.06499 120 13 04 50
75.06499 244 0.26
75.07 22 0.00
75.07 23 0.31
75.07 25 0.00
75.07 30 0.00
75.07 B1 5235.17 5235.17 
75.07 B3 5264.00 5264.00 
75.07 120 13 04 50
75.07 244 0.26
75.075 22 0.00
75.075 23 0.32
75.075 25 0.00
75.075 30 0.00
75.075 B1 5236.79 5236.79 
75.075 B3 5265.79 5265.79 
75.075 120 13 04 50
75.075 244 0.26
75.08 22 0.00
75.08 23 0.33
75.08 25 0.00
75.08 30 0.00
75.08 B1 5238.01 5238.01 
75.08 B3 5267.21 5267.21 
75.08 120 13 04 50
75.08 244 0.26
75.085 22 0.00
75.085 23 0.34
75.085 25 0.00
75.085 30 0.00
75.085 B1 5238.98 5238.98 
75.085 B3 5268.38 5268.38 
75.085 120 13 04 50
75.085 244 0.26
75.09 22 0.00
75.09 23 0.34
75.09 25 0.00
75.09 30 0.00
75.09 B1 5239.80 5239.80 
75.09 B3 5269.36 5269.36 
75.09 120 13 04 50
75.09 244 0.26
75.095 22 0.00
75.095 23 0.34
75.095 25 0.00
75.095 30 0.00
75.095 B1 5240.52 5240.52 
75.095 B3 5270.23 5270.23 
75.095 120 13 04 50
75.095 244 0.26
75.1 22 0.00
75.1 23 0.34
75.1 25 0.00
75.1 30 0.00
75.1 B1 5242.50 5242.50 
75.1 B3 5272.20 5272.20 
75.1 120 13 04 50
75.1 244 0.26
75.105 22 0.00
75.105 23 0.35
75.105 25 0.00
75.105 30 0.00
75.105 B1 5243.96 5243.96 
75.105 B3 5273.76 5273.76 
75.105 120 13 04 50
75.105 244 0.26
75.11 22 0.00
75.11 23 0.36
75.11 25 0.00
75.11 30 0.00
75.11 B1 5245.10 5245.10 
75.11 B3 5275.03 5275.03 
75.11 120 13 04 50
75.11 244 0.26
75.115 22 0.00
75.115 23 0.37
75.115 25 0.00
75.115 30 0.00
75.115 B1 5247.36 5247.36 
75.115 B3 5277.31 5277.31 
75.115 120 13 04 50
75.115 244 0.26
75.12 22 0.00
75.12 23 0.38
75.12 25 0.00
75.12 30 0.00
75.12 B1 5249.01 5249.01 
75.12 B3 5279.10 5279.10 
75.12 120 13 04 50
75.12 244 0.26
75.125 22 0.00
75.125 23 0.38
75.125 25 0.00
75.125 30 0.00
75.125 B1 5250.29 5250.29 
75.125 B3 5280.55 5280.55 
75.125 120 13 04 50
75.125 244 0.27
75.13 22 0.00
75.13 23 0.39
75.13 25 0.00
75.13 30 0.00
75.13 B1 5252.65 5252.65 
75.13 B3 5282.96 5282.96 
75.13 120 13 04 50
75.13 244 0.27
75.13499 22 0.00
75.13499 23 0.40
75.13499 25 0.00
75.13499 30 0.00
75.13499 B1 5254.39 5254.39 
75.13499 B3 5284.85 5284.86 
75.13499 120 13 04 50
75.13499 244 0.27
75.14 22 0.00
75.14 23 0.41
75.14 25 0.00
75.14 30 0.00
75.14 B1 5255.74 5255.74 
75.14 B3 5286.40 5286.40 
75.14 120 13 04 50
75.14 244 0.27
75.145 22 0.00
75.145 23 0.42
75.145 25 0.00
75.145 30 0.00
75.145 B1 5258.17 5258.17 
75.145 B3 5288.89 5288.89 
75.145 120 13 04 50
75.145 244 0.27
75.15 22 0.00
75.15 23 0.43
75.15 25 0.00
75.15 30 0.00
75.15 B1 5259.97 5259.97 
75.15 B3 5290.86 5290.86 
75.15 120 13 04 50
75.15 244 0.27
75.155 22 0.00
75.155 23 0.44
75.155 25 0.00
75.155 30 0.00
75.155 B1 5260.05 5260.05 
75.155 B3 5291.27 5291.27 
75.155 120 13 04 50
75.155 244 0.27
75.16 22 0.00
75.16 23 0.43
75.16 25 0.00
75.16 30 0.00
75.16 B1 5261.68 5261.68 
75.16 B3 5292.97 5292.97 
75.16 120 13 04 50
75.16 244 0.27
75.165 22 0.00
75.165 23 0.44
75.165 25 0.00
75.165 30 0.00
75.165 B1 5262.99 5262.99 
75.165 B3 5294.39 5294.39 
75.165 120 13 04 50
75.165 244 0.27
75.17 22 0.00
75.17 23 0.44
75.17 25 0.00
75.17 30 0.00
75.17 B1 5264.09 5264.09 
75.17 B3 5295.61 5295.61 
75.17 120 13 04 50
75.17 244 0.27
75.175 22 0.00
75.175 23 0.45
75.175 25 0.00
75.175 30 0.00
75.175 B1 5265.05 5265.05 
75.175 B3 5296.70 5296.70 
75.175 120 13 04 50
75.175 244 0.27
75.18 22 0.00
75.18 23 0.45
75.18 25 0.00
75.18 30 0.00
75.18 B1 5265.94 5265.94 
75.18 B3 5297.69 5297.69 
75.18 120 13 04 50
75.18 244 0.27
75.185 22 0.00
75.185 23 0.45
75.185 25 0.00
75.185 30 0.00
75.185 B1 5266.77 5266.77 
75.185 B3 5298.61 5298.61 
75.185 120 13 04 50
75.185 244 0.27
75.18999 22 0.00
75.18999 23 0.45
75.18999 25 0.00
75.18999 30 0.00
75.18999 B1 5267.58 5267.58 
75.18999 B3 5299.49 5299.49 
75.18999 120 13 04 50
75.18999 244 0.27
75.195 22 0.00
75.195 23 0.45
75.195 25 0.00
75.195 30 0.00
75.195 B1 5268.37 5268.37 
75.195 B3 5300.33 5300.33 
75.195 120 13 04 50
75.195 244 0.27
75.2 22 0.00
75.2 23 0.45
75.2 25 0.00
75.2 30 0.00
75.2 B1 5269.14 5269.14 
75.2 B3 5301.15 5301.15 
75.2 120 13 04 50
75.2 244 0.27
75.205 22 0.00
75.205 23 0.45
75.205 25 0.00
75.205 30 0.00
75.205 B1 5269.91 5269.91 
75.205 B3 5301.95 5301.95 
75.205 120 13 04 50
75.205 244 0.27
75.21 22 0.00
75.21 23 0.45
75.21 25 0.00
75.21 30 0.00
75.21 B1 5270.67 5270.67 
75.21 B3 5302.74 5302.74 
75.21 120 13 04 50
75.21 244 0.27
75.215 22 0.00
75.215 23 0.45
75.215 25 0.00
75.215 30 0.00
75.215 B1 5271.43 5271.43 
75.215 B3 5303.53 5303.53 
75.215 120 13 04 50
75.215 244 0.27
75.22 22 0.00
75.22 23 0.45
75.22 25 0.00
75.22 30 0.00
75.22 B1 5272.19 5272.19 
75.22 B3 5304.30 5304.30 
75.22 120 13 04 50
75.22 244 0.27
75.225 22 0.00
75.225 23 0.45
75.225 25 0.00
75.225 30 0.00
75.225 B1 5272.94 5272.94 
75.225 B3 5305.08 5305.08 
75.225 120 13 04 50
75.225 244 0.28
75.23 22 0.00
75.23 23 0.45
75.23 25 0.00
75.23 30 0.00
75.23 B1 5275.02 5275.02 
75.23 B3 5307.04 5307.04 
75.23 120 13 04 50
75.23 244 0.28
75.235 22 0.00
75.235 23 0.46
75.235 25 0.00
75.235 30 0.00
75.235 B1 5276.62 5276.62 
75.235 B3 5308.65 5308.65 
75.235 120 13 04 50
75.235 244 0.28
75.24 22 0.00
75.24 23 0.46
75.24 25 0.00
75.24 30 0.00
75.24 B1 5277.91 5277.91 
75.24 B3 5310.03 5310.03 
75.24 120 13 04 50
75.24 244 0.28
75.245 22 0.00
75.245 23 0.47
75.245 25 0.00
75.245 30 0.00
75.245 B1 5279.03 5279.03 
75.245 B3 5311.23 5311.23 
75.245 120 13 04 50
75.245 244 0.28
75.25 22 0.00
75.25 23 0.47
75.25 25 0.00
75.25 30 0.00
75.25 B1 5280.02 5280.02 
75.25 B3 5312.31 5312.31 
75.25 120 13 04 50
75.25 244 0.28
75.255 22 0.00
75.255 23 0.47
75.255 25 0.00
75.255 30 0.00
75.255 B1 5280.94 5280.94 
75.255 B3 5313.31 5313.31 
75.255 120 13 04 50
75.255 244 0.27
75.25999 22 0.00
75.25999 23 0.47
75.25999 25 0.00
75.25999 30 0.00
75.25999 B1 5280.50 5280.50 
75.25999 B3 5313.06 5313.06 
75.25999 120 13 04 50
75.25999 244 0.28
75.265 22 0.00
75.265 23 0.46
75.265 25 0.00
75.265 30 0.00
75.265 B1 5281.82 5281.82 
75.265 B3 5314.31 5314.31 
75.265 120 13 04 50
75.265 244 0.28
75.27 22 0.00
75.27 23 0.47
75.27 25 0.00
75.27 30 0.00
75.27 B1 5282.95 5282.95 
75.27 B3 5315.42 5315.42 
75.27 120 13 04 50
75.27 244 0.28
75.275 22 0.00
75.275 23 0.47
75.275 25 0.00
75.275 30 0.00
75.275 B1 5283.96 5283.96 
75.275 B3 5316.44 5316.44 
75.275 120 13 04 50
75.275 244 0.28
75.28 22 0.00
75.28 23 0.47
75.28 25 0.00
75.28 30 0.00
75.28 B1 5284.89 5284.89 
75.28 B3 5317.40 5317.40 
75.28 120 13 04 50
75.28 244 0.28
75.285 22 0.00
75.285 23 0.47
75.285 25 0.00
75.285 30 0.00
75.285 B1 5285.77 5285.77 
75.285 B3 5318.31 5318.31 
75.285 120 13 04 50
75.285 244 0.28
75.29 22 0.00
75.29 23 0.47
75.29 25 0.00
75.29 30 0.00
75.29 B1 5286.62 5286.62 
75.29 B3 5319.19 5319.19 
75.29 120 13 04 50
75.29 244 0.28
75.295 22 0.00
75.295 23 0.47
75.295 25 0.00
75.295 30 0.00
75.295 B1 5287.45 5287.45 
75.295 B3 5320.05 5320.05 
75.295 120 13 04 50
75.295 244 0.28
75.3 22 0.00
75.3 23 0.47
75.3 25 0.00
75.3 30 0.00
75.3 B1 5288.27 5288.27 
75.3 B3 5320.89 5320.89 
75.3 120 13 04 50
75.3 244 0.28
75.305 22 0.00
75.305 23 0.47
75.305 25 0.00
75.305 30 0.00
75.305 B1 5289.08 5289.08 
75.305 B3 5321.72 5321.72 
75.305 120 13 04 50
75.305 244 0.28
75.31 22 0.00
75.31 23 0.47
75.31 25 0.00
75.31 30 0.00
75.31 B1 5289.89 5289.89 
75.31 B3 5322.54 5322.54 
75.31 120 13 04 50
75.31 244 0.28
75.31499 22 0.00
75.31499 23 0.47
75.31499 25 0.00
75.31499 30 0.00
75.31499 B1 5290.69 5290.69 
75.31499 B3 5323.36 5323.36 
75.31499 120 13 04 50
75.31499 244 0.28
75.32 22 0.00
75.32 23 0.47
75.32 25 0.00
75.32 30 0.00
75.32 B1 5291.50 5291.50 
75.32 B3 5324.17 5324.17 
75.32 120 13 04 50
75.32 244 0.28
75.325 22 0.00
75.325 23 0.47
75.325 25 0.00
75.325 30 0.00
75.325 B1 5292.29 5292.29 
75.325 B3 5324.98 5324.98 
75.325 120 13 04 50
75.325 244 0.27
75.33 22 0.00
75.33 23 0.47
75.33 25 0.00
75.33 30 0.00
75.33 B1 5291.77 5291.77 
75.33 B3 5324.59 5324.59 
75.33 120 13 04 50
75.33 244 0.28
75.335 22 0.00
75.335 23 0.46
75.335 25 0.00
75.335 30 0.00
75.335 B1 5293.05 5293.05 
75.335 B3 5325.74 5325.74 
75.335 120 13 04 50
75.335 244 0.28
75.34 22 0.00
75.34 23 0.47
75.34 25 0.00
75.34 30 0.00
75.34 B1 5294.15 5294.15 
75.34 B3 5326.78 5326.78 
75.34 120 13 04 50
75.34 244 0.28
75.345 22 0.00
75.345 23 0.47
75.345 25 0.00
75.345 30 0.00
75.345 B1 5295.13 5295.13 
75.345 B3 5327.75 5327.75 
75.345 120 13 04 50
75.345 244 0.28
75.35 22 0.00
75.35 23 0.47
75.35 25 0.00
75.35 30 0.00
75.35 B1 5296.05 5296.05 
75.35 B3 5328.67 5328.67 
75.35 120 13 04 50
75.35 244 0.28
75.355 22 0.00
75.355 23 0.47
75.355 25 0.00
75.355 30 0.00
75.355 B1 5296.92 5296.92 
75.355 B3 5329.55 5329.55 
75.355 120 13 04 50
75.355 244 0.28
75.36 22 0.00
75.36 23 0.47
75.36 25 0.00
75.36 30 0.00
75.36 B1 5297.76 5297.76 
75.36 B3 5330.41 5330.41 
75.36 120 13 04 50
75.36 244 0.28
75.365 22 0.00
75.365 23 0.47
75.365 25 0.00
75.365 30 0.00
75.365 B1 5298.58 5298.58 
75.365 B3 5331.25 5331.25 
75.365 120 13 04 50
75.365 244 0.28
75.37 22 0.00
75.37 23 0.47
75.37 25 0.00
75.37 30 0.00
75.37 B1 5299.40 5299.40 
75.37 B3 5332.08 5332.08 
75.37 120 13 04 50
75.37 244 0.28
75.375 22 0.00
75.375 23 0.47
75.375 25 0.00
75.375 30 0.00
75.375 B1 5300.20 5300.20 
75.375 B3 5332.90 5332.90 
75.375 120 13 04 50
75.375 244 0.28
75.38 22 0.00
75.38 23 0.47
75.38 25 0.00
75.38 30 0.00
75.38 B1 5301.01 5301.01 
75.38 B3 5333.71 5333.71 
75.38 120 13 04 50
75.38 244 0.28
75.38499 22 0.00
75.38499 23 0.47
75.38499 25 0.00
75.38499 30 0.00
75.38499 B1 5301.80 5301.80 
75.38499 B3 5334.51 5334.51 
75.38499 120 13 04 50
75.38499 244 0.27
75.39 22 0.00
75.39 23 0.47
75.39 25 0.00
75.39 30 0.00
75.39 B1 5301.28 5301.28 
75.39 B3 5334.13 5334.13 
75.39 120 13 04 50
75.39 244 0.27
75.395 22 0.00
75.395 23 0.46
75.395 25 0.00
75.395 30 0.00
75.395 B1 5301.23 5301.23 
75.395 B3 5334.08 5334.08 
75.395 120 13 04 50
75.395 244 0.27
75.4 22 0.00
75.4 23 0.45
75.4 25 0.00
75.4 30 0.00
75.4 B1 5301.48 5301.48 
75.4 B3 5334.27 5334.27 
75.4 120 13 04 50
75.4 244 0.28
75.405 22 0.00
75.405 23 0.45
75.405 25 0.00
75.405 30 0.00
75.405 B1 5303.23 5303.23 
75.405 B3 5335.82 5335.82 
75.405 120 13 04 50
75.405 244 0.28
75.41 22 0.00
75.41 23 0.46
75.41 25 0.00
75.41 30 0.00
75.41 B1 5304.63 5304.63 
75.41 B3 5337.15 5337.15 
75.41 120 13 04 50
75.41 244 0.28
75.415 22 0.00
75.415 23 0.46
75.415 25 0.00
75.415 30 0.00
75.415 B1 5305.80 5305.80 
75.415 B3 5338.31 5338.31 
75.415 120 13 04 50
75.415 244 0.27
75.42 22 0.00
75.42 23 0.46
75.42 25 0.00
75.42 30 0.00
75.42 B1 5305.51 5305.51 
75.42 B3 5338.16 5338.16 
75.42 120 13 04 50
75.42 244 0.27
75.425 22 0.00
75.425 23 0.45
75.425 25 0.00
75.425 30 0.00
75.425 B1 5305.60 5305.60 
75.425 B3 5338.29 5338.29 
75.425 120 13 04 50
75.425 244 0.27
75.43 22 0.00
75.43 23 0.45
75.43 25 0.00
75.43 30 0.00
75.43 B1 5305.94 5305.94 
75.43 B3 5338.60 5338.60 
75.43 120 13 04 50
75.43 244 0.27
75.435 22 0.00
75.435 23 0.45
75.435 25 0.00
75.435 30 0.00
75.435 B1 5306.42 5306.42 
75.435 B3 5339.04 5339.04 
75.435 120 13 04 50
75.435 244 0.27
75.43999 22 0.00
75.43999 23 0.44
75.43999 25 0.00
75.43999 30 0.00
75.43999 B1 5307.01 5307.01 
75.43999 B3 5339.57 5339.57 
75.43999 120 13 04 50
75.43999 244 0.27
75.445 22 0.00
75.445 23 0.44
75.445 25 0.00
75.445 30 0.00
75.445 B1 5307.65 5307.65 
75.445 B3 5340.17 5340.17 
75.445 120 13 04 50
75.445 244 0.27
75.45 22 0.00
75.45 23 0.44
75.45 25 0.00
75.45 30 0.00
75.45 B1 5308.33 5308.33 
75.45 B3 5340.80 5340.80 
75.45 120 13 04 50
75.45 244 0.27
75.455 22 0.00
75.455 23 0.44
75.455 25 0.00
75.455 30 0.00
75.455 B1 5309.03 5309.03 
75.455 B3 5341.47 5341.47 
75.455 120 13 04 50
75.455 244 0.27
75.46 22 0.00
75.46 23 0.44
75.46 25 0.00
75.46 30 0.00
75.46 B1 5309.74 5309.74 
75.46 B3 5342.16 5342.16 
75.46 120 13 04 50
75.46 244 0.27
75.465 22 0.00
75.465 23 0.44
75.465 25 0.00
75.465 30 0.00
75.465 B1 5310.47 5310.47 
75.465 B3 5342.86 5342.86 
75.465 120 13 04 50
75.465 244 0.27
75.47 22 0.00
75.47 23 0.44
75.47 25 0.00
75.47 30 0.00
75.47 B1 5311.19 5311.19 
75.47 B3 5343.58 5343.58 
75.47 120 13 04 50
75.47 244 0.27
75.475 22 0.00
75.475 23 0.44
75.475 25 0.00
75.475 30 0.00
75.475 B1 5311.93 5311.93 
75.475 B3 5344.30 5344.30 
75.475 120 13 04 50
75.475 244 0.27
75.48 22 0.00
75.48 23 0.44
75.48 25 0.00
75.48 30 0.00
75.48 B1 5312.66 5312.66 
75.48 B3 5345.03 5345.03 
75.48 120 13 04 50
75.48 244 0.27
75.485 22 0.00
75.485 23 0.44
75.485 25 0.00
75.485 30 0.00
75.485 B1 5313.40 5313.40 
75.485 B3 5345.76 5345.76 
75.485 120 13 04 50
75.485 244 0.27
75.49 22 0.00
75.49 23 0.44
75.49 25 0.00
75.49 30 0.00
75.49 B1 5312.81 5312.81 
75.49 B3 5345.29 5345.29 
75.49 120 13 04 50
75.49 244 0.27
75.495 22 0.00
75.495 23 0.43
75.495 25 0.00
75.495 30 0.00
75.495 B1 5312.70 5312.70 
75.495 B3 5345.18 5345.18 
75.495 120 13 04 50
75.495 244 0.27
75.5 22 0.00
75.5 23 0.42
75.5 25 0.00
75.5 30 0.00
75.5 B1 5314.21 5314.21 
75.5 B3 5346.50 5346.50 
75.5 120 13 04 50
75.5 244 0.27
75.505 22 0.00
75.505 23 0.43
75.505 25 0.00
75.505 30 0.00
75.505 B1 5314.10 5314.10 
75.505 B3 5346.45 5346.45 
75.505 120 13 04 50
75.505 244 0.27
75.50999 22 0.00
75.50999 23 0.42
75.50999 25 0.00
75.50999 30 0.00
75.50999 B1 5315.62 5315.62 
75.50999 B3 5347.81 5347.81 
75.50999 120 13 04 50
75.50999 244 0.27
75.515 22 0.00
75.515 23 0.43
75.515 25 0.00
75.515 30 0.00
75.515 B1 5316.84 5316.84 
75.515 B3 5348.99 5348.99 
75.515 120 13 04 50
75.515 244 0.27
75.52 22 0.00
75.52 23 0.43
75.52 25 0.00
75.52 30 0.00
75.52 B1 5317.88 5317.88 
75.52 B3 5350.03 5350.03 
75.52 120 13 04 50
75.52 244 0.27
75.525 22 0.00
75.525 23 0.43
75.525 25 0.00
75.525 30 0.00
75.525 B1 5318.80 5318.80 
75.525 B3 5350.98 5350.98 
75.525 120 13 04 50
75.525 244 0.27
75.53 22 0.00
75.53 23 0.43
75.53 25 0.00
75.53 30 0.00
75.53 B1 5319.66 5319.66 
75.53 B3 5351.87 5351.87 
75.53 120 13 04 50
75.53 244 0.27
75.535 22 0.00
75.535 23 0.43
75.535 25 0.00
75.535 30 0.00
75.535 B1 5319.14 5319.14 
75.535 B3 5351.51 5351.51 
75.535 120 13 04 50
75.535 244 0.27
75.54 22 0.00
75.54 23 0.43
75.54 25 0.00
75.54 30 0.00
75.54 B1 5320.40 5320.40 
75.54 B3 5352.67 5352.67 
75.54 120 13 04 50
75.54 244 0.27
75.545 22 0.00
75.545 23 0.43
75.545 25 0.00
75.545 30 0.00
75.545 B1 5321.45 5321.45 
75.545 B3 5353.69 5353.69 
75.545 120 13 04 50
75.545 244 0.27
75.55 22 0.00
75.55 23 0.43
75.55 25 0.00
75.55 30 0.00
75.55 B1 5322.39 5322.39 
75.55 B3 5354.63 5354.63 
75.55 120 13 04 50
75.55 244 0.27
75.555 22 0.00
75.555 23 0.43
75.555 25 0.00
75.555 30 0.00
75.555 B1 5323.25 5323.25 
75.555 B3 5355.51 5355.51 
75.555 120 13 04 50
75.555 244 0.27
75.56 22 0.00
75.56 23 0.43
75.56 25 0.00
75.56 30 0.00
75.56 B1 5324.06 5324.06 
75.56 B3 5356.35 5356.35 
75.56 120 13 04 50
75.56 244 0.27
75.56499 22 0.00
75.56499 23 0.43
75.56499 25 0.00
75.56499 30 0.00
75.56499 B1 5324.84 5324.84 
75.56499 B3 5357.15 5357.15 
75.56499 120 13 04 50
75.56499 244 0.27
75.57 22 0.00
75.57 23 0.43
75.57 25 0.00
75.57 30 0.00
75.57 B1 5325.60 5325.60 
75.57 B3 5357.93 5357.93 
75.57 120 13 04 50
75.57 244 0.27
75.575 22 0.00
75.575 23 0.43
75.575 25 0.00
75.575 30 0.00
75.575 B1 5325.03 5325.03 
75.575 B3 5357.51 5357.51 
75.575 120 13 04 50
75.575 244 0.27
75.58 22 0.00
75.58 23 0.43
75.58 25 0.00
75.58 30 0.00
75.58 B1 5324.92 5324.92 
75.58 B3 5357.41 5357.41 
75.58 120 13 04 50
75.58 244 0.26
75.585 22 0.00
75.585 23 0.42
75.585 25 0.00
75.585 30 0.00
75.585 B1 5323.79 5323.79 
75.585 B3 5356.35 5356.35 
75.585 120 13 04 50
75.585 244 0.26
75.59 22 0.00
75.59 23 0.41
75.59 25 0.00
75.59 30 0.00
75.59 B1 5323.31 5323.31 
75.59 B3 5355.80 5355.80 
75.59 120 13 04 50
75.59 244 0.26
75.595 22 0.00
75.595 23 0.40
75.595 25 0.00
75.595 30 0.00
75.595 B1 5323.24 5323.24 
75.595 B3 5355.60 5355.60 
75.595 120 13 04 50
75.595 244 0.27
75.6 22 0.00
75.6 23 0.39
75.6 25 0.00
75.6 30 0.00
75.6 B1 5324.76 5324.76 
75.6 B3 5356.85 5356.85 
75.6 120 13 04 50
75.6 244 0.27
75.605 22 0.00
75.605 23 0.40
75.605 25 0.00
75.605 30 0.00
75.605 B1 5325.96 5325.96 
75.605 B3 5357.92 5357.92 
75.605 120 13 04 50
75.605 244 0.26
75.61 22 0.00
75.61 23 0.40
75.61 25 0.00
75.61 30 0.00
75.61 B1 5325.65 5325.65 
75.61 B3 5357.68 5357.68 
75.61 120 13 04 50
75.61 244 0.26
75.615 22 0.00
75.615 23 0.39
75.615 25 0.00
75.615 30 0.00
75.615 B1 5325.68 5325.68 
75.615 B3 5357.70 5357.70 
75.615 120 13 04 50
75.615 244 0.26
75.62 22 0.00
75.62 23 0.39
75.62 25 0.00
75.62 30 0.00
75.62 B1 5325.94 5325.94 
75.62 B3 5357.90 5357.90 
75.62 120 13 04 50
75.62 244 0.27
75.625 22 0.00
75.625 23 0.39
75.625 25 0.00
75.625 30 0.00
75.625 B1 5327.65 5327.65 
75.625 B3 5359.42 5359.42 
75.625 120 13 04 50
75.625 244 0.27
75.63 22 0.00
75.63 23 0.39
75.63 25 0.00
75.63 30 0.00
75.63 B1 5328.98 5328.98 
75.63 B3 5360.69 5360.69 
75.63 120 13 04 50
75.63 244 0.27
75.63499 22 0.00
75.63499 23 0.40
75.63499 25 0.00
75.63499 30 0.00
75.63499 B1 5330.07 5330.07 
75.63499 B3 5361.78 5361.78 
75.63499 120 13 04 50
75.63499 244 0.27
75.64 22 0.00
75.64 23 0.40
75.64 25 0.00
75.64 30 0.00
75.64 B1 5331.00 5331.00 
75.64 B3 5362.75 5362.75 
75.64 120 13 04 50
75.64 244 0.27
75.645 22 0.00
75.645 23 0.40
75.645 25 0.00
75.645 30 0.00
75.645 B1 5331.83 5331.83 
75.645 B3 5363.63 5363.63 
75.645 120 13 04 50
75.645 244 0.26
75.65 22 0.00
75.65 23 0.40
75.65 25 0.00
75.65 30 0.00
75.65 B1 5331.29 5331.29 
75.65 B3 5363.25 5363.25 
75.65 120 13 04 50
75.65 244 0.26
75.655 22 0.00
75.655 23 0.39
75.655 25 0.00
75.655 30 0.00
75.655 B1 5331.18 5331.18 
75.655 B3 5363.17 5363.17 
75.655 120 13 04 50
75.655 244 0.26
75.66 22 0.00
75.66 23 0.39
75.66 25 0.00
75.66 30 0.00
75.66 B1 5331.34 5331.34 
75.66 B3 5363.30 5363.31 
75.66 120 13 04 50
75.66 244 0.26
75.665 22 0.00
75.665 23 0.38
75.665 25 0.00
75.665 30 0.00
75.665 B1 5331.67 5331.67 
75.665 B3 5363.59 5363.59 
75.665 120 13 04 50
75.665 244 0.26
75.67 22 0.00
75.67 23 0.38
75.67 25 0.00
75.67 30 0.00
75.67 B1 5332.11 5332.11 
75.67 B3 5363.97 5363.97 
75.67 120 13 04 50
75.67 244 0.26
75.675 22 0.00
75.675 23 0.38
75.675 25 0.00
75.675 30 0.00
75.675 B1 5332.62 5332.62 
75.675 B3 5364.42 5364.42 
75.675 120 13 04 50
75.675 244 0.26
75.68 22 0.00
75.68 23 0.38
75.68 25 0.00
75.68 30 0.00
75.68 B1 5331.85 5331.85 
75.68 B3 5363.73 5363.73 
75.68 120 13 04 50
75.68 244 0.26
75.685 22 0.00
75.685 23 0.37
75.685 25 0.00
75.685 30 0.00
75.685 B1 5331.58 5331.58 
75.685 B3 5363.42 5363.42 
75.685 120 13 04 50
75.685 244 0.26
75.68999 22 0.00
75.68999 23 0.36
75.68999 25 0.00
75.68999 30 0.00
75.68999 B1 5331.62 5331.62 
75.68999 B3 5363.37 5363.37 
75.68999 120 13 04 50
75.68999 244 0.26
75.695 22 0.00
75.695 23 0.36
75.695 25 0.00
75.695 30 0.00
75.695 B1 5330.54 5330.54 
75.695 B3 5362.31 5362.31 
75.695 120 13 04 50
75.695 244 0.26
75.7 22 0.00
75.7 23 0.35
75.7 25 0.00
75.7 30 0.00
75.7 B1 5330.05 5330.05 
75.7 B3 5361.72 5361.72 
75.7 120 13 04 50
75.7 244 0.26
75.705 22 0.00
75.705 23 0.34
75.705 25 0.00
75.705 30 0.00
75.705 B1 5329.94 5329.94 
75.705 B3 5361.46 5361.46 
75.705 120 13 04 50
75.705 244 0.26
75.71 22 0.00
75.71 23 0.33
75.71 25 0.00
75.71 30 0.00
75.71 B1 5330.06 5330.06 
75.71 B3 5361.43 5361.43 
75.71 120 13 04 50
75.71 244 0.26
75.715 22 0.00
75.715 23 0.33
75.715 25 0.00
75.715 30 0.00
75.715 B1 5330.33 5330.33 
75.715 B3 5361.57 5361.57 
75.715 120 13 04 50
75.715 244 0.26
75.72 22 0.00
75.72 23 0.33
75.72 25 0.00
75.72 30 0.00
75.72 B1 5330.70 5330.70 
75.72 B3 5361.81 5361.81 
75.72 120 13 04 50
75.72 244 0.26
75.725 22 0.00
75.725 23 0.33
75.725 25 0.00
75.725 30 0.00
75.725 B1 5331.12 5331.12 
75.725 B3 5362.14 5362.14 
75.725 120 13 04 50
75.725 244 0.26
75.73 22 0.00
75.73 23 0.32
75.73 25 0.00
75.73 30 0.00
75.73 B1 5331.58 5331.58 
75.73 B3 5362.52 5362.52 
75.73 120 13 04 50
75.73 244 0.26
75.735 22 0.00
75.735 23 0.32
75.735 25 0.00
75.735 30 0.00
75.735 B1 5332.06 5332.06 
75.735 B3 5362.95 5362.95 
75.735 120 13 04 50
75.735 244 0.26
75.74 22 0.00
75.74 23 0.32
75.74 25 0.00
75.74 30 0.00
75.74 B1 5332.55 5332.55 
75.74 B3 5363.40 5363.40 
75.74 120 13 04 50
75.74 244 0.26
75.745 22 0.00
75.745 23 0.32
75.745 25 0.00
75.745 30 0.00
75.745 B1 5333.06 5333.06 
75.745 B3 5363.87 5363.87 
75.745 120 13 04 50
75.745 244 0.26
75.75 22 0.00
75.75 23 0.32
75.75 25 0.00
75.75 30 0.00
75.75 B1 5333.57 5333.57 
75.75 B3 5364.35 5364.35 
75.75 120 13 04 50
75.75 244 0.26
75.755 22 0.00
75.755 23 0.32
75.755 25 0.00
75.755 30 0.00
75.755 B1 5334.08 5334.08 
75.755 B3 5364.84 5364.84 
75.755 120 13 04 50
75.755 244 0.26
75.75999 22 0.00
75.75999 23 0.32
75.75999 25 0.00
75.75999 30 0.00
75.75999 B1 5334.59 5334.59 
75.75999 B3 5365.34 5365.34 
75.75999 120 13 04 50
75.75999 244 0.26
75.765 22 0.00
75.765 23 0.32
75.765 25 0.00
75.765 30 0.00
75.765 B1 5335.10 5335.10 
75.765 B3 5365.85 5365.85 
75.765 120 13 04 50
75.765 244 0.26
75.77 22 0.00
75.77 23 0.32
75.77 25 0.00
75.77 30 0.00
75.77 B1 5335.62 5335.62 
75.77 B3 5366.35 5366.35 
75.77 120 13 04 50
75.77 244 0.26
75.775 22 0.00
75.775 23 0.32
75.775 25 0.00
75.775 30 0.00
75.775 B1 5336.14 5336.14 
75.775 B3 5366.86 5366.86 
75.775 120 13 04 50
75.775 244 0.26
75.78 22 0.00
75.78 23 0.32
75.78 25 0.00
75.78 30 0.00
75.78 B1 5336.65 5336.65 
75.78 B3 5367.37 5367.37 
75.78 120 13 04 50
75.78 244 0.26
75.785 22 0.00
75.785 23 0.32
75.785 25 0.00
75.785 30 0.00
75.785 B1 5337.17 5337.17 
75.785 B3 5367.89 5367.89 
75.785 120 13 04 50
75.785 244 0.26
75.79 22 0.00
75.79 23 0.32
75.79 25 0.00
75.79 30 0.00
75.79 B1 5337.68 5337.68 
75.79 B3 5368.40 5368.40 
75.79 120 13 04 50
75.79 244 0.26
75.795 22 0.00
75.795 23 0.32
75.795 25 0.00
75.795 30 0.00
75.795 B1 5338.20 5338.20 
75.795 B3 5368.91 5368.91 
75.795 120 13 04 50
75.795 244 0.26
75.8 22 0.00
75.8 23 0.32
75.8 25 0.00
75.8 30 0.00
75.8 B1 5338.71 5338.71 
75.8 B3 5369.43 5369.43 
75.8 120 13 04 50
75.8 244 0.26
75.805 22 0.00
75.805 23 0.32
75.805 25 0.00
75.805 30 0.00
75.805 B1 5339.22 5339.22 
75.805 B3 5369.94 5369.94 
75.805 120 13 04 50
75.805 244 0.26
75.81 22 0.00
75.81 23 0.32
75.81 25 0.00
75.81 30 0.00
75.81 B1 5339.74 5339.74 
75.81 B3 5370.46 5370.46 
75.81 120 13 04 50
75.81 244 0.25
75.81499 22 0.00
75.81499 23 0.32
75.81499 25 0.00
75.81499 30 0.00
75.81499 B1 5338.93 5338.93 
75.81499 B3 5369.77 5369.77 
75.81499 120 13 04 50
75.81499 244 0.25
75.82 22 0.00
75.82 23 0.31
75.82 25 0.00
75.82 30 0.00
75.82 B1 5338.59 5338.59 
75.82 B3 5369.43 5369.43 
75.82 120 13 04 50
75.82 244 0.26
75.825 22 0.00
75.825 23 0.30
75.825 25 0.00
75.825 30 0.00
75.825 B1 5339.87 5339.87 
75.825 B3 5370.53 5370.53 
75.825 120 13 04 50
75.825 244 0.26
75.83 22 0.00
75.83 23 0.31
75.83 25 0.00
75.83 30 0.00
75.83 B1 5340.87 5340.87 
75.83 B3 5371.45 5371.45 
75.83 120 13 04 50
75.83 244 0.25
75.835 22 0.00
75.835 23 0.31
75.835 25 0.00
75.835 30 0.00
75.835 B1 5340.36 5340.36 
75.835 B3 5371.05 5371.05 
75.835 120 13 04 50
75.835 244 0.25
75.84 22 0.00
75.84 23 0.31
75.84 25 0.00
75.84 30 0.00
75.84 B1 5340.22 5340.22 
75.84 B3 5370.91 5370.91 
75.84 120 13 04 50
75.84 244 0.25
75.845 22 0.00
75.845 23 0.30
75.845 25 0.00
75.845 30 0.00
75.845 B1 5340.29 5340.29 
75.845 B3 5370.95 5370.95 
75.845 120 13 04 50
75.845 244 0.25
75.85 22 0.00
75.85 23 0.30
75.85 25 0.00
75.85 30 0.00
75.85 B1 5340.51 5340.51 
75.85 B3 5371.12 5371.12 
75.85 120 13 04 50
75.85 244 0.25
75.855 22 0.00
75.855 23 0.30
75.855 25 0.00
75.855 30 0.00
75.855 B1 5340.82 5340.82 
75.855 B3 5371.37 5371.37 
75.855 120 13 04 50
75.855 244 0.25
75.86 22 0.00
75.86 23 0.29
75.86 25 0.00
75.86 30 0.00
75.86 B1 5341.19 5341.19 
75.86 B3 5371.68 5371.68 
75.86 120 13 04 50
75.86 244 0.25
75.865 22 0.00
75.865 23 0.29
75.865 25 0.00
75.865 30 0.00
75.865 B1 5341.59 5341.59 
75.865 B3 5372.04 5372.04 
75.865 120 13 04 50
75.865 244 0.26
75.87 22 0.00
75.87 23 0.29
75.87 25 0.00
75.87 30 0.00
75.87 B1 5343.33 5343.33 
75.87 B3 5373.63 5373.63 
75.87 120 13 04 50
75.87 244 0.25
75.875 22 0.00
75.875 23 0.30
75.875 25 0.00
75.875 30 0.00
75.875 B1 5343.30 5343.30 
75.875 B3 5373.69 5373.69 
75.875 120 13 04 50
75.875 244 0.25
75.88 22 0.00
75.88 23 0.30
75.88 25 0.00
75.88 30 0.00
75.88 B1 5343.45 5343.45 
75.88 B3 5373.88 5373.88 
75.88 120 13 04 50
75.88 244 0.26
75.88499 22 0.00
75.88499 23 0.30
75.88499 25 0.00
75.88499 30 0.00
75.88499 B1 5345.03 5345.03 
75.88499 B3 5375.34 5375.34 
75.88499 120 13 04 50
75.88499 244 0.25
75.89 22 0.00
75.89 23 0.30
75.89 25 0.00
75.89 30 0.00
75.89 B1 5344.90 5344.90 
75.89 B3 5375.33 5375.33 
75.89 120 13 04 50
75.89 244 0.25
75.895 22 0.00
75.895 23 0.30
75.895 25 0.00
75.895 30 0.00
75.895 B1 5344.98 5344.98 
75.895 B3 5375.45 5375.45 
75.895 120 13 04 50
75.895 244 0.25
75.9 22 0.00
75.9 23 0.30
75.9 25 0.00
75.9 30 0.00
75.9 B1 5345.20 5345.20 
75.9 B3 5375.68 5375.68 
75.9 120 13 04 50
75.9 244 0.25
75.905 22 0.00
75.905 23 0.29
75.905 25 0.00
75.905 30 0.00
75.905 B1 5345.51 5345.51 
75.905 B3 5375.97 5375.97 
75.905 120 13 04 50
75.905 244 0.25
75.91 22 0.00
75.91 23 0.29
75.91 25 0.00
75.91 30 0.00
75.91 B1 5344.55 5344.55 
75.91 B3 5375.12 5375.12 
75.91 120 13 04 50
75.91 244 0.25
75.915 22 0.00
75.915 23 0.28
75.915 25 0.00
75.915 30 0.00
75.915 B1 5344.10 5344.10 
75.915 B3 5374.64 5374.64 
75.915 120 13 04 50
75.915 244 0.25
75.92 22 0.00
75.92 23 0.28
75.92 25 0.00
75.92 30 0.00
75.92 B1 5343.97 5343.97 
75.92 B3 5374.43 5374.43 
75.92 120 13 04 50
75.92 244 0.25
75.925 22 0.00
75.925 23 0.27
75.925 25 0.00
75.925 30 0.00
75.925 B1 5344.03 5344.03 
75.925 B3 5374.40 5374.40 
75.925 120 13 04 50
75.925 244 0.24
75.93 22 0.00
75.93 23 0.27
75.93 25 0.00
75.93 30 0.00
75.93 B1 5342.90 5342.90 
75.93 B3 5373.31 5373.31 
75.93 120 13 04 50
75.93 244 0.24
75.935 22 0.00
75.935 23 0.26
75.935 25 0.00
75.935 30 0.00
75.935 B1 5342.32 5342.32 
75.935 B3 5372.64 5372.64 
75.935 120 13 04 50
75.935 244 0.24
75.93999 22 0.00
75.93999 23 0.25
75.93999 25 0.00
75.93999 30 0.00
75.93999 B1 5342.09 5342.09 
75.93999 B3 5372.28 5372.28 
75.93999 120 13 04 50
75.93999 244 0.23
75.945 22 0.00
75.945 23 0.25
75.945 25 0.00
75.945 30 0.00
75.945 B1 5338.11 5338.11 
75.945 B3 5368.54 5368.54 
75.945 120 13 04 50
75.945 244 0.23
75.95 22 0.00
75.95 23 0.22
75.95 25 0.00
75.95 30 0.00
75.95 B1 5335.68 5335.68 
75.95 B3 5365.98 5365.98 
75.95 120 13 04 50
75.95 244 0.23
75.955 22 0.00
75.955 23 0.20
75.955 25 0.00
75.955 30 0.00
75.955 B1 5332.90 5332.90 
75.955 B3 5363.04 5363.04 
75.955 120 13 04 50
75.955 244 0.23
75.96 22 0.00
75.96 23 0.17
75.96 25 0.00
75.96 30 0.00
75.96 B1 5331.21 5331.21 
75.96 B3 5361.01 5361.01 
75.96 120 13 04 50
75.96 244 0.23
75.965 22 0.00
75.965 23 0.16
75.965 25 0.00
75.965 30 0.00
75.965 B1 5330.19 5330.19 
75.965 B3 5359.63 5359.63 
75.965 120 13 04 50
75.965 244 0.22
75.97 22 0.00
75.97 23 0.15
75.97 25 0.00
75.97 30 0.00
75.97 B1 5328.30 5328.30 
75.97 B3 5357.51 5357.51 
75.97 120 13 04 50
75.97 244 0.22
75.975 22 0.00
75.975 23 0.13
75.975 25 0.00
75.975 30 0.00
75.975 B1 5327.14 5327.14 
75.975 B3 5356.04 5356.04 
75.975 120 13 04 50
75.975 244 0.22
75.98 22 0.00
75.98 23 0.12
75.98 25 0.00
75.98 30 0.00
75.98 B1 5326.45 5326.45 
75.98 B3 5355.04 5355.04 
75.98 120 13 04 50
75.98 244 0.22
75.985 22 0.00
75.985 23 0.12
75.985 25 0.00
75.985 30 0.00
75.985 B1 5326.06 5326.06 
75.985 B3 5354.36 5354.36 
75.985 120 13 04 50
75.985 244 0.22
75.99 22 0.00
75.99 23 0.11
75.99 25 0.00
75.99 30 0.00
75.99 B1 5323.21 5323.21 
75.99 B3 5351.51 5351.51 
75.99 120 13 04 50
75.99 244 0.22
75.995 22 0.00
75.995 23 0.09
75.995 25 0.00
75.995 30 0.00
75.995 B1 5321.41 5321.41 
75.995 B3 5349.51 5349.51 
75.995 120 13 04 50
75.995 244 0.22
76 22 0.00
76 23 0.08
76 25 0.00
76 30 0.00
76 B1 5320.28 5320.28 
76 B3 5348.10 5348.10 
76 120 13 04 50
76 244 0.21
76.005 22 0.00
76.005 23 0.07
76.005 25 0.00
76.005 30 0.00
76.005 B1 5318.25 5318.25 
76.005 B3 5345.91 5345.91 
76.005 120 13 04 50
76.005 244 0.21
76.00999 22 0.00
76.00999 23 0.05
76.00999 25 0.00
76.00999 30 0.00
76.00999 B1 5316.95 5316.95 
76.00999 B3 5344.35 5344.35 
76.00999 120 13 04 50
76.00999 244 0.21
76.015 22 0.00
76.015 23 0.04
76.015 25 0.00
76.015 30 0.00
76.015 B1 5314.79 5314.79 
76.015 B3 5342.04 5342.04 
76.015 120 13 04 50
76.015 244 0.20
76.02 22 0.00
76.02 23 0.03
76.02 25 0.00
76.02 30 0.00
76.02 B1 5312.08 5312.08 
76.02 B3 5339.18 5339.18 
76.02 120 13 04 50
76.02 244 0.20
76.025 22 0.00
76.025 23 0.01
76.025 25 0.00
76.025 30 0.00
76.025 B1 5310.31 5310.31 
76.025 B3 5337.13 5337.13 
76.025 120 13 04 50
76.025 244 0.20
76.03 22 0.00
76.03 23 -0.01
76.03 25 0.00
76.03 30 0.00
76.03 B1 5307.82 5307.82 
76.03 B3 5334.43 5334.43 
76.03 120 13 04 50
76.03 244 0.20
76.035 22 0.00
76.035 23 -0.02
76.035 25 0.00
76.035 30 0.00
76.035 B1 5306.17 5306.17 
76.035 B3 5332.48 5332.48 
76.035 120 13 04 50
76.035 244 0.20
76.04 22 0.00
76.04 23 -0.03
76.04 25 0.00
76.04 30 0.00
76.04 B1 5303.74 5303.74 
76.04 B3 5329.84 5329.84 
76.04 120 13 04 50
76.04 244 0.19
76.045 22 0.00
76.045 23 -0.05
76.045 25 0.00
76.045 30 0.00
76.045 B1 5300.80 5300.80 
76.045 B3 5326.71 5326.71 
76.045 120 13 04 50
76.045 244 0.19
76.05 22 0.00
76.05 23 -0.07
76.05 25 0.00
76.05 30 0.00
76.05 B1 5298.83 5298.83 
76.05 B3 5324.42 5324.42 
76.05 120 13 04 50
76.05 244 0.19
76.055 22 0.00
76.055 23 -0.08
76.055 25 0.00
76.055 30 0.00
76.055 B1 5297.47 5297.47 
76.055 B3 5322.71 5322.71 
76.055 120 13 04 50
76.055 244 0.19
76.06 22 0.00
76.06 23 -0.09
76.06 25 0.00
76.06 30 0.00
76.06 B1 5296.51 5296.51 
76.06 B3 5321.41 5321.41 
76.06 120 13 04 50
76.06 244 0.19
76.06499 22 0.00
76.06499 23 -0.10
76.06499 25 0.00
76.06499 30 0.00
76.06499 B1 5294.48 5294.48 
76.06499 B3 5319.21 5319.21 
76.06499 120 13 04 50
76.06499 244 0.19
76.07 22 0.00
76.07 23 -0.11
76.07 25 0.00
76.07 30 0.00
76.07 B1 5293.07 5293.07 
76.07 B3 5317.55 5317.55 
76.07 120 13 04 50
76.07 244 0.19
76.075 22 0.00
76.075 23 -0.12
76.075 25 0.00
76.075 30 0.00
76.075 B1 5290.73 5290.73 
76.075 B3 5315.08 5315.08 
76.075 120 13 04 50
76.075 244 0.18
76.08 22 0.00
76.08 23 -0.14
76.08 25 0.00
76.08 30 0.00
76.08 B1 5287.79 5287.79 
76.08 B3 5312.03 5312.03 
76.08 120 13 04 50
76.08 244 0.18
76.085 22 0.00
76.085 23 -0.15
76.085 25 0.00
76.085 30 0.00
76.085 B1 5285.76 5285.76 
76.085 B3 5309.74 5309.74 
76.085 120 13 04 50
76.085 244 0.17
76.09 22 0.00
76.09 23 -0.17
76.09 25 0.00
76.09 30 0.00
76.09 B1 5279.04 5279.04 
76.09 B3 5303.21 5303.21 
76.09 120 13 04 50
76.09 244 0.17
76.095 22 0.00
76.095 23 -0.21
76.095 25 0.00
76.095 30 0.00
76.095 B1 5274.53 5274.53 
76.095 B3 5298.41 5298.41 
76.095 120 13 04 50
76.095 244 0.17
76.1 22 0.00
76.1 23 -0.24
76.1 25 0.00
76.1 30 0.00
76.1 B1 5271.44 5271.44 
76.1 B3 5294.83 5294.83 
76.1 120 13 04 50
76.1 244 0.17
76.105 22 0.00
76.105 23 -0.26
76.105 25 0.00
76.105 30 0.00
76.105 B1 5269.25 5269.25 
76.105 B3 5292.11 5292.11 
76.105 120 13 04 50
76.105 244 0.16
76.11 22 0.00
76.11 23 -0.27
76.11 25 0.00
76.11 30 0.00
76.11 B1 5266.31 5266.31 
76.11 B3 5288.80 5288.80 
76.11 120 13 04 50
76.11 244 0.16
76.115 22 0.00
76.115 23 -0.29
76.115 25 0.00
76.115 30 0.00
76.115 B1 5262.88 5262.88 
76.115 B3 5285.06 5285.06 
76.115 120 13 04 50
76.115 244 0.16
76.12 22 0.00
76.12 23 -0.31
76.12 25 0.00
76.12 30 0.00
76.12 B1 5260.43 5260.43 
76.12 B3 5282.20 5282.20 
76.12 120 13 04 50
76.12 244 0.16
76.125 22 0.00
76.125 23 -0.32
76.125 25 0.00
76.125 30 0.00
76.125 B1 5258.61 5258.61 
76.125 B3 5279.96 5279.96 
76.125 120 13 04 50
76.125 244 0.16
76.13 22 0.00
76.13 23 -0.33
76.13 25 0.00
76.13 30 0.00
76.13 B1 5257.19 5257.19 
76.13 B3 5278.16 5278.16 
76.13 120 13 04 50
76.13 244 0.16
76.13499 22 0.00
76.13499 23 -0.34
76.13499 25 0.00
76.13499 30 0.00
76.13499 B1 5256.02 5256.02 
76.13499 B3 5276.66 5276.66 
76.13499 120 13 04 50
76.13499 244 0.16
76.14 22 0.00
76.14 23 -0.34
76.14 25 0.00
76.14 30 0.00
76.14 B1 5256.34 5256.34 
76.14 B3 5276.58 5276.58 
76.14 120 13 04 50
76.14 244 0.16
76.145 22 0.00
76.145 23 -0.34
76.145 25 0.00
76.145 30 0.00
76.145 B1 5256.30 5256.30 
76.145 B3 5276.32 5276.32 
76.145 120 13 04 50
76.145 244 0.16
76.15 22 0.00
76.15 23 -0.33
76.15 25 0.00
76.15 30 0.00
76.15 B1 5256.03 5256.03 
76.15 B3 5275.93 5275.93 
76.15 120 13 04 50
76.15 244 0.16
76.155 22 0.00
76.155 23 -0.33
76.155 25 0.00
76.155 30 0.00
76.155 B1 5255.61 5255.61 
76.155 B3 5275.46 5275.46 
76.155 120 13 04 50
76.155 244 0.16
76.16 22 0.00
76.16 23 -0.33
76.16 25 0.00
76.16 30 0.00
76.16 B1 5255.10 5255.10 
76.16 B3 5274.92 5274.92 
76.16 120 13 04 50
76.16 244 0.16
76.165 22 0.00
76.165 23 -0.33
76.165 25 0.00
76.165 30 0.00
76.165 B1 5254.53 5254.53 
76.165 B3 5274.34 5274.34 
76.165 120 13 04 50
76.165 244 0.16
76.17 22 0.00
76.17 23 -0.32
76.17 25 0.00
76.17 30 0.00
76.17 B1 5253.92 5253.92 
76.17 B3 5273.73 5273.73 
76.17 120 13 04 50
76.17 244 0.16
76.175 22 0.00
76.175 23 -0.32
76.175 25 0.00
76.175 30 0.00
76.175 B1 5253.29 5253.29 
76.175 B3 5273.09 5273.09 
76.175 120 13 04 50
76.175 244 0.16
76.18 22 0.00
76.18 23 -0.32
76.18 25 0.00
76.18 30 0.00
76.18 B1 5252.64 5252.64 
76.18 B3 5272.45 5272.45 
76.18 120 13 04 50
76.18 244 0.16
76.185 22 0.00
76.185 23 -0.32
76.185 25 0.00
76.185 30 0.00
76.185 B1 5250.66 5250.66 
76.185 B3 5270.59 5270.59 
76.185 120 13 04 50
76.185 244 0.16
76.18999 22 0.00
76.18999 23 -0.33
76.18999 25 0.00
76.18999 30 0.00
76.18999 B1 5249.13 5249.13 
76.18999 B3 5269.07 5269.07 
76.18999 120 13 04 50
76.18999 244 0.16
76.195 22 0.00
76.195 23 -0.34
76.195 25 0.00
76.195 30 0.00
76.195 B1 5247.90 5247.90 
76.195 B3 5267.78 5267.78 
76.195 120 13 04 50
76.195 244 0.16
76.2 22 0.00
76.2 23 -0.34
76.2 25 0.00
76.2 30 0.00
76.2 B1 5246.85 5246.85 
76.2 B3 5266.65 5266.65 
76.2 120 13 04 50
76.2 244 0.16
76.205 22 0.00
76.205 23 -0.34
76.205 25 0.00
76.205 30 0.00
76.205 B1 5245.92 5245.92 
76.205 B3 5265.64 5265.64 
76.205 120 13 04 50
76.205 244 0.15
76.21 22 0.00
76.21 23 -0.34
76.21 25 0.00
76.21 30 0.00
76.21 B1 5243.75 5243.75 
76.21 B3 5263.52 5263.52 
76.21 120 13 04 50
76.21 244 0.15
76.215 22 0.00
76.215 23 -0.35
76.215 25 0.00
76.215 30 0.00
76.215 B1 5242.08 5242.08 
76.215 B3 5261.79 5261.79 
76.215 120 13 04 50
76.215 244 0.15
76.22 22 0.00
76.22 23 -0.36
76.22 25 0.00
76.22 30 0.00
76.22 B1 5239.42 5239.42 
76.22 B3 5259.15 5259.15 
76.22 120 13 04 50
76.22 244 0.15
76.225 22 0.00
76.225 23 -0.37
76.225 25 0.00
76.225 30 0.00
76.225 B1 5237.42 5237.42 
76.225 B3 5257.04 5257.04 
76.225 120 13 04 50
76.225 244 0.15
76.23 22 0.00
76.23 23 -0.38
76.23 25 0.00
76.23 30 0.00
76.23 B1 5235.86 5235.86 
76.23 B3 5255.30 5255.30 
76.23 120 13 04 50
76.23 244 0.15
76.235 22 0.00
76.235 23 -0.39
76.235 25 0.00
76.235 30 0.00
76.235 B1 5234.56 5234.56 
76.235 B3 5253.84 5253.84 
76.235 120 13 04 50
76.235 244 0.15
76.24 22 0.00
76.24 23 -0.39
76.24 25 0.00
76.24 30 0.00
76.24 B1 5233.44 5233.44 
76.24 B3 5252.56 5252.56 
76.24 120 13 04 50
76.24 244 0.15
76.245 22 0.00
76.245 23 -0.39
76.245 25 0.00
76.245 30 0.00
76.245 B1 5232.43 5232.43 
76.245 B3 5251.41 5251.41 
76.245 120 13 04 50
76.245 244 0.15
76.25 22 0.00
76.25 23 -0.40
76.25 25 0.00
76.25 30 0.00
76.25 B1 5230.17 5230.17 
76.25 B3 5249.16 5249.16 
76.25 120 13 04 50
76.25 244 0.15
76.255 22 0.00
76.255 23 -0.41
76.255 25 0.00
76.255 30 0.00
76.255 B1 5228.41 5228.41 
76.255 B3 5247.32 5247.32 
76.255 120 13 04 50
76.255 244 0.14
76.25999 22 0.00
76.25999 23 -0.41
76.25999 25 0.00
76.25999 30 0.00
76.25999 B1 5225.66 5225.66 
76.25999 B3 5244.56 5244.56 
76.25999 120 13 04 50
76.25999 244 0.14
76.265 22 0.00
76.265 23 -0.43
76.265 25 0.00
76.265 30 0.00
76.265 B1 5222.25 5222.25 
76.265 B3 5241.15 5241.15 
76.265 120 13 04 50
76.265 244 0.14
76.27 22 0.00
76.27 23 -0.44
76.27 25 0.00
76.27 30 0.00
76.27 B1 5219.73 5219.73 
76.27 B3 5238.45 5238.45 
76.27 120 13 04 50
76.27 244 0.14
76.275 22 0.00
76.275 23 -0.45
76.275 25 0.00
76.275 30 0.00
76.275 B1 5217.78 5217.78 
76.275 B3 5236.26 5236.26 
76.275 120 13 04 50
76.275 244 0.14
76.28 22 0.00
76.28 23 -0.46
76.28 25 0.00
76.28 30 0.00
76.28 B1 5217.50 5217.50 
76.28 B3 5235.62 5235.62 
76.28 120 13 04 50
76.28 244 0.14
76.285 22 0.00
76.285 23 -0.46
76.285 25 0.00
76.285 30 0.00
76.285 B1 5215.68 5215.68 
76.285 B3 5233.70 5233.70 
76.285 120 13 04 50
76.285 244 0.13
76.29 22 0.00
76.29 23 -0.46
76.29 25 0.00
76.29 30 0.00
76.29 B1 5212.85 5212.85 
76.29 B3 5230.87 5230.87 
76.29 120 13 04 50
76.29 244 0.13
76.295 22 0.00
76.295 23 -0.48
76.295 25 0.00
76.295 30 0.00
76.295 B1 5209.35 5209.35 
76.295 B3 5227.37 5227.37 
76.295 120 13 04 50
76.295 244 0.13
76.3 22 0.00
76.3 23 -0.49
76.3 25 0.00
76.3 30 0.00
76.3 B1 5206.74 5206.74 
76.3 B3 5224.58 5224.58 
76.3 120 13 04 50
76.3 244 0.12
76.305 22 0.00
76.305 23 -0.51
76.305 25 0.00
76.305 30 0.00
76.305 B1 5202.06 5202.06 
76.305 B3 5219.91 5219.91 
76.305 120 13 04 50
76.305 244 0.12
76.31 22 0.00
76.31 23 -0.53
76.31 25 0.00
76.31 30 0.00
76.31 B1 5198.65 5198.65 
76.31 B3 5216.26 5216.26 
76.31 120 13 04 50
76.31 244 0.12
76.31499 22 0.00
76.31499 23 -0.55
76.31499 25 0.00
76.31499 30 0.00
76.31499 B1 5196.05 5196.05 
76.31499 B3 5213.34 5213.34 
76.31499 120 13 04 50
76.31499 244 0.12
76.32 22 0.00
76.32 23 -0.56
76.32 25 0.00
76.32 30 0.00
76.32 B1 5192.66 5192.66 
76.32 B3 5209.73 5209.73 
76.32 120 13 04 50
76.32 244 0.12
76.325 22 0.00
76.325 23 -0.58
76.325 25 0.00
76.325 30 0.00
76.325 B1 5190.07 5190.07 
76.325 B3 5206.82 5206.82 
76.325 120 13 04 50
76.325 244 0.11
76.33 22 0.00
76.33 23 -0.59
76.33 25 0.00
76.33 30 0.00
76.33 B1 5186.65 5186.65 
76.33 B3 5203.21 5203.21 
76.33 120 13 04 50
76.33 244 0.11
76.335 22 0.00
76.335 23 -0.60
76.335 25 0.00
76.335 30 0.00
76.335 B1 5184.02 5184.02 
76.335 B3 5200.29 5200.29 
76.335 120 13 04 50
76.335 244 0.11
76.34 22 0.00
76.34 23 -0.61
76.34 25 0.00
76.34 30 0.00
76.34 B1 5181.90 5181.90 
76.34 B3 5197.85 5197.85 
76.34 120 13 04 50
76.34 244 0.11
76.345 22 0.00
76.345 23 -0.62
76.345 25 0.00
76.345 30 0.00
76.345 B1 5178.77 5178.77 
76.345 B3 5194.56 5194.56 
76.345 120 13 04 50
76.345 244 0.10
76.35 22 0.00
76.35 23 -0.63
76.35 25 0.00
76.35 30 0.00
76.35 B1 5173.66 5173.66 
76.35 B3 5189.46 5189.46 
76.35 120 13 04 50
76.35 244 0.08
76.355 22 0.00
76.355 23 -0.66
76.355 25 0.00
76.355 30 0.00
76.355 B1 5163.29 5163.29 
76.355 B3 5179.45 5179.45 
76.355 120 13 04 50
76.355 244 0.08
76.36 22 0.00
76.36 23 -0.72
76.36 25 0.00
76.36 30 0.00
76.36 B1 5156.06 5156.06 
76.36 B3 5171.88 5171.88 
76.36 120 13 04 50
76.36 244 0.07
76.365 22 0.00
76.365 23 -0.76
76.365 25 0.00
76.365 30 0.00
76.365 B1 5148.19 5148.19 
76.365 B3 5163.63 5163.63 
76.365 120 13 04 50
76.365 244 0.08
76.37 22 0.00
76.37 23 -0.81
76.37 25 0.00
76.37 30 0.00
76.37 B1 5143.85 5143.85 
76.37 B3 5158.46 5158.46 
76.37 120 13 04 50
76.37 244 0.07
76.375 22 0.00
76.375 23 -0.83
76.375 25 0.00
76.375 30 0.00
76.375 B1 5139.14 5139.14 
76.375 B3 5153.10 5153.10 
76.375 120 13 04 50
76.375 244 0.07
76.38 22 0.00
76.38 23 -0.85
76.38 25 0.00
76.38 30 0.00
76.38 B1 5134.19 5134.19 
76.38 B3 5147.58 5147.58 
76.38 120 13 04 50
76.38 244 0.07
76.38499 22 0.00
76.38499 23 -0.87
76.38499 25 0.00
76.38499 30 0.00
76.38499 B1 5130.37 5130.37 
76.38499 B3 5143.14 5143.14 
76.38499 120 13 04 50
76.38499 244 0.07
76.39 22 0.00
76.39 23 -0.89
76.39 25 0.00
76.39 30 0.00
76.39 B1 5125.97 5125.97 
76.39 B3 5138.26 5138.26 
76.39 120 13 04 50
76.39 244 0.07
76.395 22 0.00
76.395 23 -0.91
76.395 25 0.00
76.395 30 0.00
76.395 B1 5122.49 5122.49 
76.395 B3 5134.26 5134.26 
76.395 120 13 04 50
76.395 244 0.07
76.4 22 0.00
76.4 23 -0.92
76.4 25 0.00
76.4 30 0.00
76.4 B1 5119.61 5119.61 
76.4 B3 5130.89 5130.89 
76.4 120 13 04 50
76.4 244 0.07
76.405 22 0.00
76.405 23 -0.93
76.405 25 0.00
76.405 30 0.00
76.405 B1 5118.43 5118.43 
76.405 B3 5129.15 5129.15 
76.405 120 13 04 50
76.405 244 0.07
76.41 22 0.00
76.41 23 -0.93
76.41 25 0.00
76.41 30 0.00
76.41 B1 5117.05 5117.05 
76.41 B3 5127.40 5127.40 
76.41 120 13 04 50
76.41 244 0.07
76.415 22 0.00
76.415 23 -0.93
76.415 25 0.00
76.415 30 0.00
76.415 B1 5115.54 5115.54 
76.415 B3 5125.65 5125.65 
76.415 120 13 04 50
76.415 244 0.07
76.42 22 0.00
76.42 23 -0.93
76.42 25 0.00
76.42 30 0.00
76.42 B1 5113.94 5113.94 
76.42 B3 5123.89 5123.89 
76.42 120 13 04 50
76.42 244 0.07
76.425 22 0.00
76.425 23 -0.92
76.425 25 0.00
76.425 30 0.00
76.425 B1 5113.61 5113.61 
76.425 B3 5123.32 5123.32 
76.425 120 13 04 50
76.425 244 0.08
76.43 22 0.00
76.43 23 -0.91
76.43 25 0.00
76.43 30 0.00
76.43 B1 5114.11 5114.11 
76.43 B3 5123.62 5123.62 
76.43 120 13 04 50
76.43 244 0.08
76.435 22 0.00
76.435 23 -0.90
76.435 25 0.00
76.435 30 0.00
76.435 B1 5113.84 5113.84 
76.435 B3 5123.35 5123.35 
76.435 120 13 04 50
76.435 244 0.08
76.43999 22 0.00
76.43999 23 -0.89
76.43999 25 0.00
76.43999 30 0.00
76.43999 B1 5113.08 5113.08 
76.43999 B3 5122.68 5122.68 
76.43999 120 13 04 50
76.43999 244 0.08
76.445 22 0.00
76.445 23 -0.88
76.445 25 0.00
76.445 30 0.00
76.445 B1 5111.99 5111.99 
76.445 B3 5121.72 5121.72 
76.445 120 13 04 50
76.445 244 0.08
76.45 22 0.00
76.45 23 -0.88
76.45 25 0.00
76.45 30 0.00
76.45 B1 5110.70 5110.70 
76.45 B3 5120.56 5120.56 
76.45 120 13 04 50
76.45 244 0.08
76.455 22 0.00
76.455 23 -0.87
76.455 25 0.00
76.455 30 0.00
76.455 B1 5109.28 5109.28 
76.455 B3 5119.25 5119.25 
76.455 120 13 04 50
76.455 244 0.08
76.46 22 0.00
76.46 23 -0.87
76.46 25 0.00
76.46 30 0.00
76.46 B1 5109.09 5109.09 
76.46 B3 5119.04 5119.04 
76.46 120 13 04 50
76.46 244 0.08
76.465 22 0.00
76.465 23 -0.86
76.465 25 0.00
76.465 30 0.00
76.465 B1 5108.40 5108.40 
76.465 B3 5118.42 5118.42 
76.465 120 13 04 50
76.465 244 0.08
76.47 22 0.00
76.47 23 -0.85
76.47 25 0.00
76.47 30 0.00
76.47 B1 5107.38 5107.38 
76.47 B3 5117.52 5117.52 
76.47 120 13 04 50
76.47 244 0.09
76.475 22 0.00
76.475 23 -0.85
76.475 25 0.00
76.475 30 0.00
76.475 B1 5107.47 5107.47 
76.475 B3 5117.60 5117.60 
76.475 120 13 04 50
76.475 244 0.09
76.48 22 0.00
76.48 23 -0.84
76.48 25 0.00
76.48 30 0.00
76.48 B1 5106.96 5106.96 
76.48 B3 5117.21 5117.21 
76.48 120 13 04 50
76.48 244 0.08
76.485 22 0.00
76.485 23 -0.83
76.485 25 0.00
76.485 30 0.00
76.485 B1 5103.44 5103.44 
76.485 B3 5114.09 5114.09 
76.485 120 13 04 50
76.485 244 0.08
76.49 22 0.00
76.49 23 -0.84
76.49 25 0.00
76.49 30 0.00
76.49 B1 5100.59 5100.59 
76.49 B3 5111.40 5111.40 
76.49 120 13 04 50
76.49 244 0.08
76.495 22 0.00
76.495 23 -0.85
76.495 25 0.00
76.495 30 0.00
76.495 B1 5098.16 5098.16 
76.495 B3 5109.01 5109.01 
76.495 120 13 04 50
76.495 244 0.08
76.5 22 0.00
76.5 23 -0.85
76.5 25 0.00
76.5 30 0.00
76.5 B1 5097.33 5097.33 
76.5 B3 5108.03 5108.03 
76.5 120 13 04 50
76.5 244 0.08
76.505 22 0.00
76.505 23 -0.85
76.505 25 0.00
76.505 30 0.00
76.505 B1 5096.23 5096.23 
76.505 B3 5106.86 5106.86 
76.505 120 13 04 50
76.505 244 0.08
76.50999 22 0.00
76.50999 23 -0.84
76.50999 25 0.00
76.50999 30 0.00
76.50999 B1 5093.63 5093.62 
76.50999 B3 5104.38 5104.38 
76.50999 120 13 04 50
76.50999 244 0.08
76.515 22 0.00
76.515 23 -0.85
76.515 25 0.00
76.515 30 0.00
76.515 B1 5091.36 5091.36 
76.515 B3 5102.13 5102.13 
76.515 120 13 04 50
76.515 244 0.08
76.52 22 0.00
76.52 23 -0.85
76.52 25 0.00
76.52 30 0.00
76.52 B1 5090.64 5090.64 
76.52 B3 5101.26 5101.26 
76.52 120 13 04 50
76.52 244 0.08
76.525 22 0.00
76.525 23 -0.85
76.525 25 0.00
76.525 30 0.00
76.525 B1 5089.61 5089.61 
76.525 B3 5100.17 5100.17 
76.525 120 13 04 50
76.525 244 0.08
76.53 22 0.00
76.53 23 -0.84
76.53 25 0.00
76.53 30 0.00
76.53 B1 5088.37 5088.37 
76.53 B3 5098.94 5098.94 
76.53 120 13 04 50
76.53 244 0.08
76.535 22 0.00
76.535 23 -0.84
76.535 25 0.00
76.535 30 0.00
76.535 B1 5087.00 5087.00 
76.535 B3 5097.59 5097.59 
76.535 120 13 04 50
76.535 244 0.08
76.54 22 0.00
76.54 23 -0.84
76.54 25 0.00
76.54 30 0.00
76.54 B1 5085.55 5085.55 
76.54 B3 5096.18 5096.18 
76.54 120 13 04 50
76.54 244 0.09
76.545 22 0.00
76.545 23 -0.83
76.545 25 0.00
76.545 30 0.00
76.545 B1 5085.37 5085.37 
76.545 B3 5095.90 5095.90 
76.545 120 13 04 50
76.545 244 0.09
76.55 22 0.00
76.55 23 -0.82
76.55 25 0.00
76.55 30 0.00
76.55 B1 5084.69 5084.69 
76.55 B3 5095.26 5095.26 
76.55 120 13 04 50
76.55 244 0.09
76.555 22 0.00
76.555 23 -0.82
76.555 25 0.00
76.555 30 0.00
76.555 B1 5083.70 5083.70 
76.555 B3 5094.35 5094.35 
76.555 120 13 04 50
76.555 244 0.09
76.56 22 0.00
76.56 23 -0.81
76.56 25 0.00
76.56 30 0.00
76.56 B1 5082.51 5082.51 
76.56 B3 5093.26 5093.26 
76.56 120 13 04 50
76.56 244 0.09
76.56499 22 0.00
76.56499 23 -0.81
76.56499 25 0.00
76.56499 30 0.00
76.56499 B1 5081.19 5081.19 
76.56499 B3 5092.03 5092.03 
76.56499 120 13 04 50
76.56499 244 0.09
76.57 22 0.00
76.57 23 -0.81
76.57 25 0.00
76.57 30 0.00
76.57 B1 5081.11 5081.11 
76.57 B3 5091.91 5091.91 
76.57 120 13 04 50
76.57 244 0.09
76.575 22 0.00
76.575 23 -0.80
76.575 25 0.00
76.575 30 0.00
76.575 B1 5080.52 5080.52 
76.575 B3 5091.39 5091.39 
76.575 120 13 04 50
76.575 244 0.09
76.58 22 0.00
76.58 23 -0.79
76.58 25 0.00
76.58 30 0.00
76.58 B1 5079.60 5079.60 
76.58 B3 5090.58 5090.58 
76.58 120 13 04 50
76.58 244 0.09
76.585 22 0.00
76.585 23 -0.78
76.585 25 0.00
76.585 30 0.00
76.585 B1 5078.47 5078.47 
76.585 B3 5089.57 5089.57 
76.585 120 13 04 50
76.585 244 0.09
76.59 22 0.00
76.59 23 -0.78
76.59 25 0.00
76.59 30 0.00
76.59 B1 5077.21 5077.21 
76.59 B3 5088.43 5088.43 
76.59 120 13 04 50
76.59 244 0.09
76.595 22 0.00
76.595 23 -0.78
76.595 25 0.00
76.595 30 0.00
76.595 B1 5075.87 5075.87 
76.595 B3 5087.18 5087.18 
76.595 120 13 04 50
76.595 244 0.09
76.6 22 0.00
76.6 23 -0.78
76.6 25 0.00
76.6 30 0.00
76.6 B1 5074.46 5074.46 
76.6 B3 5085.86 5085.86 
76.6 120 13 04 50
76.6 244 0.09
76.605 22 0.00
76.605 23 -0.77
76.605 25 0.00
76.605 30 0.00
76.605 B1 5073.03 5073.03 
76.605 B3 5084.49 5084.49 
76.605 120 13 04 50
76.605 244 0.09
76.61 22 0.00
76.61 23 -0.77
76.61 25 0.00
76.61 30 0.00
76.61 B1 5071.58 5071.58 
76.61 B3 5083.08 5083.08 
76.61 120 13 04 50
76.61 244 0.09
76.615 22 0.00
76.615 23 -0.77
76.615 25 0.00
76.615 30 0.00
76.615 B1 5070.11 5070.11 
76.615 B3 5081.65 5081.65 
76.615 120 13 04 50
76.615 244 0.09
76.62 22 0.00
76.62 23 -0.77
76.62 25 0.00
76.62 30 0.00
76.62 B1 5068.63 5068.63 
76.62 B3 5080.20 5080.20 
76.62 120 13 04 50
76.62 244 0.09
76.625 22 0.00
76.625 23 -0.77
76.625 25 0.00
76.625 30 0.00
76.625 B1 5067.15 5067.15 
76.625 B3 5078.74 5078.74 
76.625 120 13 04 50
76.625 244 0.09
76.63 22 0.00
76.63 23 -0.77
76.63 25 0.00
76.63 30 0.00
76.63 B1 5065.66 5065.66 
76.63 B3 5077.27 5077.27 
76.63 120 13 04 50
76.63 244 0.09
76.63499 22 0.00
76.63499 23 -0.77
76.63499 25 0.00
76.63499 30 0.00
76.63499 B1 5064.18 5064.18 
76.63499 B3 5075.80 5075.80 
76.63499 120 13 04 50
76.63499 244 0.09
76.64 22 0.00
76.64 23 -0.77
76.64 25 0.00
76.64 30 0.00
76.64 B1 5064.01 5064.01 
76.64 B3 5075.52 5075.52 
76.64 120 13 04 50
76.64 244 0.09
76.645 22 0.00
76.645 23 -0.76
76.645 25 0.00
76.645 30 0.00
76.645 B1 5063.39 5063.39 
76.645 B3 5074.90 5074.90 
76.645 120 13 04 50
76.645 244 0.09
76.65 22 0.00
76.65 23 -0.75
76.65 25 0.00
76.65 30 0.00
76.65 B1 5062.46 5062.46 
76.65 B3 5074.03 5074.03 
76.65 120 13 04 50
76.65 244 0.09
76.655 22 0.00
76.655 23 -0.75
76.655 25 0.00
76.655 30 0.00
76.655 B1 5061.36 5061.36 
76.655 B3 5073.00 5073.00 
76.655 120 13 04 50
76.655 244 0.09
76.66 22 0.00
76.66 23 -0.75
76.66 25 0.00
76.66 30 0.00
76.66 B1 5060.13 5060.13 
76.66 B3 5071.85 5071.85 
76.66 120 13 04 50
76.66 244 0.09
76.665 22 0.00
76.665 23 -0.74
76.665 25 0.00
76.665 30 0.00
76.665 B1 5058.82 5058.82 
76.665 B3 5070.62 5070.62 
76.665 120 13 04 50
76.665 244 0.09
76.67 22 0.00
76.67 23 -0.74
76.67 25 0.00
76.67 30 0.00
76.67 B1 5057.47 5057.47 
76.67 B3 5069.33 5069.33 
76.67 120 13 04 50
76.67 244 0.09
76.675 22 0.00
76.675 23 -0.74
76.675 25 0.00
76.675 30 0.00
76.675 B1 5056.09 5056.09 
76.675 B3 5068.00 5068.00 
76.675 120 13 04 50
76.675 244 0.10
76.68 22 0.00
76.68 23 -0.74
76.68 25 0.00
76.68 30 0.00
76.68 B1 5056.01 5056.01 
76.68 B3 5067.83 5067.83 
76.68 120 13 04 50
76.68 244 0.09
76.685 22 0.00
76.685 23 -0.73
76.685 25 0.00
76.685 30 0.00
76.685 B1 5054.13 5054.13 
76.685 B3 5066.10 5066.10 
76.685 120 13 04 50
76.685 244 0.10
76.68999 22 0.00
76.68999 23 -0.73
76.68999 25 0.00
76.68999 30 0.00
76.68999 B1 5053.74 5053.74 
76.68999 B3 5065.67 5065.66 
76.68999 120 13 04 50
76.68999 244 0.10
76.695 22 0.00
76.695 23 -0.73
76.695 25 0.00
76.695 30 0.00
76.695 B1 5052.99 5052.99 
76.695 B3 5064.95 5064.95 
76.695 120 13 04 50
76.695 244 0.10
76.7 22 0.00
76.7 23 -0.72
76.7 25 0.00
76.7 30 0.00
76.7 B1 5052.00 5052.00 
76.7 B3 5064.03 5064.03 
76.7 120 13 04 50
76.7 244 0.10
76.705 22 0.00
76.705 23 -0.72
76.705 25 0.00
76.705 30 0.00
76.705 B1 5050.87 5050.87 
76.705 B3 5062.98 5062.98 
76.705 120 13 04 50
76.705 244 0.10
76.71 22 0.00
76.71 23 -0.71
76.71 25 0.00
76.71 30 0.00
76.71 B1 5049.65 5049.65 
76.71 B3 5061.83 5061.83 
76.71 120 13 04 50
76.71 244 0.10
76.715 22 0.00
76.715 23 -0.71
76.715 25 0.00
76.715 30 0.00
76.715 B1 5048.37 5048.37 
76.715 B3 5060.61 5060.61 
76.715 120 13 04 50
76.715 244 0.10
76.72 22 0.00
76.72 23 -0.71
76.72 25 0.00
76.72 30 0.00
76.72 B1 5047.06 5047.06 
76.72 B3 5059.35 5059.35 
76.72 120 13 04 50
76.72 244 0.10
76.725 22 0.00
76.725 23 -0.71
76.725 25 0.00
76.725 30 0.00
76.725 B1 5045.72 5045.72 
76.725 B3 5058.05 5058.05 
76.725 120 13 04 50
76.725 244 0.10
76.73 22 0.00
76.73 23 -0.71
76.73 25 0.00
76.73 30 0.00
76.73 B1 5044.36 5044.36 
76.73 B3 5056.73 5056.73 
76.73 120 13 04 50
76.73 244 0.10
76.735 22 0.00
76.735 23 -0.71
76.735 25 0.00
76.735 30 0.00
76.735 B1 5044.32 5044.32 
76.735 B3 5056.58 5056.58 
76.735 120 13 04 50
76.735 244 0.10
76.74 22 0.00
76.74 23 -0.70
76.74 25 0.00
76.74 30 0.00
76.74 B1 5043.81 5043.81 
76.74 B3 5056.09 5056.09 
76.74 120 13 04 50
76.74 244 0.10
76.745 22 0.00
76.745 23 -0.69
76.745 25 0.00
76.745 30 0.00
76.745 B1 5043.00 5043.00 
76.745 B3 5055.35 5055.35 
76.745 120 13 04 50
76.745 244 0.10
76.75 22 0.00
76.75 23 -0.69
76.75 25 0.00
76.75 30 0.00
76.75 B1 5042.00 5042.00 
76.75 B3 5054.43 5054.43 
76.75 120 13 04 50
76.75 244 0.11
76.755 22 0.00
76.755 23 -0.69
76.755 25 0.00
76.755 30 0.00
76.755 B1 5042.20 5042.20 
76.755 B3 5054.59 5054.59 
76.755 120 13 04 50
76.755 244 0.11
76.75999 22 0.00
76.75999 23 -0.67
76.75999 25 0.00
76.75999 30 0.00
76.75999 B1 5041.86 5041.86 
76.75999 B3 5054.32 5054.32 
76.75999 120 13 04 50
76.75999 244 0.11
76.765 22 0.00
76.765 23 -0.67
76.765 25 0.00
76.765 30 0.00
76.765 B1 5042.50 5042.50 
76.765 B3 5054.95 5054.95 
76.765 120 13 04 50
76.765 244 0.11
76.77 22 0.00
76.77 23 -0.65
76.77 25 0.00
76.77 30 0.00
76.77 B1 5042.45 5042.45 
76.77 B3 5055.03 5055.03 
76.77 120 13 04 50
76.77 244 0.11
76.775 22 0.00
76.775 23 -0.64
76.775 25 0.00
76.775 30 0.00
76.775 B1 5043.29 5043.29 
76.775 B3 5055.92 5055.92 
76.775 120 13 04 50
76.775 244 0.11
76.78 22 0.00
76.78 23 -0.63
76.78 25 0.00
76.78 30 0.00
76.78 B1 5043.38 5043.38 
76.78 B3 5056.19 5056.19 
76.78 120 13 04 50
76.78 244 0.11
76.785 22 0.00
76.785 23 -0.62
76.785 25 0.00
76.785 30 0.00
76.785 B1 5043.01 5043.01 
76.785 B3 5056.03 5056.03 
76.785 120 13 04 50
76.785 244 0.12
76.79 22 0.00
76.79 23 -0.61
76.79 25 0.00
76.79 30 0.00
76.79 B1 5043.66 5043.66 
76.79 B3 5056.77 5056.77 
76.79 120 13 04 50
76.79 244 0.12
76.795 22 0.00
76.795 23 -0.60
76.795 25 0.00
76.795 30 0.00
76.795 B1 5043.65 5043.65 
76.795 B3 5056.95 5056.95 
76.795 120 13 04 50
76.795 244 0.12
76.8 22 0.00
76.8 23 -0.59
76.8 25 0.00
76.8 30 0.00
76.8 B1 5043.23 5043.23 
76.8 B3 5056.74 5056.74 
76.8 120 13 04 50
76.8 244 0.12
76.805 22 0.00
76.805 23 -0.58
76.805 25 0.00
76.805 30 0.00
76.805 B1 5042.54 5042.54 
76.805 B3 5056.26 5056.26 
76.805 120 13 04 50
76.805 244 0.12
76.81 22 0.00
76.81 23 -0.58
76.81 25 0.00
76.81 30 0.00
76.81 B1 5041.69 5041.69 
76.81 B3 5055.59 5055.59 
76.81 120 13 04 50
76.81 244 0.12
76.81499 22 0.00
76.81499 23 -0.57
76.81499 25 0.00
76.81499 30 0.00
76.81499 B1 5040.74 5040.74 
76.81499 B3 5054.78 5054.78 
76.81499 120 13 04 50
76.81499 244 0.12
76.82 22 0.00
76.82 23 -0.57
76.82 25 0.00
76.82 30 0.00
76.82 B1 5039.72 5039.72 
76.82 B3 5053.88 5053.88 
76.82 120 13 04 50
76.82 244 0.12
76.825 22 0.00
76.825 23 -0.57
76.825 25 0.00
76.825 30 0.00
76.825 B1 5038.66 5038.66 
76.825 B3 5052.91 5052.91 
76.825 120 13 04 50
76.825 244 0.12
76.83 22 0.00
76.83 23 -0.57
76.83 25 0.00
76.83 30 0.00
76.83 B1 5037.58 5037.58 
76.83 B3 5051.90 5051.90 
76.83 120 13 04 50
76.83 244 0.12
76.835 22 0.00
76.835 23 -0.57
76.835 25 0.00
76.835 30 0.00
76.835 B1 5037.80 5037.80 
76.835 B3 5052.05 5052.05 
76.835 120 13 04 50
76.835 244 0.12
76.84 22 0.00
76.84 23 -0.56
76.84 25 0.00
76.84 30 0.00
76.84 B1 5037.55 5037.55 
76.84 B3 5051.83 5051.83 
76.84 120 13 04 50
76.84 244 0.12
76.845 22 0.00
76.845 23 -0.55
76.845 25 0.00
76.845 30 0.00
76.845 B1 5036.98 5036.99 
76.845 B3 5051.36 5051.36 
76.845 120 13 04 50
76.845 244 0.12
76.85 22 0.00
76.85 23 -0.55
76.85 25 0.00
76.85 30 0.00
76.85 B1 5036.23 5036.23 
76.85 B3 5050.70 5050.70 
76.85 120 13 04 50
76.85 244 0.13
76.855 22 0.00
76.855 23 -0.54
76.855 25 0.00
76.855 30 0.00
76.855 B1 5036.68 5036.68 
76.855 B3 5051.12 5051.12 
76.855 120 13 04 50
76.855 244 0.13
76.86 22 0.00
76.86 23 -0.53
76.86 25 0.00
76.86 30 0.00
76.86 B1 5036.59 5036.59 
76.86 B3 5051.11 5051.11 
76.86 120 13 04 50
76.86 244 0.13
76.865 22 0.00
76.865 23 -0.53
76.865 25 0.00
76.865 30 0.00
76.865 B1 5036.15 5036.15 
76.865 B3 5050.79 5050.79 
76.865 120 13 04 50
76.865 244 0.13
76.87 22 0.00
76.87 23 -0.52
76.87 25 0.00
76.87 30 0.00
76.87 B1 5035.49 5035.49 
76.87 B3 5050.26 5050.26 
76.87 120 13 04 50
76.87 244 0.13
76.875 22 0.00
76.875 23 -0.52
76.875 25 0.00
76.875 30 0.00
76.875 B1 5034.69 5034.69 
76.875 B3 5049.59 5049.59 
76.875 120 13 04 50
76.875 244 0.13
76.88 22 0.00
76.88 23 -0.52
76.88 25 0.00
76.88 30 0.00
76.88 B1 5033.81 5033.81 
76.88 B3 5048.81 5048.81 
76.88 120 13 04 50
76.88 244 0.13
76.88499 22 0.00
76.88499 23 -0.51
76.88499 25 0.00
76.88499 30 0.00
76.88499 B1 5034.20 5034.20 
76.88499 B3 5049.16 5049.16 
76.88499 120 13 04 50
76.88499 244 0.13
76.89 22 0.00
76.89 23 -0.50
76.89 25 0.00
76.89 30 0.00
76.89 B1 5032.76 5032.76 
76.89 B3 5047.91 5047.91 
76.89 120 13 04 50
76.89 244 0.13
76.895 22 0.00
76.895 23 -0.51
76.895 25 0.00
76.895 30 0.00
76.895 B1 5032.80 5032.80 
76.895 B3 5047.93 5047.93 
76.895 120 13 04 50
76.895 244 0.13
76.9 22 0.00
76.9 23 -0.50
76.9 25 0.00
76.9 30 0.00
76.9 B1 5032.46 5032.46 
76.9 B3 5047.65 5047.65 
76.9 120 13 04 50
76.9 244 0.13
76.905 22 0.00
76.905 23 -0.49
76.905 25 0.00
76.905 30 0.00
76.905 B1 5031.88 5031.88 
76.905 B3 5047.16 5047.16 
76.905 120 13 04 50
76.905 244 0.13
76.91 22 0.00
76.91 23 -0.49
76.91 25 0.00
76.91 30 0.00
76.91 B1 5029.84 5029.84 
76.91 B3 5045.33 5045.33 
76.91 120 13 04 50
76.91 244 0.13
76.915 22 0.00
76.915 23 -0.50
76.915 25 0.00
76.915 30 0.00
76.915 B1 5028.18 5028.18 
76.915 B3 5043.75 5043.75 
76.915 120 13 04 50
76.915 244 0.13
76.92 22 0.00
76.92 23 -0.50
76.92 25 0.00
76.92 30 0.00
76.92 B1 5028.08 5028.08 
76.92 B3 5043.53 5043.53 
76.92 120 13 04 50
76.92 244 0.13
76.925 22 0.00
76.925 23 -0.49
76.925 25 0.00
76.925 30 0.00
76.925 B1 5027.65 5027.65 
76.925 B3 5043.09 5043.09 
76.925 120 13 04 50
76.925 244 0.13
76.93 22 0.00
76.93 23 -0.49
76.93 25 0.00
76.93 30 0.00
76.93 B1 5027.02 5027.02 
76.93 B3 5042.48 5042.49 
76.93 120 13 04 50
76.93 244 0.13
76.935 22 0.00
76.935 23 -0.49
76.935 25 0.00
76.935 30 0.00
76.935 B1 5026.27 5026.27 
76.935 B3 5041.77 5041.77 
76.935 120 13 04 50
76.935 244 0.13
76.93999 22 0.00
76.93999 23 -0.48
76.93999 25 0.00
76.93999 30 0.00
76.93999 B1 5026.76 5026.76 
76.93999 B3 5042.18 5042.18 
76.93999 120 13 04 50
76.93999 244 0.13
76.945 22 0.00
76.945 23 -0.47
76.945 25 0.00
76.945 30 0.00
76.945 B1 5026.72 5026.72 
76.945 B3 5042.19 5042.19 
76.945 120 13 04 50
76.945 244 0.14
76.95 22 0.00
76.95 23 -0.47
76.95 25 0.00
76.95 30 0.00
76.95 B1 5027.67 5027.67 
76.95 B3 5043.11 5043.11 
76.95 120 13 04 50
76.95 244 0.14
76.955 22 0.00
76.955 23 -0.45
76.955 25 0.00
76.955 30 0.00
76.955 B1 5027.95 5027.95 
76.955 B3 5043.49 5043.49 
76.955 120 13 04 50
76.955 244 0.14
76.96 22 0.00
76.96 23 -0.44
76.96 25 0.00
76.96 30 0.00
76.96 B1 5027.79 5027.79 
76.96 B3 5043.50 5043.50 
76.96 120 13 04 50
76.96 244 0.14
76.965 22 0.00
76.965 23 -0.44
76.965 25 0.00
76.965 30 0.00
76.965 B1 5027.37 5027.37 
76.965 B3 5043.24 5043.24 
76.965 120 13 04 50
76.965 244 0.14
76.97 22 0.00
76.97 23 -0.43
76.97 25 0.00
76.97 30 0.00
76.97 B1 5026.78 5026.78 
76.97 B3 5042.80 5042.80 
76.97 120 13 04 50
76.97 244 0.14
76.975 22 0.00
76.975 23 -0.43
76.975 25 0.00
76.975 30 0.00
76.975 B1 5027.41 5027.41 
76.975 B3 5043.43 5043.43 
76.975 120 13 04 50
76.975 244 0.14
76.98 22 0.00
76.98 23 -0.42
76.98 25 0.00
76.98 30 0.00
76.98 B1 5027.50 5027.50 
76.98 B3 5043.62 5043.62 
76.98 120 13 04 50
76.98 244 0.14
76.985 22 0.00
76.985 23 -0.41
76.985 25 0.00
76.985 30 0.00
76.985 B1 5027.24 5027.24 
76.985 B3 5043.51 5043.51 
76.985 120 13 04 50
76.985 244 0.15
76.99 22 0.00
76.99 23 -0.41
76.99 25 0.00
76.99 30 0.00
76.99 B1 5028.10 5028.10 
76.99 B3 5044.38 5044.38 
76.99 120 13 04 50
76.99 244 0.15
76.995 22 0.00
76.995 23 -0.39
76.995 25 0.00
76.995 30 0.00
76.995 B1 5028.34 5028.34 
76.995 B3 5044.75 5044.75 
76.995 120 13 04 50
76.995 244 0.15
77 22 0.00
77 23 -0.39
77 25 0.00
77 30 0.00
77 B1 5028.21 5028.21 
77 B3 5044.78 5044.78 
77 120 13 04 50
77 244 0.15
77.005 22 0.00
77.005 23 -0.38
77.005 25 0.00
77.005 30 0.00
77.005 B1 5027.83 5027.83 
77.005 B3 5044.57 5044.57 
77.005 120 13 04 50
77.005 244 0.15
77.00999 22 0.00
77.00999 23 -0.38
77.00999 25 0.00
77.00999 30 0.00
77.00999 B1 5027.31 5027.31 
77.00999 B3 5044.19 5044.19 
77.00999 120 13 04 50
77.00999 244 0.15
77.015 22 0.00
77.015 23 -0.37
77.015 25 0.00
77.015 30 0.00
77.015 B1 5028.02 5028.02 
77.015 B3 5044.89 5044.89 
77.015 120 13 04 50
77.015 244 0.15
77.02 22 0.00
77.02 23 -0.36
77.02 25 0.00
77.02 30 0.00
77.02 B1 5028.19 5028.19 
77.02 B3 5045.16 5045.16 
77.02 120 13 04 50
77.02 244 0.15
77.025 22 0.00
77.025 23 -0.36
77.025 25 0.00
77.025 30 0.00
77.025 B1 5029.35 5029.35 
77.025 B3 5046.33 5046.33 
77.025 120 13 04 50
77.025 244 0.16
77.03 22 0.00
77.03 23 -0.34
77.03 25 0.00
77.03 30 0.00
77.03 B1 5031.14 5031.14 
77.03 B3 5048.14 5048.14 
77.03 120 13 04 50
77.03 244 0.17
77.035 22 0.00
77.035 23 -0.32
77.035 25 0.00
77.035 30 0.00
77.035 B1 5034.66 5034.66 
77.035 B3 5051.60 5051.60 
77.035 120 13 04 50
77.035 244 0.17
77.04 22 0.00
77.04 23 -0.29
77.04 25 0.00
77.04 30 0.00
77.04 B1 5036.66 5036.66 
77.04 B3 5053.85 5053.85 
77.04 120 13 04 50
77.04 244 0.17
77.045 22 0.00
77.045 23 -0.27
77.045 25 0.00
77.045 30 0.00
77.045 B1 5037.71 5037.71 
77.045 B3 5055.26 5055.26 
77.045 120 13 04 50
77.045 244 0.18
77.05 22 0.00
77.05 23 -0.26
77.05 25 0.00
77.05 30 0.00
77.05 B1 5042.13 5042.13 
77.05 B3 5059.68 5059.68 
77.05 120 13 04 50
77.05 244 0.19
77.055 22 0.00
77.055 23 -0.22
77.055 25 0.00
77.055 30 0.00
77.055 B1 5047.37 5047.37 
77.055 B3 5065.02 5065.02 
77.055 120 13 04 50
77.055 244 0.19
77.06 22 0.00
77.06 23 -0.18
77.06 25 0.00
77.06 30 0.00
77.06 B1 5050.52 5050.52 
77.06 B3 5068.65 5068.65 
77.06 120 13 04 50
77.06 244 0.19
77.06499 22 0.00
77.06499 23 -0.15
77.06499 25 0.00
77.06499 30 0.00
77.06499 B1 5052.37 5052.37 
77.06499 B3 5071.10 5071.10 
77.06499 120 13 04 50
77.06499 244 0.19
77.07 22 0.00
77.07 23 -0.14
77.07 25 0.00
77.07 30 0.00
77.07 B1 5054.73 5054.73 
77.07 B3 5073.91 5073.91 
77.07 120 13 04 50
77.07 244 0.19
77.075 22 0.00
77.075 23 -0.11
77.075 25 0.00
77.075 30 0.00
77.075 B1 5056.11 5056.11 
77.075 B3 5075.80 5075.80 
77.075 120 13 04 50
77.075 244 0.19
77.08 22 0.00
77.08 23 -0.10
77.08 25 0.00
77.08 30 0.00
77.08 B1 5056.87 5056.87 
77.08 B3 5077.05 5077.05 
77.08 120 13 04 50
77.08 244 0.19
77.085 22 0.00
77.085 23 -0.09
77.085 25 0.00
77.085 30 0.00
77.085 B1 5058.57 5058.57 
77.085 B3 5079.05 5079.05 
77.085 120 13 04 50
77.085 244 0.19
77.09 22 0.00
77.09 23 -0.08
77.09 25 0.00
77.09 30 0.00
77.09 B1 5059.56 5059.56 
77.09 B3 5080.38 5080.38 
77.09 120 13 04 50
77.09 244 0.19
77.095 22 0.00
77.095 23 -0.07
77.095 25 0.00
77.095 30 0.00
77.095 B1 5060.10 5060.10 
77.095 B3 5081.26 5081.26 
77.095 120 13 04 50
77.095 244 0.20
77.1 22 0.00
77.1 23 -0.06
77.1 25 0.00
77.1 30 0.00
77.1 B1 5061.69 5061.69 
77.1 B3 5083.02 5083.02 
77.1 120 13 04 50
77.1 244 0.20
77.105 22 0.00
77.105 23 -0.05
77.105 25 0.00
77.105 30 0.00
77.105 B1 5062.62 5062.62 
77.105 B3 5084.20 5084.20 
77.105 120 13 04 50
77.105 244 0.20
77.11 22 0.00
77.11 23 -0.04
77.11 25 0.00
77.11 30 0.00
77.11 B1 5063.15 5063.15 
77.11 B3 5084.99 5084.99 
77.11 120 13 04 50
77.11 244 0.20
77.115 22 0.00
77.115 23 -0.03
77.115 25 0.00
77.115 30 0.00
77.115 B1 5063.42 5063.42 
77.115 B3 5085.50 5085.50 
77.115 120 13 04 50
77.115 244 0.20
77.12 22 0.00
77.12 23 -0.03
77.12 25 0.00
77.12 30 0.00
77.12 B1 5063.54 5063.54 
77.12 B3 5085.82 5085.82 
77.12 120 13 04 50
77.12 244 0.20
77.125 22 0.00
77.125 23 -0.02
77.125 25 0.00
77.125 30 0.00
77.125 B1 5063.57 5063.57 
77.125 B3 5086.01 5086.01 
77.125 120 13 04 50
77.125 244 0.20
77.13 22 0.00
77.13 23 -0.02
77.13 25 0.00
77.13 30 0.00
77.13 B1 5063.53 5063.53 
77.13 B3 5086.10 5086.10 
77.13 120 13 04 50
77.13 244 0.20
77.13499 22 0.00
77.13499 23 -0.02
77.13499 25 0.00
77.13499 30 0.00
77.13499 B1 5063.46 5063.46 
77.13499 B3 5086.14 5086.14 
77.13499 120 13 04 50
77.13499 244 0.20
77.14 22 0.00
77.14 23 -0.02
77.14 25 0.00
77.14 30 0.00
77.14 B1 5063.37 5063.37 
77.14 B3 5086.12 5086.12 
77.14 120 13 04 50
77.14 244 0.20
77.145 22 0.00
77.145 23 -0.02
77.145 25 0.00
77.145 30 0.00
77.145 B1 5063.26 5063.26 
77.145 B3 5086.08 5086.08 
77.145 120 13 04 50
77.145 244 0.19
77.15 22 0.00
77.15 23 -0.02
77.15 25 0.00
77.15 30 0.00
77.15 B1 5061.83 5061.83 
77.15 B3 5084.82 5084.82 
77.15 120 13 04 50
77.15 244 0.20
77.155 22 0.00
77.155 23 -0.03
77.155 25 0.00
77.155 30 0.00
77.155 B1 5062.20 5062.20 
77.155 B3 5085.09 5085.09 
77.155 120 13 04 50
77.155 244 0.20
77.16 22 0.00
77.16 23 -0.02
77.16 25 0.00
77.16 30 0.00
77.16 B1 5062.38 5062.38 
77.16 B3 5085.24 5085.24 
77.16 120 13 04 50
77.16 244 0.20
77.165 22 0.00
77.165 23 -0.02
77.165 25 0.00
77.165 30 0.00
77.165 B1 5062.44 5062.44 
77.165 B3 5085.31 5085.31 
77.165 120 13 04 50
77.165 244 0.20
77.17 22 0.00
77.17 23 -0.02
77.17 25 0.00
77.17 30 0.00
77.17 B1 5063.75 5063.75 
77.17 B3 5086.51 5086.51 
77.17 120 13 04 50
77.17 244 0.20
77.175 22 0.00
77.175 23 -0.01
77.175 25 0.00
77.175 30 0.00
77.175 B1 5064.54 5064.54 
77.175 B3 5087.33 5087.33 
77.175 120 13 04 50
77.175 244 0.20
77.18 22 0.00
77.18 23 0.00
77.18 25 0.00
77.18 30 0.00
77.18 B1 5064.99 5065.00 
77.18 B3 5087.87 5087.87 
77.18 120 13 04 50
77.18 244 0.20
77.185 22 0.00
77.185 23 0.00
77.185 25 0.00
77.185 30 0.00
77.185 B1 5065.25 5065.25 
77.185 B3 5088.22 5088.22 
77.185 120 13 04 50
77.185 244 0.20
77.18999 22 0.00
77.18999 23 0.00
77.18999 25 0.00
77.18999 30 0.00
77.18999 B1 5065.38 5065.38 
77.18999 B3 5088.45 5088.45 
77.18999 120 13 04 50
77.18999 244 0.20
77.195 22 0.00
77.195 23 0.00
77.195 25 0.00
77.195 30 0.00
77.195 B1 5065.43 5065.43 
77.195 B3 5088.58 5088.58 
77.195 120 13 04 50
77.195 244 0.20
77.2 22 0.00
77.2 23 0.01
77.2 25 0.00
77.2 30 0.00
77.2 B1 5065.43 5065.43 
77.2 B3 5088.65 5088.65 
77.2 120 13 04 50
77.2 244 0.20
77.205 22 0.00
77.205 23 0.01
77.205 25 0.00
77.205 30 0.00
77.205 B1 5065.40 5065.40 
77.205 B3 5088.68 5088.68 
77.205 120 13 04 50
77.205 244 0.20
77.21 22 0.00
77.21 23 0.01
77.21 25 0.00
77.21 30 0.00
77.21 B1 5065.36 5065.36 
77.21 B3 5088.68 5088.68 
77.21 120 13 04 50
77.21 244 0.20
77.215 22 0.00
77.215 23 0.01
77.215 25 0.00
77.215 30 0.00
77.215 B1 5065.31 5065.31 
77.215 B3 5088.66 5088.66 
77.215 120 13 04 50
77.215 244 0.20
77.22 22 0.00
77.22 23 0.01
77.22 25 0.00
77.22 30 0.00
77.22 B1 5065.24 5065.24 
77.22 B3 5088.62 5088.62 
77.22 120 13 04 50
77.22 244 0.20
77.225 22 0.00
77.225 23 0.01
77.225 25 0.00
77.225 30 0.00
77.225 B1 5065.18 5065.18 
77.225 B3 5088.57 5088.57 
77.225 120 13 04 50
77.225 244 0.20
77.23 22 0.00
77.23 23 0.01
77.23 25 0.00
77.23 30 0.00
77.23 B1 5065.11 5065.11 
77.23 B3 5088.51 5088.51 
77.23 120 13 04 50
77.23 244 0.20
77.235 22 0.00
77.235 23 0.01
77.235 25 0.00
77.235 30 0.00
77.235 B1 5065.04 5065.04 
77.235 B3 5088.45 5088.45 
77.235 120 13 04 50
77.235 244 0.20
77.24 22 0.00
77.24 23 0.01
77.24 25 0.00
77.24 30 0.00
77.24 B1 5064.97 5064.97 
77.24 B3 5088.39 5088.39 
77.24 120 13 04 50
77.24 244 0.20
77.245 22 0.00
77.245 23 0.01
77.245 25 0.00
77.245 30 0.00
77.245 B1 5064.90 5064.90 
77.245 B3 5088.32 5088.32 
77.245 120 13 04 50
77.245 244 0.20
77.25 22 0.00
77.25 23 0.01
77.25 25 0.00
77.25 30 0.00
77.25 B1 5064.83 5064.83 
77.25 B3 5088.25 5088.25 
77.25 120 13 04 50
77.25 244 0.20
77.255 22 0.00
77.255 23 0.01
77.255 25 0.00
77.255 30 0.00
77.255 B1 5064.76 5064.76 
77.255 B3 5088.18 5088.18 
77.255 120 13 04 50
77.255 244 0.20
77.25999 22 0.00
77.25999 23 0.01
77.25999 25 0.00
77.25999 30 0.00
77.25999 B1 5064.69 5064.69 
77.25999 B3 5088.11 5088.11 
77.25999 120 13 04 50
77.25999 244 0.20
77.265 22 0.00
77.265 23 0.01
77.265 25 0.00
77.265 30 0.00
77.265 B1 5065.94 5065.94 
77.265 B3 5089.24 5089.24 
77.265 120 13 04 50
77.265 244 0.20
77.27 22 0.00
77.27 23 0.02
77.27 25 0.00
77.27 30 0.00
77.27 B1 5066.71 5066.71 
77.27 B3 5090.01 5090.01 
77.27 120 13 04 50
77.27 244 0.20
77.275 22 0.00
77.275 23 0.02
77.275 25 0.00
77.275 30 0.00
77.275 B1 5067.18 5067.18 
77.275 B3 5090.53 5090.53 
77.275 120 13 04 50
77.275 244 0.20
77.28 22 0.00
77.28 23 0.03
77.28 25 0.00
77.28 30 0.00
77.28 B1 5067.46 5067.46 
77.28 B3 5090.89 5090.89 
77.28 120 13 04 50
77.28 244 0.20
77.285 22 0.00
77.285 23 0.03
77.285 25 0.00
77.285 30 0.00
77.285 B1 5067.62 5067.62 
77.285 B3 5091.13 5091.13 
77.285 120 13 04 50
77.285 244 0.20
77.29 22 0.00
77.29 23 0.03
77.29 25 0.00
77.29 30 0.00
77.29 B1 5067.71 5067.71 
77.29 B3 5091.30 5091.30 
77.29 120 13 04 50
77.29 244 0.20
77.295 22 0.00
77.295 23 0.03
77.295 25 0.00
77.295 30 0.00
77.295 B1 5067.76 5067.76 
77.295 B3 5091.40 5091.40 
77.295 120 13 04 50
77.295 244 0.21
77.3 22 0.00
77.3 23 0.03
77.3 25 0.00
77.3 30 0.00
77.3 B1 5069.11 5069.11 
77.3 B3 5092.66 5092.66 
77.3 120 13 04 50
77.3 244 0.21
77.305 22 0.00
77.305 23 0.04
77.305 25 0.00
77.305 30 0.00
77.305 B1 5069.95 5069.95 
77.305 B3 5093.55 5093.55 
77.305 120 13 04 50
77.305 244 0.21
77.31 22 0.00
77.31 23 0.05
77.31 25 0.00
77.31 30 0.00
77.31 B1 5070.48 5070.48 
77.31 B3 5094.16 5094.16 
77.31 120 13 04 50
77.31 244 0.21
77.31499 22 0.00
77.31499 23 0.05
77.31499 25 0.00
77.31499 30 0.00
77.31499 B1 5070.82 5070.82 
77.31499 B3 5094.60 5094.60 
77.31499 120 13 04 50
77.31499 244 0.21
77.32 22 0.00
77.32 23 0.06
77.32 25 0.00
77.32 30 0.00
77.32 B1 5071.04 5071.04 
77.32 B3 5094.91 5094.91 
77.32 120 13 04 50
77.32 244 0.21
77.325 22 0.00
77.325 23 0.06
77.325 25 0.00
77.325 30 0.00
77.325 B1 5071.19 5071.19 
77.325 B3 5095.14 5095.14 
77.325 120 13 04 50
77.325 244 0.21
77.33 22 0.00
77.33 23 0.06
77.33 25 0.00
77.33 30 0.00
77.33 B1 5071.29 5071.29 
77.33 B3 5095.31 5095.31 
77.33 120 13 04 50
77.33 244 0.21
77.335 22 0.00
77.335 23 0.06
77.335 25 0.00
77.335 30 0.00
77.335 B1 5071.36 5071.36 
77.335 B3 5095.43 5095.43 
77.335 120 13 04 50
77.335 244 0.21
77.34 22 0.00
77.34 23 0.06
77.34 25 0.00
77.34 30 0.00
77.34 B1 5071.42 5071.42 
77.34 B3 5095.53 5095.53 
77.34 120 13 04 50
77.34 244 0.21
77.345 22 0.00
77.345 23 0.06
77.345 25 0.00
77.345 30 0.00
77.345 B1 5071.46 5071.46 
77.345 B3 5095.60 5095.60 
77.345 120 13 04 50
77.345 244 0.21
77.35 22 0.00
77.35 23 0.06
77.35 25 0.00
77.35 30 0.00
77.35 B1 5071.50 5071.50 
77.35 B3 5095.66 5095.66 
77.35 120 13 04 50
77.35 244 0.21
77.355 22 0.00
77.355 23 0.06
77.355 25 0.00
77.355 30 0.00
77.355 B1 5071.54 5071.54 
77.355 B3 5095.71 5095.71 
77.355 120 13 04 50
77.355 244 0.21
77.36 22 0.00
77.36 23 0.06
77.36 25 0.00
77.36 30 0.00
77.36 B1 5071.57 5071.57 
77.36 B3 5095.76 5095.76 
77.36 120 13 04 50
77.36 244 0.21
77.365 22 0.00
77.365 23 0.06
77.365 25 0.00
77.365 30 0.00
77.365 B1 5071.60 5071.60 
77.365 B3 5095.80 5095.80 
77.365 120 13 04 50
77.365 244 0.21
77.37 22 0.00
77.37 23 0.06
77.37 25 0.00
77.37 30 0.00
77.37 B1 5071.63 5071.63 
77.37 B3 5095.84 5095.84 
77.37 120 13 04 50
77.37 244 0.21
77.375 22 0.00
77.375 23 0.06
77.375 25 0.00
77.375 30 0.00
77.375 B1 5072.98 5072.98 
77.375 B3 5097.07 5097.07 
77.375 120 13 04 50
77.375 244 0.21
77.38 22 0.00
77.38 23 0.07
77.38 25 0.00
77.38 30 0.00
77.38 B1 5073.85 5073.85 
77.38 B3 5097.94 5097.94 
77.38 120 13 04 50
77.38 244 0.21
77.38499 22 0.00
77.38499 23 0.08
77.38499 25 0.00
77.38499 30 0.00
77.38499 B1 5074.41 5074.41 
77.38499 B3 5098.57 5098.57 
77.38499 120 13 04 50
77.38499 244 0.22
77.39 22 0.00
77.39 23 0.08
77.39 25 0.00
77.39 30 0.00
77.39 B1 5076.11 5076.11 
77.39 B3 5100.23 5100.23 
77.39 120 13 04 50
77.39 244 0.22
77.395 22 0.00
77.395 23 0.09
77.395 25 0.00
77.395 30 0.00
77.395 B1 5077.21 5077.21 
77.395 B3 5101.41 5101.42 
77.395 120 13 04 50
77.395 244 0.22
77.4 22 0.00
77.4 23 0.10
77.4 25 0.00
77.4 30 0.00
77.4 B1 5077.93 5077.93 
77.4 B3 5102.28 5102.28 
77.4 120 13 04 50
77.4 244 0.22
77.405 22 0.00
77.405 23 0.11
77.405 25 0.00
77.405 30 0.00
77.405 B1 5078.43 5078.43 
77.405 B3 5102.91 5102.91 
77.405 120 13 04 50
77.405 244 0.22
77.41 22 0.00
77.41 23 0.11
77.41 25 0.00
77.41 30 0.00
77.41 B1 5078.78 5078.78 
77.41 B3 5103.39 5103.39 
77.41 120 13 04 50
77.41 244 0.22
77.415 22 0.00
77.415 23 0.11
77.415 25 0.00
77.415 30 0.00
77.415 B1 5079.05 5079.05 
77.415 B3 5103.77 5103.77 
77.415 120 13 04 50
77.415 244 0.22
77.42 22 0.00
77.42 23 0.11
77.42 25 0.00
77.42 30 0.00
77.42 B1 5079.26 5079.26 
77.42 B3 5104.07 5104.07 
77.42 120 13 04 50
77.42 244 0.22
77.425 22 0.00
77.425 23 0.11
77.425 25 0.00
77.425 30 0.00
77.425 B1 5080.76 5080.76 
77.425 B3 5105.51 5105.51 
77.425 120 13 04 50
77.425 244 0.22
77.43 22 0.00
77.43 23 0.12
77.43 25 0.00
77.43 30 0.00
77.43 B1 5080.43 5080.43 
77.43 B3 5105.37 5105.37 
77.43 120 13 04 50
77.43 244 0.22
77.435 22 0.00
77.435 23 0.12
77.435 25 0.00
77.435 30 0.00
77.435 B1 5080.27 5080.27 
77.435 B3 5105.31 5105.31 
77.435 120 13 04 50
77.435 244 0.22
77.43999 22 0.00
77.43999 23 0.12
77.43999 25 0.00
77.43999 30 0.00
77.43999 B1 5080.23 5080.23 
77.43999 B3 5105.32 5105.31 
77.43999 120 13 04 50
77.43999 244 0.22
77.445 22 0.00
77.445 23 0.12
77.445 25 0.00
77.445 30 0.00
77.445 B1 5080.25 5080.25 
77.445 B3 5105.36 5105.36 
77.445 120 13 04 50
77.445 244 0.22
77.45 22 0.00
77.45 23 0.12
77.45 25 0.00
77.45 30 0.00
77.45 B1 5080.31 5080.31 
77.45 B3 5105.43 5105.43 
77.45 120 13 04 50
77.45 244 0.22
77.455 22 0.00
77.455 23 0.12
77.455 25 0.00
77.455 30 0.00
77.455 B1 5080.39 5080.39 
77.455 B3 5105.51 5105.51 
77.455 120 13 04 50
77.455 244 0.22
77.46 22 0.00
77.46 23 0.12
77.46 25 0.00
77.46 30 0.00
77.46 B1 5080.49 5080.49 
77.46 B3 5105.61 5105.61 
77.46 120 13 04 50
77.46 244 0.22
77.465 22 0.00
77.465 23 0.12
77.465 25 0.00
77.465 30 0.00
77.465 B1 5080.60 5080.60 
77.465 B3 5105.72 5105.72 
77.465 120 13 04 50
77.465 244 0.22
77.47 22 0.00
77.47 23 0.12
77.47 25 0.00
77.47 30 0.00
77.47 B1 5082.04 5082.04 
77.47 B3 5107.04 5107.04 
77.47 120 13 04 50
77.47 244 0.22
77.475 22 0.00
77.475 23 0.12
77.475 25 0.00
77.475 30 0.00
77.475 B1 5083.00 5083.00 
77.475 B3 5108.00 5108.00 
77.475 120 13 04 50
77.475 244 0.22
77.48 22 0.00
77.48 23 0.13
77.48 25 0.00
77.48 30 0.00
77.48 B1 5083.65 5083.65 
77.48 B3 5108.72 5108.72 
77.48 120 13 04 50
77.48 244 0.22
77.485 22 0.00
77.485 23 0.13
77.485 25 0.00
77.485 30 0.00
77.485 B1 5085.45 5085.44 
77.485 B3 5110.47 5110.47 
77.485 120 13 04 50
77.485 244 0.22
77.49 22 0.00
77.49 23 0.15
77.49 25 0.00
77.49 30 0.00
77.49 B1 5086.64 5086.64 
77.49 B3 5111.75 5111.75 
77.49 120 13 04 50
77.49 244 0.22
77.495 22 0.00
77.495 23 0.15
77.495 25 0.00
77.495 30 0.00
77.495 B1 5087.46 5087.46 
77.495 B3 5112.70 5112.70 
77.495 120 13 04 50
77.495 244 0.22
77.5 22 0.00
77.5 23 0.16
77.5 25 0.00
77.5 30 0.00
77.5 B1 5088.05 5088.05 
77.5 B3 5113.44 5113.44 
77.5 120 13 04 50
77.5 244 0.23
77.505 22 0.00
77.505 23 0.16
77.505 25 0.00
77.505 30 0.00
77.505 B1 5089.82 5089.82 
77.505 B3 5115.21 5115.21 
77.505 120 13 04 50
77.505 244 0.23
77.50999 22 0.00
77.50999 23 0.17
77.50999 25 0.00
77.50999 30 0.00
77.50999 B1 5091.02 5091.02 
77.50999 B3 5116.52 5116.52 
77.50999 120 13 04 50
77.50999 244 0.23
77.515 22 0.00
77.515 23 0.18
77.515 25 0.00
77.515 30 0.00
77.515 B1 5093.18 5093.18 
77.515 B3 5118.72 5118.72 
77.515 120 13 04 50
77.515 244 0.23
77.52 22 0.00
77.52 23 0.19
77.52 25 0.00
77.52 30 0.00
77.52 B1 5093.32 5093.32 
77.52 B3 5119.14 5119.14 
77.52 120 13 04 50
77.52 244 0.23
77.525 22 0.00
77.525 23 0.19
77.525 25 0.00
77.525 30 0.00
77.525 B1 5093.50 5093.50 
77.525 B3 5119.52 5119.52 
77.525 120 13 04 50
77.525 244 0.23
77.53 22 0.00
77.53 23 0.19
77.53 25 0.00
77.53 30 0.00
77.53 B1 5095.04 5095.04 
77.53 B3 5121.06 5121.06 
77.53 120 13 04 50
77.53 244 0.23
77.535 22 0.00
77.535 23 0.20
77.535 25 0.00
77.535 30 0.00
77.535 B1 5096.12 5096.12 
77.535 B3 5122.23 5122.23 
77.535 120 13 04 50
77.535 244 0.23
77.54 22 0.00
77.54 23 0.21
77.54 25 0.00
77.54 30 0.00
77.54 B1 5096.90 5096.90 
77.54 B3 5123.14 5123.14 
77.54 120 13 04 50
77.54 244 0.23
77.545 22 0.00
77.545 23 0.21
77.545 25 0.00
77.545 30 0.00
77.545 B1 5097.51 5097.51 
77.545 B3 5123.87 5123.87 
77.545 120 13 04 50
77.545 244 0.23
77.55 22 0.00
77.55 23 0.22
77.55 25 0.00
77.55 30 0.00
77.55 B1 5098.01 5098.01 
77.55 B3 5124.48 5124.48 
77.55 120 13 04 50
77.55 244 0.23
77.555 22 0.00
77.555 23 0.22
77.555 25 0.00
77.555 30 0.00
77.555 B1 5097.12 5097.12 
77.555 B3 5123.81 5123.81 
77.555 120 13 04 50
77.555 244 0.23
77.56 22 0.00
77.56 23 0.21
77.56 25 0.00
77.56 30 0.00
77.56 B1 5096.67 5096.67 
77.56 B3 5123.43 5123.43 
77.56 120 13 04 50
77.56 244 0.23
77.56499 22 0.00
77.56499 23 0.20
77.56499 25 0.00
77.56499 30 0.00
77.56499 B1 5097.82 5097.82 
77.56499 B3 5124.46 5124.45 
77.56499 120 13 04 50
77.56499 244 0.23
77.57 22 0.00
77.57 23 0.21
77.57 25 0.00
77.57 30 0.00
77.57 B1 5098.65 5098.65 
77.57 B3 5125.26 5125.26 
77.57 120 13 04 50
77.57 244 0.23
77.575 22 0.00
77.575 23 0.21
77.575 25 0.00
77.575 30 0.00
77.575 B1 5099.29 5099.29 
77.575 B3 5125.92 5125.92 
77.575 120 13 04 50
77.575 244 0.23
77.58 22 0.00
77.58 23 0.22
77.58 25 0.00
77.58 30 0.00
77.58 B1 5099.81 5099.81 
77.58 B3 5126.48 5126.48 
77.58 120 13 04 50
77.58 244 0.23
77.585 22 0.00
77.585 23 0.22
77.585 25 0.00
77.585 30 0.00
77.585 B1 5100.25 5100.25 
77.585 B3 5126.96 5126.96 
77.585 120 13 04 50
77.585 244 0.24
77.59 22 0.00
77.59 23 0.22
77.59 25 0.00
77.59 30 0.00
77.59 B1 5101.97 5101.97 
77.59 B3 5128.60 5128.60 
77.59 120 13 04 50
77.59 244 0.24
77.595 22 0.00
77.595 23 0.23
77.595 25 0.00
77.595 30 0.00
77.595 B1 5103.17 5103.17 
77.595 B3 5129.84 5129.84 
77.595 120 13 04 50
77.595 244 0.24
77.6 22 0.00
77.6 23 0.23
77.6 25 0.00
77.6 30 0.00
77.6 B1 5104.05 5104.05 
77.6 B3 5130.82 5130.82 
77.6 120 13 04 50
77.6 244 0.24
77.605 22 0.00
77.605 23 0.24
77.605 25 0.00
77.605 30 0.00
77.605 B1 5107.38 5107.38 
77.605 B3 5134.00 5134.00 
77.605 120 13 04 50
77.605 244 0.24
77.61 22 0.00
77.61 23 0.26
77.61 25 0.00
77.61 30 0.00
77.61 B1 5106.97 5106.97 
77.61 B3 5133.96 5133.96 
77.61 120 13 04 50
77.61 244 0.24
77.615 22 0.00
77.615 23 0.26
77.615 25 0.00
77.615 30 0.00
77.615 B1 5109.50 5109.50 
77.615 B3 5136.44 5136.44 
77.615 120 13 04 50
77.615 244 0.24
77.62 22 0.00
77.62 23 0.27
77.62 25 0.00
77.62 30 0.00
77.62 B1 5111.24 5111.24 
77.62 B3 5138.30 5138.30 
77.62 120 13 04 50
77.62 244 0.24
77.625 22 0.00
77.625 23 0.28
77.625 25 0.00
77.625 30 0.00
77.625 B1 5112.49 5112.49 
77.625 B3 5139.73 5139.73 
77.625 120 13 04 50
77.625 244 0.24
77.63 22 0.00
77.63 23 0.29
77.63 25 0.00
77.63 30 0.00
77.63 B1 5113.44 5113.44 
77.63 B3 5140.87 5140.87 
77.63 120 13 04 50
77.63 244 0.24
77.63499 22 0.00
77.63499 23 0.29
77.63499 25 0.00
77.63499 30 0.00
77.63499 B1 5114.20 5114.20 
77.63499 B3 5141.81 5141.81 
77.63499 120 13 04 50
77.63499 244 0.24
77.64 22 0.00
77.64 23 0.29
77.64 25 0.00
77.64 30 0.00
77.64 B1 5114.85 5114.85 
77.64 B3 5142.61 5142.61 
77.64 120 13 04 50
77.64 244 0.24
77.645 22 0.00
77.645 23 0.30
77.645 25 0.00
77.645 30 0.00
77.645 B1 5115.43 5115.43 
77.645 B3 5143.30 5143.30 
77.645 120 13 04 50
77.645 244 0.24
77.65 22 0.00
77.65 23 0.30
77.65 25 0.00
77.65 30 0.00
77.65 B1 5115.97 5115.97 
77.65 B3 5143.93 5143.93 
77.65 120 13 04 50
77.65 244 0.24
77.655 22 0.00
77.655 23 0.30
77.655 25 0.00
77.655 30 0.00
77.655 B1 5116.48 5116.48 
77.655 B3 5144.52 5144.52 
77.655 120 13 04 50
77.655 244 0.24
77.66 22 0.00
77.66 23 0.30
77.66 25 0.00
77.66 30 0.00
77.66 B1 5116.98 5116.98 
77.66 B3 5145.07 5145.07 
77.66 120 13 04 50
77.66 244 0.24
77.665 22 0.00
77.665 23 0.30
77.665 25 0.00
77.665 30 0.00
77.665 B1 5117.46 5117.46 
77.665 B3 5145.60 5145.60 
77.665 120 13 04 50
77.665 244 0.24
77.67 22 0.00
77.67 23 0.30
77.67 25 0.00
77.67 30 0.00
77.67 B1 5117.94 5117.94 
77.67 B3 5146.11 5146.11 
77.67 120 13 04 50
77.67 244 0.24
77.675 22 0.00
77.675 23 0.30
77.675 25 0.00
77.675 30 0.00
77.675 B1 5118.41 5118.41 
77.675 B3 5146.61 5146.61 
77.675 120 13 04 50
77.675 244 0.24
77.68 22 0.00
77.68 23 0.30
77.68 25 0.00
77.68 30 0.00
77.68 B1 5118.88 5118.88 
77.68 B3 5147.10 5147.10 
77.68 120 13 04 50
77.68 244 0.24
77.685 22 0.00
77.685 23 0.30
77.685 25 0.00
77.685 30 0.00
77.685 B1 5119.36 5119.36 
77.685 B3 5147.59 5147.59 
77.685 120 13 04 50
77.685 244 0.24
77.68999 22 0.00
77.68999 23 0.30
77.68999 25 0.00
77.68999 30 0.00
77.68999 B1 5119.83 5119.83 
77.68999 B3 5148.07 5148.07 
77.68999 120 13 04 50
77.68999 244 0.24
77.695 22 0.00
77.695 23 0.30
77.695 25 0.00
77.695 30 0.00
77.695 B1 5120.30 5120.29 
77.695 B3 5148.55 5148.55 
77.695 120 13 04 50
77.695 244 0.24
77.7 22 0.00
77.7 23 0.30
77.7 25 0.00
77.7 30 0.00
77.7 B1 5120.76 5120.76 
77.7 B3 5149.03 5149.03 
77.7 120 13 04 50
77.7 244 0.24
77.705 22 0.00
77.705 23 0.30
77.705 25 0.00
77.705 30 0.00
77.705 B1 5121.23 5121.23 
77.705 B3 5149.51 5149.51 
77.705 120 13 04 50
77.705 244 0.24
77.71 22 0.00
77.71 23 0.30
77.71 25 0.00
77.71 30 0.00
77.71 B1 5121.70 5121.70 
77.71 B3 5149.98 5149.98 
77.71 120 13 04 50
77.71 244 0.24
77.715 22 0.00
77.715 23 0.30
77.715 25 0.00
77.715 30 0.00
77.715 B1 5122.17 5122.17 
77.715 B3 5150.45 5150.45 
77.715 120 13 04 50
77.715 244 0.24
77.72 22 0.00
77.72 23 0.30
77.72 25 0.00
77.72 30 0.00
77.72 B1 5122.64 5122.64 
77.72 B3 5150.93 5150.93 
77.72 120 13 04 50
77.72 244 0.24
77.725 22 0.00
77.725 23 0.30
77.725 25 0.00
77.725 30 0.00
77.725 B1 5123.11 5123.11 
77.725 B3 5151.40 5151.40 
77.725 120 13 04 50
77.725 244 0.24
77.73 22 0.00
77.73 23 0.30
77.73 25 0.00
77.73 30 0.00
77.73 B1 5123.57 5123.57 
77.73 B3 5151.87 5151.87 
77.73 120 13 04 50
77.73 244 0.24
77.735 22 0.00
77.735 23 0.30
77.735 25 0.00
77.735 30 0.00
77.735 B1 5124.04 5124.04 
77.735 B3 5152.34 5152.34 
77.735 120 13 04 50
77.735 244 0.24
77.74 22 0.00
77.74 23 0.30
77.74 25 0.00
77.74 30 0.00
77.74 B1 5124.51 5124.51 
77.74 B3 5152.81 5152.81 
77.74 120 13 04 50
77.74 244 0.24
77.745 22 0.00
77.745 23 0.30
77.745 25 0.00
77.745 30 0.00
77.745 B1 5124.98 5124.98 
77.745 B3 5153.28 5153.28 
77.745 120 13 04 50
77.745 244 0.24
77.75 22 0.00
77.75 23 0.30
77.75 25 0.00
77.75 30 0.00
77.75 B1 5125.44 5125.44 
77.75 B3 5153.75 5153.75 
77.75 120 13 04 50
77.75 244 0.25
77.755 22 0.00
77.755 23 0.30
77.755 25 0.00
77.755 30 0.00
77.755 B1 5127.23 5127.23 
77.755 B3 5155.42 5155.42 
77.755 120 13 04 50
77.755 244 0.25
77.75999 22 0.00
77.75999 23 0.31
77.75999 25 0.00
77.75999 30 0.00
77.75999 B1 5128.53 5128.53 
77.75999 B3 5156.73 5156.73 
77.75999 120 13 04 50
77.75999 244 0.25
77.765 22 0.00
77.765 23 0.31
77.765 25 0.00
77.765 30 0.00
77.765 B1 5129.53 5129.53 
77.765 B3 5157.80 5157.80 
77.765 120 13 04 50
77.765 244 0.25
77.77 22 0.00
77.77 23 0.32
77.77 25 0.00
77.77 30 0.00
77.77 B1 5130.35 5130.35 
77.77 B3 5158.69 5158.69 
77.77 120 13 04 50
77.77 244 0.25
77.775 22 0.00
77.775 23 0.32
77.775 25 0.00
77.775 30 0.00
77.775 B1 5131.05 5131.05 
77.775 B3 5159.47 5159.47 
77.775 120 13 04 50
77.775 244 0.25
77.78 22 0.00
77.78 23 0.32
77.78 25 0.00
77.78 30 0.00
77.78 B1 5131.67 5131.67 
77.78 B3 5160.18 5160.18 
77.78 120 13 04 50
77.78 244 0.25
77.785 22 0.00
77.785 23 0.32
77.785 25 0.00
77.785 30 0.00
77.785 B1 5132.26 5132.26 
77.785 B3 5160.82 5160.82 
77.785 120 13 04 50
77.785 244 0.25
77.79 22 0.00
77.79 23 0.32
77.79 25 0.00
77.79 30 0.00
77.79 B1 5132.82 5132.82 
77.79 B3 5161.43 5161.43 
77.79 120 13 04 50
77.79 244 0.25
77.795 22 0.00
77.795 23 0.32
77.795 25 0.00
77.795 30 0.00
77.795 B1 5134.68 5134.68 
77.795 B3 5163.20 5163.20 
77.795 120 13 04 50
77.795 244 0.25
77.8 22 0.00
77.8 23 0.33
77.8 25 0.00
77.8 30 0.00
77.8 B1 5136.04 5136.04 
77.8 B3 5164.60 5164.60 
77.8 120 13 04 50
77.8 244 0.25
77.805 22 0.00
77.805 23 0.34
77.805 25 0.00
77.805 30 0.00
77.805 B1 5137.10 5137.10 
77.805 B3 5165.75 5165.75 
77.805 120 13 04 50
77.805 244 0.25
77.81 22 0.00
77.81 23 0.34
77.81 25 0.00
77.81 30 0.00
77.81 B1 5136.65 5136.65 
77.81 B3 5165.52 5165.52 
77.81 120 13 04 50
77.81 244 0.25
77.81499 22 0.00
77.81499 23 0.33
77.81499 25 0.00
77.81499 30 0.00
77.81499 B1 5136.57 5136.57 
77.81499 B3 5165.52 5165.52 
77.81499 120 13 04 50
77.81499 244 0.25
77.82 22 0.00
77.82 23 0.33
77.82 25 0.00
77.82 30 0.00
77.82 B1 5136.71 5136.71 
77.82 B3 5165.69 5165.69 
77.82 120 13 04 50
77.82 244 0.25
77.825 22 0.00
77.825 23 0.33
77.825 25 0.00
77.825 30 0.00
77.825 B1 5137.00 5137.00 
77.825 B3 5165.96 5165.96 
77.825 120 13 04 50
77.825 244 0.25
77.83 22 0.00
77.83 23 0.32
77.83 25 0.00
77.83 30 0.00
77.83 B1 5137.37 5137.37 
77.83 B3 5166.30 5166.30 
77.83 120 13 04 50
77.83 244 0.25
77.835 22 0.00
77.835 23 0.32
77.835 25 0.00
77.835 30 0.00
77.835 B1 5137.79 5137.79 
77.835 B3 5166.70 5166.70 
77.835 120 13 04 50
77.835 244 0.25
77.84 22 0.00
77.84 23 0.32
77.84 25 0.00
77.84 30 0.00
77.84 B1 5138.25 5138.25 
77.84 B3 5167.14 5167.14 
77.84 120 13 04 50
77.84 244 0.25
77.845 22 0.00
77.845 23 0.32
77.845 25 0.00
77.845 30 0.00
77.845 B1 5138.74 5138.74 
77.845 B3 5167.60 5167.60 
77.845 120 13 04 50
77.845 244 0.25
77.85 22 0.00
77.85 23 0.32
77.85 25 0.00
77.85 30 0.00
77.85 B1 5139.23 5139.23 
77.85 B3 5168.07 5168.07 
77.85 120 13 04 50
77.85 244 0.25
77.855 22 0.00
77.855 23 0.32
77.855 25 0.00
77.855 30 0.00
77.855 B1 5139.73 5139.73 
77.855 B3 5168.56 5168.56 
77.855 120 13 04 50
77.855 244 0.25
77.86 22 0.00
77.86 23 0.32
77.86 25 0.00
77.86 30 0.00
77.86 B1 5140.23 5140.23 
77.86 B3 5169.05 5169.05 
77.86 120 13 04 50
77.86 244 0.25
77.865 22 0.00
77.865 23 0.32
77.865 25 0.00
77.865 30 0.00
77.865 B1 5140.74 5140.74 
77.865 B3 5169.56 5169.56 
77.865 120 13 04 50
77.865 244 0.25
77.87 22 0.00
77.87 23 0.32
77.87 25 0.00
77.87 30 0.00
77.87 B1 5141.25 5141.25 
77.87 B3 5170.06 5170.06 
77.87 120 13 04 50
77.87 244 0.25
77.875 22 0.00
77.875 23 0.32
77.875 25 0.00
77.875 30 0.00
77.875 B1 5141.76 5141.76 
77.875 B3 5170.57 5170.57 
77.875 120 13 04 50
77.875 244 0.24
77.88 22 0.00
77.88 23 0.32
77.88 25 0.00
77.88 30 0.00
77.88 B1 5140.95 5140.95 
77.88 B3 5169.88 5169.88 
77.88 120 13 04 50
77.88 244 0.24
77.88499 22 0.00
77.88499 23 0.31
77.88499 25 0.00
77.88499 30 0.00
77.88499 B1 5140.62 5140.62 
77.88499 B3 5169.55 5169.55 
77.88499 120 13 04 50
77.88499 244 0.24
77.89 22 0.00
77.89 23 0.30
77.89 25 0.00
77.89 30 0.00
77.89 B1 5140.60 5140.60 
77.89 B3 5169.46 5169.46 
77.89 120 13 04 50
77.89 244 0.24
77.895 22 0.00
77.895 23 0.30
77.895 25 0.00
77.895 30 0.00
77.895 B1 5140.76 5140.76 
77.895 B3 5169.54 5169.54 
77.895 120 13 04 50
77.895 244 0.24
77.9 22 0.00
77.9 23 0.30
77.9 25 0.00
77.9 30 0.00
77.9 B1 5141.03 5141.03 
77.9 B3 5169.74 5169.74 
77.9 120 13 04 50
77.9 244 0.24
77.905 22 0.00
77.905 23 0.30
77.905 25 0.00
77.905 30 0.00
77.905 B1 5141.38 5141.38 
77.905 B3 5170.02 5170.02 
77.905 120 13 04 50
77.905 244 0.24
77.91 22 0.00
77.91 23 0.29
77.91 25 0.00
77.91 30 0.00
77.91 B1 5141.77 5141.77 
77.91 B3 5170.35 5170.35 
77.91 120 13 04 50
77.91 244 0.24
77.915 22 0.00
77.915 23 0.29
77.915 25 0.00
77.915 30 0.00
77.915 B1 5142.19 5142.19 
77.915 B3 5170.72 5170.72 
77.915 120 13 04 50
77.915 244 0.24
77.92 22 0.00
77.92 23 0.29
77.92 25 0.00
77.92 30 0.00
77.92 B1 5142.62 5142.62 
77.92 B3 5171.12 5171.12 
77.92 120 13 04 50
77.92 244 0.24
77.925 22 0.00
77.925 23 0.29
77.925 25 0.00
77.925 30 0.00
77.925 B1 5143.07 5143.07 
77.925 B3 5171.53 5171.53 
77.925 120 13 04 50
77.925 244 0.24
77.93 22 0.00
77.93 23 0.29
77.93 25 0.00
77.93 30 0.00
77.93 B1 5140.88 5140.88 
77.93 B3 5169.57 5169.57 
77.93 120 13 04 50
77.93 244 0.24
77.935 22 0.00
77.935 23 0.27
77.935 25 0.00
77.935 30 0.00
77.935 B1 5139.66 5139.66 
77.935 B3 5168.32 5168.32 
77.935 120 13 04 50
77.935 244 0.24
77.93999 22 0.00
77.93999 23 0.26
77.93999 25 0.00
77.93999 30 0.00
77.93999 B1 5139.04 5139.04 
77.93999 B3 5167.57 5167.57 
77.93999 120 13 04 50
77.93999 244 0.24
77.945 22 0.00
77.945 23 0.25
77.945 25 0.00
77.945 30 0.00
77.945 B1 5138.80 5138.80 
77.945 B3 5167.16 5167.16 
77.945 120 13 04 50
77.945 244 0.24
77.95 22 0.00
77.95 23 0.25
77.95 25 0.00
77.95 30 0.00
77.95 B1 5138.78 5138.78 
77.95 B3 5166.98 5166.98 
77.95 120 13 04 50
77.95 244 0.24
77.955 22 0.00
77.955 23 0.24
77.955 25 0.00
77.955 30 0.00
77.955 B1 5138.92 5138.92 
77.955 B3 5166.96 5166.96 
77.955 120 13 04 50
77.955 244 0.23
77.96 22 0.00
77.96 23 0.24
77.96 25 0.00
77.96 30 0.00
77.96 B1 5137.81 5137.81 
77.96 B3 5165.86 5165.86 
77.96 120 13 04 50
77.96 244 0.23
77.965 22 0.00
77.965 23 0.23
77.965 25 0.00
77.965 30 0.00
77.965 B1 5137.25 5137.25 
77.965 B3 5165.19 5165.19 
77.965 120 13 04 50
77.965 244 0.23
77.97 22 0.00
77.97 23 0.22
77.97 25 0.00
77.97 30 0.00
77.97 B1 5137.02 5137.02 
77.97 B3 5164.82 5164.82 
77.97 120 13 04 50
77.97 244 0.23
77.975 22 0.00
77.975 23 0.22
77.975 25 0.00
77.975 30 0.00
77.975 B1 5136.99 5136.99 
77.975 B3 5164.66 5164.66 
77.975 120 13 04 50
77.975 244 0.23
77.98 22 0.00
77.98 23 0.22
77.98 25 0.00
77.98 30 0.00
77.98 B1 5137.09 5137.10 
77.98 B3 5164.64 5164.64 
77.98 120 13 04 50
77.98 244 0.23
77.985 22 0.00
77.985 23 0.21
77.985 25 0.00
77.985 30 0.00
77.985 B1 5135.96 5135.96 
77.985 B3 5163.52 5163.52 
77.985 120 13 04 50
77.985 244 0.23
77.99 22 0.00
77.99 23 0.20
77.99 25 0.00
77.99 30 0.00
77.99 B1 5136.67 5136.67 
77.99 B3 5164.01 5164.01 
77.99 120 13 04 50
77.99 244 0.23
77.995 22 0.00
77.995 23 0.21
77.995 25 0.00
77.995 30 0.00
77.995 B1 5137.23 5137.23 
77.995 B3 5164.45 5164.45 
77.995 120 13 04 50
77.995 244 0.23
78 22 0.00
78 23 0.21
78 25 0.00
78 30 0.00
78 B1 5137.69 5137.69 
78 B3 5164.85 5164.85 
78 120 13 04 50
78 244 0.23
78.005 22 0.00
78.005 23 0.21
78.005 25 0.00
78.005 30 0.00
78.005 B1 5138.10 5138.10 
78.005 B3 5165.21 5165.21 
78.005 120 13 04 50
78.005 244 0.23
78.00999 22 0.00
78.00999 23 0.21
78.00999 25 0.00
78.00999 30 0.00
78.00999 B1 5138.47 5138.47 
78.00999 B3 5165.56 5165.56 
78.00999 120 13 04 50
78.00999 244 0.23
78.015 22 0.00
78.015 23 0.21
78.015 25 0.00
78.015 30 0.00
78.015 B1 5138.81 5138.81 
78.015 B3 5165.89 5165.89 
78.015 120 13 04 50
78.015 244 0.23
78.02 22 0.00
78.02 23 0.21
78.02 25 0.00
78.02 30 0.00
78.02 B1 5139.14 5139.14 
78.02 B3 5166.22 5166.22 
78.02 120 13 04 50
78.02 244 0.24
78.025 22 0.00
78.025 23 0.21
78.025 25 0.00
78.025 30 0.00
78.025 B1 5140.78 5140.78 
78.025 B3 5167.73 5167.73 
78.025 120 13 04 50
78.025 244 0.23
78.03 22 0.00
78.03 23 0.22
78.03 25 0.00
78.03 30 0.00
78.03 B1 5140.61 5140.61 
78.03 B3 5167.69 5167.69 
78.03 120 13 04 50
78.03 244 0.23
78.035 22 0.00
78.035 23 0.22
78.035 25 0.00
78.035 30 0.00
78.035 B1 5139.30 5139.30 
78.035 B3 5166.56 5166.56 
78.035 120 13 04 50
78.035 244 0.23
78.04 22 0.00
78.04 23 0.20
78.04 25 0.00
78.04 30 0.00
78.04 B1 5138.59 5138.59 
78.04 B3 5165.86 5165.86 
78.04 120 13 04 50
78.04 244 0.23
78.045 22 0.00
78.045 23 0.20
78.045 25 0.00
78.045 30 0.00
78.045 B1 5139.56 5139.56 
78.045 B3 5166.64 5166.64 
78.045 120 13 04 50
78.045 244 0.23
78.05 22 0.00
78.05 23 0.20
78.05 25 0.00
78.05 30 0.00
78.05 B1 5140.28 5140.28 
78.05 B3 5167.28 5167.28 
78.05 120 13 04 50
78.05 244 0.23
78.055 22 0.00
78.055 23 0.20
78.055 25 0.00
78.055 30 0.00
78.055 B1 5139.53 5139.53 
78.055 B3 5166.62 5166.62 
78.055 120 13 04 50
78.055 244 0.23
78.06 22 0.00
78.06 23 0.20
78.06 25 0.00
78.06 30 0.00
78.06 B1 5139.15 5139.15 
78.06 B3 5166.24 5166.24 
78.06 120 13 04 50
78.06 244 0.23
78.06499 22 0.00
78.06499 23 0.19
78.06499 25 0.00
78.06499 30 0.00
78.06499 B1 5139.02 5139.02 
78.06499 B3 5166.05 5166.05 
78.06499 120 13 04 50
78.06499 244 0.23
78.07 22 0.00
78.07 23 0.19
78.07 25 0.00
78.07 30 0.00
78.07 B1 5139.03 5139.03 
78.07 B3 5166.00 5166.00 
78.07 120 13 04 50
78.07 244 0.23
78.075 22 0.00
78.075 23 0.19
78.075 25 0.00
78.075 30 0.00
78.075 B1 5139.14 5139.14 
78.075 B3 5166.04 5166.04 
78.075 120 13 04 50
78.075 244 0.23
78.08 22 0.00
78.08 23 0.18
78.08 25 0.00
78.08 30 0.00
78.08 B1 5139.30 5139.30 
78.08 B3 5166.14 5166.14 
78.08 120 13 04 50
78.08 244 0.22
78.085 22 0.00
78.085 23 0.18
78.085 25 0.00
78.085 30 0.00
78.085 B1 5138.18 5138.18 
78.085 B3 5165.10 5165.10 
78.085 120 13 04 50
78.085 244 0.22
78.09 22 0.00
78.09 23 0.17
78.09 25 0.00
78.09 30 0.00
78.09 B1 5137.56 5137.56 
78.09 B3 5164.43 5164.43 
78.09 120 13 04 50
78.09 244 0.22
78.095 22 0.00
78.095 23 0.17
78.095 25 0.00
78.095 30 0.00
78.095 B1 5137.25 5137.25 
78.095 B3 5164.04 5164.04 
78.095 120 13 04 50
78.095 244 0.22
78.1 22 0.00
78.1 23 0.16
78.1 25 0.00
78.1 30 0.00
78.1 B1 5137.14 5137.14 
78.1 B3 5163.82 5163.82 
78.1 120 13 04 50
78.1 244 0.22
78.105 22 0.00
78.105 23 0.16
78.105 25 0.00
78.105 30 0.00
78.105 B1 5137.15 5137.15 
78.105 B3 5163.73 5163.73 
78.105 120 13 04 50
78.105 244 0.22
78.11 22 0.00
78.11 23 0.16
78.11 25 0.00
78.11 30 0.00
78.11 B1 5137.23 5137.23 
78.11 B3 5163.73 5163.73 
78.11 120 13 04 50
78.11 244 0.22
78.115 22 0.00
78.115 23 0.16
78.115 25 0.00
78.115 30 0.00
78.115 B1 5137.36 5137.36 
78.115 B3 5163.79 5163.79 
78.115 120 13 04 50
78.115 244 0.22
78.12 22 0.00
78.12 23 0.16
78.12 25 0.00
78.12 30 0.00
78.12 B1 5137.52 5137.52 
78.12 B3 5163.90 5163.90 
78.12 120 13 04 50
78.12 244 0.22
78.125 22 0.00
78.125 23 0.16
78.125 25 0.00
78.125 30 0.00
78.125 B1 5137.69 5137.69 
78.125 B3 5164.03 5164.03 
78.125 120 13 04 50
78.125 244 0.22
78.13 22 0.00
78.13 23 0.16
78.13 25 0.00
78.13 30 0.00
78.13 B1 5137.88 5137.88 
78.13 B3 5164.18 5164.18 
78.13 120 13 04 50
78.13 244 0.22
78.13499 22 0.00
78.13499 23 0.15
78.13499 25 0.00
78.13499 30 0.00
78.13499 B1 5138.07 5138.07 
78.13499 B3 5164.35 5164.35 
78.13499 120 13 04 50
78.13499 244 0.22
78.14 22 0.00
78.14 23 0.15
78.14 25 0.00
78.14 30 0.00
78.14 B1 5138.27 5138.27 
78.14 B3 5164.53 5164.53 
78.14 120 13 04 50
78.14 244 0.22
78.145 22 0.00
78.145 23 0.15
78.145 25 0.00
78.145 30 0.00
78.145 B1 5138.46 5138.46 
78.145 B3 5164.72 5164.72 
78.145 120 13 04 50
78.145 244 0.22
78.15 22 0.00
78.15 23 0.15
78.15 25 0.00
78.15 30 0.00
78.15 B1 5138.66 5138.66 
78.15 B3 5164.90 5164.90 
78.15 120 13 04 50
78.15 244 0.22
78.155 22 0.00
78.155 23 0.15
78.155 25 0.00
78.155 30 0.00
78.155 B1 5138.86 5138.86 
78.155 B3 5165.10 5165.10 
78.155 120 13 04 50
78.155 244 0.22
78.16 22 0.00
78.16 23 0.15
78.16 25 0.00
78.16 30 0.00
78.16 B1 5139.06 5139.06 
78.16 B3 5165.29 5165.29 
78.16 120 13 04 50
78.16 244 0.22
78.165 22 0.00
78.165 23 0.15
78.165 25 0.00
78.165 30 0.00
78.165 B1 5139.26 5139.26 
78.165 B3 5165.49 5165.49 
78.165 120 13 04 50
78.165 244 0.22
78.17 22 0.00
78.17 23 0.15
78.17 25 0.00
78.17 30 0.00
78.17 B1 5139.46 5139.46 
78.17 B3 5165.69 5165.69 
78.17 120 13 04 50
78.17 244 0.22
78.175 22 0.00
78.175 23 0.15
78.175 25 0.00
78.175 30 0.00
78.175 B1 5139.66 5139.66 
78.175 B3 5165.89 5165.89 
78.175 120 13 04 50
78.175 244 0.22
78.18 22 0.00
78.18 23 0.15
78.18 25 0.00
78.18 30 0.00
78.18 B1 5139.87 5139.87 
78.18 B3 5166.09 5166.09 
78.18 120 13 04 50
78.18 244 0.22
78.185 22 0.00
78.185 23 0.15
78.185 25 0.00
78.185 30 0.00
78.185 B1 5140.07 5140.07 
78.185 B3 5166.29 5166.29 
78.185 120 13 04 50
78.185 244 0.22
78.18999 22 0.00
78.18999 23 0.15
78.18999 25 0.00
78.18999 30 0.00
78.18999 B1 5140.26 5140.26 
78.18999 B3 5166.49 5166.49 
78.18999 120 13 04 50
78.18999 244 0.22
78.195 22 0.00
78.195 23 0.15
78.195 25 0.00
78.195 30 0.00
78.195 B1 5140.47 5140.47 
78.195 B3 5166.69 5166.69 
78.195 120 13 04 50
78.195 244 0.22
78.2 22 0.00
78.2 23 0.15
78.2 25 0.00
78.2 30 0.00
78.2 B1 5140.67 5140.67 
78.2 B3 5166.89 5166.89 
78.2 120 13 04 50
78.2 244 0.22
78.205 22 0.00
78.205 23 0.15
78.205 25 0.00
78.205 30 0.00
78.205 B1 5140.86 5140.86 
78.205 B3 5167.09 5167.09 
78.205 120 13 04 50
78.205 244 0.22
78.21 22 0.00
78.21 23 0.15
78.21 25 0.00
78.21 30 0.00
78.21 B1 5141.06 5141.06 
78.21 B3 5167.29 5167.29 
78.21 120 13 04 50
78.21 244 0.22
78.215 22 0.00
78.215 23 0.15
78.215 25 0.00
78.215 30 0.00
78.215 B1 5141.26 5141.26 
78.215 B3 5167.49 5167.49 
78.215 120 13 04 50
78.215 244 0.22
78.22 22 0.00
78.22 23 0.15
78.22 25 0.00
78.22 30 0.00
78.22 B1 5141.46 5141.46 
78.22 B3 5167.69 5167.69 
78.22 120 13 04 50
78.22 244 0.22
78.225 22 0.00
78.225 23 0.15
78.225 25 0.00
78.225 30 0.00
78.225 B1 5141.66 5141.66 
78.225 B3 5167.89 5167.89 
78.225 120 13 04 50
78.225 244 0.22
78.23 22 0.00
78.23 23 0.15
78.23 25 0.00
78.23 30 0.00
78.23 B1 5141.86 5141.86 
78.23 B3 5168.09 5168.09 
78.23 120 13 04 50
78.23 244 0.23
78.235 22 0.00
78.235 23 0.15
78.235 25 0.00
78.235 30 0.00
78.235 B1 5143.38 5143.38 
78.235 B3 5169.49 5169.49 
78.235 120 13 04 50
78.235 244 0.23
78.24 22 0.00
78.24 23 0.16
78.24 25 0.00
78.24 30 0.00
78.24 B1 5144.42 5144.42 
78.24 B3 5170.54 5170.54 
78.24 120 13 04 50
78.24 244 0.23
78.245 22 0.00
78.245 23 0.17
78.245 25 0.00
78.245 30 0.00
78.245 B1 5145.15 5145.15 
78.245 B3 5171.34 5171.34 
78.245 120 13 04 50
78.245 244 0.23
78.25 22 0.00
78.25 23 0.17
78.25 25 0.00
78.25 30 0.00
78.25 B1 5145.71 5145.71 
78.25 B3 5171.97 5171.97 
78.25 120 13 04 50
78.25 244 0.23
78.255 22 0.00
78.255 23 0.17
78.255 25 0.00
78.255 30 0.00
78.255 B1 5146.14 5146.14 
78.255 B3 5172.49 5172.49 
78.255 120 13 04 50
78.255 244 0.23
78.25999 22 0.00
78.25999 23 0.18
78.25999 25 0.00
78.25999 30 0.00
78.25999 B1 5146.50 5146.50 
78.25999 B3 5172.92 5172.92 
78.25999 120 13 04 50
78.25999 244 0.23
78.265 22 0.00
78.265 23 0.18
78.265 25 0.00
78.265 30 0.00
78.265 B1 5146.82 5146.82 
78.265 B3 5173.30 5173.30 
78.265 120 13 04 50
78.265 244 0.22
78.27 22 0.00
78.27 23 0.18
78.27 25 0.00
78.27 30 0.00
78.27 B1 5145.79 5145.79 
78.27 B3 5172.45 5172.45 
78.27 120 13 04 50
78.27 244 0.23
78.275 22 0.00
78.275 23 0.17
78.275 25 0.00
78.275 30 0.00
78.275 B1 5146.55 5146.55 
78.275 B3 5173.11 5173.11 
78.275 120 13 04 50
78.275 244 0.23
78.28 22 0.00
78.28 23 0.17
78.28 25 0.00
78.28 30 0.00
78.28 B1 5147.11 5147.11 
78.28 B3 5173.65 5173.65 
78.28 120 13 04 50
78.28 244 0.23
78.285 22 0.00
78.285 23 0.18
78.285 25 0.00
78.285 30 0.00
78.285 B1 5147.56 5147.56 
78.285 B3 5174.10 5174.10 
78.285 120 13 04 50
78.285 244 0.23
78.29 22 0.00
78.29 23 0.18
78.29 25 0.00
78.29 30 0.00
78.29 B1 5149.24 5149.24 
78.29 B3 5175.68 5175.68 
78.29 120 13 04 50
78.29 244 0.23
78.295 22 0.00
78.295 23 0.19
78.295 25 0.00
78.295 30 0.00
78.295 B1 5149.08 5149.08 
78.295 B3 5175.68 5175.68 
78.295 120 13 04 50
78.295 244 0.23
78.3 22 0.00
78.3 23 0.18
78.3 25 0.00
78.3 30 0.00
78.3 B1 5149.08 5149.08 
78.3 B3 5175.75 5175.75 
78.3 120 13 04 50
78.3 244 0.23
78.305 22 0.00
78.305 23 0.18
78.305 25 0.00
78.305 30 0.00
78.305 B1 5149.17 5149.17 
78.305 B3 5175.88 5175.88 
78.305 120 13 04 50
78.305 244 0.23
78.31 22 0.00
78.31 23 0.18
78.31 25 0.00
78.31 30 0.00
78.31 B1 5149.32 5149.32 
78.31 B3 5176.05 5176.05 
78.31 120 13 04 50
78.31 244 0.23
78.31499 22 0.00
78.31499 23 0.18
78.31499 25 0.00
78.31499 30 0.00
78.31499 B1 5149.50 5149.50 
78.31499 B3 5176.24 5176.24 
78.31499 120 13 04 50
78.31499 244 0.23
78.32 22 0.00
78.32 23 0.18
78.32 25 0.00
78.32 30 0.00
78.32 B1 5151.03 5151.03 
78.32 B3 5177.64 5177.64 
78.32 120 13 04 50
78.32 244 0.23
78.325 22 0.00
78.325 23 0.19
78.325 25 0.00
78.325 30 0.00
78.325 B1 5152.09 5152.09 
78.325 B3 5178.71 5178.71 
78.325 120 13 04 50
78.325 244 0.23
78.33 22 0.00
78.33 23 0.19
78.33 25 0.00
78.33 30 0.00
78.33 B1 5152.86 5152.86 
78.33 B3 5179.54 5179.54 
78.33 120 13 04 50
78.33 244 0.23
78.335 22 0.00
78.335 23 0.20
78.335 25 0.00
78.335 30 0.00
78.335 B1 5152.13 5152.13 
78.335 B3 5179.01 5179.01 
78.335 120 13 04 50
78.335 244 0.23
78.34 22 0.00
78.34 23 0.19
78.34 25 0.00
78.34 30 0.00
78.34 B1 5151.77 5151.77 
78.34 B3 5178.72 5178.72 
78.34 120 13 04 50
78.34 244 0.23
78.345 22 0.00
78.345 23 0.19
78.345 25 0.00
78.345 30 0.00
78.345 B1 5151.64 5151.64 
78.345 B3 5178.60 5178.60 
78.345 120 13 04 50
78.345 244 0.23
78.35 22 0.00
78.35 23 0.18
78.35 25 0.00
78.35 30 0.00
78.35 B1 5151.65 5151.65 
78.35 B3 5178.59 5178.59 
78.35 120 13 04 50
78.35 244 0.23
78.355 22 0.00
78.355 23 0.18
78.355 25 0.00
78.355 30 0.00
78.355 B1 5151.75 5151.75 
78.355 B3 5178.66 5178.66 
78.355 120 13 04 50
78.355 244 0.23
78.36 22 0.00
78.36 23 0.18
78.36 25 0.00
78.36 30 0.00
78.36 B1 5153.22 5153.22 
78.36 B3 5179.98 5179.98 
78.36 120 13 04 50
78.36 244 0.23
78.365 22 0.00
78.365 23 0.19
78.365 25 0.00
78.365 30 0.00
78.365 B1 5154.25 5154.25 
78.365 B3 5180.98 5180.98 
78.365 120 13 04 50
78.365 244 0.23
78.37 22 0.00
78.37 23 0.19
78.37 25 0.00
78.37 30 0.00
78.37 B1 5153.68 5153.68 
78.37 B3 5180.57 5180.57 
78.37 120 13 04 50
78.37 244 0.23
78.375 22 0.00
78.375 23 0.19
78.375 25 0.00
78.375 30 0.00
78.375 B1 5153.42 5153.42 
78.375 B3 5180.37 5180.37 
78.375 120 13 04 50
78.375 244 0.23
78.38 22 0.00
78.38 23 0.18
78.38 25 0.00
78.38 30 0.00
78.38 B1 5154.67 5154.67 
78.38 B3 5181.50 5181.50 
78.38 120 13 04 50
78.38 244 0.23
78.38499 22 0.00
78.38499 23 0.19
78.38499 25 0.00
78.38499 30 0.00
78.38499 B1 5155.56 5155.56 
78.38499 B3 5182.37 5182.37 
78.38499 120 13 04 50
78.38499 244 0.23
78.39 22 0.00
78.39 23 0.20
78.39 25 0.00
78.39 30 0.00
78.39 B1 5156.22 5156.22 
78.39 B3 5183.07 5183.07 
78.39 120 13 04 50
78.39 244 0.23
78.395 22 0.00
78.395 23 0.20
78.395 25 0.00
78.395 30 0.00
78.395 B1 5155.42 5155.42 
78.395 B3 5182.45 5182.45 
78.395 120 13 04 50
78.395 244 0.23
78.4 22 0.00
78.4 23 0.19
78.4 25 0.00
78.4 30 0.00
78.4 B1 5155.02 5155.02 
78.4 B3 5182.09 5182.09 
78.4 120 13 04 50
78.4 244 0.23
78.405 22 0.00
78.405 23 0.19
78.405 25 0.00
78.405 30 0.00
78.405 B1 5156.19 5156.19 
78.405 B3 5183.12 5183.12 
78.405 120 13 04 50
78.405 244 0.23
78.41 22 0.00
78.41 23 0.19
78.41 25 0.00
78.41 30 0.00
78.41 B1 5157.02 5157.02 
78.41 B3 5183.92 5183.92 
78.41 120 13 04 50
78.41 244 0.23
78.415 22 0.00
78.415 23 0.20
78.415 25 0.00
78.415 30 0.00
78.415 B1 5157.65 5157.65 
78.415 B3 5184.56 5184.56 
78.415 120 13 04 50
78.415 244 0.23
78.42 22 0.00
78.42 23 0.20
78.42 25 0.00
78.42 30 0.00
78.42 B1 5158.15 5158.15 
78.42 B3 5185.10 5185.10 
78.42 120 13 04 50
78.42 244 0.23
78.425 22 0.00
78.425 23 0.20
78.425 25 0.00
78.425 30 0.00
78.425 B1 5158.57 5158.57 
78.425 B3 5185.57 5185.57 
78.425 120 13 04 50
78.425 244 0.23
78.43 22 0.00
78.43 23 0.20
78.43 25 0.00
78.43 30 0.00
78.43 B1 5158.94 5158.94 
78.43 B3 5185.98 5185.98 
78.43 120 13 04 50
78.43 244 0.23
78.435 22 0.00
78.435 23 0.20
78.435 25 0.00
78.435 30 0.00
78.435 B1 5159.29 5159.29 
78.435 B3 5186.36 5186.36 
78.435 120 13 04 50
78.435 244 0.23
78.43999 22 0.00
78.43999 23 0.20
78.43999 25 0.00
78.43999 30 0.00
78.43999 B1 5159.61 5159.61 
78.43999 B3 5186.71 5186.71 
78.43999 120 13 04 50
78.43999 244 0.23
78.445 22 0.00
78.445 23 0.20
78.445 25 0.00
78.445 30 0.00
78.445 B1 5159.92 5159.92 
78.445 B3 5187.05 5187.05 
78.445 120 13 04 50
78.445 244 0.23
78.45 22 0.00
78.45 23 0.20
78.45 25 0.00
78.45 30 0.00
78.45 B1 5160.23 5160.23 
78.45 B3 5187.37 5187.37 
78.45 120 13 04 50
78.45 244 0.23
78.455 22 0.00
78.455 23 0.20
78.455 25 0.00
78.455 30 0.00
78.455 B1 5160.52 5160.52 
78.455 B3 5187.68 5187.68 
78.455 120 13 04 50
78.455 244 0.23
78.46 22 0.00
78.46 23 0.20
78.46 25 0.00
78.46 30 0.00
78.46 B1 5160.82 5160.82 
78.46 B3 5187.99 5187.99 
78.46 120 13 04 50
78.46 244 0.23
78.465 22 0.00
78.465 23 0.20
78.465 25 0.00
78.465 30 0.00
78.465 B1 5161.12 5161.12 
78.465 B3 5188.29 5188.29 
78.465 120 13 04 50
78.465 244 0.23
78.47 22 0.00
78.47 23 0.20
78.47 25 0.00
78.47 30 0.00
78.47 B1 5161.41 5161.41 
78.47 B3 5188.60 5188.60 
78.47 120 13 04 50
78.47 244 0.24
78.475 22 0.00
78.475 23 0.20
78.475 25 0.00
78.475 30 0.00
78.475 B1 5163.02 5163.02 
78.475 B3 5190.09 5190.09 
78.475 120 13 04 50
78.475 244 0.23
78.48 22 0.00
78.48 23 0.21
78.48 25 0.00
78.48 30 0.00
78.48 B1 5162.84 5162.84 
78.48 B3 5190.04 5190.04 
78.48 120 13 04 50
78.48 244 0.23
78.485 22 0.00
78.485 23 0.21
78.485 25 0.00
78.485 30 0.00
78.485 B1 5162.83 5162.83 
78.485 B3 5190.09 5190.09 
78.485 120 13 04 50
78.485 244 0.23
78.49 22 0.00
78.49 23 0.21
78.49 25 0.00
78.49 30 0.00
78.49 B1 5162.94 5162.94 
78.49 B3 5190.22 5190.22 
78.49 120 13 04 50
78.49 244 0.23
78.495 22 0.00
78.495 23 0.21
78.495 25 0.00
78.495 30 0.00
78.495 B1 5163.11 5163.11 
78.495 B3 5190.40 5190.40 
78.495 120 13 04 50
78.495 244 0.23
78.5 22 0.00
78.5 23 0.20
78.5 25 0.00
78.5 30 0.00
78.5 B1 5163.33 5163.33 
78.5 B3 5190.61 5190.61 
78.5 120 13 04 50
78.5 244 0.23
78.505 22 0.00
78.505 23 0.20
78.505 25 0.00
78.505 30 0.00
78.505 B1 5163.58 5163.58 
78.505 B3 5190.85 5190.85 
78.505 120 13 04 50
78.505 244 0.23
78.50999 22 0.00
78.50999 23 0.20
78.50999 25 0.00
78.50999 30 0.00
78.50999 B1 5163.84 5163.84 
78.50999 B3 5191.10 5191.10 
78.50999 120 13 04 50
78.50999 244 0.23
78.515 22 0.00
78.515 23 0.20
78.515 25 0.00
78.515 30 0.00
78.515 B1 5164.12 5164.12 
78.515 B3 5191.37 5191.37 
78.515 120 13 04 50
78.515 244 0.23
78.52 22 0.00
78.52 23 0.20
78.52 25 0.00
78.52 30 0.00
78.52 B1 5164.40 5164.40 
78.52 B3 5191.64 5191.64 
78.52 120 13 04 50
78.52 244 0.23
78.525 22 0.00
78.525 23 0.20
78.525 25 0.00
78.525 30 0.00
78.525 B1 5164.68 5164.68 
78.525 B3 5191.92 5191.92 
78.525 120 13 04 50
78.525 244 0.23
78.53 22 0.00
78.53 23 0.20
78.53 25 0.00
78.53 30 0.00
78.53 B1 5164.97 5164.97 
78.53 B3 5192.20 5192.20 
78.53 120 13 04 50
78.53 244 0.23
78.535 22 0.00
78.535 23 0.20
78.535 25 0.00
78.535 30 0.00
78.535 B1 5165.26 5165.26 
78.535 B3 5192.49 5192.49 
78.535 120 13 04 50
78.535 244 0.23
78.54 22 0.00
78.54 23 0.20
78.54 25 0.00
78.54 30 0.00
78.54 B1 5165.55 5165.55 
78.54 B3 5192.78 5192.78 
78.54 120 13 04 50
78.54 244 0.23
78.545 22 0.00
78.545 23 0.20
78.545 25 0.00
78.545 30 0.00
78.545 B1 5165.84 5165.84 
78.545 B3 5193.06 5193.06 
78.545 120 13 04 50
78.545 244 0.23
78.55 22 0.00
78.55 23 0.20
78.55 25 0.00
78.55 30 0.00
78.55 B1 5166.13 5166.13 
78.55 B3 5193.35 5193.35 
78.55 120 13 04 50
78.55 244 0.23
78.555 22 0.00
78.555 23 0.20
78.555 25 0.00
78.555 30 0.00
78.555 B1 5166.42 5166.42 
78.555 B3 5193.64 5193.64 
78.555 120 13 04 50
78.555 244 0.23
78.56 22 0.00
78.56 23 0.20
78.56 25 0.00
78.56 30 0.00
78.56 B1 5166.71 5166.71 
78.56 B3 5193.93 5193.93 
78.56 120 13 04 50
78.56 244 0.23
78.56499 22 0.00
78.56499 23 0.20
78.56499 25 0.00
78.56499 30 0.00
78.56499 B1 5167.00 5167.00 
78.56499 B3 5194.22 5194.22 
78.56499 120 13 04 50
78.56499 244 0.23
78.57 22 0.00
78.57 23 0.20
78.57 25 0.00
78.57 30 0.00
78.57 B1 5167.28 5167.28 
78.57 B3 5194.51 5194.51 
78.57 120 13 04 50
78.57 244 0.23
78.575 22 0.00
78.575 23 0.20
78.575 25 0.00
78.575 30 0.00
78.575 B1 5167.58 5167.58 
78.575 B3 5194.80 5194.80 
78.575 120 13 04 50
78.575 244 0.23
78.58 22 0.00
78.58 23 0.20
78.58 25 0.00
78.58 30 0.00
78.58 B1 5167.86 5167.86 
78.58 B3 5195.09 5195.09 
78.58 120 13 04 50
78.58 244 0.23
78.585 22 0.00
78.585 23 0.20
78.585 25 0.00
78.585 30 0.00
78.585 B1 5166.83 5166.83 
78.585 B3 5194.19 5194.19 
78.585 120 13 04 50
78.585 244 0.23
78.59 22 0.00
78.59 23 0.19
78.59 25 0.00
78.59 30 0.00
78.59 B1 5166.28 5166.28 
78.59 B3 5193.63 5193.63 
78.59 120 13 04 50
78.59 244 0.23
78.595 22 0.00
78.595 23 0.19
78.595 25 0.00
78.595 30 0.00
78.595 B1 5166.03 5166.03 
78.595 B3 5193.32 5193.32 
78.595 120 13 04 50
78.595 244 0.23
78.6 22 0.00
78.6 23 0.18
78.6 25 0.00
78.6 30 0.00
78.6 B1 5167.29 5167.29 
78.6 B3 5194.37 5194.37 
78.6 120 13 04 50
78.6 244 0.23
78.605 22 0.00
78.605 23 0.19
78.605 25 0.00
78.605 30 0.00
78.605 B1 5168.18 5168.18 
78.605 B3 5195.19 5195.19 
78.605 120 13 04 50
78.605 244 0.23
78.61 22 0.00
78.61 23 0.19
78.61 25 0.00
78.61 30 0.00
78.61 B1 5167.52 5167.52 
78.61 B3 5194.65 5194.65 
78.61 120 13 04 50
78.61 244 0.23
78.615 22 0.00
78.615 23 0.19
78.615 25 0.00
78.615 30 0.00
78.615 B1 5167.20 5167.20 
78.615 B3 5194.35 5194.35 
78.615 120 13 04 50
78.615 244 0.23
78.62 22 0.00
78.62 23 0.18
78.62 25 0.00
78.62 30 0.00
78.62 B1 5167.09 5167.09 
78.62 B3 5194.21 5194.21 
78.62 120 13 04 50
78.62 244 0.23
78.625 22 0.00
78.625 23 0.18
78.625 25 0.00
78.625 30 0.00
78.625 B1 5167.12 5167.12 
78.625 B3 5194.19 5194.19 
78.625 120 13 04 50
78.625 244 0.23
78.63 22 0.00
78.63 23 0.18
78.63 25 0.00
78.63 30 0.00
78.63 B1 5167.22 5167.22 
78.63 B3 5194.24 5194.24 
78.63 120 13 04 50
78.63 244 0.23
78.63499 22 0.00
78.63499 23 0.18
78.63499 25 0.00
78.63499 30 0.00
78.63499 B1 5167.38 5167.38 
78.63499 B3 5194.35 5194.35 
78.63499 120 13 04 50
78.63499 244 0.23
78.64 22 0.00
78.64 23 0.18
78.64 25 0.00
78.64 30 0.00
78.64 B1 5167.56 5167.56 
78.64 B3 5194.50 5194.50 
78.64 120 13 04 50
78.64 244 0.23
78.645 22 0.00
78.645 23 0.17
78.645 25 0.00
78.645 30 0.00
78.645 B1 5167.77 5167.77 
78.645 B3 5194.68 5194.68 
78.645 120 13 04 50
78.645 244 0.23
78.65 22 0.00
78.65 23 0.17
78.65 25 0.00
78.65 30 0.00
78.65 B1 5167.99 5167.99 
78.65 B3 5194.87 5194.87 
78.65 120 13 04 50
78.65 244 0.23
78.655 22 0.00
78.655 23 0.17
78.655 25 0.00
78.655 30 0.00
78.655 B1 5168.22 5168.22 
78.655 B3 5195.08 5195.08 
78.655 120 13 04 50
78.655 244 0.23
78.66 22 0.00
78.66 23 0.17
78.66 25 0.00
78.66 30 0.00
78.66 B1 5168.45 5168.45 
78.66 B3 5195.30 5195.30 
78.66 120 13 04 50
78.66 244 0.22
78.665 22 0.00
78.665 23 0.17
78.665 25 0.00
78.665 30 0.00
78.665 B1 5167.36 5167.36 
78.665 B3 5194.32 5194.32 
78.665 120 13 04 50
78.665 244 0.22
78.67 22 0.00
78.67 23 0.16
78.67 25 0.00
78.67 30 0.00
78.67 B1 5166.75 5166.75 
78.67 B3 5193.71 5193.71 
78.67 120 13 04 50
78.67 244 0.22
78.675 22 0.00
78.675 23 0.16
78.675 25 0.00
78.675 30 0.00
78.675 B1 5166.45 5166.45 
78.675 B3 5193.33 5193.33 
78.675 120 13 04 50
78.675 244 0.22
78.68 22 0.00
78.68 23 0.15
78.68 25 0.00
78.68 30 0.00
78.68 B1 5166.33 5166.33 
78.68 B3 5193.13 5193.13 
78.68 120 13 04 50
78.68 244 0.22
78.685 22 0.00
78.685 23 0.15
78.685 25 0.00
78.685 30 0.00
78.685 B1 5166.33 5166.33 
78.685 B3 5193.04 5193.04 
78.685 120 13 04 50
78.685 244 0.22
78.68999 22 0.00
78.68999 23 0.15
78.68999 25 0.00
78.68999 30 0.00
78.68999 B1 5166.40 5166.40 
78.68999 B3 5193.04 5193.04 
78.68999 120 13 04 50
78.68999 244 0.22
78.695 22 0.00
78.695 23 0.15
78.695 25 0.00
78.695 30 0.00
78.695 B1 5166.52 5166.52 
78.695 B3 5193.09 5193.09 
78.695 120 13 04 50
78.695 244 0.22
78.7 22 0.00
78.7 23 0.15
78.7 25 0.00
78.7 30 0.00
78.7 B1 5166.66 5166.66 
78.7 B3 5193.19 5193.19 
78.7 120 13 04 50
78.7 244 0.22
78.705 22 0.00
78.705 23 0.15
78.705 25 0.00
78.705 30 0.00
78.705 B1 5166.82 5166.82 
78.705 B3 5193.31 5193.31 
78.705 120 13 04 50
78.705 244 0.22
78.71 22 0.00
78.71 23 0.15
78.71 25 0.00
78.71 30 0.00
78.71 B1 5166.99 5166.99 
78.71 B3 5193.45 5193.45 
78.71 120 13 04 50
78.71 244 0.22
78.715 22 0.00
78.715 23 0.15
78.715 25 0.00
78.715 30 0.00
78.715 B1 5165.84 5165.84 
78.715 B3 5192.41 5192.41 
78.715 120 13 04 50
78.715 244 0.22
78.72 22 0.00
78.72 23 0.14
78.72 25 0.00
78.72 30 0.00
78.72 B1 5165.18 5165.18 
78.72 B3 5191.72 5191.72 
78.72 120 13 04 50
78.72 244 0.22
78.725 22 0.00
78.725 23 0.13
78.725 25 0.00
78.725 30 0.00
78.725 B1 5164.82 5164.82 
78.725 B3 5191.29 5191.29 
78.725 120 13 04 50
78.725 244 0.22
78.73 22 0.00
78.73 23 0.13
78.73 25 0.00
78.73 30 0.00
78.73 B1 5164.65 5164.65 
78.73 B3 5191.03 5191.03 
78.73 120 13 04 50
78.73 244 0.22
78.735 22 0.00
78.735 23 0.12
78.735 25 0.00
78.735 30 0.00
78.735 B1 5164.60 5164.60 
78.735 B3 5190.89 5190.89 
78.735 120 13 04 50
78.735 244 0.22
78.74 22 0.00
78.74 23 0.12
78.74 25 0.00
78.74 30 0.00
78.74 B1 5164.62 5164.62 
78.74 B3 5190.83 5190.83 
78.74 120 13 04 50
78.74 244 0.22
78.745 22 0.00
78.745 23 0.12
78.745 25 0.00
78.745 30 0.00
78.745 B1 5163.36 5163.36 
78.745 B3 5189.63 5189.63 
78.745 120 13 04 50
78.745 244 0.22
78.75 22 0.00
78.75 23 0.11
78.75 25 0.00
78.75 30 0.00
78.75 B1 5162.61 5162.61 
78.75 B3 5188.83 5188.83 
78.75 120 13 04 50
78.75 244 0.22
78.755 22 0.00
78.755 23 0.11
78.755 25 0.00
78.755 30 0.00
78.755 B1 5162.18 5162.18 
78.755 B3 5188.29 5188.29 
78.755 120 13 04 50
78.755 244 0.22
78.75999 22 0.00
78.75999 23 0.10
78.75999 25 0.00
78.75999 30 0.00
78.75999 B1 5161.94 5161.94 
78.75999 B3 5187.94 5187.94 
78.75999 120 13 04 50
78.75999 244 0.22
78.765 22 0.00
78.765 23 0.10
78.765 25 0.00
78.765 30 0.00
78.765 B1 5161.83 5161.83 
78.765 B3 5187.73 5187.73 
78.765 120 13 04 50
78.765 244 0.22
78.77 22 0.00
78.77 23 0.10
78.77 25 0.00
78.77 30 0.00
78.77 B1 5161.79 5161.79 
78.77 B3 5187.60 5187.60 
78.77 120 13 04 50
78.77 244 0.22
78.775 22 0.00
78.775 23 0.09
78.775 25 0.00
78.775 30 0.00
78.775 B1 5161.80 5161.80 
78.775 B3 5187.54 5187.54 
78.775 120 13 04 50
78.775 244 0.21
78.78 22 0.00
78.78 23 0.09
78.78 25 0.00
78.78 30 0.00
78.78 B1 5159.20 5159.20 
78.78 B3 5185.13 5185.13 
78.78 120 13 04 50
78.78 244 0.21
78.785 22 0.00
78.785 23 0.07
78.785 25 0.00
78.785 30 0.00
78.785 B1 5157.57 5157.57 
78.785 B3 5183.44 5183.44 
78.785 120 13 04 50
78.785 244 0.21
78.79 22 0.00
78.79 23 0.06
78.79 25 0.00
78.79 30 0.00
78.79 B1 5156.56 5156.56 
78.79 B3 5182.27 5182.27 
78.79 120 13 04 50
78.79 244 0.21
78.795 22 0.00
78.795 23 0.05
78.795 25 0.00
78.795 30 0.00
78.795 B1 5155.92 5155.92 
78.795 B3 5181.44 5181.44 
78.795 120 13 04 50
78.795 244 0.21
78.8 22 0.00
78.8 23 0.05
78.8 25 0.00
78.8 30 0.00
78.8 B1 5156.84 5156.84 
78.8 B3 5182.06 5182.06 
78.8 120 13 04 50
78.8 244 0.21
78.805 22 0.00
78.805 23 0.05
78.805 25 0.00
78.805 30 0.00
78.805 B1 5156.11 5156.11 
78.805 B3 5181.30 5181.30 
78.805 120 13 04 50
78.805 244 0.21
78.81 22 0.00
78.81 23 0.05
78.81 25 0.00
78.81 30 0.00
78.81 B1 5156.97 5156.97 
78.81 B3 5181.96 5181.96 
78.81 120 13 04 50
78.81 244 0.21
78.81499 22 0.00
78.81499 23 0.05
78.81499 25 0.00
78.81499 30 0.00
78.81499 B1 5157.52 5157.52 
78.81499 B3 5182.43 5182.43 
78.81499 120 13 04 50
78.81499 244 0.21
78.82 22 0.00
78.82 23 0.06
78.82 25 0.00
78.82 30 0.00
78.82 B1 5157.88 5157.88 
78.82 B3 5182.77 5182.77 
78.82 120 13 04 50
78.82 244 0.21
78.825 22 0.00
78.825 23 0.06
78.825 25 0.00
78.825 30 0.00
78.825 B1 5158.12 5158.12 
78.825 B3 5183.01 5183.01 
78.825 120 13 04 50
78.825 244 0.21
78.83 22 0.00
78.83 23 0.06
78.83 25 0.00
78.83 30 0.00
78.83 B1 5158.28 5158.28 
78.83 B3 5183.19 5183.19 
78.83 120 13 04 50
78.83 244 0.21
78.835 22 0.00
78.835 23 0.06
78.835 25 0.00
78.835 30 0.00
78.835 B1 5158.39 5158.39 
78.835 B3 5183.33 5183.33 
78.835 120 13 04 50
78.835 244 0.21
78.84 22 0.00
78.84 23 0.06
78.84 25 0.00
78.84 30 0.00
78.84 B1 5158.48 5158.48 
78.84 B3 5183.43 5183.43 
78.84 120 13 04 50
78.84 244 0.21
78.845 22 0.00
78.845 23 0.06
78.845 25 0.00
78.845 30 0.00
78.845 B1 5158.54 5158.54 
78.845 B3 5183.52 5183.52 
78.845 120 13 04 50
78.845 244 0.21
78.85 22 0.00
78.85 23 0.06
78.85 25 0.00
78.85 30 0.00
78.85 B1 5158.60 5158.60 
78.85 B3 5183.59 5183.59 
78.85 120 13 04 50
78.85 244 0.21
78.855 22 0.00
78.855 23 0.06
78.855 25 0.00
78.855 30 0.00
78.855 B1 5158.65 5158.65 
78.855 B3 5183.65 5183.65 
78.855 120 13 04 50
78.855 244 0.21
78.86 22 0.00
78.86 23 0.07
78.86 25 0.00
78.86 30 0.00
78.86 B1 5157.37 5157.37 
78.86 B3 5182.50 5182.50 
78.86 120 13 04 50
78.86 244 0.21
78.865 22 0.00
78.865 23 0.06
78.865 25 0.00
78.865 30 0.00
78.865 B1 5156.57 5156.57 
78.865 B3 5181.70 5181.70 
78.865 120 13 04 50
78.865 244 0.21
78.87 22 0.00
78.87 23 0.05
78.87 25 0.00
78.87 30 0.00
78.87 B1 5157.38 5157.38 
78.87 B3 5182.33 5182.33 
78.87 120 13 04 50
78.87 244 0.21
78.875 22 0.00
78.875 23 0.06
78.875 25 0.00
78.875 30 0.00
78.875 B1 5156.58 5156.58 
78.875 B3 5181.59 5181.59 
78.875 120 13 04 50
78.875 244 0.21
78.88 22 0.00
78.88 23 0.05
78.88 25 0.00
78.88 30 0.00
78.88 B1 5156.08 5156.08 
78.88 B3 5181.07 5181.07 
78.88 120 13 04 50
78.88 244 0.21
78.88499 22 0.00
78.88499 23 0.05
78.88499 25 0.00
78.88499 30 0.00
78.88499 B1 5157.08 5157.08 
78.88499 B3 5181.89 5181.89 
78.88499 120 13 04 50
78.88499 244 0.21
78.89 22 0.00
78.89 23 0.05
78.89 25 0.00
78.89 30 0.00
78.89 B1 5157.72 5157.72 
78.89 B3 5182.48 5182.48 
78.89 120 13 04 50
78.89 244 0.21
78.895 22 0.00
78.895 23 0.06
78.895 25 0.00
78.895 30 0.00
78.895 B1 5158.14 5158.14 
78.895 B3 5182.90 5182.90 
78.895 120 13 04 50
78.895 244 0.21
78.9 22 0.00
78.9 23 0.06
78.9 25 0.00
78.9 30 0.00
78.9 B1 5158.40 5158.40 
78.9 B3 5183.20 5183.20 
78.9 120 13 04 50
78.9 244 0.21
78.905 22 0.00
78.905 23 0.06
78.905 25 0.00
78.905 30 0.00
78.905 B1 5158.59 5158.59 
78.905 B3 5183.42 5183.42 
78.905 120 13 04 50
78.905 244 0.21
78.91 22 0.00
78.91 23 0.06
78.91 25 0.00
78.91 30 0.00
78.91 B1 5158.71 5158.71 
78.91 B3 5183.59 5183.59 
78.91 120 13 04 50
78.91 244 0.21
78.915 22 0.00
78.915 23 0.06
78.915 25 0.00
78.915 30 0.00
78.915 B1 5158.80 5158.80 
78.915 B3 5183.71 5183.71 
78.915 120 13 04 50
78.915 244 0.21
78.92 22 0.00
78.92 23 0.06
78.92 25 0.00
78.92 30 0.00
78.92 B1 5158.87 5158.87 
78.92 B3 5183.81 5183.81 
78.92 120 13 04 50
78.92 244 0.21
78.925 22 0.00
78.925 23 0.06
78.925 25 0.00
78.925 30 0.00
78.925 B1 5158.93 5158.93 
78.925 B3 5183.89 5183.89 
78.925 120 13 04 50
78.925 244 0.21
78.93 22 0.00
78.93 23 0.06
78.93 25 0.00
78.93 30 0.00
78.93 B1 5158.98 5158.98 
78.93 B3 5183.96 5183.96 
78.93 120 13 04 50
78.93 244 0.21
78.935 22 0.00
78.935 23 0.07
78.935 25 0.00
78.935 30 0.00
78.935 B1 5157.70 5157.70 
78.935 B3 5182.82 5182.82 
78.935 120 13 04 50
78.935 244 0.21
78.93999 22 0.00
78.93999 23 0.06
78.93999 25 0.00
78.93999 30 0.00
78.93999 B1 5156.90 5156.90 
78.93999 B3 5182.02 5182.02 
78.93999 120 13 04 50
78.93999 244 0.21
78.945 22 0.00
78.945 23 0.05
78.945 25 0.00
78.945 30 0.00
78.945 B1 5157.71 5157.71 
78.945 B3 5182.66 5182.66 
78.945 120 13 04 50
78.945 244 0.21
78.95 22 0.00
78.95 23 0.06
78.95 25 0.00
78.95 30 0.00
78.95 B1 5158.24 5158.24 
78.95 B3 5183.11 5183.12 
78.95 120 13 04 50
78.95 244 0.21
78.955 22 0.00
78.955 23 0.06
78.955 25 0.00
78.955 30 0.00
78.955 B1 5158.57 5158.57 
78.955 B3 5183.44 5183.44 
78.955 120 13 04 50
78.955 244 0.21
78.96 22 0.00
78.96 23 0.06
78.96 25 0.00
78.96 30 0.00
78.96 B1 5157.48 5157.48 
78.96 B3 5182.48 5182.48 
78.96 120 13 04 50
78.96 244 0.21
78.965 22 0.00
78.965 23 0.05
78.965 25 0.00
78.965 30 0.00
78.965 B1 5156.79 5156.79 
78.965 B3 5181.81 5181.81 
78.965 120 13 04 50
78.965 244 0.21
78.97 22 0.00
78.97 23 0.05
78.97 25 0.00
78.97 30 0.00
78.97 B1 5157.67 5157.67 
78.97 B3 5182.54 5182.54 
78.97 120 13 04 50
78.97 244 0.21
78.975 22 0.00
78.975 23 0.05
78.975 25 0.00
78.975 30 0.00
78.975 B1 5158.24 5158.24 
78.975 B3 5183.05 5183.05 
78.975 120 13 04 50
78.975 244 0.21
78.98 22 0.00
78.98 23 0.06
78.98 25 0.00
78.98 30 0.00
78.98 B1 5157.28 5157.28 
78.98 B3 5182.23 5182.23 
78.98 120 13 04 50
78.98 244 0.21
78.985 22 0.00
78.985 23 0.05
78.985 25 0.00
78.985 30 0.00
78.985 B1 5158.00 5158.00 
78.985 B3 5182.84 5182.84 
78.985 120 13 04 50
78.985 244 0.21
78.99 22 0.00
78.99 23 0.06
78.99 25 0.00
78.99 30 0.00
78.99 B1 5158.47 5158.47 
78.99 B3 5183.28 5183.28 
78.99 120 13 04 50
78.99 244 0.21
78.995 22 0.00
78.995 23 0.06
78.995 25 0.00
78.995 30 0.00
78.995 B1 5158.77 5158.77 
78.995 B3 5183.60 5183.60 
78.995 120 13 04 50
78.995 244 0.21
79 22 0.00
79 23 0.06
79 25 0.00
79 30 0.00
79 B1 5158.97 5158.97 
79 B3 5183.83 5183.83 
79 120 13 04 50
79 244 0.21
79.005 22 0.00
79.005 23 0.06
79.005 25 0.00
79.005 30 0.00
79.005 B1 5159.11 5159.11 
79.005 B3 5184.00 5184.00 
79.005 120 13 04 50
79.005 244 0.21
79.00999 22 0.00
79.00999 23 0.06
79.00999 25 0.00
79.00999 30 0.00
79.00999 B1 5159.20 5159.20 
79.00999 B3 5184.13 5184.13 
79.00999 120 13 04 50
79.00999 244 0.22
79.015 22 0.00
79.015 23 0.06
79.015 25 0.00
79.015 30 0.00
79.015 B1 5160.60 5160.60 
79.015 B3 5185.43 5185.43 
79.015 120 13 04 50
79.015 244 0.21
79.02 22 0.00
79.02 23 0.07
79.02 25 0.00
79.02 30 0.00
79.02 B1 5160.18 5160.18 
79.02 B3 5185.17 5185.17 
79.02 120 13 04 50
79.02 244 0.21
79.025 22 0.00
79.025 23 0.07
79.025 25 0.00
79.025 30 0.00
79.025 B1 5159.93 5159.93 
79.025 B3 5184.99 5184.99 
79.025 120 13 04 50
79.025 244 0.21
79.03 22 0.00
79.03 23 0.07
79.03 25 0.00
79.03 30 0.00
79.03 B1 5159.79 5159.79 
79.03 B3 5184.88 5184.88 
79.03 120 13 04 50
79.03 244 0.21
79.035 22 0.00
79.035 23 0.07
79.035 25 0.00
79.035 30 0.00
79.035 B1 5159.71 5159.71 
79.035 B3 5184.82 5184.82 
79.035 120 13 04 50
79.035 244 0.21
79.04 22 0.00
79.04 23 0.07
79.04 25 0.00
79.04 30 0.00
79.04 B1 5159.67 5159.67 
79.04 B3 5184.78 5184.78 
79.04 120 13 04 50
79.04 244 0.21
79.045 22 0.00
79.045 23 0.07
79.045 25 0.00
79.045 30 0.00
79.045 B1 5159.66 5159.67 
79.045 B3 5184.77 5184.77 
79.045 120 13 04 50
79.045 244 0.21
79.05 22 0.00
79.05 23 0.07
79.05 25 0.00
79.05 30 0.00
79.05 B1 5159.67 5159.67 
79.05 B3 5184.77 5184.77 
79.05 120 13 04 50
79.05 244 0.21
79.055 22 0.00
79.055 23 0.07
79.055 25 0.00
79.055 30 0.00
79.055 B1 5159.69 5159.69 
79.055 B3 5184.78 5184.78 
79.055 120 13 04 50
79.055 244 0.21
79.06 22 0.00
79.06 23 0.07
79.06 25 0.00
79.06 30 0.00
79.06 B1 5159.71 5159.71 
79.06 B3 5184.80 5184.80 
79.06 120 13 04 50
79.06 244 0.21
79.06499 22 0.00
79.06499 23 0.07
79.06499 25 0.00
79.06499 30 0.00
79.06499 B1 5159.74 5159.74 
79.06499 B3 5184.82 5184.82 
79.06499 120 13 04 50
79.06499 244 0.21
79.07 22 0.00
79.07 23 0.07
79.07 25 0.00
79.07 30 0.00
79.07 B1 5159.77 5159.77 
79.07 B3 5184.85 5184.85 
79.07 120 13 04 50
79.07 244 0.21
79.075 22 0.00
79.075 23 0.07
79.075 25 0.00
79.075 30 0.00
79.075 B1 5159.81 5159.81 
79.075 B3 5184.88 5184.88 
79.075 120 13 04 50
79.075 244 0.21
79.08 22 0.00
79.08 23 0.07
79.08 25 0.00
79.08 30 0.00
79.08 B1 5159.84 5159.84 
79.08 B3 5184.91 5184.91 
79.08 120 13 04 50
79.08 244 0.22
79.085 22 0.00
79.085 23 0.07
79.085 25 0.00
79.085 30 0.00
79.085 B1 5161.19 5161.19 
79.085 B3 5186.14 5186.14 
79.085 120 13 04 50
79.085 244 0.22
79.09 22 0.00
79.09 23 0.07
79.09 25 0.00
79.09 30 0.00
79.09 B1 5162.07 5162.07 
79.09 B3 5187.02 5187.02 
79.09 120 13 04 50
79.09 244 0.22
79.095 22 0.00
79.095 23 0.08
79.095 25 0.00
79.095 30 0.00
79.095 B1 5162.65 5162.65 
79.095 B3 5187.66 5187.66 
79.095 120 13 04 50
79.095 244 0.21
79.1 22 0.00
79.1 23 0.08
79.1 25 0.00
79.1 30 0.00
79.1 B1 5161.72 5161.72 
79.1 B3 5186.93 5186.93 
79.1 120 13 04 50
79.1 244 0.21
79.105 22 0.00
79.105 23 0.08
79.105 25 0.00
79.105 30 0.00
79.105 B1 5161.15 5161.15 
79.105 B3 5186.44 5186.44 
79.105 120 13 04 50
79.105 244 0.21
79.11 22 0.00
79.11 23 0.07
79.11 25 0.00
79.11 30 0.00
79.11 B1 5160.81 5160.81 
79.11 B3 5186.11 5186.11 
79.11 120 13 04 50
79.11 244 0.21
79.115 22 0.00
79.115 23 0.07
79.115 25 0.00
79.115 30 0.00
79.115 B1 5160.61 5160.61 
79.115 B3 5185.89 5185.89 
79.115 120 13 04 50
79.115 244 0.21
79.12 22 0.00
79.12 23 0.07
79.12 25 0.00
79.12 30 0.00
79.12 B1 5160.49 5160.49 
79.12 B3 5185.75 5185.75 
79.12 120 13 04 50
79.12 244 0.21
79.125 22 0.00
79.125 23 0.07
79.125 25 0.00
79.125 30 0.00
79.125 B1 5160.44 5160.44 
79.125 B3 5185.66 5185.66 
79.125 120 13 04 50
79.125 244 0.21
79.13 22 0.00
79.13 23 0.07
79.13 25 0.00
79.13 30 0.00
79.13 B1 5160.42 5160.42 
79.13 B3 5185.60 5185.60 
79.13 120 13 04 50
79.13 244 0.21
79.13499 22 0.00
79.13499 23 0.07
79.13499 25 0.00
79.13499 30 0.00
79.13499 B1 5160.42 5160.42 
79.13499 B3 5185.58 5185.58 
79.13499 120 13 04 50
79.13499 244 0.21
79.14 22 0.00
79.14 23 0.07
79.14 25 0.00
79.14 30 0.00
79.14 B1 5160.43 5160.43 
79.14 B3 5185.57 5185.57 
79.14 120 13 04 50
79.14 244 0.21
79.145 22 0.00
79.145 23 0.07
79.145 25 0.00
79.145 30 0.00
79.145 B1 5160.45 5160.45 
79.145 B3 5185.57 5185.57 
79.145 120 13 04 50
79.145 244 0.21
79.15 22 0.00
79.15 23 0.07
79.15 25 0.00
79.15 30 0.00
79.15 B1 5160.48 5160.48 
79.15 B3 5185.59 5185.59 
79.15 120 13 04 50
79.15 244 0.21
79.155 22 0.00
79.155 23 0.07
79.155 25 0.00
79.155 30 0.00
79.155 B1 5160.51 5160.51 
79.155 B3 5185.61 5185.61 
79.155 120 13 04 50
79.155 244 0.21
79.16 22 0.00
79.16 23 0.07
79.16 25 0.00
79.16 30 0.00
79.16 B1 5160.54 5160.54 
79.16 B3 5185.63 5185.63 
79.16 120 13 04 50
79.16 244 0.21
79.165 22 0.00
79.165 23 0.07
79.165 25 0.00
79.165 30 0.00
79.165 B1 5160.57 5160.57 
79.165 B3 5185.66 5185.66 
79.165 120 13 04 50
79.165 244 0.21
79.17 22 0.00
79.17 23 0.06
79.17 25 0.00
79.17 30 0.00
79.17 B1 5160.60 5160.60 
79.17 B3 5185.69 5185.69 
79.17 120 13 04 50
79.17 244 0.21
79.175 22 0.00
79.175 23 0.06
79.175 25 0.00
79.175 30 0.00
79.175 B1 5160.64 5160.64 
79.175 B3 5185.72 5185.72 
79.175 120 13 04 50
79.175 244 0.21
79.18 22 0.00
79.18 23 0.06
79.18 25 0.00
79.18 30 0.00
79.18 B1 5160.67 5160.67 
79.18 B3 5185.75 5185.75 
79.18 120 13 04 50
79.18 244 0.21
79.185 22 0.00
79.185 23 0.06
79.185 25 0.00
79.185 30 0.00
79.185 B1 5160.71 5160.71 
79.185 B3 5185.78 5185.78 
79.185 120 13 04 50
79.185 244 0.21
79.18999 22 0.00
79.18999 23 0.06
79.18999 25 0.00
79.18999 30 0.00
79.18999 B1 5160.74 5160.74 
79.18999 B3 5185.82 5185.82 
79.18999 120 13 04 50
79.18999 244 0.22
79.195 22 0.00
79.195 23 0.06
79.195 25 0.00
79.195 30 0.00
79.195 B1 5162.09 5162.09 
79.195 B3 5187.05 5187.05 
79.195 120 13 04 50
79.195 244 0.22
79.2 22 0.00
79.2 23 0.07
79.2 25 0.00
79.2 30 0.00
79.2 B1 5162.97 5162.97 
79.2 B3 5187.93 5187.93 
79.2 120 13 04 50
79.2 244 0.22
79.205 22 0.00
79.205 23 0.08
79.205 25 0.00
79.205 30 0.00
79.205 B1 5163.55 5163.55 
79.205 B3 5188.56 5188.56 
79.205 120 13 04 50
79.205 244 0.22
79.21 22 0.00
79.21 23 0.08
79.21 25 0.00
79.21 30 0.00
79.21 B1 5163.94 5163.94 
79.21 B3 5189.03 5189.04 
79.21 120 13 04 50
79.21 244 0.22
79.215 22 0.00
79.215 23 0.09
79.215 25 0.00
79.215 30 0.00
79.215 B1 5164.21 5164.21 
79.215 B3 5189.39 5189.39 
79.215 120 13 04 50
79.215 244 0.22
79.22 22 0.00
79.22 23 0.09
79.22 25 0.00
79.22 30 0.00
79.22 B1 5164.41 5164.41 
79.22 B3 5189.66 5189.66 
79.22 120 13 04 50
79.22 244 0.22
79.225 22 0.00
79.225 23 0.09
79.225 25 0.00
79.225 30 0.00
79.225 B1 5164.57 5164.57 
79.225 B3 5189.88 5189.88 
79.225 120 13 04 50
79.225 244 0.22
79.23 22 0.00
79.23 23 0.09
79.23 25 0.00
79.23 30 0.00
79.23 B1 5164.70 5164.70 
79.23 B3 5190.05 5190.05 
79.23 120 13 04 50
79.23 244 0.22
79.235 22 0.00
79.235 23 0.09
79.235 25 0.00
79.235 30 0.00
79.235 B1 5164.81 5164.81 
79.235 B3 5190.20 5190.20 
79.235 120 13 04 50
79.235 244 0.22
79.24 22 0.00
79.24 23 0.09
79.24 25 0.00
79.24 30 0.00
79.24 B1 5164.91 5164.91 
79.24 B3 5190.33 5190.33 
79.24 120 13 04 50
79.24 244 0.22
79.245 22 0.00
79.245 23 0.09
79.245 25 0.00
79.245 30 0.00
79.245 B1 5166.33 5166.33 
79.245 B3 5191.64 5191.64 
79.245 120 13 04 50
79.245 244 0.22
79.25 22 0.00
79.25 23 0.10
79.25 25 0.00
79.25 30 0.00
79.25 B1 5167.26 5167.26 
79.25 B3 5192.60 5192.60 
79.25 120 13 04 50
79.25 244 0.22
79.255 22 0.00
79.255 23 0.11
79.255 25 0.00
79.255 30 0.00
79.255 B1 5166.57 5166.57 
79.255 B3 5192.11 5192.11 
79.255 120 13 04 50
79.255 244 0.22
79.25999 22 0.00
79.25999 23 0.10
79.25999 25 0.00
79.25999 30 0.00
79.25999 B1 5166.17 5166.17 
79.25999 B3 5191.79 5191.79 
79.25999 120 13 04 50
79.25999 244 0.22
79.265 22 0.00
79.265 23 0.10
79.265 25 0.00
79.265 30 0.00
79.265 B1 5165.95 5165.95 
79.265 B3 5191.60 5191.60 
79.265 120 13 04 50
79.265 244 0.22
79.27 22 0.00
79.27 23 0.10
79.27 25 0.00
79.27 30 0.00
79.27 B1 5167.16 5167.16 
79.27 B3 5192.69 5192.69 
79.27 120 13 04 50
79.27 244 0.22
79.275 22 0.00
79.275 23 0.10
79.275 25 0.00
79.275 30 0.00
79.275 B1 5167.97 5167.97 
79.275 B3 5193.48 5193.48 
79.275 120 13 04 50
79.275 244 0.22
79.28 22 0.00
79.28 23 0.11
79.28 25 0.00
79.28 30 0.00
79.28 B1 5167.20 5167.20 
79.28 B3 5192.88 5192.88 
79.28 120 13 04 50
79.28 244 0.22
79.285 22 0.00
79.285 23 0.10
79.285 25 0.00
79.285 30 0.00
79.285 B1 5168.08 5168.08 
79.285 B3 5193.69 5193.69 
79.285 120 13 04 50
79.285 244 0.22
79.29 22 0.00
79.29 23 0.11
79.29 25 0.00
79.29 30 0.00
79.29 B1 5167.35 5167.35 
79.29 B3 5193.09 5193.09 
79.29 120 13 04 50
79.29 244 0.22
79.295 22 0.00
79.295 23 0.10
79.295 25 0.00
79.295 30 0.00
79.295 B1 5166.93 5166.93 
79.295 B3 5192.71 5192.71 
79.295 120 13 04 50
79.295 244 0.22
79.3 22 0.00
79.3 23 0.10
79.3 25 0.00
79.3 30 0.00
79.3 B1 5166.69 5166.69 
79.3 B3 5192.46 5192.46 
79.3 120 13 04 50
79.3 244 0.22
79.305 22 0.00
79.305 23 0.10
79.305 25 0.00
79.305 30 0.00
79.305 B1 5167.90 5167.90 
79.305 B3 5193.51 5193.51 
79.305 120 13 04 50
79.305 244 0.22
79.31 22 0.00
79.31 23 0.10
79.31 25 0.00
79.31 30 0.00
79.31 B1 5168.71 5168.71 
79.31 B3 5194.28 5194.28 
79.31 120 13 04 50
79.31 244 0.22
79.31499 22 0.00
79.31499 23 0.11
79.31499 25 0.00
79.31499 30 0.00
79.31499 B1 5169.25 5169.25 
79.31499 B3 5194.86 5194.86 
79.31499 120 13 04 50
79.31499 244 0.22
79.32 22 0.00
79.32 23 0.11
79.32 25 0.00
79.32 30 0.00
79.32 B1 5169.65 5169.65 
79.32 B3 5195.31 5195.31 
79.32 120 13 04 50
79.32 244 0.22
79.325 22 0.00
79.325 23 0.11
79.325 25 0.00
79.325 30 0.00
79.325 B1 5169.94 5169.94 
79.325 B3 5195.65 5195.65 
79.325 120 13 04 50
79.325 244 0.22
79.33 22 0.00
79.33 23 0.11
79.33 25 0.00
79.33 30 0.00
79.33 B1 5168.85 5168.85 
79.33 B3 5194.74 5194.74 
79.33 120 13 04 50
79.33 244 0.22
79.335 22 0.00
79.335 23 0.11
79.335 25 0.00
79.335 30 0.00
79.335 B1 5168.20 5168.20 
79.335 B3 5194.13 5194.13 
79.335 120 13 04 50
79.335 244 0.22
79.34 22 0.00
79.34 23 0.10
79.34 25 0.00
79.34 30 0.00
79.34 B1 5169.15 5169.15 
79.34 B3 5194.93 5194.93 
79.34 120 13 04 50
79.34 244 0.22
79.345 22 0.00
79.345 23 0.11
79.345 25 0.00
79.345 30 0.00
79.345 B1 5169.79 5169.79 
79.345 B3 5195.53 5195.53 
79.345 120 13 04 50
79.345 244 0.22
79.35 22 0.00
79.35 23 0.11
79.35 25 0.00
79.35 30 0.00
79.35 B1 5170.24 5170.24 
79.35 B3 5195.98 5195.98 
79.35 120 13 04 50
79.35 244 0.22
79.355 22 0.00
79.355 23 0.11
79.355 25 0.00
79.355 30 0.00
79.355 B1 5170.57 5170.57 
79.355 B3 5196.34 5196.34 
79.355 120 13 04 50
79.355 244 0.22
79.36 22 0.00
79.36 23 0.11
79.36 25 0.00
79.36 30 0.00
79.36 B1 5170.83 5170.83 
79.36 B3 5196.63 5196.63 
79.36 120 13 04 50
79.36 244 0.22
79.365 22 0.00
79.365 23 0.12
79.365 25 0.00
79.365 30 0.00
79.365 B1 5171.03 5171.03 
79.365 B3 5196.87 5196.87 
79.365 120 13 04 50
79.365 244 0.22
79.37 22 0.00
79.37 23 0.12
79.37 25 0.00
79.37 30 0.00
79.37 B1 5172.53 5172.53 
79.37 B3 5198.27 5198.27 
79.37 120 13 04 50
79.37 244 0.22
79.375 22 0.00
79.375 23 0.13
79.375 25 0.00
79.375 30 0.00
79.375 B1 5172.22 5172.22 
79.375 B3 5198.11 5198.11 
79.375 120 13 04 50
79.375 244 0.22
79.38 22 0.00
79.38 23 0.12
79.38 25 0.00
79.38 30 0.00
79.38 B1 5173.39 5173.39 
79.38 B3 5199.23 5199.23 
79.38 120 13 04 50
79.38 244 0.22
79.38499 22 0.00
79.38499 23 0.13
79.38499 25 0.00
79.38499 30 0.00
79.38499 B1 5174.18 5174.18 
79.38499 B3 5200.07 5200.07 
79.38499 120 13 04 50
79.38499 244 0.22
79.39 22 0.00
79.39 23 0.13
79.39 25 0.00
79.39 30 0.00
79.39 B1 5173.43 5173.43 
79.39 B3 5199.51 5199.51 
79.39 120 13 04 50
79.39 244 0.22
79.395 22 0.00
79.395 23 0.13
79.395 25 0.00
79.395 30 0.00
79.395 B1 5173.01 5173.01 
79.395 B3 5199.17 5199.17 
79.395 120 13 04 50
79.395 244 0.22
79.4 22 0.00
79.4 23 0.12
79.4 25 0.00
79.4 30 0.00
79.4 B1 5174.11 5174.11 
79.4 B3 5200.17 5200.17 
79.4 120 13 04 50
79.4 244 0.22
79.405 22 0.00
79.405 23 0.13
79.405 25 0.00
79.405 30 0.00
79.405 B1 5173.55 5173.55 
79.405 B3 5199.72 5199.72 
79.405 120 13 04 50
79.405 244 0.22
79.41 22 0.00
79.41 23 0.13
79.41 25 0.00
79.41 30 0.00
79.41 B1 5173.25 5173.25 
79.41 B3 5199.45 5199.45 
79.41 120 13 04 50
79.41 244 0.22
79.415 22 0.00
79.415 23 0.12
79.415 25 0.00
79.415 30 0.00
79.415 B1 5173.11 5173.11 
79.415 B3 5199.30 5199.30 
79.415 120 13 04 50
79.415 244 0.22
79.42 22 0.00
79.42 23 0.12
79.42 25 0.00
79.42 30 0.00
79.42 B1 5173.07 5173.07 
79.42 B3 5199.24 5199.24 
79.42 120 13 04 50
79.42 244 0.22
79.425 22 0.00
79.425 23 0.12
79.425 25 0.00
79.425 30 0.00
79.425 B1 5173.10 5173.10 
79.425 B3 5199.23 5199.23 
79.425 120 13 04 50
79.425 244 0.22
79.43 22 0.00
79.43 23 0.12
79.43 25 0.00
79.43 30 0.00
79.43 B1 5174.49 5174.49 
79.43 B3 5200.46 5200.46 
79.43 120 13 04 50
79.43 244 0.22
79.435 22 0.00
79.435 23 0.13
79.435 25 0.00
79.435 30 0.00
79.435 B1 5175.42 5175.42 
79.435 B3 5201.38 5201.38 
79.435 120 13 04 50
79.435 244 0.22
79.43999 22 0.00
79.43999 23 0.13
79.43999 25 0.00
79.43999 30 0.00
79.43999 B1 5176.07 5176.07 
79.43999 B3 5202.07 5202.07 
79.43999 120 13 04 50
79.43999 244 0.22
79.445 22 0.00
79.445 23 0.14
79.445 25 0.00
79.445 30 0.00
79.445 B1 5176.54 5176.54 
79.445 B3 5202.60 5202.60 
79.445 120 13 04 50
79.445 244 0.23
79.45 22 0.00
79.45 23 0.14
79.45 25 0.00
79.45 30 0.00
79.45 B1 5178.22 5178.22 
79.45 B3 5204.23 5204.23 
79.45 120 13 04 50
79.45 244 0.23
79.455 22 0.00
79.455 23 0.15
79.455 25 0.00
79.455 30 0.00
79.455 B1 5179.35 5179.35 
79.455 B3 5205.43 5205.43 
79.455 120 13 04 50
79.455 244 0.23
79.46 22 0.00
79.46 23 0.16
79.46 25 0.00
79.46 30 0.00
79.46 B1 5181.47 5181.47 
79.46 B3 5207.53 5207.53 
79.46 120 13 04 50
79.46 244 0.25
79.465 22 0.00
79.465 23 0.17
79.465 25 0.00
79.465 30 0.00
79.465 B1 5188.17 5188.17 
79.465 B3 5213.86 5213.86 
79.465 120 13 04 50
79.465 244 0.25
79.47 22 0.00
79.47 23 0.22
79.47 25 0.00
79.47 30 0.00
79.47 B1 5192.52 5192.52 
79.47 B3 5218.42 5218.42 
79.47 120 13 04 50
79.47 244 0.25
79.475 22 0.00
79.475 23 0.25
79.475 25 0.00
79.475 30 0.00
79.475 B1 5195.41 5195.41 
79.475 B3 5221.73 5221.73 
79.475 120 13 04 50
79.475 244 0.25
79.48 22 0.00
79.48 23 0.27
79.48 25 0.00
79.48 30 0.00
79.48 B1 5197.38 5197.38 
79.48 B3 5224.19 5224.19 
79.48 120 13 04 50
79.48 244 0.25
79.485 22 0.00
79.485 23 0.28
79.485 25 0.00
79.485 30 0.00
79.485 B1 5198.78 5198.78 
79.485 B3 5226.05 5226.05 
79.485 120 13 04 50
79.485 244 0.25
79.49 22 0.00
79.49 23 0.29
79.49 25 0.00
79.49 30 0.00
79.49 B1 5199.83 5199.83 
79.49 B3 5227.49 5227.49 
79.49 120 13 04 50
79.49 244 0.25
79.495 22 0.00
79.495 23 0.29
79.495 25 0.00
79.495 30 0.00
79.495 B1 5200.66 5200.66 
79.495 B3 5228.65 5228.65 
79.495 120 13 04 50
79.495 244 0.25
79.5 22 0.00
79.5 23 0.30
79.5 25 0.00
79.5 30 0.00
79.5 B1 5202.67 5202.67 
79.5 B3 5230.80 5230.80 
79.5 120 13 04 50
79.5 244 0.25
79.505 22 0.00
79.505 23 0.31
79.505 25 0.00
79.505 30 0.00
79.505 B1 5204.12 5204.12 
79.505 B3 5232.46 5232.46 
79.505 120 13 04 50
79.505 244 0.26
79.50999 22 0.00
79.50999 23 0.31
79.50999 25 0.00
79.50999 30 0.00
79.50999 B1 5206.54 5206.54 
79.50999 B3 5234.98 5234.98 
79.50999 120 13 04 50
79.50999 244 0.26
79.515 22 0.00
79.515 23 0.33
79.515 25 0.00
79.515 30 0.00
79.515 B1 5208.25 5208.25 
79.515 B3 5236.91 5236.91 
79.515 120 13 04 50
79.515 244 0.25
79.52 22 0.00
79.52 23 0.34
79.52 25 0.00
79.52 30 0.00
79.52 B1 5208.22 5208.22 
79.52 B3 5237.23 5237.23 
79.52 120 13 04 50
79.52 244 0.25
79.525 22 0.00
79.525 23 0.33
79.525 25 0.00
79.525 30 0.00
79.525 B1 5208.39 5208.39 
79.525 B3 5237.63 5237.63 
79.525 120 13 04 50
79.525 244 0.25
79.53 22 0.00
79.53 23 0.33
79.53 25 0.00
79.53 30 0.00
79.53 B1 5208.70 5208.70 
79.53 B3 5238.07 5238.07 
79.53 120 13 04 50
79.53 244 0.25
79.535 22 0.00
79.535 23 0.33
79.535 25 0.00
79.535 30 0.00
79.535 B1 5209.08 5209.08 
79.535 B3 5238.54 5238.54 
79.535 120 13 04 50
79.535 244 0.25
79.54 22 0.00
79.54 23 0.33
79.54 25 0.00
79.54 30 0.00
79.54 B1 5209.52 5209.52 
79.54 B3 5239.03 5239.03 
79.54 120 13 04 50
79.54 244 0.25
79.545 22 0.00
79.545 23 0.33
79.545 25 0.00
79.545 30 0.00
79.545 B1 5209.99 5209.99 
79.545 B3 5239.53 5239.53 
79.545 120 13 04 50
79.545 244 0.25
79.55 22 0.00
79.55 23 0.33
79.55 25 0.00
79.55 30 0.00
79.55 B1 5210.48 5210.48 
79.55 B3 5240.04 5240.04 
79.55 120 13 04 50
79.55 244 0.25
79.555 22 0.00
79.555 23 0.33
79.555 25 0.00
79.555 30 0.00
79.555 B1 5210.98 5210.98 
79.555 B3 5240.56 5240.56 
79.555 120 13 04 50
79.555 244 0.25
79.56 22 0.00
79.56 23 0.33
79.56 25 0.00
79.56 30 0.00
79.56 B1 5211.49 5211.49 
79.56 B3 5241.09 5241.09 
79.56 120 13 04 50
79.56 244 0.25
79.56499 22 0.00
79.56499 23 0.33
79.56499 25 0.00
79.56499 30 0.00
79.56499 B1 5212.01 5212.01 
79.56499 B3 5241.62 5241.62 
79.56499 120 13 04 50
79.56499 244 0.25
79.57 22 0.00
79.57 23 0.33
79.57 25 0.00
79.57 30 0.00
79.57 B1 5212.52 5212.52 
79.57 B3 5242.14 5242.14 
79.57 120 13 04 50
79.57 244 0.25
79.575 22 0.00
79.575 23 0.33
79.575 25 0.00
79.575 30 0.00
79.575 B1 5213.04 5213.04 
79.575 B3 5242.67 5242.67 
79.575 120 13 04 50
79.575 244 0.25
79.58 22 0.00
79.58 23 0.33
79.58 25 0.00
79.58 30 0.00
79.58 B1 5213.56 5213.56 
79.58 B3 5243.20 5243.20 
79.58 120 13 04 50
79.58 244 0.25
79.585 22 0.00
79.585 23 0.33
79.585 25 0.00
79.585 30 0.00
79.585 B1 5212.76 5212.76 
79.585 B3 5242.54 5242.54 
79.585 120 13 04 50
79.585 244 0.25
79.59 22 0.00
79.59 23 0.32
79.59 25 0.00
79.59 30 0.00
79.59 B1 5212.44 5212.44 
79.59 B3 5242.22 5242.22 
79.59 120 13 04 50
79.59 244 0.25
79.595 22 0.00
79.595 23 0.31
79.595 25 0.00
79.595 30 0.00
79.595 B1 5212.43 5212.43 
79.595 B3 5242.15 5242.15 
79.595 120 13 04 50
79.595 244 0.25
79.6 22 0.00
79.6 23 0.31
79.6 25 0.00
79.6 30 0.00
79.6 B1 5212.59 5212.59 
79.6 B3 5242.24 5242.24 
79.6 120 13 04 50
79.6 244 0.25
79.605 22 0.00
79.605 23 0.31
79.605 25 0.00
79.605 30 0.00
79.605 B1 5212.88 5212.88 
79.605 B3 5242.44 5242.44 
79.605 120 13 04 50
79.605 244 0.25
79.61 22 0.00
79.61 23 0.30
79.61 25 0.00
79.61 30 0.00
79.61 B1 5213.23 5213.23 
79.61 B3 5242.73 5242.73 
79.61 120 13 04 50
79.61 244 0.25
79.615 22 0.00
79.615 23 0.30
79.615 25 0.00
79.615 30 0.00
79.615 B1 5213.63 5213.63 
79.615 B3 5243.08 5243.08 
79.615 120 13 04 50
79.615 244 0.25
79.62 22 0.00
79.62 23 0.30
79.62 25 0.00
79.62 30 0.00
79.62 B1 5214.06 5214.06 
79.62 B3 5243.46 5243.46 
79.62 120 13 04 50
79.62 244 0.25
79.625 22 0.00
79.625 23 0.30
79.625 25 0.00
79.625 30 0.00
79.625 B1 5214.51 5214.51 
79.625 B3 5243.87 5243.87 
79.625 120 13 04 50
79.625 244 0.25
79.63 22 0.00
79.63 23 0.30
79.63 25 0.00
79.63 30 0.00
79.63 B1 5214.96 5214.96 
79.63 B3 5244.30 5244.30 
79.63 120 13 04 50
79.63 244 0.25
79.63499 22 0.00
79.63499 23 0.30
79.63499 25 0.00
79.63499 30 0.00
79.63499 B1 5215.43 5215.43 
79.63499 B3 5244.74 5244.74 
79.63499 120 13 04 50
79.63499 244 0.24
79.64 22 0.00
79.64 23 0.30
79.64 25 0.00
79.64 30 0.00
79.64 B1 5214.57 5214.57 
79.64 B3 5244.00 5244.00 
79.64 120 13 04 50
79.64 244 0.24
79.645 22 0.00
79.645 23 0.29
79.645 25 0.00
79.645 30 0.00
79.645 B1 5214.20 5214.20 
79.645 B3 5243.61 5243.61 
79.645 120 13 04 50
79.645 244 0.24
79.65 22 0.00
79.65 23 0.28
79.65 25 0.00
79.65 30 0.00
79.65 B1 5214.13 5214.13 
79.65 B3 5243.46 5243.46 
79.65 120 13 04 50
79.65 244 0.25
79.655 22 0.00
79.655 23 0.28
79.655 25 0.00
79.655 30 0.00
79.655 B1 5215.56 5215.56 
79.655 B3 5244.69 5244.69 
79.655 120 13 04 50
79.655 244 0.25
79.66 22 0.00
79.66 23 0.29
79.66 25 0.00
79.66 30 0.00
79.66 B1 5216.63 5216.63 
79.66 B3 5245.68 5245.68 
79.66 120 13 04 50
79.66 244 0.24
79.665 22 0.00
79.665 23 0.29
79.665 25 0.00
79.665 30 0.00
79.665 B1 5216.16 5216.16 
79.665 B3 5245.32 5245.32 
79.665 120 13 04 50
79.665 244 0.24
79.67 22 0.00
79.67 23 0.28
79.67 25 0.00
79.67 30 0.00
79.67 B1 5216.02 5216.02 
79.67 B3 5245.19 5245.19 
79.67 120 13 04 50
79.67 244 0.24
79.675 22 0.00
79.675 23 0.28
79.675 25 0.00
79.675 30 0.00
79.675 B1 5216.10 5216.10 
79.675 B3 5245.23 5245.23 
79.675 120 13 04 50
79.675 244 0.24
79.68 22 0.00
79.68 23 0.28
79.68 25 0.00
79.68 30 0.00
79.68 B1 5216.30 5216.30 
79.68 B3 5245.39 5245.39 
79.68 120 13 04 50
79.68 244 0.24
79.685 22 0.00
79.685 23 0.27
79.685 25 0.00
79.685 30 0.00
79.685 B1 5216.59 5216.59 
79.685 B3 5245.62 5245.62 
79.685 120 13 04 50
79.685 244 0.24
79.68999 22 0.00
79.68999 23 0.27
79.68999 25 0.00
79.68999 30 0.00
79.68999 B1 5216.93 5216.93 
79.68999 B3 5245.91 5245.91 
79.68999 120 13 04 50
79.68999 244 0.24
79.695 22 0.00
79.695 23 0.27
79.695 25 0.00
79.695 30 0.00
79.695 B1 5217.30 5217.30 
79.695 B3 5246.24 5246.24 
79.695 120 13 04 50
79.695 244 0.24
79.7 22 0.00
79.7 23 0.27
79.7 25 0.00
79.7 30 0.00
79.7 B1 5215.05 5215.05 
79.7 B3 5244.21 5244.21 
79.7 120 13 04 50
79.7 244 0.24
79.705 22 0.00
79.705 23 0.25
79.705 25 0.00
79.705 30 0.00
79.705 B1 5213.77 5213.77 
79.705 B3 5242.89 5242.89 
79.705 120 13 04 50
79.705 244 0.23
79.71 22 0.00
79.71 23 0.24
79.71 25 0.00
79.71 30 0.00
79.71 B1 5211.77 5211.77 
79.71 B3 5240.87 5240.87 
79.71 120 13 04 50
79.71 244 0.23
79.715 22 0.00
79.715 23 0.22
79.715 25 0.00
79.715 30 0.00
79.715 B1 5210.62 5210.62 
79.715 B3 5239.54 5239.54 
79.715 120 13 04 50
79.715 244 0.24
79.72 22 0.00
79.72 23 0.21
79.72 25 0.00
79.72 30 0.00
79.72 B1 5211.34 5211.34 
79.72 B3 5239.89 5239.89 
79.72 120 13 04 50
79.72 244 0.23
79.725 22 0.00
79.725 23 0.21
79.725 25 0.00
79.725 30 0.00
79.725 B1 5210.58 5210.58 
79.725 B3 5239.03 5239.03 
79.725 120 13 04 50
79.725 244 0.23
79.73 22 0.00
79.73 23 0.21
79.73 25 0.00
79.73 30 0.00
79.73 B1 5210.22 5210.22 
79.73 B3 5238.51 5238.51 
79.73 120 13 04 50
79.73 244 0.23
79.735 22 0.00
79.735 23 0.20
79.735 25 0.00
79.735 30 0.00
79.735 B1 5210.09 5210.09 
79.735 B3 5238.23 5238.23 
79.735 120 13 04 50
79.735 244 0.23
79.74 22 0.00
79.74 23 0.20
79.74 25 0.00
79.74 30 0.00
79.74 B1 5210.11 5210.11 
79.74 B3 5238.11 5238.11 
79.74 120 13 04 50
79.74 244 0.23
79.745 22 0.00
79.745 23 0.19
79.745 25 0.00
79.745 30 0.00
79.745 B1 5210.23 5210.23 
79.745 B3 5238.11 5238.11 
79.745 120 13 04 50
79.745 244 0.23
79.75 22 0.00
79.75 23 0.19
79.75 25 0.00
79.75 30 0.00
79.75 B1 5210.41 5210.41 
79.75 B3 5238.19 5238.18 
79.75 120 13 04 50
79.75 244 0.23
79.755 22 0.00
79.755 23 0.19
79.755 25 0.00
79.755 30 0.00
79.755 B1 5209.30 5209.30 
79.755 B3 5237.12 5237.12 
79.755 120 13 04 50
79.755 244 0.23
79.75999 22 0.00
79.75999 23 0.18
79.75999 25 0.00
79.75999 30 0.00
79.75999 B1 5208.69 5208.69 
79.75999 B3 5236.45 5236.45 
79.75999 120 13 04 50
79.75999 244 0.23
79.765 22 0.00
79.765 23 0.18
79.765 25 0.00
79.765 30 0.00
79.765 B1 5208.40 5208.40 
79.765 B3 5236.04 5236.04 
79.765 120 13 04 50
79.765 244 0.23
79.77 22 0.00
79.77 23 0.17
79.77 25 0.00
79.77 30 0.00
79.77 B1 5208.29 5208.29 
79.77 B3 5235.82 5235.82 
79.77 120 13 04 50
79.77 244 0.23
79.775 22 0.00
79.775 23 0.17
79.775 25 0.00
79.775 30 0.00
79.775 B1 5208.31 5208.31 
79.775 B3 5235.73 5235.73 
79.775 120 13 04 50
79.775 244 0.23
79.78 22 0.00
79.78 23 0.17
79.78 25 0.00
79.78 30 0.00
79.78 B1 5208.41 5208.41 
79.78 B3 5235.73 5235.73 
79.78 120 13 04 50
79.78 244 0.23
79.785 22 0.00
79.785 23 0.16
79.785 25 0.00
79.785 30 0.00
79.785 B1 5208.55 5208.55 
79.785 B3 5235.80 5235.80 
79.785 120 13 04 50
79.785 244 0.23
79.79 22 0.00
79.79 23 0.16
79.79 25 0.00
79.79 30 0.00
79.79 B1 5208.72 5208.72 
79.79 B3 5235.91 5235.91 
79.79 120 13 04 50
79.79 244 0.23
79.795 22 0.00
79.795 23 0.16
79.795 25 0.00
79.795 30 0.00
79.795 B1 5208.91 5208.91 
79.795 B3 5236.05 5236.05 
79.795 120 13 04 50
79.795 244 0.23
79.8 22 0.00
79.8 23 0.16
79.8 25 0.00
79.8 30 0.00
79.8 B1 5210.44 5210.44 
79.8 B3 5237.41 5237.41 
79.8 120 13 04 50
79.8 244 0.23
79.805 22 0.00
79.805 23 0.17
79.805 25 0.00
79.805 30 0.00
79.805 B1 5211.49 5211.49 
79.805 B3 5238.43 5238.43 
79.805 120 13 04 50
79.805 244 0.23
79.81 22 0.00
79.81 23 0.18
79.81 25 0.00
79.81 30 0.00
79.81 B1 5212.24 5212.24 
79.81 B3 5239.23 5239.23 
79.81 120 13 04 50
79.81 244 0.23
79.81499 22 0.00
79.81499 23 0.18
79.81499 25 0.00
79.81499 30 0.00
79.81499 B1 5212.82 5212.82 
79.81499 B3 5239.87 5239.87 
79.81499 120 13 04 50
79.81499 244 0.23
79.82 22 0.00
79.82 23 0.18
79.82 25 0.00
79.82 30 0.00
79.82 B1 5213.27 5213.27 
79.82 B3 5240.39 5240.39 
79.82 120 13 04 50
79.82 244 0.23
79.825 22 0.00
79.825 23 0.19
79.825 25 0.00
79.825 30 0.00
79.825 B1 5213.66 5213.66 
79.825 B3 5240.84 5240.84 
79.825 120 13 04 50
79.825 244 0.24
79.83 22 0.00
79.83 23 0.19
79.83 25 0.00
79.83 30 0.00
79.83 B1 5215.32 5215.32 
79.83 B3 5242.43 5242.43 
79.83 120 13 04 50
79.83 244 0.24
79.835 22 0.00
79.835 23 0.20
79.835 25 0.00
79.835 30 0.00
79.835 B1 5216.47 5216.47 
79.835 B3 5243.63 5243.63 
79.835 120 13 04 50
79.835 244 0.24
79.84 22 0.00
79.84 23 0.20
79.84 25 0.00
79.84 30 0.00
79.84 B1 5217.31 5217.31 
79.84 B3 5244.56 5244.56 
79.84 120 13 04 50
79.84 244 0.24
79.845 22 0.00
79.845 23 0.21
79.845 25 0.00
79.845 30 0.00
79.845 B1 5217.95 5217.95 
79.845 B3 5245.31 5245.31 
79.845 120 13 04 50
79.845 244 0.24
79.85 22 0.00
79.85 23 0.21
79.85 25 0.00
79.85 30 0.00
79.85 B1 5218.47 5218.47 
79.85 B3 5245.93 5245.93 
79.85 120 13 04 50
79.85 244 0.24
79.855 22 0.00
79.855 23 0.21
79.855 25 0.00
79.855 30 0.00
79.855 B1 5218.91 5218.91 
79.855 B3 5246.46 5246.46 
79.855 120 13 04 50
79.855 244 0.24
79.86 22 0.00
79.86 23 0.21
79.86 25 0.00
79.86 30 0.00
79.86 B1 5219.30 5219.30 
79.86 B3 5246.93 5246.93 
79.86 120 13 04 50
79.86 244 0.24
79.865 22 0.00
79.865 23 0.21
79.865 25 0.44
79.865 30 0.00
79.865 B1 5219.66 5219.66 
79.865 B3 5247.35 5247.35 
79.865 120 13 04 50
79.865 244 0.24
79.87 22 0.28
79.87 23 0.21
79.87 25 0.44
79.87 30 0.00
79.87 B1 5222.59 5222.59 
79.87 B3 5250.13 5250.13 
79.87 120 13 04 50
79.87 244 0.24
79.875 22 0.28
79.875 23 0.23
79.875 25 0.56
79.875 30 0.00
79.875 B1 5224.45 5224.71 
79.875 B3 5252.09 5252.30 
79.875 120 13 04 50
79.875 244 0.24
79.88 22 0.35
79.88 23 0.24
79.88 25 0.56
79.88 30 0.00
79.88 B1 5225.60 5226.28 
79.88 B3 5253.47 5254.04 
79.88 120 13 04 50
79.88 244 0.24
79.88499 22 0.34
79.88499 23 0.25
79.88499 25 0.56
79.88499 30 0.00
79.88499 B1 5223.66 5224.94 
79.88499 B3 5252.03 5253.13 
79.88499 120 13 04 50
79.88499 244 0.24
79.89 22 0.34
79.89 23 0.24
79.89 25 0.68
79.89 30 0.00
79.89 B1 5225.06 5227.02 
79.89 B3 5253.39 5255.11 
79.89 120 13 04 50
79.89 244 0.24
79.895 22 0.41
79.895 23 0.24
79.895 25 0.68
79.895 30 0.00
79.895 B1 5223.24 5225.94 
79.895 B3 5251.95 5254.36 
79.895 120 13 04 50
79.895 244 0.24
79.9 22 0.40
79.9 23 0.23
79.9 25 0.68
79.9 30 0.00
79.9 B1 5222.04 5225.58 
79.9 B3 5250.88 5254.08 
79.9 120 13 04 50
79.9 244 0.24
79.905 22 0.39
79.905 23 0.22
79.905 25 0.68
79.905 30 0.00
79.905 B1 5223.86 5228.30 
79.905 B3 5252.47 5256.52 
79.905 120 13 04 50
79.905 244 0.24
79.91 22 0.39
79.91 23 0.24
79.91 25 0.68
79.91 30 0.00
79.91 B1 5224.98 5230.33 
79.91 B3 5253.55 5258.50 
79.91 120 13 04 50
79.91 244 0.24
79.915 22 0.38
79.915 23 0.25
79.915 25 0.68
79.915 30 0.00
79.915 B1 5225.65 5231.94 
79.915 B3 5254.29 5260.14 
79.915 120 13 04 50
79.915 244 0.24
79.92 22 0.38
79.92 23 0.25
79.92 25 0.68
79.92 30 0.00
79.92 B1 5226.06 5233.26 
79.92 B3 5254.78 5261.55 
79.92 120 13 04 50
79.92 244 0.24
79.925 22 0.37
79.925 23 0.26
79.925 25 0.68
79.925 30 0.00
79.925 B1 5226.30 5234.41 
79.925 B3 5255.12 5262.79 
79.925 120 13 04 50
79.925 244 0.25
79.93 22 0.37
79.93 23 0.26
79.93 25 0.68
79.93 30 0.00
79.93 B1 5227.76 5236.76 
79.93 B3 5256.54 5265.12 
79.93 120 13 04 50
79.93 244 0.24
79.935 22 0.36
79.935 23 0.27
79.935 25 0.68
79.935 30 0.00
79.935 B1 5227.37 5237.24 
79.935 B3 5256.34 5265.81 
79.935 120 13 04 50
79.935 244 0.24
79.93999 22 0.36
79.93999 23 0.27
79.93999 25 0.68
79.93999 30 0.00
79.93999 B1 5227.12 5237.85 
79.93999 B3 5256.21 5266.54 
79.93999 120 13 04 50
79.93999 244 0.24
79.945 22 0.36
79.945 23 0.27
79.945 25 0.68
79.945 30 0.00
79.945 B1 5226.97 5238.53 
79.945 B3 5256.11 5267.30 
79.945 120 13 04 50
79.945 244 0.24
79.95 22 0.35
79.95 23 0.26
79.95 25 0.68
79.95 30 0.00
79.95 B1 5226.89 5239.26 
79.95 B3 5256.05 5268.07 
79.95 120 13 04 50
79.95 244 0.25
79.955 22 0.35
79.955 23 0.26
79.955 25 0.68
79.955 30 0.00
79.955 B1 5228.17 5241.32 
79.955 B3 5257.22 5270.05 
79.955 120 13 04 50
79.955 244 0.25
79.96 22 0.35
79.96 23 0.27
79.96 25 0.68
79.96 30 0.00
79.96 B1 5229.00 5242.92 
79.96 B3 5258.06 5271.67 
79.96 120 13 04 50
79.96 244 0.25
79.965 22 0.35
79.965 23 0.28
79.965 25 0.68
79.965 30 0.00
79.965 B1 5229.56 5244.23 
79.965 B3 5258.67 5273.06 
79.965 120 13 04 50
79.965 244 0.25
79.97 22 0.35
79.97 23 0.28
79.97 25 0.68
79.97 30 0.00
79.97 B1 5229.94 5245.35 
79.97 B3 5259.13 5274.27 
79.97 120 13 04 50
79.97 244 0.25
79.975 22 0.34
79.975 23 0.28
79.975 25 0.68
79.975 30 0.00
79.975 B1 5230.23 5246.35 
79.975 B3 5259.48 5275.36 
79.975 120 13 04 50
79.975 244 0.25
79.98 22 0.34
79.98 23 0.29
79.98 25 0.68
79.98 30 0.00
79.98 B1 5230.45 5247.26 
79.98 B3 5259.77 5276.36 
79.98 120 13 04 50
79.98 244 0.25
79.985 22 0.34
79.985 23 0.29
79.985 25 0.68
79.985 30 0.00
79.985 B1 5230.64 5248.13 
79.985 B3 5260.01 5277.29 
79.985 120 13 04 50
79.985 244 0.25
79.99 22 0.34
79.99 23 0.29
79.99 25 0.68
79.99 30 0.00
79.99 B1 5230.82 5248.95 
79.99 B3 5260.23 5278.17 
79.99 120 13 04 50
79.99 244 0.25
79.995 22 0.34
79.995 23 0.29
79.995 25 0.68
79.995 30 0.00
79.995 B1 5230.98 5249.76 
79.995 B3 5260.42 5279.03 
79.995 120 13 04 50
79.995 244 0.25
80 22 0.34
80 23 0.29
80 25 0.68
80 30 0.00
80 B1 5231.15 5250.54 
80 B3 5260.60 5279.85 
80 120 13 04 50
80 244 0.25
80.005 22 0.35
80.005 23 0.29
80.005 25 0.68
80.005 30 0.00
80.005 B1 5232.63 5252.63 
80.005 B3 5261.98 5281.84 
80.005 120 13 04 50
80.005 244 0.25
80.00999 22 0.35
80.00999 23 0.30
80.00999 25 0.68
80.00999 30 0.00
80.00999 B1 5233.64 5254.23 
80.00999 B3 5263.01 5283.47 
80.00999 120 13 04 50
80.00999 244 0.25
80.015 22 0.35
80.015 23 0.30
80.015 25 0.68
80.015 30 0.00
80.015 B1 5234.35 5255.52 
80.015 B3 5263.79 5284.85 
80.015 120 13 04 50
80.015 244 0.25
80.02 22 0.35
80.02 23 0.31
80.02 25 0.68
80.02 30 0.00
80.02 B1 5234.89 5256.62 
80.02 B3 5264.41 5286.04 
80.02 120 13 04 50
80.02 244 0.26
80.025 22 0.35
80.025 23 0.31
80.025 25 0.68
80.025 30 0.00
80.025 B1 5236.63 5258.90 
80.025 B3 5266.11 5288.31 
80.025 120 13 04 50
80.025 244 0.26
80.03 22 0.35
80.03 23 0.32
80.03 25 0.68
80.03 30 0.00
80.03 B1 5237.83 5260.64 
80.03 B3 5267.39 5290.13 
80.03 120 13 04 50
80.03 244 0.26
80.035 22 0.36
80.035 23 0.33
80.035 25 0.68
80.035 30 0.00
80.035 B1 5238.69 5262.02 
80.035 B3 5268.37 5291.65 
80.035 120 13 04 50
80.035 244 0.26
80.04 22 0.36
80.04 23 0.33
80.04 25 0.68
80.04 30 0.00
80.04 B1 5239.34 5263.19 
80.04 B3 5269.15 5292.95 
80.04 120 13 04 50
80.04 244 0.26
80.045 22 0.36
80.045 23 0.33
80.045 25 0.68
80.045 30 0.00
80.045 B1 5239.86 5264.21 
80.045 B3 5269.80 5294.10 
80.045 120 13 04 50
80.045 244 0.26
80.05 22 0.36
80.05 23 0.34
80.05 25 0.68
80.05 30 0.00
80.05 B1 5240.31 5265.14 
80.05 B3 5270.34 5295.14 
80.05 120 13 04 50
80.05 244 0.26
80.055 22 0.37
80.055 23 0.34
80.055 25 0.68
80.055 30 0.00
80.055 B1 5240.71 5266.01 
80.055 B3 5270.82 5296.11 
80.055 120 13 04 50
80.055 244 0.26
80.06 22 0.37
80.06 23 0.34
80.06 25 0.68
80.06 30 0.00
80.06 B1 5242.40 5268.16 
80.06 B3 5272.46 5298.21 
80.06 120 13 04 50
80.06 244 0.26
80.06499 22 0.37
80.06499 23 0.35
80.06499 25 0.68
80.06499 30 0.00
80.06499 B1 5243.60 5269.81 
80.06499 B3 5273.72 5299.93 
80.06499 120 13 04 50
80.06499 244 0.26
80.07 22 0.37
80.07 23 0.35
80.07 25 0.68
80.07 30 0.00
80.07 B1 5244.50 5271.15 
80.07 B3 5274.71 5301.37 
80.07 120 13 04 50
80.07 244 0.26
80.075 22 0.38
80.075 23 0.36
80.075 25 0.68
80.075 30 0.00
80.075 B1 5246.52 5273.60 
80.075 B3 5276.72 5303.82 
80.075 120 13 04 50
80.075 244 0.26
80.08 22 0.38
80.08 23 0.37
80.08 25 0.68
80.08 30 0.00
80.08 B1 5247.95 5275.46 
80.08 B3 5278.26 5305.79 
80.08 120 13 04 50
80.08 244 0.26
80.085 22 0.38
80.085 23 0.38
80.085 25 0.68
80.085 30 0.00
80.085 B1 5249.01 5276.93 
80.085 B3 5279.47 5307.43 
80.085 120 13 04 50
80.085 244 0.26
80.09 22 0.39
80.09 23 0.38
80.09 25 0.68
80.09 30 0.00
80.09 B1 5249.84 5278.16 
80.09 B3 5280.46 5308.83 
80.09 120 13 04 50
80.09 244 0.26
80.095 22 0.39
80.095 23 0.39
80.095 25 0.68
80.095 30 0.00
80.095 B1 5250.53 5279.25 
80.095 B3 5281.29 5310.06 
80.095 120 13 04 50
80.095 244 0.26
80.1 22 0.40
80.1 23 0.39
80.1 25 0.68
80.1 30 0.00
80.1 B1 5251.14 5280.23 
80.1 B3 5282.01 5311.17 
80.1 120 13 04 50
80.1 244 0.27
80.105 22 0.40
80.105 23 0.39
80.105 25 0.68
80.105 30 0.00
80.105 B1 5253.01 5282.48 
80.105 B3 5283.85 5313.40 
80.105 120 13 04 50
80.105 244 0.27
80.11 22 0.40
80.11 23 0.40
80.11 25 0.68
80.11 30 0.00
80.11 B1 5254.37 5284.21 
80.11 B3 5285.30 5315.22 
80.11 120 13 04 50
80.11 244 0.27
80.115 22 0.41
80.115 23 0.41
80.115 25 0.68
80.115 30 0.00
80.115 B1 5255.42 5285.62 
80.115 B3 5286.47 5316.76 
80.115 120 13 04 50
80.115 244 0.27
80.12 22 0.41
80.12 23 0.41
80.12 25 0.68
80.12 30 0.00
80.12 B1 5256.26 5286.82 
80.12 B3 5287.44 5318.10 
80.12 120 13 04 50
80.12 244 0.27
80.125 22 0.42
80.125 23 0.41
80.125 25 0.80
80.125 30 0.00
80.125 B1 5258.31 5289.21 
80.125 B3 5289.49 5320.49 
80.125 120 13 04 50
80.125 244 0.27
80.13 22 0.50
80.13 23 0.42
80.13 25 0.68
80.13 30 0.00
80.13 B1 5259.77 5291.01 
80.13 B3 5291.09 5322.44 
80.13 120 13 04 50
80.13 244 0.27
80.13499 22 0.42
80.13499 23 0.43
80.13499 25 0.68
80.13499 30 0.00
80.13499 B1 5260.90 5292.54 
80.13499 B3 5292.35 5324.11 
80.13499 120 13 04 50
80.13499 244 0.27
80.14 22 0.43
80.14 23 0.44
80.14 25 0.92
80.14 30 0.00
80.14 B1 5261.82 5293.83 
80.14 B3 5293.42 5325.55 
80.14 120 13 04 50
80.14 244 0.27
80.145 22 0.59
80.145 23 0.44
80.145 25 1.40
80.145 30 0.00
80.145 B1 5262.55 5294.90 
80.145 B3 5294.34 5326.83 
80.145 120 13 04 50
80.145 244 0.28
80.15 22 0.93
80.15 23 0.43
80.15 25 2.47
80.15 30 0.00
80.15 B1 5264.21 5297.03 
80.15 B3 5296.31 5329.25 
80.15 120 13 04 50
80.15 244 0.27
80.155 22 1.74
80.155 23 0.40
80.155 25 3.55
80.155 30 0.00
80.155 B1 5262.88 5296.58 
80.155 B3 5296.48 5330.21 
80.155 120 13 04 50
80.155 244 0.28
80.16 22 2.58
80.16 23 0.33
80.16 25 3.55
80.16 30 0.00
80.16 B1 5261.30 5296.87 
80.16 B3 5297.45 5332.83 
80.16 120 13 04 50
80.16 244 0.28
80.165 22 2.53
80.165 23 0.33
80.165 25 4.27
80.165 30 0.00
80.165 B1 5259.59 5298.43 
80.165 B3 5297.43 5335.68 
80.165 120 13 04 50
80.165 244 0.28
80.17 22 3.07
80.17 23 0.28
80.17 25 4.27
80.17 30 0.00
80.17 B1 5256.38 5299.32 
80.17 B3 5296.74 5338.69 
80.17 120 13 04 50
80.17 244 0.28
80.175 22 3.00
80.175 23 0.28
80.175 25 4.39
80.175 30 0.00
80.175 B1 5253.46 5301.50 
80.175 B3 5295.35 5341.97 
80.175 120 13 04 50
80.175 244 0.28
80.18 22 3.05
80.18 23 0.27
80.18 25 4.51
80.18 30 0.00
80.18 B1 5250.49 5304.19 
80.18 B3 5293.49 5345.41 
80.18 120 13 04 50
80.18 244 0.28
80.185 22 3.09
80.185 23 0.26
80.185 25 4.64
80.185 30 0.00
80.185 B1 5247.48 5307.20 
80.185 B3 5291.30 5348.96 
80.185 120 13 04 50
80.185 244 0.28
80.18999 22 3.13
80.18999 23 0.25
80.18999 25 4.64
80.18999 30 0.00
80.18999 B1 5244.44 5310.42 
80.18999 B3 5288.85 5352.59 
80.18999 120 13 04 50
80.18999 244 0.28
80.195 22 3.08
80.195 23 0.25
80.195 25 4.64
80.195 30 0.00
80.195 B1 5241.62 5314.04 
80.195 B3 5286.22 5356.28 
80.195 120 13 04 50
80.195 244 0.28
80.2 22 3.03
80.2 23 0.26
80.2 25 4.64
80.2 30 0.00
80.2 B1 5238.99 5317.87 
80.2 B3 5283.49 5359.98 
80.2 120 13 04 50
80.2 244 0.28
80.205 22 2.99
80.205 23 0.26
80.205 25 4.64
80.205 30 0.00
80.205 B1 5236.50 5321.78 
80.205 B3 5280.73 5363.66 
80.205 120 13 04 50
80.205 244 0.28
80.21 22 2.95
80.21 23 0.26
80.21 25 4.64
80.21 30 0.00
80.21 B1 5235.45 5327.03 
80.21 B3 5279.18 5368.50 
80.21 120 13 04 50
80.21 244 0.28
80.215 22 2.92
80.215 23 0.28
80.215 25 4.75
80.215 30 0.00
80.215 B1 5234.02 5331.78 
80.215 B3 5277.31 5372.94 
80.215 120 13 04 50
80.215 244 0.28
80.22 22 2.99
80.22 23 0.27
80.22 25 4.75
80.22 30 0.00
80.22 B1 5233.45 5337.25 
80.22 B3 5276.46 5378.27 
80.22 120 13 04 50
80.22 244 0.28
80.225 22 2.96
80.225 23 0.29
80.225 25 4.75
80.225 30 0.00
80.225 B1 5232.34 5342.12 
80.225 B3 5275.12 5383.06 
80.225 120 13 04 50
80.225 244 0.28
80.23 22 2.94
80.23 23 0.30
80.23 25 4.75
80.23 30 0.00
80.23 B1 5230.93 5346.57 
80.23 B3 5273.46 5387.45 
80.23 120 13 04 50
80.23 244 0.28
80.235 22 2.92
80.235 23 0.31
80.235 25 4.75
80.235 30 0.00
80.235 B1 5229.35 5350.73 
80.235 B3 5271.62 5391.52 
80.235 120 13 04 50
80.235 244 0.28
80.24 22 2.90
80.24 23 0.32
80.24 25 4.75
80.24 30 0.00
80.24 B1 5227.70 5354.65 
80.24 B3 5269.68 5395.35 
80.24 120 13 04 50
80.24 244 0.29
80.245 22 2.89
80.245 23 0.32
80.245 25 4.75
80.245 30 0.00
80.245 B1 5227.35 5359.72 
80.245 B3 5268.91 5400.18 
80.245 120 13 04 50
80.245 244 0.29
80.25 22 2.88
80.25 23 0.33
80.25 25 4.75
80.25 30 0.00
80.25 B1 5226.53 5364.18 
80.25 B3 5267.77 5404.52 
80.25 120 13 04 50
80.25 244 0.29
80.255 22 2.87
80.255 23 0.34
80.255 25 4.75
80.255 30 0.00
80.255 B1 5226.75 5369.53 
80.255 B3 5267.62 5409.68 
80.255 120 13 04 50
80.255 244 0.29
80.25999 22 2.87
80.25999 23 0.36
80.25999 25 4.87
80.25999 30 0.00
80.25999 B1 5226.34 5374.12 
80.25999 B3 5266.99 5414.22 
80.25999 120 13 04 50
80.25999 244 0.29
80.265 22 2.96
80.265 23 0.36
80.265 25 4.87
80.265 30 0.00
80.265 B1 5224.00 5376.64 
80.265 B3 5264.85 5417.11 
80.265 120 13 04 50
80.265 244 0.29
80.27 22 2.96
80.27 23 0.36
80.27 25 5.59
80.27 30 0.00
80.27 B1 5222.00 5379.40 
80.27 B3 5262.84 5420.03 
80.27 120 13 04 50
80.27 244 0.29
80.275 22 3.55
80.275 23 0.29
80.275 25 6.07
80.275 30 0.00
80.275 B1 5218.69 5380.77 
80.275 B3 5260.94 5422.95 
80.275 120 13 04 50
80.275 244 0.29
80.28 22 3.93
80.28 23 0.23
80.28 25 6.07
80.28 30 0.00
80.28 B1 5214.69 5381.85 
80.28 B3 5258.86 5426.03 
80.28 120 13 04 50
80.28 244 0.29
80.285 22 3.91
80.285 23 0.23
80.285 25 7.03
80.285 30 0.00
80.285 B1 5211.27 5384.09 
80.285 B3 5256.49 5429.32 
80.285 120 13 04 50
80.285 244 0.29
80.29 22 4.68
80.29 23 0.11
80.29 25 7.03
80.29 30 0.00
80.29 B1 5205.56 5384.33 
80.29 B3 5253.95 5432.72 
80.29 120 13 04 50
80.29 244 0.29
80.295 22 4.64
80.295 23 0.10
80.295 25 7.75
80.295 30 0.00
80.295 B1 5200.83 5386.33 
80.295 B3 5250.95 5436.40 
80.295 120 13 04 50
80.295 244 0.29
80.3 22 5.19
80.3 23 0.00
80.3 25 7.75
80.3 30 0.00
80.3 B1 5194.40 5387.08 
80.3 B3 5247.66 5440.25 
80.3 120 13 04 50
80.3 244 0.29
80.305 22 5.14
80.305 23 -0.01
80.305 25 7.75
80.305 30 0.00
80.305 B1 5189.04 5389.58 
80.305 B3 5243.91 5444.33 
80.305 120 13 04 50
80.305 244 0.29
80.31 22 5.11
80.31 23 -0.01
80.31 25 7.75
80.31 30 0.00
80.31 B1 5184.39 5393.13 
80.31 B3 5239.90 5448.53 
80.31 120 13 04 50
80.31 244 0.29
80.31499 22 5.08
80.31499 23 0.00
80.31499 25 7.75
80.31499 30 0.00
80.31499 B1 5180.21 5397.28 
80.31499 B3 5235.74 5452.79 
80.31499 120 13 04 50
80.31499 244 0.29
80.32 22 5.06
80.32 23 0.00
80.32 25 7.88
80.32 30 0.00
80.32 B1 5176.34 5401.75 
80.32 B3 5231.53 5457.04 
80.32 120 13 04 50
80.32 244 0.29
80.325 22 5.14
80.325 23 -0.01
80.325 25 8.12
80.325 30 0.00
80.325 B1 5172.32 5405.97 
80.325 B3 5227.33 5461.27 
80.325 120 13 04 50
80.325 244 0.29
80.33 22 5.31
80.33 23 -0.04
80.33 25 8.47
80.33 30 0.00
80.33 B1 5169.12 5410.96 
80.33 B3 5224.32 5466.66 
80.33 120 13 04 50
80.33 244 0.29
80.335 22 5.58
80.335 23 -0.09
80.335 25 8.83
80.335 30 0.00
80.335 B1 5164.61 5414.71 
80.335 B3 5220.91 5471.71 
80.335 120 13 04 50
80.335 244 0.29
80.34 22 5.83
80.34 23 -0.14
80.34 25 9.91
80.34 30 0.00
80.34 B1 5159.16 5417.70 
80.34 B3 5217.10 5476.56 
80.34 120 13 04 50
80.34 244 0.30
80.345 22 6.60
80.345 23 -0.31
80.345 25 9.91
80.345 30 0.00
80.345 B1 5151.35 5418.62 
80.345 B3 5214.12 5482.51 
80.345 120 13 04 50
80.345 244 0.30
80.35 22 6.57
80.35 23 -0.31
80.35 25 9.91
80.35 30 0.00
80.35 B1 5144.81 5421.49 
80.35 B3 5210.15 5488.20 
80.35 120 13 04 50
80.35 244 0.30
80.355 22 6.54
80.355 23 -0.30
80.355 25 10.63
80.355 30 0.00
80.355 B1 5139.10 5425.53 
80.355 B3 5205.55 5493.67 
80.355 120 13 04 50
80.355 244 0.30
80.36 22 7.01
80.36 23 -0.42
80.36 25 10.75
80.36 30 0.00
80.36 B1 5130.79 5427.16 
80.36 B3 5200.56 5498.93 
80.36 120 13 04 50
80.36 244 0.30
80.365 22 7.07
80.365 23 -0.44
80.365 25 11.11
80.365 30 0.00
80.365 B1 5124.63 5431.28 
80.365 B3 5196.28 5505.32 
80.365 120 13 04 50
80.365 244 0.30
80.37 22 7.28
80.37 23 -0.49
80.37 25 11.35
80.37 30 0.00
80.37 B1 5117.37 5434.54 
80.37 B3 5191.31 5511.29 
80.37 120 13 04 50
80.37 244 0.30
80.375 22 7.42
80.375 23 -0.53
80.375 25 11.35
80.375 30 0.00
80.375 B1 5109.90 5437.80 
80.375 B3 5185.78 5516.99 
80.375 120 13 04 50
80.375 244 0.30
80.38 22 7.41
80.38 23 -0.52
80.38 25 11.83
80.38 30 0.00
80.38 B1 5103.43 5442.19 
80.38 B3 5179.85 5522.46 
80.38 120 13 04 50
80.38 244 0.30
80.38499 22 7.69
80.38499 23 -0.60
80.38499 25 11.83
80.38499 30 0.00
80.38499 B1 5095.27 5444.92 
80.38499 B3 5173.68 5527.74 
80.38499 120 13 04 50
80.38499 244 0.30
80.39 22 7.68
80.39 23 -0.60
80.39 25 11.83
80.39 30 0.00
80.39 B1 5088.33 5448.94 
80.39 B3 5167.25 5532.90 
80.39 120 13 04 50
80.39 244 0.30
80.395 22 7.69
80.395 23 -0.59
80.395 25 11.95
80.395 30 0.00
80.395 B1 5082.17 5453.70 
80.395 B3 5160.69 5537.93 
80.395 120 13 04 50
80.395 244 0.30
80.4 22 7.76
80.4 23 -0.61
80.4 25 11.95
80.4 30 0.00
80.4 B1 5077.24 5459.61 
80.4 B3 5155.30 5544.02 
80.4 120 13 04 50
80.4 244 0.30
80.405 22 7.77
80.405 23 -0.59
80.405 25 12.07
80.405 30 0.00
80.405 B1 5072.34 5465.47 
80.405 B3 5149.53 5549.65 
80.405 120 13 04 50
80.405 244 0.30
80.41 22 7.86
80.41 23 -0.60
80.41 25 12.07
80.41 30 0.00
80.41 B1 5065.58 5469.33 
80.41 B3 5142.37 5553.73 
80.41 120 13 04 50
80.41 244 0.30
80.415 22 7.87
80.415 23 -0.60
80.415 25 12.07
80.415 30 0.00
80.415 B1 5059.59 5473.73 
80.415 B3 5135.46 5557.86 
80.415 120 13 04 50
80.415 244 0.30
80.42 22 7.89
80.42 23 -0.60
80.42 25 12.07
80.42 30 0.00
80.42 B1 5054.08 5478.40 
80.42 B3 5128.77 5561.97 
80.42 120 13 04 50
80.42 244 0.30
80.425 22 7.92
80.425 23 -0.59
80.425 25 12.07
80.425 30 0.00
80.425 B1 5048.90 5483.17 
80.425 B3 5122.29 5566.04 
80.425 120 13 04 50
80.425 244 0.30
80.43 22 7.95
80.43 23 -0.59
80.43 25 12.07
80.43 30 0.00
80.43 B1 5043.94 5487.91 
80.43 B3 5116.01 5570.05 
80.43 120 13 04 50
80.43 244 0.30
80.435 22 7.98
80.435 23 -0.58
80.435 25 12.07
80.435 30 0.00
80.435 B1 5039.15 5492.58 
80.435 B3 5109.91 5573.96 
80.435 120 13 04 50
80.435 244 0.30
80.43999 22 8.01
80.43999 23 -0.57
80.43999 25 12.07
80.43999 30 0.00
80.43999 B1 5034.47 5497.11 
80.43999 B3 5103.99 5577.77 
80.43999 120 13 04 50
80.43999 244 0.30
80.445 22 8.05
80.445 23 -0.57
80.445 25 12.07
80.445 30 0.00
80.445 B1 5031.21 5502.80 
80.445 B3 5099.44 5582.68 
80.445 120 13 04 50
80.445 244 0.30
80.45 22 8.09
80.45 23 -0.55
80.45 25 12.07
80.45 30 0.00
80.45 B1 5027.51 5507.88 
80.45 B3 5094.68 5587.14 
80.45 120 13 04 50
80.45 244 0.30
80.455 22 8.13
80.455 23 -0.54
80.455 25 12.07
80.455 30 0.00
80.455 B1 5023.58 5512.48 
80.455 B3 5089.82 5591.26 
80.455 120 13 04 50
80.455 244 0.30
80.46 22 8.18
80.46 23 -0.53
80.46 25 12.07
80.46 30 0.00
80.46 B1 5019.54 5516.71 
80.46 B3 5084.94 5595.10 
80.46 120 13 04 50
80.46 244 0.30
80.465 22 8.22
80.465 23 -0.52
80.465 25 12.07
80.465 30 0.00
80.465 B1 5015.44 5520.64 
80.465 B3 5080.09 5598.70 
80.465 120 13 04 50
80.465 244 0.30
80.47 22 8.27
80.47 23 -0.52
80.47 25 12.07
80.47 30 0.00
80.47 B1 5011.34 5524.30 
80.47 B3 5075.31 5602.11 
80.47 120 13 04 50
80.47 244 0.30
80.475 22 8.32
80.475 23 -0.51
80.475 25 12.07
80.475 30 0.00
80.475 B1 5007.26 5527.74 
80.475 B3 5070.61 5605.33 
80.475 120 13 04 50
80.475 244 0.30
80.48 22 8.38
80.48 23 -0.51
80.48 25 12.07
80.48 30 0.00
80.48 B1 5003.21 5530.96 
80.48 B3 5065.99 5608.39 
80.48 120 13 04 50
80.48 244 0.31
80.485 22 8.43
80.485 23 -0.50
80.485 25 12.07
80.485 30 0.00
80.485 B1 5000.52 5535.31 
80.485 B3 5062.68 5612.50 
80.485 120 13 04 50
80.485 244 0.30
80.49 22 8.49
80.49 23 -0.49
80.49 25 12.07
80.49 30 0.00
80.49 B1 4996.02 5537.71 
80.49 B3 5057.89 5614.95 
80.49 120 13 04 50
80.49 244 0.31
80.495 22 8.55
80.495 23 -0.49
80.495 25 12.07
80.495 30 0.00
80.495 B1 4993.11 5541.41 
80.495 B3 5054.52 5618.57 
80.495 120 13 04 50
80.495 244 0.31
80.5 22 8.60
80.5 23 -0.48
80.5 25 12.07
80.5 30 0.00
80.5 B1 4989.84 5544.59 
80.5 B3 5050.96 5621.80 
80.5 120 13 04 50
80.5 244 0.31
80.505 22 8.66
80.505 23 -0.48
80.505 25 12.07
80.505 30 0.00
80.505 B1 4986.38 5547.40 
80.505 B3 5047.29 5624.73 
80.505 120 13 04 50
80.505 244 0.31
80.50999 22 8.72
80.50999 23 -0.47
80.50999 25 12.07
80.50999 30 0.00
80.50999 B1 4982.82 5549.90 
80.50999 B3 5043.59 5627.41 
80.50999 120 13 04 50
80.50999 244 0.31
80.515 22 8.79
80.515 23 -0.47
80.515 25 12.07
80.515 30 0.00
80.515 B1 4980.54 5553.48 
80.515 B3 5041.09 5631.08 
80.515 120 13 04 50
80.515 244 0.31
80.52 22 8.85
80.52 23 -0.46
80.52 25 12.07
80.52 30 0.00
80.52 B1 4976.41 5555.09 
80.52 B3 5037.03 5633.06 
80.52 120 13 04 50
80.52 244 0.31
80.525 22 8.91
80.525 23 -0.46
80.525 25 12.07
80.525 30 0.00
80.525 B1 4972.50 5556.67 
80.525 B3 5033.14 5634.98 
80.525 120 13 04 50
80.525 244 0.31
80.53 22 8.97
80.53 23 -0.46
80.53 25 12.07
80.53 30 0.00
80.53 B1 4968.74 5558.19 
80.53 B3 5029.39 5636.82 
80.53 120 13 04 50
80.53 244 0.31
80.535 22 9.03
80.535 23 -0.46
80.535 25 12.18
80.535 30 0.00
80.535 B1 4965.07 5559.63 
80.535 B3 5025.74 5638.58 
80.535 120 13 04 50
80.535 244 0.31
80.54 22 9.17
80.54 23 -0.48
80.54 25 12.07
80.54 30 0.00
80.54 B1 4962.26 5561.74 
80.54 B3 5023.40 5641.46 
80.54 120 13 04 50
80.54 244 0.31
80.545 22 9.16
80.545 23 -0.45
80.545 25 12.07
80.545 30 0.00
80.545 B1 4959.70 5564.08 
80.545 B3 5020.70 5643.94 
80.545 120 13 04 50
80.545 244 0.31
80.55 22 9.22
80.55 23 -0.45
80.55 25 12.07
80.55 30 0.00
80.55 B1 4955.48 5564.62 
80.55 B3 5016.65 5644.90 
80.55 120 13 04 50
80.55 244 0.31
80.555 22 9.29
80.555 23 -0.45
80.555 25 12.07
80.555 30 0.00
80.555 B1 4951.60 5565.26 
80.555 B3 5012.88 5645.93 
80.555 120 13 04 50
80.555 244 0.31
80.56 22 9.35
80.56 23 -0.46
80.56 25 12.07
80.56 30 0.00
80.56 B1 4947.93 5565.92 
80.56 B3 5009.33 5646.97 
80.56 120 13 04 50
80.56 244 0.31
80.56499 22 9.41
80.56499 23 -0.46
80.56499 25 12.07
80.56499 30 0.00
80.56499 B1 4944.39 5566.56 
80.56499 B3 5005.93 5648.01 
80.56499 120 13 04 50
80.56499 244 0.31
80.57 22 9.47
80.57 23 -0.46
80.57 25 12.07
80.57 30 0.00
80.57 B1 4940.94 5567.15 
80.57 B3 5002.65 5649.02 
80.57 120 13 04 50
80.57 244 0.31
80.575 22 9.54
80.575 23 -0.47
80.575 25 12.07
80.575 30 0.00
80.575 B1 4938.87 5569.00 
80.575 B3 5000.66 5651.18 
80.575 120 13 04 50
80.575 244 0.31
80.58 22 9.60
80.58 23 -0.46
80.58 25 12.07
80.58 30 0.00
80.58 B1 4936.31 5570.32 
80.58 B3 4998.36 5652.96 
80.58 120 13 04 50
80.58 244 0.31
80.585 22 9.66
80.585 23 -0.45
80.585 25 12.18
80.585 30 0.00
80.585 B1 4933.49 5571.27 
80.585 B3 4995.87 5654.45 
80.585 120 13 04 50
80.585 244 0.31
80.59 22 9.80
80.59 23 -0.47
80.59 25 12.18
80.59 30 0.00
80.59 B1 4929.95 5571.38 
80.59 B3 4993.26 5655.70 
80.59 120 13 04 50
80.59 244 0.31
80.595 22 9.86
80.595 23 -0.47
80.595 25 12.07
80.595 30 0.00
80.595 B1 4926.52 5571.51 
80.595 B3 4990.54 5656.79 
80.595 120 13 04 50
80.595 244 0.31
80.6 22 9.84
80.6 23 -0.45
80.6 25 12.07
80.6 30 0.00
80.6 B1 4923.72 5572.19 
80.6 B3 4987.76 5657.73 
80.6 120 13 04 50
80.6 244 0.31
80.605 22 9.90
80.605 23 -0.45
80.605 25 12.07
80.605 30 0.00
80.605 B1 4920.78 5572.60 
80.605 B3 4984.98 5658.53 
80.605 120 13 04 50
80.605 244 0.31
80.61 22 9.96
80.61 23 -0.45
80.61 25 12.07
80.61 30 0.00
80.61 B1 4917.77 5572.81 
80.61 B3 4982.23 5659.20 
80.61 120 13 04 50
80.61 244 0.31
80.615 22 10.02
80.615 23 -0.45
80.615 25 12.07
80.615 30 0.00
80.615 B1 4916.04 5574.19 
80.615 B3 4980.69 5660.96 
80.615 120 13 04 50
80.615 244 0.31
80.62 22 10.08
80.62 23 -0.45
80.62 25 12.07
80.62 30 0.00
80.62 B1 4913.76 5574.98 
80.62 B3 4978.78 5662.30 
80.62 120 13 04 50
80.62 244 0.31
80.625 22 10.14
80.625 23 -0.44
80.625 25 12.07
80.625 30 0.00
80.625 B1 4911.17 5575.37 
80.625 B3 4976.64 5663.33 
80.625 120 13 04 50
80.625 244 0.31
80.63 22 10.20
80.63 23 -0.44
80.63 25 12.07
80.63 30 0.00
80.63 B1 4908.40 5575.48 
80.63 B3 4974.36 5664.11 
80.63 120 13 04 50
80.63 244 0.31
80.63499 22 10.25
80.63499 23 -0.44
80.63499 25 11.95
80.63499 30 0.00
80.63499 B1 4904.21 5574.06 
80.63499 B3 4970.78 5663.49 
80.63499 120 13 04 50
80.63499 244 0.31
80.64 22 10.23
80.64 23 -0.43
80.64 25 11.95
80.64 30 0.00
80.64 B1 4901.07 5573.50 
80.64 B3 4967.54 5663.04 
80.64 120 13 04 50
80.64 244 0.31
80.645 22 10.29
80.645 23 -0.43
80.645 25 11.83
80.645 30 0.00
80.645 B1 4898.02 5572.88 
80.645 B3 4964.57 5662.66 
80.645 120 13 04 50
80.645 244 0.31
80.65 22 10.27
80.65 23 -0.41
80.65 25 11.83
80.65 30 0.00
80.65 B1 4895.59 5572.76 
80.65 B3 4961.78 5662.33 
80.65 120 13 04 50
80.65 244 0.31
80.655 22 10.33
80.655 23 -0.42
80.655 25 11.71
80.655 30 0.00
80.655 B1 4893.01 5572.34 
80.655 B3 4959.17 5662.00 
80.655 120 13 04 50
80.655 244 0.31
80.66 22 10.31
80.66 23 -0.40
80.66 25 11.71
80.66 30 0.00
80.66 B1 4890.90 5572.30 
80.66 B3 4956.68 5661.65 
80.66 120 13 04 50
80.66 244 0.31
80.665 22 10.37
80.665 23 -0.40
80.665 25 11.11
80.665 30 0.00
80.665 B1 4889.87 5573.19 
80.665 B3 4955.50 5662.45 
80.665 120 13 04 50
80.665 244 0.31
80.67 22 10.03
80.67 23 -0.28
80.67 25 10.75
80.67 30 0.00
80.67 B1 4889.55 5574.78 
80.67 B3 4952.84 5661.70 
80.67 120 13 04 50
80.67 244 0.31
80.675 22 9.86
80.675 23 -0.22
80.675 25 10.75
80.675 30 0.00
80.675 B1 4890.00 5576.79 
80.675 B3 4950.60 5660.91 
80.675 120 13 04 50
80.675 244 0.31
80.68 22 9.93
80.68 23 -0.21
80.68 25 10.39
80.68 30 0.00
80.68 B1 4889.50 5577.41 
80.68 B3 4948.79 5660.02 
80.68 120 13 04 50
80.68 244 0.31
80.685 22 9.74
80.685 23 -0.15
80.685 25 9.55
80.685 30 0.00
80.685 B1 4891.25 5579.95 
80.685 B3 4948.47 5660.27 
80.685 120 13 04 50
80.685 244 0.31
80.68999 22 9.20
80.68999 23 0.01
80.68999 25 8.71
80.68999 30 0.00
80.68999 B1 4893.51 5582.74 
80.68999 B3 4946.89 5658.89 
80.68999 120 13 04 50
80.68999 244 0.31
80.695 22 8.64
80.695 23 0.15
80.695 25 8.71
80.695 30 0.00
80.695 B1 4897.34 5586.40 
80.695 B3 4946.01 5657.37 
80.695 120 13 04 50
80.695 244 0.31
80.7 22 8.75
80.7 23 0.15
80.7 25 8.23
80.7 30 0.00
80.7 B1 4899.68 5587.51 
80.7 B3 4945.96 5655.58 
80.7 120 13 04 50
80.7 244 0.31
80.705 22 8.47
80.705 23 0.23
80.705 25 7.75
80.705 30 0.00
80.705 B1 4902.56 5588.49 
80.705 B3 4946.43 5653.63 
80.705 120 13 04 50
80.705 244 0.31
80.71 22 8.19
80.71 23 0.30
80.71 25 7.75
80.71 30 0.00
80.71 B1 4907.19 5590.49 
80.71 B3 4948.61 5652.66 
80.71 120 13 04 50
80.71 244 0.31
80.715 22 8.31
80.715 23 0.31
80.715 25 7.15
80.715 30 0.00
80.715 B1 4910.37 5590.30 
80.715 B3 4950.94 5651.13 
80.715 120 13 04 50
80.715 244 0.31
80.72 22 7.93
80.72 23 0.39
80.72 25 7.15
80.72 30 0.00
80.72 B1 4912.95 5589.06 
80.72 B3 4952.12 5648.03 
80.72 120 13 04 50
80.72 244 0.31
80.725 22 8.05
80.725 23 0.38
80.725 25 7.15
80.725 30 0.00
80.725 B1 4915.13 5586.63 
80.725 B3 4953.94 5644.85 
80.725 120 13 04 50
80.725 244 0.31
80.73 22 8.16
80.73 23 0.37
80.73 25 7.03
80.73 30 0.00
80.73 B1 4917.05 5583.46 
80.73 B3 4956.15 5641.64 
80.73 120 13 04 50
80.73 244 0.31
80.735 22 8.17
80.735 23 0.38
80.735 25 7.03
80.735 30 0.00
80.735 B1 4920.41 5581.51 
80.735 B3 4959.75 5639.63 
80.735 120 13 04 50
80.735 244 0.31
80.74 22 8.27
80.74 23 0.38
80.74 25 6.79
80.74 30 0.00
80.74 B1 4923.02 5578.72 
80.74 B3 4963.11 5637.29 
80.74 120 13 04 50
80.74 244 0.31
80.745 22 8.17
80.745 23 0.41
80.745 25 6.67
80.745 30 0.00
80.745 B1 4925.81 5576.08 
80.745 B3 4966.25 5634.74 
80.745 120 13 04 50
80.745 244 0.31
80.75 22 8.17
80.75 23 0.42
80.75 25 6.31
80.75 30 0.00
80.75 B1 4927.13 5571.86 
80.75 B3 4968.13 5630.81 
80.75 120 13 04 50
80.75 244 0.31
80.755 22 7.97
80.755 23 0.45
80.755 25 5.83
80.755 30 0.00
80.755 B1 4929.52 5568.54 
80.755 B3 4970.33 5627.05 
80.755 120 13 04 50
80.755 244 0.31
80.75999 22 7.68
80.75999 23 0.49
80.75999 25 5.83
80.75999 30 0.00
80.75999 B1 4934.24 5567.29 
80.75999 B3 4974.06 5624.56 
80.75999 120 13 04 50
80.75999 244 0.31
80.765 22 7.78
80.765 23 0.50
80.765 25 4.75
80.765 30 0.00
80.765 B1 4938.07 5564.80 
80.765 B3 4977.78 5621.71 
80.765 120 13 04 50
80.765 244 0.31
80.77 22 6.99
80.77 23 0.60
80.77 25 4.75
80.77 30 0.00
80.77 B1 4942.25 5562.52 
80.77 B3 4980.26 5617.44 
80.77 120 13 04 50
80.77 244 0.31
80.775 22 7.11
80.775 23 0.59
80.775 25 4.63
80.775 30 0.00
80.775 B1 4946.20 5559.13 
80.775 B3 4983.47 5613.08 
80.775 120 13 04 50
80.775 244 0.31
80.78 22 7.12
80.78 23 0.60
80.78 25 4.39
80.78 30 0.00
80.78 B1 4951.51 5556.60 
80.78 B3 4988.31 5609.90 
80.78 120 13 04 50
80.78 244 0.31
80.785 22 7.02
80.785 23 0.62
80.785 25 3.91
80.785 30 0.00
80.785 B1 4955.23 5552.27 
80.785 B3 4991.87 5605.19 
80.785 120 13 04 50
80.785 244 0.31
80.79 22 6.73
80.79 23 0.65
80.79 25 1.16
80.79 30 0.00
80.79 B1 4959.77 5548.45 
80.79 B3 4995.78 5600.54 
80.79 120 13 04 50
80.79 244 0.31
80.795 22 4.79
80.795 23 0.75
80.795 25 0.56
80.795 30 0.00
80.795 B1 4966.53 5546.52 
80.795 B3 5000.07 5595.86 
80.795 120 13 04 50
80.795 244 0.31
80.8 22 4.53
80.8 23 0.76
80.8 25 0.56
80.8 30 0.00
80.8 B1 4974.82 5544.06 
80.8 B3 5006.67 5591.69 
80.8 120 13 04 50
80.8 244 0.31
80.805 22 4.65
80.805 23 0.77
80.805 25 0.56
80.805 30 0.00
80.805 B1 4982.91 5539.86 
80.805 B3 5013.76 5586.61 
80.805 120 13 04 50
80.805 244 0.31
80.81 22 4.76
80.81 23 0.78
80.81 25 0.00
80.81 30 0.00
80.81 B1 4990.80 5534.60 
80.81 B3 5021.10 5580.93 
80.81 120 13 04 50
80.81 244 0.31
80.81499 22 4.50
80.81499 23 0.78
80.81499 25 0.00
80.81499 30 0.00
80.81499 B1 4997.20 5527.42 
80.81499 B3 5027.36 5573.70 
80.81499 120 13 04 50
80.81499 244 0.31
80.82 22 4.60
80.82 23 0.78
80.82 25 0.00
80.82 30 0.00
80.82 B1 5004.16 5520.24 
80.82 B3 5034.17 5566.45 
80.82 120 13 04 50
80.82 244 0.31
80.825 22 4.69
80.825 23 0.77
80.825 25 0.00
80.825 30 0.00
80.825 B1 5011.38 5513.15 
80.825 B3 5041.27 5559.25 
80.825 120 13 04 50
80.825 244 0.31
80.83 22 4.78
80.83 23 0.77
80.83 25 0.00
80.83 30 0.00
80.83 B1 5018.69 5506.18 
80.83 B3 5048.51 5552.15 
80.83 120 13 04 50
80.83 244 0.31
80.835 22 4.86
80.835 23 0.77
80.835 25 0.00
80.835 30 0.00
80.835 B1 5025.98 5499.35 
80.835 B3 5055.79 5545.17 
80.835 120 13 04 50
80.835 244 0.31
80.84 22 4.93
80.84 23 0.77
80.84 25 0.00
80.84 30 0.00
80.84 B1 5033.18 5492.70 
80.84 B3 5063.04 5538.35 
80.84 120 13 04 50
80.84 244 0.31
80.845 22 5.00
80.845 23 0.77
80.845 25 0.00
80.845 30 0.00
80.845 B1 5040.26 5486.24 
80.845 B3 5070.21 5531.69 
80.845 120 13 04 50
80.845 244 0.31
80.85 22 5.06
80.85 23 0.76
80.85 25 0.00
80.85 30 0.00
80.85 B1 5048.53 5481.28 
80.85 B3 5078.46 5526.42 
80.85 120 13 04 50
80.85 244 0.31
80.855 22 5.11
80.855 23 0.77
80.855 25 0.00
80.855 30 0.00
80.855 B1 5054.82 5474.73 
80.855 B3 5085.01 5519.80 
80.855 120 13 04 50
80.855 244 0.31
80.86 22 5.16
80.86 23 0.77
80.86 25 0.00
80.86 30 0.00
80.86 B1 5061.16 5468.55 
80.86 B3 5091.55 5513.48 
80.86 120 13 04 50
80.86 244 0.31
80.865 22 5.20
80.865 23 0.77
80.865 25 0.00
80.865 30 0.00
80.865 B1 5068.78 5464.00 
80.865 B3 5099.21 5508.62 
80.865 120 13 04 50
80.865 244 0.31
80.87 22 5.24
80.87 23 0.77
80.87 25 0.00
80.87 30 0.00
80.87 B1 5074.51 5457.92 
80.87 B3 5105.21 5502.48 
80.87 120 13 04 50
80.87 244 0.31
80.875 22 5.27
80.875 23 0.77
80.875 25 0.00
80.875 30 0.00
80.875 B1 5080.33 5452.25 
80.875 B3 5111.22 5496.66 
80.875 120 13 04 50
80.875 244 0.31
80.88 22 5.30
80.88 23 0.76
80.88 25 0.00
80.88 30 0.00
80.88 B1 5086.14 5446.91 
80.88 B3 5117.18 5491.14 
80.88 120 13 04 50
80.88 244 0.31
80.88499 22 5.31
80.88499 23 0.76
80.88499 25 0.00
80.88499 30 0.00
80.88499 B1 5091.91 5441.83 
80.88499 B3 5123.07 5485.87 
80.88499 120 13 04 50
80.88499 244 0.31
80.89 22 5.33
80.89 23 0.76
80.89 25 0.00
80.89 30 0.00
80.89 B1 5097.59 5437.01 
80.89 B3 5128.86 5480.84 
80.89 120 13 04 50
80.89 244 0.31
80.895 22 5.34
80.895 23 0.76
80.895 25 0.00
80.895 30 0.00
80.895 B1 5103.16 5432.39 
80.895 B3 5134.55 5476.04 
80.895 120 13 04 50
80.895 244 0.31
80.9 22 5.34
80.9 23 0.76
80.9 25 0.00
80.9 30 0.00
80.9 B1 5108.63 5427.96 
80.9 B3 5140.12 5471.44 
80.9 120 13 04 50
80.9 244 0.31
80.905 22 5.34
80.905 23 0.75
80.905 25 0.00
80.905 30 0.00
80.905 B1 5113.98 5423.73 
80.905 B3 5145.57 5467.03 
80.905 120 13 04 50
80.905 244 0.31
80.91 22 5.33
80.91 23 0.75
80.91 25 0.00
80.91 30 0.00
80.91 B1 5119.22 5419.67 
80.91 B3 5150.91 5462.81 
80.91 120 13 04 50
80.91 244 0.31
80.915 22 5.32
80.915 23 0.75
80.915 25 0.00
80.915 30 0.00
80.915 B1 5124.34 5415.78 
80.915 B3 5156.13 5458.76 
80.915 120 13 04 50
80.915 244 0.31
80.92 22 5.30
80.92 23 0.75
80.92 25 0.00
80.92 30 0.00
80.92 B1 5129.36 5412.05 
80.92 B3 5161.23 5454.88 
80.92 120 13 04 50
80.92 244 0.31
80.925 22 5.28
80.925 23 0.75
80.925 25 0.00
80.925 30 0.00
80.925 B1 5135.58 5409.79 
80.925 B3 5167.43 5452.37 
80.925 120 13 04 50
80.925 244 0.31
80.93 22 5.26
80.93 23 0.76
80.93 25 0.00
80.93 30 0.00
80.93 B1 5141.20 5407.22 
80.93 B3 5173.14 5449.67 
80.93 120 13 04 50
80.93 244 0.32
80.935 22 5.23
80.935 23 0.76
80.935 25 0.00
80.935 30 0.00
80.935 B1 5149.06 5407.14 
80.935 B3 5180.90 5449.27 
80.935 120 13 04 50
80.935 244 0.33
80.93999 22 5.20
80.93999 23 0.78
80.93999 25 0.00
80.93999 30 0.00
80.93999 B1 5159.59 5410.04 
80.93999 B3 5191.25 5451.77 
80.93999 120 13 04 50
80.93999 244 0.33
80.945 22 5.17
80.945 23 0.83
80.945 25 0.00
80.945 30 0.00
80.945 B1 5167.82 5410.96 
80.945 B3 5199.81 5452.81 
80.945 120 13 04 50
80.945 244 0.33
80.95 22 5.13
80.95 23 0.85
80.95 25 0.00
80.95 30 0.00
80.95 B1 5174.60 5410.68 
80.95 B3 5207.11 5452.85 
80.95 120 13 04 50
80.95 244 0.33
80.955 22 5.09
80.955 23 0.87
80.955 25 0.00
80.955 30 0.00
80.955 B1 5180.48 5409.67 
80.955 B3 5213.54 5452.22 
80.955 120 13 04 50
80.955 244 0.33
80.96 22 5.05
80.96 23 0.88
80.96 25 0.00
80.96 30 0.00
80.96 B1 5185.77 5408.25 
80.96 B3 5219.34 5451.17 
80.96 120 13 04 50
80.96 244 0.33
80.965 22 5.00
80.965 23 0.89
80.965 25 0.00
80.965 30 0.00
80.965 B1 5190.69 5406.62 
80.965 B3 5224.68 5449.83 
80.965 120 13 04 50
80.965 244 0.33
80.97 22 4.96
80.97 23 0.89
80.97 25 0.00
80.97 30 0.00
80.97 B1 5195.34 5404.89 
80.97 B3 5229.69 5448.34 
80.97 120 13 04 50
80.97 244 0.33
80.975 22 4.91
80.975 23 0.89
80.975 25 0.00
80.975 30 0.00
80.975 B1 5199.80 5403.14 
80.975 B3 5234.45 5446.76 
80.975 120 13 04 50
80.975 244 0.33
80.98 22 4.86
80.98 23 0.90
80.98 25 0.00
80.98 30 0.00
80.98 B1 5204.12 5401.41 
80.98 B3 5239.02 5445.16 
80.98 120 13 04 50
80.98 244 0.33
80.985 22 4.81
80.985 23 0.90
80.985 25 0.00
80.985 30 0.00
80.985 B1 5208.32 5399.73 
80.985 B3 5243.43 5443.55 
80.985 120 13 04 50
80.985 244 0.33
80.99 22 4.75
80.99 23 0.90
80.99 25 0.00
80.99 30 0.00
80.99 B1 5212.43 5398.13 
80.99 B3 5247.71 5441.99 
80.99 120 13 04 50
80.99 244 0.34
80.995 22 4.70
80.995 23 0.90
80.995 25 0.00
80.995 30 0.00
80.995 B1 5217.78 5397.92 
80.995 B3 5253.07 5441.67 
80.995 120 13 04 50
80.995 244 0.33
81 22 4.64
81 23 0.90
81 25 0.00
81 30 0.00
81 B1 5221.23 5396.01 
81 B3 5256.79 5439.88 
81 120 13 04 50
81 244 0.33
81.005 22 4.58
81.005 23 0.90
81.005 25 0.00
81.005 30 0.00
81.005 B1 5224.81 5394.35 
81.005 B3 5260.54 5438.25 
81.005 120 13 04 50
81.005 244 0.33
81.00999 22 4.53
81.00999 23 0.90
81.00999 25 0.00
81.00999 30 0.00
81.00999 B1 5228.44 5392.90 
81.00999 B3 5264.28 5436.77 
81.00999 120 13 04 50
81.00999 244 0.33
81.015 22 4.47
81.015 23 0.90
81.015 25 0.00
81.015 30 0.00
81.015 B1 5232.07 5391.59 
81.015 B3 5268.01 5435.42 
81.015 120 13 04 50
81.015 244 0.33
81.02 22 4.41
81.02 23 0.89
81.02 25 0.00
81.02 30 0.00
81.02 B1 5235.69 5390.41 
81.02 B3 5271.71 5434.18 
81.02 120 13 04 50
81.02 244 0.33
81.025 22 4.35
81.025 23 0.89
81.025 25 0.00
81.025 30 0.00
81.025 B1 5239.27 5389.34 
81.025 B3 5275.37 5433.03 
81.025 120 13 04 50
81.025 244 0.33
81.03 22 4.29
81.03 23 0.89
81.03 25 0.00
81.03 30 0.00
81.03 B1 5242.82 5388.37 
81.03 B3 5278.99 5431.98 
81.03 120 13 04 50
81.03 244 0.33
81.035 22 4.23
81.035 23 0.89
81.035 25 0.00
81.035 30 0.00
81.035 B1 5246.32 5387.49 
81.035 B3 5282.56 5431.01 
81.035 120 13 04 50
81.035 244 0.33
81.04 22 4.16
81.04 23 0.89
81.04 25 0.00
81.04 30 0.00
81.04 B1 5249.77 5386.68 
81.04 B3 5286.08 5430.13 
81.04 120 13 04 50
81.04 244 0.33
81.045 22 4.10
81.045 23 0.89
81.045 25 0.00
81.045 30 0.00
81.045 B1 5253.17 5385.96 
81.045 B3 5289.55 5429.32 
81.045 120 13 04 50
81.045 244 0.33
81.05 22 4.04
81.05 23 0.89
81.05 25 0.00
81.05 30 0.00
81.05 B1 5256.52 5385.30 
81.05 B3 5292.98 5428.59 
81.05 120 13 04 50
81.05 244 0.33
81.055 22 3.98
81.055 23 0.89
81.055 25 0.00
81.055 30 0.00
81.055 B1 5259.82 5384.72 
81.055 B3 5296.35 5427.92 
81.055 120 13 04 50
81.055 244 0.33
81.06 22 3.92
81.06 23 0.89
81.06 25 0.00
81.06 30 0.00
81.06 B1 5263.08 5384.20 
81.06 B3 5299.68 5427.33 
81.06 120 13 04 50
81.06 244 0.33
81.06499 22 3.86
81.06499 23 0.89
81.06499 25 0.00
81.06499 30 0.00
81.06499 B1 5266.29 5383.76 
81.06499 B3 5302.96 5426.80 
81.06499 120 13 04 50
81.06499 244 0.33
81.07 22 3.80
81.07 23 0.89
81.07 25 0.00
81.07 30 0.00
81.07 B1 5269.45 5383.37 
81.07 B3 5306.19 5426.34 
81.07 120 13 04 50
81.07 244 0.33
81.075 22 3.74
81.075 23 0.88
81.075 25 0.00
81.075 30 0.00
81.075 B1 5272.56 5383.04 
81.075 B3 5309.38 5425.93 
81.075 120 13 04 50
81.075 244 0.34
81.08 22 3.67
81.08 23 0.88
81.08 25 0.00
81.08 30 0.00
81.08 B1 5276.95 5384.10 
81.08 B3 5313.72 5426.79 
81.08 120 13 04 50
81.08 244 0.33
81.085 22 3.61
81.085 23 0.89
81.085 25 0.00
81.085 30 0.00
81.085 B1 5279.49 5383.42 
81.085 B3 5316.47 5426.16 
81.085 120 13 04 50
81.085 244 0.33
81.09 22 3.55
81.09 23 0.89
81.09 25 0.00
81.09 30 0.00
81.09 B1 5282.18 5382.97 
81.09 B3 5319.28 5425.69 
81.09 120 13 04 50
81.09 244 0.33
81.095 22 3.49
81.095 23 0.89
81.095 25 0.00
81.095 30 0.00
81.095 B1 5284.94 5382.68 
81.095 B3 5322.13 5425.35 
81.095 120 13 04 50
81.095 244 0.33
81.1 22 3.44
81.1 23 0.88
81.1 25 0.00
81.1 30 0.00
81.1 B1 5287.73 5382.52 
81.1 B3 5324.98 5425.12 
81.1 120 13 04 50
81.1 244 0.33
81.105 22 3.38
81.105 23 0.88
81.105 25 0.00
81.105 30 0.00
81.105 B1 5290.52 5382.45 
81.105 B3 5327.84 5424.97 
81.105 120 13 04 50
81.105 244 0.33
81.11 22 3.32
81.11 23 0.88
81.11 25 0.00
81.11 30 0.00
81.11 B1 5293.31 5382.46 
81.11 B3 5330.68 5424.89 
81.11 120 13 04 50
81.11 244 0.34
81.115 22 3.26
81.115 23 0.88
81.115 25 0.00
81.115 30 0.00
81.115 B1 5297.39 5383.85 
81.115 B3 5334.69 5426.08 
81.115 120 13 04 50
81.115 244 0.33
81.12 22 3.20
81.12 23 0.89
81.12 25 0.00
81.12 30 0.00
81.12 B1 5299.64 5383.51 
81.12 B3 5337.13 5425.79 
81.12 120 13 04 50
81.12 244 0.33
81.125 22 3.15
81.125 23 0.88
81.125 25 0.00
81.125 30 0.00
81.125 B1 5302.04 5383.39 
81.125 B3 5339.65 5425.66 
81.125 120 13 04 50
81.125 244 0.33
81.13 22 3.09
81.13 23 0.88
81.13 25 0.00
81.13 30 0.00
81.13 B1 5304.53 5383.44 
81.13 B3 5342.22 5425.65 
81.13 120 13 04 50
81.13 244 0.33
81.13499 22 3.04
81.13499 23 0.88
81.13499 25 0.00
81.13499 30 0.00
81.13499 B1 5307.06 5383.59 
81.13499 B3 5344.80 5425.74 
81.13499 120 13 04 50
81.13499 244 0.33
81.14 22 2.98
81.14 23 0.88
81.14 25 0.00
81.14 30 0.00
81.14 B1 5309.61 5383.84 
81.14 B3 5347.39 5425.91 
81.14 120 13 04 50
81.14 244 0.33
81.145 22 2.93
81.145 23 0.88
81.145 25 0.00
81.145 30 0.00
81.145 B1 5312.14 5384.15 
81.145 B3 5349.97 5426.14 
81.145 120 13 04 50
81.145 244 0.33
81.15 22 2.88
81.15 23 0.88
81.15 25 0.00
81.15 30 0.00
81.15 B1 5314.67 5384.52 
81.15 B3 5352.54 5426.44 
81.15 120 13 04 50
81.15 244 0.33
81.155 22 2.82
81.155 23 0.87
81.155 25 0.00
81.155 30 0.00
81.155 B1 5317.17 5384.94 
81.155 B3 5355.09 5426.79 
81.155 120 13 04 50
81.155 244 0.33
81.16 22 2.77
81.16 23 0.87
81.16 25 0.00
81.16 30 0.00
81.16 B1 5319.65 5385.40 
81.16 B3 5357.62 5427.18 
81.16 120 13 04 50
81.16 244 0.34
81.165 22 2.72
81.165 23 0.87
81.165 25 0.00
81.165 30 0.00
81.165 B1 5323.43 5387.22 
81.165 B3 5361.32 5428.82 
81.165 120 13 04 50
81.165 244 0.33
81.17 22 2.67
81.17 23 0.88
81.17 25 0.00
81.17 30 0.00
81.17 B1 5325.37 5387.28 
81.17 B3 5363.45 5428.96 
81.17 120 13 04 50
81.17 244 0.33
81.175 22 2.62
81.175 23 0.88
81.175 25 0.00
81.175 30 0.00
81.175 B1 5327.47 5387.55 
81.175 B3 5365.66 5429.24 
81.175 120 13 04 50
81.175 244 0.33
81.18 22 2.57
81.18 23 0.88
81.18 25 0.00
81.18 30 0.00
81.18 B1 5329.67 5387.97 
81.18 B3 5367.92 5429.62 
81.18 120 13 04 50
81.18 244 0.33
81.185 22 2.53
81.185 23 0.87
81.185 25 0.00
81.185 30 0.00
81.185 B1 5331.90 5388.49 
81.185 B3 5370.21 5430.09 
81.185 120 13 04 50
81.185 244 0.33
81.18999 22 2.48
81.18999 23 0.87
81.18999 25 0.00
81.18999 30 0.00
81.18999 B1 5334.16 5389.08 
81.18999 B3 5372.50 5430.63 
81.18999 120 13 04 50
81.18999 244 0.33
81.195 22 2.43
81.195 23 0.87
81.195 25 0.00
81.195 30 0.00
81.195 B1 5336.42 5389.73 
81.195 B3 5374.79 5431.22 
81.195 120 13 04 50
81.195 244 0.33
81.2 22 2.39
81.2 23 0.87
81.2 25 0.00
81.2 30 0.00
81.2 B1 5338.67 5390.41 
81.2 B3 5377.08 5431.86 
81.2 120 13 04 50
81.2 244 0.33
81.205 22 2.34
81.205 23 0.87
81.205 25 0.00
81.205 30 0.00
81.205 B1 5340.91 5391.15 
81.205 B3 5379.36 5432.54 
81.205 120 13 04 50
81.205 244 0.33
81.21 22 2.30
81.21 23 0.87
81.21 25 0.00
81.21 30 0.00
81.21 B1 5343.13 5391.91 
81.21 B3 5381.62 5433.26 
81.21 120 13 04 50
81.21 244 0.33
81.215 22 2.25
81.215 23 0.87
81.215 25 0.00
81.215 30 0.00
81.215 B1 5345.34 5392.70 
81.215 B3 5383.87 5434.01 
81.215 120 13 04 50
81.215 244 0.33
81.22 22 2.21
81.22 23 0.87
81.22 25 0.00
81.22 30 0.00
81.22 B1 5346.20 5392.20 
81.22 B3 5384.89 5433.60 
81.22 120 13 04 50
81.22 244 0.33
81.225 22 2.17
81.225 23 0.86
81.225 25 0.32
81.225 30 0.00
81.225 B1 5347.53 5392.19 
81.225 B3 5386.25 5433.55 
81.225 120 13 04 50
81.225 244 0.33
81.23 22 2.37
81.23 23 0.85
81.23 25 0.68
81.23 30 0.00
81.23 B1 5350.16 5393.53 
81.23 B3 5389.03 5434.97 
81.23 120 13 04 50
81.23 244 0.33
81.235 22 2.60
81.235 23 0.85
81.235 25 0.68
81.235 30 0.00
81.235 B1 5352.06 5394.43 
81.235 B3 5391.51 5436.33 
81.235 120 13 04 50
81.235 244 0.33
81.24 22 2.55
81.24 23 0.85
81.24 25 0.68
81.24 30 0.00
81.24 B1 5353.79 5395.60 
81.24 B3 5393.67 5437.75 
81.24 120 13 04 50
81.24 244 0.33
81.245 22 2.49
81.245 23 0.85
81.245 25 1.28
81.245 30 0.00
81.245 B1 5355.40 5396.92 
81.245 B3 5395.60 5439.22 
81.245 120 13 04 50
81.245 244 0.33
81.25 22 2.92
81.25 23 0.83
81.25 25 1.28
81.25 30 0.00
81.25 B1 5354.82 5396.24 
81.25 B3 5396.17 5439.53 
81.25 120 13 04 50
81.25 244 0.33
81.255 22 2.86
81.255 23 0.82
81.255 25 2.71
81.255 30 0.00
81.255 B1 5354.76 5396.61 
81.255 B3 5396.79 5440.38 
81.255 120 13 04 50
81.255 244 0.33
81.25999 22 3.98
81.25999 23 0.74
81.25999 25 3.91
81.25999 30 0.00
81.25999 B1 5353.64 5396.31 
81.25999 B3 5398.63 5442.79 
81.25999 120 13 04 50
81.25999 244 0.33
81.265 22 4.88
81.265 23 0.65
81.265 25 4.27
81.265 30 0.00
81.265 B1 5348.27 5393.09 
81.265 B3 5398.45 5444.34 
81.265 120 13 04 50
81.265 244 0.33
81.27 22 5.06
81.27 23 0.60
81.27 25 4.39
81.27 30 0.00
81.27 B1 5344.54 5393.21 
81.27 B3 5398.80 5447.97 
81.27 120 13 04 50
81.27 244 0.33
81.275 22 5.04
81.275 23 0.58
81.275 25 4.75
81.275 30 0.00
81.275 B1 5339.81 5393.60 
81.275 B3 5397.03 5450.73 
81.275 120 13 04 50
81.275 244 0.33
81.28 22 5.22
81.28 23 0.54
81.28 25 4.75
81.28 30 0.00
81.28 B1 5335.02 5394.73 
81.28 B3 5394.93 5454.05 
81.28 120 13 04 50
81.28 244 0.33
81.285 22 5.10
81.285 23 0.53
81.285 25 4.75
81.285 30 0.00
81.285 B1 5331.22 5397.53 
81.285 B3 5392.51 5457.83 
81.285 120 13 04 50
81.285 244 0.33
81.29 22 5.00
81.29 23 0.53
81.29 25 4.75
81.29 30 0.00
81.29 B1 5328.08 5401.34 
81.29 B3 5389.90 5461.88 
81.29 120 13 04 50
81.29 244 0.33
81.295 22 4.90
81.295 23 0.53
81.295 25 4.75
81.295 30 0.00
81.295 B1 5325.40 5405.73 
81.295 B3 5387.19 5466.09 
81.295 120 13 04 50
81.295 244 0.33
81.3 22 4.80
81.3 23 0.53
81.3 25 4.75
81.3 30 0.00
81.3 B1 5323.02 5410.42 
81.3 B3 5384.44 5470.38 
81.3 120 13 04 50
81.3 244 0.33
81.305 22 4.72
81.305 23 0.54
81.305 25 4.75
81.305 30 0.00
81.305 B1 5320.87 5415.26 
81.305 B3 5381.72 5474.69 
81.305 120 13 04 50
81.305 244 0.33
81.31 22 4.63
81.31 23 0.54
81.31 25 4.75
81.31 30 0.00
81.31 B1 5318.89 5420.14 
81.31 B3 5379.05 5478.99 
81.31 120 13 04 50
81.31 244 0.33
81.31499 22 4.56
81.31499 23 0.55
81.31499 25 4.87
81.31499 30 0.00
81.31499 B1 5317.06 5424.99 
81.31499 B3 5376.46 5483.24 
81.31499 120 13 04 50
81.31499 244 0.33
81.32 22 4.59
81.32 23 0.54
81.32 25 4.87
81.32 30 0.00
81.32 B1 5313.69 5428.13 
81.32 B3 5372.76 5486.25 
81.32 120 13 04 50
81.32 244 0.33
81.325 22 4.52
81.325 23 0.54
81.325 25 4.87
81.325 30 0.00
81.325 B1 5310.99 5431.81 
81.325 B3 5369.47 5489.54 
81.325 120 13 04 50
81.325 244 0.33
81.33 22 4.46
81.33 23 0.53
81.33 25 4.99
81.33 30 0.00
81.33 B1 5308.74 5435.80 
81.33 B3 5366.50 5493.02 
81.33 120 13 04 50
81.33 244 0.33
81.335 22 4.50
81.335 23 0.52
81.335 25 4.99
81.335 30 0.00
81.335 B1 5306.47 5439.61 
81.335 B3 5363.79 5496.60 
81.335 120 13 04 50
81.335 244 0.33
81.34 22 4.44
81.34 23 0.52
81.34 25 5.23
81.34 30 0.00
81.34 B1 5304.51 5443.64 
81.34 B3 5361.24 5500.25 
81.34 120 13 04 50
81.34 244 0.33
81.345 22 4.59
81.345 23 0.50
81.345 25 5.47
81.345 30 0.00
81.345 B1 5302.10 5447.12 
81.345 B3 5358.85 5503.92 
81.345 120 13 04 50
81.345 244 0.33
81.35 22 4.74
81.35 23 0.48
81.35 25 5.47
81.35 30 0.00
81.35 B1 5299.33 5450.28 
81.35 B3 5356.50 5507.65 
81.35 120 13 04 50
81.35 244 0.33
81.355 22 4.68
81.355 23 0.48
81.355 25 5.47
81.355 30 0.00
81.355 B1 5296.96 5453.95 
81.355 B3 5354.11 5511.45 
81.355 120 13 04 50
81.355 244 0.33
81.36 22 4.63
81.36 23 0.48
81.36 25 5.47
81.36 30 0.00
81.36 B1 5294.87 5457.91 
81.36 B3 5351.74 5515.26 
81.36 120 13 04 50
81.36 244 0.33
81.365 22 4.59
81.365 23 0.48
81.365 25 5.59
81.365 30 0.00
81.365 B1 5292.97 5461.99 
81.365 B3 5349.42 5519.06 
81.365 120 13 04 50
81.365 244 0.32
81.37 22 4.65
81.37 23 0.47
81.37 25 5.59
81.37 30 0.00
81.37 B1 5289.57 5464.48 
81.37 B3 5345.96 5521.63 
81.37 120 13 04 50
81.37 244 0.32
81.375 22 4.61
81.375 23 0.47
81.375 25 5.71
81.375 30 0.00
81.375 B1 5286.87 5467.58 
81.375 B3 5342.89 5524.51 
81.375 120 13 04 50
81.375 244 0.32
81.38 22 4.68
81.38 23 0.45
81.38 25 5.71
81.38 30 0.00
81.38 B1 5284.29 5470.70 
81.38 B3 5340.12 5527.59 
81.38 120 13 04 50
81.38 244 0.32
81.38499 22 4.65
81.38499 23 0.45
81.38499 25 5.71
81.38499 30 0.00
81.38499 B1 5282.09 5474.16 
81.38499 B3 5337.53 5530.81 
81.38499 120 13 04 50
81.38499 244 0.32
81.39 22 4.62
81.39 23 0.45
81.39 25 5.71
81.39 30 0.00
81.39 B1 5280.16 5477.80 
81.39 B3 5335.11 5534.10 
81.39 120 13 04 50
81.39 244 0.33
81.395 22 4.59
81.395 23 0.45
81.395 25 5.71
81.395 30 0.00
81.395 B1 5279.73 5482.84 
81.395 B3 5334.03 5538.63 
81.395 120 13 04 50
81.395 244 0.33
81.4 22 4.57
81.4 23 0.46
81.4 25 5.71
81.4 30 0.00
81.4 B1 5278.96 5487.42 
81.4 B3 5332.72 5542.81 
81.4 120 13 04 50
81.4 244 0.32
81.405 22 4.56
81.405 23 0.47
81.405 25 5.71
81.405 30 0.00
81.405 B1 5276.66 5490.36 
81.405 B3 5330.08 5545.54 
81.405 120 13 04 50
81.405 244 0.32
81.41 22 4.54
81.41 23 0.47
81.41 25 5.71
81.41 30 0.00
81.41 B1 5274.76 5493.51 
81.41 B3 5327.74 5548.41 
81.41 120 13 04 50
81.41 244 0.32
81.415 22 4.53
81.415 23 0.47
81.415 25 5.71
81.415 30 0.00
81.415 B1 5271.80 5495.44 
81.415 B3 5324.44 5550.14 
81.415 120 13 04 50
81.415 244 0.32
81.42 22 4.52
81.42 23 0.46
81.42 25 5.83
81.42 30 0.00
81.42 B1 5269.51 5497.87 
81.42 B3 5321.67 5552.24 
81.42 120 13 04 50
81.42 244 0.32
81.425 22 4.62
81.425 23 0.44
81.425 25 5.83
81.425 30 0.00
81.425 B1 5267.35 5500.27 
81.425 B3 5319.30 5554.57 
81.425 120 13 04 50
81.425 244 0.31
81.43 22 4.61
81.43 23 0.44
81.43 25 5.83
81.43 30 0.00
81.43 B1 5264.23 5501.66 
81.43 B3 5315.98 5555.88 
81.43 120 13 04 50
81.43 244 0.32
81.435 22 4.61
81.435 23 0.43
81.435 25 5.83
81.435 30 0.00
81.435 B1 5263.15 5504.98 
81.435 B3 5314.41 5558.83 
81.435 120 13 04 50
81.435 244 0.32
81.43999 22 4.61
81.43999 23 0.43
81.43999 25 5.83
81.43999 30 0.00
81.43999 B1 5262.05 5508.22 
81.43999 B3 5312.88 5561.74 
81.43999 120 13 04 50
81.43999 244 0.32
81.445 22 4.61
81.445 23 0.43
81.445 25 5.83
81.445 30 0.00
81.445 B1 5260.96 5511.36 
81.445 B3 5311.40 5564.61 
81.445 120 13 04 50
81.445 244 0.31
81.45 22 4.62
81.45 23 0.44
81.45 25 5.83
81.45 30 0.00
81.45 B1 5258.55 5513.10 
81.45 B3 5308.79 5566.23 
81.45 120 13 04 50
81.45 244 0.31
81.455 22 4.62
81.455 23 0.43
81.455 25 5.83
81.455 30 0.00
81.455 B1 5256.66 5515.21 
81.455 B3 5306.58 5568.13 
81.455 120 13 04 50
81.455 244 0.32
81.46 22 4.63
81.46 23 0.43
81.46 25 5.83
81.46 30 0.00
81.46 B1 5256.43 5518.85 
81.46 B3 5305.88 5571.41 
81.46 120 13 04 50
81.46 244 0.32
81.465 22 4.64
81.465 23 0.43
81.465 25 5.83
81.465 30 0.00
81.465 B1 5255.93 5522.15 
81.465 B3 5305.05 5574.47 
81.465 120 13 04 50
81.465 244 0.31
81.47 22 4.65
81.47 23 0.44
81.47 25 5.83
81.47 30 0.00
81.47 B1 5253.95 5523.87 
81.47 B3 5302.96 5576.18 
81.47 120 13 04 50
81.47 244 0.31
81.475 22 4.67
81.475 23 0.43
81.475 25 5.83
81.475 30 0.00
81.475 B1 5252.38 5525.87 
81.475 B3 5301.18 5578.07 
81.475 120 13 04 50
81.475 244 0.32
81.48 22 4.68
81.48 23 0.43
81.48 25 5.83
81.48 30 0.00
81.48 B1 5252.40 5529.35 
81.48 B3 5300.84 5581.29 
81.48 120 13 04 50
81.48 244 0.32
81.485 22 4.70
81.485 23 0.43
81.485 25 5.83
81.485 30 0.00
81.485 B1 5252.09 5532.44 
81.485 B3 5300.32 5584.25 
81.485 120 13 04 50
81.485 244 0.31
81.49 22 4.72
81.49 23 0.44
81.49 25 5.83
81.49 30 0.00
81.49 B1 5250.29 5533.94 
81.49 B3 5298.50 5585.82 
81.49 120 13 04 50
81.49 244 0.31
81.495 22 4.74
81.495 23 0.43
81.495 25 5.95
81.495 30 0.00
81.495 B1 5248.88 5535.70 
81.495 B3 5296.97 5587.57 
81.495 120 13 04 50
81.495 244 0.31
81.5 22 4.86
81.5 23 0.42
81.5 25 5.95
81.5 30 0.00
81.5 B1 5247.42 5537.32 
81.5 B3 5295.66 5589.43 
81.5 120 13 04 50
81.5 244 0.31
81.505 22 4.88
81.505 23 0.41
81.505 25 5.95
81.505 30 0.00
81.505 B1 5246.20 5539.17 
81.505 B3 5294.47 5591.40 
81.505 120 13 04 50
81.505 244 0.31
81.50999 22 4.90
81.50999 23 0.41
81.50999 25 5.83
81.50999 30 0.00
81.50999 B1 5243.80 5539.81 
81.50999 B3 5292.16 5592.21 
81.50999 120 13 04 50
81.50999 244 0.31
81.515 22 4.82
81.515 23 0.41
81.515 25 5.83
81.515 30 0.00
81.515 B1 5243.62 5542.59 
81.515 B3 5291.49 5594.59 
81.515 120 13 04 50
81.515 244 0.31
81.52 22 4.84
81.52 23 0.42
81.52 25 5.83
81.52 30 0.00
81.52 B1 5243.25 5545.07 
81.52 B3 5290.81 5596.84 
81.52 120 13 04 50
81.52 244 0.31
81.525 22 4.87
81.525 23 0.42
81.525 25 5.83
81.525 30 0.00
81.525 B1 5241.47 5546.02 
81.525 B3 5288.95 5597.81 
81.525 120 13 04 50
81.525 244 0.31
81.53 22 4.90
81.53 23 0.41
81.53 25 5.95
81.53 30 0.00
81.53 B1 5241.44 5548.59 
81.53 B3 5288.67 5600.22 
81.53 120 13 04 50
81.53 244 0.31
81.535 22 5.02
81.535 23 0.40
81.535 25 5.95
81.535 30 0.00
81.535 B1 5240.91 5550.60 
81.535 B3 5288.29 5602.46 
81.535 120 13 04 50
81.535 244 0.31
81.54 22 5.05
81.54 23 0.40
81.54 25 5.95
81.54 30 0.00
81.54 B1 5238.99 5551.24 
81.54 B3 5286.61 5603.42 
81.54 120 13 04 50
81.54 244 0.31
81.545 22 5.07
81.545 23 0.40
81.545 25 5.95
81.545 30 0.00
81.545 B1 5237.55 5552.29 
81.545 B3 5285.24 5604.63 
81.545 120 13 04 50
81.545 244 0.31
81.55 22 5.10
81.55 23 0.39
81.55 25 5.83
81.55 30 0.00
81.55 B1 5237.71 5554.90 
81.55 B3 5285.27 5607.19 
81.55 120 13 04 50
81.55 244 0.31
81.555 22 5.02
81.555 23 0.41
81.555 25 5.83
81.555 30 0.00
81.555 B1 5236.55 5556.17 
81.555 B3 5283.91 5608.34 
81.555 120 13 04 50
81.555 244 0.31
81.56 22 5.05
81.56 23 0.41
81.56 25 5.83
81.56 30 0.00
81.56 B1 5235.63 5557.54 
81.56 B3 5282.82 5609.62 
81.56 120 13 04 50
81.56 244 0.31
81.56499 22 5.08
81.56499 23 0.40
81.56499 25 5.95
81.56499 30 0.00
81.56499 B1 5234.88 5558.94 
81.56499 B3 5281.93 5610.99 
81.56499 120 13 04 50
81.56499 244 0.31
81.57 22 5.21
81.57 23 0.39
81.57 25 5.83
81.57 30 0.00
81.57 B1 5235.26 5561.38 
81.57 B3 5282.38 5613.60 
81.57 120 13 04 50
81.57 244 0.31
81.575 22 5.14
81.575 23 0.41
81.575 25 5.83
81.575 30 0.00
81.575 B1 5234.25 5562.49 
81.575 B3 5281.33 5614.74 
81.575 120 13 04 50
81.575 244 0.31
81.58 22 5.17
81.58 23 0.40
81.58 25 5.83
81.58 30 0.00
81.58 B1 5233.46 5563.69 
81.58 B3 5280.49 5615.97 
81.58 120 13 04 50
81.58 244 0.31
81.585 22 5.20
81.585 23 0.40
81.585 25 5.83
81.585 30 0.00
81.585 B1 5232.81 5564.93 
81.585 B3 5279.80 5617.26 
81.585 120 13 04 50
81.585 244 0.31
81.59 22 5.23
81.59 23 0.40
81.59 25 5.83
81.59 30 0.00
81.59 B1 5232.25 5566.19 
81.59 B3 5279.22 5618.59 
81.59 120 13 04 50
81.59 244 0.31
81.595 22 5.27
81.595 23 0.39
81.595 25 5.83
81.595 30 0.00
81.595 B1 5231.75 5567.45 
81.595 B3 5278.72 5619.93 
81.595 120 13 04 50
81.595 244 0.31
81.6 22 5.30
81.6 23 0.39
81.6 25 5.83
81.6 30 0.00
81.6 B1 5231.29 5568.70 
81.6 B3 5278.28 5621.28 
81.6 120 13 04 50
81.6 244 0.31
81.605 22 5.33
81.605 23 0.39
81.605 25 5.95
81.605 30 0.00
81.605 B1 5230.87 5569.92 
81.605 B3 5277.89 5622.61 
81.605 120 13 04 50
81.605 244 0.31
81.61 22 5.46
81.61 23 0.38
81.61 25 5.95
81.61 30 0.00
81.61 B1 5230.17 5570.82 
81.61 B3 5277.53 5623.93 
81.61 120 13 04 50
81.61 244 0.31
81.615 22 5.49
81.615 23 0.38
81.615 25 5.83
81.615 30 0.00
81.615 B1 5229.55 5571.85 
81.615 B3 5277.16 5625.27 
81.615 120 13 04 50
81.615 244 0.31
81.62 22 5.41
81.62 23 0.39
81.62 25 5.83
81.62 30 0.00
81.62 B1 5229.30 5573.24 
81.62 B3 5276.78 5626.60 
81.62 120 13 04 50
81.62 244 0.31
81.625 22 5.44
81.625 23 0.39
81.625 25 5.83
81.625 30 0.00
81.625 B1 5229.02 5574.52 
81.625 B3 5276.45 5627.90 
81.625 120 13 04 50
81.625 244 0.31
81.63 22 5.48
81.63 23 0.39
81.63 25 5.95
81.63 30 0.00
81.63 B1 5228.73 5575.71 
81.63 B3 5276.15 5629.16 
81.63 120 13 04 50
81.63 244 0.31
81.63499 22 5.60
81.63499 23 0.37
81.63499 25 5.83
81.63499 30 0.00
81.63499 B1 5228.14 5576.54 
81.63499 B3 5275.89 5630.39 
81.63499 120 13 04 50
81.63499 244 0.31
81.64 22 5.53
81.64 23 0.39
81.64 25 5.83
81.64 30 0.00
81.64 B1 5227.92 5577.76 
81.64 B3 5275.60 5631.61 
81.64 120 13 04 50
81.64 244 0.31
81.645 22 5.56
81.645 23 0.38
81.645 25 5.83
81.645 30 0.00
81.645 B1 5227.68 5578.89 
81.645 B3 5275.36 5632.81 
81.645 120 13 04 50
81.645 244 0.31
81.65 22 5.59
81.65 23 0.38
81.65 25 5.83
81.65 30 0.00
81.65 B1 5227.44 5579.94 
81.65 B3 5275.14 5633.96 
81.65 120 13 04 50
81.65 244 0.31
81.655 22 5.62
81.655 23 0.38
81.655 25 5.95
81.655 30 0.00
81.655 B1 5227.19 5580.95 
81.655 B3 5274.94 5635.08 
81.655 120 13 04 50
81.655 244 0.31
81.66 22 5.75
81.66 23 0.37
81.66 25 5.95
81.66 30 0.00
81.66 B1 5226.64 5581.59 
81.66 B3 5274.77 5636.17 
81.66 120 13 04 50
81.66 244 0.31
81.665 22 5.78
81.665 23 0.37
81.665 25 5.83
81.665 30 0.00
81.665 B1 5226.16 5582.36 
81.665 B3 5274.56 5637.27 
81.665 120 13 04 50
81.665 244 0.31
81.67 22 5.70
81.67 23 0.38
81.67 25 5.83
81.67 30 0.00
81.67 B1 5226.05 5583.49 
81.67 B3 5274.34 5638.35 
81.67 120 13 04 50
81.67 244 0.31
81.675 22 5.73
81.675 23 0.38
81.675 25 5.83
81.675 30 0.00
81.675 B1 5225.90 5584.51 
81.675 B3 5274.15 5639.40 
81.675 120 13 04 50
81.675 244 0.31
81.68 22 5.76
81.68 23 0.38
81.68 25 5.83
81.68 30 0.00
81.68 B1 5225.73 5585.44 
81.68 B3 5274.00 5640.41 
81.68 120 13 04 50
81.68 244 0.31
81.685 22 5.79
81.685 23 0.38
81.685 25 5.83
81.685 30 0.00
81.685 B1 5225.56 5586.31 
81.685 B3 5273.87 5641.39 
81.685 120 13 04 50
81.685 244 0.31
81.68999 22 5.82
81.68999 23 0.38
81.68999 25 5.95
81.68999 30 0.00
81.68999 B1 5226.70 5588.46 
81.68999 B3 5274.96 5643.54 
81.68999 120 13 04 50
81.68999 244 0.31
81.695 22 5.95
81.695 23 0.37
81.695 25 5.95
81.695 30 0.00
81.695 B1 5225.72 5588.48 
81.695 B3 5274.50 5644.14 
81.695 120 13 04 50
81.695 244 0.31
81.7 22 5.97
81.7 23 0.37
81.7 25 5.95
81.7 30 0.00
81.7 B1 5225.00 5588.78 
81.7 B3 5274.12 5644.84 
81.7 120 13 04 50
81.7 244 0.31
81.705 22 5.99
81.705 23 0.36
81.705 25 5.95
81.705 30 0.00
81.705 B1 5225.77 5590.58 
81.705 B3 5275.00 5646.79 
81.705 120 13 04 50
81.705 244 0.31
81.71 22 6.02
81.71 23 0.37
81.71 25 5.83
81.71 30 0.00
81.71 B1 5226.15 5592.03 
81.71 B3 5275.55 5648.46 
81.71 120 13 04 50
81.71 244 0.31
81.715 22 5.94
81.715 23 0.39
81.715 25 5.95
81.715 30 0.00
81.715 B1 5226.62 5593.57 
81.715 B3 5275.90 5649.92 
81.715 120 13 04 50
81.715 244 0.31
81.72 22 6.07
81.72 23 0.38
81.72 25 5.95
81.72 30 0.00
81.72 B1 5225.24 5593.16 
81.72 B3 5274.94 5650.00 
81.72 120 13 04 50
81.72 244 0.31
81.725 22 6.09
81.725 23 0.37
81.725 25 5.95
81.725 30 0.00
81.725 B1 5225.61 5594.47 
81.725 B3 5275.44 5651.48 
81.725 120 13 04 50
81.725 244 0.31
81.73 22 6.11
81.73 23 0.37
81.73 25 5.95
81.73 30 0.00
81.73 B1 5225.77 5595.58 
81.73 B3 5275.74 5652.79 
81.73 120 13 04 50
81.73 244 0.31
81.735 22 6.14
81.735 23 0.38
81.735 25 5.95
81.735 30 0.00
81.735 B1 5225.80 5596.55 
81.735 B3 5275.92 5653.97 
81.735 120 13 04 50
81.735 244 0.31
81.74 22 6.16
81.74 23 0.38
81.74 25 5.95
81.74 30 0.00
81.74 B1 5224.42 5596.11 
81.74 B3 5274.82 5653.86 
81.74 120 13 04 50
81.74 244 0.31
81.745 22 6.18
81.745 23 0.37
81.745 25 5.95
81.745 30 0.00
81.745 B1 5223.50 5596.05 
81.745 B3 5274.03 5653.99 
81.745 120 13 04 50
81.745 244 0.31
81.75 22 6.20
81.75 23 0.36
81.75 25 5.95
81.75 30 0.00
81.75 B1 5222.85 5596.23 
81.75 B3 5273.44 5654.29 
81.75 120 13 04 50
81.75 244 0.31
81.755 22 6.23
81.755 23 0.36
81.755 25 5.95
81.755 30 0.00
81.755 B1 5222.39 5596.56 
81.755 B3 5273.01 5654.70 
81.755 120 13 04 50
81.755 244 0.31
81.75999 22 6.25
81.75999 23 0.36
81.75999 25 5.95
81.75999 30 0.00
81.75999 B1 5222.03 5596.98 
81.75999 B3 5272.67 5655.19 
81.75999 120 13 04 50
81.75999 244 0.31
81.765 22 6.27
81.765 23 0.35
81.765 25 5.95
81.765 30 0.00
81.765 B1 5221.73 5597.45 
81.765 B3 5272.41 5655.74 
81.765 120 13 04 50
81.765 244 0.31
81.77 22 6.29
81.77 23 0.35
81.77 25 5.95
81.77 30 0.00
81.77 B1 5221.49 5597.95 
81.77 B3 5272.20 5656.31 
81.77 120 13 04 50
81.77 244 0.31
81.775 22 6.31
81.775 23 0.35
81.775 25 5.95
81.775 30 0.00
81.775 B1 5222.59 5599.78 
81.775 B3 5273.23 5658.10 
81.775 120 13 04 50
81.775 244 0.31
81.78 22 6.33
81.78 23 0.36
81.78 25 5.95
81.78 30 0.00
81.78 B1 5221.90 5599.85 
81.78 B3 5272.73 5658.38 
81.78 120 13 04 50
81.78 244 0.31
81.785 22 6.35
81.785 23 0.35
81.785 25 5.95
81.785 30 0.00
81.785 B1 5221.41 5600.07 
81.785 B3 5272.36 5658.75 
81.785 120 13 04 50
81.785 244 0.31
81.79 22 6.37
81.79 23 0.35
81.79 25 5.95
81.79 30 0.00
81.79 B1 5221.05 5600.38 
81.79 B3 5272.08 5659.19 
81.79 120 13 04 50
81.79 244 0.31
81.795 22 6.39
81.795 23 0.35
81.795 25 5.95
81.795 30 0.00
81.795 B1 5220.78 5600.75 
81.795 B3 5271.87 5659.66 
81.795 120 13 04 50
81.795 244 0.31
81.8 22 6.41
81.8 23 0.35
81.8 25 5.95
81.8 30 0.00
81.8 B1 5221.87 5602.47 
81.8 B3 5272.90 5661.36 
81.8 120 13 04 50
81.8 244 0.31
81.805 22 6.43
81.805 23 0.35
81.805 25 5.95
81.805 30 0.00
81.805 B1 5222.51 5603.76 
81.805 B3 5273.61 5662.74 
81.805 120 13 04 50
81.805 244 0.31
81.81 22 6.45
81.81 23 0.36
81.81 25 5.83
81.81 30 0.00
81.81 B1 5222.86 5604.77 
81.81 B3 5274.09 5663.90 
81.81 120 13 04 50
81.81 244 0.31
81.81499 22 6.37
81.81499 23 0.38
81.81499 25 5.83
81.81499 30 0.00
81.81499 B1 5223.37 5605.91 
81.81499 B3 5274.42 5664.90 
81.81499 120 13 04 50
81.81499 244 0.31
81.82 22 6.40
81.82 23 0.38
81.82 25 5.95
81.82 30 0.00
81.82 B1 5223.71 5606.77 
81.82 B3 5274.70 5665.74 
81.82 120 13 04 50
81.82 244 0.31
81.825 22 6.51
81.825 23 0.37
81.825 25 5.95
81.825 30 0.00
81.825 B1 5222.27 5605.79 
81.825 B3 5273.75 5665.28 
81.825 120 13 04 50
81.825 244 0.31
81.83 22 6.53
81.83 23 0.36
81.83 25 5.95
81.83 30 0.00
81.83 B1 5221.35 5605.30 
81.83 B3 5273.08 5665.09 
81.83 120 13 04 50
81.83 244 0.31
81.835 22 6.55
81.835 23 0.35
81.835 25 5.95
81.835 30 0.00
81.835 B1 5220.74 5605.11 
81.835 B3 5272.61 5665.08 
81.835 120 13 04 50
81.835 244 0.31
81.84 22 6.57
81.84 23 0.35
81.84 25 5.95
81.84 30 0.00
81.84 B1 5221.64 5606.44 
81.84 B3 5273.47 5666.40 
81.84 120 13 04 50
81.84 244 0.31
81.845 22 6.58
81.845 23 0.35
81.845 25 5.95
81.845 30 0.00
81.845 B1 5220.84 5606.13 
81.845 B3 5272.87 5666.30 
81.845 120 13 04 50
81.845 244 0.31
81.85 22 6.60
81.85 23 0.35
81.85 25 5.95
81.85 30 0.00
81.85 B1 5220.32 5606.04 
81.85 B3 5272.45 5666.35 
81.85 120 13 04 50
81.85 244 0.31
81.855 22 6.62
81.855 23 0.34
81.855 25 5.95
81.855 30 0.00
81.855 B1 5219.95 5606.11 
81.855 B3 5272.15 5666.51 
81.855 120 13 04 50
81.855 244 0.31
81.86 22 6.63
81.86 23 0.34
81.86 25 5.83
81.86 30 0.00
81.86 B1 5219.69 5606.27 
81.86 B3 5271.93 5666.74 
81.86 120 13 04 50
81.86 244 0.31
81.865 22 6.55
81.865 23 0.35
81.865 25 5.95
81.865 30 0.00
81.865 B1 5219.84 5606.82 
81.865 B3 5271.78 5667.01 
81.865 120 13 04 50
81.865 244 0.31
81.87 22 6.67
81.87 23 0.34
81.87 25 5.95
81.87 30 0.00
81.87 B1 5219.60 5606.91 
81.87 B3 5271.71 5667.30 
81.87 120 13 04 50
81.87 244 0.31
81.875 22 6.68
81.875 23 0.34
81.875 25 5.95
81.875 30 0.00
81.875 B1 5219.41 5607.08 
81.875 B3 5271.66 5667.61 
81.875 120 13 04 50
81.875 244 0.31
81.88 22 6.70
81.88 23 0.34
81.88 25 5.83
81.88 30 0.00
81.88 B1 5219.26 5607.29 
81.88 B3 5271.61 5667.94 
81.88 120 13 04 50
81.88 244 0.31
81.88499 22 6.61
81.88499 23 0.35
81.88499 25 5.95
81.88499 30 0.00
81.88499 B1 5219.48 5607.86 
81.88499 B3 5271.58 5668.28 
81.88499 120 13 04 50
81.88499 244 0.31
81.89 22 6.73
81.89 23 0.33
81.89 25 5.95
81.89 30 0.00
81.89 B1 5219.28 5607.95 
81.89 B3 5271.59 5668.60 
81.89 120 13 04 50
81.89 244 0.31
81.895 22 6.74
81.895 23 0.33
81.895 25 5.83
81.895 30 0.00
81.895 B1 5219.13 5608.11 
81.895 B3 5271.60 5668.93 
81.895 120 13 04 50
81.895 244 0.31
81.9 22 6.66
81.9 23 0.35
81.9 25 5.83
81.9 30 0.00
81.9 B1 5219.34 5608.64 
81.9 B3 5271.59 5669.26 
81.9 120 13 04 50
81.9 244 0.31
81.905 22 6.67
81.905 23 0.35
81.905 25 5.83
81.905 30 0.00
81.905 B1 5219.49 5609.04 
81.905 B3 5271.63 5669.57 
81.905 120 13 04 50
81.905 244 0.31
81.91 22 6.69
81.91 23 0.35
81.91 25 5.83
81.91 30 0.00
81.91 B1 5220.92 5610.66 
81.91 B3 5272.90 5671.05 
81.91 120 13 04 50
81.91 244 0.31
81.915 22 6.71
81.915 23 0.35
81.915 25 5.83
81.915 30 0.00
81.915 B1 5221.83 5611.78 
81.915 B3 5273.82 5672.19 
81.915 120 13 04 50
81.915 244 0.31
81.92 22 6.72
81.92 23 0.36
81.92 25 5.83
81.92 30 0.00
81.92 B1 5222.41 5612.56 
81.92 B3 5274.51 5673.08 
81.92 120 13 04 50
81.92 244 0.31
81.925 22 6.74
81.925 23 0.36
81.925 25 5.83
81.925 30 0.00
81.925 B1 5221.48 5611.82 
81.925 B3 5273.84 5672.61 
81.925 120 13 04 50
81.925 244 0.31
81.93 22 6.75
81.93 23 0.36
81.93 25 5.95
81.93 30 0.00
81.93 B1 5220.93 5611.37 
81.93 B3 5273.42 5672.33 
81.93 120 13 04 50
81.93 244 0.31
81.935 22 6.86
81.935 23 0.34
81.935 25 5.95
81.935 30 0.00
81.935 B1 5221.58 5612.10 
81.935 B3 5274.37 5673.39 
81.935 120 13 04 50
81.935 244 0.31
81.93999 22 6.87
81.93999 23 0.34
81.93999 25 5.95
81.93999 30 0.00
81.93999 B1 5221.95 5612.68 
81.93999 B3 5275.03 5674.25 
81.93999 120 13 04 50
81.93999 244 0.31
81.945 22 6.88
81.945 23 0.35
81.945 25 5.95
81.945 30 0.00
81.945 B1 5222.17 5613.15 
81.945 B3 5275.48 5674.97 
81.945 120 13 04 50
81.945 244 0.31
81.95 22 6.90
81.95 23 0.35
81.95 25 5.95
81.95 30 0.00
81.95 B1 5222.28 5613.55 
81.95 B3 5275.79 5675.58 
81.95 120 13 04 50
81.95 244 0.31
81.955 22 6.91
81.955 23 0.35
81.955 25 5.83
81.955 30 0.00
81.955 B1 5222.34 5613.91 
81.955 B3 5276.02 5676.11 
81.955 120 13 04 50
81.955 244 0.31
81.96 22 6.82
81.96 23 0.36
81.96 25 5.83
81.96 30 0.00
81.96 B1 5221.39 5613.26 
81.96 B3 5274.98 5675.39 
81.96 120 13 04 50
81.96 244 0.31
81.965 22 6.83
81.965 23 0.36
81.965 25 5.95
81.965 30 0.00
81.965 B1 5220.83 5612.87 
81.965 B3 5274.31 5674.92 
81.965 120 13 04 50
81.965 244 0.31
81.97 22 6.94
81.97 23 0.34
81.97 25 5.83
81.97 30 0.00
81.97 B1 5221.48 5613.62 
81.97 B3 5275.08 5675.83 
81.97 120 13 04 50
81.97 244 0.31
81.975 22 6.85
81.975 23 0.35
81.975 25 5.95
81.975 30 0.00
81.975 B1 5222.21 5614.54 
81.975 B3 5275.61 5676.57 
81.975 120 13 04 50
81.975 244 0.31
81.98 22 6.96
81.98 23 0.34
81.98 25 5.95
81.98 30 0.00
81.98 B1 5222.34 5614.84 
81.98 B3 5276.03 5677.15 
81.98 120 13 04 50
81.98 244 0.31
81.985 22 6.97
81.985 23 0.35
81.985 25 5.95
81.985 30 0.00
81.985 B1 5221.09 5613.80 
81.985 B3 5275.12 5676.47 
81.985 120 13 04 50
81.985 244 0.31
81.99 22 6.98
81.99 23 0.34
81.99 25 5.95
81.99 30 0.00
81.99 B1 5221.62 5614.51 
81.99 B3 5275.69 5677.24 
81.99 120 13 04 50
81.99 244 0.31
81.995 22 6.99
81.995 23 0.34
81.995 25 5.95
81.995 30 0.00
81.995 B1 5221.93 5615.06 
81.995 B3 5276.08 5677.88 
81.995 120 13 04 50
81.995 244 0.31
82 22 7.00
82 23 0.34
82 25 5.95
82 30 0.00
82 B1 5222.10 5615.49 
82 B3 5276.35 5678.41 
82 120 13 04 50
82 244 0.31
82.005 22 7.01
82.005 23 0.34
82.005 25 5.83
82.005 30 0.00
82.005 B1 5222.20 5615.85 
82.005 B3 5276.54 5678.88 
82.005 120 13 04 50
82.005 244 0.31
82.00999 22 6.92
82.00999 23 0.36
82.00999 25 5.83
82.00999 30 0.00
82.00999 B1 5222.61 5616.51 
82.00999 B3 5276.68 5679.29 
82.00999 120 13 04 50
82.00999 244 0.31
82.015 22 6.93
82.015 23 0.36
82.015 25 5.83
82.015 30 0.00
82.015 B1 5222.90 5616.98 
82.015 B3 5276.83 5679.63 
82.015 120 13 04 50
82.015 244 0.31
82.02 22 6.94
82.02 23 0.36
82.02 25 5.83
82.02 30 0.00
82.02 B1 5221.80 5615.99 
82.02 B3 5275.79 5678.72 
82.02 120 13 04 50
82.02 244 0.31
82.025 22 6.95
82.025 23 0.35
82.025 25 5.83
82.025 30 0.00
82.025 B1 5221.15 5615.37 
82.025 B3 5275.11 5678.10 
82.025 120 13 04 50
82.025 244 0.31
82.03 22 6.96
82.03 23 0.35
82.03 25 5.83
82.03 30 0.00
82.03 B1 5220.77 5614.98 
82.03 B3 5274.69 5677.69 
82.03 120 13 04 50
82.03 244 0.31
82.035 22 6.97
82.035 23 0.34
82.035 25 5.95
82.035 30 0.00
82.035 B1 5220.57 5614.74 
82.035 B3 5274.43 5677.42 
82.035 120 13 04 50
82.035 244 0.31
82.04 22 7.07
82.04 23 0.33
82.04 25 5.95
82.04 30 0.00
82.04 B1 5221.42 5615.57 
82.04 B3 5275.49 5678.45 
82.04 120 13 04 50
82.04 244 0.31
82.045 22 7.08
82.045 23 0.33
82.045 25 5.83
82.045 30 0.00
82.045 B1 5220.61 5614.86 
82.045 B3 5275.02 5678.07 
82.045 120 13 04 50
82.045 244 0.31
82.05 22 6.99
82.05 23 0.34
82.05 25 5.95
82.05 30 0.00
82.05 B1 5220.45 5614.80 
82.05 B3 5274.68 5677.85 
82.05 120 13 04 50
82.05 244 0.31
82.055 22 7.10
82.055 23 0.32
82.055 25 5.95
82.055 30 0.00
82.055 B1 5221.34 5615.75 
82.055 B3 5275.68 5678.91 
82.055 120 13 04 50
82.055 244 0.31
82.06 22 7.10
82.06 23 0.33
82.06 25 5.95
82.06 30 0.00
82.06 B1 5220.55 5615.11 
82.06 B3 5275.17 5678.54 
82.06 120 13 04 50
82.06 244 0.31
82.06499 22 7.11
82.06499 23 0.33
82.06499 25 5.95
82.06499 30 0.00
82.06499 B1 5220.03 5614.75 
82.06499 B3 5274.81 5678.33 
82.06499 120 13 04 50
82.06499 244 0.31
82.07 22 7.11
82.07 23 0.32
82.07 25 5.83
82.07 30 0.00
82.07 B1 5219.70 5614.57 
82.07 B3 5274.55 5678.23 
82.07 120 13 04 50
82.07 244 0.31
82.075 22 7.02
82.075 23 0.33
82.075 25 5.95
82.075 30 0.00
82.075 B1 5221.15 5616.17 
82.075 B3 5275.55 5679.40 
82.075 120 13 04 50
82.075 244 0.31
82.08 22 7.13
82.08 23 0.33
82.08 25 5.95
82.08 30 0.00
82.08 B1 5221.71 5616.88 
82.08 B3 5276.28 5680.27 
82.08 120 13 04 50
82.08 244 0.31
82.085 22 7.13
82.085 23 0.33
82.085 25 5.83
82.085 30 0.00
82.085 B1 5222.05 5617.40 
82.085 B3 5276.79 5680.96 
82.085 120 13 04 50
82.085 244 0.31
82.09 22 7.04
82.09 23 0.35
82.09 25 5.83
82.09 30 0.00
82.09 B1 5221.29 5616.84 
82.09 B3 5275.94 5680.32 
82.09 120 13 04 50
82.09 244 0.31
82.095 22 7.05
82.095 23 0.34
82.095 25 5.95
82.095 30 0.00
82.095 B1 5220.85 5616.48 
82.095 B3 5275.40 5679.87 
82.095 120 13 04 50
82.095 244 0.31
82.1 22 7.15
82.1 23 0.32
82.1 25 5.95
82.1 30 0.00
82.1 B1 5221.56 5617.21 
82.1 B3 5276.26 5680.76 
82.1 120 13 04 50
82.1 244 0.31
82.105 22 7.16
82.105 23 0.33
82.105 25 5.95
82.105 30 0.00
82.105 B1 5221.99 5617.74 
82.105 B3 5276.85 5681.46 
82.105 120 13 04 50
82.105 244 0.31
82.11 22 7.16
82.11 23 0.33
82.11 25 5.95
82.11 30 0.00
82.11 B1 5222.25 5618.15 
82.11 B3 5277.25 5682.02 
82.11 120 13 04 50
82.11 244 0.31
82.115 22 7.17
82.115 23 0.34
82.115 25 5.95
82.115 30 0.00
82.115 B1 5222.40 5618.48 
82.115 B3 5277.53 5682.48 
82.115 120 13 04 50
82.115 244 0.31
82.12 22 7.17
82.12 23 0.34
82.12 25 5.95
82.12 30 0.00
82.12 B1 5222.48 5618.74 
82.12 B3 5277.73 5682.87 
82.12 120 13 04 50
82.12 244 0.31
82.125 22 7.18
82.125 23 0.34
82.125 25 5.95
82.125 30 0.00
82.125 B1 5222.53 5618.97 
82.125 B3 5277.87 5683.20 
82.125 120 13 04 50
82.125 244 0.31
82.13 22 7.18
82.13 23 0.34
82.13 25 5.95
82.13 30 0.00
82.13 B1 5221.23 5617.86 
82.13 B3 5276.77 5682.29 
82.13 120 13 04 50
82.13 244 0.31
82.13499 22 7.19
82.13499 23 0.33
82.13499 25 5.83
82.13499 30 0.00
82.13499 B1 5220.42 5617.17 
82.13499 B3 5276.00 5681.68 
82.13499 120 13 04 50
82.13499 244 0.31
82.14 22 7.09
82.14 23 0.34
82.14 25 5.83
82.14 30 0.00
82.14 B1 5221.59 5618.44 
82.14 B3 5276.66 5682.46 
82.14 120 13 04 50
82.14 244 0.31
82.145 22 7.10
82.145 23 0.34
82.145 25 5.83
82.145 30 0.00
82.145 B1 5222.35 5619.27 
82.145 B3 5277.16 5683.05 
82.145 120 13 04 50
82.145 244 0.31
82.15 22 7.11
82.15 23 0.35
82.15 25 5.95
82.15 30 0.00
82.15 B1 5222.86 5619.82 
82.15 B3 5277.56 5683.49 
82.15 120 13 04 50
82.15 244 0.31
82.155 22 7.21
82.155 23 0.34
82.155 25 5.95
82.155 30 0.00
82.155 B1 5222.85 5619.83 
82.155 B3 5277.88 5683.83 
82.155 120 13 04 50
82.155 244 0.31
82.16 22 7.22
82.16 23 0.34
82.16 25 5.95
82.16 30 0.00
82.16 B1 5222.84 5619.88 
82.16 B3 5278.11 5684.12 
82.16 120 13 04 50
82.16 244 0.31
82.165 22 7.22
82.165 23 0.34
82.165 25 5.83
82.165 30 0.00
82.165 B1 5222.83 5619.97 
82.165 B3 5278.27 5684.38 
82.165 120 13 04 50
82.165 244 0.31
82.17 22 7.13
82.17 23 0.35
82.17 25 5.83
82.17 30 0.00
82.17 B1 5223.18 5620.44 
82.17 B3 5278.37 5684.62 
82.17 120 13 04 50
82.17 244 0.31
82.175 22 7.13
82.175 23 0.35
82.175 25 5.83
82.175 30 0.00
82.175 B1 5223.44 5620.75 
82.175 B3 5278.50 5684.80 
82.175 120 13 04 50
82.175 244 0.31
82.18 22 7.14
82.18 23 0.35
82.18 25 5.95
82.18 30 0.00
82.18 B1 5223.65 5620.96 
82.18 B3 5278.64 5684.95 
82.18 120 13 04 50
82.18 244 0.31
82.185 22 7.24
82.185 23 0.34
82.185 25 5.95
82.185 30 0.00
82.185 B1 5223.46 5620.74 
82.185 B3 5278.78 5685.08 
82.185 120 13 04 50
82.185 244 0.31
82.18999 22 7.25
82.18999 23 0.34
82.18999 25 5.83
82.18999 30 0.00
82.18999 B1 5223.33 5620.65 
82.18999 B3 5278.88 5685.22 
82.18999 120 13 04 50
82.18999 244 0.31
82.195 22 7.15
82.195 23 0.35
82.195 25 5.83
82.195 30 0.00
82.195 B1 5223.62 5621.00 
82.195 B3 5278.95 5685.36 
82.195 120 13 04 50
82.195 244 0.31
82.2 22 7.16
82.2 23 0.35
82.2 25 5.83
82.2 30 0.00
82.2 B1 5223.84 5621.23 
82.2 B3 5279.05 5685.48 
82.2 120 13 04 50
82.2 244 0.31
82.205 22 7.16
82.205 23 0.35
82.205 25 5.95
82.205 30 0.00
82.205 B1 5224.02 5621.39 
82.205 B3 5279.17 5685.59 
82.205 120 13 04 50
82.205 244 0.31
82.21 22 7.26
82.21 23 0.34
82.21 25 5.95
82.21 30 0.00
82.21 B1 5223.80 5621.14 
82.21 B3 5279.29 5685.68 
82.21 120 13 04 50
82.21 244 0.31
82.215 22 7.27
82.215 23 0.34
82.215 25 5.83
82.215 30 0.00
82.215 B1 5223.66 5621.03 
82.215 B3 5279.38 5685.79 
82.215 120 13 04 50
82.215 244 0.31
82.22 22 7.17
82.22 23 0.35
82.22 25 5.83
82.22 30 0.00
82.22 B1 5223.94 5621.37 
82.22 B3 5279.44 5685.91 
82.22 120 13 04 50
82.22 244 0.31
82.225 22 7.18
82.225 23 0.35
82.225 25 5.83
82.225 30 0.00
82.225 B1 5222.84 5620.27 
82.225 B3 5278.33 5684.82 
82.225 120 13 04 50
82.225 244 0.31
82.23 22 7.18
82.23 23 0.34
82.23 25 5.83
82.23 30 0.00
82.23 B1 5222.19 5619.55 
82.23 B3 5277.60 5684.03 
82.23 120 13 04 50
82.23 244 0.31
82.235 22 7.18
82.235 23 0.34
82.235 25 5.83
82.235 30 0.00
82.235 B1 5221.82 5619.07 
82.235 B3 5277.13 5683.47 
82.235 120 13 04 50
82.235 244 0.31
82.24 22 7.19
82.24 23 0.33
82.24 25 5.95
82.24 30 0.00
82.24 B1 5221.62 5618.75 
82.24 B3 5276.84 5683.06 
82.24 120 13 04 50
82.24 244 0.31
82.245 22 7.29
82.245 23 0.32
82.245 25 5.95
82.245 30 0.00
82.245 B1 5221.15 5618.18 
82.245 B3 5276.67 5682.77 
82.245 120 13 04 50
82.245 244 0.31
82.25 22 7.29
82.25 23 0.31
82.25 25 5.83
82.25 30 0.00
82.25 B1 5220.84 5617.83 
82.25 B3 5276.53 5682.59 
82.25 120 13 04 50
82.25 244 0.31
82.255 22 7.20
82.255 23 0.32
82.255 25 5.95
82.255 30 0.00
82.255 B1 5220.99 5618.00 
82.255 B3 5276.41 5682.48 
82.255 120 13 04 50
82.255 244 0.31
82.25999 22 7.30
82.25999 23 0.31
82.25999 25 5.95
82.25999 30 0.00
82.25999 B1 5220.74 5617.74 
82.25999 B3 5276.36 5682.41 
82.25999 120 13 04 50
82.25999 244 0.31
82.265 22 7.30
82.265 23 0.31
82.265 25 5.83
82.265 30 0.00
82.265 B1 5220.56 5617.60 
82.265 B3 5276.31 5682.38 
82.265 120 13 04 50
82.265 244 0.31
82.27 22 7.20
82.27 23 0.32
82.27 25 5.83
82.27 30 0.00
82.27 B1 5220.80 5617.91 
82.27 B3 5276.25 5682.38 
82.27 120 13 04 50
82.27 244 0.31
82.275 22 7.21
82.275 23 0.32
82.275 25 5.95
82.275 30 0.00
82.275 B1 5220.97 5618.09 
82.275 B3 5276.24 5682.38 
82.275 120 13 04 50
82.275 244 0.31
82.28 22 7.31
82.28 23 0.31
82.28 25 5.95
82.28 30 0.00
82.28 B1 5220.73 5617.84 
82.28 B3 5276.25 5682.38 
82.28 120 13 04 50
82.28 244 0.31
82.285 22 7.31
82.285 23 0.31
82.285 25 5.95
82.285 30 0.00
82.285 B1 5221.87 5619.02 
82.285 B3 5277.44 5683.59 
82.285 120 13 04 50
82.285 244 0.31
82.29 22 7.31
82.29 23 0.32
82.29 25 5.95
82.29 30 0.00
82.29 B1 5222.56 5619.84 
82.29 B3 5278.25 5684.51 
82.29 120 13 04 50
82.29 244 0.31
82.295 22 7.31
82.295 23 0.32
82.295 25 5.95
82.295 30 0.00
82.295 B1 5221.66 5619.09 
82.295 B3 5277.60 5684.01 
82.295 120 13 04 50
82.295 244 0.31
82.3 22 7.31
82.3 23 0.32
82.3 25 5.95
82.3 30 0.00
82.3 B1 5222.40 5619.96 
82.3 B3 5278.34 5684.87 
82.3 120 13 04 50
82.3 244 0.31
82.305 22 7.32
82.305 23 0.32
82.305 25 5.95
82.305 30 0.00
82.305 B1 5222.85 5620.56 
82.305 B3 5278.84 5685.53 
82.305 120 13 04 50
82.305 244 0.31
82.31 22 7.32
82.31 23 0.33
82.31 25 5.95
82.31 30 0.00
82.31 B1 5223.12 5621.00 
82.31 B3 5279.18 5686.04 
82.31 120 13 04 50
82.31 244 0.31
82.31499 22 7.32
82.31499 23 0.33
82.31499 25 5.95
82.31499 30 0.00
82.31499 B1 5223.28 5621.32 
82.31499 B3 5279.41 5686.44 
82.31499 120 13 04 50
82.31499 244 0.31
82.32 22 7.32
82.32 23 0.33
82.32 25 5.95
82.32 30 0.00
82.32 B1 5223.37 5621.57 
82.32 B3 5279.56 5686.76 
82.32 120 13 04 50
82.32 244 0.31
82.325 22 7.32
82.325 23 0.33
82.325 25 5.95
82.325 30 0.00
82.325 B1 5223.43 5621.77 
82.325 B3 5279.66 5687.03 
82.325 120 13 04 50
82.325 244 0.31
82.33 22 7.32
82.33 23 0.33
82.33 25 5.95
82.33 30 0.00
82.33 B1 5223.46 5621.95 
82.33 B3 5279.74 5687.26 
82.33 120 13 04 50
82.33 244 0.31
82.335 22 7.32
82.335 23 0.33
82.335 25 5.83
82.335 30 0.00
82.335 B1 5222.15 5620.78 
82.335 B3 5278.59 5686.26 
82.335 120 13 04 50
82.335 244 0.31
82.34 22 7.23
82.34 23 0.34
82.34 25 5.95
82.34 30 0.00
82.34 B1 5221.71 5620.40 
82.34 B3 5277.78 5685.56 
82.34 120 13 04 50
82.34 244 0.31
82.345 22 7.33
82.345 23 0.32
82.345 25 5.95
82.345 30 0.00
82.345 B1 5221.10 5619.77 
82.345 B3 5277.27 5685.04 
82.345 120 13 04 50
82.345 244 0.31
82.35 22 7.33
82.35 23 0.31
82.35 25 5.83
82.35 30 0.00
82.35 B1 5220.71 5619.39 
82.35 B3 5276.90 5684.69 
82.35 120 13 04 50
82.35 244 0.31
82.355 22 7.23
82.355 23 0.33
82.355 25 5.83
82.355 30 0.00
82.355 B1 5220.82 5619.51 
82.355 B3 5276.63 5684.45 
82.355 120 13 04 50
82.355 244 0.31
82.36 22 7.24
82.36 23 0.32
82.36 25 5.83
82.36 30 0.00
82.36 B1 5220.92 5619.58 
82.36 B3 5276.47 5684.27 
82.36 120 13 04 50
82.36 244 0.31
82.365 22 7.24
82.365 23 0.32
82.365 25 5.95
82.365 30 0.00
82.365 B1 5219.69 5618.27 
82.365 B3 5275.21 5682.93 
82.365 120 13 04 50
82.365 244 0.31
82.37 22 7.34
82.37 23 0.30
82.37 25 5.83
82.37 30 0.00
82.37 B1 5219.90 5618.35 
82.37 B3 5275.55 5683.13 
82.37 120 13 04 50
82.37 244 0.31
82.375 22 7.25
82.375 23 0.32
82.375 25 5.95
82.375 30 0.00
82.375 B1 5219.06 5617.46 
82.375 B3 5274.57 5682.10 
82.375 120 13 04 50
82.375 244 0.31
82.38 22 7.35
82.38 23 0.29
82.38 25 5.95
82.38 30 0.00
82.38 B1 5219.50 5617.80 
82.38 B3 5275.11 5682.53 
82.38 120 13 04 50
82.38 244 0.31
82.38499 22 7.35
82.38499 23 0.30
82.38499 25 5.95
82.38499 30 0.00
82.38499 B1 5219.75 5618.04 
82.38499 B3 5275.47 5682.85 
82.38499 120 13 04 50
82.38499 244 0.31
82.39 22 7.35
82.39 23 0.30
82.39 25 5.95
82.39 30 0.00
82.39 B1 5219.88 5618.21 
82.39 B3 5275.69 5683.10 
82.39 120 13 04 50
82.39 244 0.31
82.395 22 7.35
82.395 23 0.30
82.395 25 5.83
82.395 30 0.00
82.395 B1 5219.94 5618.35 
82.395 B3 5275.83 5683.29 
82.395 120 13 04 50
82.395 244 0.31
82.4 22 7.25
82.4 23 0.32
82.4 25 5.83
82.4 30 0.00
82.4 B1 5220.32 5618.81 
82.4 B3 5275.90 5683.45 
82.4 120 13 04 50
82.4 244 0.31
82.405 22 7.26
82.405 23 0.32
82.405 25 5.83
82.405 30 0.00
82.405 B1 5219.27 5617.77 
82.405 B3 5274.79 5682.35 
82.405 120 13 04 50
82.405 244 0.31
82.41 22 7.26
82.41 23 0.31
82.41 25 5.83
82.41 30 0.00
82.41 B1 5219.96 5618.37 
82.41 B3 5275.24 5682.73 
82.41 120 13 04 50
82.41 244 0.31
82.415 22 7.26
82.415 23 0.31
82.415 25 5.83
82.415 30 0.00
82.415 B1 5221.72 5620.06 
82.415 B3 5276.77 5684.18 
82.415 120 13 04 50
82.415 244 0.31
82.42 22 7.27
82.42 23 0.33
82.42 25 5.83
82.42 30 0.00
82.42 B1 5222.85 5621.15 
82.42 B3 5277.87 5685.23 
82.42 120 13 04 50
82.42 244 0.31
82.425 22 7.27
82.425 23 0.33
82.425 25 5.83
82.425 30 0.00
82.425 B1 5223.58 5621.85 
82.425 B3 5278.66 5685.99 
82.425 120 13 04 50
82.425 244 0.31
82.43 22 7.27
82.43 23 0.34
82.43 25 5.83
82.43 30 0.00
82.43 B1 5222.74 5620.99 
82.43 B3 5278.06 5685.35 
82.43 120 13 04 50
82.43 244 0.31
82.435 22 7.27
82.435 23 0.33
82.435 25 5.95
82.435 30 0.00
82.435 B1 5222.26 5620.40 
82.435 B3 5277.67 5684.87 
82.435 120 13 04 50
82.435 244 0.31
82.43999 22 7.37
82.43999 23 0.31
82.43999 25 5.95
82.43999 30 0.00
82.43999 B1 5221.61 5619.64 
82.43999 B3 5277.43 5684.53 
82.43999 120 13 04 50
82.43999 244 0.31
82.445 22 7.37
82.445 23 0.31
82.445 25 5.95
82.445 30 0.00
82.445 B1 5221.19 5619.17 
82.445 B3 5277.25 5684.30 
82.445 120 13 04 50
82.445 244 0.31
82.45 22 7.37
82.45 23 0.31
82.45 25 5.95
82.45 30 0.00
82.45 B1 5220.91 5618.89 
82.45 B3 5277.10 5684.15 
82.45 120 13 04 50
82.45 244 0.31
82.455 22 7.37
82.455 23 0.31
82.455 25 5.95
82.455 30 0.00
82.455 B1 5220.71 5618.73 
82.455 B3 5276.98 5684.06 
82.455 120 13 04 50
82.455 244 0.31
82.46 22 7.37
82.46 23 0.31
82.46 25 5.95
82.46 30 0.00
82.46 B1 5220.57 5618.64 
82.46 B3 5276.87 5684.01 
82.46 120 13 04 50
82.46 244 0.31
82.465 22 7.37
82.465 23 0.30
82.465 25 5.95
82.465 30 0.00
82.465 B1 5220.46 5618.61 
82.465 B3 5276.78 5683.99 
82.465 120 13 04 50
82.465 244 0.31
82.47 22 7.37
82.47 23 0.30
82.47 25 5.83
82.47 30 0.00
82.47 B1 5220.37 5618.61 
82.47 B3 5276.69 5683.99 
82.47 120 13 04 50
82.47 244 0.31
82.475 22 7.27
82.475 23 0.32
82.475 25 5.83
82.475 30 0.00
82.475 B1 5221.99 5620.31 
82.475 B3 5277.81 5685.20 
82.475 120 13 04 50
82.475 244 0.31
82.48 22 7.28
82.48 23 0.33
82.48 25 5.95
82.48 30 0.00
82.48 B1 5223.02 5621.41 
82.48 B3 5278.61 5686.07 
82.48 120 13 04 50
82.48 244 0.31
82.485 22 7.38
82.485 23 0.32
82.485 25 5.95
82.485 30 0.00
82.485 B1 5222.00 5620.44 
82.485 B3 5278.01 5685.51 
82.485 120 13 04 50
82.485 244 0.31
82.49 22 7.38
82.49 23 0.31
82.49 25 5.95
82.49 30 0.00
82.49 B1 5221.35 5619.83 
82.49 B3 5277.59 5685.11 
82.49 120 13 04 50
82.49 244 0.31
82.495 22 7.38
82.495 23 0.31
82.495 25 5.95
82.495 30 0.00
82.495 B1 5220.94 5619.45 
82.495 B3 5277.27 5684.85 
82.495 120 13 04 50
82.495 244 0.31
82.5 22 7.38
82.5 23 0.31
82.5 25 5.83
82.5 30 0.00
82.5 B1 5221.98 5620.54 
82.5 B3 5278.23 5685.87 
82.5 120 13 04 50
82.5 244 0.31
82.505 22 7.28
82.505 23 0.33
82.505 25 5.95
82.505 30 0.00
82.505 B1 5222.98 5621.65 
82.505 B3 5278.88 5686.62 
82.505 120 13 04 50
82.505 244 0.31
82.50999 22 7.38
82.50999 23 0.32
82.50999 25 5.95
82.50999 30 0.00
82.50999 B1 5223.27 5622.00 
82.50999 B3 5279.37 5687.17 
82.50999 120 13 04 50
82.50999 244 0.31
82.515 22 7.38
82.515 23 0.32
82.515 25 5.95
82.515 30 0.00
82.515 B1 5223.44 5622.26 
82.515 B3 5279.71 5687.60 
82.515 120 13 04 50
82.515 244 0.31
82.52 22 7.38
82.52 23 0.33
82.52 25 5.83
82.52 30 0.00
82.52 B1 5223.54 5622.47 
82.52 B3 5279.93 5687.93 
82.52 120 13 04 50
82.52 244 0.31
82.525 22 7.28
82.525 23 0.34
82.525 25 5.83
82.525 30 0.00
82.525 B1 5223.97 5622.99 
82.525 B3 5280.08 5688.19 
82.525 120 13 04 50
82.525 244 0.31
82.53 22 7.28
82.53 23 0.34
82.53 25 5.83
82.53 30 0.00
82.53 B1 5224.28 5623.33 
82.53 B3 5280.23 5688.39 
82.53 120 13 04 50
82.53 244 0.31
82.535 22 7.29
82.535 23 0.34
82.535 25 5.83
82.535 30 0.00
82.535 B1 5224.52 5623.54 
82.535 B3 5280.38 5688.52 
82.535 120 13 04 50
82.535 244 0.31
82.54 22 7.29
82.54 23 0.34
82.54 25 5.95
82.54 30 0.00
82.54 B1 5224.71 5623.67 
82.54 B3 5280.52 5688.63 
82.54 120 13 04 50
82.54 244 0.31
82.545 22 7.39
82.545 23 0.33
82.545 25 5.83
82.545 30 0.00
82.545 B1 5224.49 5623.39 
82.545 B3 5280.67 5688.70 
82.545 120 13 04 50
82.545 244 0.31
82.55 22 7.29
82.55 23 0.34
82.55 25 5.95
82.55 30 0.00
82.55 B1 5223.41 5622.28 
82.55 B3 5279.56 5687.59 
82.55 120 13 04 50
82.55 244 0.31
82.555 22 7.39
82.555 23 0.32
82.555 25 5.95
82.555 30 0.00
82.555 B1 5223.72 5622.49 
82.555 B3 5280.03 5687.97 
82.555 120 13 04 50
82.555 244 0.31
82.56 22 7.39
82.56 23 0.32
82.56 25 5.95
82.56 30 0.00
82.56 B1 5223.90 5622.67 
82.56 B3 5280.35 5688.27 
82.56 120 13 04 50
82.56 244 0.31
82.56499 22 7.39
82.56499 23 0.33
82.56499 25 5.83
82.56499 30 0.00
82.56499 B1 5224.01 5622.82 
82.56499 B3 5280.56 5688.52 
82.56499 120 13 04 50
82.56499 244 0.31
82.57 22 7.29
82.57 23 0.34
82.57 25 5.83
82.57 30 0.00
82.57 B1 5223.13 5622.00 
82.57 B3 5279.50 5687.53 
82.57 120 13 04 50
82.57 244 0.31
82.575 22 7.29
82.575 23 0.33
82.575 25 5.83
82.575 30 0.00
82.575 B1 5222.61 5621.44 
82.575 B3 5278.80 5686.80 
82.575 120 13 04 50
82.575 244 0.31
82.58 22 7.30
82.58 23 0.33
82.58 25 5.83
82.58 30 0.00
82.58 B1 5222.33 5621.05 
82.58 B3 5278.35 5686.27 
82.58 120 13 04 50
82.58 244 0.31
82.585 22 7.30
82.585 23 0.33
82.585 25 5.83
82.585 30 0.00
82.585 B1 5222.18 5620.78 
82.585 B3 5278.07 5685.87 
82.585 120 13 04 50
82.585 244 0.31
82.59 22 7.30
82.59 23 0.32
82.59 25 5.83
82.59 30 0.00
82.59 B1 5222.12 5620.58 
82.59 B3 5277.90 5685.56 
82.59 120 13 04 50
82.59 244 0.31
82.595 22 7.30
82.595 23 0.32
82.595 25 5.83
82.595 30 0.00
82.595 B1 5222.10 5620.43 
82.595 B3 5277.81 5685.33 
82.595 120 13 04 50
82.595 244 0.31
82.6 22 7.30
82.6 23 0.32
82.6 25 5.83
82.6 30 0.00
82.6 B1 5222.12 5620.32 
82.6 B3 5277.78 5685.15 
82.6 120 13 04 50
82.6 244 0.31
82.605 22 7.30
82.605 23 0.32
82.605 25 5.83
82.605 30 0.00
82.605 B1 5222.15 5620.22 
82.605 B3 5277.77 5685.01 
82.605 120 13 04 50
82.605 244 0.31
82.61 22 7.31
82.61 23 0.32
82.61 25 5.83
82.61 30 0.00
82.61 B1 5222.19 5620.14 
82.61 B3 5277.80 5684.89 
82.61 120 13 04 50
82.61 244 0.31
82.615 22 7.31
82.615 23 0.32
82.615 25 5.83
82.615 30 0.00
82.615 B1 5222.24 5620.07 
82.615 B3 5277.83 5684.80 
82.615 120 13 04 50
82.615 244 0.31
82.62 22 7.31
82.62 23 0.32
82.62 25 5.83
82.62 30 0.00
82.62 B1 5222.29 5620.00 
82.62 B3 5277.88 5684.72 
82.62 120 13 04 50
82.62 244 0.31
82.625 22 7.31
82.625 23 0.32
82.625 25 5.83
82.625 30 0.00
82.625 B1 5222.34 5619.94 
82.625 B3 5277.93 5684.65 
82.625 120 13 04 50
82.625 244 0.31
82.63 22 7.31
82.63 23 0.32
82.63 25 5.83
82.63 30 0.00
82.63 B1 5222.39 5619.89 
82.63 B3 5277.99 5684.59 
82.63 120 13 04 50
82.63 244 0.31
82.63499 22 7.31
82.63499 23 0.32
82.63499 25 5.83
82.63499 30 0.00
82.63499 B1 5222.45 5619.84 
82.63499 B3 5278.05 5684.54 
82.63499 120 13 04 50
82.63499 244 0.31
82.64 22 7.31
82.64 23 0.32
82.64 25 5.83
82.64 30 0.00
82.64 B1 5222.50 5619.79 
82.64 B3 5278.11 5684.50 
82.64 120 13 04 50
82.64 244 0.31
82.645 22 7.31
82.645 23 0.32
82.645 25 5.83
82.645 30 0.00
82.645 B1 5222.55 5619.75 
82.645 B3 5278.17 5684.46 
82.645 120 13 04 50
82.645 244 0.31
82.65 22 7.32
82.65 23 0.32
82.65 25 5.83
82.65 30 0.00
82.65 B1 5222.60 5619.70 
82.65 B3 5278.23 5684.42 
82.65 120 13 04 50
82.65 244 0.31
82.655 22 7.32
82.655 23 0.32
82.655 25 5.83
82.655 30 0.00
82.655 B1 5223.96 5620.98 
82.655 B3 5279.49 5685.57 
82.655 120 13 04 50
82.655 244 0.31
82.66 22 7.32
82.66 23 0.33
82.66 25 5.83
82.66 30 0.00
82.66 B1 5224.83 5621.81 
82.66 B3 5280.38 5686.42 
82.66 120 13 04 50
82.66 244 0.31
82.665 22 7.32
82.665 23 0.33
82.665 25 5.83
82.665 30 0.00
82.665 B1 5225.40 5622.36 
82.665 B3 5281.02 5687.03 
82.665 120 13 04 50
82.665 244 0.31
82.67 22 7.32
82.67 23 0.34
82.67 25 5.83
82.67 30 0.00
82.67 B1 5224.46 5621.40 
82.67 B3 5280.30 5686.28 
82.67 120 13 04 50
82.67 244 0.31
82.675 22 7.32
82.675 23 0.33
82.675 25 5.47
82.675 30 0.00
82.675 B1 5225.22 5622.09 
82.675 B3 5281.02 5686.94 
82.675 120 13 04 50
82.675 244 0.31
82.68 22 7.03
82.68 23 0.37
82.68 25 4.87
82.68 30 0.00
82.68 B1 5225.48 5622.27 
82.68 B3 5280.35 5686.22 
82.68 120 13 04 50
82.68 244 0.31
82.685 22 6.54
82.685 23 0.43
82.685 25 4.87
82.685 30 0.00
82.685 B1 5227.42 5623.84 
82.685 B3 5280.04 5685.61 
82.685 120 13 04 50
82.685 244 0.31
82.68999 22 6.56
82.68999 23 0.44
82.68999 25 4.87
82.68999 30 0.00
82.68999 B1 5229.03 5624.52 
82.68999 B3 5280.23 5684.95 
82.68999 120 13 04 50
82.68999 244 0.31
82.695 22 6.58
82.695 23 0.44
82.695 25 4.63
82.695 30 0.00
82.695 B1 5230.42 5624.64 
82.695 B3 5280.75 5684.24 
82.695 120 13 04 50
82.695 244 0.31
82.7 22 6.40
82.7 23 0.46
82.7 25 0.68
82.7 30 0.00
82.7 B1 5232.27 5624.99 
82.7 B3 5281.48 5683.52 
82.7 120 13 04 50
82.7 244 0.31
82.705 22 3.37
82.705 23 0.65
82.705 25 0.00
82.705 30 0.00
82.705 B1 5238.91 5629.78 
82.705 B3 5282.45 5682.74 
82.705 120 13 04 50
82.705 244 0.31
82.71 22 3.01
82.71 23 0.67
82.71 25 0.00
82.71 30 0.00
82.71 B1 5245.16 5631.37 
82.71 B3 5284.92 5680.91 
82.71 120 13 04 50
82.71 244 0.31
82.715 22 3.10
82.715 23 0.68
82.715 25 0.00
82.715 30 0.00
82.715 B1 5251.40 5630.75 
82.715 B3 5288.56 5678.20 
82.715 120 13 04 50
82.715 244 0.31
82.72 22 3.17
82.72 23 0.68
82.72 25 0.00
82.72 30 0.00
82.72 B1 5257.57 5628.73 
82.72 B3 5292.98 5674.91 
82.72 120 13 04 50
82.72 244 0.31
82.725 22 3.24
82.725 23 0.69
82.725 25 0.00
82.725 30 0.00
82.725 B1 5263.64 5625.84 
82.725 B3 5297.89 5671.22 
82.725 120 13 04 50
82.725 244 0.31
82.73 22 3.31
82.73 23 0.69
82.73 25 0.00
82.73 30 0.00
82.73 B1 5269.62 5622.43 
82.73 B3 5303.11 5667.31 
82.73 120 13 04 50
82.73 244 0.31
82.735 22 3.37
82.735 23 0.69
82.735 25 0.00
82.735 30 0.00
82.735 B1 5275.47 5618.71 
82.735 B3 5308.50 5663.26 
82.735 120 13 04 50
82.735 244 0.31
82.74 22 3.42
82.74 23 0.69
82.74 25 0.00
82.74 30 0.00
82.74 B1 5281.21 5614.86 
82.74 B3 5313.96 5659.16 
82.74 120 13 04 50
82.74 244 0.31
82.745 22 3.47
82.745 23 0.69
82.745 25 0.00
82.745 30 0.00
82.745 B1 5286.82 5610.96 
82.745 B3 5319.45 5655.06 
82.745 120 13 04 50
82.745 244 0.31
82.75 22 3.52
82.75 23 0.70
82.75 25 0.00
82.75 30 0.00
82.75 B1 5292.31 5607.07 
82.75 B3 5324.90 5651.01 
82.75 120 13 04 50
82.75 244 0.31
82.755 22 3.56
82.755 23 0.70
82.755 25 0.00
82.755 30 0.00
82.755 B1 5297.68 5603.25 
82.755 B3 5330.30 5647.04 
82.755 120 13 04 50
82.755 244 0.31
82.75999 22 3.60
82.75999 23 0.69
82.75999 25 0.00
82.75999 30 0.00
82.75999 B1 5301.60 5598.20 
82.75999 B3 5334.42 5641.96 
82.75999 120 13 04 50
82.75999 244 0.31
82.765 22 3.63
82.765 23 0.69
82.765 25 0.00
82.765 30 0.00
82.765 B1 5307.20 5595.02 
82.765 B3 5339.99 5638.51 
82.765 120 13 04 50
82.765 244 0.31
82.77 22 3.66
82.77 23 0.69
82.77 25 0.00
82.77 30 0.00
82.77 B1 5311.19 5590.49 
82.77 B3 5344.17 5633.89 
82.77 120 13 04 50
82.77 244 0.31
82.775 22 3.68
82.775 23 0.68
82.775 25 0.00
82.775 30 0.00
82.775 B1 5315.42 5586.42 
82.775 B3 5348.51 5629.65 
82.775 120 13 04 50
82.775 244 0.31
82.78 22 3.70
82.78 23 0.68
82.78 25 0.00
82.78 30 0.00
82.78 B1 5319.77 5582.70 
82.78 B3 5352.93 5625.73 
82.78 120 13 04 50
82.78 244 0.31
82.785 22 3.72
82.785 23 0.67
82.785 25 0.00
82.785 30 0.00
82.785 B1 5325.48 5580.58 
82.785 B3 5358.57 5623.27 
82.785 120 13 04 50
82.785 244 0.31
82.79 22 3.73
82.79 23 0.68
82.79 25 0.00
82.79 30 0.00
82.79 B1 5330.68 5578.22 
82.79 B3 5363.84 5620.70 
82.79 120 13 04 50
82.79 244 0.31
82.795 22 3.74
82.795 23 0.68
82.795 25 0.00
82.795 30 0.00
82.795 B1 5334.21 5574.43 
82.795 B3 5367.63 5616.90 
82.795 120 13 04 50
82.795 244 0.31
82.8 22 3.75
82.8 23 0.68
82.8 25 0.00
82.8 30 0.00
82.8 B1 5339.28 5572.39 
82.8 B3 5372.74 5614.63 
82.8 120 13 04 50
82.8 244 0.31
82.805 22 3.75
82.805 23 0.68
82.805 25 0.00
82.805 30 0.00
82.805 B1 5343.98 5570.21 
82.805 B3 5377.55 5612.31 
82.805 120 13 04 50
82.805 244 0.31
82.81 22 3.75
82.81 23 0.68
82.81 25 0.00
82.81 30 0.00
82.81 B1 5348.42 5567.99 
82.81 B3 5382.12 5609.99 
82.81 120 13 04 50
82.81 244 0.31
82.81499 22 3.74
82.81499 23 0.68
82.81499 25 0.00
82.81499 30 0.00
82.81499 B1 5352.65 5565.77 
82.81499 B3 5386.50 5607.69 
82.81499 120 13 04 50
82.81499 244 0.31
82.82 22 3.74
82.82 23 0.68
82.82 25 0.00
82.82 30 0.00
82.82 B1 5355.40 5562.27 
82.82 B3 5389.53 5604.25 
82.82 120 13 04 50
82.82 244 0.31
82.825 22 3.73
82.825 23 0.68
82.825 25 0.00
82.825 30 0.00
82.825 B1 5358.51 5559.30 
82.825 B3 5392.77 5601.22 
82.825 120 13 04 50
82.825 244 0.31
82.83 22 3.71
82.83 23 0.67
82.83 25 0.00
82.83 30 0.00
82.83 B1 5361.80 5556.69 
82.83 B3 5396.12 5598.49 
82.83 120 13 04 50
82.83 244 0.31
82.835 22 3.70
82.835 23 0.67
82.835 25 0.00
82.835 30 0.00
82.835 B1 5365.18 5554.36 
82.835 B3 5399.54 5596.02 
82.835 120 13 04 50
82.835 244 0.31
82.84 22 3.68
82.84 23 0.66
82.84 25 0.00
82.84 30 0.00
82.84 B1 5368.59 5552.24 
82.84 B3 5402.97 5593.75 
82.84 120 13 04 50
82.84 244 0.31
82.845 22 3.66
82.845 23 0.66
82.845 25 0.00
82.845 30 0.00
82.845 B1 5373.31 5551.60 
82.845 B3 5407.59 5592.85 
82.845 120 13 04 50
82.845 244 0.31
82.85 22 3.64
82.85 23 0.67
82.85 25 0.00
82.85 30 0.00
82.85 B1 5377.52 5550.65 
82.85 B3 5411.84 5591.77 
82.85 120 13 04 50
82.85 244 0.31
82.855 22 3.62
82.855 23 0.67
82.855 25 0.00
82.855 30 0.00
82.855 B1 5380.07 5548.19 
82.855 B3 5414.60 5589.39 
82.855 120 13 04 50
82.855 244 0.31
82.86 22 3.60
82.86 23 0.67
82.86 25 0.00
82.86 30 0.00
82.86 B1 5384.17 5547.44 
82.86 B3 5418.70 5588.49 
82.86 120 13 04 50
82.86 244 0.31
82.865 22 3.57
82.865 23 0.67
82.865 25 0.00
82.865 30 0.00
82.865 B1 5387.92 5546.49 
82.865 B3 5422.51 5587.48 
82.865 120 13 04 50
82.865 244 0.31
82.87 22 3.54
82.87 23 0.67
82.87 25 0.00
82.87 30 0.00
82.87 B1 5391.43 5545.45 
82.87 B3 5426.12 5586.41 
82.87 120 13 04 50
82.87 244 0.31
82.875 22 3.51
82.875 23 0.68
82.875 25 0.00
82.875 30 0.00
82.875 B1 5394.78 5544.38 
82.875 B3 5429.57 5585.33 
82.875 120 13 04 50
82.875 244 0.31
82.88 22 3.48
82.88 23 0.68
82.88 25 0.00
82.88 30 0.00
82.88 B1 5397.98 5543.32 
82.88 B3 5432.88 5584.25 
82.88 120 13 04 50
82.88 244 0.31
82.88499 22 3.45
82.88499 23 0.68
82.88499 25 0.00
82.88499 30 0.00
82.88499 B1 5401.09 5542.27 
82.88499 B3 5436.09 5583.20 
82.88499 120 13 04 50
82.88499 244 0.31
82.89 22 3.42
82.89 23 0.68
82.89 25 0.00
82.89 30 0.00
82.89 B1 5404.12 5541.28 
82.89 B3 5439.20 5582.18 
82.89 120 13 04 50
82.89 244 0.31
82.895 22 3.39
82.895 23 0.68
82.895 25 0.00
82.895 30 0.00
82.895 B1 5407.08 5540.33 
82.895 B3 5442.24 5581.22 
82.895 120 13 04 50
82.895 244 0.31
82.9 22 3.35
82.9 23 0.68
82.9 25 0.00
82.9 30 0.00
82.9 B1 5409.98 5539.43 
82.9 B3 5445.21 5580.30 
82.9 120 13 04 50
82.9 244 0.31
82.905 22 3.32
82.905 23 0.68
82.905 25 0.00
82.905 30 0.00
82.905 B1 5412.82 5538.60 
82.905 B3 5448.12 5579.43 
82.905 120 13 04 50
82.905 244 0.31
82.91 22 3.28
82.91 23 0.68
82.91 25 0.00
82.91 30 0.00
82.91 B1 5415.61 5537.81 
82.91 B3 5450.97 5578.61 
82.91 120 13 04 50
82.91 244 0.31
82.915 22 3.24
82.915 23 0.68
82.915 25 0.00
82.915 30 0.00
82.915 B1 5418.35 5537.09 
82.915 B3 5453.77 5577.85 
82.915 120 13 04 50
82.915 244 0.31
82.92 22 3.20
82.92 23 0.68
82.92 25 0.00
82.92 30 0.00
82.92 B1 5421.05 5536.42 
82.92 B3 5456.51 5577.14 
82.92 120 13 04 50
82.92 244 0.31
82.925 22 3.17
82.925 23 0.68
82.925 25 0.00
82.925 30 0.00
82.925 B1 5423.70 5535.80 
82.925 B3 5459.22 5576.48 
82.925 120 13 04 50
82.925 244 0.31
82.93 22 3.13
82.93 23 0.67
82.93 25 0.00
82.93 30 0.00
82.93 B1 5426.31 5535.23 
82.93 B3 5461.88 5575.88 
82.93 120 13 04 50
82.93 244 0.31
82.935 22 3.09
82.935 23 0.67
82.935 25 0.00
82.935 30 0.00
82.935 B1 5428.88 5534.72 
82.935 B3 5464.49 5575.32 
82.935 120 13 04 50
82.935 244 0.31
82.93999 22 3.05
82.93999 23 0.67
82.93999 25 0.00
82.93999 30 0.00
82.93999 B1 5431.41 5534.26 
82.93999 B3 5467.07 5574.82 
82.93999 120 13 04 50
82.93999 244 0.31
82.945 22 3.01
82.945 23 0.67
82.945 25 0.00
82.945 30 0.00
82.945 B1 5433.90 5533.84 
82.945 B3 5469.60 5574.35 
82.945 120 13 04 50
82.945 244 0.31
82.95 22 2.97
82.95 23 0.67
82.95 25 0.00
82.95 30 0.00
82.95 B1 5437.68 5534.79 
82.95 B3 5473.30 5575.14 
82.95 120 13 04 50
82.95 244 0.31
82.955 22 2.93
82.955 23 0.68
82.955 25 0.00
82.955 30 0.00
82.955 B1 5439.63 5534.01 
82.955 B3 5475.42 5574.44 
82.955 120 13 04 50
82.955 244 0.31
82.96 22 2.89
82.96 23 0.68
82.96 25 0.00
82.96 30 0.00
82.96 B1 5443.04 5534.75 
82.96 B3 5478.81 5575.07 
82.96 120 13 04 50
82.96 244 0.31
82.965 22 2.85
82.965 23 0.68
82.965 25 0.00
82.965 30 0.00
82.965 B1 5446.05 5535.19 
82.965 B3 5481.89 5575.49 
82.965 120 13 04 50
82.965 244 0.31
82.97 22 2.81
82.97 23 0.69
82.97 25 0.00
82.97 30 0.00
82.97 B1 5447.48 5534.12 
82.97 B3 5483.55 5574.56 
82.97 120 13 04 50
82.97 244 0.31
82.975 22 2.77
82.975 23 0.68
82.975 25 0.00
82.975 30 0.00
82.975 B1 5450.53 5534.73 
82.975 B3 5486.59 5575.07 
82.975 120 13 04 50
82.975 244 0.31
82.98 22 2.73
82.98 23 0.69
82.98 25 0.00
82.98 30 0.00
82.98 B1 5453.29 5535.11 
82.98 B3 5489.40 5575.43 
82.98 120 13 04 50
82.98 244 0.31
82.985 22 2.69
82.985 23 0.69
82.985 25 0.00
82.985 30 0.00
82.985 B1 5455.85 5535.37 
82.985 B3 5492.04 5575.69 
82.985 120 13 04 50
82.985 244 0.31
82.99 22 2.65
82.99 23 0.69
82.99 25 0.00
82.99 30 0.00
82.99 B1 5458.28 5535.56 
82.99 B3 5494.57 5575.88 
82.99 120 13 04 50
82.99 244 0.31
82.995 22 2.61
82.995 23 0.69
82.995 25 0.00
82.995 30 0.00
82.995 B1 5460.61 5535.71 
82.995 B3 5496.99 5576.05 
82.995 120 13 04 50
82.995 244 0.31
83 22 2.57
83 23 0.69
83 25 0.00
83 30 0.00
83 B1 5462.87 5535.86 
83 B3 5499.34 5576.20 
83 120 13 04 50
83 244 0.31
83.005 22 2.54
83.005 23 0.69
83.005 25 0.00
83.005 30 0.00
83.005 B1 5465.08 5536.02 
83.005 B3 5501.63 5576.35 
83.005 120 13 04 50
83.005 244 0.31
83.00999 22 2.50
83.00999 23 0.69
83.00999 25 0.00
83.00999 30 0.00
83.00999 B1 5467.25 5536.19 
83.00999 B3 5503.87 5576.51 
83.00999 120 13 04 50
83.00999 244 0.31
83.015 22 2.46
83.015 23 0.69
83.015 25 0.00
83.015 30 0.00
83.015 B1 5469.37 5536.38 
83.015 B3 5506.07 5576.68 
83.015 120 13 04 50
83.015 244 0.31
83.02 22 2.42
83.02 23 0.69
83.02 25 0.00
83.02 30 0.00
83.02 B1 5471.48 5536.59 
83.02 B3 5508.23 5576.87 
83.02 120 13 04 50
83.02 244 0.31
83.025 22 2.38
83.025 23 0.69
83.025 25 0.00
83.025 30 0.00
83.025 B1 5473.55 5536.82 
83.025 B3 5510.36 5577.09 
83.025 120 13 04 50
83.025 244 0.31
83.03 22 2.34
83.03 23 0.69
83.03 25 0.00
83.03 30 0.00
83.03 B1 5475.59 5537.09 
83.03 B3 5512.46 5577.32 
83.03 120 13 04 50
83.03 244 0.32
83.035 22 2.31
83.035 23 0.69
83.035 25 0.00
83.035 30 0.00
83.035 B1 5478.93 5538.70 
83.035 B3 5515.73 5578.78 
83.035 120 13 04 50
83.035 244 0.31
83.04 22 2.27
83.04 23 0.70
83.04 25 0.00
83.04 30 0.00
83.04 B1 5480.46 5538.55 
83.04 B3 5517.43 5578.73 
83.04 120 13 04 50
83.04 244 0.31
83.045 22 2.23
83.045 23 0.70
83.045 25 0.00
83.045 30 0.00
83.045 B1 5482.13 5538.60 
83.045 B3 5519.21 5578.80 
83.045 120 13 04 50
83.045 244 0.32
83.05 22 2.20
83.05 23 0.69
83.05 25 0.00
83.05 30 0.00
83.05 B1 5485.22 5540.10 
83.05 B3 5522.24 5580.17 
83.05 120 13 04 50
83.05 244 0.32
83.055 22 2.16
83.055 23 0.70
83.055 25 0.00
83.055 30 0.00
83.055 B1 5487.88 5541.23 
83.055 B3 5524.95 5581.27 
83.055 120 13 04 50
83.055 244 0.32
83.06 22 2.13
83.06 23 0.71
83.06 25 0.00
83.06 30 0.00
83.06 B1 5490.27 5542.13 
83.06 B3 5527.44 5582.19 
83.06 120 13 04 50
83.06 244 0.32
83.06499 22 2.09
83.06499 23 0.71
83.06499 25 0.00
83.06499 30 0.00
83.06499 B1 5492.48 5542.90 
83.06499 B3 5529.76 5583.00 
83.06499 120 13 04 50
83.06499 244 0.32
83.07 22 2.06
83.07 23 0.71
83.07 25 0.00
83.07 30 0.00
83.07 B1 5494.57 5543.59 
83.07 B3 5531.96 5583.73 
83.07 120 13 04 50
83.07 244 0.32
83.075 22 2.02
83.075 23 0.71
83.075 25 0.00
83.075 30 0.00
83.075 B1 5496.58 5544.23 
83.075 B3 5534.07 5584.41 
83.075 120 13 04 50
83.075 244 0.32
83.08 22 1.99
83.08 23 0.71
83.08 25 0.00
83.08 30 0.00
83.08 B1 5498.52 5544.86 
83.08 B3 5536.12 5585.06 
83.08 120 13 04 50
83.08 244 0.32
83.085 22 1.95
83.085 23 0.71
83.085 25 0.00
83.085 30 0.00
83.085 B1 5500.43 5545.47 
83.085 B3 5538.11 5585.70 
83.085 120 13 04 50
83.085 244 0.31
83.09 22 1.92
83.09 23 0.71
83.09 25 0.00
83.09 30 0.00
83.09 B1 5500.98 5544.77 
83.09 B3 5538.85 5585.13 
83.09 120 13 04 50
83.09 244 0.32
83.095 22 1.89
83.095 23 0.70
83.095 25 0.00
83.095 30 0.00
83.095 B1 5503.29 5545.87 
83.095 B3 5541.10 5586.10 
83.095 120 13 04 50
83.095 244 0.32
83.1 22 1.86
83.1 23 0.71
83.1 25 0.00
83.1 30 0.00
83.1 B1 5505.40 5546.80 
83.1 B3 5543.22 5586.98 
83.1 120 13 04 50
83.1 244 0.32
83.105 22 1.82
83.105 23 0.71
83.105 25 0.00
83.105 30 0.00
83.105 B1 5507.39 5547.65 
83.105 B3 5545.24 5587.79 
83.105 120 13 04 50
83.105 244 0.32
83.11 22 1.79
83.11 23 0.71
83.11 25 0.00
83.11 30 0.00
83.11 B1 5509.29 5548.44 
83.11 B3 5547.19 5588.58 
83.11 120 13 04 50
83.11 244 0.32
83.115 22 1.76
83.115 23 0.71
83.115 25 0.00
83.115 30 0.00
83.115 B1 5511.13 5549.20 
83.115 B3 5549.08 5589.34 
83.115 120 13 04 50
83.115 244 0.32
83.12 22 1.73
83.12 23 0.71
83.12 25 0.00
83.12 30 0.00
83.12 B1 5512.93 5549.96 
83.12 B3 5550.94 5590.09 
83.12 120 13 04 50
83.12 244 0.32
83.125 22 1.70
83.125 23 0.71
83.125 25 0.00
83.125 30 0.00
83.125 B1 5516.01 5552.03 
83.125 B3 5553.94 5592.03 
83.125 120 13 04 50
83.125 244 0.32
83.13 22 1.67
83.13 23 0.72
83.13 25 0.00
83.13 30 0.00
83.13 B1 5518.60 5553.64 
83.13 B3 5556.59 5593.64 
83.13 120 13 04 50
83.13 244 0.32
83.13499 22 1.64
83.13499 23 0.73
83.13499 25 0.00
83.13499 30 0.00
83.13499 B1 5519.56 5553.65 
83.13499 B3 5557.77 5593.83 
83.13499 120 13 04 50
83.13499 244 0.32
83.14 22 1.61
83.14 23 0.72
83.14 25 0.00
83.14 30 0.00
83.14 B1 5520.77 5553.94 
83.14 B3 5559.11 5594.20 
83.14 120 13 04 50
83.14 244 0.32
83.145 22 1.58
83.145 23 0.72
83.145 25 0.00
83.145 30 0.00
83.145 B1 5523.46 5555.74 
83.145 B3 5561.74 5595.88 
83.145 120 13 04 50
83.145 244 0.32
83.15 22 1.56
83.15 23 0.72
83.15 25 0.00
83.15 30 0.00
83.15 B1 5525.79 5557.20 
83.15 B3 5564.10 5597.33 
83.15 120 13 04 50
83.15 244 0.32
83.155 22 1.53
83.155 23 0.73
83.155 25 0.00
83.155 30 0.00
83.155 B1 5527.88 5558.45 
83.155 B3 5566.27 5598.61 
83.155 120 13 04 50
83.155 244 0.32
83.16 22 1.50
83.16 23 0.73
83.16 25 0.00
83.16 30 0.00
83.16 B1 5528.49 5558.25 
83.16 B3 5567.10 5598.58 
83.16 120 13 04 50
83.16 244 0.32
83.165 22 1.48
83.165 23 0.72
83.165 25 0.00
83.165 30 0.00
83.165 B1 5530.79 5559.75 
83.165 B3 5569.36 5600.01 
83.165 120 13 04 50
83.165 244 0.32
83.17 22 1.45
83.17 23 0.73
83.17 25 0.00
83.17 30 0.00
83.17 B1 5532.85 5561.03 
83.17 B3 5571.45 5601.28 
83.17 120 13 04 50
83.17 244 0.32
83.175 22 1.42
83.175 23 0.73
83.175 25 0.00
83.175 30 0.00
83.175 B1 5534.75 5562.19 
83.175 B3 5573.41 5602.46 
83.175 120 13 04 50
83.175 244 0.32
83.18 22 1.40
83.18 23 0.73
83.18 25 0.00
83.18 30 0.00
83.18 B1 5536.55 5563.27 
83.18 B3 5575.28 5603.56 
83.18 120 13 04 50
83.18 244 0.32
83.185 22 1.37
83.185 23 0.73
83.185 25 0.00
83.185 30 0.00
83.185 B1 5538.29 5564.29 
83.185 B3 5577.08 5604.62 
83.185 120 13 04 50
83.185 244 0.32
83.18999 22 1.35
83.18999 23 0.73
83.18999 25 0.00
83.18999 30 0.00
83.18999 B1 5539.97 5565.29 
83.18999 B3 5578.83 5605.65 
83.18999 120 13 04 50
83.18999 244 0.32
83.195 22 1.32
83.195 23 0.73
83.195 25 0.00
83.195 30 0.00
83.195 B1 5541.62 5566.28 
83.195 B3 5580.54 5606.66 
83.195 120 13 04 50
83.195 244 0.32
83.2 22 1.30
83.2 23 0.73
83.2 25 0.00
83.2 30 0.00
83.2 B1 5543.25 5567.27 
83.2 B3 5582.22 5607.66 
83.2 120 13 04 50
83.2 244 0.32
83.205 22 1.28
83.205 23 0.73
83.205 25 0.00
83.205 30 0.00
83.205 B1 5544.86 5568.25 
83.205 B3 5583.87 5608.66 
83.205 120 13 04 50
83.205 244 0.32
83.21 22 1.25
83.21 23 0.73
83.21 25 0.00
83.21 30 0.00
83.21 B1 5546.46 5569.23 
83.21 B3 5585.51 5609.65 
83.21 120 13 04 50
83.21 244 0.32
83.215 22 1.23
83.215 23 0.73
83.215 25 0.00
83.215 30 0.00
83.215 B1 5548.04 5570.22 
83.215 B3 5587.13 5610.65 
83.215 120 13 04 50
83.215 244 0.32
83.22 22 1.21
83.22 23 0.73
83.22 25 0.00
83.22 30 0.00
83.22 B1 5549.61 5571.22 
83.22 B3 5588.73 5611.65 
83.22 120 13 04 50
83.22 244 0.32
83.225 22 1.19
83.225 23 0.73
83.225 25 0.00
83.225 30 0.00
83.225 B1 5551.17 5572.22 
83.225 B3 5590.33 5612.66 
83.225 120 13 04 50
83.225 244 0.32
83.23 22 1.17
83.23 23 0.73
83.23 25 0.00
83.23 30 0.00
83.23 B1 5552.72 5573.23 
83.23 B3 5591.91 5613.67 
83.23 120 13 04 50
83.23 244 0.32
83.235 22 1.14
83.235 23 0.73
83.235 25 0.00
83.235 30 0.00
83.235 B1 5554.27 5574.25 
83.235 B3 5593.48 5614.68 
83.235 120 13 04 50
83.235 244 0.32
83.24 22 1.12
83.24 23 0.73
83.24 25 0.00
83.24 30 0.00
83.24 B1 5555.80 5575.27 
83.24 B3 5595.04 5615.71 
83.24 120 13 04 50
83.24 244 0.32
83.245 22 1.10
83.245 23 0.73
83.245 25 0.00
83.245 30 0.00
83.245 B1 5557.33 5576.30 
83.245 B3 5596.59 5616.74 
83.245 120 13 04 50
83.245 244 0.32
83.25 22 1.08
83.25 23 0.73
83.25 25 0.00
83.25 30 0.00
83.25 B1 5558.85 5577.34 
83.25 B3 5598.14 5617.77 
83.25 120 13 04 50
83.25 244 0.33
83.255 22 1.06
83.255 23 0.73
83.255 25 0.00
83.255 30 0.00
83.255 B1 5561.69 5579.70 
83.255 B3 5600.87 5620.01 
83.255 120 13 04 50
83.255 244 0.32
83.25999 22 1.04
83.25999 23 0.74
83.25999 25 0.00
83.25999 30 0.00
83.25999 B1 5562.73 5580.29 
83.25999 B3 5602.07 5620.73 
83.25999 120 13 04 50
83.25999 244 0.32
83.265 22 1.02
83.265 23 0.73
83.265 25 0.00
83.265 30 0.00
83.265 B1 5563.94 5581.05 
83.265 B3 5603.35 5621.54 
83.265 120 13 04 50
83.265 244 0.33
83.27 22 1.01
83.27 23 0.73
83.27 25 0.00
83.27 30 0.00
83.27 B1 5566.57 5583.25 
83.27 B3 5605.90 5623.63 
83.27 120 13 04 50
83.27 244 0.33
83.275 22 0.99
83.275 23 0.74
83.275 25 0.00
83.275 30 0.00
83.275 B1 5568.80 5585.06 
83.275 B3 5608.15 5625.44 
83.275 120 13 04 50
83.275 244 0.33
83.28 22 0.97
83.28 23 0.74
83.28 25 0.00
83.28 30 0.00
83.28 B1 5570.77 5586.62 
83.28 B3 5610.19 5627.06 
83.28 120 13 04 50
83.28 244 0.33
83.285 22 0.95
83.285 23 0.75
83.285 25 0.00
83.285 30 0.00
83.285 B1 5572.57 5588.03 
83.285 B3 5612.09 5628.54 
83.285 120 13 04 50
83.285 244 0.33
83.29 22 0.93
83.29 23 0.75
83.29 25 0.00
83.29 30 0.00
83.29 B1 5574.27 5589.34 
83.29 B3 5613.88 5629.92 
83.29 120 13 04 50
83.29 244 0.33
83.295 22 0.92
83.295 23 0.75
83.295 25 0.00
83.295 30 0.00
83.295 B1 5575.90 5590.59 
83.295 B3 5615.59 5631.24 
83.295 120 13 04 50
83.295 244 0.33
83.3 22 0.90
83.3 23 0.75
83.3 25 0.00
83.3 30 0.00
83.3 B1 5577.48 5591.81 
83.3 B3 5617.24 5632.50 
83.3 120 13 04 50
83.3 244 0.33
83.305 22 0.88
83.305 23 0.75
83.305 25 0.00
83.305 30 0.00
83.305 B1 5580.35 5594.32 
83.305 B3 5620.05 5634.94 
83.305 120 13 04 50
83.305 244 0.33
83.31 22 0.87
83.31 23 0.76
83.31 25 0.00
83.31 30 0.00
83.31 B1 5582.74 5596.36 
83.31 B3 5622.50 5637.02 
83.31 120 13 04 50
83.31 244 0.33
83.31499 22 0.85
83.31499 23 0.76
83.31499 25 0.00
83.31499 30 0.00
83.31499 B1 5584.82 5598.11 
83.31499 B3 5624.68 5638.86 
83.31499 120 13 04 50
83.31499 244 0.33
83.32 22 0.83
83.32 23 0.77
83.32 25 0.00
83.32 30 0.00
83.32 B1 5586.70 5599.66 
83.32 B3 5626.68 5640.51 
83.32 120 13 04 50
83.32 244 0.33
83.325 22 0.82
83.325 23 0.77
83.325 25 0.00
83.325 30 0.00
83.325 B1 5587.13 5599.77 
83.325 B3 5627.36 5640.85 
83.325 120 13 04 50
83.325 244 0.33
83.33 22 0.80
83.33 23 0.76
83.33 25 0.00
83.33 30 0.00
83.33 B1 5587.93 5600.27 
83.33 B3 5628.27 5641.43 
83.33 120 13 04 50
83.33 244 0.33
83.335 22 0.79
83.335 23 0.76
83.335 25 0.00
83.335 30 0.00
83.335 B1 5590.30 5602.32 
83.335 B3 5630.55 5643.38 
83.335 120 13 04 50
83.335 244 0.33
83.34 22 0.77
83.34 23 0.76
83.34 25 0.00
83.34 30 0.00
83.34 B1 5592.36 5604.09 
83.34 B3 5632.61 5645.13 
83.34 120 13 04 50
83.34 244 0.33
83.345 22 0.76
83.345 23 0.77
83.345 25 0.00
83.345 30 0.00
83.345 B1 5594.22 5605.66 
83.345 B3 5634.51 5646.73 
83.345 120 13 04 50
83.345 244 0.33
83.35 22 0.75
83.35 23 0.77
83.35 25 0.00
83.35 30 0.00
83.35 B1 5595.95 5607.11 
83.35 B3 5636.30 5648.23 
83.35 120 13 04 50
83.35 244 0.33
83.355 22 0.73
83.355 23 0.77
83.355 25 0.00
83.355 30 0.00
83.355 B1 5597.60 5608.48 
83.355 B3 5638.02 5649.65 
83.355 120 13 04 50
83.355 244 0.33
83.36 22 0.72
83.36 23 0.77
83.36 25 0.00
83.36 30 0.00
83.36 B1 5599.20 5609.81 
83.36 B3 5639.67 5651.02 
83.36 120 13 04 50
83.36 244 0.33
83.365 22 0.71
83.365 23 0.77
83.365 25 0.00
83.365 30 0.00
83.365 B1 5600.76 5611.11 
83.365 B3 5641.29 5652.36 
83.365 120 13 04 50
83.365 244 0.33
83.37 22 0.69
83.37 23 0.77
83.37 25 0.00
83.37 30 0.00
83.37 B1 5602.29 5612.38 
83.37 B3 5642.87 5653.68 
83.37 120 13 04 50
83.37 244 0.33
83.375 22 0.68
83.375 23 0.77
83.375 25 0.00
83.375 30 0.00
83.375 B1 5603.80 5613.65 
83.375 B3 5644.44 5654.98 
83.375 120 13 04 50
83.375 244 0.33
83.38 22 0.67
83.38 23 0.77
83.38 25 0.00
83.38 30 0.00
83.38 B1 5605.31 5614.92 
83.38 B3 5645.98 5656.27 
83.38 120 13 04 50
83.38 244 0.33
83.38499 22 0.65
83.38499 23 0.77
83.38499 25 0.00
83.38499 30 0.00
83.38499 B1 5606.81 5616.18 
83.38499 B3 5647.51 5657.55 
83.38499 120 13 04 50
83.38499 244 0.33
83.39 22 0.64
83.39 23 0.77
83.39 25 0.00
83.39 30 0.00
83.39 B1 5608.30 5617.44 
83.39 B3 5649.03 5658.82 
83.39 120 13 04 50
83.39 244 0.33
83.395 22 0.63
83.395 23 0.77
83.395 25 0.00
83.395 30 0.00
83.395 B1 5609.78 5618.70 
83.395 B3 5650.54 5660.10 
83.395 120 13 04 50
83.395 244 0.33
83.4 22 0.62
83.4 23 0.77
83.4 25 0.00
83.4 30 0.00
83.4 B1 5612.58 5621.28 
83.4 B3 5653.24 5662.57 
83.4 120 13 04 50
83.4 244 0.33
83.405 22 0.61
83.405 23 0.78
83.405 25 0.00
83.405 30 0.00
83.405 B1 5614.92 5623.40 
83.405 B3 5655.60 5664.70 
83.405 120 13 04 50
83.405 244 0.33
83.41 22 0.60
83.41 23 0.78
83.41 25 0.00
83.41 30 0.00
83.41 B1 5616.96 5625.24 
83.41 B3 5657.72 5666.60 
83.41 120 13 04 50
83.41 244 0.33
83.415 22 0.58
83.415 23 0.79
83.415 25 0.00
83.415 30 0.00
83.415 B1 5618.81 5626.89 
83.415 B3 5659.67 5668.34 
83.415 120 13 04 50
83.415 244 0.33
83.42 22 0.57
83.42 23 0.79
83.42 25 0.00
83.42 30 0.00
83.42 B1 5620.53 5628.42 
83.42 B3 5661.50 5669.96 
83.42 120 13 04 50
83.42 244 0.33
83.425 22 0.56
83.425 23 0.79
83.425 25 0.00
83.425 30 0.00
83.425 B1 5622.18 5629.87 
83.425 B3 5663.24 5671.50 
83.425 120 13 04 50
83.425 244 0.33
83.43 22 0.55
83.43 23 0.79
83.43 25 0.00
83.43 30 0.00
83.43 B1 5623.77 5631.28 
83.43 B3 5664.92 5672.98 
83.43 120 13 04 50
83.43 244 0.34
83.435 22 0.54
83.435 23 0.79
83.435 25 0.00
83.435 30 0.00
83.435 B1 5626.65 5633.98 
83.435 B3 5667.74 5675.61 
83.435 120 13 04 50
83.435 244 0.34
83.43999 22 0.53
83.43999 23 0.80
83.43999 25 0.00
83.43999 30 0.00
83.43999 B1 5629.05 5636.20 
83.43999 B3 5670.20 5677.89 
83.43999 120 13 04 50
83.43999 244 0.34
83.445 22 0.52
83.445 23 0.81
83.445 25 0.00
83.445 30 0.00
83.445 B1 5631.14 5638.12 
83.445 B3 5672.40 5679.90 
83.445 120 13 04 50
83.445 244 0.34
83.45 22 0.51
83.45 23 0.81
83.45 25 0.00
83.45 30 0.00
83.45 B1 5633.03 5639.85 
83.45 B3 5674.42 5681.75 
83.45 120 13 04 50
83.45 244 0.33
83.455 22 0.50
83.455 23 0.81
83.455 25 0.00
83.455 30 0.00
83.455 B1 5633.47 5640.13 
83.455 B3 5675.11 5682.26 
83.455 120 13 04 50
83.455 244 0.33
83.46 22 0.49
83.46 23 0.81
83.46 25 0.00
83.46 30 0.00
83.46 B1 5634.29 5640.78 
83.46 B3 5676.04 5683.01 
83.46 120 13 04 50
83.46 244 0.33
83.465 22 0.48
83.465 23 0.80
83.465 25 0.00
83.465 30 0.00
83.465 B1 5635.35 5641.69 
83.465 B3 5677.13 5683.94 
83.465 120 13 04 50
83.465 244 0.33
83.47 22 0.48
83.47 23 0.80
83.47 25 0.00
83.47 30 0.00
83.47 B1 5636.56 5642.74 
83.47 B3 5678.34 5684.99 
83.47 120 13 04 50
83.47 244 0.33
83.475 22 0.47
83.475 23 0.80
83.475 25 0.00
83.475 30 0.00
83.475 B1 5637.87 5643.90 
83.475 B3 5679.63 5686.12 
83.475 120 13 04 50
83.475 244 0.33
83.48 22 0.46
83.48 23 0.79
83.48 25 0.00
83.48 30 0.00
83.48 B1 5639.24 5645.12 
83.48 B3 5680.98 5687.31 
83.48 120 13 04 50
83.48 244 0.33
83.485 22 0.45
83.485 23 0.79
83.485 25 0.00
83.485 30 0.00
83.485 B1 5640.65 5646.39 
83.485 B3 5682.36 5688.55 
83.485 120 13 04 50
83.485 244 0.33
83.49 22 0.44
83.49 23 0.79
83.49 25 0.00
83.49 30 0.00
83.49 B1 5642.08 5647.68 
83.49 B3 5683.78 5689.81 
83.49 120 13 04 50
83.49 244 0.33
83.495 22 0.43
83.495 23 0.79
83.495 25 0.00
83.495 30 0.00
83.495 B1 5643.52 5648.99 
83.495 B3 5685.22 5691.11 
83.495 120 13 04 50
83.495 244 0.33
83.5 22 0.42
83.5 23 0.79
83.5 25 0.00
83.5 30 0.00
83.5 B1 5644.97 5650.31 
83.5 B3 5686.67 5692.42 
83.5 120 13 04 50
83.5 244 0.34
83.505 22 0.42
83.505 23 0.79
83.505 25 0.00
83.505 30 0.00
83.505 B1 5647.75 5652.97 
83.505 B3 5689.32 5694.93 
83.505 120 13 04 50
83.505 244 0.34
83.50999 22 0.41
83.50999 23 0.80
83.50999 25 0.00
83.50999 30 0.00
83.50999 B1 5650.08 5655.17 
83.50999 B3 5691.64 5697.13 
83.50999 120 13 04 50
83.50999 244 0.33
83.515 22 0.40
83.515 23 0.80
83.515 25 0.00
83.515 30 0.00
83.515 B1 5650.79 5655.76 
83.515 B3 5692.55 5697.90 
83.515 120 13 04 50
83.515 244 0.34
83.52 22 0.39
83.52 23 0.80
83.52 25 0.00
83.52 30 0.00
83.52 B1 5653.09 5657.94 
83.52 B3 5694.81 5700.03 
83.52 120 13 04 50
83.52 244 0.34
83.525 22 0.39
83.525 23 0.80
83.525 25 0.00
83.525 30 0.00
83.525 B1 5655.10 5659.84 
83.525 B3 5696.85 5701.96 
83.525 120 13 04 50
83.525 244 0.33
83.53 22 0.38
83.53 23 0.81
83.53 25 0.00
83.53 30 0.00
83.53 B1 5655.62 5660.24 
83.53 B3 5697.56 5702.54 
83.53 120 13 04 50
83.53 244 0.33
83.535 22 0.37
83.535 23 0.80
83.535 25 0.00
83.535 30 0.00
83.535 B1 5656.46 5660.98 
83.535 B3 5698.48 5703.34 
83.535 120 13 04 50
83.535 244 0.33
83.54 22 0.36
83.54 23 0.80
83.54 25 0.00
83.54 30 0.00
83.54 B1 5657.53 5661.94 
83.54 B3 5699.56 5704.31 
83.54 120 13 04 50
83.54 244 0.33
83.545 22 0.36
83.545 23 0.79
83.545 25 0.00
83.545 30 0.00
83.545 B1 5658.73 5663.03 
83.545 B3 5700.74 5705.38 
83.545 120 13 04 50
83.545 244 0.34
83.55 22 0.35
83.55 23 0.79
83.55 25 0.00
83.55 30 0.00
83.55 B1 5661.34 5665.54 
83.55 B3 5703.20 5707.73 
83.55 120 13 04 50
83.55 244 0.33
83.555 22 0.34
83.555 23 0.80
83.555 25 0.00
83.555 30 0.00
83.555 B1 5662.23 5666.33 
83.555 B3 5704.19 5708.62 
83.555 120 13 04 50
83.555 244 0.33
83.56 22 0.34
83.56 23 0.79
83.56 25 0.00
83.56 30 0.00
83.56 B1 5663.32 5667.32 
83.56 B3 5705.32 5709.64 
83.56 120 13 04 50
83.56 244 0.33
83.56499 22 0.33
83.56499 23 0.79
83.56499 25 0.00
83.56499 30 0.00
83.56499 B1 5664.54 5668.45 
83.56499 B3 5706.54 5710.76 
83.56499 120 13 04 50
83.56499 244 0.34
83.57 22 0.33
83.57 23 0.79
83.57 25 0.00
83.57 30 0.00
83.57 B1 5667.15 5670.97 
83.57 B3 5709.02 5713.14 
83.57 120 13 04 50
83.57 244 0.34
83.575 22 0.32
83.575 23 0.80
83.575 25 0.00
83.575 30 0.00
83.575 B1 5669.37 5673.09 
83.575 B3 5711.22 5715.24 
83.575 120 13 04 50
83.575 244 0.34
83.58 22 0.31
83.58 23 0.80
83.58 25 0.00
83.58 30 0.00
83.58 B1 5671.32 5674.96 
83.58 B3 5713.21 5717.14 
83.58 120 13 04 50
83.58 244 0.34
83.585 22 0.31
83.585 23 0.80
83.585 25 0.00
83.585 30 0.00
83.585 B1 5673.11 5676.66 
83.585 B3 5715.07 5718.91 
83.585 120 13 04 50
83.585 244 0.34
83.59 22 0.30
83.59 23 0.80
83.59 25 0.00
83.59 30 0.00
83.59 B1 5674.78 5678.25 
83.59 B3 5716.82 5720.57 
83.59 120 13 04 50
83.59 244 0.34
83.595 22 0.30
83.595 23 0.81
83.595 25 0.00
83.595 30 0.00
83.595 B1 5676.39 5679.78 
83.595 B3 5718.49 5722.16 
83.595 120 13 04 50
83.595 244 0.34
83.6 22 0.29
83.6 23 0.81
83.6 25 0.00
83.6 30 0.00
83.6 B1 5677.95 5681.26 
83.6 B3 5720.12 5723.70 
83.6 120 13 04 50
83.6 244 0.34
83.605 22 0.28
83.605 23 0.81
83.605 25 0.00
83.605 30 0.00
83.605 B1 5679.48 5682.71 
83.605 B3 5721.71 5725.21 
83.605 120 13 04 50
83.605 244 0.34
83.61 22 0.28
83.61 23 0.81
83.61 25 0.00
83.61 30 0.00
83.61 B1 5680.99 5684.15 
83.61 B3 5723.27 5726.68 
83.61 120 13 04 50
83.61 244 0.34
83.615 22 0.27
83.615 23 0.81
83.615 25 0.00
83.615 30 0.00
83.615 B1 5683.81 5686.89 
83.615 B3 5726.00 5729.34 
83.615 120 13 04 50
83.615 244 0.34
83.62 22 0.27
83.62 23 0.82
83.62 25 0.00
83.62 30 0.00
83.62 B1 5686.16 5689.18 
83.62 B3 5728.39 5731.66 
83.62 120 13 04 50
83.62 244 0.34
83.625 22 0.26
83.625 23 0.82
83.625 25 0.00
83.625 30 0.00
83.625 B1 5686.90 5689.85 
83.625 B3 5729.34 5732.53 
83.625 120 13 04 50
83.625 244 0.34
83.63 22 0.26
83.63 23 0.82
83.63 25 0.00
83.63 30 0.00
83.63 B1 5687.90 5690.78 
83.63 B3 5730.44 5733.56 
83.63 120 13 04 50
83.63 244 0.34
83.63499 22 0.25
83.63499 23 0.81
83.63499 25 0.00
83.63499 30 0.00
83.63499 B1 5689.07 5691.88 
83.63499 B3 5731.66 5734.70 
83.63499 120 13 04 50
83.63499 244 0.34
83.64 22 0.25
83.64 23 0.81
83.64 25 0.00
83.64 30 0.00
83.64 B1 5691.66 5694.40 
83.64 B3 5734.14 5737.12 
83.64 120 13 04 50
83.64 244 0.34
83.645 22 0.24
83.645 23 0.82
83.645 25 0.00
83.645 30 0.00
83.645 B1 5693.87 5696.55 
83.645 B3 5736.36 5739.26 
83.645 120 13 04 50
83.645 244 0.34
83.65 22 0.24
83.65 23 0.82
83.65 25 0.00
83.65 30 0.00
83.65 B1 5695.83 5698.45 
83.65 B3 5738.37 5741.21 
83.65 120 13 04 50
83.65 244 0.34
83.655 22 0.24
83.655 23 0.82
83.655 25 0.00
83.655 30 0.00
83.655 B1 5697.63 5700.19 
83.655 B3 5740.25 5743.02 
83.655 120 13 04 50
83.655 244 0.34
83.66 22 0.23
83.66 23 0.83
83.66 25 -0.26
83.66 30 0.00
83.66 B1 5699.33 5701.83 
83.66 B3 5742.02 5744.74 
83.66 120 13 04 50
83.66 244 0.34
83.665 22 0.06
83.665 23 0.83
83.665 25 -0.93
83.665 30 0.00
83.665 B1 5700.97 5703.41 
83.665 B3 5743.73 5746.38 
83.665 120 13 04 50
83.665 244 0.34
83.67 22 -0.39
83.67 23 0.82
83.67 25 -1.28
83.67 30 0.00
83.67 B1 5702.48 5704.71 
83.67 B3 5745.45 5747.92 
83.67 120 13 04 50
83.67 244 0.35
83.675 22 -0.64
83.675 23 0.81
83.675 25 -1.28
83.675 30 0.00
83.675 B1 5705.40 5706.92 
83.675 B3 5748.53 5750.39 
83.675 120 13 04 50
83.675 244 0.35
83.68 22 -0.63
83.68 23 0.82
83.68 25 -1.50
83.68 30 0.00
83.68 B1 5708.23 5708.49 
83.68 B3 5751.50 5752.26 
83.68 120 13 04 50
83.68 244 0.34
83.685 22 -0.78
83.685 23 0.82
83.685 25 -2.40
83.685 30 0.00
83.685 B1 5709.53 5708.19 
83.685 B3 5753.17 5752.51 
83.685 120 13 04 50
83.685 244 0.34
83.68999 22 -1.45
83.68999 23 0.79
83.68999 25 -2.85
83.68999 30 0.00
83.68999 B1 5710.46 5707.18 
83.68999 B3 5755.17 5752.74 
83.68999 120 13 04 50
83.68999 244 0.34
83.695 22 -1.78
83.695 23 0.76
83.695 25 -3.63
83.695 30 0.00
83.695 B1 5711.76 5705.71 
83.695 B3 5757.61 5752.66 
83.695 120 13 04 50
83.695 244 0.35
83.7 22 -2.38
83.7 23 0.70
83.7 25 -3.63
83.7 30 0.00
83.7 B1 5714.07 5704.41 
83.7 B3 5761.69 5753.45 
83.7 120 13 04 50
83.7 244 0.35
83.705 22 -2.32
83.705 23 0.70
83.705 25 -3.63
83.705 30 0.00
83.705 B1 5717.32 5703.00 
83.705 B3 5765.93 5753.41 
83.705 120 13 04 50
83.705 244 0.35
83.71 22 -2.27
83.71 23 0.71
83.71 25 -3.63
83.71 30 0.00
83.71 B1 5721.16 5701.54 
83.71 B3 5770.26 5752.80 
83.71 120 13 04 50
83.71 244 0.35
83.715 22 -2.22
83.715 23 0.71
83.715 25 -3.63
83.715 30 0.00
83.715 B1 5725.33 5700.09 
83.715 B3 5774.64 5751.82 
83.715 120 13 04 50
83.715 244 0.35
83.72 22 -2.18
83.72 23 0.71
83.72 25 -3.86
83.72 30 0.00
83.72 B1 5729.69 5698.66 
83.72 B3 5779.02 5750.59 
83.72 120 13 04 50
83.72 244 0.35
83.725 22 -2.33
83.725 23 0.70
83.725 25 -3.97
83.725 30 0.00
83.725 B1 5733.73 5696.88 
83.725 B3 5783.39 5749.22 
83.725 120 13 04 50
83.725 244 0.35
83.73 22 -2.38
83.73 23 0.69
83.73 25 -3.97
83.73 30 0.00
83.73 B1 5737.81 5695.01 
83.73 B3 5787.77 5747.69 
83.73 120 13 04 50
83.73 244 0.35
83.735 22 -2.34
83.735 23 0.70
83.735 25 -3.97
83.735 30 0.00
83.735 B1 5742.14 5693.28 
83.735 B3 5792.17 5746.03 
83.735 120 13 04 50
83.735 244 0.35
83.74 22 -2.31
83.74 23 0.70
83.74 25 -3.97
83.74 30 0.00
83.74 B1 5746.58 5691.66 
83.74 B3 5796.56 5744.32 
83.74 120 13 04 50
83.74 244 0.35
83.745 22 -2.27
83.745 23 0.70
83.745 25 -3.97
83.745 30 0.00
83.745 B1 5751.07 5690.15 
83.745 B3 5800.92 5742.59 
83.745 120 13 04 50
83.745 244 0.35
83.75 22 -2.25
83.75 23 0.70
83.75 25 -3.97
83.75 30 0.00
83.75 B1 5755.55 5688.74 
83.75 B3 5805.24 5740.88 
83.75 120 13 04 50
83.75 244 0.35
83.755 22 -2.22
83.755 23 0.70
83.755 25 -3.97
83.755 30 0.00
83.755 B1 5761.31 5688.72 
83.755 B3 5810.69 5740.40 
83.755 120 13 04 50
83.755 244 0.35
83.75999 22 -2.21
83.75999 23 0.72
83.75999 25 -3.97
83.75999 30 0.00
83.75999 B1 5766.56 5688.32 
83.75999 B3 5815.75 5739.65 
83.75999 120 13 04 50
83.75999 244 0.35
83.765 22 -2.19
83.765 23 0.72
83.765 25 -3.97
83.765 30 0.00
83.765 B1 5771.46 5687.70 
83.765 B3 5820.53 5738.73 
83.765 120 13 04 50
83.765 244 0.35
83.77 22 -2.18
83.77 23 0.73
83.77 25 -3.97
83.77 30 0.00
83.77 B1 5776.09 5686.96 
83.77 B3 5825.07 5737.71 
83.77 120 13 04 50
83.77 244 0.35
83.775 22 -2.17
83.775 23 0.73
83.775 25 -3.97
83.775 30 0.00
83.775 B1 5780.52 5686.17 
83.775 B3 5829.43 5736.65 
83.775 120 13 04 50
83.775 244 0.35
83.78 22 -2.16
83.78 23 0.74
83.78 25 -3.97
83.78 30 0.00
83.78 B1 5784.78 5685.36 
83.78 B3 5833.62 5735.58 
83.78 120 13 04 50
83.78 244 0.35
83.785 22 -2.16
83.785 23 0.74
83.785 25 -3.97
83.785 30 0.00
83.785 B1 5788.92 5684.56 
83.785 B3 5837.70 5734.53 
83.785 120 13 04 50
83.785 244 0.35
83.79 22 -2.15
83.79 23 0.74
83.79 25 -3.97
83.79 30 0.00
83.79 B1 5792.94 5683.79 
83.79 B3 5841.66 5733.51 
83.79 120 13 04 50
83.79 244 0.35
83.795 22 -2.16
83.795 23 0.74
83.795 25 -3.97
83.795 30 0.00
83.795 B1 5796.85 5683.05 
83.795 B3 5845.51 5732.54 
83.795 120 13 04 50
83.795 244 0.35
83.8 22 -2.16
83.8 23 0.74
83.8 25 -3.97
83.8 30 0.00
83.8 B1 5800.68 5682.35 
83.8 B3 5849.29 5731.62 
83.8 120 13 04 50
83.8 244 0.35
83.805 22 -2.16
83.805 23 0.75
83.805 25 -3.97
83.805 30 0.00
83.805 B1 5804.42 5681.69 
83.805 B3 5852.98 5730.75 
83.805 120 13 04 50
83.805 244 0.35
83.81 22 -2.17
83.81 23 0.75
83.81 25 -3.97
83.81 30 0.00
83.81 B1 5808.09 5681.08 
83.81 B3 5856.61 5729.94 
83.81 120 13 04 50
83.81 244 0.35
83.81499 22 -2.18
83.81499 23 0.75
83.81499 25 -4.08
83.81499 30 0.00
83.81499 B1 5810.36 5679.19 
83.81499 B3 5858.96 5728.00 
83.81499 120 13 04 50
83.81499 244 0.35
83.82 22 -2.28
83.82 23 0.73
83.82 25 -4.08
83.82 30 0.00
83.82 B1 5814.14 5678.94 
83.82 B3 5862.77 5727.64 
83.82 120 13 04 50
83.82 244 0.35
83.825 22 -2.30
83.825 23 0.73
83.825 25 -3.97
83.825 30 0.00
83.825 B1 5817.81 5678.60 
83.825 B3 5866.46 5727.20 
83.825 120 13 04 50
83.825 244 0.35
83.83 22 -2.22
83.83 23 0.74
83.83 25 -3.97
83.83 30 0.00
83.83 B1 5821.55 5678.38 
83.83 B3 5870.05 5726.71 
83.83 120 13 04 50
83.83 244 0.35
83.835 22 -2.23
83.835 23 0.75
83.835 25 -4.08
83.835 30 0.00
83.835 B1 5825.10 5678.12 
83.835 B3 5873.51 5726.26 
83.835 120 13 04 50
83.835 244 0.35
83.84 22 -2.35
83.84 23 0.74
83.84 25 -4.08
83.84 30 0.00
83.84 B1 5828.34 5677.67 
83.84 B3 5876.88 5725.83 
83.84 120 13 04 50
83.84 244 0.35
83.845 22 -2.36
83.845 23 0.74
83.845 25 -4.08
83.845 30 0.00
83.845 B1 5831.57 5677.25 
83.845 B3 5880.20 5725.41 
83.845 120 13 04 50
83.845 244 0.35
83.85 22 -2.38
83.85 23 0.74
83.85 25 -4.08
83.85 30 0.00
83.85 B1 5834.77 5676.85 
83.85 B3 5883.47 5724.99 
83.85 120 13 04 50
83.85 244 0.35
83.855 22 -2.40
83.855 23 0.74
83.855 25 -4.08
83.855 30 0.00
83.855 B1 5837.93 5676.49 
83.855 B3 5886.69 5724.60 
83.855 120 13 04 50
83.855 244 0.35
83.86 22 -2.43
83.86 23 0.74
83.86 25 -3.97
83.86 30 0.00
83.86 B1 5841.06 5676.16 
83.86 B3 5889.86 5724.22 
83.86 120 13 04 50
83.86 244 0.35
83.865 22 -2.36
83.865 23 0.75
83.865 25 -3.97
83.865 30 0.00
83.865 B1 5845.62 5677.35 
83.865 B3 5894.17 5725.08 
83.865 120 13 04 50
83.865 244 0.35
83.87 22 -2.39
83.87 23 0.76
83.87 25 -4.08
83.87 30 0.00
83.87 B1 5849.60 5678.09 
83.87 B3 5898.10 5725.68 
83.87 120 13 04 50
83.87 244 0.35
83.875 22 -2.50
83.875 23 0.75
83.875 25 -4.08
83.875 30 0.00
83.875 B1 5853.01 5678.38 
83.875 B3 5901.73 5726.10 
83.875 120 13 04 50
83.875 244 0.35
83.88 22 -2.53
83.88 23 0.76
83.88 25 -4.08
83.88 30 0.00
83.88 B1 5856.25 5678.52 
83.88 B3 5905.18 5726.36 
83.88 120 13 04 50
83.88 244 0.35
83.88499 22 -2.56
83.88499 23 0.76
83.88499 25 -4.08
83.88499 30 0.00
83.88499 B1 5859.35 5678.58 
83.88499 B3 5908.47 5726.54 
83.88499 120 13 04 50
83.88499 244 0.35
83.89 22 -2.59
83.89 23 0.76
83.89 25 -4.08
83.89 30 0.00
83.89 B1 5862.36 5678.59 
83.89 B3 5911.65 5726.64 
83.89 120 13 04 50
83.89 244 0.35
83.895 22 -2.62
83.895 23 0.76
83.895 25 -4.08
83.895 30 0.00
83.895 B1 5865.27 5678.58 
83.895 B3 5914.72 5726.71 
83.895 120 13 04 50
83.895 244 0.35
83.9 22 -2.65
83.9 23 0.76
83.9 25 -4.08
83.9 30 0.00
83.9 B1 5868.13 5678.56 
83.9 B3 5917.73 5726.77 
83.9 120 13 04 50
83.9 244 0.35
83.905 22 -2.68
83.905 23 0.76
83.905 25 -4.19
83.905 30 0.00
83.905 B1 5870.92 5678.56 
83.905 B3 5920.66 5726.82 
83.905 120 13 04 50
83.905 244 0.35
83.91 22 -2.80
83.91 23 0.75
83.91 25 -4.19
83.91 30 0.00
83.91 B1 5872.16 5677.06 
83.91 B3 5922.34 5725.69 
83.91 120 13 04 50
83.91 244 0.35
83.915 22 -2.83
83.915 23 0.74
83.915 25 -4.19
83.915 30 0.00
83.915 B1 5875.21 5677.38 
83.915 B3 5925.51 5726.05 
83.915 120 13 04 50
83.915 244 0.35
83.92 22 -2.86
83.92 23 0.75
83.92 25 -4.19
83.92 30 0.00
83.92 B1 5878.13 5677.57 
83.92 B3 5928.56 5726.30 
83.92 120 13 04 50
83.92 244 0.35
83.925 22 -2.89
83.925 23 0.75
83.925 25 -4.30
83.925 30 0.00
83.925 B1 5880.96 5677.68 
83.925 B3 5931.53 5726.49 
83.925 120 13 04 50
83.925 244 0.35
83.93 22 -3.02
83.93 23 0.74
83.93 25 -4.53
83.93 30 0.00
83.93 B1 5882.20 5676.24 
83.93 B3 5933.21 5725.44 
83.93 120 13 04 50
83.93 244 0.35
83.935 22 -3.23
83.935 23 0.71
83.935 25 -4.64
83.935 30 0.00
83.935 B1 5884.83 5676.19 
83.935 B3 5936.38 5725.85 
83.935 120 13 04 50
83.935 244 0.35
83.93999 22 -3.35
83.93999 23 0.70
83.93999 25 -4.64
83.93999 30 0.00
83.93999 B1 5887.33 5675.83 
83.93999 B3 5939.48 5726.05 
83.93999 120 13 04 50
83.93999 244 0.35
83.945 22 -3.38
83.945 23 0.70
83.945 25 -4.75
83.945 30 0.00
83.945 B1 5889.98 5675.46 
83.945 B3 5942.55 5726.06 
83.945 120 13 04 50
83.945 244 0.35
83.95 22 -3.50
83.95 23 0.69
83.95 25 -4.75
83.95 30 0.00
83.95 B1 5892.49 5674.86 
83.95 B3 5945.58 5725.96 
83.95 120 13 04 50
83.95 244 0.35
83.955 22 -3.52
83.955 23 0.69
83.955 25 -4.75
83.955 30 0.00
83.955 B1 5895.15 5674.31 
83.955 B3 5948.60 5725.74 
83.955 120 13 04 50
83.955 244 0.35
83.96 22 -3.55
83.96 23 0.69
83.96 25 -4.75
83.96 30 0.00
83.96 B1 5897.90 5673.80 
83.96 B3 5951.60 5725.44 
83.96 120 13 04 50
83.96 244 0.35
83.965 22 -3.57
83.965 23 0.69
83.965 25 -4.75
83.965 30 0.00
83.965 B1 5900.68 5673.34 
83.965 B3 5954.57 5725.11 
83.965 120 13 04 50
83.965 244 0.35
83.97 22 -3.60
83.97 23 0.69
83.97 25 -4.75
83.97 30 0.00
83.97 B1 5902.14 5671.58 
83.97 B3 5956.32 5723.56 
83.97 120 13 04 50
83.97 244 0.35
83.975 22 -3.63
83.975 23 0.68
83.975 25 -4.75
83.975 30 0.00
83.975 B1 5904.03 5670.32 
83.975 B3 5958.34 5722.35 
83.975 120 13 04 50
83.975 244 0.35
83.98 22 -3.66
83.98 23 0.68
83.98 25 -4.75
83.98 30 0.00
83.98 B1 5906.17 5669.38 
83.98 B3 5960.55 5721.37 
83.98 120 13 04 50
83.98 244 0.35
83.985 22 -3.69
83.985 23 0.67
83.985 25 -4.75
83.985 30 0.00
83.985 B1 5907.14 5667.34 
83.985 B3 5961.69 5719.39 
83.985 120 13 04 50
83.985 244 0.35
83.99 22 -3.72
83.99 23 0.66
83.99 25 -4.86
83.99 30 0.00
83.99 B1 5909.95 5667.24 
83.99 B3 5964.42 5719.08 
83.99 120 13 04 50
83.99 244 0.35
83.995 22 -3.84
83.995 23 0.65
83.995 25 -4.75
83.995 30 0.00
83.995 B1 5912.44 5666.85 
83.995 B3 5967.10 5718.78 
83.995 120 13 04 50
83.995 244 0.35
84 22 -3.78
84 23 0.66
84 25 -4.75
84 30 0.00
84 B1 5915.17 5666.70 
84 B3 5969.77 5718.46 
84 120 13 04 50
84 244 0.35
84.005 22 -3.81
84.005 23 0.66
84.005 25 -4.86
84.005 30 0.00
84.005 B1 5917.78 5666.52 
84.005 B3 5972.39 5718.18 
84.005 120 13 04 50
84.005 244 0.35
84.00999 22 -3.94
84.00999 23 0.65
84.00999 25 -4.86
84.00999 30 0.00
84.00999 B1 5918.75 5664.79 
84.00999 B3 5973.76 5716.73 
84.00999 120 13 04 50
84.00999 244 0.35
84.015 22 -3.97
84.015 23 0.64
84.015 25 -4.86
84.015 30 0.00
84.015 B1 5920.20 5663.56 
84.015 B3 5975.43 5715.62 
84.015 120 13 04 50
84.015 244 0.35
84.02 22 -4.00
84.02 23 0.64
84.02 25 -4.86
84.02 30 0.00
84.02 B1 5923.25 5663.98 
84.02 B3 5978.49 5715.93 
84.02 120 13 04 50
84.02 244 0.35
84.025 22 -4.04
84.025 23 0.64
84.025 25 -4.86
84.025 30 0.00
84.025 B1 5926.05 5664.16 
84.025 B3 5981.38 5716.10 
84.025 120 13 04 50
84.025 244 0.35
84.03 22 -4.07
84.03 23 0.64
84.03 25 -4.86
84.03 30 0.00
84.03 B1 5928.67 5664.20 
84.03 B3 5984.13 5716.16 
84.03 120 13 04 50
84.03 244 0.35
84.035 22 -4.11
84.035 23 0.65
84.035 25 -4.86
84.035 30 0.00
84.035 B1 5931.15 5664.14 
84.035 B3 5986.76 5716.16 
84.035 120 13 04 50
84.035 244 0.35
84.04 22 -4.14
84.04 23 0.65
84.04 25 -4.86
84.04 30 0.00
84.04 B1 5933.53 5664.05 
84.04 B3 5989.31 5716.12 
84.04 120 13 04 50
84.04 244 0.35
84.045 22 -4.18
84.045 23 0.65
84.045 25 -4.86
84.045 30 0.00
84.045 B1 5935.83 5663.93 
84.045 B3 5991.77 5716.07 
84.045 120 13 04 50
84.045 244 0.35
84.05 22 -4.21
84.05 23 0.65
84.05 25 -4.86
84.05 30 0.00
84.05 B1 5938.05 5663.80 
84.05 B3 5994.17 5716.01 
84.05 120 13 04 50
84.05 244 0.35
84.055 22 -4.25
84.055 23 0.65
84.055 25 -4.86
84.055 30 0.00
84.055 B1 5938.89 5662.36 
84.055 B3 5995.31 5714.76 
84.055 120 13 04 50
84.055 244 0.35
84.06 22 -4.28
84.06 23 0.64
84.06 25 -4.86
84.06 30 0.00
84.06 B1 5940.11 5661.39 
84.06 B3 5996.71 5713.86 
84.06 120 13 04 50
84.06 244 0.35
84.06499 22 -4.32
84.06499 23 0.63
84.06499 25 -4.86
84.06499 30 0.00
84.06499 B1 5941.57 5660.72 
84.06499 B3 5998.29 5713.20 
84.06499 120 13 04 50
84.06499 244 0.35
84.07 22 -4.35
84.07 23 0.63
84.07 25 -4.86
84.07 30 0.00
84.07 B1 5943.17 5660.27 
84.07 B3 5999.99 5712.73 
84.07 120 13 04 50
84.07 244 0.35
84.075 22 -4.39
84.075 23 0.62
84.075 25 -4.86
84.075 30 0.00
84.075 B1 5944.85 5659.94 
84.075 B3 6001.76 5712.40 
84.075 120 13 04 50
84.075 244 0.35
84.08 22 -4.42
84.08 23 0.62
84.08 25 -4.86
84.08 30 0.00
84.08 B1 5946.57 5659.71 
84.08 B3 6003.57 5712.17 
84.08 120 13 04 50
84.08 244 0.35
84.085 22 -4.46
84.085 23 0.62
84.085 25 -4.86
84.085 30 0.00
84.085 B1 5948.31 5659.54 
84.085 B3 6005.42 5712.01 
84.085 120 13 04 50
84.085 244 0.35
84.09 22 -4.50
84.09 23 0.62
84.09 25 -4.86
84.09 30 0.00
84.09 B1 5950.05 5659.42 
84.09 B3 6007.27 5711.92 
84.09 120 13 04 50
84.09 244 0.35
84.095 22 -4.53
84.095 23 0.61
84.095 25 -4.86
84.095 30 0.00
84.095 B1 5951.77 5659.33 
84.095 B3 6009.12 5711.87 
84.095 120 13 04 50
84.095 244 0.35
84.1 22 -4.57
84.1 23 0.61
84.1 25 -4.86
84.1 30 0.00
84.1 B1 5953.47 5659.27 
84.1 B3 6010.96 5711.87 
84.1 120 13 04 50
84.1 244 0.35
84.105 22 -4.60
84.105 23 0.61
84.105 25 -4.86
84.105 30 0.00
84.105 B1 5955.15 5659.24 
84.105 B3 6012.78 5711.90 
84.105 120 13 04 50
84.105 244 0.35
84.11 22 -4.64
84.11 23 0.61
84.11 25 -4.86
84.11 30 0.00
84.11 B1 5956.81 5659.22 
84.11 B3 6014.59 5711.96 
84.11 120 13 04 50
84.11 244 0.35
84.115 22 -4.68
84.115 23 0.61
84.115 25 -4.74
84.115 30 0.00
84.115 B1 5958.43 5659.23 
84.115 B3 6016.37 5712.04 
84.115 120 13 04 50
84.115 244 0.35
84.12 22 -4.61
84.12 23 0.62
84.12 25 -4.74
84.12 30 0.00
84.12 B1 5960.28 5659.49 
84.12 B3 6018.12 5712.14 
84.12 120 13 04 50
84.12 244 0.35
84.125 22 -4.65
84.125 23 0.62
84.125 25 -4.85
84.125 30 0.00
84.125 B1 5961.97 5659.73 
84.125 B3 6019.83 5712.31 
84.125 120 13 04 50
84.125 244 0.35
84.13 22 -4.78
84.13 23 0.61
84.13 25 -4.85
84.13 30 0.00
84.13 B1 5963.31 5659.71 
84.13 B3 6021.48 5712.52 
84.13 120 13 04 50
84.13 244 0.35
84.13499 22 -4.82
84.13499 23 0.61
84.13499 25 -4.74
84.13499 30 0.00
84.13499 B1 5964.69 5659.72 
84.13499 B3 6023.13 5712.73 
84.13499 120 13 04 50
84.13499 244 0.35
84.14 22 -4.76
84.14 23 0.61
84.14 25 -4.85
84.14 30 0.00
84.14 B1 5966.33 5660.01 
84.14 B3 6024.76 5712.94 
84.14 120 13 04 50
84.14 244 0.34
84.145 22 -4.89
84.145 23 0.60
84.145 25 -4.74
84.145 30 0.00
84.145 B1 5966.28 5658.70 
84.145 B3 6025.15 5711.99 
84.145 120 13 04 50
84.145 244 0.35
84.15 22 -4.83
84.15 23 0.60
84.15 25 -4.85
84.15 30 0.00
84.15 B1 5968.27 5659.46 
84.15 B3 6027.03 5712.57 
84.15 120 13 04 50
84.15 244 0.34
84.155 22 -4.96
84.155 23 0.60
84.155 25 -4.85
84.155 30 0.00
84.155 B1 5968.44 5658.46 
84.155 B3 6027.58 5711.90 
84.155 120 13 04 50
84.155 244 0.34
84.16 22 -4.99
84.16 23 0.59
84.16 25 -4.85
84.16 30 0.00
84.16 B1 5968.98 5657.84 
84.16 B3 6028.38 5711.47 
84.16 120 13 04 50
84.16 244 0.34
84.165 22 -5.02
84.165 23 0.58
84.165 25 -4.85
84.165 30 0.00
84.165 B1 5969.77 5657.49 
84.165 B3 6029.34 5711.23 
84.165 120 13 04 50
84.165 244 0.34
84.17 22 -5.06
84.17 23 0.58
84.17 25 -4.85
84.17 30 0.00
84.17 B1 5970.70 5657.29 
84.17 B3 6030.41 5711.12 
84.17 120 13 04 50
84.17 244 0.35
84.175 22 -5.09
84.175 23 0.57
84.175 25 -4.85
84.175 30 0.00
84.175 B1 5973.06 5658.52 
84.175 B3 6032.76 5712.30 
84.175 120 13 04 50
84.175 244 0.34
84.18 22 -5.12
84.18 23 0.58
84.18 25 -4.85
84.18 30 0.00
84.18 B1 5973.72 5658.04 
84.18 B3 6033.66 5712.02 
84.18 120 13 04 50
84.18 244 0.34
84.185 22 -5.15
84.185 23 0.58
84.185 25 -4.85
84.185 30 0.00
84.185 B1 5974.55 5657.78 
84.185 B3 6034.67 5711.89 
84.185 120 13 04 50
84.185 244 0.35
84.18999 22 -5.18
84.18999 23 0.57
84.18999 25 -4.85
84.18999 30 0.00
84.18999 B1 5976.81 5658.98 
84.18999 B3 6036.96 5713.06 
84.18999 120 13 04 50
84.18999 244 0.35
84.195 22 -5.22
84.195 23 0.58
84.195 25 -4.85
84.195 30 0.00
84.195 B1 5978.71 5659.81 
84.195 B3 6038.98 5713.98 
84.195 120 13 04 50
84.195 244 0.34
84.2 22 -5.25
84.2 23 0.58
84.2 25 -4.85
84.2 30 0.00
84.2 B1 5979.04 5659.08 
84.2 B3 6039.62 5713.51 
84.2 120 13 04 50
84.2 244 0.34
84.205 22 -5.28
84.205 23 0.58
84.205 25 -4.85
84.205 30 0.00
84.205 B1 5979.63 5658.66 
84.205 B3 6040.42 5713.26 
84.205 120 13 04 50
84.205 244 0.34
84.21 22 -5.31
84.21 23 0.57
84.21 25 -4.74
84.21 30 0.00
84.21 B1 5980.38 5658.45 
84.21 B3 6041.34 5713.17 
84.21 120 13 04 50
84.21 244 0.34
84.215 22 -5.24
84.215 23 0.58
84.215 25 -4.74
84.215 30 0.00
84.215 B1 5980.17 5657.32 
84.215 B3 6041.14 5711.98 
84.215 120 13 04 50
84.215 244 0.34
84.22 22 -5.27
84.22 23 0.57
84.22 25 -4.74
84.22 30 0.00
84.22 B1 5980.33 5656.69 
84.22 B3 6041.26 5711.24 
84.22 120 13 04 50
84.22 244 0.34
84.225 22 -5.31
84.225 23 0.56
84.225 25 -4.74
84.225 30 0.00
84.225 B1 5980.72 5656.37 
84.225 B3 6041.63 5710.83 
84.225 120 13 04 50
84.225 244 0.34
84.23 22 -5.34
84.23 23 0.55
84.23 25 -4.63
84.23 30 0.00
84.23 B1 5981.27 5656.26 
84.23 B3 6042.16 5710.65 
84.23 120 13 04 50
84.23 244 0.34
84.235 22 -5.27
84.235 23 0.56
84.235 25 -4.29
84.235 30 0.00
84.235 B1 5982.17 5656.55 
84.235 B3 6042.81 5710.63 
84.235 120 13 04 50
84.235 244 0.34
84.24 22 -5.02
84.24 23 0.59
84.24 25 -4.29
84.24 30 0.00
84.24 B1 5983.75 5657.61 
84.24 B3 6043.52 5710.77 
84.24 120 13 04 50
84.24 244 0.34
84.245 22 -5.06
84.245 23 0.59
84.245 25 -3.28
84.245 30 0.00
84.245 B1 5984.91 5658.57 
84.245 B3 6044.18 5711.14 
84.245 120 13 04 50
84.245 244 0.34
84.25 22 -4.26
84.25 23 0.66
84.25 25 -3.28
84.25 30 0.00
84.25 B1 5987.64 5661.31 
84.25 B3 6044.81 5711.68 
84.25 120 13 04 50
84.25 244 0.34
84.255 22 -4.32
84.255 23 0.66
84.255 25 -2.61
84.255 30 0.00
84.255 B1 5989.25 5663.75 
84.255 B3 6045.15 5712.69 
84.255 120 13 04 50
84.255 244 0.34
84.25999 22 -3.83
84.25999 23 0.70
84.25999 25 -1.49
84.25999 30 0.00
84.25999 B1 5991.05 5666.91 
84.25999 B3 6045.30 5714.03 
84.25999 120 13 04 50
84.25999 244 0.34
84.265 22 -3.04
84.265 23 0.74
84.265 25 -1.16
84.265 30 0.00
84.265 B1 5992.85 5670.89 
84.265 B3 6045.15 5715.83 
84.265 120 13 04 50
84.265 244 0.34
84.27 22 -2.87
84.27 23 0.76
84.27 25 -0.49
84.27 30 0.00
84.27 B1 5993.53 5674.96 
84.27 B3 6044.50 5718.27 
84.27 120 13 04 50
84.27 244 0.34
84.275 22 -2.49
84.275 23 0.77
84.275 25 0.00
84.275 30 0.00
84.275 B1 5993.41 5679.22 
84.275 B3 6043.42 5721.24 
84.275 120 13 04 50
84.275 244 0.34
84.28 22 -2.24
84.28 23 0.77
84.28 25 0.00
84.28 30 0.00
84.28 B1 5992.43 5683.64 
84.28 B3 6041.90 5724.75 
84.28 120 13 04 50
84.28 244 0.34
84.285 22 -2.32
84.285 23 0.77
84.285 25 0.00
84.285 30 0.00
84.285 B1 5990.78 5688.29 
84.285 B3 6039.96 5728.75 
84.285 120 13 04 50
84.285 244 0.34
84.29 22 -2.39
84.29 23 0.77
84.29 25 0.00
84.29 30 0.00
84.29 B1 5988.71 5693.06 
84.29 B3 6037.74 5733.05 
84.29 120 13 04 50
84.29 244 0.34
84.295 22 -2.45
84.295 23 0.77
84.295 25 0.00
84.295 30 0.00
84.295 B1 5986.40 5697.88 
84.295 B3 6035.34 5737.55 
84.295 120 13 04 50
84.295 244 0.33
84.3 22 -2.51
84.3 23 0.77
84.3 25 0.00
84.3 30 0.00
84.3 B1 5982.63 5701.36 
84.3 B3 6031.64 5740.96 
84.3 120 13 04 50
84.3 244 0.33
84.305 22 -2.57
84.305 23 0.77
84.305 25 0.00
84.305 30 0.00
84.305 B1 5979.23 5705.26 
84.305 B3 6028.19 5744.76 
84.305 120 13 04 50
84.305 244 0.34
84.31 22 -2.62
84.31 23 0.76
84.31 25 0.00
84.31 30 0.00
84.31 B1 5977.44 5710.72 
84.31 B3 6026.16 5750.00 
84.31 120 13 04 50
84.31 244 0.34
84.31499 22 -2.67
84.31499 23 0.76
84.31499 25 0.00
84.31499 30 0.00
84.31499 B1 5975.42 5715.84 
84.31499 B3 6024.00 5755.04 
84.31499 120 13 04 50
84.31499 244 0.34
84.32 22 -2.71
84.32 23 0.77
84.32 25 0.00
84.32 30 0.00
84.32 B1 5973.30 5720.72 
84.32 B3 6021.77 5759.94 
84.32 120 13 04 50
84.32 244 0.34
84.325 22 -2.75
84.325 23 0.77
84.325 25 0.00
84.325 30 0.00
84.325 B1 5971.14 5725.40 
84.325 B3 6019.53 5764.70 
84.325 120 13 04 50
84.325 244 0.33
84.33 22 -2.79
84.33 23 0.77
84.33 25 0.00
84.33 30 0.00
84.33 B1 5967.66 5728.61 
84.33 B3 6016.10 5768.13 
84.33 120 13 04 50
84.33 244 0.33
84.335 22 -2.83
84.335 23 0.76
84.335 25 0.00
84.335 30 0.00
84.335 B1 5964.65 5732.14 
84.335 B3 6013.02 5771.78 
84.335 120 13 04 50
84.335 244 0.33
84.34 22 -2.86
84.34 23 0.76
84.34 25 0.00
84.34 30 0.00
84.34 B1 5961.98 5735.85 
84.34 B3 6010.22 5775.55 
84.34 120 13 04 50
84.34 244 0.33
84.345 22 -2.88
84.345 23 0.75
84.345 25 0.00
84.345 30 0.00
84.345 B1 5959.57 5739.64 
84.345 B3 6007.65 5779.39 
84.345 120 13 04 50
84.345 244 0.33
84.35 22 -2.91
84.35 23 0.75
84.35 25 0.00
84.35 30 0.00
84.35 B1 5957.36 5743.46 
84.35 B3 6005.28 5783.26 
84.35 120 13 04 50
84.35 244 0.33
84.355 22 -2.93
84.355 23 0.75
84.355 25 0.00
84.355 30 0.00
84.355 B1 5955.31 5747.27 
84.355 B3 6003.07 5787.11 
84.355 120 13 04 50
84.355 244 0.33
84.36 22 -2.95
84.36 23 0.75
84.36 25 0.00
84.36 30 0.00
84.36 B1 5953.39 5751.05 
84.36 B3 6001.00 5790.94 
84.36 120 13 04 50
84.36 244 0.33
84.365 22 -2.96
84.365 23 0.75
84.365 25 0.00
84.365 30 0.00
84.365 B1 5951.60 5754.78 
84.365 B3 5999.07 5794.72 
84.365 120 13 04 50
84.365 244 0.33
84.37 22 -2.98
84.37 23 0.74
84.37 25 0.00
84.37 30 0.00
84.37 B1 5949.91 5758.46 
84.37 B3 5997.25 5798.46 
84.37 120 13 04 50
84.37 244 0.33
84.375 22 -2.99
84.375 23 0.74
84.375 25 0.00
84.375 30 0.00
84.375 B1 5948.31 5762.07 
84.375 B3 5995.55 5802.13 
84.375 120 13 04 50
84.375 244 0.33
84.38 22 -2.99
84.38 23 0.74
84.38 25 0.00
84.38 30 0.00
84.38 B1 5946.81 5765.62 
84.38 B3 5993.94 5805.75 
84.38 120 13 04 50
84.38 244 0.33
84.38499 22 -3.00
84.38499 23 0.74
84.38499 25 0.00
84.38499 30 0.00
84.38499 B1 5945.39 5769.11 
84.38499 B3 5992.43 5809.30 
84.38499 120 13 04 50
84.38499 244 0.33
84.39 22 -3.00
84.39 23 0.74
84.39 25 0.00
84.39 30 0.00
84.39 B1 5944.06 5772.54 
84.39 B3 5991.01 5812.79 
84.39 120 13 04 50
84.39 244 0.33
84.395 22 -3.00
84.395 23 0.74
84.395 25 0.00
84.395 30 0.00
84.395 B1 5941.48 5774.58 
84.395 B3 5988.47 5815.02 
84.395 120 13 04 50
84.395 244 0.33
84.4 22 -3.00
84.4 23 0.73
84.4 25 0.00
84.4 30 0.00
84.4 B1 5939.41 5777.01 
84.4 B3 5986.34 5817.52 
84.4 120 13 04 50
84.4 244 0.33
84.405 22 -2.99
84.405 23 0.73
84.405 25 0.00
84.405 30 0.00
84.405 B1 5939.02 5781.00 
84.405 B3 5985.70 5821.39 
84.405 120 13 04 50
84.405 244 0.33
84.41 22 -2.99
84.41 23 0.73
84.41 25 0.00
84.41 30 0.00
84.41 B1 5938.46 5784.67 
84.41 B3 5984.99 5825.03 
84.41 120 13 04 50
84.41 244 0.33
84.415 22 -2.98
84.415 23 0.73
84.415 25 0.00
84.415 30 0.00
84.415 B1 5937.80 5788.11 
84.415 B3 5984.25 5828.51 
84.415 120 13 04 50
84.415 244 0.33
84.42 22 -2.97
84.42 23 0.73
84.42 25 0.00
84.42 30 0.00
84.42 B1 5935.78 5790.07 
84.42 B3 5982.30 5830.65 
84.42 120 13 04 50
84.42 244 0.33
84.425 22 -2.96
84.425 23 0.73
84.425 25 0.00
84.425 30 0.00
84.425 B1 5934.18 5792.36 
84.425 B3 5980.67 5833.00 
84.425 120 13 04 50
84.425 244 0.33
84.43 22 -2.94
84.43 23 0.72
84.43 25 0.00
84.43 30 0.00
84.43 B1 5932.89 5794.84 
84.43 B3 5979.30 5835.50 
84.43 120 13 04 50
84.43 244 0.33
84.435 22 -2.93
84.435 23 0.72
84.435 25 0.00
84.435 30 0.00
84.435 B1 5931.81 5797.43 
84.435 B3 5978.12 5838.08 
84.435 120 13 04 50
84.435 244 0.33
84.43999 22 -2.91
84.43999 23 0.71
84.43999 25 0.00
84.43999 30 0.00
84.43999 B1 5930.89 5800.08 
84.43999 B3 5977.10 5840.71 
84.43999 120 13 04 50
84.43999 244 0.33
84.445 22 -2.90
84.445 23 0.71
84.445 25 0.00
84.445 30 0.00
84.445 B1 5930.10 5802.75 
84.445 B3 5976.20 5843.37 
84.445 120 13 04 50
84.445 244 0.33
84.45 22 -2.88
84.45 23 0.71
84.45 25 0.00
84.45 30 0.00
84.45 B1 5929.41 5805.42 
84.45 B3 5975.41 5846.03 
84.45 120 13 04 50
84.45 244 0.33
84.455 22 -2.86
84.455 23 0.71
84.455 25 0.00
84.455 30 0.00
84.455 B1 5930.12 5809.40 
84.455 B3 5975.91 5849.88 
84.455 120 13 04 50
84.455 244 0.33
84.46 22 -2.84
84.46 23 0.72
84.46 25 0.00
84.46 30 0.00
84.46 B1 5930.46 5812.90 
84.46 B3 5976.18 5853.39 
84.46 120 13 04 50
84.46 244 0.33
84.465 22 -2.82
84.465 23 0.72
84.465 25 0.00
84.465 30 0.00
84.465 B1 5930.58 5816.09 
84.465 B3 5976.28 5856.65 
84.465 120 13 04 50
84.465 244 0.33
84.47 22 -2.80
84.47 23 0.72
84.47 25 0.00
84.47 30 0.00
84.47 B1 5929.24 5817.75 
84.47 B3 5975.09 5858.52 
84.47 120 13 04 50
84.47 244 0.33
84.475 22 -2.77
84.475 23 0.72
84.475 25 0.00
84.475 30 0.00
84.475 B1 5928.27 5819.69 
84.475 B3 5974.15 5860.57 
84.475 120 13 04 50
84.475 244 0.33
84.48 22 -2.75
84.48 23 0.71
84.48 25 0.00
84.48 30 0.00
84.48 B1 5928.86 5823.13 
84.48 B3 5974.59 5863.93 
84.48 120 13 04 50
84.48 244 0.33
84.485 22 -2.73
84.485 23 0.72
84.485 25 0.00
84.485 30 0.00
84.485 B1 5929.21 5826.24 
84.485 B3 5974.87 5867.05 
84.485 120 13 04 50
84.485 244 0.33
84.49 22 -2.70
84.49 23 0.72
84.49 25 0.00
84.49 30 0.00
84.49 B1 5929.40 5829.11 
84.49 B3 5975.05 5869.98 
84.49 120 13 04 50
84.49 244 0.33
84.495 22 -2.68
84.495 23 0.72
84.495 25 0.00
84.495 30 0.00
84.495 B1 5929.50 5831.82 
84.495 B3 5975.15 5872.77 
84.495 120 13 04 50
84.495 244 0.33
84.5 22 -2.65
84.5 23 0.73
84.5 25 0.00
84.5 30 0.00
84.5 B1 5929.55 5834.42 
84.5 B3 5975.22 5875.45 
84.5 120 13 04 50
84.5 244 0.33
84.505 22 -2.62
84.505 23 0.73
84.505 25 0.00
84.505 30 0.00
84.505 B1 5929.58 5836.93 
84.505 B3 5975.26 5878.04 
84.505 120 13 04 50
84.505 244 0.33
84.50999 22 -2.60
84.50999 23 0.73
84.50999 25 0.00
84.50999 30 0.00
84.50999 B1 5929.61 5839.38 
84.50999 B3 5975.30 5880.57 
84.50999 120 13 04 50
84.50999 244 0.33
84.515 22 -2.57
84.515 23 0.73
84.515 25 0.00
84.515 30 0.00
84.515 B1 5929.65 5841.77 
84.515 B3 5975.35 5883.03 
84.515 120 13 04 50
84.515 244 0.33
84.52 22 -2.54
84.52 23 0.73
84.52 25 0.00
84.52 30 0.00
84.52 B1 5929.71 5844.12 
84.52 B3 5975.40 5885.45 
84.52 120 13 04 50
84.52 244 0.33
84.525 22 -2.51
84.525 23 0.73
84.525 25 0.00
84.525 30 0.00
84.525 B1 5929.80 5846.44 
84.525 B3 5975.48 5887.83 
84.525 120 13 04 50
84.525 244 0.33
84.53 22 -2.48
84.53 23 0.73
84.53 25 0.00
84.53 30 0.00
84.53 B1 5929.90 5848.73 
84.53 B3 5975.57 5890.17 
84.53 120 13 04 50
84.53 244 0.33
84.535 22 -2.45
84.535 23 0.73
84.535 25 0.00
84.535 30 0.00
84.535 B1 5930.04 5850.98 
84.535 B3 5975.69 5892.48 
84.535 120 13 04 50
84.535 244 0.33
84.54 22 -2.43
84.54 23 0.73
84.54 25 0.00
84.54 30 0.00
84.54 B1 5930.20 5853.21 
84.54 B3 5975.83 5894.76 
84.54 120 13 04 50
84.54 244 0.33
84.545 22 -2.40
84.545 23 0.73
84.545 25 0.00
84.545 30 0.00
84.545 B1 5930.39 5855.41 
84.545 B3 5976.00 5897.02 
84.545 120 13 04 50
84.545 244 0.33
84.55 22 -2.37
84.55 23 0.73
84.55 25 0.00
84.55 30 0.00
84.55 B1 5930.61 5857.59 
84.55 B3 5976.19 5899.24 
84.55 120 13 04 50
84.55 244 0.33
84.555 22 -2.34
84.555 23 0.72
84.555 25 0.00
84.555 30 0.00
84.555 B1 5930.86 5859.75 
84.555 B3 5976.40 5901.44 
84.555 120 13 04 50
84.555 244 0.33
84.56 22 -2.31
84.56 23 0.72
84.56 25 0.00
84.56 30 0.00
84.56 B1 5929.81 5860.56 
84.56 B3 5975.45 5902.42 
84.56 120 13 04 50
84.56 244 0.33
84.56499 22 -2.28
84.56499 23 0.72
84.56499 25 0.00
84.56499 30 0.00
84.56499 B1 5930.54 5863.11 
84.56499 B3 5976.03 5904.90 
84.56499 120 13 04 50
84.56499 244 0.33
84.57 22 -2.25
84.57 23 0.72
84.57 25 0.00
84.57 30 0.00
84.57 B1 5931.15 5865.49 
84.57 B3 5976.55 5907.26 
84.57 120 13 04 50
84.57 244 0.34
84.575 22 -2.22
84.575 23 0.72
84.575 25 0.00
84.575 30 0.00
84.575 B1 5933.01 5869.07 
84.575 B3 5978.23 5910.73 
84.575 120 13 04 50
84.575 244 0.34
84.58 22 -2.19
84.58 23 0.73
84.58 25 0.00
84.58 30 0.00
84.58 B1 5934.39 5872.11 
84.58 B3 5979.57 5913.81 
84.58 120 13 04 50
84.58 244 0.33
84.585 22 -2.16
84.585 23 0.73
84.585 25 0.00
84.585 30 0.00
84.585 B1 5934.15 5873.49 
84.585 B3 5979.48 5915.41 
84.585 120 13 04 50
84.585 244 0.33
84.59 22 -2.13
84.59 23 0.73
84.59 25 0.00
84.59 30 0.00
84.59 B1 5934.15 5875.07 
84.59 B3 5979.54 5917.13 
84.59 120 13 04 50
84.59 244 0.34
84.595 22 -2.11
84.595 23 0.73
84.595 25 0.00
84.595 30 0.00
84.595 B1 5935.63 5878.10 
84.595 B3 5980.91 5920.11 
84.595 120 13 04 50
84.595 244 0.34
84.6 22 -2.08
84.6 23 0.73
84.6 25 0.00
84.6 30 0.00
84.6 B1 5936.80 5880.76 
84.6 B3 5982.06 5922.82 
84.6 120 13 04 50
84.6 244 0.34
84.605 22 -2.05
84.605 23 0.74
84.605 25 0.00
84.605 30 0.00
84.605 B1 5937.77 5883.19 
84.605 B3 5983.04 5925.33 
84.605 120 13 04 50
84.605 244 0.33
84.61 22 -2.02
84.61 23 0.74
84.61 25 0.00
84.61 30 0.00
84.61 B1 5937.29 5884.12 
84.61 B3 5982.72 5926.50 
84.61 120 13 04 50
84.61 244 0.33
84.615 22 -1.99
84.615 23 0.73
84.615 25 0.00
84.615 30 0.00
84.615 B1 5937.16 5885.39 
84.615 B3 5982.64 5927.88 
84.615 120 13 04 50
84.615 244 0.33
84.62 22 -1.96
84.62 23 0.73
84.62 25 0.00
84.62 30 0.00
84.62 B1 5937.28 5886.86 
84.62 B3 5982.75 5929.40 
84.62 120 13 04 50
84.62 244 0.33
84.625 22 -1.93
84.625 23 0.73
84.625 25 0.00
84.625 30 0.00
84.625 B1 5937.56 5888.46 
84.625 B3 5982.98 5931.02 
84.625 120 13 04 50
84.625 244 0.33
84.63 22 -1.91
84.63 23 0.72
84.63 25 0.00
84.63 30 0.00
84.63 B1 5937.96 5890.15 
84.63 B3 5983.32 5932.70 
84.63 120 13 04 50
84.63 244 0.33
84.63499 22 -1.88
84.63499 23 0.72
84.63499 25 0.00
84.63499 30 0.00
84.63499 B1 5938.45 5891.87 
84.63499 B3 5983.73 5934.43 
84.63499 120 13 04 50
84.63499 244 0.33
84.64 22 -1.85
84.64 23 0.72
84.64 25 0.00
84.64 30 0.00
84.64 B1 5938.99 5893.63 
84.64 B3 5984.21 5936.19 
84.64 120 13 04 50
84.64 244 0.33
84.645 22 -1.82
84.645 23 0.72
84.645 25 0.00
84.645 30 0.00
84.645 B1 5939.57 5895.40 
84.645 B3 5984.74 5937.96 
84.645 120 13 04 50
84.645 244 0.33
84.65 22 -1.80
84.65 23 0.72
84.65 25 0.00
84.65 30 0.00
84.65 B1 5940.19 5897.16 
84.65 B3 5985.31 5939.74 
84.65 120 13 04 50
84.65 244 0.33
84.655 22 -1.77
84.655 23 0.72
84.655 25 0.00
84.655 30 0.00
84.655 B1 5940.85 5898.93 
84.655 B3 5985.91 5941.52 
84.655 120 13 04 50
84.655 244 0.33
84.66 22 -1.74
84.66 23 0.72
84.66 25 0.00
84.66 30 0.00
84.66 B1 5941.52 5900.69 
84.66 B3 5986.54 5943.29 
84.66 120 13 04 50
84.66 244 0.34
84.665 22 -1.72
84.665 23 0.72
84.665 25 0.00
84.665 30 0.00
84.665 B1 5943.54 5903.75 
84.665 B3 5988.40 5946.25 
84.665 120 13 04 50
84.665 244 0.34
84.67 22 -1.69
84.67 23 0.72
84.67 25 0.00
84.67 30 0.00
84.67 B1 5945.14 5906.37 
84.67 B3 5989.96 5948.89 
84.67 120 13 04 50
84.67 244 0.34
84.675 22 -1.67
84.675 23 0.73
84.675 25 0.00
84.675 30 0.00
84.675 B1 5946.47 5908.69 
84.675 B3 5991.32 5951.29 
84.675 120 13 04 50
84.675 244 0.33
84.68 22 -1.64
84.68 23 0.73
84.68 25 0.00
84.68 30 0.00
84.68 B1 5946.30 5909.49 
84.68 B3 5991.33 5952.32 
84.68 120 13 04 50
84.68 244 0.34
84.685 22 -1.62
84.685 23 0.73
84.685 25 0.00
84.685 30 0.00
84.685 B1 5947.79 5911.91 
84.685 B3 5992.75 5954.73 
84.685 120 13 04 50
84.685 244 0.34
84.68999 22 -1.59
84.68999 23 0.73
84.68999 25 0.00
84.68999 30 0.00
84.68999 B1 5949.05 5914.09 
84.68999 B3 5994.02 5956.96 
84.68999 120 13 04 50
84.68999 244 0.34
84.695 22 -1.57
84.695 23 0.73
84.695 25 0.00
84.695 30 0.00
84.695 B1 5950.18 5916.10 
84.695 B3 5995.17 5959.04 
84.695 120 13 04 50
84.695 244 0.34
84.7 22 -1.54
84.7 23 0.73
84.7 25 0.00
84.7 30 0.00
84.7 B1 5951.23 5918.01 
84.7 B3 5996.25 5961.03 
84.7 120 13 04 50
84.7 244 0.34
84.705 22 -1.52
84.705 23 0.74
84.705 25 0.00
84.705 30 0.00
84.705 B1 5952.21 5919.83 
84.705 B3 5997.27 5962.94 
84.705 120 13 04 50
84.705 244 0.33
84.71 22 -1.49
84.71 23 0.74
84.71 25 0.00
84.71 30 0.00
84.71 B1 5951.85 5920.29 
84.71 B3 5997.07 5963.59 
84.71 120 13 04 50
84.71 244 0.34
84.715 22 -1.47
84.715 23 0.73
84.715 25 0.00
84.715 30 0.00
84.715 B1 5953.23 5922.46 
84.715 B3 5998.35 5965.71 
84.715 120 13 04 50
84.715 244 0.33
84.72 22 -1.45
84.72 23 0.73
84.72 25 0.00
84.72 30 0.00
84.72 B1 5953.13 5923.13 
84.72 B3 5998.33 5966.51 
84.72 120 13 04 50
84.72 244 0.33
84.725 22 -1.42
84.725 23 0.72
84.725 25 0.00
84.725 30 0.00
84.725 B1 5953.36 5924.12 
84.725 B3 5998.57 5967.54 
84.725 120 13 04 50
84.725 244 0.34
84.73 22 -1.40
84.73 23 0.72
84.73 25 0.00
84.73 30 0.00
84.73 B1 5955.14 5926.64 
84.73 B3 6000.17 5969.92 
84.73 120 13 04 50
84.73 244 0.34
84.735 22 -1.38
84.735 23 0.73
84.735 25 0.00
84.735 30 0.00
84.735 B1 5956.64 5928.84 
84.735 B3 6001.60 5972.10 
84.735 120 13 04 50
84.735 244 0.34
84.74 22 -1.36
84.74 23 0.73
84.74 25 0.00
84.74 30 0.00
84.74 B1 5957.95 5930.85 
84.74 B3 6002.90 5974.12 
84.74 120 13 04 50
84.74 244 0.34
84.745 22 -1.34
84.745 23 0.73
84.745 25 0.00
84.745 30 0.00
84.745 B1 5959.15 5932.71 
84.745 B3 6004.11 5976.04 
84.745 120 13 04 50
84.745 244 0.34
84.75 22 -1.31
84.75 23 0.73
84.75 25 0.00
84.75 30 0.00
84.75 B1 5960.27 5934.48 
84.75 B3 6005.25 5977.87 
84.75 120 13 04 50
84.75 244 0.34
84.755 22 -1.29
84.755 23 0.73
84.755 25 0.00
84.755 30 0.00
84.755 B1 5961.34 5936.19 
84.755 B3 6006.35 5979.64 
84.755 120 13 04 50
84.755 244 0.34
84.75999 22 -1.27
84.75999 23 0.73
84.75999 25 0.00
84.75999 30 0.00
84.75999 B1 5962.39 5937.86 
84.75999 B3 6007.42 5981.36 
84.75999 120 13 04 50
84.75999 244 0.33
84.765 22 -1.25
84.765 23 0.73
84.765 25 0.00
84.765 30 0.00
84.765 B1 5962.10 5938.17 
84.765 B3 6007.28 5981.85 
84.765 120 13 04 50
84.765 244 0.33
84.77 22 -1.23
84.77 23 0.72
84.77 25 0.00
84.77 30 0.00
84.77 B1 5962.24 5938.89 
84.77 B3 6007.44 5982.63 
84.77 120 13 04 50
84.77 244 0.33
84.775 22 -1.21
84.775 23 0.72
84.775 25 0.00
84.775 30 0.00
84.775 B1 5962.66 5939.89 
84.775 B3 6007.83 5983.62 
84.775 120 13 04 50
84.775 244 0.33
84.78 22 -1.19
84.78 23 0.72
84.78 25 -0.11
84.78 30 0.00
84.78 B1 5963.27 5941.06 
84.78 B3 6008.37 5984.75 
84.78 120 13 04 50
84.78 244 0.33
84.785 22 -1.25
84.785 23 0.71
84.785 25 -0.11
84.785 30 0.00
84.785 B1 5963.94 5942.28 
84.785 B3 6009.03 5985.98 
84.785 120 13 04 50
84.785 244 0.33
84.79 22 -1.23
84.79 23 0.71
84.79 25 -0.11
84.79 30 0.00
84.79 B1 5964.76 5943.56 
84.79 B3 6009.81 5987.26 
84.79 120 13 04 50
84.79 244 0.33
84.795 22 -1.21
84.795 23 0.71
84.795 25 -2.40
84.795 30 0.00
84.795 B1 5965.68 5944.87 
84.795 B3 6010.67 5988.57 
84.795 120 13 04 50
84.795 244 0.33
84.8 22 -3.00
84.8 23 0.64
84.8 25 -2.40
84.8 30 0.00
84.8 B1 5963.87 5943.41 
84.8 B3 6011.59 5989.90 
84.8 120 13 04 50
84.8 244 0.33
84.805 22 -2.93
84.805 23 0.63
84.805 25 -2.88
84.805 30 0.00
84.805 B1 5963.86 5942.15 
84.805 B3 6013.18 5990.55 
84.805 120 13 04 50
84.805 244 0.33
84.81 22 -3.27
84.81 23 0.60
84.81 25 -3.24
84.81 30 0.00
84.81 B1 5964.10 5940.09 
84.81 B3 6015.22 5990.72 
84.81 120 13 04 50
84.81 244 0.33
84.81499 22 -3.51
84.81499 23 0.57
84.81499 25 -3.24
84.81499 30 0.00
84.81499 B1 5964.81 5937.53 
84.81499 B3 6017.71 5990.40 
84.81499 120 13 04 50
84.81499 244 0.33
84.82 22 -3.43
84.82 23 0.56
84.82 25 -3.36
84.82 30 0.00
84.82 B1 5966.74 5935.33 
84.82 B3 6020.59 5989.60 
84.82 120 13 04 50
84.82 244 0.34
84.825 22 -3.46
84.825 23 0.55
84.825 25 -3.36
84.825 30 0.00
84.825 B1 5970.49 5934.43 
84.825 B3 6024.93 5989.68 
84.825 120 13 04 50
84.825 244 0.34
84.83 22 -3.39
84.83 23 0.56
84.83 25 -3.48
84.83 30 0.00
84.83 B1 5975.75 5934.66 
84.83 B3 6030.35 5990.40 
84.83 120 13 04 50
84.83 244 0.33
84.835 22 -3.43
84.835 23 0.56
84.835 25 -3.48
84.835 30 0.00
84.835 B1 5977.76 5931.44 
84.835 B3 6032.96 5988.01 
84.835 120 13 04 50
84.835 244 0.34
84.84 22 -3.37
84.84 23 0.56
84.84 25 -3.60
84.84 30 0.00
84.84 B1 5981.82 5930.14 
84.84 B3 6037.10 5986.93 
84.84 120 13 04 50
84.84 244 0.34
84.845 22 -3.41
84.845 23 0.55
84.845 25 -3.60
84.845 30 0.00
84.845 B1 5985.65 5928.55 
84.845 B3 6041.14 5985.63 
84.845 120 13 04 50
84.845 244 0.34
84.85 22 -3.36
84.85 23 0.56
84.85 25 -3.60
84.85 30 0.00
84.85 B1 5989.60 5927.02 
84.85 B3 6045.12 5984.16 
84.85 120 13 04 50
84.85 244 0.34
84.855 22 -3.31
84.855 23 0.56
84.855 25 -3.60
84.855 30 0.00
84.855 B1 5993.59 5925.55 
84.855 B3 6049.03 5982.58 
84.855 120 13 04 50
84.855 244 0.34
84.86 22 -3.26
84.86 23 0.56
84.86 25 -3.84
84.86 30 0.00
84.86 B1 5997.57 5924.15 
84.86 B3 6052.88 5980.97 
84.86 120 13 04 50
84.86 244 0.34
84.865 22 -3.42
84.865 23 0.55
84.865 25 -3.84
84.865 30 0.00
84.865 B1 6001.02 5922.29 
84.865 B3 6056.64 5979.34 
84.865 120 13 04 50
84.865 244 0.33
84.87 22 -3.38
84.87 23 0.55
84.87 25 -3.96
84.87 30 0.00
84.87 B1 6003.35 5919.27 
84.87 B3 6059.20 5976.45 
84.87 120 13 04 50
84.87 244 0.34
84.875 22 -3.44
84.875 23 0.53
84.875 25 -3.96
84.875 30 0.00
84.875 B1 6007.28 5917.88 
84.875 B3 6063.23 5975.05 
84.875 120 13 04 50
84.875 244 0.34
84.88 22 -3.40
84.88 23 0.54
84.88 25 -4.20
84.88 30 0.00
84.88 B1 6011.23 5916.49 
84.88 B3 6067.17 5973.53 
84.88 120 13 04 50
84.88 244 0.34
84.88499 22 -3.56
84.88499 23 0.52
84.88499 25 -4.68
84.88499 30 0.00
84.88499 B1 6014.64 5914.59 
84.88499 B3 6071.01 5971.94 
84.88499 120 13 04 50
84.88499 244 0.34
84.89 22 -3.93
84.89 23 0.48
84.89 25 -4.92
84.89 30 0.00
84.89 B1 6017.14 5911.66 
84.89 B3 6074.82 5970.25 
84.89 120 13 04 50
84.89 244 0.34
84.895 22 -4.09
84.895 23 0.46
84.895 25 -5.40
84.895 30 0.00
84.895 B1 6019.71 5908.46 
84.895 B3 6078.72 5968.34 
84.895 120 13 04 50
84.895 244 0.34
84.9 22 -4.45
84.9 23 0.40
84.9 25 -5.40
84.9 30 0.00
84.9 B1 6021.69 5904.32 
84.9 B3 6082.70 5966.20 
84.9 120 13 04 50
84.9 244 0.34
84.905 22 -4.40
84.905 23 0.40
84.905 25 -5.40
84.905 30 0.00
84.905 B1 6024.73 5900.75 
84.905 B3 6086.83 5963.75 
84.905 120 13 04 50
84.905 244 0.34
84.91 22 -4.36
84.91 23 0.40
84.91 25 -5.40
84.91 30 0.00
84.91 B1 6028.43 5897.59 
84.91 B3 6091.04 5961.12 
84.91 120 13 04 50
84.91 244 0.34
84.915 22 -4.32
84.915 23 0.40
84.915 25 -5.40
84.915 30 0.00
84.915 B1 6032.52 5894.73 
84.915 B3 6095.29 5958.37 
84.915 120 13 04 50
84.915 244 0.34
84.92 22 -4.28
84.92 23 0.41
84.92 25 -5.52
84.92 30 0.00
84.92 B1 6036.83 5892.09 
84.92 B3 6099.52 5955.58 
84.92 120 13 04 50
84.92 244 0.33
84.925 22 -4.35
84.925 23 0.40
84.925 25 -5.52
84.925 30 0.00
84.925 B1 6039.60 5887.97 
84.925 B3 6102.53 5951.59 
84.925 120 13 04 50
84.925 244 0.34
84.93 22 -4.33
84.93 23 0.39
84.93 25 -5.52
84.93 30 0.00
84.93 B1 6044.30 5885.82 
84.93 B3 6107.02 5949.11 
84.93 120 13 04 50
84.93 244 0.34
84.935 22 -4.30
84.935 23 0.40
84.935 25 -5.52
84.935 30 0.00
84.935 B1 6048.92 5883.67 
84.935 B3 6111.39 5946.56 
84.935 120 13 04 50
84.935 244 0.34
84.93999 22 -4.28
84.93999 23 0.40
84.93999 25 -5.52
84.93999 30 0.00
84.93999 B1 6053.47 5881.56 
84.93999 B3 6115.65 5943.99 
84.93999 120 13 04 50
84.93999 244 0.34
84.945 22 -4.27
84.945 23 0.41
84.945 25 -5.64
84.945 30 0.00
84.945 B1 6057.92 5879.48 
84.945 B3 6119.79 5941.43 
84.945 120 13 04 50
84.945 244 0.34
84.95 22 -4.36
84.95 23 0.40
84.95 25 -5.64
84.95 30 0.00
84.95 B1 6063.28 5878.46 
84.95 B3 6125.03 5940.11 
84.95 120 13 04 50
84.95 244 0.34
84.955 22 -4.35
84.955 23 0.41
84.955 25 -5.64
84.955 30 0.00
84.955 B1 6068.25 5877.12 
84.955 B3 6129.90 5938.48 
84.955 120 13 04 50
84.955 244 0.34
84.96 22 -4.34
84.96 23 0.42
84.96 25 -5.64
84.96 30 0.00
84.96 B1 6072.94 5875.58 
84.96 B3 6134.48 5936.65 
84.96 120 13 04 50
84.96 244 0.34
84.965 22 -4.34
84.965 23 0.42
84.965 25 -5.64
84.965 30 0.00
84.965 B1 6077.39 5873.94 
84.965 B3 6138.81 5934.71 
84.965 120 13 04 50
84.965 244 0.33
84.97 22 -4.34
84.97 23 0.43
84.97 25 -5.64
84.97 30 0.00
84.97 B1 6079.01 5869.61 
84.97 B3 6140.56 5930.32 
84.97 120 13 04 50
84.97 244 0.33
84.975 22 -4.34
84.975 23 0.42
84.975 25 -5.64
84.975 30 0.00
84.975 B1 6081.31 5866.17 
84.975 B3 6142.75 5926.56 
84.975 120 13 04 50
84.975 244 0.34
84.98 22 -4.35
84.98 23 0.41
84.98 25 -5.64
84.98 30 0.00
84.98 B1 6085.35 5864.64 
84.98 B3 6146.44 5924.48 
84.98 120 13 04 50
84.98 244 0.34
84.985 22 -4.36
84.985 23 0.41
84.985 25 -5.64
84.985 30 0.00
84.985 B1 6090.54 5864.38 
84.985 B3 6151.22 5923.63 
84.985 120 13 04 50
84.985 244 0.34
84.99 22 -4.37
84.99 23 0.42
84.99 25 -5.64
84.99 30 0.00
84.99 B1 6093.84 5862.35 
84.99 B3 6154.41 5921.31 
84.99 120 13 04 50
84.99 244 0.34
84.995 22 -4.38
84.995 23 0.42
84.995 25 -5.64
84.995 30 0.00
84.995 B1 6097.16 5860.48 
84.995 B3 6157.60 5919.14 
84.995 120 13 04 50
84.995 244 0.34
85 22 -4.40
85 23 0.42
85 25 -5.64
85 30 0.00
85 B1 6100.44 5858.73 
85 B3 6160.77 5917.10 
85 120 13 04 50
85 244 0.34
85.005 22 -4.42
85.005 23 0.42
85.005 25 -5.64
85.005 30 0.00
85.005 B1 6103.69 5857.08 
85.005 B3 6163.90 5915.18 
85.005 120 13 04 50
85.005 244 0.34
85.00999 22 -4.44
85.00999 23 0.42
85.00999 25 -5.64
85.00999 30 0.00
85.00999 B1 6106.87 5855.50 
85.00999 B3 6166.98 5913.34 
85.00999 120 13 04 50
85.00999 244 0.34
85.015 22 -4.46
85.015 23 0.42
85.015 25 -5.64
85.015 30 0.00
85.015 B1 6111.31 5855.31 
85.015 B3 6171.22 5912.79 
85.015 120 13 04 50
85.015 244 0.34
85.02 22 -4.49
85.02 23 0.43
85.02 25 -5.64
85.02 30 0.00
85.02 B1 6113.94 5853.40 
85.02 B3 6173.91 5910.81 
85.02 120 13 04 50
85.02 244 0.34
85.025 22 -4.52
85.025 23 0.43
85.025 25 -5.64
85.025 30 0.00
85.025 B1 6116.63 5851.70 
85.025 B3 6176.62 5908.98 
85.025 120 13 04 50
85.025 244 0.34
85.03 22 -4.55
85.03 23 0.43
85.03 25 -5.64
85.03 30 0.00
85.03 B1 6119.34 5850.14 
85.03 B3 6179.35 5907.29 
85.03 120 13 04 50
85.03 244 0.34
85.035 22 -4.58
85.035 23 0.43
85.035 25 -5.64
85.035 30 0.00
85.035 B1 6122.04 5848.69 
85.035 B3 6182.05 5905.70 
85.035 120 13 04 50
85.035 244 0.34
85.04 22 -4.61
85.04 23 0.43
85.04 25 -5.64
85.04 30 0.00
85.04 B1 6124.71 5847.31 
85.04 B3 6184.74 5904.21 
85.04 120 13 04 50
85.04 244 0.34
85.045 22 -4.64
85.045 23 0.43
85.045 25 -5.64
85.045 30 0.00
85.045 B1 6127.33 5846.00 
85.045 B3 6187.39 5902.80 
85.045 120 13 04 50
85.045 244 0.34
85.05 22 -4.68
85.05 23 0.43
85.05 25 -5.64
85.05 30 0.00
85.05 B1 6129.90 5844.75 
85.05 B3 6190.01 5901.46 
85.05 120 13 04 50
85.05 244 0.34
85.055 22 -4.71
85.055 23 0.43
85.055 25 -5.64
85.055 30 0.00
85.055 B1 6132.41 5843.53 
85.055 B3 6192.58 5900.18 
85.055 120 13 04 50
85.055 244 0.34
85.06 22 -4.75
85.06 23 0.43
85.06 25 -5.64
85.06 30 0.00
85.06 B1 6134.87 5842.35 
85.06 B3 6195.11 5898.95 
85.06 120 13 04 50
85.06 244 0.34
85.06499 22 -4.79
85.06499 23 0.43
85.06499 25 -5.64
85.06499 30 0.00
85.06499 B1 6137.26 5841.20 
85.06499 B3 6197.60 5897.78 
85.06499 120 13 04 50
85.06499 244 0.34
85.07 22 -4.83
85.07 23 0.43
85.07 25 -5.64
85.07 30 0.00
85.07 B1 6139.60 5840.09 
85.07 B3 6200.04 5896.65 
85.07 120 13 04 50
85.07 244 0.34
85.075 22 -4.87
85.075 23 0.43
85.075 25 -5.64
85.075 30 0.00
85.075 B1 6141.87 5839.00 
85.075 B3 6202.44 5895.57 
85.075 120 13 04 50
85.075 244 0.34
85.08 22 -4.91
85.08 23 0.43
85.08 25 -5.64
85.08 30 0.00
85.08 B1 6144.09 5837.94 
85.08 B3 6204.78 5894.52 
85.08 120 13 04 50
85.08 244 0.34
85.085 22 -4.95
85.085 23 0.43
85.085 25 -5.64
85.085 30 0.00
85.085 B1 6146.25 5836.90 
85.085 B3 6207.08 5893.51 
85.085 120 13 04 50
85.085 244 0.34
85.09 22 -4.99
85.09 23 0.42
85.09 25 -5.64
85.09 30 0.00
85.09 B1 6148.35 5835.89 
85.09 B3 6209.34 5892.54 
85.09 120 13 04 50
85.09 244 0.34
85.095 22 -5.03
85.095 23 0.42
85.095 25 -5.76
85.095 30 0.00
85.095 B1 6150.39 5834.90 
85.095 B3 6211.54 5891.60 
85.095 120 13 04 50
85.095 244 0.34
85.1 22 -5.17
85.1 23 0.41
85.1 25 -5.64
85.1 30 0.00
85.1 B1 6152.07 5833.63 
85.1 B3 6213.71 5890.69 
85.1 120 13 04 50
85.1 244 0.34
85.105 22 -5.11
85.105 23 0.42
85.105 25 -5.64
85.105 30 0.00
85.105 B1 6154.15 5832.74 
85.105 B3 6215.85 5889.78 
85.105 120 13 04 50
85.105 244 0.34
85.11 22 -5.16
85.11 23 0.42
85.11 25 -5.64
85.11 30 0.00
85.11 B1 6156.13 5831.86 
85.11 B3 6217.95 5888.90 
85.11 120 13 04 50
85.11 244 0.34
85.115 22 -5.20
85.115 23 0.42
85.115 25 -5.64
85.115 30 0.00
85.115 B1 6158.02 5830.98 
85.115 B3 6219.99 5888.05 
85.115 120 13 04 50
85.115 244 0.34
85.12 22 -5.24
85.12 23 0.42
85.12 25 -5.64
85.12 30 0.00
85.12 B1 6159.85 5830.12 
85.12 B3 6221.98 5887.24 
85.12 120 13 04 50
85.12 244 0.34
85.125 22 -5.29
85.125 23 0.42
85.125 25 -5.64
85.125 30 0.00
85.125 B1 6161.60 5829.26 
85.125 B3 6223.93 5886.47 
85.125 120 13 04 50
85.125 244 0.34
85.13 22 -5.33
85.13 23 0.42
85.13 25 -5.64
85.13 30 0.00
85.13 B1 6163.30 5828.42 
85.13 B3 6225.84 5885.72 
85.13 120 13 04 50
85.13 244 0.34
85.13499 22 -5.38
85.13499 23 0.42
85.13499 25 -5.64
85.13499 30 0.00
85.13499 B1 6164.95 5827.59 
85.13499 B3 6227.70 5884.99 
85.13499 120 13 04 50
85.13499 244 0.34
85.14 22 -5.42
85.14 23 0.42
85.14 25 -5.64
85.14 30 0.00
85.14 B1 6166.55 5826.78 
85.14 B3 6229.52 5884.29 
85.14 120 13 04 50
85.14 244 0.34
85.145 22 -5.47
85.145 23 0.42
85.145 25 -5.64
85.145 30 0.00
85.145 B1 6169.42 5827.31 
85.145 B3 6232.49 5884.81 
85.145 120 13 04 50
85.145 244 0.34
85.15 22 -5.51
85.15 23 0.42
85.15 25 -5.64
85.15 30 0.00
85.15 B1 6170.50 5826.08 
85.15 B3 6233.93 5883.83 
85.15 120 13 04 50
85.15 244 0.34
85.155 22 -5.56
85.155 23 0.42
85.155 25 -5.64
85.155 30 0.00
85.155 B1 6171.68 5825.02 
85.155 B3 6235.41 5882.96 
85.155 120 13 04 50
85.155 244 0.34
85.16 22 -5.60
85.16 23 0.42
85.16 25 -5.64
85.16 30 0.00
85.16 B1 6172.91 5824.08 
85.16 B3 6236.90 5882.18 
85.16 120 13 04 50
85.16 244 0.34
85.165 22 -5.65
85.165 23 0.41
85.165 25 -5.64
85.165 30 0.00
85.165 B1 6174.15 5823.22 
85.165 B3 6238.40 5881.46 
85.165 120 13 04 50
85.165 244 0.34
85.17 22 -5.69
85.17 23 0.41
85.17 25 -5.64
85.17 30 0.00
85.17 B1 6175.40 5822.42 
85.17 B3 6239.90 5880.80 
85.17 120 13 04 50
85.17 244 0.34
85.175 22 -5.73
85.175 23 0.41
85.175 25 -5.64
85.175 30 0.00
85.175 B1 6176.64 5821.66 
85.175 B3 6241.38 5880.17 
85.175 120 13 04 50
85.175 244 0.34
85.18 22 -5.78
85.18 23 0.41
85.18 25 -5.64
85.18 30 0.00
85.18 B1 6177.85 5820.94 
85.18 B3 6242.83 5879.58 
85.18 120 13 04 50
85.18 244 0.34
85.185 22 -5.82
85.185 23 0.41
85.185 25 -5.64
85.185 30 0.00
85.185 B1 6179.04 5820.23 
85.185 B3 6244.27 5879.02 
85.185 120 13 04 50
85.185 244 0.34
85.18999 22 -5.87
85.18999 23 0.41
85.18999 25 -5.64
85.18999 30 0.00
85.18999 B1 6180.20 5819.54 
85.18999 B3 6245.68 5878.48 
85.18999 120 13 04 50
85.18999 244 0.34
85.195 22 -5.91
85.195 23 0.40
85.195 25 -5.64
85.195 30 0.00
85.195 B1 6182.65 5820.20 
85.195 B3 6248.25 5879.16 
85.195 120 13 04 50
85.195 244 0.34
85.2 22 -5.95
85.2 23 0.41
85.2 25 -5.64
85.2 30 0.00
85.2 B1 6183.33 5819.10 
85.2 B3 6249.30 5878.33 
85.2 120 13 04 50
85.2 244 0.34
85.205 22 -5.99
85.205 23 0.41
85.205 25 -5.64
85.205 30 0.00
85.205 B1 6184.12 5818.17 
85.205 B3 6250.40 5877.61 
85.205 120 13 04 50
85.205 244 0.34
85.21 22 -6.04
85.21 23 0.40
85.21 25 -5.64
85.21 30 0.00
85.21 B1 6184.96 5817.36 
85.21 B3 6251.52 5876.98 
85.21 120 13 04 50
85.21 244 0.34
85.215 22 -6.08
85.215 23 0.40
85.215 25 -5.64
85.215 30 0.00
85.215 B1 6185.84 5816.62 
85.215 B3 6252.66 5876.40 
85.215 120 13 04 50
85.215 244 0.33
85.22 22 -6.12
85.22 23 0.40
85.22 25 -5.64
85.22 30 0.00
85.22 B1 6185.40 5814.62 
85.22 B3 6252.60 5874.68 
85.22 120 13 04 50
85.22 244 0.34
85.225 22 -6.16
85.225 23 0.39
85.225 25 -5.64
85.225 30 0.00
85.225 B1 6186.69 5814.43 
85.225 B3 6254.02 5874.52 
85.225 120 13 04 50
85.225 244 0.34
85.23 22 -6.20
85.23 23 0.39
85.23 25 -5.64
85.23 30 0.00
85.23 B1 6187.84 5814.11 
85.23 B3 6255.35 5874.29 
85.23 120 13 04 50
85.23 244 0.34
85.235 22 -6.24
85.235 23 0.39
85.235 25 -5.64
85.235 30 0.00
85.235 B1 6190.20 5815.03 
85.235 B3 6257.80 5875.22 
85.235 120 13 04 50
85.235 244 0.34
85.24 22 -6.28
85.24 23 0.40
85.24 25 -5.64
85.24 30 0.00
85.24 B1 6192.07 5815.44 
85.24 B3 6259.89 5875.78 
85.24 120 13 04 50
85.24 244 0.34
85.245 22 -6.32
85.245 23 0.40
85.245 25 -5.64
85.245 30 0.00
85.245 B1 6192.26 5814.22 
85.245 B3 6260.51 5874.90 
85.245 120 13 04 50
85.245 244 0.34
85.25 22 -6.36
85.25 23 0.40
85.25 25 -5.64
85.25 30 0.00
85.25 B1 6192.64 5813.24 
85.25 B3 6261.22 5874.18 
85.25 120 13 04 50
85.25 244 0.33
85.255 22 -6.40
85.255 23 0.39
85.255 25 -5.64
85.255 30 0.00
85.255 B1 6191.79 5811.10 
85.255 B3 6260.79 5872.36 
85.255 120 13 04 50
85.255 244 0.33
85.25999 22 -6.44
85.25999 23 0.38
85.25999 25 -5.64
85.25999 30 0.00
85.25999 B1 6191.43 5809.53 
85.25999 B3 6260.69 5870.95 
85.25999 120 13 04 50
85.25999 244 0.34
85.265 22 -6.48
85.265 23 0.38
85.265 25 -5.64
85.265 30 0.00
85.265 B1 6192.70 5809.64 
85.265 B3 6262.02 5871.04 
85.265 120 13 04 50
85.265 244 0.34
85.27 22 -6.51
85.27 23 0.38
85.27 25 -5.64
85.27 30 0.00
85.27 B1 6193.76 5809.53 
85.27 B3 6263.22 5871.00 
85.27 120 13 04 50
85.27 244 0.34
85.275 22 -6.55
85.275 23 0.38
85.275 25 -5.64
85.275 30 0.00
85.275 B1 6194.67 5809.30 
85.275 B3 6264.32 5870.88 
85.275 120 13 04 50
85.275 244 0.34
85.28 22 -6.59
85.28 23 0.38
85.28 25 -5.64
85.28 30 0.00
85.28 B1 6195.47 5808.97 
85.28 B3 6265.34 5870.71 
85.28 120 13 04 50
85.28 244 0.34
85.285 22 -6.62
85.285 23 0.38
85.285 25 -5.64
85.285 30 0.00
85.285 B1 6196.20 5808.59 
85.285 B3 6266.30 5870.50 
85.285 120 13 04 50
85.285 244 0.34
85.29 22 -6.66
85.29 23 0.38
85.29 25 -5.64
85.29 30 0.00
85.29 B1 6196.86 5808.18 
85.29 B3 6267.20 5870.26 
85.29 120 13 04 50
85.29 244 0.34
85.295 22 -6.69
85.295 23 0.38
85.295 25 -5.64
85.295 30 0.00
85.295 B1 6197.47 5807.75 
85.295 B3 6268.05 5870.00 
85.295 120 13 04 50
85.295 244 0.34
85.3 22 -6.73
85.3 23 0.38
85.3 25 -5.64
85.3 30 0.00
85.3 B1 6198.04 5807.31 
85.3 B3 6268.85 5869.74 
85.3 120 13 04 50
85.3 244 0.34
85.305 22 -6.76
85.305 23 0.38
85.305 25 -5.52
85.305 30 0.00
85.305 B1 6198.58 5806.87 
85.305 B3 6269.63 5869.47 
85.305 120 13 04 50
85.305 244 0.34
85.31 22 -6.69
85.31 23 0.39
85.31 25 -5.52
85.31 30 0.00
85.31 B1 6199.44 5806.78 
85.31 B3 6270.37 5869.19 
85.31 120 13 04 50
85.31 244 0.34
85.31499 22 -6.73
85.31499 23 0.39
85.31499 25 -5.52
85.31499 30 0.00
85.31499 B1 6200.12 5806.62 
85.31499 B3 6271.05 5868.96 
85.31499 120 13 04 50
85.31499 244 0.34
85.32 22 -6.77
85.32 23 0.39
85.32 25 -5.52
85.32 30 0.00
85.32 B1 6200.67 5806.41 
85.32 B3 6271.68 5868.76 
85.32 120 13 04 50
85.32 244 0.34
85.325 22 -6.80
85.325 23 0.39
85.325 25 -5.52
85.325 30 0.00
85.325 B1 6201.14 5806.17 
85.325 B3 6272.28 5868.58 
85.325 120 13 04 50
85.325 244 0.34
85.33 22 -6.83
85.33 23 0.39
85.33 25 -5.52
85.33 30 0.00
85.33 B1 6201.53 5805.91 
85.33 B3 6272.84 5868.42 
85.33 120 13 04 50
85.33 244 0.34
85.335 22 -6.87
85.335 23 0.39
85.335 25 -5.40
85.335 30 0.00
85.335 B1 6201.88 5805.63 
85.335 B3 6273.37 5868.28 
85.335 120 13 04 50
85.335 244 0.34
85.34 22 -6.80
85.34 23 0.40
85.34 25 -5.28
85.34 30 0.00
85.34 B1 6203.86 5807.03 
85.34 B3 6275.07 5869.33 
85.34 120 13 04 50
85.34 244 0.34
85.345 22 -6.73
85.345 23 0.42
85.345 25 -4.80
85.345 30 0.00
85.345 B1 6205.59 5808.24 
85.345 B3 6276.43 5870.11 
85.345 120 13 04 50
85.345 244 0.34
85.35 22 -6.37
85.35 23 0.47
85.35 25 -3.95
85.35 30 0.00
85.35 B1 6206.72 5809.02 
85.35 B3 6276.30 5869.54 
85.35 120 13 04 50
85.35 244 0.34
85.355 22 -5.70
85.355 23 0.55
85.355 25 -3.95
85.355 30 0.00
85.355 B1 6209.25 5811.69 
85.355 B3 6276.14 5869.36 
85.355 120 13 04 50
85.355 244 0.34
85.36 22 -5.76
85.36 23 0.55
85.36 25 -3.47
85.36 30 0.00
85.36 B1 6210.54 5813.95 
85.36 B3 6275.75 5869.78 
85.36 120 13 04 50
85.36 244 0.34
85.365 22 -5.42
85.365 23 0.59
85.365 25 -3.35
85.365 30 0.00
85.365 B1 6211.94 5816.90 
85.365 B3 6275.21 5870.60 
85.365 120 13 04 50
85.365 244 0.34
85.37 22 -5.38
85.37 23 0.60
85.37 25 -3.23
85.37 30 0.00
85.37 B1 6213.88 5821.05 
85.37 B3 6275.64 5873.07 
85.37 120 13 04 50
85.37 244 0.34
85.375 22 -5.35
85.375 23 0.62
85.375 25 -3.23
85.375 30 0.00
85.375 B1 6213.52 5823.40 
85.375 B3 6274.39 5874.37 
85.375 120 13 04 50
85.375 244 0.34
85.38 22 -5.41
85.38 23 0.62
85.38 25 -2.87
85.38 30 0.00
85.38 B1 6214.01 5827.01 
85.38 B3 6274.26 5877.23 
85.38 120 13 04 50
85.38 244 0.34
85.38499 22 -5.17
85.38499 23 0.64
85.38499 25 -2.39
85.38499 30 0.00
85.38499 B1 6213.07 5829.43 
85.38499 B3 6272.59 5878.82 
85.38499 120 13 04 50
85.38499 244 0.34
85.39 22 -4.84
85.39 23 0.66
85.39 25 -2.39
85.39 30 0.00
85.39 B1 6212.51 5832.64 
85.39 B3 6270.90 5880.78 
85.39 120 13 04 50
85.39 244 0.34
85.395 22 -4.90
85.395 23 0.66
85.395 25 -1.79
85.395 30 0.00
85.395 B1 6211.34 5835.78 
85.395 B3 6269.07 5883.16 
85.395 120 13 04 50
85.395 244 0.34
85.4 22 -4.48
85.4 23 0.69
85.4 25 -1.55
85.4 30 0.00
85.4 B1 6211.89 5840.98 
85.4 B3 6268.37 5887.00 
85.4 120 13 04 50
85.4 244 0.34
85.405 22 -4.36
85.405 23 0.70
85.405 25 -1.55
85.405 30 0.00
85.405 B1 6210.31 5844.59 
85.405 B3 6265.98 5889.68 
85.405 120 13 04 50
85.405 244 0.34
85.41 22 -4.43
85.41 23 0.70
85.41 25 -0.23
85.41 30 0.00
85.41 B1 6208.30 5848.26 
85.41 B3 6263.50 5892.76 
85.41 120 13 04 50
85.41 244 0.34
85.415 22 -3.50
85.415 23 0.72
85.415 25 -0.23
85.415 30 0.00
85.415 B1 6207.00 5852.96 
85.415 B3 6260.96 5896.11 
85.415 120 13 04 50
85.415 244 0.34
85.42 22 -3.57
85.42 23 0.72
85.42 25 0.00
85.42 30 0.00
85.42 B1 6204.90 5857.81 
85.42 B3 6258.08 5900.00 
85.42 120 13 04 50
85.42 244 0.34
85.425 22 -3.48
85.425 23 0.73
85.425 25 0.00
85.425 30 0.00
85.425 B1 6203.71 5864.14 
85.425 B3 6256.18 5905.44 
85.425 120 13 04 50
85.425 244 0.34
85.43 22 -3.54
85.43 23 0.74
85.43 25 0.00
85.43 30 0.00
85.43 B1 6200.40 5868.76 
85.43 B3 6252.60 5909.65 
85.43 120 13 04 50
85.43 244 0.34
85.435 22 -3.60
85.435 23 0.73
85.435 25 0.00
85.435 30 0.00
85.435 B1 6196.99 5873.54 
85.435 B3 6248.98 5914.12 
85.435 120 13 04 50
85.435 244 0.34
85.43999 22 -3.66
85.43999 23 0.73
85.43999 25 0.00
85.43999 30 0.00
85.43999 B1 6193.56 5878.37 
85.43999 B3 6245.38 5918.75 
85.43999 120 13 04 50
85.43999 244 0.34
85.445 22 -3.71
85.445 23 0.73
85.445 25 0.00
85.445 30 0.00
85.445 B1 6190.16 5883.21 
85.445 B3 6241.82 5923.47 
85.445 120 13 04 50
85.445 244 0.34
85.45 22 -3.75
85.45 23 0.73
85.45 25 0.00
85.45 30 0.00
85.45 B1 6188.13 5889.34 
85.45 B3 6239.52 5929.41 
85.45 120 13 04 50
85.45 244 0.34
85.455 22 -3.79
85.455 23 0.74
85.455 25 0.00
85.455 30 0.00
85.455 B1 6185.75 5894.97 
85.455 B3 6237.00 5935.03 
85.455 120 13 04 50
85.455 244 0.34
85.46 22 -3.83
85.46 23 0.74
85.46 25 0.00
85.46 30 0.00
85.46 B1 6181.87 5898.91 
85.46 B3 6233.15 5939.17 
85.46 120 13 04 50
85.46 244 0.34
85.465 22 -3.86
85.465 23 0.74
85.465 25 0.00
85.465 30 0.00
85.465 B1 6178.30 5903.02 
85.465 B3 6229.54 5943.43 
85.465 120 13 04 50
85.465 244 0.34
85.47 22 -3.89
85.47 23 0.73
85.47 25 0.00
85.47 30 0.00
85.47 B1 6176.32 5908.53 
85.47 B3 6227.34 5948.92 
85.47 120 13 04 50
85.47 244 0.34
85.475 22 -3.92
85.475 23 0.74
85.475 25 0.00
85.475 30 0.00
85.475 B1 6174.13 5913.63 
85.475 B3 6225.01 5954.10 
85.475 120 13 04 50
85.475 244 0.34
85.48 22 -3.94
85.48 23 0.74
85.48 25 0.00
85.48 30 0.00
85.48 B1 6171.84 5918.41 
85.48 B3 6222.63 5959.02 
85.48 120 13 04 50
85.48 244 0.34
85.485 22 -3.95
85.485 23 0.75
85.485 25 0.00
85.485 30 0.00
85.485 B1 6169.52 5922.97 
85.485 B3 6220.24 5963.74 
85.485 120 13 04 50
85.485 244 0.34
85.49 22 -3.97
85.49 23 0.75
85.49 25 0.00
85.49 30 0.00
85.49 B1 6167.20 5927.35 
85.49 B3 6217.87 5968.28 
85.49 120 13 04 50
85.49 244 0.34
85.495 22 -3.98
85.495 23 0.75
85.495 25 0.00
85.495 30 0.00
85.495 B1 6164.93 5931.58 
85.495 B3 6215.54 5972.67 
85.495 120 13 04 50
85.495 244 0.35
85.5 22 -3.98
85.5 23 0.75
85.5 25 0.00
85.5 30 0.00
85.5 B1 6164.04 5937.00 
85.5 B3 6214.47 5978.13 
85.5 120 13 04 50
85.5 244 0.35
85.505 22 -3.99
85.505 23 0.76
85.505 25 0.00
85.505 30 0.00
85.505 B1 6162.80 5941.89 
85.505 B3 6213.17 5983.15 
85.505 120 13 04 50
85.505 244 0.35
85.50999 22 -3.99
85.50999 23 0.76
85.50999 25 0.00
85.50999 30 0.00
85.50999 B1 6161.37 5946.39 
85.50999 B3 6211.72 5987.83 
85.50999 120 13 04 50
85.50999 244 0.35
85.515 22 -3.99
85.515 23 0.77
85.515 25 0.00
85.515 30 0.00
85.515 B1 6159.83 5950.61 
85.515 B3 6210.19 5992.26 
85.515 120 13 04 50
85.515 244 0.34
85.52 22 -3.98
85.52 23 0.77
85.52 25 0.00
85.52 30 0.00
85.52 B1 6156.93 5953.31 
85.52 B3 6207.43 5995.27 
85.52 120 13 04 50
85.52 244 0.34
85.525 22 -3.97
85.525 23 0.76
85.525 25 0.00
85.525 30 0.00
85.525 B1 6154.45 5956.29 
85.525 B3 6204.98 5998.44 
85.525 120 13 04 50
85.525 244 0.34
85.53 22 -3.96
85.53 23 0.76
85.53 25 0.00
85.53 30 0.00
85.53 B1 6152.28 5959.44 
85.53 B3 6202.76 6001.70 
85.53 120 13 04 50
85.53 244 0.34
85.535 22 -3.95
85.535 23 0.75
85.535 25 0.00
85.535 30 0.00
85.535 B1 6150.35 5962.67 
85.535 B3 6200.75 6005.00 
85.535 120 13 04 50
85.535 244 0.34
85.54 22 -3.93
85.54 23 0.75
85.54 25 0.00
85.54 30 0.00
85.54 B1 6148.60 5965.94 
85.54 B3 6198.91 6008.31 
85.54 120 13 04 50
85.54 244 0.34
85.545 22 -3.92
85.545 23 0.75
85.545 25 0.00
85.545 30 0.00
85.545 B1 6147.00 5969.21 
85.545 B3 6197.21 6011.62 
85.545 120 13 04 50
85.545 244 0.34
85.55 22 -3.90
85.55 23 0.75
85.55 25 0.00
85.55 30 0.00
85.55 B1 6145.53 5972.47 
85.55 B3 6195.64 6014.91 
85.55 120 13 04 50
85.55 244 0.34
85.555 22 -3.88
85.555 23 0.74
85.555 25 0.00
85.555 30 0.00
85.555 B1 6144.16 5975.69 
85.555 B3 6194.17 6018.17 
85.555 120 13 04 50
85.555 244 0.34
85.56 22 -3.86
85.56 23 0.74
85.56 25 0.00
85.56 30 0.00
85.56 B1 6142.89 5978.88 
85.56 B3 6192.81 6021.40 
85.56 120 13 04 50
85.56 244 0.34
85.56499 22 -3.83
85.56499 23 0.74
85.56499 25 0.00
85.56499 30 0.00
85.56499 B1 6141.70 5982.03 
85.56499 B3 6191.54 6024.59 
85.56499 120 13 04 50
85.56499 244 0.34
85.57 22 -3.81
85.57 23 0.74
85.57 25 0.00
85.57 30 0.00
85.57 B1 6140.59 5985.13 
85.57 B3 6190.36 6027.73 
85.57 120 13 04 50
85.57 244 0.34
85.575 22 -3.78
85.575 23 0.74
85.575 25 0.00
85.575 30 0.00
85.575 B1 6139.55 5988.19 
85.575 B3 6189.25 6030.83 
85.575 120 13 04 50
85.575 244 0.34
85.58 22 -3.75
85.58 23 0.74
85.58 25 0.00
85.58 30 0.00
85.58 B1 6138.59 5991.21 
85.58 B3 6188.22 6033.89 
85.58 120 13 04 50
85.58 244 0.34
85.585 22 -3.72
85.585 23 0.74
85.585 25 0.00
85.585 30 0.00
85.585 B1 6137.69 5994.18 
85.585 B3 6187.25 6036.90 
85.585 120 13 04 50
85.585 244 0.34
85.59 22 -3.69
85.59 23 0.74
85.59 25 0.00
85.59 30 0.00
85.59 B1 6136.85 5997.11 
85.59 B3 6186.36 6039.87 
85.59 120 13 04 50
85.59 244 0.34
85.595 22 -3.66
85.595 23 0.74
85.595 25 0.00
85.595 30 0.00
85.595 B1 6136.07 5999.99 
85.595 B3 6185.52 6042.80 
85.595 120 13 04 50
85.595 244 0.34
85.6 22 -3.63
85.6 23 0.74
85.6 25 0.00
85.6 30 0.00
85.6 B1 6135.35 6002.84 
85.6 B3 6184.75 6045.69 
85.6 120 13 04 50
85.6 244 0.34
85.605 22 -3.59
85.605 23 0.74
85.605 25 0.00
85.605 30 0.00
85.605 B1 6134.69 6005.65 
85.605 B3 6184.03 6048.55 
85.605 120 13 04 50
85.605 244 0.34
85.61 22 -3.56
85.61 23 0.74
85.61 25 0.00
85.61 30 0.00
85.61 B1 6132.76 6007.09 
85.61 B3 6182.17 6050.16 
85.61 120 13 04 50
85.61 244 0.34
85.615 22 -3.52
85.615 23 0.73
85.615 25 0.00
85.615 30 0.00
85.615 B1 6131.30 6008.94 
85.615 B3 6180.67 6052.06 
85.615 120 13 04 50
85.615 244 0.34
85.62 22 -3.49
85.62 23 0.72
85.62 25 0.00
85.62 30 0.00
85.62 B1 6130.17 6011.03 
85.62 B3 6179.44 6054.14 
85.62 120 13 04 50
85.62 244 0.34
85.625 22 -3.45
85.625 23 0.72
85.625 25 -0.71
85.625 30 0.00
85.625 B1 6129.29 6013.28 
85.625 B3 6178.42 6056.36 
85.625 120 13 04 50
85.625 244 0.34
85.63 22 -3.99
85.63 23 0.70
85.63 25 -0.71
85.63 30 0.00
85.63 B1 6127.62 6014.63 
85.63 B3 6177.58 6058.66 
85.63 120 13 04 50
85.63 244 0.34
85.63499 22 -3.94
85.63499 23 0.70
85.63499 25 -1.79
85.63499 30 0.00
85.63499 B1 6126.63 6016.11 
85.63499 B3 6177.06 6060.80 
85.63499 120 13 04 50
85.63499 244 0.34
85.64 22 -4.80
85.64 23 0.65
85.64 25 -2.75
85.64 30 0.00
85.64 B1 6124.11 6015.61 
85.64 B3 6176.78 6062.81 
85.64 120 13 04 50
85.64 244 0.34
85.645 22 -5.54
85.645 23 0.58
85.645 25 -3.23
85.645 30 0.00
85.645 B1 6120.62 6013.07 
85.645 B3 6176.99 6064.38 
85.645 120 13 04 50
85.645 244 0.34
85.65 22 -5.85
85.65 23 0.54
85.65 25 -3.59
85.65 30 0.00
85.65 B1 6117.83 6009.85 
85.65 B3 6177.79 6065.31 
85.65 120 13 04 50
85.65 244 0.34
85.655 22 -6.06
85.655 23 0.49
85.655 25 -3.59
85.655 30 0.00
85.655 B1 6115.94 6006.31 
85.655 B3 6179.14 6065.60 
85.655 120 13 04 50
85.655 244 0.34
85.66 22 -5.96
85.66 23 0.49
85.66 25 -3.59
85.66 30 0.00
85.66 B1 6115.85 6003.57 
85.66 B3 6180.96 6065.32 
85.66 120 13 04 50
85.66 244 0.34
85.665 22 -5.86
85.665 23 0.48
85.665 25 -3.59
85.665 30 0.00
85.665 B1 6116.94 6001.37 
85.665 B3 6183.10 6064.64 
85.665 120 13 04 50
85.665 244 0.34
85.67 22 -5.77
85.67 23 0.48
85.67 25 -3.83
85.67 30 0.00
85.67 B1 6118.80 5999.55 
85.67 B3 6185.45 6063.68 
85.67 120 13 04 50
85.67 244 0.34
85.675 22 -5.88
85.675 23 0.46
85.675 25 -3.95
85.675 30 0.00
85.675 B1 6120.43 5997.27 
85.675 B3 6187.95 6062.54 
85.675 120 13 04 50
85.675 244 0.34
85.68 22 -5.90
85.68 23 0.45
85.68 25 -3.95
85.68 30 0.00
85.68 B1 6122.32 5994.97 
85.68 B3 6190.58 6061.21 
85.68 120 13 04 50
85.68 244 0.34
85.685 22 -5.81
85.685 23 0.45
85.685 25 -4.43
85.685 30 0.00
85.685 B1 6124.77 5993.03 
85.685 B3 6193.32 6059.71 
85.685 120 13 04 50
85.685 244 0.34
85.68999 22 -6.13
85.68999 23 0.40
85.68999 25 -4.43
85.68999 30 0.00
85.68999 B1 6126.07 5989.80 
85.68999 B3 6196.13 6058.11 
85.68999 120 13 04 50
85.68999 244 0.34
85.695 22 -6.05
85.695 23 0.40
85.695 25 -4.68
85.695 30 0.00
85.695 B1 6128.23 5987.11 
85.695 B3 6199.07 6056.29 
85.695 120 13 04 50
85.695 244 0.34
85.7 22 -6.17
85.7 23 0.38
85.7 25 -4.68
85.7 30 0.00
85.7 B1 6130.17 5984.02 
85.7 B3 6202.10 6054.34 
85.7 120 13 04 50
85.7 244 0.34
85.705 22 -6.09
85.705 23 0.38
85.705 25 -4.68
85.705 30 0.00
85.705 B1 6132.80 5981.39 
85.705 B3 6205.21 6052.23 
85.705 120 13 04 50
85.705 244 0.34
85.71 22 -6.01
85.71 23 0.38
85.71 25 -4.68
85.71 30 0.00
85.71 B1 6135.83 5979.09 
85.71 B3 6208.37 6050.03 
85.71 120 13 04 50
85.71 244 0.34
85.715 22 -5.94
85.715 23 0.38
85.715 25 -4.80
85.715 30 0.00
85.715 B1 6139.12 5977.02 
85.715 B3 6211.53 6047.79 
85.715 120 13 04 50
85.715 244 0.33
85.72 22 -5.98
85.72 23 0.37
85.72 25 -4.80
85.72 30 0.00
85.72 B1 6140.83 5973.43 
85.72 B3 6213.48 6044.36 
85.72 120 13 04 50
85.72 244 0.33
85.725 22 -5.92
85.725 23 0.36
85.725 25 -4.80
85.725 30 0.00
85.725 B1 6143.18 5970.50 
85.725 B3 6215.73 6041.22 
85.725 120 13 04 50
85.725 244 0.33
85.73 22 -5.86
85.73 23 0.36
85.73 25 -4.80
85.73 30 0.00
85.73 B1 6145.93 5968.04 
85.73 B3 6218.17 6038.33 
85.73 120 13 04 50
85.73 244 0.33
85.735 22 -5.80
85.735 23 0.36
85.735 25 -4.80
85.735 30 0.00
85.735 B1 6148.91 5965.90 
85.735 B3 6220.73 6035.64 
85.735 120 13 04 50
85.735 244 0.34
85.74 22 -5.75
85.74 23 0.36
85.74 25 -4.80
85.74 30 0.00
85.74 B1 6153.33 5965.31 
85.74 B3 6224.56 6034.31 
85.74 120 13 04 50
85.74 244 0.34
85.745 22 -5.71
85.745 23 0.37
85.745 25 -5.52
85.745 30 0.00
85.745 B1 6157.39 5964.44 
85.745 B3 6228.12 6032.82 
85.745 120 13 04 50
85.745 244 0.33
85.75 22 -6.26
85.75 23 0.30
85.75 25 -5.52
85.75 30 0.00
85.75 B1 6157.59 5959.76 
85.75 B3 6230.27 6030.02 
85.75 120 13 04 50
85.75 244 0.33
85.755 22 -6.21
85.755 23 0.29
85.755 25 -6.24
85.755 30 0.00
85.755 B1 6158.98 5955.98 
85.755 B3 6232.71 6027.24 
85.755 120 13 04 50
85.755 244 0.34
85.75999 22 -6.74
85.75999 23 0.20
85.75999 25 -8.16
85.75999 30 0.00
85.75999 B1 6159.94 5951.55 
85.75999 B3 6236.53 6025.69 
85.75999 120 13 04 50
85.75999 244 0.34
85.765 22 -8.06
85.765 23 -0.06
85.765 25 -8.16
85.765 30 0.00
85.765 B1 6153.90 5939.33 
85.765 B3 6240.32 6023.59 
85.765 120 13 04 50
85.765 244 0.34
85.77 22 -7.99
85.77 23 -0.09
85.77 25 -10.21
85.77 30 0.00
85.77 B1 6151.87 5929.94 
85.77 B3 6244.40 6020.49 
85.77 120 13 04 50
85.77 244 0.34
85.775 22 -9.03
85.775 23 -0.39
85.775 25 -10.21
85.775 30 0.00
85.775 B1 6141.68 5911.23 
85.775 B3 6248.64 6016.68 
85.775 120 13 04 50
85.775 244 0.34
85.78 22 -8.98
85.78 23 -0.43
85.78 25 -10.93
85.78 30 0.00
85.78 B1 6137.28 5897.27 
85.78 B3 6253.20 6011.82 
85.78 120 13 04 50
85.78 244 0.34
85.785 22 -9.21
85.785 23 -0.55
85.785 25 -11.17
85.785 30 0.00
85.785 B1 6132.44 5882.00 
85.785 B3 6257.94 6006.20 
85.785 120 13 04 50
85.785 244 0.34
85.79 22 -9.26
85.79 23 -0.60
85.79 25 -12.25
85.79 30 0.00
85.79 B1 6130.16 5868.71 
85.79 B3 6262.82 5999.90 
85.79 120 13 04 50
85.79 244 0.34
85.795 22 -9.44
85.795 23 -0.74
85.795 25 -12.25
85.795 30 0.00
85.795 B1 6124.91 5851.94 
85.795 B3 6267.77 5993.09 
85.795 120 13 04 50
85.795 244 0.34
85.8 22 -9.47
85.8 23 -0.78
85.8 25 -12.85
85.8 30 0.00
85.8 B1 6123.43 5838.64 
85.8 B3 6272.76 5985.78 
85.8 120 13 04 50
85.8 244 0.34
85.805 22 -9.49
85.805 23 -0.85
85.805 25 -13.09
85.805 30 0.00
85.805 B1 6121.60 5824.88 
85.805 B3 6277.73 5978.10 
85.805 120 13 04 50
85.805 244 0.33
85.81 22 -9.52
85.81 23 -0.89
85.81 25 -13.09
85.81 30 0.00
85.81 B1 6119.79 5811.05 
85.81 B3 6281.45 5968.95 
85.81 120 13 04 50
85.81 244 0.33
85.81499 22 -9.55
85.81499 23 -0.92
85.81499 25 -13.21
85.81499 30 0.00
85.81499 B1 6120.68 5799.87 
85.81499 B3 6285.38 5959.92 
85.81499 120 13 04 50
85.81499 244 0.34
85.82 22 -9.58
85.82 23 -0.95
85.82 25 -13.21
85.82 30 0.00
85.82 B1 6123.98 5791.09 
85.82 B3 6290.64 5952.19 
85.82 120 13 04 50
85.82 244 0.34
85.825 22 -9.62
85.825 23 -0.95
85.825 25 -13.21
85.825 30 0.00
85.825 B1 6128.26 5783.21 
85.825 B3 6295.67 5944.20 
85.825 120 13 04 50
85.825 244 0.33
85.83 22 -9.66
85.83 23 -0.96
85.83 25 -13.21
85.83 30 0.00
85.83 B1 6131.82 5774.58 
85.83 B3 6299.31 5934.85 
85.83 120 13 04 50
85.83 244 0.34
85.835 22 -9.70
85.835 23 -0.97
85.835 25 -13.21
85.835 30 0.00
85.835 B1 6137.45 5768.06 
85.835 B3 6304.27 5926.94 
85.835 120 13 04 50
85.835 244 0.34
85.84 22 -9.74
85.84 23 -0.96
85.84 25 -13.21
85.84 30 0.00
85.84 B1 6143.10 5761.57 
85.84 B3 6309.01 5918.90 
85.84 120 13 04 50
85.84 244 0.34
85.845 22 -9.79
85.845 23 -0.96
85.845 25 -13.21
85.845 30 0.00
85.845 B1 6148.73 5755.09 
85.845 B3 6313.58 5910.78 
85.845 120 13 04 50
85.845 244 0.34
85.85 22 -9.83
85.85 23 -0.96
85.85 25 -13.21
85.85 30 0.00
85.85 B1 6154.25 5748.89 
85.85 B3 6317.98 5902.64 
85.85 120 13 04 50
85.85 244 0.34
85.855 22 -9.86
85.855 23 -0.95
85.855 25 -13.21
85.855 30 0.00
85.855 B1 6159.76 5742.86 
85.855 B3 6322.23 5894.51 
85.855 120 13 04 50
85.855 244 0.34
85.86 22 -9.90
85.86 23 -0.94
85.86 25 -13.21
85.86 30 0.00
85.86 B1 6165.27 5736.95 
85.86 B3 6326.36 5886.44 
85.86 120 13 04 50
85.86 244 0.34
85.865 22 -9.93
85.865 23 -0.94
85.865 25 -13.21
85.865 30 0.00
85.865 B1 6170.70 5731.11 
85.865 B3 6330.36 5878.43 
85.865 120 13 04 50
85.865 244 0.34
85.87 22 -9.97
85.87 23 -0.93
85.87 25 -13.21
85.87 30 0.00
85.87 B1 6176.02 5725.32 
85.87 B3 6334.24 5870.51 
85.87 120 13 04 50
85.87 244 0.34
85.875 22 -10.01
85.875 23 -0.93
85.875 25 -13.33
85.875 30 0.00
85.875 B1 6181.19 5719.56 
85.875 B3 6338.01 5862.69 
85.875 120 13 04 50
85.875 244 0.34
85.88 22 -10.08
85.88 23 -0.93
85.88 25 -13.21
85.88 30 0.00
85.88 B1 6185.42 5713.04 
85.88 B3 6341.65 5854.99 
85.88 120 13 04 50
85.88 244 0.34
85.88499 22 -10.09
85.88499 23 -0.92
85.88499 25 -13.21
85.88499 30 0.00
85.88499 B1 6191.81 5708.92 
85.88499 B3 6346.39 5848.57 
85.88499 120 13 04 50
85.88499 244 0.34
85.89 22 -10.13
85.89 23 -0.90
85.89 25 -13.21
85.89 30 0.00
85.89 B1 6197.52 5704.26 
85.89 B3 6350.72 5841.94 
85.89 120 13 04 50
85.89 244 0.34
85.895 22 -10.18
85.895 23 -0.89
85.895 25 -13.21
85.895 30 0.00
85.895 B1 6202.70 5699.25 
85.895 B3 6354.71 5835.20 
85.895 120 13 04 50
85.895 244 0.34
85.9 22 -10.23
85.9 23 -0.88
85.9 25 -13.21
85.9 30 0.00
85.9 B1 6207.45 5694.03 
85.9 B3 6358.44 5828.42 
85.9 120 13 04 50
85.9 244 0.34
85.905 22 -10.27
85.905 23 -0.87
85.905 25 -13.21
85.905 30 0.00
85.905 B1 6211.85 5688.68 
85.905 B3 6361.93 5821.64 
85.905 120 13 04 50
85.905 244 0.34
85.91 22 -10.32
85.91 23 -0.86
85.91 25 -13.21
85.91 30 0.00
85.91 B1 6215.95 5683.25 
85.91 B3 6365.22 5814.90 
85.91 120 13 04 50
85.91 244 0.35
85.915 22 -10.38
85.915 23 -0.86
85.915 25 -12.97
85.915 30 0.00
85.915 B1 6221.08 5679.10 
85.915 B3 6369.53 5809.41 
85.915 120 13 04 50
85.915 244 0.34
85.92 22 -10.35
85.92 23 -0.81
85.92 25 -12.97
85.92 30 0.00
85.92 B1 6225.70 5674.65 
85.92 B3 6372.19 5802.47 
85.92 120 13 04 50
85.92 244 0.34
85.925 22 -10.40
85.925 23 -0.80
85.925 25 -9.97
85.925 30 0.00
85.925 B1 6229.74 5669.86 
85.925 B3 6374.76 5795.76 
85.925 120 13 04 50
85.925 244 0.34
85.93 22 -8.78
85.93 23 -0.30
85.93 25 -9.97
85.93 30 0.00
85.93 B1 6248.56 5680.46 
85.93 B3 6377.24 5789.25 
85.93 120 13 04 50
85.93 244 0.34
85.935 22 -8.88
85.935 23 -0.25
85.935 25 -9.97
85.935 30 0.00
85.935 B1 6261.67 5686.15 
85.935 B3 6379.29 5783.85 
85.935 120 13 04 50
85.935 244 0.34
85.93999 22 -8.97
85.93999 23 -0.22
85.93999 25 -9.97
85.93999 30 0.00
85.93999 B1 6270.81 5688.68 
85.93999 B3 6381.04 5779.28 
85.93999 120 13 04 50
85.93999 244 0.34
85.945 22 -9.06
85.945 23 -0.20
85.945 25 -8.53
85.945 30 0.00
85.945 B1 6277.17 5689.19 
85.945 B3 6382.56 5775.31 
85.945 120 13 04 50
85.945 244 0.34
85.95 22 -8.06
85.95 23 0.05
85.95 25 -6.48
85.95 30 0.00
85.95 B1 6287.19 5694.05 
85.95 B3 6383.89 5771.79 
85.95 120 13 04 50
85.95 244 0.34
85.955 22 -6.50
85.955 23 0.36
85.955 25 -6.48
85.955 30 0.00
85.955 B1 6299.64 5702.49 
85.955 B3 6384.83 5769.15 
85.955 120 13 04 50
85.955 244 0.34
85.96 22 -6.66
85.96 23 0.38
85.96 25 -5.28
85.96 30 0.00
85.96 B1 6307.27 5708.20 
85.96 B3 6385.05 5767.95 
85.96 120 13 04 50
85.96 244 0.35
85.965 22 -5.80
85.965 23 0.52
85.965 25 -3.36
85.965 30 0.00
85.965 B1 6315.42 5715.91 
85.965 B3 6385.95 5768.95 
85.965 120 13 04 50
85.965 244 0.34
85.97 22 -4.45
85.97 23 0.68
85.97 25 0.00
85.97 30 0.00
85.97 B1 6320.90 5722.65 
85.97 B3 6384.71 5769.55 
85.97 120 13 04 50
85.97 244 0.34
85.975 22 -2.22
85.975 23 0.74
85.975 25 0.00
85.975 30 0.00
85.975 B1 6322.47 5727.68 
85.975 B3 6382.64 5771.68 
85.975 120 13 04 50
85.975 244 0.34
85.98 22 -2.46
85.98 23 0.75
85.98 25 0.00
85.98 30 0.00
85.98 B1 6321.25 5734.01 
85.98 B3 6379.18 5775.79 
85.98 120 13 04 50
85.98 244 0.34
85.985 22 -2.68
85.985 23 0.75
85.985 25 0.00
85.985 30 0.00
85.985 B1 6318.16 5741.07 
85.985 B3 6374.73 5781.23 
85.985 120 13 04 50
85.985 244 0.35
85.99 22 -2.89
85.99 23 0.76
85.99 25 0.00
85.99 30 0.00
85.99 B1 6315.14 5749.83 
85.99 B3 6370.79 5788.73 
85.99 120 13 04 50
85.99 244 0.35
85.995 22 -3.08
85.995 23 0.77
85.995 25 0.00
85.995 30 0.00
85.995 B1 6310.92 5758.30 
85.995 B3 6366.08 5796.43 
85.995 120 13 04 50
85.995 244 0.34
86 22 -3.25
86 23 0.78
86 25 0.00
86 30 0.00
86 B1 6304.62 5765.17 
86 B3 6359.65 5803.02 
86 120 13 04 50
86 244 0.34
86.005 22 -3.41
86.005 23 0.77
86.005 25 0.00
86.005 30 0.00
86.005 B1 6298.25 5772.25 
86.005 B3 6353.18 5809.93 
86.005 120 13 04 50
86.005 244 0.34
86.00999 22 -3.56
86.00999 23 0.77
86.00999 25 0.00
86.00999 30 0.00
86.00999 B1 6291.89 5779.39 
86.00999 B3 6346.72 5817.02 
86.00999 120 13 04 50
86.00999 244 0.34
86.015 22 -3.69
86.015 23 0.77
86.015 25 0.00
86.015 30 0.00
86.015 B1 6285.60 5786.50 
86.015 B3 6340.32 5824.16 
86.015 120 13 04 50
86.015 244 0.34
86.02 22 -3.81
86.02 23 0.77
86.02 25 0.00
86.02 30 0.00
86.02 B1 6279.41 5793.52 
86.02 B3 6334.01 5831.30 
86.02 120 13 04 50
86.02 244 0.34
86.025 22 -3.92
86.025 23 0.77
86.025 25 0.00
86.025 30 0.00
86.025 B1 6273.33 5800.43 
86.025 B3 6327.81 5838.37 
86.025 120 13 04 50
86.025 244 0.35
86.03 22 -4.03
86.03 23 0.77
86.03 25 0.00
86.03 30 0.00
86.03 B1 6268.72 5808.53 
86.03 B3 6322.93 5846.54 
86.03 120 13 04 50
86.03 244 0.34
86.035 22 -4.13
86.035 23 0.78
86.035 25 0.00
86.035 30 0.00
86.035 B1 6262.52 5814.72 
86.035 B3 6316.71 5853.07 
86.035 120 13 04 50
86.035 244 0.35
86.04 22 -4.23
86.04 23 0.78
86.04 25 0.00
86.04 30 0.00
86.04 B1 6257.92 5822.24 
86.04 B3 6311.90 5860.76 
86.04 120 13 04 50
86.04 244 0.35
86.045 22 -4.32
86.045 23 0.78
86.045 25 0.00
86.045 30 0.00
86.045 B1 6253.16 5829.26 
86.045 B3 6307.02 5868.05 
86.045 120 13 04 50
86.045 244 0.35
86.05 22 -4.40
86.05 23 0.79
86.05 25 0.00
86.05 30 0.00
86.05 B1 6248.35 5835.92 
86.05 B3 6302.12 5875.00 
86.05 120 13 04 50
86.05 244 0.35
86.055 22 -4.48
86.055 23 0.79
86.055 25 0.00
86.055 30 0.00
86.055 B1 6243.54 5842.27 
86.055 B3 6297.25 5881.67 
86.055 120 13 04 50
86.055 244 0.35
86.06 22 -4.55
86.06 23 0.79
86.06 25 0.00
86.06 30 0.00
86.06 B1 6238.81 5848.39 
86.06 B3 6292.46 5888.09 
86.06 120 13 04 50
86.06 244 0.34
86.06499 22 -4.61
86.06499 23 0.79
86.06499 25 0.00
86.06499 30 0.00
86.06499 B1 6232.85 5852.99 
86.06499 B3 6286.57 5893.10 
86.06499 120 13 04 50
86.06499 244 0.34
86.07 22 -4.67
86.07 23 0.78
86.07 25 0.00
86.07 30 0.00
86.07 B1 6227.42 5857.85 
86.07 B3 6281.09 5898.23 
86.07 120 13 04 50
86.07 244 0.35
86.075 22 -4.73
86.075 23 0.78
86.075 25 0.00
86.075 30 0.00
86.075 B1 6223.73 5864.16 
86.075 B3 6277.16 5904.60 
86.075 120 13 04 50
86.075 244 0.35
86.08 22 -4.78
86.08 23 0.78
86.08 25 0.00
86.08 30 0.00
86.08 B1 6219.95 5870.07 
86.08 B3 6273.23 5910.65 
86.08 120 13 04 50
86.08 244 0.35
86.085 22 -4.82
86.085 23 0.78
86.085 25 0.00
86.085 30 0.00
86.085 B1 6216.16 5875.67 
86.085 B3 6269.33 5916.42 
86.085 120 13 04 50
86.085 244 0.34
86.09 22 -4.86
86.09 23 0.79
86.09 25 0.00
86.09 30 0.00
86.09 B1 6211.08 5879.72 
86.09 B3 6264.31 5920.77 
86.09 120 13 04 50
86.09 244 0.35
86.095 22 -4.89
86.095 23 0.78
86.095 25 0.00
86.095 30 0.00
86.095 B1 6207.83 5885.33 
86.095 B3 6260.88 5926.45 
86.095 120 13 04 50
86.095 244 0.35
86.1 22 -4.92
86.1 23 0.78
86.1 25 0.00
86.1 30 0.00
86.1 B1 6204.53 5890.63 
86.1 B3 6257.47 5931.85 
86.1 120 13 04 50
86.1 244 0.35
86.105 22 -4.95
86.105 23 0.78
86.105 25 0.00
86.105 30 0.00
86.105 B1 6201.24 5895.69 
86.105 B3 6254.11 5937.04 
86.105 120 13 04 50
86.105 244 0.35
86.11 22 -4.96
86.11 23 0.78
86.11 25 0.00
86.11 30 0.00
86.11 B1 6198.01 5900.56 
86.11 B3 6250.82 5942.04 
86.11 120 13 04 50
86.11 244 0.35
86.115 22 -4.98
86.115 23 0.78
86.115 25 0.00
86.115 30 0.00
86.115 B1 6194.86 5905.28 
86.115 B3 6247.62 5946.88 
86.115 120 13 04 50
86.115 244 0.35
86.12 22 -4.99
86.12 23 0.78
86.12 25 0.00
86.12 30 0.00
86.12 B1 6191.80 5909.86 
86.12 B3 6244.52 5951.58 
86.12 120 13 04 50
86.12 244 0.35
86.125 22 -4.99
86.125 23 0.78
86.125 25 0.00
86.125 30 0.00
86.125 B1 6190.17 5915.65 
86.125 B3 6242.72 5957.35 
86.125 120 13 04 50
86.125 244 0.35
86.13 22 -5.00
86.13 23 0.79
86.13 25 0.00
86.13 30 0.00
86.13 B1 6186.90 5919.58 
86.13 B3 6239.52 5961.49 
86.13 120 13 04 50
86.13 244 0.35
86.13499 22 -4.99
86.13499 23 0.79
86.13499 25 0.00
86.13499 30 0.00
86.13499 B1 6183.87 5923.56 
86.13499 B3 6236.51 5965.61 
86.13499 120 13 04 50
86.13499 244 0.35
86.14 22 -4.99
86.14 23 0.79
86.14 25 0.00
86.14 30 0.00
86.14 B1 6181.04 5927.56 
86.14 B3 6233.66 5969.70 
86.14 120 13 04 50
86.14 244 0.35
86.145 22 -4.98
86.145 23 0.78
86.145 25 0.00
86.145 30 0.00
86.145 B1 6179.71 5932.87 
86.145 B3 6232.15 5974.95 
86.145 120 13 04 50
86.145 244 0.35
86.15 22 -4.97
86.15 23 0.79
86.15 25 0.00
86.15 30 0.00
86.15 B1 6178.10 5937.70 
86.15 B3 6230.48 5979.82 
86.15 120 13 04 50
86.15 244 0.35
86.155 22 -4.95
86.155 23 0.79
86.155 25 0.00
86.155 30 0.00
86.155 B1 6176.34 5942.20 
86.155 B3 6228.70 5984.42 
86.155 120 13 04 50
86.155 244 0.35
86.16 22 -4.93
86.16 23 0.80
86.16 25 0.00
86.16 30 0.00
86.16 B1 6174.51 5946.46 
86.16 B3 6226.88 5988.79 
86.16 120 13 04 50
86.16 244 0.35
86.165 22 -4.91
86.165 23 0.80
86.165 25 0.00
86.165 30 0.00
86.165 B1 6172.66 5950.55 
86.165 B3 6225.05 5992.98 
86.165 120 13 04 50
86.165 244 0.35
86.17 22 -4.89
86.17 23 0.80
86.17 25 0.00
86.17 30 0.00
86.17 B1 6170.83 5954.50 
86.17 B3 6223.22 5997.04 
86.17 120 13 04 50
86.17 244 0.35
86.175 22 -4.86
86.175 23 0.80
86.175 25 0.00
86.175 30 0.00
86.175 B1 6169.04 5958.34 
86.175 B3 6221.43 6000.97 
86.175 120 13 04 50
86.175 244 0.35
86.18 22 -4.83
86.18 23 0.80
86.18 25 0.00
86.18 30 0.00
86.18 B1 6168.62 5963.43 
86.18 B3 6220.87 6006.01 
86.18 120 13 04 50
86.18 244 0.35
86.185 22 -4.80
86.185 23 0.81
86.185 25 0.00
86.185 30 0.00
86.185 B1 6167.85 5967.99 
86.185 B3 6220.06 6010.64 
86.185 120 13 04 50
86.185 244 0.35
86.18999 22 -4.77
86.18999 23 0.81
86.18999 25 0.00
86.18999 30 0.00
86.18999 B1 6166.86 5972.20 
86.18999 B3 6219.09 6014.96 
86.18999 120 13 04 50
86.18999 244 0.35
86.195 22 -4.74
86.195 23 0.82
86.195 25 0.00
86.195 30 0.00
86.195 B1 6165.75 5976.16 
86.195 B3 6218.02 6019.05 
86.195 120 13 04 50
86.195 244 0.35
86.2 22 -4.70
86.2 23 0.82
86.2 25 0.00
86.2 30 0.00
86.2 B1 6164.59 5979.94 
86.2 B3 6216.89 6022.97 
86.2 120 13 04 50
86.2 244 0.35
86.205 22 -4.66
86.205 23 0.82
86.205 25 0.00
86.205 30 0.00
86.205 B1 6163.42 5983.60 
86.205 B3 6215.73 6026.74 
86.205 120 13 04 50
86.205 244 0.35
86.21 22 -4.62
86.21 23 0.82
86.21 25 0.00
86.21 30 0.00
86.21 B1 6160.94 5985.83 
86.21 B3 6213.38 6029.21 
86.21 120 13 04 50
86.21 244 0.35
86.215 22 -4.58
86.215 23 0.81
86.215 25 0.00
86.215 30 0.00
86.215 B1 6158.90 5988.42 
86.215 B3 6211.34 6031.90 
86.215 120 13 04 50
86.215 244 0.35
86.22 22 -4.54
86.22 23 0.81
86.22 25 0.00
86.22 30 0.00
86.22 B1 6158.51 5992.55 
86.22 B3 6210.75 6035.94 
86.22 120 13 04 50
86.22 244 0.35
86.225 22 -4.50
86.225 23 0.81
86.225 25 0.00
86.225 30 0.00
86.225 B1 6157.94 5996.37 
86.225 B3 6210.06 6039.75 
86.225 120 13 04 50
86.225 244 0.35
86.23 22 -4.45
86.23 23 0.81
86.23 25 0.00
86.23 30 0.00
86.23 B1 6157.27 5999.98 
86.23 B3 6209.30 6043.40 
86.23 120 13 04 50
86.23 244 0.35
86.235 22 -4.41
86.235 23 0.82
86.235 25 0.00
86.235 30 0.00
86.235 B1 6155.24 6002.11 
86.235 B3 6207.33 6045.72 
86.235 120 13 04 50
86.235 244 0.35
86.24 22 -4.36
86.24 23 0.81
86.24 25 0.00
86.24 30 0.00
86.24 B1 6154.92 6005.88 
86.24 B3 6206.84 6049.45 
86.24 120 13 04 50
86.24 244 0.35
86.245 22 -4.31
86.245 23 0.81
86.245 25 0.00
86.245 30 0.00
86.245 B1 6154.49 6009.41 
86.245 B3 6206.29 6053.00 
86.245 120 13 04 50
86.245 244 0.35
86.25 22 -4.26
86.25 23 0.81
86.25 25 0.00
86.25 30 0.00
86.25 B1 6153.98 6012.78 
86.25 B3 6205.70 6056.42 
86.25 120 13 04 50
86.25 244 0.35
86.255 22 -4.22
86.255 23 0.81
86.255 25 0.00
86.255 30 0.00
86.255 B1 6153.45 6016.02 
86.255 B3 6205.09 6059.73 
86.255 120 13 04 50
86.255 244 0.35
86.25999 22 -4.17
86.25999 23 0.81
86.25999 25 0.00
86.25999 30 0.00
86.25999 B1 6152.91 6019.16 
86.25999 B3 6204.49 6062.95 
86.25999 120 13 04 50
86.25999 244 0.35
86.265 22 -4.12
86.265 23 0.81
86.265 25 0.00
86.265 30 0.00
86.265 B1 6152.40 6022.23 
86.265 B3 6203.91 6066.10 
86.265 120 13 04 50
86.265 244 0.35
86.27 22 -4.07
86.27 23 0.81
86.27 25 0.00
86.27 30 0.00
86.27 B1 6151.91 6025.24 
86.27 B3 6203.35 6069.19 
86.27 120 13 04 50
86.27 244 0.35
86.275 22 -4.02
86.275 23 0.81
86.275 25 0.00
86.275 30 0.00
86.275 B1 6151.45 6028.20 
86.275 B3 6202.83 6072.22 
86.275 120 13 04 50
86.275 244 0.35
86.28 22 -3.97
86.28 23 0.81
86.28 25 0.00
86.28 30 0.00
86.28 B1 6151.04 6031.11 
86.28 B3 6202.34 6075.21 
86.28 120 13 04 50
86.28 244 0.35
86.285 22 -3.92
86.285 23 0.81
86.285 25 0.00
86.285 30 0.00
86.285 B1 6150.67 6033.98 
86.285 B3 6201.90 6078.15 
86.285 120 13 04 50
86.285 244 0.35
86.29 22 -3.87
86.29 23 0.81
86.29 25 0.00
86.29 30 0.00
86.29 B1 6150.34 6036.81 
86.29 B3 6201.49 6081.06 
86.29 120 13 04 50
86.29 244 0.35
86.295 22 -3.82
86.295 23 0.81
86.295 25 0.00
86.295 30 0.00
86.295 B1 6150.06 6039.61 
86.295 B3 6201.13 6083.92 
86.295 120 13 04 50
86.295 244 0.35
86.3 22 -3.77
86.3 23 0.81
86.3 25 0.00
86.3 30 0.00
86.3 B1 6148.50 6041.05 
86.3 B3 6199.61 6085.55 
86.3 120 13 04 50
86.3 244 0.35
86.305 22 -3.71
86.305 23 0.80
86.305 25 0.00
86.305 30 0.00
86.305 B1 6147.41 6042.89 
86.305 B3 6198.45 6087.46 
86.305 120 13 04 50
86.305 244 0.35
86.31 22 -3.66
86.31 23 0.80
86.31 25 0.00
86.31 30 0.00
86.31 B1 6147.96 6046.30 
86.31 B3 6198.74 6090.77 
86.31 120 13 04 50
86.31 244 0.35
86.31499 22 -3.61
86.31499 23 0.80
86.31499 25 0.00
86.31499 30 0.00
86.31499 B1 6147.00 6048.11 
86.31499 B3 6197.74 6092.69 
86.31499 120 13 04 50
86.31499 244 0.35
86.32 22 -3.56
86.32 23 0.79
86.32 25 0.00
86.32 30 0.00
86.32 B1 6146.36 6050.16 
86.32 B3 6196.99 6094.79 
86.32 120 13 04 50
86.32 244 0.35
86.325 22 -3.51
86.325 23 0.79
86.325 25 0.00
86.325 30 0.00
86.325 B1 6145.93 6052.36 
86.325 B3 6196.43 6097.00 
86.325 120 13 04 50
86.325 244 0.35
86.33 22 -3.46
86.33 23 0.79
86.33 25 0.00
86.33 30 0.00
86.33 B1 6145.66 6054.65 
86.33 B3 6196.02 6099.29 
86.33 120 13 04 50
86.33 244 0.35
86.335 22 -3.41
86.335 23 0.79
86.335 25 0.00
86.335 30 0.00
86.335 B1 6145.51 6056.99 
86.335 B3 6195.73 6101.63 
86.335 120 13 04 50
86.335 244 0.35
86.34 22 -3.36
86.34 23 0.78
86.34 25 0.00
86.34 30 0.00
86.34 B1 6145.45 6059.34 
86.34 B3 6195.53 6103.99 
86.34 120 13 04 50
86.34 244 0.35
86.345 22 -3.31
86.345 23 0.78
86.345 25 0.00
86.345 30 0.00
86.345 B1 6145.46 6061.70 
86.345 B3 6195.43 6106.37 
86.345 120 13 04 50
86.345 244 0.35
86.35 22 -3.26
86.35 23 0.78
86.35 25 0.00
86.35 30 0.00
86.35 B1 6145.54 6064.05 
86.35 B3 6195.39 6108.75 
86.35 120 13 04 50
86.35 244 0.35
86.355 22 -3.22
86.355 23 0.78
86.355 25 0.00
86.355 30 0.00
86.355 B1 6146.99 6067.71 
86.355 B3 6196.61 6112.32 
86.355 120 13 04 50
86.355 244 0.35
86.36 22 -3.17
86.36 23 0.79
86.36 25 0.00
86.36 30 0.00
86.36 B1 6146.74 6069.60 
86.36 B3 6196.38 6114.36 
86.36 120 13 04 50
86.36 244 0.35
86.365 22 -3.12
86.365 23 0.78
86.365 25 0.00
86.365 30 0.00
86.365 B1 6147.99 6072.94 
86.365 B3 6197.48 6117.67 
86.365 120 13 04 50
86.365 244 0.35
86.37 22 -3.07
86.37 23 0.79
86.37 25 0.00
86.37 30 0.00
86.37 B1 6147.63 6074.60 
86.37 B3 6197.19 6119.52 
86.37 120 13 04 50
86.37 244 0.35
86.375 22 -3.03
86.375 23 0.79
86.375 25 0.00
86.375 30 0.00
86.375 B1 6147.51 6076.44 
86.375 B3 6197.06 6121.48 
86.375 120 13 04 50
86.375 244 0.35
86.38 22 -2.98
86.38 23 0.78
86.38 25 0.00
86.38 30 0.00
86.38 B1 6147.56 6078.40 
86.38 B3 6197.07 6123.51 
86.38 120 13 04 50
86.38 244 0.35
86.38499 22 -2.93
86.38499 23 0.78
86.38499 25 0.00
86.38499 30 0.00
86.38499 B1 6147.73 6080.43 
86.38499 B3 6197.17 6125.58 
86.38499 120 13 04 50
86.38499 244 0.35
86.39 22 -2.89
86.39 23 0.78
86.39 25 0.00
86.39 30 0.00
86.39 B1 6147.99 6082.50 
86.39 B3 6197.37 6127.69 
86.39 120 13 04 50
86.39 244 0.35
86.395 22 -2.84
86.395 23 0.78
86.395 25 0.00
86.395 30 0.00
86.395 B1 6148.33 6084.58 
86.395 B3 6197.62 6129.81 
86.395 120 13 04 50
86.395 244 0.35
86.4 22 -2.80
86.4 23 0.78
86.4 25 0.00
86.4 30 0.00
86.4 B1 6148.71 6086.67 
86.4 B3 6197.94 6131.93 
86.4 120 13 04 50
86.4 244 0.35
86.405 22 -2.75
86.405 23 0.78
86.405 25 0.00
86.405 30 0.00
86.405 B1 6149.15 6088.75 
86.405 B3 6198.31 6134.05 
86.405 120 13 04 50
86.405 244 0.35
86.41 22 -2.71
86.41 23 0.77
86.41 25 0.00
86.41 30 0.00
86.41 B1 6149.62 6090.83 
86.41 B3 6198.72 6136.16 
86.41 120 13 04 50
86.41 244 0.35
86.415 22 -2.66
86.415 23 0.77
86.415 25 0.00
86.415 30 0.00
86.415 B1 6150.12 6092.88 
86.415 B3 6199.18 6138.26 
86.415 120 13 04 50
86.415 244 0.35
86.42 22 -2.62
86.42 23 0.77
86.42 25 0.00
86.42 30 0.00
86.42 B1 6150.66 6094.93 
86.42 B3 6199.66 6140.34 
86.42 120 13 04 50
86.42 244 0.35
86.425 22 -2.58
86.425 23 0.77
86.425 25 0.00
86.425 30 0.00
86.425 B1 6151.22 6096.95 
86.425 B3 6200.18 6142.41 
86.425 120 13 04 50
86.425 244 0.35
86.43 22 -2.54
86.43 23 0.77
86.43 25 0.00
86.43 30 0.00
86.43 B1 6150.49 6097.64 
86.43 B3 6199.54 6143.27 
86.43 120 13 04 50
86.43 244 0.35
86.435 22 -2.50
86.435 23 0.76
86.435 25 0.00
86.435 30 0.00
86.435 B1 6150.21 6098.74 
86.435 B3 6199.22 6144.42 
86.435 120 13 04 50
86.435 244 0.35
86.43999 22 -2.46
86.43999 23 0.76
86.43999 25 0.00
86.43999 30 0.00
86.43999 B1 6150.23 6100.11 
86.43999 B3 6199.15 6145.78 
86.43999 120 13 04 50
86.43999 244 0.35
86.445 22 -2.42
86.445 23 0.75
86.445 25 0.00
86.445 30 0.00
86.445 B1 6151.77 6102.97 
86.445 B3 6200.47 6148.49 
86.445 120 13 04 50
86.445 244 0.35
86.45 22 -2.38
86.45 23 0.76
86.45 25 0.00
86.45 30 0.00
86.45 B1 6153.05 6105.51 
86.45 B3 6201.63 6150.98 
86.45 120 13 04 50
86.45 244 0.35
86.455 22 -2.34
86.455 23 0.76
86.455 25 0.00
86.455 30 0.00
86.455 B1 6155.47 6109.15 
86.455 B3 6203.86 6154.51 
86.455 120 13 04 50
86.455 244 0.35
86.46 22 -2.30
86.46 23 0.77
86.46 25 0.00
86.46 30 0.00
86.46 B1 6156.04 6110.89 
86.46 B3 6204.52 6156.43 
86.46 120 13 04 50
86.46 244 0.35
86.465 22 -2.26
86.465 23 0.77
86.465 25 0.00
86.465 30 0.00
86.465 B1 6156.67 6112.67 
86.465 B3 6205.22 6158.33 
86.465 120 13 04 50
86.465 244 0.35
86.47 22 -2.22
86.47 23 0.77
86.47 25 0.00
86.47 30 0.00
86.47 B1 6157.36 6114.48 
86.47 B3 6205.93 6160.23 
86.47 120 13 04 50
86.47 244 0.35
86.475 22 -2.18
86.475 23 0.77
86.475 25 0.00
86.475 30 0.00
86.475 B1 6158.08 6116.29 
86.475 B3 6206.67 6162.12 
86.475 120 13 04 50
86.475 244 0.35
86.48 22 -2.15
86.48 23 0.77
86.48 25 0.00
86.48 30 0.00
86.48 B1 6158.84 6118.11 
86.48 B3 6207.44 6164.00 
86.48 120 13 04 50
86.48 244 0.35
86.485 22 -2.11
86.485 23 0.77
86.485 25 0.00
86.485 30 0.00
86.485 B1 6159.62 6119.92 
86.485 B3 6208.22 6165.86 
86.485 120 13 04 50
86.485 244 0.35
86.49 22 -2.08
86.49 23 0.77
86.49 25 0.00
86.49 30 0.00
86.49 B1 6161.75 6123.05 
86.49 B3 6210.21 6168.91 
86.49 120 13 04 50
86.49 244 0.35
86.495 22 -2.04
86.495 23 0.77
86.495 25 0.00
86.495 30 0.00
86.495 B1 6160.84 6123.10 
86.495 B3 6209.53 6169.25 
86.495 120 13 04 50
86.495 244 0.35
86.5 22 -2.01
86.5 23 0.76
86.5 25 0.00
86.5 30 0.00
86.5 B1 6160.50 6123.71 
86.5 B3 6209.25 6169.97 
86.5 120 13 04 50
86.5 244 0.35
86.505 22 -1.97
86.505 23 0.76
86.505 25 0.00
86.505 30 0.00
86.505 B1 6161.87 6126.01 
86.505 B3 6210.46 6172.16 
86.505 120 13 04 50
86.505 244 0.35
86.50999 22 -1.94
86.50999 23 0.76
86.50999 25 0.00
86.50999 30 0.00
86.50999 B1 6163.09 6128.12 
86.50999 B3 6211.59 6174.23 
86.50999 120 13 04 50
86.50999 244 0.35
86.515 22 -1.91
86.515 23 0.76
86.515 25 0.00
86.515 30 0.00
86.515 B1 6164.21 6130.11 
86.515 B3 6212.67 6176.22 
86.515 120 13 04 50
86.515 244 0.35
86.52 22 -1.87
86.52 23 0.76
86.52 25 0.00
86.52 30 0.00
86.52 B1 6165.27 6132.01 
86.52 B3 6213.70 6178.15 
86.52 120 13 04 50
86.52 244 0.35
86.525 22 -1.84
86.525 23 0.76
86.525 25 0.00
86.525 30 0.00
86.525 B1 6166.29 6133.85 
86.525 B3 6214.71 6180.02 
86.525 120 13 04 50
86.525 244 0.35
86.53 22 -1.81
86.53 23 0.76
86.53 25 0.00
86.53 30 0.00
86.53 B1 6165.96 6134.32 
86.53 B3 6214.51 6180.67 
86.53 120 13 04 50
86.53 244 0.35
86.535 22 -1.78
86.535 23 0.75
86.535 25 0.00
86.535 30 0.00
86.535 B1 6166.05 6135.19 
86.535 B3 6214.60 6181.58 
86.535 120 13 04 50
86.535 244 0.35
86.54 22 -1.75
86.54 23 0.75
86.54 25 0.00
86.54 30 0.00
86.54 B1 6167.73 6137.64 
86.54 B3 6216.11 6183.89 
86.54 120 13 04 50
86.54 244 0.35
86.545 22 -1.72
86.545 23 0.75
86.545 25 0.00
86.545 30 0.00
86.545 B1 6169.18 6139.83 
86.545 B3 6217.47 6186.04 
86.545 120 13 04 50
86.545 244 0.35
86.55 22 -1.69
86.55 23 0.75
86.55 25 0.00
86.55 30 0.00
86.55 B1 6170.48 6141.84 
86.55 B3 6218.74 6188.07 
86.55 120 13 04 50
86.55 244 0.35
86.555 22 -1.66
86.555 23 0.76
86.555 25 0.00
86.555 30 0.00
86.555 B1 6171.68 6143.74 
86.555 B3 6219.94 6190.00 
86.555 120 13 04 50
86.555 244 0.35
86.56 22 -1.63
86.56 23 0.76
86.56 25 0.00
86.56 30 0.00
86.56 B1 6172.82 6145.55 
86.56 B3 6221.08 6191.86 
86.56 120 13 04 50
86.56 244 0.35
86.56499 22 -1.60
86.56499 23 0.76
86.56499 25 0.00
86.56499 30 0.00
86.56499 B1 6173.92 6147.31 
86.56499 B3 6222.20 6193.67 
86.56499 120 13 04 50
86.56499 244 0.35
86.57 22 -1.58
86.57 23 0.76
86.57 25 0.00
86.57 30 0.00
86.57 B1 6173.67 6147.71 
86.57 B3 6222.09 6194.24 
86.57 120 13 04 50
86.57 244 0.35
86.575 22 -1.55
86.575 23 0.75
86.575 25 0.00
86.575 30 0.00
86.575 B1 6173.83 6148.50 
86.575 B3 6222.27 6195.09 
86.575 120 13 04 50
86.575 244 0.35
86.58 22 -1.52
86.58 23 0.74
86.58 25 0.00
86.58 30 0.00
86.58 B1 6174.27 6149.55 
86.58 B3 6222.67 6196.14 
86.58 120 13 04 50
86.58 244 0.35
86.585 22 -1.50
86.585 23 0.74
86.585 25 0.00
86.585 30 0.00
86.585 B1 6174.89 6150.78 
86.585 B3 6223.22 6197.33 
86.585 120 13 04 50
86.585 244 0.35
86.59 22 -1.47
86.59 23 0.74
86.59 25 0.00
86.59 30 0.00
86.59 B1 6176.96 6153.44 
86.59 B3 6225.09 6199.82 
86.59 120 13 04 50
86.59 244 0.35
86.595 22 -1.44
86.595 23 0.74
86.595 25 0.00
86.595 30 0.00
86.595 B1 6178.71 6155.74 
86.595 B3 6226.75 6202.08 
86.595 120 13 04 50
86.595 244 0.35
86.6 22 -1.42
86.6 23 0.75
86.6 25 0.00
86.6 30 0.00
86.6 B1 6180.22 6157.81 
86.6 B3 6228.25 6204.16 
86.6 120 13 04 50
86.6 244 0.35
86.605 22 -1.39
86.605 23 0.75
86.605 25 0.00
86.605 30 0.00
86.605 B1 6180.27 6158.39 
86.605 B3 6228.44 6204.92 
86.605 120 13 04 50
86.605 244 0.35
86.61 22 -1.37
86.61 23 0.74
86.61 25 0.00
86.61 30 0.00
86.61 B1 6180.65 6159.29 
86.61 B3 6228.85 6205.89 
86.61 120 13 04 50
86.61 244 0.35
86.615 22 -1.35
86.615 23 0.74
86.615 25 0.00
86.615 30 0.00
86.615 B1 6182.56 6161.72 
86.615 B3 6230.63 6208.21 
86.615 120 13 04 50
86.615 244 0.35
86.62 22 -1.32
86.62 23 0.74
86.62 25 0.00
86.62 30 0.00
86.62 B1 6184.21 6163.87 
86.62 B3 6232.22 6210.33 
86.62 120 13 04 50
86.62 244 0.35
86.625 22 -1.30
86.625 23 0.75
86.625 25 0.00
86.625 30 0.00
86.625 B1 6185.68 6165.81 
86.625 B3 6233.68 6212.31 
86.625 120 13 04 50
86.625 244 0.35
86.63 22 -1.28
86.63 23 0.75
86.63 25 0.00
86.63 30 0.00
86.63 B1 6185.70 6166.31 
86.63 B3 6233.85 6212.98 
86.63 120 13 04 50
86.63 244 0.35
86.63499 22 -1.26
86.63499 23 0.74
86.63499 25 0.00
86.63499 30 0.00
86.63499 B1 6187.39 6168.47 
86.63499 B3 6235.46 6215.08 
86.63499 120 13 04 50
86.63499 244 0.35
86.64 22 -1.23
86.64 23 0.75
86.64 25 0.00
86.64 30 0.00
86.64 B1 6188.89 6170.41 
86.64 B3 6236.94 6217.03 
86.64 120 13 04 50
86.64 244 0.35
86.645 22 -1.21
86.645 23 0.75
86.645 25 0.00
86.645 30 0.00
86.645 B1 6190.27 6172.23 
86.645 B3 6238.32 6218.88 
86.645 120 13 04 50
86.645 244 0.35
86.65 22 -1.19
86.65 23 0.75
86.65 25 0.00
86.65 30 0.00
86.65 B1 6190.24 6172.63 
86.65 B3 6238.44 6219.45 
86.65 120 13 04 50
86.65 244 0.35
86.655 22 -1.17
86.655 23 0.74
86.655 25 0.00
86.655 30 0.00
86.655 B1 6190.58 6173.39 
86.655 B3 6238.81 6220.27 
86.655 120 13 04 50
86.655 244 0.35
86.66 22 -1.15
86.66 23 0.74
86.66 25 0.00
86.66 30 0.00
86.66 B1 6191.17 6174.38 
86.66 B3 6239.37 6221.27 
86.66 120 13 04 50
86.66 244 0.35
86.665 22 -1.13
86.665 23 0.73
86.665 25 0.00
86.665 30 0.00
86.665 B1 6191.92 6175.53 
86.665 B3 6240.08 6222.40 
86.665 120 13 04 50
86.665 244 0.35
86.67 22 -1.11
86.67 23 0.73
86.67 25 0.00
86.67 30 0.00
86.67 B1 6192.79 6176.79 
86.67 B3 6240.88 6223.62 
86.67 120 13 04 50
86.67 244 0.35
86.675 22 -1.09
86.675 23 0.73
86.675 25 0.00
86.675 30 0.00
86.675 B1 6193.74 6178.12 
86.675 B3 6241.76 6224.91 
86.675 120 13 04 50
86.675 244 0.35
86.68 22 -1.07
86.68 23 0.73
86.68 25 0.00
86.68 30 0.00
86.68 B1 6194.73 6179.49 
86.68 B3 6242.70 6226.25 
86.68 120 13 04 50
86.68 244 0.35
86.685 22 -1.05
86.685 23 0.73
86.685 25 0.00
86.685 30 0.00
86.685 B1 6195.77 6180.88 
86.685 B3 6243.69 6227.62 
86.685 120 13 04 50
86.685 244 0.35
86.68999 22 -1.03
86.68999 23 0.73
86.68999 25 0.00
86.68999 30 0.00
86.68999 B1 6196.83 6182.29 
86.68999 B3 6244.70 6229.01 
86.68999 120 13 04 50
86.68999 244 0.35
86.695 22 -1.02
86.695 23 0.73
86.695 25 0.00
86.695 30 0.00
86.695 B1 6197.91 6183.72 
86.695 B3 6245.75 6230.42 
86.695 120 13 04 50
86.695 244 0.35
86.7 22 -1.00
86.7 23 0.72
86.7 25 0.00
86.7 30 0.00
86.7 B1 6199.00 6185.14 
86.7 B3 6246.81 6231.84 
86.7 120 13 04 50
86.7 244 0.35
86.705 22 -0.98
86.705 23 0.72
86.705 25 0.00
86.705 30 0.00
86.705 B1 6200.11 6186.57 
86.705 B3 6247.89 6233.26 
86.705 120 13 04 50
86.705 244 0.35
86.71 22 -0.96
86.71 23 0.72
86.71 25 0.00
86.71 30 0.00
86.71 B1 6201.22 6188.00 
86.71 B3 6248.98 6234.69 
86.71 120 13 04 50
86.71 244 0.35
86.715 22 -0.95
86.715 23 0.72
86.715 25 0.00
86.715 30 0.00
86.715 B1 6202.33 6189.42 
86.715 B3 6250.08 6236.12 
86.715 120 13 04 50
86.715 244 0.35
86.72 22 -0.93
86.72 23 0.72
86.72 25 0.00
86.72 30 0.00
86.72 B1 6203.46 6190.85 
86.72 B3 6251.19 6237.56 
86.72 120 13 04 50
86.72 244 0.35
86.725 22 -0.91
86.725 23 0.72
86.725 25 0.00
86.725 30 0.00
86.725 B1 6204.58 6192.27 
86.725 B3 6252.31 6238.99 
86.725 120 13 04 50
86.725 244 0.35
86.73 22 -0.90
86.73 23 0.72
86.73 25 0.00
86.73 30 0.00
86.73 B1 6205.71 6193.68 
86.73 B3 6253.43 6240.42 
86.73 120 13 04 50
86.73 244 0.34
86.735 22 -0.88
86.735 23 0.72
86.735 25 0.00
86.735 30 0.00
86.735 B1 6205.53 6193.78 
86.735 B3 6253.36 6240.65 
86.735 120 13 04 50
86.735 244 0.34
86.74 22 -0.87
86.74 23 0.71
86.74 25 0.00
86.74 30 0.00
86.74 B1 6205.77 6194.29 
86.74 B3 6253.60 6241.18 
86.74 120 13 04 50
86.74 244 0.34
86.745 22 -0.85
86.745 23 0.71
86.745 25 0.00
86.745 30 0.00
86.745 B1 6206.29 6195.08 
86.745 B3 6254.06 6241.93 
86.745 120 13 04 50
86.745 244 0.34
86.75 22 -0.84
86.75 23 0.70
86.75 25 0.00
86.75 30 0.00
86.75 B1 6207.00 6196.05 
86.75 B3 6254.69 6242.84 
86.75 120 13 04 50
86.75 244 0.34
86.755 22 -0.82
86.755 23 0.70
86.755 25 0.00
86.755 30 0.00
86.755 B1 6207.84 6197.15 
86.755 B3 6255.45 6243.87 
86.755 120 13 04 50
86.755 244 0.34
86.75999 22 -0.81
86.75999 23 0.70
86.75999 25 0.00
86.75999 30 0.00
86.75999 B1 6208.77 6198.32 
86.75999 B3 6256.30 6244.99 
86.75999 120 13 04 50
86.75999 244 0.34
86.765 22 -0.79
86.765 23 0.70
86.765 25 0.00
86.765 30 0.00
86.765 B1 6209.76 6199.55 
86.765 B3 6257.21 6246.16 
86.765 120 13 04 50
86.765 244 0.34
86.77 22 -0.78
86.77 23 0.69
86.77 25 0.00
86.77 30 0.00
86.77 B1 6210.78 6200.82 
86.77 B3 6258.18 6247.38 
86.77 120 13 04 50
86.77 244 0.34
86.775 22 -0.77
86.775 23 0.69
86.775 25 0.00
86.775 30 0.00
86.775 B1 6211.84 6202.10 
86.775 B3 6259.18 6248.63 
86.775 120 13 04 50
86.775 244 0.34
86.78 22 -0.75
86.78 23 0.69
86.78 25 0.00
86.78 30 0.00
86.78 B1 6212.92 6203.40 
86.78 B3 6260.21 6249.90 
86.78 120 13 04 50
86.78 244 0.34
86.785 22 -0.74
86.785 23 0.69
86.785 25 0.00
86.785 30 0.00
86.785 B1 6214.01 6204.71 
86.785 B3 6261.27 6251.19 
86.785 120 13 04 50
86.785 244 0.34
86.79 22 -0.73
86.79 23 0.69
86.79 25 0.00
86.79 30 0.00
86.79 B1 6215.10 6206.02 
86.79 B3 6262.34 6252.49 
86.79 120 13 04 50
86.79 244 0.34
86.795 22 -0.71
86.795 23 0.69
86.795 25 0.00
86.795 30 0.00
86.795 B1 6216.21 6207.33 
86.795 B3 6263.42 6253.79 
86.795 120 13 04 50
86.795 244 0.34
86.8 22 -0.70
86.8 23 0.69
86.8 25 0.00
86.8 30 0.00
86.8 B1 6217.32 6208.64 
86.8 B3 6264.51 6255.10 
86.8 120 13 04 50
86.8 244 0.34
86.805 22 -0.69
86.805 23 0.69
86.805 25 0.00
86.805 30 0.00
86.805 B1 6218.43 6209.95 
86.805 B3 6265.61 6256.42 
86.805 120 13 04 50
86.805 244 0.34
86.81 22 -0.68
86.81 23 0.69
86.81 25 0.00
86.81 30 0.00
86.81 B1 6219.55 6211.26 
86.81 B3 6266.72 6257.73 
86.81 120 13 04 50
86.81 244 0.34
86.81499 22 -0.66
86.81499 23 0.69
86.81499 25 0.00
86.81499 30 0.00
86.81499 B1 6220.67 6212.57 
86.81499 B3 6267.83 6259.04 
86.81499 120 13 04 50
86.81499 244 0.34
86.82 22 -0.65
86.82 23 0.69
86.82 25 0.00
86.82 30 0.00
86.82 B1 6221.79 6213.88 
86.82 B3 6268.95 6260.36 
86.82 120 13 04 50
86.82 244 0.34
86.825 22 -0.64
86.825 23 0.69
86.825 25 0.00
86.825 30 0.00
86.825 B1 6222.92 6215.18 
86.825 B3 6270.06 6261.67 
86.825 120 13 04 50
86.825 244 0.34
86.83 22 -0.63
86.83 23 0.69
86.83 25 0.00
86.83 30 0.00
86.83 B1 6224.04 6216.48 
86.83 B3 6271.19 6262.98 
86.83 120 13 04 50
86.83 244 0.34
86.835 22 -0.62
86.835 23 0.69
86.835 25 0.00
86.835 30 0.00
86.835 B1 6225.17 6217.78 
86.835 B3 6272.31 6264.29 
86.835 120 13 04 50
86.835 244 0.34
86.84 22 -0.61
86.84 23 0.69
86.84 25 0.00
86.84 30 0.00
86.84 B1 6226.30 6219.08 
86.84 B3 6273.44 6265.59 
86.84 120 13 04 50
86.84 244 0.34
86.845 22 -0.60
86.845 23 0.69
86.845 25 0.00
86.845 30 0.00
86.845 B1 6227.43 6220.37 
86.845 B3 6274.58 6266.90 
86.845 120 13 04 50
86.845 244 0.34
86.85 22 -0.59
86.85 23 0.69
86.85 25 0.00
86.85 30 0.00
86.85 B1 6228.57 6221.66 
86.85 B3 6275.71 6268.20 
86.85 120 13 04 50
86.85 244 0.34
86.855 22 -0.58
86.855 23 0.69
86.855 25 0.00
86.855 30 0.00
86.855 B1 6229.70 6222.95 
86.855 B3 6276.84 6269.50 
86.855 120 13 04 50
86.855 244 0.34
86.86 22 -0.57
86.86 23 0.69
86.86 25 0.00
86.86 30 0.00
86.86 B1 6230.83 6224.23 
86.86 B3 6277.98 6270.80 
86.86 120 13 04 50
86.86 244 0.34
86.865 22 -0.56
86.865 23 0.69
86.865 25 0.00
86.865 30 0.00
86.865 B1 6230.65 6224.20 
86.865 B3 6277.92 6270.90 
86.865 120 13 04 50
86.865 244 0.34
86.87 22 -0.55
86.87 23 0.68
86.87 25 0.00
86.87 30 0.00
86.87 B1 6232.20 6225.90 
86.87 B3 6279.36 6272.50 
86.87 120 13 04 50
86.87 244 0.34
86.875 22 -0.54
86.875 23 0.68
86.875 25 0.00
86.875 30 0.00
86.875 B1 6232.30 6226.13 
86.875 B3 6279.53 6272.82 
86.875 120 13 04 50
86.875 244 0.34
86.88 22 -0.53
86.88 23 0.67
86.88 25 0.00
86.88 30 0.00
86.88 B1 6234.05 6228.02 
86.88 B3 6281.14 6274.57 
86.88 120 13 04 50
86.88 244 0.34
86.88499 22 -0.52
86.88499 23 0.68
86.88499 25 0.00
86.88499 30 0.00
86.88499 B1 6234.27 6228.38 
86.88499 B3 6281.43 6275.01 
86.88499 120 13 04 50
86.88499 244 0.34
86.89 22 -0.51
86.89 23 0.67
86.89 25 0.00
86.89 30 0.00
86.89 B1 6234.79 6229.02 
86.89 B3 6281.93 6275.65 
86.89 120 13 04 50
86.89 244 0.34
86.895 22 -0.50
86.895 23 0.67
86.895 25 0.00
86.895 30 0.00
86.895 B1 6235.49 6229.85 
86.895 B3 6282.59 6276.45 
86.895 120 13 04 50
86.895 244 0.34
86.9 22 -0.49
86.9 23 0.66
86.9 25 0.00
86.9 30 0.00
86.9 B1 6237.64 6232.13 
86.9 B3 6284.55 6278.55 
86.9 120 13 04 50
86.9 244 0.34
86.905 22 -0.48
86.905 23 0.67
86.905 25 0.00
86.905 30 0.00
86.905 B1 6239.46 6234.08 
86.905 B3 6286.31 6280.44 
86.905 120 13 04 50
86.905 244 0.34
86.91 22 -0.47
86.91 23 0.67
86.91 25 0.00
86.91 30 0.00
86.91 B1 6239.74 6234.48 
86.91 B3 6286.71 6280.96 
86.91 120 13 04 50
86.91 244 0.34
86.915 22 -0.47
86.915 23 0.67
86.915 25 0.00
86.915 30 0.00
86.915 B1 6240.29 6235.14 
86.915 B3 6287.29 6281.67 
86.915 120 13 04 50
86.915 244 0.34
86.92 22 -0.46
86.92 23 0.66
86.92 25 0.00
86.92 30 0.00
86.92 B1 6241.02 6235.98 
86.92 B3 6288.01 6282.52 
86.92 120 13 04 50
86.92 244 0.34
86.925 22 -0.45
86.925 23 0.66
86.925 25 0.00
86.925 30 0.00
86.925 B1 6243.19 6238.27 
86.925 B3 6290.03 6284.65 
86.925 120 13 04 50
86.925 244 0.34
86.93 22 -0.44
86.93 23 0.67
86.93 25 0.00
86.93 30 0.00
86.93 B1 6245.03 6240.21 
86.93 B3 6291.81 6286.56 
86.93 120 13 04 50
86.93 244 0.34
86.935 22 -0.43
86.935 23 0.67
86.935 25 0.00
86.935 30 0.00
86.935 B1 6246.64 6241.92 
86.935 B3 6293.43 6288.29 
86.935 120 13 04 50
86.935 244 0.34
86.93999 22 -0.43
86.93999 23 0.67
86.93999 25 0.00
86.93999 30 0.00
86.93999 B1 6246.78 6242.17 
86.93999 B3 6293.74 6288.71 
86.93999 120 13 04 50
86.93999 244 0.34
86.945 22 -0.42
86.945 23 0.67
86.945 25 0.00
86.945 30 0.00
86.945 B1 6247.23 6242.72 
86.945 B3 6294.25 6289.33 
86.945 120 13 04 50
86.945 244 0.34
86.95 22 -0.41
86.95 23 0.66
86.95 25 0.00
86.95 30 0.00
86.95 B1 6247.90 6243.49 
86.95 B3 6294.92 6290.10 
86.95 120 13 04 50
86.95 244 0.34
86.955 22 -0.40
86.955 23 0.66
86.955 25 0.00
86.955 30 0.00
86.955 B1 6248.70 6244.39 
86.955 B3 6295.70 6290.99 
86.955 120 13 04 50
86.955 244 0.34
86.96 22 -0.40
86.96 23 0.66
86.96 25 0.00
86.96 30 0.00
86.96 B1 6249.61 6245.39 
86.96 B3 6296.58 6291.97 
86.96 120 13 04 50
86.96 244 0.34
86.965 22 -0.39
86.965 23 0.66
86.965 25 0.00
86.965 30 0.00
86.965 B1 6250.58 6246.46 
86.965 B3 6297.51 6293.00 
86.965 120 13 04 50
86.965 244 0.34
86.97 22 -0.38
86.97 23 0.65
86.97 25 0.00
86.97 30 0.00
86.97 B1 6251.59 6247.56 
86.97 B3 6298.48 6294.07 
86.97 120 13 04 50
86.97 244 0.34
86.975 22 -0.38
86.975 23 0.65
86.975 25 0.00
86.975 30 0.00
86.975 B1 6252.64 6248.69 
86.975 B3 6299.49 6295.18 
86.975 120 13 04 50
86.975 244 0.34
86.98 22 -0.37
86.98 23 0.65
86.98 25 0.00
86.98 30 0.00
86.98 B1 6253.70 6249.84 
86.98 B3 6300.53 6296.31 
86.98 120 13 04 50
86.98 244 0.34
86.985 22 -0.36
86.985 23 0.65
86.985 25 0.00
86.985 30 0.00
86.985 B1 6256.10 6252.32 
86.985 B3 6302.78 6298.65 
86.985 120 13 04 50
86.985 244 0.33
86.99 22 -0.36
86.99 23 0.66
86.99 25 0.00
86.99 30 0.00
86.99 B1 6255.45 6251.76 
86.99 B3 6302.35 6298.31 
86.99 120 13 04 50
86.99 244 0.34
86.995 22 -0.35
86.995 23 0.65
86.995 25 0.00
86.995 30 0.00
86.995 B1 6257.99 6254.39 
86.995 B3 6304.71 6300.75 
86.995 120 13 04 50
86.995 244 0.34
87 22 -0.34
87 23 0.66
87 25 0.00
87 30 0.00
87 B1 6258.77 6255.24 
87 B3 6305.55 6301.68 
87 120 13 04 50
87 244 0.34
87.005 22 -0.34
87.005 23 0.65
87.005 25 0.00
87.005 30 0.00
87.005 B1 6259.65 6256.19 
87.005 B3 6306.47 6302.68 
87.005 120 13 04 50
87.005 244 0.34
87.00999 22 -0.33
87.00999 23 0.65
87.00999 25 0.00
87.00999 30 0.00
87.00999 B1 6260.60 6257.22 
87.00999 B3 6307.43 6303.73 
87.00999 120 13 04 50
87.00999 244 0.34
87.015 22 -0.33
87.015 23 0.65
87.015 25 0.00
87.015 30 0.00
87.015 B1 6261.61 6258.30 
87.015 B3 6308.44 6304.81 
87.015 120 13 04 50
87.015 244 0.34
87.02 22 -0.32
87.02 23 0.65
87.02 25 0.00
87.02 30 0.00
87.02 B1 6262.64 6259.41 
87.02 B3 6309.47 6305.92 
87.02 120 13 04 50
87.02 244 0.33
87.025 22 -0.32
87.025 23 0.65
87.025 25 0.00
87.025 30 0.00
87.025 B1 6262.38 6259.22 
87.025 B3 6309.32 6305.85 
87.025 120 13 04 50
87.025 244 0.33
87.03 22 -0.31
87.03 23 0.64
87.03 25 0.00
87.03 30 0.00
87.03 B1 6262.55 6259.46 
87.03 B3 6309.50 6306.10 
87.03 120 13 04 50
87.03 244 0.33
87.035 22 -0.30
87.035 23 0.64
87.035 25 0.00
87.035 30 0.00
87.035 B1 6263.01 6259.98 
87.035 B3 6309.90 6306.58 
87.035 120 13 04 50
87.035 244 0.33
87.04 22 -0.30
87.04 23 0.63
87.04 25 0.00
87.04 30 0.00
87.04 B1 6263.67 6260.71 
87.04 B3 6310.48 6307.23 
87.04 120 13 04 50
87.04 244 0.34
87.045 22 -0.29
87.045 23 0.63
87.045 25 0.00
87.045 30 0.00
87.045 B1 6265.78 6262.88 
87.045 B3 6312.38 6309.20 
87.045 120 13 04 50
87.045 244 0.34
87.05 22 -0.29
87.05 23 0.63
87.05 25 0.00
87.05 30 0.00
87.05 B1 6268.88 6266.05 
87.05 B3 6315.26 6312.15 
87.05 120 13 04 50
87.05 244 0.34
87.055 22 -0.28
87.055 23 0.64
87.055 25 0.00
87.055 30 0.00
87.055 B1 6270.02 6267.25 
87.055 B3 6316.50 6313.46 
87.055 120 13 04 50
87.055 244 0.34
87.06 22 -0.28
87.06 23 0.65
87.06 25 0.00
87.06 30 0.00
87.06 B1 6271.16 6268.44 
87.06 B3 6317.70 6314.72 
87.06 120 13 04 50
87.06 244 0.34
87.06499 22 -0.27
87.06499 23 0.65
87.06499 25 0.00
87.06499 30 0.00
87.06499 B1 6272.28 6269.63 
87.06499 B3 6318.88 6315.97 
87.06499 120 13 04 50
87.06499 244 0.33
87.07 22 -0.27
87.07 23 0.65
87.07 25 0.00
87.07 30 0.00
87.07 B1 6272.07 6269.48 
87.07 B3 6318.85 6316.00 
87.07 120 13 04 50
87.07 244 0.33
87.075 22 -0.26
87.075 23 0.64
87.075 25 0.00
87.075 30 0.00
87.075 B1 6272.28 6269.74 
87.075 B3 6319.10 6316.31 
87.075 120 13 04 50
87.075 244 0.34
87.08 22 -0.26
87.08 23 0.63
87.08 25 0.00
87.08 30 0.00
87.08 B1 6274.09 6271.61 
87.08 B3 6320.77 6318.04 
87.08 120 13 04 50
87.08 244 0.34
87.085 22 -0.25
87.085 23 0.64
87.085 25 0.00
87.085 30 0.00
87.085 B1 6275.67 6273.24 
87.085 B3 6322.28 6319.61 
87.085 120 13 04 50
87.085 244 0.34
87.09 22 -0.25
87.09 23 0.64
87.09 25 0.00
87.09 30 0.00
87.09 B1 6277.09 6274.71 
87.09 B3 6323.69 6321.08 
87.09 120 13 04 50
87.09 244 0.34
87.095 22 -0.25
87.095 23 0.64
87.095 25 0.00
87.095 30 0.00
87.095 B1 6278.41 6276.09 
87.095 B3 6325.03 6322.46 
87.095 120 13 04 50
87.095 244 0.34
87.1 22 -0.24
87.1 23 0.64
87.1 25 0.00
87.1 30 0.00
87.1 B1 6279.66 6277.39 
87.1 B3 6326.30 6323.79 
87.1 120 13 04 50
87.1 244 0.34
87.105 22 -0.24
87.105 23 0.64
87.105 25 0.00
87.105 30 0.00
87.105 B1 6280.87 6278.64 
87.105 B3 6327.53 6325.08 
87.105 120 13 04 50
87.105 244 0.34
87.11 22 -0.23
87.11 23 0.64
87.11 25 0.00
87.11 30 0.00
87.11 B1 6282.04 6279.86 
87.11 B3 6328.73 6326.33 
87.11 120 13 04 50
87.11 244 0.34
87.115 22 -0.23
87.115 23 0.64
87.115 25 0.00
87.115 30 0.00
87.115 B1 6283.19 6281.05 
87.115 B3 6329.91 6327.56 
87.115 120 13 04 50
87.115 244 0.34
87.12 22 -0.22
87.12 23 0.64
87.12 25 0.00
87.12 30 0.00
87.12 B1 6284.33 6282.24 
87.12 B3 6331.07 6328.77 
87.12 120 13 04 50
87.12 244 0.34
87.125 22 -0.22
87.125 23 0.64
87.125 25 0.00
87.125 30 0.00
87.125 B1 6285.45 6283.41 
87.125 B3 6332.22 6329.97 
87.125 120 13 04 50
87.125 244 0.34
87.13 22 -0.22
87.13 23 0.64
87.13 25 0.00
87.13 30 0.00
87.13 B1 6286.57 6284.57 
87.13 B3 6333.36 6331.16 
87.13 120 13 04 50
87.13 244 0.34
87.13499 22 -0.21
87.13499 23 0.64
87.13499 25 0.00
87.13499 30 0.00
87.13499 B1 6287.68 6285.73 
87.13499 B3 6334.49 6332.33 
87.13499 120 13 04 50
87.13499 244 0.34
87.14 22 -0.21
87.14 23 0.64
87.14 25 0.00
87.14 30 0.00
87.14 B1 6288.79 6286.88 
87.14 B3 6335.62 6333.51 
87.14 120 13 04 50
87.14 244 0.34
87.145 22 -0.21
87.145 23 0.64
87.145 25 0.00
87.145 30 0.00
87.145 B1 6289.90 6288.03 
87.145 B3 6336.74 6334.68 
87.145 120 13 04 50
87.145 244 0.34

87.15 22 -0.20
87.15 23 0.64
87.15 25 0.00
87.15 30 0.00
87.15 B1 6291.01 6289.18 
87.15 B3 6337.86 6335.84 
87.15 120 13 04 50
87.15 244 0.34
87.155 22 -0.20
87.155 23 0.64
87.155 25 0.00
87.155 30 0.00
87.155 B1 6292.12 6290.32 
87.155 B3 6338.98 6337.00 
87.155 120 13 04 50
87.155 244 0.34
87.16 22 -0.19
87.16 23 0.64
87.16 25 0.00
87.16 30 0.00
87.16 B1 6293.23 6291.47 
87.16 B3 6340.10 6338.16 
87.16 120 13 04 50
87.16 244 0.34
87.165 22 -0.19
87.165 23 0.64
87.165 25 0.00
87.165 30 0.00
87.165 B1 6294.33 6292.61 
87.165 B3 6341.21 6339.31 
87.165 120 13 04 50
87.165 244 0.33
87.17 22 -0.19
87.17 23 0.64
87.17 25 0.00
87.17 30 0.00
87.17 B1 6294.11 6292.43 
87.17 B3 6341.13 6339.27 
87.17 120 13 04 50
87.17 244 0.34
87.175 22 -0.18
87.175 23 0.63
87.175 25 0.00
87.175 30 0.00
87.175 B1 6295.63 6293.99 
87.175 B3 6342.54 6340.73 
87.175 120 13 04 50
87.175 244 0.34
87.18 22 -0.18
87.18 23 0.63
87.18 25 0.00
87.18 30 0.00
87.18 B1 6297.02 6295.41 
87.18 B3 6343.88 6342.10 
87.18 120 13 04 50
87.18 244 0.34
87.185 22 -0.18
87.185 23 0.63
87.185 25 0.00
87.185 30 0.00
87.185 B1 6298.31 6296.74 
87.185 B3 6345.15 6343.41 
87.185 120 13 04 50
87.185 244 0.34
87.18999 22 -0.17
87.18999 23 0.64
87.18999 25 0.00
87.18999 30 0.00
87.18999 B1 6299.54 6298.00 
87.18999 B3 6346.39 6344.68 
87.18999 120 13 04 50
87.18999 244 0.33
87.195 22 -0.17
87.195 23 0.64
87.195 25 0.00
87.195 30 0.00
87.195 B1 6299.41 6297.90 
87.195 B3 6346.39 6344.72 
87.195 120 13 04 50
87.195 244 0.34
87.2 22 -0.17
87.2 23 0.63
87.2 25 0.00
87.2 30 0.00
87.2 B1 6300.99 6299.51 
87.2 B3 6347.86 6346.23 
87.2 120 13 04 50
87.2 244 0.34
87.205 22 -0.17
87.205 23 0.63
87.205 25 0.00
87.205 30 0.00
87.205 B1 6302.41 6300.96 
87.205 B3 6349.24 6347.64 
87.205 120 13 04 50
87.205 244 0.34
87.21 22 -0.16
87.21 23 0.63
87.21 25 0.00
87.21 30 0.00
87.21 B1 6303.73 6302.31 
87.21 B3 6350.55 6348.99 
87.21 120 13 04 50
87.21 244 0.34
87.215 22 -0.16
87.215 23 0.63
87.215 25 0.00
87.215 30 0.00
87.215 B1 6304.97 6303.59 
87.215 B3 6351.81 6350.28 
87.215 120 13 04 50
87.215 244 0.34
87.22 22 -0.16
87.22 23 0.63
87.22 25 0.00
87.22 30 0.00
87.22 B1 6306.18 6304.82 
87.22 B3 6353.03 6351.53 
87.22 120 13 04 50
87.22 244 0.34
87.225 22 -0.15
87.225 23 0.63
87.225 25 0.00
87.225 30 0.00
87.225 B1 6307.34 6306.02 
87.225 B3 6354.22 6352.75 
87.225 120 13 04 50
87.225 244 0.34
87.23 22 -0.15
87.23 23 0.63
87.23 25 0.00
87.23 30 0.00
87.23 B1 6308.49 6307.19 
87.23 B3 6355.39 6353.95 
87.23 120 13 04 50
87.23 244 0.34
87.235 22 -0.15
87.235 23 0.63
87.235 25 0.00
87.235 30 0.00
87.235 B1 6309.62 6308.35 
87.235 B3 6356.54 6355.13 
87.235 120 13 04 50
87.235 244 0.34
87.24 22 -0.15
87.24 23 0.63
87.24 25 0.00
87.24 30 0.00
87.24 B1 6310.74 6309.50 
87.24 B3 6357.68 6356.30 
87.24 120 13 04 50
87.24 244 0.34
87.245 22 -0.14
87.245 23 0.63
87.245 25 0.00
87.245 30 0.00
87.245 B1 6311.86 6310.64 
87.245 B3 6358.81 6357.46 
87.245 120 13 04 50
87.245 244 0.34
87.25 22 -0.14
87.25 23 0.63
87.25 25 0.00
87.25 30 0.00
87.25 B1 6312.97 6311.78 
87.25 B3 6359.93 6358.61 
87.25 120 13 04 50
87.25 244 0.34
87.255 22 -0.14
87.255 23 0.63
87.255 25 0.00
87.255 30 0.00
87.255 B1 6314.07 6312.91 
87.255 B3 6361.06 6359.76 
87.255 120 13 04 50
87.255 244 0.34
87.25999 22 -0.14
87.25999 23 0.63
87.25999 25 0.00
87.25999 30 0.00
87.25999 B1 6315.18 6314.04 
87.25999 B3 6362.17 6360.91 
87.25999 120 13 04 50
87.25999 244 0.34
87.265 22 -0.13
87.265 23 0.63
87.265 25 0.00
87.265 30 0.00
87.265 B1 6316.28 6315.16 
87.265 B3 6363.29 6362.05 
87.265 120 13 04 50
87.265 244 0.34
87.27 22 -0.13
87.27 23 0.63
87.27 25 0.00
87.27 30 0.00
87.27 B1 6317.38 6316.29 
87.27 B3 6364.40 6363.19 
87.27 120 13 04 50
87.27 244 0.34
87.275 22 -0.13
87.275 23 0.63
87.275 25 0.00
87.275 30 0.00
87.275 B1 6318.48 6317.41 
87.275 B3 6365.51 6364.32 
87.275 120 13 04 50
87.275 244 0.34
87.28 22 -0.13
87.28 23 0.63
87.28 25 0.00
87.28 30 0.00
87.28 B1 6319.58 6318.54 
87.28 B3 6366.62 6365.46 
87.28 120 13 04 50
87.28 244 0.34
87.285 22 -0.12
87.285 23 0.63
87.285 25 0.00
87.285 30 0.00
87.285 B1 6320.68 6319.66 
87.285 B3 6367.73 6366.59 
87.285 120 13 04 50
87.285 244 0.34
87.29 22 -0.12
87.29 23 0.63
87.29 25 0.00
87.29 30 0.00
87.29 B1 6321.78 6320.78 
87.29 B3 6368.83 6367.72 
87.29 120 13 04 50
87.29 244 0.34
87.295 22 -0.12
87.295 23 0.63
87.295 25 0.00
87.295 30 0.00
87.295 B1 6322.88 6321.90 
87.295 B3 6369.94 6368.85 
87.295 120 13 04 50
87.295 244 0.34
87.3 22 -0.12
87.3 23 0.63
87.3 25 0.00
87.3 30 0.00
87.3 B1 6323.98 6323.02 
87.3 B3 6371.05 6369.98 
87.3 120 13 04 50
87.3 244 0.34
87.305 22 -0.12
87.305 23 0.63
87.305 25 0.00
87.305 30 0.00
87.305 B1 6325.08 6324.14 
87.305 B3 6372.15 6371.11 
87.305 120 13 04 50
87.305 244 0.33
87.31 22 -0.11
87.31 23 0.63
87.31 25 0.00
87.31 30 0.00
87.31 B1 6324.85 6323.93 
87.31 B3 6372.06 6371.04 
87.31 120 13 04 50
87.31 244 0.33
87.31499 22 -0.11
87.31499 23 0.62
87.31499 25 0.00
87.31499 30 0.00
87.31499 B1 6325.04 6324.14 
87.31499 B3 6372.27 6371.27 
87.31499 120 13 04 50
87.31499 244 0.34
87.32 22 -0.11
87.32 23 0.62
87.32 25 0.00
87.32 30 0.00
87.32 B1 6326.83 6325.95 
87.32 B3 6373.89 6372.91 
87.32 120 13 04 50
87.32 244 0.34
87.325 22 -0.11
87.325 23 0.62
87.325 25 0.00
87.325 30 0.00
87.325 B1 6328.39 6327.53 
87.325 B3 6375.37 6374.42 
87.325 120 13 04 50
87.325 244 0.34
87.33 22 -0.11
87.33 23 0.62
87.33 25 0.00
87.33 30 0.00
87.33 B1 6329.80 6328.96 
87.33 B3 6376.76 6375.82 
87.33 120 13 04 50
87.33 244 0.33
87.335 22 -0.10
87.335 23 0.62
87.335 25 0.00
87.335 30 0.00
87.335 B1 6328.47 6327.64 
87.335 B3 6375.68 6374.76 
87.335 120 13 04 50
87.335 244 0.33
87.34 22 -0.10
87.34 23 0.61
87.34 25 0.00
87.34 30 0.00
87.34 B1 6327.89 6327.08 
87.34 B3 6375.14 6374.24 
87.34 120 13 04 50
87.34 244 0.33
87.345 22 -0.10
87.345 23 0.60
87.345 25 0.00
87.345 30 0.00
87.345 B1 6327.82 6327.03 
87.345 B3 6375.00 6374.12 
87.345 120 13 04 50
87.345 244 0.33
87.35 22 -0.10
87.35 23 0.59
87.35 25 0.00
87.35 30 0.00
87.35 B1 6328.10 6327.33 
87.35 B3 6375.15 6374.29 
87.35 120 13 04 50
87.35 244 0.33
87.355 22 -0.10
87.355 23 0.59
87.355 25 0.00
87.355 30 0.00
87.355 B1 6328.61 6327.85 
87.355 B3 6375.53 6374.68 
87.355 120 13 04 50
87.355 244 0.33
87.36 22 -0.09
87.36 23 0.58
87.36 25 0.00
87.36 30 0.00
87.36 B1 6329.28 6328.54 
87.36 B3 6376.06 6375.23 
87.36 120 13 04 50
87.36 244 0.33
87.365 22 -0.09
87.365 23 0.58
87.365 25 0.00
87.365 30 0.00
87.365 B1 6330.05 6329.33 
87.365 B3 6376.71 6375.90 
87.365 120 13 04 50
87.365 244 0.33
87.37 22 -0.09
87.37 23 0.58
87.37 25 0.00
87.37 30 0.00
87.37 B1 6332.22 6331.51 
87.37 B3 6378.65 6377.86 
87.37 120 13 04 50
87.37 244 0.34
87.375 22 -0.09
87.375 23 0.58
87.375 25 0.00
87.375 30 0.00
87.375 B1 6335.34 6334.65 
87.375 B3 6381.55 6380.77 
87.375 120 13 04 50
87.375 244 0.34
87.38 22 -0.09
87.38 23 0.60
87.38 25 0.00
87.38 30 0.00
87.38 B1 6337.80 6337.13 
87.38 B3 6383.97 6383.21 
87.38 120 13 04 50
87.38 244 0.33
87.38499 22 -0.09
87.38499 23 0.61
87.38499 25 0.00
87.38499 30 0.00
87.38499 B1 6338.51 6337.84 
87.38499 B3 6384.86 6384.12 
87.38499 120 13 04 50
87.38499 244 0.34
87.39 22 -0.09
87.39 23 0.60
87.39 25 0.00
87.39 30 0.00
87.39 B1 6340.63 6339.98 
87.39 B3 6386.98 6386.26 
87.39 120 13 04 50
87.39 244 0.34
87.395 22 -0.08
87.395 23 0.61
87.395 25 0.00
87.395 30 0.00
87.395 B1 6342.42 6341.79 
87.395 B3 6388.84 6388.13 
87.395 120 13 04 50
87.395 244 0.34
87.4 22 -0.08
87.4 23 0.61
87.4 25 0.00
87.4 30 0.00
87.4 B1 6343.99 6343.37 
87.4 B3 6390.50 6389.81 
87.4 120 13 04 50
87.4 244 0.34
87.405 22 -0.08
87.405 23 0.62
87.405 25 0.00
87.405 30 0.00
87.405 B1 6345.40 6344.79 
87.405 B3 6392.02 6391.34 
87.405 120 13 04 50
87.405 244 0.33
87.41 22 -0.08
87.41 23 0.62
87.41 25 0.00
87.41 30 0.00
87.41 B1 6345.38 6344.79 
87.41 B3 6392.23 6391.56 
87.41 120 13 04 50
87.41 244 0.33
87.415 22 -0.08
87.415 23 0.61
87.415 25 0.00
87.415 30 0.00
87.415 B1 6345.71 6345.12 
87.415 B3 6392.66 6392.00 
87.415 120 13 04 50
87.415 244 0.33
87.42 22 -0.08
87.42 23 0.61
87.42 25 0.00
87.42 30 0.00
87.42 B1 6346.26 6345.69 
87.42 B3 6393.24 6392.60 
87.42 120 13 04 50
87.42 244 0.33
87.425 22 -0.08
87.425 23 0.60
87.425 25 0.00
87.425 30 0.00
87.425 B1 6346.97 6346.41 
87.425 B3 6393.95 6393.32 
87.425 120 13 04 50
87.425 244 0.33
87.43 22 -0.07
87.43 23 0.60
87.43 25 0.00
87.43 30 0.00
87.43 B1 6347.79 6347.24 
87.43 B3 6394.75 6394.13 
87.43 120 13 04 50
87.43 244 0.33
87.435 22 -0.07
87.435 23 0.60
87.435 25 0.00
87.435 30 0.00
87.435 B1 6348.68 6348.14 
87.435 B3 6395.60 6395.00 
87.435 120 13 04 50
87.435 244 0.33
87.43999 22 -0.07
87.43999 23 0.60
87.43999 25 0.00
87.43999 30 0.00
87.43999 B1 6348.29 6347.77 
87.43999 B3 6395.31 6394.72 
87.43999 120 13 04 50
87.43999 244 0.33
87.445 22 -0.07
87.445 23 0.59
87.445 25 0.00
87.445 30 0.00
87.445 B1 6349.67 6349.16 
87.445 B3 6396.55 6395.97 
87.445 120 13 04 50
87.445 244 0.33
87.45 22 -0.07
87.45 23 0.59
87.45 25 0.00
87.45 30 0.00
87.45 B1 6350.94 6350.44 
87.45 B3 6397.73 6397.17 
87.45 120 13 04 50
87.45 244 0.33
87.455 22 -0.07
87.455 23 0.59
87.455 25 0.00
87.455 30 0.00
87.455 B1 6350.81 6350.32 
87.455 B3 6397.69 6397.13 
87.455 120 13 04 50
87.455 244 0.33
87.46 22 -0.07
87.46 23 0.59
87.46 25 0.00
87.46 30 0.00
87.46 B1 6351.05 6350.56 
87.46 B3 6397.91 6397.36 
87.46 120 13 04 50
87.46 244 0.33
87.465 22 -0.07
87.465 23 0.58
87.465 25 0.00
87.465 30 0.00
87.465 B1 6351.52 6351.05 
87.465 B3 6398.33 6397.80 
87.465 120 13 04 50
87.465 244 0.33
87.47 22 -0.06
87.47 23 0.58
87.47 25 0.00
87.47 30 0.00
87.47 B1 6352.16 6351.70 
87.47 B3 6398.89 6398.37 
87.47 120 13 04 50
87.47 244 0.33
87.475 22 -0.06
87.475 23 0.57
87.475 25 0.00
87.475 30 0.00
87.475 B1 6354.23 6353.78 
87.475 B3 6400.76 6400.25 
87.475 120 13 04 50
87.475 244 0.33
87.48 22 -0.06
87.48 23 0.58
87.48 25 0.00
87.48 30 0.00
87.48 B1 6354.65 6354.20 
87.48 B3 6401.22 6400.72 
87.48 120 13 04 50
87.48 244 0.33
87.485 22 -0.06
87.485 23 0.58
87.485 25 0.00
87.485 30 0.00
87.485 B1 6355.25 6354.81 
87.485 B3 6401.81 6401.33 
87.485 120 13 04 50
87.485 244 0.33
87.49 22 -0.06
87.49 23 0.57
87.49 25 0.00
87.49 30 0.00
87.49 B1 6355.97 6355.54 
87.49 B3 6402.51 6402.03 
87.49 120 13 04 50
87.49 244 0.33
87.495 22 -0.06
87.495 23 0.57
87.495 25 0.00
87.495 30 0.00
87.495 B1 6358.10 6357.68 
87.495 B3 6404.47 6404.00 
87.495 120 13 04 50
87.495 244 0.33
87.5 22 -0.06
87.5 23 0.58
87.5 25 0.00
87.5 30 0.00
87.5 B1 6359.87 6359.46 
87.5 B3 6406.20 6405.74 
87.5 120 13 04 50
87.5 244 0.33
87.505 22 -0.06
87.505 23 0.58
87.505 25 0.00
87.505 30 0.00
87.505 B1 6361.40 6361.00 
87.505 B3 6407.74 6407.29 
87.505 120 13 04 50
87.505 244 0.33
87.50999 22 -0.06
87.50999 23 0.58
87.50999 25 0.00
87.50999 30 0.00
87.50999 B1 6362.77 6362.38 
87.50999 B3 6409.15 6408.72 
87.50999 120 13 04 50
87.50999 244 0.33
87.515 22 -0.05
87.515 23 0.59
87.515 25 0.00
87.515 30 0.00
87.515 B1 6362.71 6362.33 
87.515 B3 6409.27 6408.85 
87.515 120 13 04 50
87.515 244 0.33
87.52 22 -0.05
87.52 23 0.58
87.52 25 0.00
87.52 30 0.00
87.52 B1 6361.66 6361.29 
87.52 B3 6408.42 6408.00 
87.52 120 13 04 50
87.52 244 0.33
87.525 22 -0.05
87.525 23 0.57
87.525 25 0.00
87.525 30 0.00
87.525 B1 6361.25 6360.89 
87.525 B3 6408.03 6407.62 
87.525 120 13 04 50
87.525 244 0.33
87.53 22 -0.05
87.53 23 0.56
87.53 25 0.00
87.53 30 0.00
87.53 B1 6361.27 6360.92 
87.53 B3 6407.99 6407.58 
87.53 120 13 04 50
87.53 244 0.33
87.535 22 -0.05
87.535 23 0.55
87.535 25 0.00
87.535 30 0.00
87.535 B1 6361.59 6361.24 
87.535 B3 6408.19 6407.80 
87.535 120 13 04 50
87.535 244 0.33
87.54 22 -0.05
87.54 23 0.55
87.54 25 0.00
87.54 30 0.00
87.54 B1 6362.10 6361.76 
87.54 B3 6408.58 6408.19 
87.54 120 13 04 50
87.54 244 0.33
87.545 22 -0.05
87.545 23 0.54
87.545 25 0.00
87.545 30 0.00
87.545 B1 6362.75 6362.41 
87.545 B3 6409.11 6408.73 
87.545 120 13 04 50
87.545 244 0.32
87.55 22 -0.05
87.55 23 0.54
87.55 25 0.00
87.55 30 0.00
87.55 B1 6362.16 6361.84 
87.55 B3 6408.54 6408.17 
87.55 120 13 04 50
87.55 244 0.32
87.555 22 -0.05
87.555 23 0.53
87.555 25 0.00
87.555 30 0.00
87.555 B1 6362.05 6361.73 
87.555 B3 6408.35 6407.99 
87.555 120 13 04 50
87.555 244 0.32
87.56 22 -0.05
87.56 23 0.53
87.56 25 0.00
87.56 30 0.00
87.56 B1 6362.26 6361.94 
87.56 B3 6408.43 6408.08 
87.56 120 13 04 50
87.56 244 0.32
87.56499 22 -0.05
87.56499 23 0.52
87.56499 25 0.00
87.56499 30 0.00
87.56499 B1 6362.68 6362.37 
87.56499 B3 6408.72 6408.37 
87.56499 120 13 04 50
87.56499 244 0.32
87.57 22 -0.04
87.57 23 0.52
87.57 25 0.00
87.57 30 0.00
87.57 B1 6361.93 6361.63 
87.57 B3 6407.96 6407.62 
87.57 120 13 04 50
87.57 244 0.32
87.575 22 -0.04
87.575 23 0.51
87.575 25 0.00
87.575 30 0.00
87.575 B1 6361.68 6361.39 
87.575 B3 6407.61 6407.28 
87.575 120 13 04 50
87.575 244 0.32
87.58 22 -0.04
87.58 23 0.50
87.58 25 0.00
87.58 30 0.00
87.58 B1 6361.78 6361.50 
87.58 B3 6407.56 6407.24 
87.58 120 13 04 50
87.58 244 0.32
87.585 22 -0.04
87.585 23 0.49
87.585 25 0.00
87.585 30 0.00
87.585 B1 6362.12 6361.84 
87.585 B3 6407.73 6407.42 
87.585 120 13 04 50
87.585 244 0.32
87.59 22 -0.04
87.59 23 0.49
87.59 25 0.00
87.59 30 0.00
87.59 B1 6362.61 6362.33 
87.59 B3 6408.07 6407.77 
87.59 120 13 04 50
87.59 244 0.32
87.595 22 -0.04
87.595 23 0.49
87.595 25 0.00
87.595 30 0.00
87.595 B1 6363.21 6362.94 
87.595 B3 6408.54 6408.23 
87.595 120 13 04 50
87.595 244 0.32
87.6 22 -0.04
87.6 23 0.49
87.6 25 0.00
87.6 30 0.00
87.6 B1 6363.88 6363.62 
87.6 B3 6409.09 6408.80 
87.6 120 13 04 50
87.6 244 0.32
87.605 22 -0.04
87.605 23 0.48
87.605 25 0.00
87.605 30 0.00
87.605 B1 6364.60 6364.34 
87.605 B3 6409.71 6409.42 
87.605 120 13 04 50
87.605 244 0.32
87.61 22 -0.04
87.61 23 0.48
87.61 25 0.00
87.61 30 0.00
87.61 B1 6365.35 6365.10 
87.61 B3 6410.38 6410.10 
87.61 120 13 04 50
87.61 244 0.32
87.615 22 -0.04
87.615 23 0.48
87.615 25 0.00
87.615 30 0.00
87.615 B1 6366.13 6365.88 
87.615 B3 6411.09 6410.82 
87.615 120 13 04 50
87.615 244 0.31
87.62 22 -0.04
87.62 23 0.48
87.62 25 0.00
87.62 30 0.00
87.62 B1 6365.60 6365.35 
87.62 B3 6410.63 6410.36 
87.62 120 13 04 50
87.62 244 0.31
87.625 22 -0.04
87.625 23 0.47
87.625 25 0.00
87.625 30 0.00
87.625 B1 6365.48 6365.25 
87.625 B3 6410.49 6410.23 
87.625 120 13 04 50
87.625 244 0.31
87.63 22 -0.04
87.63 23 0.47
87.63 25 0.00
87.63 30 0.00
87.63 B1 6365.65 6365.42 
87.63 B3 6410.58 6410.32 
87.63 120 13 04 50
87.63 244 0.31
87.63499 22 -0.04
87.63499 23 0.46
87.63499 25 0.00
87.63499 30 0.00
87.63499 B1 6366.02 6365.79 
87.63499 B3 6410.85 6410.59 
87.63499 120 13 04 50
87.63499 244 0.31
87.64 22 -0.03
87.64 23 0.46
87.64 25 0.00
87.64 30 0.00
87.64 B1 6366.51 6366.29 
87.64 B3 6411.24 6410.99 
87.64 120 13 04 50
87.64 244 0.31
87.645 22 -0.03
87.645 23 0.46
87.645 25 0.00
87.645 30 0.00
87.645 B1 6367.09 6366.88 
87.645 B3 6411.73 6411.49 
87.645 120 13 04 50
87.645 244 0.32
87.65 22 -0.03
87.65 23 0.46
87.65 25 0.00
87.65 30 0.00
87.65 B1 6369.06 6368.84 
87.65 B3 6413.48 6413.25 
87.65 120 13 04 50
87.65 244 0.32
87.655 22 -0.03
87.655 23 0.46
87.655 25 0.00
87.655 30 0.00
87.655 B1 6370.65 6370.45 
87.655 B3 6415.00 6414.76 
87.655 120 13 04 50
87.655 244 0.32
87.66 22 -0.03
87.66 23 0.47
87.66 25 0.00
87.66 30 0.00
87.66 B1 6372.00 6371.79 
87.66 B3 6416.33 6416.10 
87.66 120 13 04 50
87.66 244 0.32
87.665 22 -0.03
87.665 23 0.47
87.665 25 0.00
87.665 30 0.00
87.665 B1 6373.17 6372.97 
87.665 B3 6417.53 6417.30 
87.665 120 13 04 50
87.665 244 0.32
87.67 22 -0.03
87.67 23 0.47
87.67 25 0.00
87.67 30 0.00
87.67 B1 6374.23 6374.04 
87.67 B3 6418.63 6418.41 
87.67 120 13 04 50
87.67 244 0.32
87.675 22 -0.03
87.675 23 0.47
87.675 25 0.00
87.675 30 0.00
87.675 B1 6375.21 6375.02 
87.675 B3 6419.66 6419.44 
87.675 120 13 04 50
87.675 244 0.32
87.68 22 -0.03
87.68 23 0.47
87.68 25 0.00
87.68 30 0.00
87.68 B1 6376.14 6375.95 
87.68 B3 6420.63 6420.42 
87.68 120 13 04 50
87.68 244 0.32
87.685 22 -0.03
87.685 23 0.48
87.685 25 0.00
87.685 30 0.00
87.685 B1 6377.03 6376.85 
87.685 B3 6421.56 6421.36 
87.685 120 13 04 50
87.685 244 0.32
87.68999 22 -0.03
87.68999 23 0.48
87.68999 25 0.00
87.68999 30 0.00
87.68999 B1 6377.90 6377.72 
87.68999 B3 6422.47 6422.26 
87.68999 120 13 04 50
87.68999 244 0.32
87.695 22 -0.03
87.695 23 0.48
87.695 25 0.00
87.695 30 0.00
87.695 B1 6378.74 6378.57 
87.695 B3 6423.35 6423.15 
87.695 120 13 04 50
87.695 244 0.32
87.7 22 -0.03
87.7 23 0.48
87.7 25 0.00
87.7 30 0.00
87.7 B1 6379.58 6379.41 
87.7 B3 6424.21 6424.02 
87.7 120 13 04 50
87.7 244 0.32
87.705 22 -0.03
87.705 23 0.48
87.705 25 0.00
87.705 30 0.00
87.705 B1 6380.40 6380.24 
87.705 B3 6425.06 6424.87 
87.705 120 13 04 50
87.705 244 0.32
87.71 22 -0.03
87.71 23 0.48
87.71 25 0.00
87.71 30 0.00
87.71 B1 6381.23 6381.06 
87.71 B3 6425.91 6425.72 
87.71 120 13 04 50
87.71 244 0.32
87.715 22 -0.03
87.715 23 0.48
87.715 25 0.00
87.715 30 0.00
87.715 B1 6382.05 6381.89 
87.715 B3 6426.74 6426.56 
87.715 120 13 04 50
87.715 244 0.32
87.72 22 -0.03
87.72 23 0.48
87.72 25 0.00
87.72 30 0.00
87.72 B1 6384.18 6384.02 
87.72 B3 6428.77 6428.59 
87.72 120 13 04 50
87.72 244 0.32
87.725 22 -0.03
87.725 23 0.48
87.725 25 0.00
87.725 30 0.00
87.725 B1 6385.91 6385.75 
87.725 B3 6430.50 6430.33 
87.725 120 13 04 50
87.725 244 0.32
87.73 22 -0.02
87.73 23 0.49
87.73 25 0.00
87.73 30 0.00
87.73 B1 6387.35 6387.20 
87.73 B3 6432.00 6431.84 
87.73 120 13 04 50
87.73 244 0.32
87.735 22 -0.02
87.735 23 0.49
87.735 25 0.00
87.735 30 0.00
87.735 B1 6388.61 6388.47 
87.735 B3 6433.35 6433.18 
87.735 120 13 04 50
87.735 244 0.32
87.74 22 -0.02
87.74 23 0.50
87.74 25 0.00
87.74 30 0.00
87.74 B1 6389.74 6389.60 
87.74 B3 6434.57 6434.40 
87.74 120 13 04 50
87.74 244 0.32
87.745 22 -0.02
87.745 23 0.50
87.745 25 0.00
87.745 30 0.00
87.745 B1 6389.46 6389.32 
87.745 B3 6434.50 6434.34 
87.745 120 13 04 50
87.745 244 0.32
87.75 22 -0.02
87.75 23 0.49
87.75 25 0.00
87.75 30 0.00
87.75 B1 6390.85 6390.71 
87.75 B3 6435.86 6435.70 
87.75 120 13 04 50
87.75 244 0.32
87.755 22 -0.02
87.755 23 0.49
87.755 25 0.00
87.755 30 0.00
87.755 B1 6392.07 6391.94 
87.755 B3 6437.09 6436.94 
87.755 120 13 04 50
87.755 244 0.32
87.75999 22 -0.02
87.75999 23 0.50
87.75999 25 0.00
87.75999 30 0.00
87.75999 B1 6393.17 6393.04 
87.75999 B3 6438.23 6438.08 
87.75999 120 13 04 50
87.75999 244 0.32
87.765 22 -0.02
87.765 23 0.50
87.765 25 0.00
87.765 30 0.00
87.765 B1 6394.19 6394.06 
87.765 B3 6439.29 6439.15 
87.765 120 13 04 50
87.765 244 0.32
87.77 22 -0.02
87.77 23 0.50
87.77 25 0.00
87.77 30 0.00
87.77 B1 6395.16 6395.03 
87.77 B3 6440.31 6440.16 
87.77 120 13 04 50
87.77 244 0.32
87.775 22 -0.02
87.775 23 0.50
87.775 25 0.00
87.775 30 0.00
87.775 B1 6396.09 6395.97 
87.775 B3 6441.28 6441.14 
87.775 120 13 04 50
87.775 244 0.32
87.78 22 -0.02
87.78 23 0.50
87.78 25 0.00
87.78 30 0.00
87.78 B1 6395.68 6395.56 
87.78 B3 6441.04 6440.90 
87.78 120 13 04 50
87.78 244 0.32
87.785 22 -0.02
87.785 23 0.49
87.785 25 0.00
87.785 30 0.00
87.785 B1 6396.97 6396.85 
87.785 B3 6442.26 6442.12 
87.785 120 13 04 50
87.785 244 0.32
87.79 22 -0.02
87.79 23 0.49
87.79 25 0.00
87.79 30 0.00
87.79 B1 6396.81 6396.69 
87.79 B3 6442.19 6442.06 
87.79 120 13 04 50
87.79 244 0.32
87.795 22 -0.02
87.795 23 0.49
87.795 25 0.00
87.795 30 0.00
87.795 B1 6396.95 6396.84 
87.795 B3 6442.35 6442.22 
87.795 120 13 04 50
87.795 244 0.32
87.8 22 -0.02
87.8 23 0.48
87.8 25 0.00
87.8 30 0.00
87.8 B1 6398.63 6398.52 
87.8 B3 6443.87 6443.74 
87.8 120 13 04 50
87.8 244 0.32
87.805 22 -0.02
87.805 23 0.49
87.805 25 0.00
87.805 30 0.00
87.805 B1 6400.04 6399.93 
87.805 B3 6445.22 6445.10 
87.805 120 13 04 50
87.805 244 0.32
87.81 22 -0.02
87.81 23 0.49
87.81 25 0.00
87.81 30 0.00
87.81 B1 6401.27 6401.16 
87.81 B3 6446.45 6446.32 
87.81 120 13 04 50
87.81 244 0.32
87.81499 22 -0.02
87.81499 23 0.49
87.81499 25 0.00
87.81499 30 0.00
87.81499 B1 6402.38 6402.28 
87.81499 B3 6447.57 6447.46 
87.81499 120 13 04 50
87.81499 244 0.32
87.82 22 -0.02
87.82 23 0.49
87.82 25 -1.12
87.82 30 0.00
87.82 B1 6403.41 6403.30 
87.82 B3 6448.63 6448.52 
87.82 120 13 04 50
87.82 244 0.32
87.825 22 -0.81
87.825 23 0.48
87.825 25 -2.62
87.825 30 0.00
87.825 B1 6403.99 6403.89 
87.825 B3 6449.64 6449.53 
87.825 120 13 04 50
87.825 244 0.32
87.83 22 -1.98
87.83 23 0.43
87.83 25 -3.44
87.83 30 0.00
87.83 B1 6403.32 6402.58 
87.83 B3 6450.87 6450.23 
87.83 120 13 04 50
87.83 244 0.32
87.835 22 -2.63
87.835 23 0.37
87.835 25 -5.09
87.835 30 0.00
87.835 B1 6401.19 6398.40 
87.835 B3 6451.44 6449.09 
87.835 120 13 04 50
87.835 244 0.32
87.84 22 -3.98
87.84 23 0.21
87.84 25 -5.09
87.84 30 0.00
87.84 B1 6398.35 6392.03 
87.84 B3 6454.07 6448.70 
87.84 120 13 04 50
87.84 244 0.32
87.845 22 -3.88
87.845 23 0.20
87.845 25 -8.75
87.845 30 0.00
87.845 B1 6398.43 6386.48 
87.845 B3 6457.44 6447.16 
87.845 120 13 04 50
87.845 244 0.32
87.85 22 -6.56
87.85 23 -0.30
87.85 25 -10.49
87.85 30 0.00
87.85 B1 6386.00 6366.94 
87.85 B3 6461.30 6444.78 
87.85 120 13 04 50
87.85 244 0.32
87.855 22 -7.35
87.855 23 -0.60
87.855 25 -10.49
87.855 30 0.00
87.855 B1 6371.29 6341.98 
87.855 B3 6466.19 6440.63 
87.855 120 13 04 50
87.855 244 0.32
87.86 22 -7.27
87.86 23 -0.65
87.86 25 -10.49
87.86 30 0.00
87.86 B1 6364.99 6322.84 
87.86 B3 6471.93 6434.75 
87.86 120 13 04 50
87.86 244 0.32
87.865 22 -7.19
87.865 23 -0.68
87.865 25 -10.49
87.865 30 0.00
87.865 B1 6364.29 6307.66 
87.865 B3 6478.26 6427.57 
87.865 120 13 04 50
87.865 244 0.32
87.87 22 -7.12
87.87 23 -0.70
87.87 25 -12.24
87.87 30 0.00
87.87 B1 6367.30 6295.19 
87.87 B3 6484.97 6419.47 
87.87 120 13 04 50
87.87 244 0.32
87.875 22 -7.71
87.875 23 -0.94
87.875 25 -12.24
87.875 30 0.00
87.875 B1 6360.89 6272.42 
87.875 B3 6490.72 6409.50 
87.875 120 13 04 50
87.875 244 0.32
87.88 22 -7.67
87.88 23 -0.98
87.88 25 -12.48
87.88 30 0.00
87.88 B1 6360.15 6254.74 
87.88 B3 6496.99 6399.06 
87.88 120 13 04 50
87.88 244 0.32
87.88499 22 -7.71
87.88499 23 -1.04
87.88499 25 -12.48
87.88499 30 0.00
87.88499 B1 6361.62 6238.87 
87.88499 B3 6503.61 6388.27 
87.88499 120 13 04 50
87.88499 244 0.32
87.89 22 -7.69
87.89 23 -1.06
87.89 25 -12.61
87.89 30 0.00
87.89 B1 6366.11 6225.83 
87.89 B3 6510.45 6377.23 
87.89 120 13 04 50
87.89 244 0.32
87.895 22 -7.71
87.895 23 -1.08
87.895 25 -12.60
87.895 30 0.00
87.895 B1 6371.80 6213.91 
87.895 B3 6517.41 6366.03 
87.895 120 13 04 50
87.895 244 0.32
87.9 22 -7.70
87.9 23 -1.09
87.9 25 -12.60
87.9 30 0.00
87.9 B1 6379.03 6203.53 
87.9 B3 6524.43 6354.74 
87.9 120 13 04 50
87.9 244 0.32
87.905 22 -7.69
87.905 23 -1.09
87.905 25 -12.58
87.905 30 0.00
87.905 B1 6387.20 6194.19 
87.905 B3 6531.47 6343.43 
87.905 120 13 04 50
87.905 244 0.31
87.91 22 -7.68
87.91 23 -1.08
87.91 25 -12.58
87.91 30 0.00
87.91 B1 6394.73 6184.35 
87.91 B3 6537.28 6330.97 
87.91 120 13 04 50
87.91 244 0.31
87.915 22 -7.68
87.915 23 -1.08
87.915 25 -12.45
87.915 30 0.00
87.915 B1 6402.90 6175.37 
87.915 B3 6543.33 6318.91 
87.915 120 13 04 50
87.915 244 0.31
87.92 22 -7.62
87.92 23 -1.05
87.92 25 -12.44
87.92 30 0.00
87.92 B1 6412.20 6167.77 
87.92 B3 6549.51 6307.21 
87.92 120 13 04 50
87.92 244 0.32
87.925 22 -7.63
87.925 23 -1.04
87.925 25 -12.43
87.925 30 0.00
87.925 B1 6424.06 6162.99 
87.925 B3 6558.15 6298.24 
87.925 120 13 04 50
87.925 244 0.32
87.93 22 -7.64
87.93 23 -1.02
87.93 25 -12.04
87.93 30 0.00
87.93 B1 6434.99 6157.50 
87.93 B3 6566.23 6288.98 
87.93 120 13 04 50
87.93 244 0.32
87.935 22 -7.46
87.935 23 -0.93
87.935 25 -12.04
87.935 30 0.00
87.935 B1 6447.27 6153.69 
87.935 B3 6573.87 6279.55 
87.935 120 13 04 50
87.935 244 0.32
87.93999 22 -7.48
87.93999 23 -0.91
87.93999 25 0.00
87.93999 30 0.00
87.93999 B1 6458.19 6148.88 
87.93999 B3 6581.11 6270.19 
87.93999 120 13 04 50
87.93999 244 0.32
87.945 22 1.63
87.945 23 0.28
87.945 25 0.00
87.945 30 0.00
87.945 B1 6488.62 6163.82 
87.945 B3 6588.02 6260.92 
87.945 120 13 04 50
87.945 244 0.32
87.95 22 1.39
87.95 23 0.35
87.95 25 0.00
87.95 30 0.00
87.95 B1 6508.97 6175.73 
87.95 B3 6592.25 6255.67 
87.95 120 13 04 50
87.95 244 0.32
87.955 22 1.17
87.955 23 0.40
87.955 25 0.00
87.955 30 0.00
87.955 B1 6522.21 6185.56 
87.955 B3 6594.50 6253.34 
87.955 120 13 04 50
87.955 244 0.32
87.96 22 0.96
87.96 23 0.43
87.96 25 0.00
87.96 30 0.00
87.96 B1 6530.44 6193.95 
87.96 B3 6595.27 6253.11 
87.96 120 13 04 50
87.96 244 0.32
87.965 22 0.76
87.965 23 0.45
87.965 25 0.00
87.965 30 0.00
87.965 B1 6535.19 6201.32 
87.965 B3 6594.96 6254.40 
87.965 120 13 04 50
87.965 244 0.32
87.97 22 0.57
87.97 23 0.47
87.97 25 0.00
87.97 30 0.00
87.97 B1 6536.18 6206.63 
87.97 B3 6592.66 6255.56 
87.97 120 13 04 50
87.97 244 0.32
87.975 22 0.39
87.975 23 0.47
87.975 25 0.00
87.975 30 0.00
87.975 B1 6535.89 6211.82 
87.975 B3 6590.08 6257.79 
87.975 120 13 04 50
87.975 244 0.32
87.98 22 0.22
87.98 23 0.47
87.98 25 0.00
87.98 30 0.00
87.98 B1 6536.04 6218.21 
87.98 B3 6588.51 6261.96 
87.98 120 13 04 50
87.98 244 0.33
87.985 22 0.06
87.985 23 0.48
87.985 25 0.00
87.985 30 0.00
87.985 B1 6536.54 6225.37 
87.985 B3 6587.73 6267.53 
87.985 120 13 04 50
87.985 244 0.33
87.99 22 -0.09
87.99 23 0.50
87.99 25 0.00
87.99 30 0.00
87.99 B1 6538.63 6234.33 
87.99 B3 6588.78 6275.30 
87.99 120 13 04 50
87.99 244 0.35
87.995 22 -0.24
87.995 23 0.52
87.995 25 0.00
87.995 30 0.00
87.995 B1 6543.19 6245.82 
87.995 B3 6592.45 6285.88 
87.995 120 13 04 50
87.995 244 0.35
88 22 -0.37
88 23 0.57
88 25 0.00
88 30 0.00
88 B1 6545.54 6255.05 
88 B3 6594.55 6294.95 
88 120 13 04 50
88 244 0.35
88.005 22 -0.50
88.005 23 0.59
88.005 25 0.00
88.005 30 0.00
88.005 B1 6547.73 6264.06 
88.005 B3 6596.69 6304.07 
88.005 120 13 04 50
88.005 244 0.37
88.00999 22 -0.63
88.00999 23 0.62
88.00999 25 0.00
88.00999 30 0.00
88.00999 B1 6555.12 6278.17 
88.00999 B3 6603.69 6318.01 
88.00999 120 13 04 50
88.00999 244 0.37
88.015 22 -0.74
88.015 23 0.68
88.015 25 0.00
88.015 30 0.00
88.015 B1 6559.57 6289.16 
88.015 B3 6608.43 6329.55 
88.015 120 13 04 50
88.015 244 0.37
88.02 22 -0.85
88.02 23 0.72
88.02 25 0.00
88.02 30 0.00
88.02 B1 6563.35 6299.34 
88.02 B3 6612.71 6340.50 
88.02 120 13 04 50
88.02 244 0.37
88.025 22 -0.95
88.025 23 0.76
88.025 25 0.00
88.025 30 0.00
88.025 B1 6565.39 6307.64 
88.025 B3 6615.46 6349.81 
88.025 120 13 04 50
88.025 244 0.39
88.03 22 -1.05
88.03 23 0.79
88.03 25 0.00
88.03 30 0.00
88.03 B1 6570.21 6318.61 
88.03 B3 6620.70 6361.47 
88.03 120 13 04 50
88.03 244 0.39
88.035 22 -1.14
88.035 23 0.83
88.035 25 0.00
88.035 30 0.00
88.035 B1 6573.06 6327.42 
88.035 B3 6624.27 6371.29 
88.035 120 13 04 50
88.035 244 0.40
88.04 22 -1.22
88.04 23 0.86
88.04 25 0.00
88.04 30 0.00
88.04 B1 6579.85 6340.05 
88.04 B3 6631.39 6384.52 
88.04 120 13 04 50
88.04 244 0.41
88.045 22 -1.30
88.045 23 0.91
88.045 25 0.00
88.045 30 0.00
88.045 B1 6585.48 6351.31 
88.045 B3 6637.66 6396.70 
88.045 120 13 04 50
88.045 244 0.41
88.05 22 -1.37
88.05 23 0.96
88.05 25 0.00
88.05 30 0.00
88.05 B1 6590.33 6361.65 
88.05 B3 6643.33 6408.09 
88.05 120 13 04 50
88.05 244 0.41
88.055 22 -1.44
88.055 23 1.00
88.055 25 0.00
88.055 30 0.00
88.055 B1 6593.39 6370.04 
88.055 B3 6647.38 6417.71 
88.055 120 13 04 50
88.055 244 0.41
88.06 22 -1.51
88.06 23 1.02
88.06 25 0.00
88.06 30 0.00
88.06 B1 6595.23 6377.08 
88.06 B3 6650.25 6425.99 
88.06 120 13 04 50
88.06 244 0.41
88.06499 22 -1.57
88.06499 23 1.04
88.06499 25 0.00
88.06499 30 0.00
88.06499 B1 6596.26 6383.19 
88.06499 B3 6652.26 6433.27 
88.06499 120 13 04 50
88.06499 244 0.41
88.07 22 -1.63
88.07 23 1.06
88.07 25 0.00
88.07 30 0.00
88.07 B1 6596.76 6388.66 
88.07 B3 6653.65 6439.77 
88.07 120 13 04 50
88.07 244 0.41
88.075 22 -1.68
88.075 23 1.07
88.075 25 0.00
88.075 30 0.00
88.075 B1 6596.92 6393.66 
88.075 B3 6654.58 6445.68 
88.075 120 13 04 50
88.075 244 0.41
88.08 22 -1.73
88.08 23 1.07
88.08 25 0.00
88.08 30 0.00
88.08 B1 6595.55 6397.02 
88.08 B3 6654.01 6449.94 
88.08 120 13 04 50
88.08 244 0.41
88.085 22 -1.78
88.085 23 1.07
88.085 25 0.00
88.085 30 0.00
88.085 B1 6594.46 6400.54 
88.085 B3 6653.49 6454.13 
88.085 120 13 04 50
88.085 244 0.40
88.09 22 -1.82
88.09 23 1.07
88.09 25 0.00
88.09 30 0.00
88.09 B1 6592.27 6402.84 
88.09 B3 6651.85 6457.07 
88.09 120 13 04 50
88.09 244 0.40
88.095 22 -1.87
88.095 23 1.06
88.095 25 0.00
88.095 30 0.00
88.095 B1 6590.64 6405.59 
88.095 B3 6650.56 6460.22 
88.095 120 13 04 50
88.095 244 0.39
88.1 22 -1.91
88.1 23 1.05
88.1 25 0.00
88.1 30 0.00
88.1 B1 6585.46 6404.68 
88.1 B3 6645.96 6459.94 
88.1 120 13 04 50
88.1 244 0.39
88.105 22 -1.94
88.105 23 1.02
88.105 25 0.00
88.105 30 0.00
88.105 B1 6581.77 6405.18 
88.105 B3 6642.45 6460.64 
88.105 120 13 04 50
88.105 244 0.38
88.11 22 -1.98
88.11 23 1.00
88.11 25 0.00
88.11 30 0.00
88.11 B1 6576.50 6403.99 
88.11 B3 6637.36 6459.67 
88.11 120 13 04 50
88.11 244 0.38
88.115 22 -2.01
88.115 23 0.97
88.115 25 0.00
88.115 30 0.00
88.115 B1 6571.44 6402.92 
88.115 B3 6632.29 6458.59 
88.115 120 13 04 50
88.115 244 0.38
88.12 22 -2.04
88.12 23 0.94
88.12 25 0.00
88.12 30 0.00
88.12 B1 6567.85 6403.24 
88.12 B3 6628.42 6458.62 
88.12 120 13 04 50
88.12 244 0.37
88.125 22 -2.07
88.125 23 0.92
88.125 25 0.00
88.125 30 0.00
88.125 B1 6561.33 6400.50 
88.125 B3 6621.86 6455.86 
88.125 120 13 04 50
88.125 244 0.36
88.13 22 -2.09
88.13 23 0.89
88.13 25 0.00
88.13 30 0.00
88.13 B1 6554.07 6396.97 
88.13 B3 6614.46 6452.18 
88.13 120 13 04 50
88.13 244 0.35
88.13499 22 -2.12
88.13499 23 0.84
88.13499 25 0.00
88.13499 30 0.00
88.13499 B1 6546.31 6392.85 
88.13499 B3 6606.41 6447.77 
88.13499 120 13 04 50
88.13499 244 0.34
88.14 22 -2.14
88.14 23 0.80
88.14 25 0.00
88.14 30 0.00
88.14 B1 6538.17 6388.30 
88.14 B3 6597.87 6442.80 
88.14 120 13 04 50
88.14 244 0.36
88.145 22 -2.15
88.145 23 0.75
88.145 25 0.00
88.145 30 0.00
88.145 B1 6537.69 6391.33 
88.145 B3 6596.10 6444.53 
88.145 120 13 04 50
88.145 244 0.36
88.15 22 -2.17
88.15 23 0.75
88.15 25 0.00
88.15 30 0.00
88.15 B1 6537.24 6394.26 
88.15 B3 6594.68 6446.49 
88.15 120 13 04 50
88.15 244 0.36
88.155 22 -2.18
88.155 23 0.74
88.155 25 0.00
88.155 30 0.00
88.155 B1 6536.83 6397.11 
88.155 B3 6593.52 6448.62 
88.155 120 13 04 50
88.155 244 0.37
88.16 22 -2.20
88.16 23 0.74
88.16 25 0.00
88.16 30 0.00
88.16 B1 6540.41 6403.86 
88.16 B3 6596.16 6454.44 
88.16 120 13 04 50
88.16 244 0.38
88.165 22 -2.21
88.165 23 0.76
88.165 25 0.00
88.165 30 0.00
88.165 B1 6545.46 6411.95 
88.165 B3 6600.49 6461.84 
88.165 120 13 04 50
88.165 244 0.39
88.17 22 -2.22
88.17 23 0.79
88.17 25 0.00
88.17 30 0.00
88.17 B1 6552.89 6422.30 
88.17 B3 6607.32 6471.62 
88.17 120 13 04 50
88.17 244 0.41
88.175 22 -2.22
88.175 23 0.84
88.175 25 0.00
88.175 30 0.00
88.175 B1 6563.32 6435.54 
88.175 B3 6617.26 6484.40 
88.175 120 13 04 50
88.175 244 0.41
88.18 22 -2.23
88.18 23 0.90
88.18 25 0.00
88.18 30 0.00
88.18 B1 6570.58 6445.49 
88.18 B3 6624.81 6494.66 
88.18 120 13 04 50
88.18 244 0.41
88.185 22 -2.23
88.185 23 0.94
88.185 25 0.00
88.185 30 0.00
88.185 B1 6575.70 6453.22 
88.185 B3 6630.58 6503.06 
88.185 120 13 04 50
88.185 244 0.41
88.18999 22 -2.24
88.18999 23 0.98
88.18999 25 0.00
88.18999 30 0.00
88.18999 B1 6579.35 6459.43 
88.18999 B3 6635.04 6510.07 
88.18999 120 13 04 50
88.18999 244 0.41
88.195 22 -2.24
88.195 23 1.00
88.195 25 0.00
88.195 30 0.00
88.195 B1 6583.33 6465.94 
88.195 B3 6639.70 6517.25 
88.195 120 13 04 50
88.195 244 0.41
88.2 22 -2.24
88.2 23 1.02
88.2 25 0.00
88.2 30 0.00
88.2 B1 6586.23 6471.33 
88.2 B3 6643.35 6523.37 
88.2 120 13 04 50
88.2 244 0.41
88.205 22 -2.23
88.205 23 1.04
88.205 25 0.00
88.205 30 0.00
88.205 B1 6588.41 6475.97 
88.205 B3 6646.25 6528.71 
88.205 120 13 04 50
88.205 244 0.41
88.21 22 -2.23
88.21 23 1.05
88.21 25 0.00
88.21 30 0.00
88.21 B1 6591.42 6481.41 
88.21 B3 6649.79 6534.64 
88.21 120 13 04 50
88.21 244 0.41
88.215 22 -2.23
88.215 23 1.06
88.215 25 0.00
88.215 30 0.00
88.215 B1 6593.71 6486.08 
88.215 B3 6652.62 6539.84 
88.215 120 13 04 50
88.215 244 0.42
88.22 22 -2.22
88.22 23 1.07
88.22 25 0.00
88.22 30 0.00
88.22 B1 6596.83 6491.55 
88.22 B3 6656.14 6545.69 
88.22 120 13 04 50
88.22 244 0.42
88.225 22 -2.22
88.225 23 1.09
88.225 25 0.00
88.225 30 0.00
88.225 B1 6599.22 6496.24 
88.225 B3 6658.98 6550.82 
88.225 120 13 04 50
88.225 244 0.42
88.23 22 -2.21
88.23 23 1.10
88.23 25 0.00
88.23 30 0.00
88.23 B1 6601.12 6500.41 
88.23 B3 6661.33 6555.43 
88.23 120 13 04 50
88.23 244 0.41
88.235 22 -2.20
88.235 23 1.11
88.235 25 0.00
88.235 30 0.00
88.235 B1 6598.73 6500.25 
88.235 B3 6659.72 6556.05 
88.235 120 13 04 50
88.235 244 0.40
88.24 22 -2.19
88.24 23 1.09
88.24 25 0.00
88.24 30 0.00
88.24 B1 6594.69 6498.44 
88.24 B3 6656.31 6554.88 
88.24 120 13 04 50
88.24 244 0.40
88.245 22 -2.18
88.245 23 1.06
88.245 25 0.00
88.245 30 0.00
88.245 B1 6592.11 6498.10 
88.245 B3 6653.92 6554.73 
88.245 120 13 04 50
88.245 244 0.39
88.25 22 -2.17
88.25 23 1.04
88.25 25 0.00
88.25 30 0.00
88.25 B1 6589.25 6497.44 
88.25 B3 6651.10 6554.14 
88.25 120 13 04 50
88.25 244 0.39
88.255 22 -2.16
88.255 23 1.02
88.255 25 0.00
88.255 30 0.00
88.255 B1 6587.49 6497.86 
88.255 B3 6649.15 6554.39 
88.255 120 13 04 50
88.255 244 0.39
88.25999 22 -2.15
88.25999 23 1.00
88.25999 25 0.00
88.25999 30 0.00
88.25999 B1 6586.50 6499.00 
88.25999 B3 6647.85 6555.27 
88.25999 120 13 04 50
88.25999 244 0.39
88.265 22 -2.14
88.265 23 0.99
88.265 25 0.00
88.265 30 0.00
88.265 B1 6586.04 6500.63 
88.265 B3 6647.04 6556.60 
88.265 120 13 04 50
88.265 244 0.39
88.27 22 -2.12
88.27 23 0.98
88.27 25 0.00
88.27 30 0.00
88.27 B1 6584.64 6501.27 
88.27 B3 6645.41 6557.08 
88.27 120 13 04 50
88.27 244 0.39
88.275 22 -2.11
88.275 23 0.97
88.275 25 0.00
88.275 30 0.00
88.275 B1 6583.89 6502.52 
88.275 B3 6644.34 6558.09 
88.275 120 13 04 50
88.275 244 0.39
88.28 22 -2.09
88.28 23 0.96
88.28 25 0.00
88.28 30 0.00
88.28 B1 6583.61 6504.19 
88.28 B3 6643.72 6559.49 
88.28 120 13 04 50
88.28 244 0.39
88.285 22 -2.08
88.285 23 0.95
88.285 25 0.00
88.285 30 0.00
88.285 B1 6583.65 6506.13 
88.285 B3 6643.42 6561.19 
88.285 120 13 04 50
88.285 244 0.39
88.29 22 -2.06
88.29 23 0.95
88.29 25 0.00
88.29 30 0.00
88.29 B1 6583.91 6508.26 
88.29 B3 6643.38 6563.09 
88.29 120 13 04 50
88.29 244 0.39
88.295 22 -2.05
88.295 23 0.94
88.295 25 0.00
88.295 30 0.00
88.295 B1 6584.34 6510.50 
88.295 B3 6643.53 6565.15 
88.295 120 13 04 50
88.295 244 0.39
88.3 22 -2.03
88.3 23 0.94
88.3 25 0.00
88.3 30 0.00
88.3 B1 6584.88 6512.81 
88.3 B3 6643.83 6567.31 
88.3 120 13 04 50
88.3 244 0.39
88.305 22 -2.01
88.305 23 0.94
88.305 25 0.00
88.305 30 0.00
88.305 B1 6584.19 6513.85 
88.305 B3 6643.05 6568.35 
88.305 120 13 04 50
88.305 244 0.39
88.31 22 -2.00
88.31 23 0.93
88.31 25 0.00
88.31 30 0.00
88.31 B1 6583.96 6515.32 
88.31 B3 6642.65 6569.74 
88.31 120 13 04 50
88.31 244 0.38
88.31499 22 -1.98
88.31499 23 0.92
88.31499 25 0.00
88.31499 30 0.00
88.31499 B1 6582.74 6515.75 
88.31499 B3 6641.35 6570.19 
88.31499 120 13 04 50
88.31499 244 0.38
88.32 22 -1.96
88.32 23 0.91
88.32 25 0.00
88.32 30 0.00
88.32 B1 6582.14 6516.79 
88.32 B3 6640.56 6571.12 
88.32 120 13 04 50
88.32 244 0.38
88.325 22 -1.95
88.325 23 0.90
88.325 25 0.00
88.325 30 0.00
88.325 B1 6581.98 6518.22 
88.325 B3 6640.15 6572.39 
88.325 120 13 04 50
88.325 244 0.37
88.33 22 -1.93
88.33 23 0.89
88.33 25 0.00
88.33 30 0.00
88.33 B1 6578.17 6515.95 
88.33 B3 6636.45 6570.33 
88.33 120 13 04 50
88.33 244 0.37
88.335 22 -1.91
88.335 23 0.87
88.335 25 0.00
88.335 30 0.00
88.335 B1 6575.77 6515.08 
88.335 B3 6633.84 6569.34 
88.335 120 13 04 50
88.335 244 0.35
88.34 22 -1.89
88.34 23 0.85
88.34 25 0.00
88.34 30 0.00
88.34 B1 6567.74 6508.55 
88.34 B3 6626.07 6563.16 
88.34 120 13 04 50
88.34 244 0.35
88.345 22 -1.87
88.345 23 0.79
88.345 25 0.00
88.345 30 0.00
88.345 B1 6562.38 6504.69 
88.345 B3 6620.35 6559.03 
88.345 120 13 04 50
88.345 244 0.35
88.35 22 -1.85
88.35 23 0.76
88.35 25 0.00
88.35 30 0.00
88.35 B1 6558.86 6502.64 
88.35 B3 6616.17 6556.40 
88.35 120 13 04 50
88.35 244 0.35
88.355 22 -1.84
88.355 23 0.73
88.355 25 0.00
88.355 30 0.00
88.355 B1 6556.60 6501.82 
88.355 B3 6613.15 6554.91 
88.355 120 13 04 50
88.355 244 0.35
88.36 22 -1.82
88.36 23 0.71
88.36 25 0.00
88.36 30 0.00
88.36 B1 6555.22 6501.82 
88.36 B3 6611.00 6554.24 
88.36 120 13 04 50
88.36 244 0.35
88.365 22 -1.80
88.365 23 0.70
88.365 25 0.00
88.365 30 0.00
88.365 B1 6554.45 6502.38 
88.365 B3 6609.51 6554.18 
88.365 120 13 04 50
88.365 244 0.35
88.37 22 -1.78
88.37 23 0.69
88.37 25 0.00
88.37 30 0.00
88.37 B1 6554.09 6503.32 
88.37 B3 6608.52 6554.56 
88.37 120 13 04 50
88.37 244 0.35
88.375 22 -1.76
88.375 23 0.68
88.375 25 0.00
88.375 30 0.00
88.375 B1 6552.71 6503.18 
88.375 B3 6606.70 6554.09 
88.375 120 13 04 50
88.375 244 0.35
88.38 22 -1.74
88.38 23 0.67
88.38 25 0.00
88.38 30 0.00
88.38 B1 6551.93 6503.61 
88.38 B3 6605.46 6554.15 
88.38 120 13 04 50
88.38 244 0.35
88.38499 22 -1.72
88.38499 23 0.66
88.38499 25 0.00
88.38499 30 0.00
88.38499 B1 6551.56 6504.43 
88.38499 B3 6604.65 6554.61 
88.38499 120 13 04 50
88.38499 244 0.34
88.39 22 -1.70
88.39 23 0.65
88.39 25 0.00
88.39 30 0.00
88.39 B1 6550.17 6504.18 
88.39 B3 6602.98 6554.17 
88.39 120 13 04 50
88.39 244 0.34
88.395 22 -1.68
88.395 23 0.64
88.395 25 0.00
88.395 30 0.00
88.395 B1 6549.38 6504.50 
88.395 B3 6601.84 6554.23 
88.395 120 13 04 50
88.395 244 0.34
88.4 22 -1.66
88.4 23 0.63
88.4 25 0.00
88.4 30 0.00
88.4 B1 6547.69 6503.89 
88.4 B3 6599.92 6553.46 
88.4 120 13 04 50
88.4 244 0.33
88.405 22 -1.64
88.405 23 0.61
88.405 25 0.00
88.405 30 0.00
88.405 B1 6545.36 6502.63 
88.405 B3 6597.40 6552.07 
88.405 120 13 04 50
88.405 244 0.33
88.41 22 -1.63
88.41 23 0.60
88.41 25 0.00
88.41 30 0.00
88.41 B1 6542.60 6500.89 
88.41 B3 6594.42 6550.20 
88.41 120 13 04 50
88.41 244 0.33
88.415 22 -1.61
88.415 23 0.57
88.415 25 0.00
88.415 30 0.00
88.415 B1 6539.51 6498.82 
88.415 B3 6591.09 6547.94 
88.415 120 13 04 50
88.415 244 0.33
88.42 22 -1.59
88.42 23 0.55
88.42 25 0.00
88.42 30 0.00
88.42 B1 6537.51 6497.82 
88.42 B3 6588.68 6546.59 
88.42 120 13 04 50
88.42 244 0.32
88.425 22 -1.57
88.425 23 0.54
88.425 25 0.00
88.425 30 0.00
88.425 B1 6534.95 6496.22 
88.425 B3 6585.77 6544.70 
88.425 120 13 04 50
88.425 244 0.31
88.43 22 -1.55
88.43 23 0.52
88.43 25 0.00
88.43 30 0.00
88.43 B1 6530.67 6492.87 
88.43 B3 6581.28 6541.21 
88.43 120 13 04 50
88.43 244 0.31
88.435 22 -1.53
88.435 23 0.49
88.435 25 0.00
88.435 30 0.00
88.435 B1 6527.81 6490.94 
88.435 B3 6577.97 6538.88 
88.435 120 13 04 50
88.435 244 0.31
88.43999 22 -1.51
88.43999 23 0.47
88.43999 25 0.00
88.43999 30 0.00
88.43999 B1 6523.30 6487.32 
88.43999 B3 6573.16 6535.02 
88.43999 120 13 04 50
88.43999 244 0.31
88.445 22 -1.49
88.445 23 0.44
88.445 25 0.00
88.445 30 0.00
88.445 B1 6520.27 6485.17 
88.445 B3 6569.60 6532.39 
88.445 120 13 04 50
88.445 244 0.30
88.45 22 -1.47
88.45 23 0.42
88.45 25 0.00
88.45 30 0.00
88.45 B1 6515.62 6481.36 
88.45 B3 6564.58 6528.28 
88.45 120 13 04 50
88.45 244 0.30
88.455 22 -1.46
88.455 23 0.39
88.455 25 0.00
88.455 30 0.00
88.455 B1 6512.46 6479.04 
88.455 B3 6560.84 6525.42 
88.455 120 13 04 50
88.455 244 0.30
88.46 22 -1.44
88.46 23 0.36
88.46 25 0.00
88.46 30 0.00
88.46 B1 6509.01 6476.40 
88.46 B3 6556.86 6522.30 
88.46 120 13 04 50
88.46 244 0.30
88.465 22 -1.42
88.465 23 0.34
88.465 25 0.00
88.465 30 0.00
88.465 B1 6506.67 6474.85 
88.465 B3 6553.89 6520.17 
88.465 120 13 04 50
88.465 244 0.30
88.47 22 -1.40
88.47 23 0.32
88.47 25 0.00
88.47 30 0.00
88.47 B1 6505.09 6474.04 
88.47 B3 6551.67 6518.77 
88.47 120 13 04 50
88.47 244 0.29
88.475 22 -1.38
88.475 23 0.31
88.475 25 0.00
88.475 30 0.00
88.475 B1 6501.40 6471.09 
88.475 B3 6547.63 6515.52 
88.475 120 13 04 50
88.475 244 0.29
88.48 22 -1.36
88.48 23 0.29
88.48 25 0.00
88.48 30 0.00
88.48 B1 6498.87 6469.28 
88.48 B3 6544.60 6513.25 
88.48 120 13 04 50
88.48 244 0.29
88.485 22 -1.35
88.485 23 0.27
88.485 25 0.00
88.485 30 0.00
88.485 B1 6497.15 6468.25 
88.485 B3 6542.32 6511.73 
88.485 120 13 04 50
88.485 244 0.29
88.49 22 -1.33
88.49 23 0.26
88.49 25 0.00
88.49 30 0.00
88.49 B1 6495.97 6467.76 
88.49 B3 6540.61 6510.74 
88.49 120 13 04 50
88.49 244 0.28
88.495 22 -1.31
88.495 23 0.25
88.495 25 0.00
88.495 30 0.00
88.495 B1 6491.21 6463.66 
88.495 B3 6535.73 6506.57 
88.495 120 13 04 50
88.495 244 0.28
88.5 22 -1.29
88.5 23 0.22
88.5 25 0.00
88.5 30 0.00
88.5 B1 6487.90 6461.01 
88.5 B3 6532.05 6503.57 
88.5 120 13 04 50
88.5 244 0.28
88.505 22 -1.28
88.505 23 0.20
88.505 25 0.00
88.505 30 0.00
88.505 B1 6485.60 6459.35 
88.505 B3 6529.25 6501.45 
88.505 120 13 04 50
88.505 244 0.28
88.50999 22 -1.26
88.50999 23 0.18
88.50999 25 0.00
88.50999 30 0.00
88.50999 B1 6483.99 6458.36 
88.50999 B3 6527.12 6499.98 
88.50999 120 13 04 50
88.50999 244 0.28
88.515 22 -1.24
88.515 23 0.17
88.515 25 0.00
88.515 30 0.00
88.515 B1 6482.86 6457.82 
88.515 B3 6525.50 6498.99 
88.515 120 13 04 50
88.515 244 0.27
88.52 22 -1.23
88.52 23 0.17
88.52 25 0.00
88.52 30 0.00
88.52 B1 6480.74 6456.29 
88.52 B3 6523.05 6497.16 
88.52 120 13 04 50
88.52 244 0.27
88.525 22 -1.21
88.525 23 0.15
88.525 25 0.00
88.525 30 0.00
88.525 B1 6479.25 6455.36 
88.525 B3 6521.18 6495.89 
88.525 120 13 04 50
88.525 244 0.27
88.53 22 -1.19
88.53 23 0.14
88.53 25 0.00
88.53 30 0.00
88.53 B1 6478.18 6454.84 
88.53 B3 6519.74 6495.03 
88.53 120 13 04 50
88.53 244 0.27
88.535 22 -1.18
88.535 23 0.14
88.535 25 0.00
88.535 30 0.00
88.535 B1 6477.42 6454.62 
88.535 B3 6518.62 6494.49 
88.535 120 13 04 50
88.535 244 0.27
88.54 22 -1.16
88.54 23 0.13
88.54 25 0.00
88.54 30 0.00
88.54 B1 6476.86 6454.58 
88.54 B3 6517.75 6494.17 
88.54 120 13 04 50
88.54 244 0.30
88.545 22 -1.14
88.545 23 0.13
88.545 25 0.00
88.545 30 0.00
88.545 B1 6484.37 6462.60 
88.545 B3 6524.24 6501.19 
88.545 120 13 04 50
88.545 244 0.30
88.55 22 -1.13
88.55 23 0.17
88.55 25 0.00
88.55 30 0.00
88.55 B1 6489.60 6468.30 
88.55 B3 6529.14 6506.60 
88.55 120 13 04 50
88.55 244 0.31
88.555 22 -1.11
88.555 23 0.20
88.555 25 0.00
88.555 30 0.00
88.555 B1 6497.22 6476.38 
88.555 B3 6536.44 6514.38 
88.555 120 13 04 50
88.555 244 0.32
88.56 22 -1.10
88.56 23 0.25
88.56 25 0.00
88.56 30 0.00
88.56 B1 6506.53 6486.12 
88.56 B3 6545.58 6523.99 
88.56 120 13 04 50
88.56 244 0.32
88.56499 22 -1.08
88.56499 23 0.30
88.56499 25 0.00
88.56499 30 0.00
88.56499 B1 6513.08 6493.09 
88.56499 B3 6552.56 6531.40 
88.56499 120 13 04 50
88.56499 244 0.35
88.57 22 -1.07
88.57 23 0.34
88.57 25 0.00
88.57 30 0.00
88.57 B1 6528.31 6508.71 
88.57 B3 6567.47 6546.74 
88.57 120 13 04 50
88.57 244 0.35
88.575 22 -1.05
88.575 23 0.43
88.575 25 0.00
88.575 30 0.00
88.575 B1 6539.05 6519.82 
88.575 B3 6578.88 6558.53 
88.575 120 13 04 50
88.575 244 0.37
88.58 22 -1.04
88.58 23 0.49
88.58 25 0.00
88.58 30 0.00
88.58 B1 6551.98 6533.12 
88.58 B3 6592.43 6572.46 
88.58 120 13 04 50
88.58 244 0.37
88.585 22 -1.02
88.585 23 0.57
88.585 25 0.00
88.585 30 0.00
88.585 B1 6563.84 6545.32 
88.585 B3 6605.26 6585.65 
88.585 120 13 04 50
88.585 244 0.38
88.59 22 -1.01
88.59 23 0.64
88.59 25 0.00
88.59 30 0.00
88.59 B1 6574.99 6556.81 
88.59 B3 6617.58 6598.31 
88.59 120 13 04 50
88.59 244 0.39
88.595 22 -0.99
88.595 23 0.70
88.595 25 0.00
88.595 30 0.00
88.595 B1 6585.70 6567.84 
88.595 B3 6629.55 6610.61 
88.595 120 13 04 50
88.595 244 0.39
88.6 22 -0.98
88.6 23 0.76
88.6 25 0.00
88.6 30 0.00
88.6 B1 6593.48 6575.94 
88.6 B3 6638.89 6620.28 
88.6 120 13 04 50
88.6 244 0.41
88.605 22 -0.96
88.605 23 0.81
88.605 25 0.00
88.605 30 0.00
88.605 B1 6604.53 6587.32 
88.605 B3 6651.06 6632.76 
88.605 120 13 04 50
88.605 244 0.42
88.61 22 -0.95
88.61 23 0.87
88.61 25 0.00
88.61 30 0.00
88.61 B1 6616.58 6599.69 
88.61 B3 6664.20 6646.21 
88.61 120 13 04 50
88.61 244 0.43
88.615 22 -0.93
88.615 23 0.93
88.615 25 0.00
88.615 30 0.00
88.615 B1 6629.36 6612.77 
88.615 B3 6678.10 6660.42 
88.615 120 13 04 50
88.615 244 0.44
88.62 22 -0.92
88.62 23 1.00
88.62 25 0.00
88.62 30 0.00
88.62 B1 6641.37 6625.08 
88.62 B3 6691.43 6674.04 
88.62 120 13 04 50
88.62 244 0.44
88.625 22 -0.91
88.625 23 1.07
88.625 25 0.00
88.625 30 0.00
88.625 B1 6650.24 6634.23 
88.625 B3 6701.97 6684.86 
88.625 120 13 04 50
88.625 244 0.44
88.63 22 -0.89
88.63 23 1.12
88.63 25 0.00
88.63 30 0.00
88.63 B1 6659.60 6643.88 
88.63 B3 6712.81 6695.99 
88.63 120 13 04 50
88.63 244 0.44
88.63499 22 -0.88
88.63499 23 1.16
88.63499 25 0.00
88.63499 30 0.00
88.63499 B1 6666.69 6651.25 
88.63499 B3 6721.53 6704.99 
88.63499 120 13 04 50
88.63499 244 0.44
88.64 22 -0.87
88.64 23 1.20
88.64 25 0.00
88.64 30 0.00
88.64 B1 6669.57 6654.43 
88.64 B3 6726.25 6709.99 
88.64 120 13 04 50
88.64 244 0.44
88.645 22 -0.85
88.645 23 1.21
88.645 25 0.00
88.645 30 0.00
88.645 B1 6673.51 6658.66 
88.645 B3 6731.55 6715.58 
88.645 120 13 04 50
88.645 244 0.43
88.65 22 -0.84
88.65 23 1.22
88.65 25 0.00
88.65 30 0.00
88.65 B1 6672.91 6658.35 
88.65 B3 6732.51 6716.83 
88.65 120 13 04 50
88.65 244 0.43
88.655 22 -0.83
88.655 23 1.21
88.655 25 0.00
88.655 30 0.00
88.655 B1 6671.78 6657.52 
88.655 B3 6732.57 6717.19 
88.655 120 13 04 50
88.655 244 0.42
88.66 22 -0.82
88.66 23 1.19
88.66 25 0.00
88.66 30 0.00
88.66 B1 6670.29 6656.33 
88.66 B3 6731.94 6716.86 
88.66 120 13 04 50
88.66 244 0.42
88.665 22 -0.80
88.665 23 1.17
88.665 25 0.00
88.665 30 0.00
88.665 B1 6669.84 6656.19 
88.665 B3 6731.97 6717.20 
88.665 120 13 04 50
88.665 244 0.42
88.67 22 -0.79
88.67 23 1.16
88.67 25 0.00
88.67 30 0.00
88.67 B1 6670.13 6656.77 
88.67 B3 6732.49 6718.02 
88.67 120 13 04 50
88.67 244 0.42
88.675 22 -0.78
88.675 23 1.15
88.675 25 0.00
88.675 30 0.00
88.675 B1 6670.91 6657.85 
88.675 B3 6733.38 6719.21 
88.675 120 13 04 50
88.675 244 0.42
88.68 22 -0.77
88.68 23 1.14
88.68 25 0.00
88.68 30 0.00
88.68 B1 6670.72 6657.94 
88.68 B3 6733.34 6719.47 
88.68 120 13 04 50
88.68 244 0.42
88.685 22 -0.76
88.685 23 1.13
88.685 25 0.00
88.685 30 0.00
88.685 B1 6671.16 6658.67 
88.685 B3 6733.80 6720.23 
88.685 120 13 04 50
88.685 244 0.40
88.68999 22 -0.74
88.68999 23 1.12
88.68999 25 0.00
88.68999 30 0.00
88.68999 B1 6666.76 6654.54 
88.68999 B3 6729.84 6716.55 
88.68999 120 13 04 50
88.68999 244 0.40
88.695 22 -0.73
88.695 23 1.08
88.695 25 0.00
88.695 30 0.00
88.695 B1 6664.26 6652.31 
88.695 B3 6727.29 6714.29 
88.695 120 13 04 50
88.695 244 0.40
88.7 22 -0.72
88.7 23 1.05
88.7 25 0.00
88.7 30 0.00
88.7 B1 6661.73 6650.06 
88.7 B3 6724.60 6711.90 
88.7 120 13 04 50
88.7 244 0.39
88.705 22 -0.71
88.705 23 1.03
88.705 25 0.00
88.705 30 0.00
88.705 B1 6657.87 6646.46 
88.705 B3 6720.61 6708.18 
88.705 120 13 04 50
88.705 244 0.38
88.71 22 -0.70
88.71 23 0.99
88.71 25 0.00
88.71 30 0.00
88.71 B1 6653.04 6641.90 
88.71 B3 6715.60 6703.46 
88.71 120 13 04 50
88.71 244 0.38
88.715 22 -0.69
88.715 23 0.95
88.715 25 0.00
88.715 30 0.00
88.715 B1 6648.86 6637.97 
88.715 B3 6711.00 6699.13 
88.715 120 13 04 50
88.715 244 0.38
88.72 22 -0.68
88.72 23 0.92
88.72 25 0.00
88.72 30 0.00
88.72 B1 6646.41 6635.78 
88.72 B3 6707.89 6696.29 
88.72 120 13 04 50
88.72 244 0.37
88.725 22 -0.67
88.725 23 0.89
88.725 25 0.00
88.725 30 0.00
88.725 B1 6643.85 6633.46 
88.725 B3 6704.69 6693.37 
88.725 120 13 04 50
88.725 244 0.37
88.73 22 -0.66
88.73 23 0.86
88.73 25 0.00
88.73 30 0.00
88.73 B1 6641.18 6631.03 
88.73 B3 6701.42 6690.36 
88.73 120 13 04 50
88.73 244 0.37
88.735 22 -0.65
88.735 23 0.84
88.735 25 0.00
88.735 30 0.00
88.735 B1 6638.43 6628.52 
88.735 B3 6698.08 6687.27 
88.735 120 13 04 50
88.735 244 0.35
88.74 22 -0.64
88.74 23 0.81
88.74 25 0.00
88.74 30 0.00
88.74 B1 6632.97 6623.29 
88.74 B3 6692.28 6681.72 
88.74 120 13 04 50
88.74 244 0.35
88.745 22 -0.63
88.745 23 0.77
88.745 25 0.00
88.745 30 0.00
88.745 B1 6629.56 6620.10 
88.745 B3 6688.18 6677.88 
88.745 120 13 04 50
88.745 244 0.35
88.75 22 -0.62
88.75 23 0.74
88.75 25 0.00
88.75 30 0.00
88.75 B1 6624.92 6615.68 
88.75 B3 6682.98 6672.91 
88.75 120 13 04 50
88.75 244 0.35
88.755 22 -0.61
88.755 23 0.70
88.755 25 0.00
88.755 30 0.00
88.755 B1 6622.05 6613.02 
88.755 B3 6679.30 6669.47 
88.755 120 13 04 50
88.755 244 0.34
88.75999 22 -0.60
88.75999 23 0.68
88.75999 25 0.00
88.75999 30 0.00
88.75999 B1 6617.74 6608.92 
88.75999 B3 6674.37 6664.78 
88.75999 120 13 04 50
88.75999 244 0.32
88.765 22 -0.59
88.765 23 0.64
88.765 25 0.00
88.765 30 0.00
88.765 B1 6609.79 6601.17 
88.765 B3 6666.10 6656.73 
88.765 120 13 04 50
88.765 244 0.31
88.77 22 -0.58
88.77 23 0.59
88.77 25 0.00
88.77 30 0.00
88.77 B1 6600.58 6592.16 
88.77 B3 6656.46 6647.32 
88.77 120 13 04 50
88.77 244 0.30
88.775 22 -0.57
88.775 23 0.52
88.775 25 0.00
88.775 30 0.00
88.775 B1 6589.13 6580.92 
88.775 B3 6644.56 6635.64 
88.775 120 13 04 50
88.775 244 0.30
88.78 22 -0.56
88.78 23 0.45
88.78 25 0.00
88.78 30 0.00
88.78 B1 6581.38 6573.37 
88.78 B3 6635.69 6626.99 
88.78 120 13 04 50
88.78 244 0.28
88.785 22 -0.56
88.785 23 0.40
88.785 25 0.00
88.785 30 0.00
88.785 B1 6570.87 6563.07 
88.785 B3 6624.31 6615.83 
88.785 120 13 04 50
88.785 244 0.26
88.79 22 -0.55
88.79 23 0.33
88.79 25 0.00
88.79 30 0.00
88.79 B1 6557.10 6549.49 
88.79 B3 6609.81 6601.54 
88.79 120 13 04 50
88.79 244 0.24
88.795 22 -0.54
88.795 23 0.24
88.795 25 0.00
88.795 30 0.00
88.795 B1 6539.66 6532.25 
88.795 B3 6591.69 6583.65 
88.795 120 13 04 50
88.795 244 0.22
88.8 22 -0.53
88.8 23 0.13
88.8 25 0.00
88.8 30 0.00
88.8 B1 6522.25 6515.03 
88.8 B3 6573.18 6565.36 
88.8 120 13 04 50
88.8 244 0.22
88.805 22 -0.52
88.805 23 0.03
88.805 25 0.00
88.805 30 0.00
88.805 B1 6510.06 6503.05 
88.805 B3 6559.10 6551.50 
88.805 120 13 04 50
88.805 244 0.19
88.81 22 -0.51
88.81 23 -0.05
88.81 25 0.00
88.81 30 0.00
88.81 B1 6489.60 6482.77 
88.81 B3 6537.59 6530.19 
88.81 120 13 04 50
88.81 244 0.19
88.81499 22 -0.51
88.81499 23 -0.17
88.81499 25 0.00
88.81499 30 0.00
88.81499 B1 6475.14 6468.51 
88.81499 B3 6521.12 6513.94 
88.81499 120 13 04 50
88.81499 244 0.15
88.82 22 -0.50
88.82 23 -0.26
88.82 25 0.00
88.82 30 0.00
88.82 B1 6454.28 6447.83 
88.82 B3 6498.89 6491.91 
88.82 120 13 04 50
88.82 244 0.13
88.825 22 -0.49
88.825 23 -0.38
88.825 25 0.00
88.825 30 0.00
88.825 B1 6431.47 6425.21 
88.825 B3 6474.59 6467.83 
88.825 120 13 04 50
88.825 244 0.13
88.82999 22 -0.48
88.82999 23 -0.52
88.82999 25 0.00
88.82999 30 0.00
88.82999 B1 6415.13 6409.06 
88.82999 B3 6455.84 6449.28 
88.82999 120 13 04 50
88.82999 244 0.13
88.835 22 -0.48
88.835 23 -0.61
88.835 25 0.00
88.835 30 0.00
88.835 B1 6403.27 6397.37 
88.835 B3 6441.24 6434.89 
88.835 120 13 04 50
88.835 244 0.10
88.84 22 -0.47
88.84 23 -0.68
88.84 25 0.00
88.84 30 0.00
88.84 B1 6385.27 6379.54 
88.84 B3 6421.40 6415.24 
88.84 120 13 04 50
88.84 244 0.10
88.845 22 -0.46
88.845 23 -0.78
88.845 25 0.00
88.845 30 0.00
88.845 B1 6372.11 6366.55 
88.845 B3 6405.88 6399.92 
88.845 120 13 04 50
88.845 244 0.10
88.85 22 -0.46
88.85 23 -0.85
88.85 25 0.00
88.85 30 0.00
88.85 B1 6362.32 6356.92 
88.85 B3 6393.63 6387.84 
88.85 120 13 04 50
88.85 244 0.09
88.855 22 -0.45
88.855 23 -0.91
88.855 25 0.00
88.855 30 0.00
88.855 B1 6350.92 6345.67 
88.855 B3 6380.24 6374.63 
88.855 120 13 04 50
88.855 244 0.08
88.86 22 -0.44
88.86 23 -0.97
88.86 25 0.00
88.86 30 0.00
88.86 B1 6339.66 6334.55 
88.86 B3 6367.15 6361.71 
88.86 120 13 04 50
88.86 244 0.08
88.865 22 -0.43
88.865 23 -1.02
88.865 25 0.00
88.865 30 0.00
88.865 B1 6331.10 6326.13 
88.865 B3 6356.66 6351.38 
88.865 120 13 04 50
88.865 244 0.07
88.87 22 -0.43
88.87 23 -1.07
88.87 25 0.00
88.87 30 0.00
88.87 B1 6321.79 6316.96 
88.87 B3 6345.74 6340.61 
88.87 120 13 04 50
88.87 244 0.07
88.875 22 -0.42
88.875 23 -1.11
88.875 25 0.00
88.875 30 0.00
88.875 B1 6314.56 6309.85 
88.875 B3 6336.87 6331.88 
88.875 120 13 04 50
88.875 244 0.07
88.88 22 -0.41
88.88 23 -1.14
88.88 25 0.00
88.88 30 0.00
88.88 B1 6307.47 6302.88 
88.88 B3 6328.34 6323.50 
88.88 120 13 04 50
88.88 244 0.07
88.88499 22 -0.41
88.88499 23 -1.17
88.88499 25 0.00
88.88499 30 0.00
88.88499 B1 6300.45 6295.99 
88.88499 B3 6320.08 6315.36 
88.88499 120 13 04 50
88.88499 244 0.06
88.89 22 -0.40
88.89 23 -1.20
88.89 25 0.00
88.89 30 0.00
88.89 B1 6292.16 6287.81 
88.89 B3 6310.80 6306.21 
88.89 120 13 04 50
88.89 244 0.06
88.895 22 -0.40
88.895 23 -1.24
88.895 25 0.00
88.895 30 0.00
88.895 B1 6284.25 6280.01 
88.895 B3 6301.93 6297.46 
88.895 120 13 04 50
88.895 244 0.06
88.9 22 -0.39
88.9 23 -1.27
88.9 25 0.00
88.9 30 0.00
88.9 B1 6277.92 6273.79 
88.9 B3 6294.54 6290.20 
88.9 120 13 04 50
88.9 244 0.04
88.905 22 -0.38
88.905 23 -1.30
88.905 25 0.00
88.905 30 0.00
88.905 B1 6268.73 6264.71 
88.905 B3 6284.70 6280.48 
88.905 120 13 04 50
88.905 244 0.04
88.91 22 -0.38
88.91 23 -1.34
88.91 25 0.00
88.91 30 0.00
88.91 B1 6261.45 6257.53 
88.91 B3 6276.55 6272.44 
88.91 120 13 04 50
88.91 244 0.04
88.915 22 -0.37
88.915 23 -1.36
88.915 25 0.00
88.915 30 0.00
88.915 B1 6254.19 6250.37 
88.915 B3 6268.48 6264.48 
88.915 120 13 04 50
88.915 244 0.04
88.92 22 -0.37
88.92 23 -1.39
88.92 25 0.00
88.92 30 0.00
88.92 B1 6248.25 6244.53 
88.92 B3 6261.67 6257.77 
88.92 120 13 04 50
88.92 244 0.04
88.925 22 -0.36
88.925 23 -1.41
88.925 25 0.00
88.925 30 0.00
88.925 B1 6243.25 6239.61 
88.925 B3 6255.80 6252.01 
88.925 120 13 04 50
88.925 244 0.04
88.93 22 -0.35
88.93 23 -1.43
88.93 25 0.00
88.93 30 0.00
88.93 B1 6237.58 6234.04 
88.93 B3 6249.46 6245.77 
88.93 120 13 04 50
88.93 244 0.04
88.935 22 -0.35
88.935 23 -1.44
88.935 25 0.00
88.935 30 0.00
88.935 B1 6232.75 6229.29 
88.935 B3 6243.96 6240.36 
88.935 120 13 04 50
88.935 244 0.04
88.93999 22 -0.34
88.93999 23 -1.46
88.93999 25 0.00
88.93999 30 0.00
88.93999 B1 6229.83 6226.46 
88.93999 B3 6240.28 6236.78 
88.93999 120 13 04 50
88.93999 244 0.04
88.945 22 -0.34
88.945 23 -1.46
88.945 25 0.00
88.945 30 0.00
88.945 B1 6226.97 6223.68 
88.945 B3 6236.81 6233.40 
88.945 120 13 04 50
88.945 244 0.05
88.95 22 -0.33
88.95 23 -1.46
88.95 25 0.00
88.95 30 0.00
88.95 B1 6226.78 6223.57 
88.95 B3 6235.90 6232.57 
88.95 120 13 04 50
88.95 244 0.06
88.95499 22 -0.33
88.95499 23 -1.45
88.95499 25 0.00
88.95499 30 0.00
88.95499 B1 6231.15 6228.02 
88.95499 B3 6239.35 6236.10 
88.95499 120 13 04 50
88.95499 244 0.06
88.96 22 -0.32
88.96 23 -1.41
88.96 25 0.00
88.96 30 0.00
88.96 B1 6233.53 6230.46 
88.96 B3 6241.39 6238.22 
88.96 120 13 04 50
88.96 244 0.07
88.965 22 -0.32
88.965 23 -1.38
88.965 25 0.00
88.965 30 0.00
88.965 B1 6237.12 6234.12 
88.965 B3 6244.75 6241.65 
88.965 120 13 04 50
88.965 244 0.07
88.97 22 -0.31
88.97 23 -1.34
88.97 25 0.00
88.97 30 0.00
88.97 B1 6238.96 6236.02 
88.97 B3 6246.74 6243.70 
88.97 120 13 04 50
88.97 244 0.08
88.975 22 -0.31
88.975 23 -1.32
88.975 25 0.00
88.975 30 0.00
88.975 B1 6242.20 6239.32 
88.975 B3 6250.08 6247.10 
88.975 120 13 04 50
88.975 244 0.08
88.98 22 -0.30
88.98 23 -1.28
88.98 25 0.00
88.98 30 0.00
88.98 B1 6245.12 6242.30 
88.98 B3 6253.27 6250.36 
88.98 120 13 04 50
88.98 244 0.09
88.985 22 -0.30
88.985 23 -1.25
88.985 25 0.00
88.985 30 0.00
88.985 B1 6249.16 6246.40 
88.985 B3 6257.55 6254.70 
88.985 120 13 04 50
88.985 244 0.09
88.99 22 -0.29
88.99 23 -1.21
88.99 25 0.00
88.99 30 0.00
88.99 B1 6252.68 6249.97 
88.99 B3 6261.49 6258.69 
88.99 120 13 04 50
88.99 244 0.09
88.995 22 -0.29
88.995 23 -1.18
88.995 25 0.00
88.995 30 0.00
88.995 B1 6254.53 6251.87 
88.995 B3 6263.98 6261.23 
88.995 120 13 04 50
88.995 244 0.09
89 22 -0.28
89 23 -1.15
89 25 0.00
89 30 0.00
89 B1 6252.55 6249.95 
89 B3 6262.97 6260.28 
89 120 13 04 50
89 244 0.09
89.005 22 -0.28
89.005 23 -1.15
89.005 25 0.00
89.005 30 0.00
89.005 B1 6250.52 6247.97 
89.005 B3 6261.69 6259.05 
89.005 120 13 04 50
89.005 244 0.08
89.00999 22 -0.27
89.00999 23 -1.14
89.00999 25 0.00
89.00999 30 0.00
89.00999 B1 6245.79 6243.30 
89.00999 B3 6257.80 6255.22 
89.00999 120 13 04 50
89.00999 244 0.07
89.015 22 -0.27
89.015 23 -1.16
89.015 25 0.00
89.015 30 0.00
89.015 B1 6239.15 6236.71 
89.015 B3 6251.92 6249.40 
89.015 120 13 04 50
89.015 244 0.07
89.02 22 -0.27
89.02 23 -1.18
89.02 25 0.00
89.02 30 0.02
89.02 B1 6233.78 6231.40 
89.02 B3 6246.90 6244.43 
89.02 120 13 04 50
89.02 244 0.00
89.025 22 -0.26
89.025 23 -1.19
89.025 25 0.00
89.025 30 0.02
89.025 B1 5951.98 5949.66 
89.025 B3 5991.38 5988.96 
89.025 120 13 04 50
89.025 244 0.00
89.03 22 -0.26
89.03 23 -2.77
89.03 25 0.00
89.03 30 0.02
89.03 B1 5752.60 5750.47 
89.03 B3 5795.33 5793.09 
89.03 120 13 04 50
89.03 244 0.00
89.035 22 -0.25
89.035 23 -4.04
89.035 25 0.00
89.035 30 0.18
89.035 B1 5618.00 5616.12 
89.035 B3 5649.69 5647.69 
89.035 120 13 04 50
89.035 244 0.00
89.04 22 -0.25
89.04 23 -4.97
89.04 25 0.00
89.04 30 0.18
89.04 B1 3838.08 3836.45 
89.04 B3 4012.39 4010.64 
89.04 120 13 04 50
89.04 244 0.00
89.045 22 -0.25
89.045 23 -15.14
89.045 25 0.00
89.045 30 0.77
89.045 B1 2569.32 2568.52 
89.045 B3 2781.97 2781.06 
89.045 120 13 04 50
89.045 244 0.00
89.05 22 -0.24
89.05 23 -12.99
89.05 25 0.00
89.05 30 0.77
89.05 B1 0.00 0.00 
89.05 B3 0.00 0.00 
89.05 120 13 04 50
89.05 244 0.00
89.055 22 -0.24
89.055 23 -8.53
89.055 25 0.00
89.055 30 0.85
89.055 B1 0.00 0.00 
89.055 B3 0.00 0.00 
89.055 120 13 04 50
89.055 244 0.00
89.06 22 -0.24
89.06 23 -8.53
89.06 25 0.00
89.06 30 1.00
89.06 B1 0.00 0.00 
89.06 B3 0.00 0.00 
89.06 120 13 04 50
89.06 244 0.00
89.06499 22 -0.23
89.06499 23 -8.52
89.06499 25 0.00
89.06499 30 1.00
89.06499 B1 0.00 0.00 
89.06499 B3 0.00 0.00 
89.06499 120 13 04 50
89.06499 244 0.00
89.07 22 -0.23
89.07 23 -8.52
89.07 25 0.00
89.07 30 1.00
89.07 B1 0.00 0.00 
89.07 B3 0.00 0.00 
89.07 120 13 04 50
89.07 244 0.00
89.075 22 -0.23
89.075 23 -8.51
89.075 25 0.00
89.075 30 1.00
89.075 B1 0.00 0.00 
89.075 B3 0.00 0.00 
89.075 120 13 04 50
89.075 244 0.00
89.07999 22 -0.22
89.07999 23 -8.51
89.07999 25 0.00
89.07999 30 1.00
89.07999 B1 0.00 0.00 
89.07999 B3 0.00 0.00 
89.07999 120 13 04 50
89.07999 244 0.00
89.085 22 -0.22
89.085 23 -8.50
89.085 25 0.00
89.085 30 1.00
89.085 B1 0.00 0.00 
89.085 B3 0.00 0.00 
89.085 120 13 04 50
89.085 244 0.00
89.09 22 -0.22
89.09 23 -8.49
89.09 25 0.00
89.09 30 1.00
89.09 B1 0.00 0.00 
89.09 B3 0.00 0.00 
89.09 120 13 04 50
89.09 244 0.00
89.095 22 -0.21
89.095 23 -8.49
89.095 25 0.00
89.095 30 1.00
89.095 B1 0.00 0.00 
89.095 B3 0.00 0.00 
89.095 120 13 04 50
89.095 244 0.00
89.1 22 -0.21
89.1 23 -8.48
89.1 25 0.00
89.1 30 1.00
89.1 B1 0.00 0.00 
89.1 B3 0.00 0.00 
89.1 120 13 04 50
89.1 244 0.00
89.105 22 -0.21
89.105 23 -8.47
89.105 25 0.00
89.105 30 1.00
89.105 B1 0.00 0.00 
89.105 B3 0.00 0.00 
89.105 120 13 04 50
89.105 244 0.00
89.11 22 -0.20
89.11 23 -8.47
89.11 25 0.00
89.11 30 1.00
89.11 B1 0.00 0.00 
89.11 B3 0.00 0.00 
89.11 120 13 04 50
89.11 244 0.00
89.115 22 -0.20
89.115 23 -8.46
89.115 25 0.00
89.115 30 1.00
89.115 B1 0.00 0.00 
89.115 B3 0.00 0.00 
89.115 120 13 04 50
89.115 244 0.00
89.12 22 -0.20
89.12 23 -8.45
89.12 25 0.00
89.12 30 1.00
89.12 B1 0.00 0.00 
89.12 B3 0.00 0.00 
89.12 120 13 04 50
89.12 244 0.00
89.125 22 -0.19
89.125 23 -8.45
89.125 25 0.00
89.125 30 1.00
89.125 B1 0.00 0.00 
89.125 B3 0.00 0.00 
89.125 120 13 04 50
89.125 244 0.00
89.13 22 -0.19
89.13 23 -8.44
89.13 25 0.00
89.13 30 1.00
89.13 B1 0.00 0.00 
89.13 B3 0.00 0.00 
89.13 120 13 04 50
89.13 244 0.00
89.13499 22 -0.19
89.13499 23 -8.43
89.13499 25 0.00
89.13499 30 1.00
89.13499 B1 0.00 0.00 
89.13499 B3 0.00 0.00 
89.13499 120 13 04 50
89.13499 244 0.00
89.14 22 -0.18
89.14 23 -8.43
89.14 25 0.00
89.14 30 1.00
89.14 B1 0.00 0.00 
89.14 B3 0.00 0.00 
89.14 120 13 04 50
89.14 244 0.00
89.145 22 -0.18
89.145 23 -8.42
89.145 25 0.00
89.145 30 1.00
89.145 B1 0.00 0.00 
89.145 B3 0.00 0.00 
89.145 120 13 04 50
89.145 244 0.00
89.15 22 -0.18
89.15 23 -8.41
89.15 25 0.00
89.15 30 1.00
89.15 B1 0.00 0.00 
89.15 B3 0.00 0.00 
89.15 120 13 04 50
89.15 244 0.00
89.155 22 -0.18
89.155 23 -8.40
89.155 25 0.00
89.155 30 1.00
89.155 B1 0.00 0.00 
89.155 B3 0.00 0.00 
89.155 120 13 04 50
89.155 244 0.00
89.16 22 -0.17
89.16 23 -8.40
89.16 25 0.00
89.16 30 1.00
89.16 B1 0.00 0.00 
89.16 B3 0.00 0.00 
89.16 120 13 04 50
89.16 244 0.00
89.165 22 -0.17
89.165 23 -8.39
89.165 25 0.00
89.165 30 1.00
89.165 B1 0.00 0.00 
89.165 B3 0.00 0.00 
89.165 120 13 04 50
89.165 244 0.00
89.17 22 -0.17
89.17 23 -8.38
89.17 25 0.00
89.17 30 1.00
89.17 B1 0.00 0.00 
89.17 B3 0.00 0.00 
89.17 120 13 04 50
89.17 244 0.00
89.175 22 -0.16
89.175 23 -8.37
89.175 25 0.00
89.175 30 1.00
89.175 B1 0.00 0.00 
89.175 B3 0.00 0.00 
89.175 120 13 04 50
89.175 244 0.00
89.18 22 -0.16
89.18 23 -8.37
89.18 25 0.00
89.18 30 1.00
89.18 B1 0.00 0.00 
89.18 B3 0.00 0.00 
89.18 120 13 04 50
89.18 244 0.00
89.185 22 -0.16
89.185 23 -8.36
89.185 25 0.00
89.185 30 1.00
89.185 B1 0.00 0.00 
89.185 B3 0.00 0.00 
89.185 120 13 04 50
89.185 244 0.00
89.18999 22 -0.16
89.18999 23 -8.35
89.18999 25 0.00
89.18999 30 1.00
89.18999 B1 0.00 0.00 
89.18999 B3 0.00 0.00 
89.18999 120 13 04 50
89.18999 244 0.00
89.195 22 -0.15
89.195 23 -8.34
89.195 25 0.00
89.195 30 1.00
89.195 B1 0.00 0.00 
89.195 B3 0.00 0.00 
89.195 120 13 04 50
89.195 244 0.00
89.2 22 -0.15
89.2 23 -8.34
89.2 25 0.00
89.2 30 1.00
89.2 B1 0.00 0.00 
89.2 B3 0.00 0.00 
89.2 120 13 04 50
89.2 244 0.00
89.20499 22 -0.15
89.20499 23 -8.33
89.20499 25 0.00
89.20499 30 1.00
89.20499 B1 0.00 0.00 
89.20499 B3 0.00 0.00 
89.20499 120 13 04 50
89.20499 244 0.00
89.21 22 -0.15
89.21 23 -8.32
89.21 25 0.00
89.21 30 1.00
89.21 B1 0.00 0.00 
89.21 B3 0.00 0.00 
89.21 120 13 04 50
89.21 244 0.00
89.215 22 -0.14
89.215 23 -8.32
89.215 25 0.00
89.215 30 1.00
89.215 B1 0.00 0.00 
89.215 B3 0.00 0.00 
89.215 120 13 04 50
89.215 244 0.00
89.22 22 -0.14
89.22 23 -8.31
89.22 25 0.00
89.22 30 1.00
89.22 B1 0.00 0.00 
89.22 B3 0.00 0.00 
89.22 120 13 04 50
89.22 244 0.00
89.225 22 -0.14
89.225 23 -8.30
89.225 25 0.00
89.225 30 1.00
89.225 B1 0.00 0.00 
89.225 B3 0.00 0.00 
89.225 120 13 04 50
89.225 244 0.00
89.23 22 -0.14
89.23 23 -8.30
89.23 25 0.00
89.23 30 1.00
89.23 B1 0.00 0.00 
89.23 B3 0.00 0.00 
89.23 120 13 04 50
89.23 244 0.00
89.235 22 -0.13
89.235 23 -8.29
89.235 25 0.00
89.235 30 1.00
89.235 B1 0.00 0.00 
89.235 B3 0.00 0.00 
89.235 120 13 04 50
89.235 244 0.00
89.24 22 -0.13
89.24 23 -8.28
89.24 25 0.00
89.24 30 1.00
89.24 B1 0.00 0.00 
89.24 B3 0.00 0.00 
89.24 120 13 04 50
89.24 244 0.00
89.245 22 -0.13
89.245 23 -8.28
89.245 25 0.00
89.245 30 1.00
89.245 B1 0.00 0.00 
89.245 B3 0.00 0.00 
89.245 120 13 04 50
89.245 244 0.00
89.25 22 -0.13
89.25 23 -8.27
89.25 25 0.00
89.25 30 1.00
89.25 B1 0.00 0.00 
89.25 B3 0.00 0.00 
89.25 120 13 04 50
89.25 244 0.00
89.255 22 -0.13
89.255 23 -8.26
89.255 25 0.00
89.255 30 1.00
89.255 B1 0.00 0.00 
89.255 B3 0.00 0.00 
89.255 120 13 04 50
89.255 244 0.00
89.25999 22 -0.12
89.25999 23 -8.26
89.25999 25 0.00
89.25999 30 1.00
89.25999 B1 0.00 0.00 
89.25999 B3 0.00 0.00 
89.25999 120 13 04 50
89.25999 244 0.00
89.265 22 -0.12
89.265 23 -8.25
89.265 25 0.00
89.265 30 1.00
89.265 B1 0.00 0.00 
89.265 B3 0.00 0.00 
89.265 120 13 04 50
89.265 244 0.00
89.27 22 -0.12
89.27 23 -8.25
89.27 25 0.00
89.27 30 1.00
89.27 B1 0.00 0.00 
89.27 B3 0.00 0.00 
89.27 120 13 04 50
89.27 244 0.00
89.275 22 -0.12
89.275 23 -8.24
89.275 25 0.00
89.275 30 1.00
89.275 B1 0.00 0.00 
89.275 B3 0.00 0.00 
89.275 120 13 04 50
89.275 244 0.00
89.28 22 -0.11
89.28 23 -8.23
89.28 25 0.00
89.28 30 1.00
89.28 B1 0.00 0.00 
89.28 B3 0.00 0.00 
89.28 120 13 04 50
89.28 244 0.00
89.285 22 -0.11
89.285 23 -8.23
89.285 25 0.00
89.285 30 1.00
89.285 B1 0.00 0.00 
89.285 B3 0.00 0.00 
89.285 120 13 04 50
89.285 244 0.00
89.29 22 -0.11
89.29 23 -8.22
89.29 25 0.00
89.29 30 1.00
89.29 B1 0.00 0.00 
89.29 B3 0.00 0.00 
89.29 120 13 04 50
89.29 244 0.00
89.295 22 -0.11
89.295 23 -8.22
89.295 25 0.00
89.295 30 1.00
89.295 B1 0.00 0.00 
89.295 B3 0.00 0.00 
89.295 120 13 04 50
89.295 244 0.00
89.3 22 -0.11
89.3 23 -8.21
89.3 25 0.00
89.3 30 1.00
89.3 B1 0.00 0.00 
89.3 B3 0.00 0.00 
89.3 120 13 04 50
89.3 244 0.00
89.305 22 -0.10
89.305 23 -8.20
89.305 25 0.00
89.305 30 1.00
89.305 B1 0.00 0.00 
89.305 B3 0.00 0.00 
89.305 120 13 04 50
89.305 244 0.00
89.31 22 -0.10
89.31 23 -8.20
89.31 25 0.00
89.31 30 1.00
89.31 B1 0.00 0.00 
89.31 B3 0.00 0.00 
89.31 120 13 04 50
89.31 244 0.00
89.31499 22 -0.10
89.31499 23 -8.19
89.31499 25 0.00
89.31499 30 1.00
89.31499 B1 0.00 0.00 
89.31499 B3 0.00 0.00 
89.31499 120 13 04 50
89.31499 244 0.00
89.32 22 -0.10
89.32 23 -8.19
89.32 25 0.00
89.32 30 1.00
89.32 B1 0.00 0.00 
89.32 B3 0.00 0.00 
89.32 120 13 04 50
89.32 244 0.00
89.325 22 -0.10
89.325 23 -8.18
89.325 25 0.00
89.325 30 1.00
89.325 B1 0.00 0.00 
89.325 B3 0.00 0.00 
89.325 120 13 04 50
89.325 244 0.00
89.32999 22 -0.10
89.32999 23 -8.18
89.32999 25 0.00
89.32999 30 1.00
89.32999 B1 0.00 0.00 
89.32999 B3 0.00 0.00 
89.32999 120 13 04 50
89.32999 244 0.00
89.335 22 -0.09
89.335 23 -8.17
89.335 25 0.00
89.335 30 1.00
89.335 B1 0.00 0.00 
89.335 B3 0.00 0.00 
89.335 120 13 04 50
89.335 244 0.00
89.34 22 -0.09
89.34 23 -8.17
89.34 25 0.00
89.34 30 1.00
89.34 B1 0.00 0.00 
89.34 B3 0.00 0.00 
89.34 120 13 04 50
89.34 244 0.00
89.345 22 -0.09
89.345 23 -8.16
89.345 25 0.00
89.345 30 1.00
89.345 B1 0.00 0.00 
89.345 B3 0.00 0.00 
89.345 120 13 04 50
89.345 244 0.00
89.35 22 -0.09
89.35 23 -8.15
89.35 25 0.00
89.35 30 1.00
89.35 B1 0.00 0.00 
89.35 B3 0.00 0.00 
89.35 120 13 04 50
89.35 244 0.00
89.355 22 -0.09
89.355 23 -8.15
89.355 25 0.00
89.355 30 1.00
89.355 B1 0.00 0.00 
89.355 B3 0.00 0.00 
89.355 120 13 04 50
89.355 244 0.00
89.36 22 -0.09
89.36 23 -8.14
89.36 25 0.00
89.36 30 1.00
89.36 B1 0.00 0.00 
89.36 B3 0.00 0.00 
89.36 120 13 04 50
89.36 244 0.00
89.365 22 -0.08
89.365 23 -8.14
89.365 25 0.00
89.365 30 1.00
89.365 B1 0.00 0.00 
89.365 B3 0.00 0.00 
89.365 120 13 04 50
89.365 244 0.00
89.37 22 -0.08
89.37 23 -8.13
89.37 25 0.00
89.37 30 1.00
89.37 B1 0.00 0.00 
89.37 B3 0.00 0.00 
89.37 120 13 04 50
89.37 244 0.00
89.375 22 -0.08
89.375 23 -8.13
89.375 25 0.00
89.375 30 1.00
89.375 B1 0.00 0.00 
89.375 B3 0.00 0.00 
89.375 120 13 04 50
89.375 244 0.00
89.38 22 -0.08
89.38 23 -8.12
89.38 25 0.00
89.38 30 1.00
89.38 B1 0.00 0.00 
89.38 B3 0.00 0.00 
89.38 120 13 04 50
89.38 244 0.00
89.38499 22 -0.08
89.38499 23 -8.12
89.38499 25 0.00
89.38499 30 1.00
89.38499 B1 0.00 0.00 
89.38499 B3 0.00 0.00 
89.38499 120 13 04 50
89.38499 244 0.00
89.39 22 -0.08
89.39 23 -8.11
89.39 25 0.00
89.39 30 1.00
89.39 B1 0.00 0.00 
89.39 B3 0.00 0.00 
89.39 120 13 04 50
89.39 244 0.00
89.395 22 -0.07
89.395 23 -8.10
89.395 25 0.00
89.395 30 1.00
89.395 B1 0.00 0.00 
89.395 B3 0.00 0.00 
89.395 120 13 04 50
89.395 244 0.00
89.4 22 -0.07
89.4 23 -8.10
89.4 25 0.00
89.4 30 1.00
89.4 B1 0.00 0.00 
89.4 B3 0.00 0.00 
89.4 120 13 04 50
89.4 244 0.00
89.405 22 -0.07
89.405 23 -8.09
89.405 25 0.00
89.405 30 1.00
89.405 B1 0.00 0.00 
89.405 B3 0.00 0.00 
89.405 120 13 04 50
89.405 244 0.00
89.41 22 -0.07
89.41 23 -8.09
89.41 25 0.00
89.41 30 1.00
89.41 B1 0.00 0.00 
89.41 B3 0.00 0.00 
89.41 120 13 04 50
89.41 244 0.00
89.415 22 -0.07
89.415 23 -8.08
89.415 25 0.00
89.415 30 1.00
89.415 B1 0.00 0.00 
89.415 B3 0.00 0.00 
89.415 120 13 04 50
89.415 244 0.00
89.42 22 -0.07
89.42 23 -8.08
89.42 25 0.00
89.42 30 1.00
89.42 B1 0.00 0.00 
89.42 B3 0.00 0.00 
89.42 120 13 04 50
89.42 244 0.00
89.425 22 -0.07
89.425 23 -8.07
89.425 25 0.00
89.425 30 1.00
89.425 B1 0.00 0.00 
89.425 B3 0.00 0.00 
89.425 120 13 04 50
89.425 244 0.00
89.43 22 -0.07
89.43 23 -8.06
89.43 25 0.00
89.43 30 1.00
89.43 B1 0.00 0.00 
89.43 B3 0.00 0.00 
89.43 120 13 04 50
89.43 244 0.00
89.435 22 -0.06
89.435 23 -8.06
89.435 25 0.00
89.435 30 1.00
89.435 B1 0.00 0.00 
89.435 B3 0.00 0.00 
89.435 120 13 04 50
89.435 244 0.00
89.43999 22 -0.06
89.43999 23 -8.05
89.43999 25 0.00
89.43999 30 1.00
89.43999 B1 0.00 0.00 
89.43999 B3 0.00 0.00 
89.43999 120 13 04 50
89.43999 244 0.00
89.445 22 -0.06
89.445 23 -8.05
89.445 25 0.00
89.445 30 1.00
89.445 B1 0.00 0.00 
89.445 B3 0.00 0.00 
89.445 120 13 04 50
89.445 244 0.00
89.45 22 -0.06
89.45 23 -8.04
89.45 25 0.00
89.45 30 1.00
89.45 B1 0.00 0.00 
89.45 B3 0.00 0.00 
89.45 120 13 04 50
89.45 244 0.00
89.45499 22 -0.06
89.45499 23 -8.03
89.45499 25 0.00
89.45499 30 1.00
89.45499 B1 0.00 0.00 
89.45499 B3 0.00 0.00 
89.45499 120 13 04 50
89.45499 244 0.00
89.46 22 -0.06
89.46 23 -8.03
89.46 25 0.00
89.46 30 1.00
89.46 B1 0.00 0.00 
89.46 B3 0.00 0.00 
89.46 120 13 04 50
89.46 244 0.00
89.465 22 -0.06
89.465 23 -8.02
89.465 25 0.00
89.465 30 1.00
89.465 B1 0.00 0.00 
89.465 B3 0.00 0.00 
89.465 120 13 04 50
89.465 244 0.00
89.47 22 -0.06
89.47 23 -8.02
89.47 25 0.00
89.47 30 1.00
89.47 B1 0.00 0.00 
89.47 B3 0.00 0.00 
89.47 120 13 04 50
89.47 244 0.00
89.475 22 -0.05
89.475 23 -8.01
89.475 25 0.00
89.475 30 1.00
89.475 B1 0.00 0.00 
89.475 B3 0.00 0.00 
89.475 120 13 04 50
89.475 244 0.00
89.48 22 -0.05
89.48 23 -8.01
89.48 25 0.00
89.48 30 1.00
89.48 B1 0.00 0.00 
89.48 B3 0.00 0.00 
89.48 120 13 04 50
89.48 244 0.00
89.485 22 -0.05
89.485 23 -8.00
89.485 25 0.00
89.485 30 1.00
89.485 B1 0.00 0.00 
89.485 B3 0.00 0.00 
89.485 120 13 04 50
89.485 244 0.00
89.49 22 -0.05
89.49 23 -7.99
89.49 25 0.00
89.49 30 1.00
89.49 B1 0.00 0.00 
89.49 B3 0.00 0.00 
89.49 120 13 04 50
89.49 244 0.00
89.495 22 -0.05
89.495 23 -7.99
89.495 25 0.00
89.495 30 1.00
89.495 B1 0.00 0.00 
89.495 B3 0.00 0.00 
89.495 120 13 04 50
89.495 244 0.00
89.5 22 -0.05
89.5 23 -7.98
89.5 25 0.00
89.5 30 1.00
89.5 B1 0.00 0.00 
89.5 B3 0.00 0.00 
89.5 120 13 04 50
89.5 244 0.00
89.505 22 -0.05
89.505 23 -7.98
89.505 25 0.00
89.505 30 1.00
89.505 B1 0.00 0.00 
89.505 B3 0.00 0.00 
89.505 120 13 04 50
89.505 244 0.00
89.50999 22 -0.05
89.50999 23 -7.97
89.50999 25 0.00
89.50999 30 1.00
89.50999 B1 0.00 0.00 
89.50999 B3 0.00 0.00 
89.50999 120 13 04 50
89.50999 244 0.00
89.515 22 -0.05
89.515 23 -7.96
89.515 25 0.00
89.515 30 1.00
89.515 B1 0.00 0.00 
89.515 B3 0.00 0.00 
89.515 120 13 04 50
89.515 244 0.00
89.52 22 -0.05
89.52 23 -7.96
89.52 25 0.00
89.52 30 1.00
89.52 B1 0.00 0.00 
89.52 B3 0.00 0.00 
89.52 120 13 04 50
89.52 244 0.00
89.525 22 -0.04
89.525 23 -7.95
89.525 25 0.00
89.525 30 1.00
89.525 B1 0.00 0.00 
89.525 B3 0.00 0.00 
89.525 120 13 04 50
89.525 244 0.00
89.53 22 -0.04
89.53 23 -7.95
89.53 25 0.00
89.53 30 1.00
89.53 B1 0.00 0.00 
89.53 B3 0.00 0.00 
89.53 120 13 04 50
89.53 244 0.00
89.535 22 -0.04
89.535 23 -7.94
89.535 25 0.00
89.535 30 1.00
89.535 B1 0.00 0.00 
89.535 B3 0.00 0.00 
89.535 120 13 04 50
89.535 244 0.00
89.54 22 -0.04
89.54 23 -7.93
89.54 25 0.00
89.54 30 1.00
89.54 B1 0.00 0.00 
89.54 B3 0.00 0.00 
89.54 120 13 04 50
89.54 244 0.00
89.545 22 -0.04
89.545 23 -7.93
89.545 25 0.00
89.545 30 1.00
89.545 B1 0.00 0.00 
89.545 B3 0.00 0.00 
89.545 120 13 04 50
89.545 244 0.00
89.55 22 -0.04
89.55 23 -7.92
89.55 25 0.00
89.55 30 1.00
89.55 B1 0.00 0.00 
89.55 B3 0.00 0.00 
89.55 120 13 04 50
89.55 244 0.00
89.555 22 -0.04
89.555 23 -7.92
89.555 25 0.00
89.555 30 1.00
89.555 B1 0.00 0.00 
89.555 B3 0.00 0.00 
89.555 120 13 04 50
89.555 244 0.00
89.56 22 -0.04
89.56 23 -7.91
89.56 25 0.00
89.56 30 1.00
89.56 B1 0.00 0.00 
89.56 B3 0.00 0.00 
89.56 120 13 04 50
89.56 244 0.00
89.56499 22 -0.04
89.56499 23 -7.90
89.56499 25 0.00
89.56499 30 1.00
89.56499 B1 0.00 0.00 
89.56499 B3 0.00 0.00 
89.56499 120 13 04 50
89.56499 244 0.00
89.57 22 -0.04
89.57 23 -7.90
89.57 25 0.00
89.57 30 1.00
89.57 B1 0.00 0.00 
89.57 B3 0.00 0.00 
89.57 120 13 04 50
89.57 244 0.00
89.575 22 -0.04
89.575 23 -7.89
89.575 25 0.00
89.575 30 1.00
89.575 B1 0.00 0.00 
89.575 B3 0.00 0.00 
89.575 120 13 04 50
89.575 244 0.00
89.57999 22 -0.03
89.57999 23 -7.89
89.57999 25 0.00
89.57999 30 1.00
89.57999 B1 0.00 0.00 
89.57999 B3 0.00 0.00 
89.57999 120 13 04 50
89.57999 244 0.00
89.585 22 -0.03
89.585 23 -7.88
89.585 25 0.00
89.585 30 1.00
89.585 B1 0.00 0.00 
89.585 B3 0.00 0.00 
89.585 120 13 04 50
89.585 244 0.00
89.59 22 -0.03
89.59 23 -7.87
89.59 25 0.00
89.59 30 1.00
89.59 B1 0.00 0.00 
89.59 B3 0.00 0.00 
89.59 120 13 04 50
89.59 244 0.00
89.595 22 -0.03
89.595 23 -7.87
89.595 25 0.00
89.595 30 1.00
89.595 B1 0.00 0.00 
89.595 B3 0.00 0.00 
89.595 120 13 04 50
89.595 244 0.00
89.6 22 -0.03
89.6 23 -7.86
89.6 25 0.00
89.6 30 1.00
89.6 B1 0.00 0.00 
89.6 B3 0.00 0.00 
89.6 120 13 04 50
89.6 244 0.00
89.605 22 -0.03
89.605 23 -7.86
89.605 25 0.00
89.605 30 1.00
89.605 B1 0.00 0.00 
89.605 B3 0.00 0.00 
89.605 120 13 04 50
89.605 244 0.00
89.61 22 -0.03
89.61 23 -7.85
89.61 25 0.00
89.61 30 1.00
89.61 B1 0.00 0.00 
89.61 B3 0.00 0.00 
89.61 120 13 04 50
89.61 244 0.00
89.615 22 -0.03
89.615 23 -7.85
89.615 25 0.00
89.615 30 1.00
89.615 B1 0.00 0.00 
89.615 B3 0.00 0.00 
89.615 120 13 04 50
89.615 244 0.00
89.62 22 -0.03
89.62 23 -7.84
89.62 25 0.00
89.62 30 1.00
89.62 B1 0.00 0.00 
89.62 B3 0.00 0.00 
89.62 120 13 04 50
89.62 244 0.00
89.625 22 -0.03
89.625 23 -7.83
89.625 25 0.00
89.625 30 1.00
89.625 B1 0.00 0.00 
89.625 B3 0.00 0.00 
89.625 120 13 04 50
89.625 244 0.00
89.63 22 -0.03
89.63 23 -7.83
89.63 25 0.00
89.63 30 1.00
89.63 B1 0.00 0.00 
89.63 B3 0.00 0.00 
89.63 120 13 04 50
89.63 244 0.00
89.63499 22 -0.03
89.63499 23 -7.82
89.63499 25 0.00
89.63499 30 1.00
89.63499 B1 0.00 0.00 
89.63499 B3 0.00 0.00 
89.63499 120 13 04 50
89.63499 244 0.00
89.64 22 -0.03
89.64 23 -7.82
89.64 25 0.00
89.64 30 1.00
89.64 B1 0.00 0.00 
89.64 B3 0.00 0.00 
89.64 120 13 04 50
89.64 244 0.00
89.645 22 -0.03
89.645 23 -7.81
89.645 25 0.00
89.645 30 1.00
89.645 B1 0.00 0.00 
89.645 B3 0.00 0.00 
89.645 120 13 04 50
89.645 244 0.00
89.65 22 -0.03
89.65 23 -7.80
89.65 25 0.00
89.65 30 1.00
89.65 B1 0.00 0.00 
89.65 B3 0.00 0.00 
89.65 120 13 04 50
89.65 244 0.00
89.655 22 -0.02
89.655 23 -7.80
89.655 25 0.00
89.655 30 1.00
89.655 B1 0.00 0.00 
89.655 B3 0.00 0.00 
89.655 120 13 04 50
89.655 244 0.00
89.66 22 -0.02
89.66 23 -7.79
89.66 25 0.00
89.66 30 1.00
89.66 B1 0.00 0.00 
89.66 B3 0.00 0.00 
89.66 120 13 04 50
89.66 244 0.00
89.665 22 -0.02
89.665 23 -7.79
89.665 25 0.00
89.665 30 1.00
89.665 B1 0.00 0.00 
89.665 B3 0.00 0.00 
89.665 120 13 04 50
89.665 244 0.00
89.67 22 -0.02
89.67 23 -7.78
89.67 25 0.00
89.67 30 1.00
89.67 B1 0.00 0.00 
89.67 B3 0.00 0.00 
89.67 120 13 04 50
89.67 244 0.00
89.675 22 -0.02
89.675 23 -7.78
89.675 25 0.00
89.675 30 1.00
89.675 B1 0.00 0.00 
89.675 B3 0.00 0.00 
89.675 120 13 04 50
89.675 244 0.00
89.68 22 -0.02
89.68 23 -7.77
89.68 25 0.00
89.68 30 1.00
89.68 B1 0.00 0.00 
89.68 B3 0.00 0.00 
89.68 120 13 04 50
89.68 244 0.00
89.685 22 -0.02
89.685 23 -7.76
89.685 25 0.00
89.685 30 1.00
89.685 B1 0.00 0.00 
89.685 B3 0.00 0.00 
89.685 120 13 04 50
89.685 244 0.00
89.68999 22 -0.02
89.68999 23 -7.76
89.68999 25 0.00
89.68999 30 1.00
89.68999 B1 0.00 0.00 
89.68999 B3 0.00 0.00 
89.68999 120 13 04 50
89.68999 244 0.00
89.695 22 -0.02
89.695 23 -7.75
89.695 25 0.00
89.695 30 1.00
89.695 B1 0.00 0.00 
89.695 B3 0.00 0.00 
89.695 120 13 04 50
89.695 244 0.00
89.7 22 -0.02
89.7 23 -7.75
89.7 25 0.00
89.7 30 1.00
89.7 B1 0.00 0.00 
89.7 B3 0.00 0.00 
89.7 120 13 04 50
89.7 244 0.00
89.70499 22 -0.02
89.70499 23 -7.74
89.70499 25 0.00
89.70499 30 1.00
89.70499 B1 0.00 0.00 
89.70499 B3 0.00 0.00 
89.70499 120 13 04 50
89.70499 244 0.00
89.71 22 -0.02
89.71 23 -7.74
89.71 25 0.00
89.71 30 1.00
89.71 B1 0.00 0.00 
89.71 B3 0.00 0.00 
89.71 120 13 04 50
89.71 244 0.00
89.715 22 -0.02
89.715 23 -7.73
89.715 25 0.00
89.715 30 1.00
89.715 B1 0.00 0.00 
89.715 B3 0.00 0.00 
89.715 120 13 04 50
89.715 244 0.00
89.72 22 -0.02
89.72 23 -7.72
89.72 25 0.00
89.72 30 1.00
89.72 B1 0.00 0.00 
89.72 B3 0.00 0.00 
89.72 120 13 04 50
89.72 244 0.00
89.725 22 -0.02
89.725 23 -7.72
89.725 25 0.00
89.725 30 1.00
89.725 B1 0.00 0.00 
89.725 B3 0.00 0.00 
89.725 120 13 04 50
89.725 244 0.00
89.73 22 -0.02
89.73 23 -7.71
89.73 25 0.00
89.73 30 1.00
89.73 B1 0.00 0.00 
89.73 B3 0.00 0.00 
89.73 120 13 04 50
89.73 244 0.00
89.735 22 -0.02
89.735 23 -7.71
89.735 25 0.00
89.735 30 1.00
89.735 B1 0.00 0.00 
89.735 B3 0.00 0.00 
89.735 120 13 04 50
89.735 244 0.00
89.74 22 -0.02
89.74 23 -7.70
89.74 25 0.00
89.74 30 1.00
89.74 B1 0.00 0.00 
89.74 B3 0.00 0.00 
89.74 120 13 04 50
89.74 244 0.00
89.745 22 -0.02
89.745 23 -7.70
89.745 25 0.00
89.745 30 1.00
89.745 B1 0.00 0.00 
89.745 B3 0.00 0.00 
89.745 120 13 04 50
89.745 244 0.00
89.75 22 -0.02
89.75 23 -7.69
89.75 25 0.00
89.75 30 1.00
89.75 B1 0.00 0.00 
89.75 B3 0.00 0.00 
89.75 120 13 04 50
89.75 244 0.00
89.755 22 -0.02
89.755 23 -7.69
89.755 25 0.00
89.755 30 1.00
89.755 B1 0.00 0.00 
89.755 B3 0.00 0.00 
89.755 120 13 04 50
89.755 244 0.00
89.75999 22 -0.02
89.75999 23 -7.68
89.75999 25 0.00
89.75999 30 1.00
89.75999 B1 0.00 0.00 
89.75999 B3 0.00 0.00 
89.75999 120 13 04 50
89.75999 244 0.00
89.765 22 -0.01
89.765 23 -7.67
89.765 25 0.00
89.765 30 1.00
89.765 B1 0.00 0.00 
89.765 B3 0.00 0.00 
89.765 120 13 04 50
89.765 244 0.00
89.77 22 -0.01
89.77 23 -7.67
89.77 25 0.00
89.77 30 1.00
89.77 B1 0.00 0.00 
89.77 B3 0.00 0.00 
89.77 120 13 04 50
89.77 244 0.00
89.775 22 -0.01
89.775 23 -7.66
89.775 25 0.00
89.775 30 1.00
89.775 B1 0.00 0.00 
89.775 B3 0.00 0.00 
89.775 120 13 04 50
89.775 244 0.00
89.78 22 -0.01
89.78 23 -7.66
89.78 25 0.00
89.78 30 1.00
89.78 B1 0.00 0.00 
89.78 B3 0.00 0.00 
89.78 120 13 04 50
89.78 244 0.00
89.785 22 -0.01
89.785 23 -7.65
89.785 25 0.00
89.785 30 1.00
89.785 B1 0.00 0.00 
89.785 B3 0.00 0.00 
89.785 120 13 04 50
89.785 244 0.00
89.79 22 -0.01
89.79 23 -7.65
89.79 25 0.00
89.79 30 1.00
89.79 B1 0.00 0.00 
89.79 B3 0.00 0.00 
89.79 120 13 04 50
89.79 244 0.00
89.795 22 -0.01
89.795 23 -7.64
89.795 25 0.00
89.795 30 1.00
89.795 B1 0.00 0.00 
89.795 B3 0.00 0.00 
89.795 120 13 04 50
89.795 244 0.00
89.8 22 -0.01
89.8 23 -7.64
89.8 25 0.00
89.8 30 1.00
89.8 B1 0.00 0.00 
89.8 B3 0.00 0.00 
89.8 120 13 04 50
89.8 244 0.00
89.805 22 -0.01
89.805 23 -7.63
89.805 25 0.00
89.805 30 1.00
89.805 B1 0.00 0.00 
89.805 B3 0.00 0.00 
89.805 120 13 04 50
89.805 244 0.00
89.81 22 -0.01
89.81 23 -7.62
89.81 25 0.00
89.81 30 1.00
89.81 B1 0.00 0.00 
89.81 B3 0.00 0.00 
89.81 120 13 04 50
89.81 244 0.00
89.81499 22 -0.01
89.81499 23 -7.62
89.81499 25 0.00
89.81499 30 1.00
89.81499 B1 0.00 0.00 
89.81499 B3 0.00 0.00 
89.81499 120 13 04 50
89.81499 244 0.00
89.82 22 -0.01
89.82 23 -7.61
89.82 25 0.00
89.82 30 1.00
89.82 B1 0.00 0.00 
89.82 B3 0.00 0.00 
89.82 120 13 04 50
89.82 244 0.00
89.825 22 -0.01
89.825 23 -7.61
89.825 25 0.00
89.825 30 1.00
89.825 B1 0.00 0.00 
89.825 B3 0.00 0.00 
89.825 120 13 04 50
89.825 244 0.00
89.82999 22 -0.01
89.82999 23 -7.60
89.82999 25 0.00
89.82999 30 1.00
89.82999 B1 0.00 0.00 
89.82999 B3 0.00 0.00 
89.82999 120 13 04 50
89.82999 244 0.00
89.835 22 -0.01
89.835 23 -7.60
89.835 25 0.00
89.835 30 1.00
89.835 B1 0.00 0.00 
89.835 B3 0.00 0.00 
89.835 120 13 04 50
89.835 244 0.00
89.84 22 -0.01
89.84 23 -7.59
89.84 25 0.00
89.84 30 1.00
89.84 B1 0.00 0.00 
89.84 B3 0.00 0.00 
89.84 120 13 04 50
89.84 244 0.00
89.845 22 -0.01
89.845 23 -7.59
89.845 25 0.00
89.845 30 1.00
89.845 B1 0.00 0.00 
89.845 B3 0.00 0.00 
89.845 120 13 04 50
89.845 244 0.00
89.85 22 -0.01
89.85 23 -7.58
89.85 25 0.00
89.85 30 1.00
89.85 B1 0.00 0.00 
89.85 B3 0.00 0.00 
89.85 120 13 04 50
89.85 244 0.00
89.855 22 -0.01
89.855 23 -7.57
89.855 25 0.00
89.855 30 1.00
89.855 B1 0.00 0.00 
89.855 B3 0.00 0.00 
89.855 120 13 04 50
89.855 244 0.00
89.86 22 -0.01
89.86 23 -7.57
89.86 25 0.00
89.86 30 1.00
89.86 B1 0.00 0.00 
89.86 B3 0.00 0.00 
89.86 120 13 04 50
89.86 244 0.00
89.865 22 -0.01
89.865 23 -7.56
89.865 25 0.00
89.865 30 1.00
89.865 B1 0.00 0.00 
89.865 B3 0.00 0.00 
89.865 120 13 04 50
89.865 244 0.00
89.87 22 -0.01
89.87 23 -7.56
89.87 25 0.00
89.87 30 1.00
89.87 B1 0.00 0.00 
89.87 B3 0.00 0.00 
89.87 120 13 04 50
89.87 244 0.00
89.875 22 -0.01
89.875 23 -7.55
89.875 25 0.00
89.875 30 1.00
89.875 B1 0.00 0.00 
89.875 B3 0.00 0.00 
89.875 120 13 04 50
89.875 244 0.00
89.88 22 -0.01
89.88 23 -7.55
89.88 25 0.00
89.88 30 1.00
89.88 B1 0.00 0.00 
89.88 B3 0.00 0.00 
89.88 120 13 04 50
89.88 244 0.00
89.88499 22 -0.01
89.88499 23 -7.54
89.88499 25 0.00
89.88499 30 1.00
89.88499 B1 0.00 0.00 
89.88499 B3 0.00 0.00 
89.88499 120 13 04 50
89.88499 244 0.00
89.89 22 -0.01
89.89 23 -7.54
89.89 25 0.00
89.89 30 1.00
89.89 B1 0.00 0.00 
89.89 B3 0.00 0.00 
89.89 120 13 04 50
89.89 244 0.00
89.895 22 -0.01
89.895 23 -7.53
89.895 25 0.00
89.895 30 1.00
89.895 B1 0.00 0.00 
89.895 B3 0.00 0.00 
89.895 120 13 04 50
89.895 244 0.00
89.9 22 -0.01
89.9 23 -7.52
89.9 25 0.00
89.9 30 1.00
89.9 B1 0.00 0.00 
89.9 B3 0.00 0.00 
89.9 120 13 04 50
89.9 244 0.00
89.905 22 -0.01
89.905 23 -7.52
89.905 25 0.00
89.905 30 1.00
89.905 B1 0.00 0.00 
89.905 B3 0.00 0.00 
89.905 120 13 04 50
89.905 244 0.00
89.91 22 -0.01
89.91 23 -7.51
89.91 25 0.00
89.91 30 1.00
89.91 B1 0.00 0.00 
89.91 B3 0.00 0.00 
89.91 120 13 04 50
89.91 244 0.00
89.915 22 -0.01
89.915 23 -7.51
89.915 25 0.00
89.915 30 1.00
89.915 B1 0.00 0.00 
89.915 B3 0.00 0.00 
89.915 120 13 04 50
89.915 244 0.00
89.92 22 -0.01
89.92 23 -7.50
89.92 25 0.00
89.92 30 1.00
89.92 B1 0.00 0.00 
89.92 B3 0.00 0.00 
89.92 120 13 04 50
89.92 244 0.00
89.925 22 -0.01
89.925 23 -7.50
89.925 25 0.00
89.925 30 1.00
89.925 B1 0.00 0.00 
89.925 B3 0.00 0.00 
89.925 120 13 04 50
89.925 244 0.00
89.93 22 -0.01
89.93 23 -7.49
89.93 25 0.00
89.93 30 1.00
89.93 B1 0.00 0.00 
89.93 B3 0.00 0.00 
89.93 120 13 04 50
89.93 244 0.00
89.935 22 -0.01
89.935 23 -7.49
89.935 25 0.00
89.935 30 1.00
89.935 B1 0.00 0.00 
89.935 B3 0.00 0.00 
89.935 120 13 04 50
89.935 244 0.00
89.93999 22 -0.01
89.93999 23 -7.48
89.93999 25 0.00
89.93999 30 1.00
89.93999 B1 0.00 0.00 
89.93999 B3 0.00 0.00 
89.93999 120 13 04 50
89.93999 244 0.00
89.945 22 -0.01
89.945 23 -7.47
89.945 25 0.00
89.945 30 1.00
89.945 B1 0.00 0.00 
89.945 B3 0.00 0.00 
89.945 120 13 04 50
89.945 244 0.00
89.95 22 -0.01
89.95 23 -7.47
89.95 25 0.00
89.95 30 1.00
89.95 B1 0.00 0.00 
89.95 B3 0.00 0.00 
89.95 120 13 04 50
89.95 244 0.00
89.95499 22 -0.01
89.95499 23 -7.46
89.95499 25 0.00
89.95499 30 1.00
89.95499 B1 0.00 0.00 
89.95499 B3 0.00 0.00 
89.95499 120 13 04 50
89.95499 244 0.00
89.96 22 -0.01
89.96 23 -7.46
89.96 25 0.00
89.96 30 1.00
89.96 B1 0.00 0.00 
89.96 B3 0.00 0.00 
89.96 120 13 04 50
89.96 244 0.00
89.965 22 -0.01
89.965 23 -7.45
89.965 25 0.00
89.965 30 1.00
89.965 B1 0.00 0.00 
89.965 B3 0.00 0.00 
89.965 120 13 04 50
89.965 244 0.00
89.97 22 0.00
89.97 23 -7.45
89.97 25 0.00
89.97 30 1.00
89.97 B1 0.00 0.00 
89.97 B3 0.00 0.00 
89.97 120 13 04 50
89.97 244 0.00
89.975 22 0.00
89.975 23 -7.44
89.975 25 0.00
89.975 30 1.00
89.975 B1 0.00 0.00 
89.975 B3 0.00 0.00 
89.975 120 13 04 50
89.975 244 0.00
89.98 22 0.00
89.98 23 -7.44
89.98 25 0.00
89.98 30 1.00
89.98 B1 0.00 0.00 
89.98 B3 0.00 0.00 
89.98 120 13 04 50
89.98 244 0.00
89.985 22 0.00
89.985 23 -7.43
89.985 25 0.00
89.985 30 1.00
89.985 B1 0.00 0.00 
89.985 B3 0.00 0.00 
89.985 120 13 04 50
89.985 244 0.00
89.99 22 0.00
89.99 23 -7.42
89.99 25 0.00
89.99 30 1.00
89.99 B1 0.00 0.00 
89.99 B3 0.00 0.00 
89.99 120 13 04 50
89.99 244 0.00
89.995 22 0.00
89.995 23 -7.42
89.995 25 0.00
89.995 30 1.00
89.995 B1 0.00 0.00 
89.995 B3 0.00 0.00 
89.995 120 13 04 50
89.995 244 0.00
90 22 0.00
90 23 -7.41
90 25 0.00
90 30 1.00
90 B1 0.00 0.00 
90 B3 0.00 0.00 
90 120 13 04 50
90 244 0.00
90.005 22 0.00
90.005 23 -7.41
90.005 25 0.00
90.005 30 1.00
90.005 B1 0.00 0.00 
90.005 B3 0.00 0.00 
90.005 120 13 04 50
90.005 244 0.00
90.00999 22 0.00
90.00999 23 -7.40
90.00999 25 0.00
90.00999 30 1.00
90.00999 B1 0.00 0.00 
90.00999 B3 0.00 0.00 
90.00999 120 13 04 50
90.00999 244 0.00
90.015 22 0.00
90.015 23 -7.40
90.015 25 1.12
90.015 30 1.00
90.015 B1 0.00 0.00 
90.015 B3 0.00 0.00 
90.015 120 13 04 50
90.015 244 0.00
90.02 22 0.61
90.02 23 -7.40
90.02 25 1.12
90.02 30 1.00
90.02 B1 0.00 0.00 
90.02 B3 0.00 0.00 
90.02 120 13 04 50
90.02 244 0.00
90.025 22 0.58
90.025 23 -7.40
90.025 25 5.12
90.025 30 1.00
90.025 B1 0.00 0.00 
90.025 B3 0.00 0.00 
90.025 120 13 04 50
90.025 244 0.00
90.03 22 3.18
90.03 23 -7.68
90.03 25 6.44
90.03 30 1.00
90.03 B1 0.00 0.00 
90.03 B3 0.00 0.00 
90.03 120 13 04 50
90.03 244 0.00
90.035 22 3.92
90.035 23 -7.84
90.035 25 6.44
90.035 30 1.00
90.035 B1 0.00 0.00 
90.035 B3 0.00 0.00 
90.035 120 13 04 50
90.035 244 0.00
90.04 22 3.76
90.04 23 -7.82
90.04 25 8.57
90.04 30 1.00
90.04 B1 0.00 0.00 
90.04 B3 0.00 0.00 
90.04 120 13 04 50
90.04 244 0.00
90.045 22 4.89
90.045 23 -8.14
90.045 25 11.42
90.045 30 1.00
90.045 B1 0.00 0.00 
90.045 B3 0.00 0.00 
90.045 120 13 04 50
90.045 244 0.00
90.05 22 5.54
90.05 23 -8.32
90.05 25 12.93
90.05 30 1.00
90.05 B1 0.00 0.00 
90.05 B3 0.00 0.00 
90.05 120 13 04 50
90.05 244 0.00
90.055 22 5.52
90.055 23 -8.35
90.055 25 14.10
90.055 30 1.00
90.055 B1 0.00 0.00 
90.055 B3 0.00 0.00 
90.055 120 13 04 50
90.055 244 0.00
90.06 22 5.46
90.06 23 -8.43
90.06 25 14.10
90.06 30 1.00
90.06 B1 0.00 0.00 
90.06 B3 0.00 0.00 
90.06 120 13 04 50
90.06 244 0.00
90.06499 22 5.47
90.06499 23 -8.42
90.06499 25 14.79
90.06499 30 1.00
90.06499 B1 0.00 0.00 
90.06499 B3 0.00 0.00 
90.06499 120 13 04 50
90.06499 244 0.00
90.07 22 5.43
90.07 23 -8.48
90.07 25 14.79
90.07 30 1.00
90.07 B1 0.00 0.00 
90.07 B3 0.00 0.00 
90.07 120 13 04 50
90.07 244 0.00
90.075 22 5.45
90.075 23 -8.47
90.075 25 14.79
90.075 30 1.00
90.075 B1 0.00 0.00 
90.075 B3 0.00 0.00 
90.075 120 13 04 50
90.075 244 0.00
90.07999 22 5.46
90.07999 23 -8.48
90.07999 25 14.79
90.07999 30 1.00
90.07999 B1 0.00 0.00 
90.07999 B3 0.00 0.00 
90.07999 120 13 04 50
90.07999 244 0.00
90.085 22 5.47
90.085 23 -8.48
90.085 25 14.79
90.085 30 1.00
90.085 B1 0.00 0.00 
90.085 B3 0.00 0.00 
90.085 120 13 04 50
90.085 244 0.00
90.09 22 5.48
90.09 23 -8.49
90.09 25 14.91
90.09 30 1.00
90.09 B1 0.00 0.00 
90.09 B3 0.00 0.00 
90.09 120 13 04 50
90.09 244 0.00
90.095 22 5.49
90.095 23 -8.51
90.095 25 14.91
90.095 30 1.00
90.095 B1 0.00 0.00 
90.095 B3 0.00 0.00 
90.095 120 13 04 50
90.095 244 0.00
90.1 22 5.49
90.1 23 -8.52
90.1 25 15.02
90.1 30 1.00
90.1 B1 0.00 0.00 
90.1 B3 0.00 0.00 
90.1 120 13 04 50
90.1 244 0.00
90.105 22 5.50
90.105 23 -8.54
90.105 25 15.02
90.105 30 1.00
90.105 B1 0.00 0.00 
90.105 B3 0.00 0.00 
90.105 120 13 04 50
90.105 244 0.00
90.11 22 5.51
90.11 23 -8.56
90.11 25 17.24
90.11 30 1.00
90.11 B1 0.00 0.00 
90.11 B3 0.00 0.00 
90.11 120 13 04 50
90.11 244 0.00
90.115 22 5.46
90.115 23 -8.64
90.115 25 17.24
90.115 30 1.00
90.115 B1 0.00 0.00 
90.115 B3 0.00 0.00 
90.115 120 13 04 50
90.115 244 0.00
90.12 22 5.49
90.12 23 -8.64
90.12 25 17.24
90.12 30 1.00
90.12 B1 0.00 0.00 
90.12 B3 0.00 0.00 
90.12 120 13 04 50
90.12 244 0.00
90.125 22 5.52
90.125 23 -8.64
90.125 25 18.27
90.125 30 1.00
90.125 B1 0.00 0.00 
90.125 B3 0.00 0.00 
90.125 120 13 04 50
90.125 244 0.00
90.13 22 5.48
90.13 23 -8.71
90.13 25 18.27
90.13 30 1.00
90.13 B1 0.00 0.00 
90.13 B3 0.00 0.00 
90.13 120 13 04 50
90.13 244 0.00
90.13499 22 5.51
90.13499 23 -8.70
90.13499 25 19.18
90.13499 30 1.00
90.13499 B1 0.00 0.00 
90.13499 B3 0.00 0.00 
90.13499 120 13 04 50
90.13499 244 0.00
90.14 22 5.47
90.14 23 -8.77
90.14 25 21.67
90.14 30 1.00
90.14 B1 0.00 0.00 
90.14 B3 0.00 0.00 
90.14 120 13 04 50
90.14 244 0.00
90.145 22 5.26
90.145 23 -9.00
90.145 25 22.24
90.145 30 1.00
90.145 B1 0.00 0.00 
90.145 B3 0.00 0.00 
90.145 120 13 04 50
90.145 244 0.00
90.15 22 5.24
90.15 23 -9.04
90.15 25 22.36
90.15 30 1.00
90.15 B1 0.00 0.00 
90.15 B3 0.00 0.00 
90.15 120 13 04 50
90.15 244 0.00
90.155 22 5.28
90.155 23 -9.04
90.155 25 22.36
90.155 30 1.00
90.155 B1 0.00 0.00 
90.155 B3 0.00 0.00 
90.155 120 13 04 50
90.155 244 0.00
90.16 22 5.32
90.16 23 -9.03
90.16 25 22.36
90.16 30 1.00
90.16 B1 0.00 0.00 
90.16 B3 0.00 0.00 
90.16 120 13 04 50
90.16 244 0.00
90.165 22 5.37
90.165 23 -9.02
90.165 25 22.36
90.165 30 1.00
90.165 B1 0.00 0.00 
90.165 B3 0.00 0.00 
90.165 120 13 04 50
90.165 244 0.00
90.17 22 5.41
90.17 23 -9.01
90.17 25 22.70
90.17 30 1.00
90.17 B1 0.00 0.00 
90.17 B3 0.00 0.00 
90.17 120 13 04 50
90.17 244 0.00
90.175 22 5.42
90.175 23 -9.03
90.175 25 22.70
90.175 30 1.00
90.175 B1 0.00 0.00 
90.175 B3 0.00 0.00 
90.175 120 13 04 50
90.175 244 0.00
90.18 22 5.47
90.18 23 -9.02
90.18 25 22.70
90.18 30 1.00
90.18 B1 0.00 0.00 
90.18 B3 0.00 0.00 
90.18 120 13 04 50
90.18 244 0.00
90.185 22 5.51
90.185 23 -9.01
90.185 25 22.70
90.185 30 1.00
90.185 B1 0.00 0.00 
90.185 B3 0.00 0.00 
90.185 120 13 04 50
90.185 244 0.00
90.18999 22 5.55
90.18999 23 -9.00
90.18999 25 22.70
90.18999 30 1.00
90.18999 B1 0.00 0.00 
90.18999 B3 0.00 0.00 
90.18999 120 13 04 50
90.18999 244 0.00
90.195 22 5.60
90.195 23 -8.99
90.195 25 22.81
90.195 30 1.00
90.195 B1 0.00 0.00 
90.195 B3 0.00 0.00 
90.195 120 13 04 50
90.195 244 0.00
90.2 22 5.63
90.2 23 -8.99
90.2 25 22.81
90.2 30 1.00
90.2 B1 0.00 0.00 
90.2 B3 0.00 0.00 
90.2 120 13 04 50
90.2 244 0.00
90.20499 22 5.67
90.20499 23 -8.98
90.20499 25 22.92
90.20499 30 1.00
90.20499 B1 0.00 0.00 
90.20499 B3 0.00 0.00 
90.20499 120 13 04 50
90.20499 244 0.00
90.21 22 5.71
90.21 23 -8.98
90.21 25 22.92
90.21 30 1.00
90.21 B1 0.00 0.00 
90.21 B3 0.00 0.00 
90.21 120 13 04 50
90.21 244 0.00
90.215 22 5.75
90.215 23 -8.97
90.215 25 22.92
90.215 30 1.00
90.215 B1 0.00 0.00 
90.215 B3 0.00 0.00 
90.215 120 13 04 50
90.215 244 0.00
90.22 22 5.79
90.22 23 -8.96
90.22 25 23.04
90.22 30 1.00
90.22 B1 0.00 0.00 
90.22 B3 0.00 0.00 
90.22 120 13 04 50
90.22 244 0.00
90.225 22 5.82
90.225 23 -8.96
90.225 25 23.04
90.225 30 1.00
90.225 B1 0.00 0.00 
90.225 B3 0.00 0.00 
90.225 120 13 04 50
90.225 244 0.00
90.23 22 5.85
90.23 23 -8.96
90.23 25 23.04
90.23 30 1.00
90.23 B1 0.00 0.00 
90.23 B3 0.00 0.00 
90.23 120 13 04 50
90.23 244 0.00
90.235 22 5.89
90.235 23 -8.96
90.235 25 23.15
90.235 30 1.00
90.235 B1 0.00 0.00 
90.235 B3 0.00 0.00 
90.235 120 13 04 50
90.235 244 0.00
90.24 22 5.91
90.24 23 -8.96
90.24 25 23.15
90.24 30 1.00
90.24 B1 0.00 0.00 
90.24 B3 0.00 0.00 
90.24 120 13 04 50
90.24 244 0.00
90.245 22 5.94
90.245 23 -8.96
90.245 25 23.38
90.245 30 1.00
90.245 B1 0.00 0.00 
90.245 B3 0.00 0.00 
90.245 120 13 04 50
90.245 244 0.00
90.25 22 5.95
90.25 23 -8.97
90.25 25 23.38
90.25 30 1.00
90.25 B1 0.00 0.00 
90.25 B3 0.00 0.00 
90.25 120 13 04 50
90.25 244 0.00
90.255 22 5.98
90.255 23 -8.97
90.255 25 23.72
90.255 30 1.00
90.255 B1 0.00 0.00 
90.255 B3 0.00 0.00 
90.255 120 13 04 50
90.255 244 0.00
90.25999 22 5.99
90.25999 23 -8.99
90.25999 25 23.72
90.25999 30 1.00
90.25999 B1 0.00 0.00 
90.25999 B3 0.00 0.00 
90.25999 120 13 04 50
90.25999 244 0.00
90.265 22 6.01
90.265 23 -8.99
90.265 25 23.72
90.265 30 1.00
90.265 B1 0.00 0.00 
90.265 B3 0.00 0.00 
90.265 120 13 04 50
90.265 244 0.00
90.27 22 6.03
90.27 23 -8.99
90.27 25 23.72
90.27 30 1.00
90.27 B1 0.00 0.00 
90.27 B3 0.00 0.00 
90.27 120 13 04 50
90.27 244 0.00
90.275 22 6.05
90.275 23 -9.00
90.275 25 23.72
90.275 30 1.00
90.275 B1 0.00 0.00 
90.275 B3 0.00 0.00 
90.275 120 13 04 50
90.275 244 0.00
90.28 22 6.07
90.28 23 -9.00
90.28 25 23.84
90.28 30 1.00
90.28 B1 0.00 0.00 
90.28 B3 0.00 0.00 
90.28 120 13 04 50
90.28 244 0.00
90.285 22 6.08
90.285 23 -9.01
90.285 25 23.84
90.285 30 1.00
90.285 B1 0.00 0.00 
90.285 B3 0.00 0.00 
90.285 120 13 04 50
90.285 244 0.00
90.29 22 6.09
90.29 23 -9.02
90.29 25 23.84
90.29 30 1.00
90.29 B1 0.00 0.00 
90.29 B3 0.00 0.00 
90.29 120 13 04 50
90.29 244 0.00
90.295 22 6.10
90.295 23 -9.03
90.295 25 23.84
90.295 30 1.00
90.295 B1 0.00 0.00 
90.295 B3 0.00 0.00 
90.295 120 13 04 50
90.295 244 0.00
90.3 22 6.10
90.3 23 -9.05
90.3 25 23.84
90.3 30 1.00
90.3 B1 0.00 0.00 
90.3 B3 0.00 0.00 
90.3 120 13 04 50
90.3 244 0.00
90.305 22 6.07
90.305 23 -9.03
90.305 25 23.84
90.305 30 1.00
90.305 B1 0.00 0.00 
90.305 B3 0.00 0.00 
90.305 120 13 04 50
90.305 244 0.00
90.31 22 6.04
90.31 23 -9.00
90.31 25 23.84
90.31 30 1.00
90.31 B1 0.00 0.00 
90.31 B3 0.00 0.00 
90.31 120 13 04 50
90.31 244 0.00
90.31499 22 5.99
90.31499 23 -8.97
90.31499 25 23.95
90.31499 30 1.00
90.31499 B1 0.00 0.00 
90.31499 B3 0.00 0.00 
90.31499 120 13 04 50
90.31499 244 0.00
90.32 22 5.97
90.32 23 -8.95
90.32 25 23.84
90.32 30 1.00
90.32 B1 0.00 0.00 
90.32 B3 0.00 0.00 
90.32 120 13 04 50
90.32 244 0.00
90.325 22 5.90
90.325 23 -8.91
90.325 25 23.84
90.325 30 1.00
90.325 B1 0.00 0.00 
90.325 B3 0.00 0.00 
90.325 120 13 04 50
90.325 244 0.00
90.32999 22 5.85
90.32999 23 -8.88
90.32999 25 23.95
90.32999 30 1.00
90.32999 B1 0.00 0.00 
90.32999 B3 0.00 0.00 
90.32999 120 13 04 50
90.32999 244 0.00
90.335 22 5.82
90.335 23 -8.87
90.335 25 23.95
90.335 30 1.00
90.335 B1 0.00 0.00 
90.335 B3 0.00 0.00 
90.335 120 13 04 50
90.335 244 0.00
90.34 22 5.77
90.34 23 -8.84
90.34 25 23.95
90.34 30 1.00
90.34 B1 0.00 0.00 
90.34 B3 0.00 0.00 
90.34 120 13 04 50
90.34 244 0.00
90.345 22 5.71
90.345 23 -8.81
90.345 25 24.07
90.345 30 1.00
90.345 B1 0.00 0.00 
90.345 B3 0.00 0.00 
90.345 120 13 04 50
90.345 244 0.00
90.35 22 5.68
90.35 23 -8.80
90.35 25 24.07
90.35 30 1.00
90.35 B1 0.00 0.00 
90.35 B3 0.00 0.00 
90.35 120 13 04 50
90.35 244 0.00
90.355 22 5.62
90.355 23 -8.77
90.355 25 24.07
90.355 30 1.00
90.355 B1 0.00 0.00 
90.355 B3 0.00 0.00 
90.355 120 13 04 50
90.355 244 0.00
90.36 22 5.56
90.36 23 -8.74
90.36 25 24.07
90.36 30 1.00
90.36 B1 0.00 0.00 
90.36 B3 0.00 0.00 
90.36 120 13 04 50
90.36 244 0.00
90.365 22 5.50
90.365 23 -8.72
90.365 25 24.07
90.365 30 1.00
90.365 B1 0.00 0.00 
90.365 B3 0.00 0.00 
90.365 120 13 04 50
90.365 244 0.00
90.37 22 5.44
90.37 23 -8.69
90.37 25 24.07
90.37 30 1.00
90.37 B1 0.00 0.00 
90.37 B3 0.00 0.00 
90.37 120 13 04 50
90.37 244 0.00
90.375 22 5.37
90.375 23 -8.66
90.375 25 24.30
90.375 30 1.00
90.375 B1 0.00 0.00 
90.375 B3 0.00 0.00 
90.375 120 13 04 50
90.375 244 0.00
90.38 22 5.37
90.38 23 -8.67
90.38 25 24.42
90.38 30 1.00
90.38 B1 0.00 0.00 
90.38 B3 0.00 0.00 
90.38 120 13 04 50
90.38 244 0.00
90.38499 22 5.34
90.38499 23 -8.66
90.38499 25 24.42
90.38499 30 1.00
90.38499 B1 0.00 0.00 
90.38499 B3 0.00 0.00 
90.38499 120 13 04 50
90.38499 244 0.00
90.39 22 5.27
90.39 23 -8.64
90.39 25 24.42
90.39 30 1.00
90.39 B1 0.00 0.00 
90.39 B3 0.00 0.00 
90.39 120 13 04 50
90.39 244 0.00
90.395 22 5.20
90.395 23 -8.61
90.395 25 24.42
90.395 30 1.00
90.395 B1 0.00 0.00 
90.395 B3 0.00 0.00 
90.395 120 13 04 50
90.395 244 0.00
90.4 22 5.13
90.4 23 -8.59
90.4 25 24.42
90.4 30 1.00
90.4 B1 0.00 0.00 
90.4 B3 0.00 0.00 
90.4 120 13 04 50
90.4 244 0.00
90.405 22 5.06
90.405 23 -8.56
90.405 25 24.42
90.405 30 1.00
90.405 B1 0.00 0.00 
90.405 B3 0.00 0.00 
90.405 120 13 04 50
90.405 244 0.00
90.41 22 4.99
90.41 23 -8.54
90.41 25 24.42
90.41 30 1.00
90.41 B1 0.00 0.00 
90.41 B3 0.00 0.00 
90.41 120 13 04 50
90.41 244 0.00
90.415 22 4.92
90.415 23 -8.52
90.415 25 24.42
90.415 30 1.00
90.415 B1 0.00 0.00 
90.415 B3 0.00 0.00 
90.415 120 13 04 50
90.415 244 0.00
90.42 22 4.84
90.42 23 -8.49
90.42 25 24.42
90.42 30 1.00
90.42 B1 0.00 0.00 
90.42 B3 0.00 0.00 
90.42 120 13 04 50
90.42 244 0.00
90.425 22 4.76
90.425 23 -8.45
90.425 25 24.53
90.425 30 1.00
90.425 B1 0.00 0.00 
90.425 B3 0.00 0.00 
90.425 120 13 04 50
90.425 244 0.00
90.43 22 4.73
90.43 23 -8.44
90.43 25 24.53
90.43 30 1.00
90.43 B1 0.00 0.00 
90.43 B3 0.00 0.00 
90.43 120 13 04 50
90.43 244 0.00
90.435 22 4.65
90.435 23 -8.41
90.435 25 24.53
90.435 30 1.00
90.435 B1 0.00 0.00 
90.435 B3 0.00 0.00 
90.435 120 13 04 50
90.435 244 0.00
90.43999 22 4.56
90.43999 23 -8.37
90.43999 25 24.53
90.43999 30 1.00
90.43999 B1 0.00 0.00 
90.43999 B3 0.00 0.00 
90.43999 120 13 04 50
90.43999 244 0.00
90.445 22 4.48
90.445 23 -8.33
90.445 25 24.53
90.445 30 1.00
90.445 B1 0.00 0.00 
90.445 B3 0.00 0.00 
90.445 120 13 04 50
90.445 244 0.00
90.45 22 4.40
90.45 23 -8.30
90.45 25 24.53
90.45 30 1.00
90.45 B1 0.00 0.00 
90.45 B3 0.00 0.00 
90.45 120 13 04 50
90.45 244 0.00
90.45499 22 4.32
90.45499 23 -8.26
90.45499 25 24.53
90.45499 30 1.00
90.45499 B1 0.00 0.00 
90.45499 B3 0.00 0.00 
90.45499 120 13 04 50
90.45499 244 0.00
90.46 22 4.24
90.46 23 -8.23
90.46 25 24.53
90.46 30 1.00
90.46 B1 0.00 0.00 
90.46 B3 0.00 0.00 
90.46 120 13 04 50
90.46 244 0.00
90.465 22 4.16
90.465 23 -8.19
90.465 25 24.53
90.465 30 1.00
90.465 B1 0.00 0.00 
90.465 B3 0.00 0.00 
90.465 120 13 04 50
90.465 244 0.00
90.47 22 4.08
90.47 23 -8.16
90.47 25 24.42
90.47 30 1.00
90.47 B1 0.00 0.00 
90.47 B3 0.00 0.00 
90.47 120 13 04 50
90.47 244 0.00
90.475 22 3.95
90.475 23 -8.10
90.475 25 24.53
90.475 30 1.00
90.475 B1 0.00 0.00 
90.475 B3 0.00 0.00 
90.475 120 13 04 50
90.475 244 0.00
90.48 22 3.93
90.48 23 -8.10
90.48 25 24.53
90.48 30 1.00
90.48 B1 0.00 0.00 
90.48 B3 0.00 0.00 
90.48 120 13 04 50
90.48 244 0.00
90.485 22 3.86
90.485 23 -8.07
90.485 25 24.53
90.485 30 1.00
90.485 B1 0.00 0.00 
90.485 B3 0.00 0.00 
90.485 120 13 04 50
90.485 244 0.00
90.49 22 3.79
90.49 23 -8.04
90.49 25 24.53
90.49 30 1.00
90.49 B1 0.00 0.00 
90.49 B3 0.00 0.00 
90.49 120 13 04 50
90.49 244 0.00
90.495 22 3.71
90.495 23 -8.01
90.495 25 24.53
90.495 30 1.00
90.495 B1 0.00 0.00 
90.495 B3 0.00 0.00 
90.495 120 13 04 50
90.495 244 0.00
90.5 22 3.64
90.5 23 -7.98
90.5 25 24.53
90.5 30 1.00
90.5 B1 0.00 0.00 
90.5 B3 0.00 0.00 
90.5 120 13 04 50
90.5 244 0.00
90.505 22 3.57
90.505 23 -7.95
90.505 25 24.53
90.505 30 1.00
90.505 B1 0.00 0.00 
90.505 B3 0.00 0.00 
90.505 120 13 04 50
90.505 244 0.00
90.50999 22 3.50
90.50999 23 -7.93
90.50999 25 24.53
90.50999 30 1.00
90.50999 B1 0.00 0.00 
90.50999 B3 0.00 0.00 
90.50999 120 13 04 50
90.50999 244 0.00
90.515 22 3.43
90.515 23 -7.90
90.515 25 24.53
90.515 30 1.00
90.515 B1 0.00 0.00 
90.515 B3 0.00 0.00 
90.515 120 13 04 50
90.515 244 0.00
90.52 22 3.36
90.52 23 -7.87
90.52 25 24.42
90.52 30 1.00
90.52 B1 0.00 0.00 
90.52 B3 0.00 0.00 
90.52 120 13 04 50
90.52 244 0.00
90.525 22 3.13
90.525 23 -7.64
90.525 25 24.53
90.525 30 1.00
90.525 B1 0.00 0.00 
90.525 B3 0.00 0.00 
90.525 120 13 04 50
90.525 244 0.00
90.53 22 3.20
90.53 23 -7.83
90.53 25 24.53
90.53 30 1.00
90.53 B1 0.00 0.00 
90.53 B3 0.00 0.00 
90.53 120 13 04 50
90.53 244 0.00
90.535 22 3.14
90.535 23 -7.80
90.535 25 24.53
90.535 30 1.00
90.535 B1 0.00 0.00 
90.535 B3 0.00 0.00 
90.535 120 13 04 50
90.535 244 0.00
90.54 22 3.07
90.54 23 -7.78
90.54 25 24.53
90.54 30 1.00
90.54 B1 0.00 0.00 
90.54 B3 0.00 0.00 
90.54 120 13 04 50
90.54 244 0.00
90.545 22 3.01
90.545 23 -7.76
90.545 25 24.53
90.545 30 1.00
90.545 B1 0.00 0.00 
90.545 B3 0.00 0.00 
90.545 120 13 04 50
90.545 244 0.00
90.55 22 2.95
90.55 23 -7.73
90.55 25 24.53
90.55 30 1.00
90.55 B1 0.00 0.00 
90.55 B3 0.00 0.00 
90.55 120 13 04 50
90.55 244 0.00
90.555 22 2.88
90.555 23 -7.71
90.555 25 24.53
90.555 30 1.00
90.555 B1 0.00 0.00 
90.555 B3 0.00 0.00 
90.555 120 13 04 50
90.555 244 0.00
90.56 22 2.82
90.56 23 -7.69
90.56 25 24.53
90.56 30 1.00
90.56 B1 0.00 0.00 
90.56 B3 0.00 0.00 
90.56 120 13 04 50
90.56 244 0.00
90.56499 22 2.76
90.56499 23 -7.66
90.56499 25 24.53
90.56499 30 1.00
90.56499 B1 0.00 0.00 
90.56499 B3 0.00 0.00 
90.56499 120 13 04 50
90.56499 244 0.00
90.57 22 2.70
90.57 23 -7.64
90.57 25 24.53
90.57 30 1.00
90.57 B1 0.00 0.00 
90.57 B3 0.00 0.00 
90.57 120 13 04 50
90.57 244 0.00
90.575 22 2.64
90.575 23 -7.62
90.575 25 24.53
90.575 30 1.00
90.575 B1 0.00 0.00 
90.575 B3 0.00 0.00 
90.575 120 13 04 50
90.575 244 0.00
90.57999 22 2.58
90.57999 23 -7.60
90.57999 25 24.53
90.57999 30 1.00
90.57999 B1 0.00 0.00 
90.57999 B3 0.00 0.00 
90.57999 120 13 04 50
90.57999 244 0.00
90.585 22 2.52
90.585 23 -7.58
90.585 25 24.53
90.585 30 1.00
90.585 B1 0.00 0.00 
90.585 B3 0.00 0.00 
90.585 120 13 04 50
90.585 244 0.00
90.59 22 2.46
90.59 23 -7.55
90.59 25 24.53
90.59 30 1.00
90.59 B1 0.00 0.00 
90.59 B3 0.00 0.00 
90.59 120 13 04 50
90.59 244 0.00
90.595 22 2.40
90.595 23 -7.53
90.595 25 24.53
90.595 30 1.00
90.595 B1 0.00 0.00 
90.595 B3 0.00 0.00 
90.595 120 13 04 50
90.595 244 0.00
90.6 22 2.34
90.6 23 -7.51
90.6 25 24.53
90.6 30 1.00
90.6 B1 0.00 0.00 
90.6 B3 0.00 0.00 
90.6 120 13 04 50
90.6 244 0.00
90.605 22 2.29
90.605 23 -7.49
90.605 25 24.53
90.605 30 1.00
90.605 B1 0.00 0.00 
90.605 B3 0.00 0.00 
90.605 120 13 04 50
90.605 244 0.00
90.61 22 2.23
90.61 23 -7.47
90.61 25 24.53
90.61 30 1.00
90.61 B1 0.00 0.00 
90.61 B3 0.00 0.00 
90.61 120 13 04 50
90.61 244 0.00
90.615 22 2.17
90.615 23 -7.45
90.615 25 24.53
90.615 30 1.00
90.615 B1 0.00 0.00 
90.615 B3 0.00 0.00 
90.615 120 13 04 50
90.615 244 0.00
90.62 22 2.12
90.62 23 -7.43
90.62 25 24.53
90.62 30 1.00
90.62 B1 0.00 0.00 
90.62 B3 0.00 0.00 
90.62 120 13 04 50
90.62 244 0.00
90.625 22 2.06
90.625 23 -7.41
90.625 25 24.53
90.625 30 1.00
90.625 B1 0.00 0.00 
90.625 B3 0.00 0.00 
90.625 120 13 04 50
90.625 244 0.00
90.63 22 2.01
90.63 23 -7.39
90.63 25 24.53
90.63 30 1.00
90.63 B1 0.00 0.00 
90.63 B3 0.00 0.00 
90.63 120 13 04 50
90.63 244 0.00
90.63499 22 1.95
90.63499 23 -7.37
90.63499 25 24.53
90.63499 30 1.00
90.63499 B1 0.00 0.00 
90.63499 B3 0.00 0.00 
90.63499 120 13 04 50
90.63499 244 0.00
90.64 22 1.90
90.64 23 -7.35
90.64 25 24.53
90.64 30 1.00
90.64 B1 0.00 0.00 
90.64 B3 0.00 0.00 
90.64 120 13 04 50
90.64 244 0.00
90.645 22 1.85
90.645 23 -7.33
90.645 25 24.53
90.645 30 1.00
90.645 B1 0.00 0.00 
90.645 B3 0.00 0.00 
90.645 120 13 04 50
90.645 244 0.00
90.65 22 1.80
90.65 23 -7.31
90.65 25 24.53
90.65 30 1.00
90.65 B1 0.00 0.00 
90.65 B3 0.00 0.00 
90.65 120 13 04 50
90.65 244 0.00
90.655 22 1.74
90.655 23 -7.29
90.655 25 24.53
90.655 30 1.00
90.655 B1 0.00 0.00 
90.655 B3 0.00 0.00 
90.655 120 13 04 50
90.655 244 0.00
90.66 22 1.69
90.66 23 -7.27
90.66 25 24.53
90.66 30 1.00
90.66 B1 0.00 0.00 
90.66 B3 0.00 0.00 
90.66 120 13 04 50
90.66 244 0.00
90.665 22 1.64
90.665 23 -7.26
90.665 25 24.53
90.665 30 1.00
90.665 B1 0.00 0.00 
90.665 B3 0.00 0.00 
90.665 120 13 04 50
90.665 244 0.00
90.67 22 1.59
90.67 23 -7.24
90.67 25 24.53
90.67 30 1.00
90.67 B1 0.00 0.00 
90.67 B3 0.00 0.00 
90.67 120 13 04 50
90.67 244 0.00
90.675 22 1.54
90.675 23 -7.22
90.675 25 24.53
90.675 30 1.00
90.675 B1 0.00 0.00 
90.675 B3 0.00 0.00 
90.675 120 13 04 50
90.675 244 0.00
90.68 22 1.49
90.68 23 -7.20
90.68 25 24.53
90.68 30 1.00
90.68 B1 0.00 0.00 
90.68 B3 0.00 0.00 
90.68 120 13 04 50
90.68 244 0.00
90.685 22 1.44
90.685 23 -7.18
90.685 25 24.53
90.685 30 1.00
90.685 B1 0.00 0.00 
90.685 B3 0.00 0.00 
90.685 120 13 04 50
90.685 244 0.00
90.68999 22 1.39
90.68999 23 -7.16
90.68999 25 24.53
90.68999 30 1.00
90.68999 B1 0.00 0.00 
90.68999 B3 0.00 0.00 
90.68999 120 13 04 50
90.68999 244 0.00
90.695 22 1.34
90.695 23 -7.15
90.695 25 24.53
90.695 30 1.00
90.695 B1 0.00 0.00 
90.695 B3 0.00 0.00 
90.695 120 13 04 50
90.695 244 0.00
90.7 22 1.30
90.7 23 -7.13
90.7 25 24.65
90.7 30 1.00
90.7 B1 0.00 0.00 
90.7 B3 0.00 0.00 
90.7 120 13 04 50
90.7 244 0.00
90.70499 22 1.30
90.70499 23 -7.14
90.70499 25 24.53
90.70499 30 1.00
90.70499 B1 0.00 0.00 
90.70499 B3 0.00 0.00 
90.70499 120 13 04 50
90.70499 244 0.00
90.71 22 1.20
90.71 23 -7.09
90.71 25 24.65
90.71 30 1.00
90.71 B1 0.00 0.00 
90.71 B3 0.00 0.00 
90.71 120 13 04 50
90.71 244 0.00
90.715 22 1.20
90.715 23 -7.10
90.715 25 24.65
90.715 30 1.00
90.715 B1 0.00 0.00 
90.715 B3 0.00 0.00 
90.715 120 13 04 50
90.715 244 0.00
90.72 22 1.16
90.72 23 -7.08
90.72 25 24.65
90.72 30 1.00
90.72 B1 0.00 0.00 
90.72 B3 0.00 0.00 
90.72 120 13 04 50
90.72 244 0.00
90.725 22 1.11
90.725 23 -7.07
90.725 25 24.53
90.725 30 1.00
90.725 B1 0.00 0.00 
90.725 B3 0.00 0.00 
90.725 120 13 04 50
90.725 244 0.00
90.73 22 1.01
90.73 23 -7.02
90.73 25 24.53
90.73 30 1.00
90.73 B1 0.00 0.00 
90.73 B3 0.00 0.00 
90.73 120 13 04 50
90.73 244 0.00
90.735 22 0.97
90.735 23 -7.00
90.735 25 24.53
90.735 30 1.00
90.735 B1 0.00 0.00 
90.735 B3 0.00 0.00 
90.735 120 13 04 50
90.735 244 0.00
90.74 22 0.92
90.74 23 -6.99
90.74 25 24.65
90.74 30 1.00
90.74 B1 0.00 0.00 
90.74 B3 0.00 0.00 
90.74 120 13 04 50
90.74 244 0.00
90.745 22 0.93
90.745 23 -7.00
90.745 25 24.65
90.745 30 1.00
90.745 B1 0.00 0.00 
90.745 B3 0.00 0.00 
90.745 120 13 04 50
90.745 244 0.00
90.75 22 0.88
90.75 23 -6.98
90.75 25 24.65
90.75 30 1.00
90.75 B1 0.00 0.00 
90.75 B3 0.00 0.00 
90.75 120 13 04 50
90.75 244 0.00
90.755 22 0.84
90.755 23 -6.96
90.755 25 24.65
90.755 30 1.00
90.755 B1 0.00 0.00 
90.755 B3 0.00 0.00 
90.755 120 13 04 50
90.755 244 0.00
90.75999 22 0.79
90.75999 23 -6.95
90.75999 25 24.65
90.75999 30 1.00
90.75999 B1 0.00 0.00 
90.75999 B3 0.00 0.00 
90.75999 120 13 04 50
90.75999 244 0.00
90.765 22 0.75
90.765 23 -6.93
90.765 25 24.65
90.765 30 1.00
90.765 B1 0.00 0.00 
90.765 B3 0.00 0.00 
90.765 120 13 04 50
90.765 244 0.00
90.77 22 0.71
90.77 23 -6.91
90.77 25 24.65
90.77 30 1.00
90.77 B1 0.00 0.00 
90.77 B3 0.00 0.00 
90.77 120 13 04 50
90.77 244 0.00
90.775 22 0.66
90.775 23 -6.90
90.775 25 24.65
90.775 30 1.00
90.775 B1 0.00 0.00 
90.775 B3 0.00 0.00 
90.775 120 13 04 50
90.775 244 0.00
90.78 22 0.62
90.78 23 -6.88
90.78 25 24.65
90.78 30 1.00
90.78 B1 0.00 0.00 
90.78 B3 0.00 0.00 
90.78 120 13 04 50
90.78 244 0.00
90.785 22 0.58
90.785 23 -6.86
90.785 25 24.65
90.785 30 1.00
90.785 B1 0.00 0.00 
90.785 B3 0.00 0.00 
90.785 120 13 04 50
90.785 244 0.00
90.79 22 0.53
90.79 23 -6.85
90.79 25 24.65
90.79 30 1.00
90.79 B1 0.00 0.00 
90.79 B3 0.00 0.00 
90.79 120 13 04 50
90.79 244 0.00
90.795 22 0.49
90.795 23 -6.83
90.795 25 24.76
90.795 30 1.00
90.795 B1 0.00 0.00 
90.795 B3 0.00 0.00 
90.795 120 13 04 50
90.795 244 0.00
90.8 22 0.50
90.8 23 -6.84
90.8 25 24.76
90.8 30 1.00
90.8 B1 0.00 0.00 
90.8 B3 0.00 0.00 
90.8 120 13 04 50
90.8 244 0.00
90.805 22 0.46
90.805 23 -6.82
90.805 25 24.65
90.805 30 1.00
90.805 B1 0.00 0.00 
90.805 B3 0.00 0.00 
90.805 120 13 04 50
90.805 244 0.00
90.81 22 0.36
90.81 23 -6.78
90.81 25 24.88
90.81 30 1.00
90.81 B1 0.00 0.00 
90.81 B3 0.00 0.00 
90.81 120 13 04 50
90.81 244 0.00
90.81499 22 0.42
90.81499 23 -6.81
90.81499 25 24.88
90.81499 30 1.00
90.81499 B1 0.00 0.00 
90.81499 B3 0.00 0.00 
90.81499 120 13 04 50
90.81499 244 0.00
90.82 22 0.38
90.82 23 -6.80
90.82 25 24.76
90.82 30 1.00
90.82 B1 0.00 0.00 
90.82 B3 0.00 0.00 
90.82 120 13 04 50
90.82 244 0.00
90.825 22 0.28
90.825 23 -6.75
90.825 25 24.76
90.825 30 1.00
90.825 B1 0.00 0.00 
90.825 B3 0.00 0.00 
90.825 120 13 04 50
90.825 244 0.00
90.82999 22 0.24
90.82999 23 -6.74
90.82999 25 24.76
90.82999 30 1.00
90.82999 B1 0.00 0.00 
90.82999 B3 0.00 0.00 
90.82999 120 13 04 50
90.82999 244 0.00
90.835 22 0.20
90.835 23 -6.72
90.835 25 24.76
90.835 30 1.00
90.835 B1 0.00 0.00 
90.835 B3 0.00 0.00 
90.835 120 13 04 50
90.835 244 0.00
90.84 22 0.16
90.84 23 -6.70
90.84 25 24.76
90.84 30 1.00
90.84 B1 0.00 0.00 
90.84 B3 0.00 0.00 
90.84 120 13 04 50
90.84 244 0.00
90.845 22 0.12
90.845 23 -6.69
90.845 25 24.76
90.845 30 1.00
90.845 B1 0.00 0.00 
90.845 B3 0.00 0.00 
90.845 120 13 04 50
90.845 244 0.00
90.85 22 0.09
90.85 23 -6.67
90.85 25 24.76
90.85 30 1.00
90.85 B1 0.00 0.00 
90.85 B3 0.00 0.00 
90.85 120 13 04 50
90.85 244 0.00
90.855 22 0.05
90.855 23 -6.66
90.855 25 24.76
90.855 30 1.00
90.855 B1 0.00 0.00 
90.855 B3 0.00 0.00 
90.855 120 13 04 50
90.855 244 0.00
90.86 22 0.01
90.86 23 -6.64
90.86 25 24.76
90.86 30 1.00
90.86 B1 0.00 0.00 
90.86 B3 0.00 0.00 
90.86 120 13 04 50
90.86 244 0.00
90.865 22 -0.03
90.865 23 -6.63
90.865 25 24.76
90.865 30 1.00
90.865 B1 0.00 0.00 
90.865 B3 0.00 0.00 
90.865 120 13 04 50
90.865 244 0.00
90.87 22 -0.06
90.87 23 -6.61
90.87 25 24.76
90.87 30 1.00
90.87 B1 0.00 0.00 
90.87 B3 0.00 0.00 
90.87 120 13 04 50
90.87 244 0.00
90.875 22 -0.10
90.875 23 -6.60
90.875 25 24.76
90.875 30 1.00
90.875 B1 0.00 0.00 
90.875 B3 0.00 0.00 
90.875 120 13 04 50
90.875 244 0.00
90.88 22 -0.13
90.88 23 -6.58
90.88 25 24.76
90.88 30 1.00
90.88 B1 0.00 0.00 
90.88 B3 0.00 0.00 
90.88 120 13 04 50
90.88 244 0.00
90.88499 22 -0.17
90.88499 23 -6.57
90.88499 25 24.76
90.88499 30 1.00
90.88499 B1 0.00 0.00 
90.88499 B3 0.00 0.00 
90.88499 120 13 04 50
90.88499 244 0.00
90.89 22 -0.20
90.89 23 -6.55
90.89 25 24.76
90.89 30 1.00
90.89 B1 0.00 0.00 
90.89 B3 0.00 0.00 
90.89 120 13 04 50
90.89 244 0.00
90.895 22 -0.23
90.895 23 -6.54
90.895 25 24.76
90.895 30 1.00
90.895 B1 0.00 0.00 
90.895 B3 0.00 0.00 
90.895 120 13 04 50
90.895 244 0.00
90.9 22 -0.26
90.9 23 -6.53
90.9 25 24.76
90.9 30 1.00
90.9 B1 0.00 0.00 
90.9 B3 0.00 0.00 
90.9 120 13 04 50
90.9 244 0.00
90.905 22 -0.30
90.905 23 -6.51
90.905 25 24.76
90.905 30 1.00
90.905 B1 0.00 0.00 
90.905 B3 0.00 0.00 
90.905 120 13 04 50
90.905 244 0.00
90.91 22 -0.33
90.91 23 -6.50
90.91 25 24.76
90.91 30 1.00
90.91 B1 0.00 0.00 
90.91 B3 0.00 0.00 
90.91 120 13 04 50
90.91 244 0.00
90.915 22 -0.36
90.915 23 -6.49
90.915 25 24.88
90.915 30 1.00
90.915 B1 0.00 0.00 
90.915 B3 0.00 0.00 
90.915 120 13 04 50
90.915 244 0.00
90.92 22 -0.34
90.92 23 -6.50
90.92 25 24.76
90.92 30 1.00
90.92 B1 0.00 0.00 
90.92 B3 0.00 0.00 
90.92 120 13 04 50
90.92 244 0.00
90.925 22 -0.42
90.925 23 -6.46
90.925 25 24.76
90.925 30 1.00
90.925 B1 0.00 0.00 
90.925 B3 0.00 0.00 
90.925 120 13 04 50
90.925 244 0.00
90.93 22 -0.45
90.93 23 -6.45
90.93 25 24.76
90.93 30 1.00
90.93 B1 0.00 0.00 
90.93 B3 0.00 0.00 
90.93 120 13 04 50
90.93 244 0.00
90.935 22 -0.48
90.935 23 -6.43
90.935 25 24.88
90.935 30 1.00
90.935 B1 0.00 0.00 
90.935 B3 0.00 0.00 
90.935 120 13 04 50
90.935 244 0.00
90.93999 22 -0.47
90.93999 23 -6.44
90.93999 25 24.88
90.93999 30 1.00
90.93999 B1 0.00 0.00 
90.93999 B3 0.00 0.00 
90.93999 120 13 04 50
90.93999 244 0.00
90.945 22 -0.50
90.945 23 -6.43
90.945 25 24.88
90.945 30 1.00
90.945 B1 0.00 0.00 
90.945 B3 0.00 0.00 
90.945 120 13 04 50
90.945 244 0.00
90.95 22 -0.53
90.95 23 -6.41
90.95 25 24.88
90.95 30 1.00
90.95 B1 0.00 0.00 
90.95 B3 0.00 0.00 
90.95 120 13 04 50
90.95 244 0.00
90.95499 22 -0.56
90.95499 23 -6.40
90.95499 25 24.88
90.95499 30 1.00
90.95499 B1 0.00 0.00 
90.95499 B3 0.00 0.00 
90.95499 120 13 04 50
90.95499 244 0.00
90.96 22 -0.59
90.96 23 -6.39
90.96 25 24.88
90.96 30 1.00
90.96 B1 0.00 0.00 
90.96 B3 0.00 0.00 
90.96 120 13 04 50
90.96 244 0.00
90.965 22 -0.62
90.965 23 -6.37
90.965 25 24.76
90.965 30 1.00
90.965 B1 0.00 0.00 
90.965 B3 0.00 0.00 
90.965 120 13 04 50
90.965 244 0.00
90.97 22 -0.69
90.97 23 -6.34
90.97 25 24.76
90.97 30 1.00
90.97 B1 0.00 0.00 
90.97 B3 0.00 0.00 
90.97 120 13 04 50
90.97 244 0.00
90.975 22 -0.72
90.975 23 -6.33
90.975 25 24.76
90.975 30 1.00
90.975 B1 0.00 0.00 
90.975 B3 0.00 0.00 
90.975 120 13 04 50
90.975 244 0.00
90.98 22 -0.74
90.98 23 -6.32
90.98 25 24.76
90.98 30 1.00
90.98 B1 0.00 0.00 
90.98 B3 0.00 0.00 
90.98 120 13 04 50
90.98 244 0.00
90.985 22 -0.76
90.985 23 -6.31
90.985 25 24.88
90.985 30 1.00
90.985 B1 0.00 0.00 
90.985 B3 0.00 0.00 
90.985 120 13 04 50
90.985 244 0.00
90.99 22 -0.74
90.99 23 -6.32
90.99 25 24.77
90.99 30 1.00
90.99 B1 0.00 0.00 
90.99 B3 0.00 0.00 
90.99 120 13 04 50
90.99 244 0.00
90.995 22 -0.81
90.995 23 -6.28
90.995 25 24.77
90.995 30 1.00
90.995 B1 0.00 0.00 
90.995 B3 0.00 0.00 
90.995 120 13 04 50
90.995 244 0.00
91 22 -0.83
91 23 -6.27
91 25 24.88
91 30 1.00
91 B1 0.00 0.00 
91 B3 0.00 0.00 
91 120 13 04 50
91 244 0.00
91.005 22 -0.81
91.005 23 -6.28
91.005 25 24.88
91.005 30 1.00
91.005 B1 0.00 0.00 
91.005 B3 0.00 0.00 
91.005 120 13 04 50
91.005 244 0.00
91.00999 22 -0.84
91.00999 23 -6.27
91.00999 25 24.88
91.00999 30 1.00
91.00999 B1 0.00 0.00 
91.00999 B3 0.00 0.00 
91.00999 120 13 04 50
91.00999 244 0.00
91.015 22 -0.86
91.015 23 -6.26
91.015 25 24.88
91.015 30 1.00
91.015 B1 0.00 0.00 
91.015 B3 0.00 0.00 
91.015 120 13 04 50
91.015 244 0.00
91.02 22 -0.89
91.02 23 -6.25
91.02 25 24.88
91.02 30 1.00
91.02 B1 0.00 0.00 
91.02 B3 0.00 0.00 
91.02 120 13 04 50
91.02 244 0.00
91.025 22 -0.91
91.025 23 -6.23
91.025 25 24.88
91.025 30 1.00
91.025 B1 0.00 0.00 
91.025 B3 0.00 0.00 
91.025 120 13 04 50
91.025 244 0.00
91.03 22 -0.93
91.03 23 -6.22
91.03 25 24.88
91.03 30 1.00
91.03 B1 0.00 0.00 
91.03 B3 0.00 0.00 
91.03 120 13 04 50
91.03 244 0.00
91.035 22 -0.96
91.035 23 -6.21
91.035 25 24.88
91.035 30 1.00
91.035 B1 0.00 0.00 
91.035 B3 0.00 0.00 
91.035 120 13 04 50
91.035 244 0.00
91.04 22 -0.98
91.04 23 -6.20
91.04 25 24.88
91.04 30 1.00
91.04 B1 0.00 0.00 
91.04 B3 0.00 0.00 
91.04 120 13 04 50
91.04 244 0.00
91.045 22 -1.00
91.045 23 -6.19
91.045 25 24.88
91.045 30 1.00
91.045 B1 0.00 0.00 
91.045 B3 0.00 0.00 
91.045 120 13 04 50
91.045 244 0.00
91.05 22 -1.02
91.05 23 -6.18
91.05 25 24.88
91.05 30 1.00
91.05 B1 0.00 0.00 
91.05 B3 0.00 0.00 
91.05 120 13 04 50
91.05 244 0.00
91.055 22 -1.04
91.055 23 -6.17
91.055 25 24.88
91.055 30 1.00
91.055 B1 0.00 0.00 
91.055 B3 0.00 0.00 
91.055 120 13 04 50
91.055 244 0.00
91.06 22 -1.06
91.06 23 -6.16
91.06 25 24.88
91.06 30 1.00
91.06 B1 0.00 0.00 
91.06 B3 0.00 0.00 
91.06 120 13 04 50
91.06 244 0.00
91.06499 22 -1.08
91.06499 23 -6.14
91.06499 25 24.88
91.06499 30 1.00
91.06499 B1 0.00 0.00 
91.06499 B3 0.00 0.00 
91.06499 120 13 04 50
91.06499 244 0.00
91.07 22 -1.10
91.07 23 -6.13
91.07 25 24.88
91.07 30 1.00
91.07 B1 0.00 0.00 
91.07 B3 0.00 0.00 
91.07 120 13 04 50
91.07 244 0.00
91.075 22 -1.12
91.075 23 -6.12
91.075 25 24.88
91.075 30 1.00
91.075 B1 0.00 0.00 
91.075 B3 0.00 0.00 
91.075 120 13 04 50
91.075 244 0.00
91.07999 22 -1.13
91.07999 23 -6.11
91.07999 25 24.88
91.07999 30 1.00
91.07999 B1 0.00 0.00 
91.07999 B3 0.00 0.00 
91.07999 120 13 04 50
91.07999 244 0.00
91.085 22 -1.15
91.085 23 -6.10
91.085 25 24.88
91.085 30 1.00
91.085 B1 0.00 0.00 
91.085 B3 0.00 0.00 
91.085 120 13 04 50
91.085 244 0.00
91.09 22 -1.17
91.09 23 -6.09
91.09 25 24.88
91.09 30 1.00
91.09 B1 0.00 0.00 
91.09 B3 0.00 0.00 
91.09 120 13 04 50
91.09 244 0.00
91.095 22 -1.18
91.095 23 -6.08
91.095 25 24.88
91.095 30 1.00
91.095 B1 0.00 0.00 
91.095 B3 0.00 0.00 
91.095 120 13 04 50
91.095 244 0.00
91.1 22 -1.20
91.1 23 -6.07
91.1 25 24.88
91.1 30 1.00
91.1 B1 0.00 0.00 
91.1 B3 0.00 0.00 
91.1 120 13 04 50
91.1 244 0.00
91.105 22 -1.22
91.105 23 -6.07
91.105 25 24.88
91.105 30 1.00
91.105 B1 0.00 0.00 
91.105 B3 0.00 0.00 
91.105 120 13 04 50
91.105 244 0.00
91.11 22 -1.23
91.11 23 -6.06
91.11 25 24.88
91.11 30 1.00
91.11 B1 0.00 0.00 
91.11 B3 0.00 0.00 
91.11 120 13 04 50
91.11 244 0.00
91.115 22 -1.24
91.115 23 -6.05
91.115 25 24.88
91.115 30 1.00
91.115 B1 0.00 0.00 
91.115 B3 0.00 0.00 
91.115 120 13 04 50
91.115 244 0.00
91.12 22 -1.26
91.12 23 -6.04
91.12 25 25.00
91.12 30 1.00
91.12 B1 0.00 0.00 
91.12 B3 0.00 0.00 
91.12 120 13 04 50
91.12 244 0.00
91.125 22 -1.24
91.125 23 -6.04
91.125 25 25.00
91.125 30 1.00
91.125 B1 0.00 0.00 
91.125 B3 0.00 0.00 
91.125 120 13 04 50
91.125 244 0.00
91.13 22 -1.26
91.13 23 -6.03
91.13 25 25.00
91.13 30 1.00
91.13 B1 0.00 0.00 
91.13 B3 0.00 0.00 
91.13 120 13 04 50
91.13 244 0.00
91.13499 22 -1.28
91.13499 23 -6.02
91.13499 25 25.00
91.13499 30 1.00
91.13499 B1 0.00 0.00 
91.13499 B3 0.00 0.00 
91.13499 120 13 04 50
91.13499 244 0.00
91.14 22 -1.29
91.14 23 -6.01
91.14 25 25.00
91.14 30 1.00
91.14 B1 0.00 0.00 
91.14 B3 0.00 0.00 
91.14 120 13 04 50
91.14 244 0.00
91.145 22 -1.31
91.145 23 -6.00
91.145 25 25.00
91.145 30 1.00
91.145 B1 0.00 0.00 
91.145 B3 0.00 0.00 
91.145 120 13 04 50
91.145 244 0.00
91.15 22 -1.32
91.15 23 -5.99
91.15 25 25.00
91.15 30 1.00
91.15 B1 0.00 0.00 
91.15 B3 0.00 0.00 
91.15 120 13 04 50
91.15 244 0.00
91.155 22 -1.34
91.155 23 -5.98
91.155 25 25.00
91.155 30 1.00
91.155 B1 0.00 0.00 
91.155 B3 0.00 0.00 
91.155 120 13 04 50
91.155 244 0.00
91.16 22 -1.35
91.16 23 -5.97
91.16 25 25.00
91.16 30 1.00
91.16 B1 0.00 0.00 
91.16 B3 0.00 0.00 
91.16 120 13 04 50
91.16 244 0.00
91.165 22 -1.36
91.165 23 -5.96
91.165 25 25.00
91.165 30 1.00
91.165 B1 0.00 0.00 
91.165 B3 0.00 0.00 
91.165 120 13 04 50
91.165 244 0.00
91.17 22 -1.37
91.17 23 -5.95
91.17 25 25.00
91.17 30 1.00
91.17 B1 0.00 0.00 
91.17 B3 0.00 0.00 
91.17 120 13 04 50
91.17 244 0.00
91.175 22 -1.38
91.175 23 -5.94
91.175 25 25.00
91.175 30 1.00
91.175 B1 0.00 0.00 
91.175 B3 0.00 0.00 
91.175 120 13 04 50
91.175 244 0.00
91.18 22 -1.39
91.18 23 -5.93
91.18 25 25.00
91.18 30 1.00
91.18 B1 0.00 0.00 
91.18 B3 0.00 0.00 
91.18 120 13 04 50
91.18 244 0.00
91.185 22 -1.40
91.185 23 -5.92
91.185 25 25.00
91.185 30 1.00
91.185 B1 0.00 0.00 
91.185 B3 0.00 0.00 
91.185 120 13 04 50
91.185 244 0.00
91.18999 22 -1.41
91.18999 23 -5.92
91.18999 25 25.00
91.18999 30 1.00
91.18999 B1 0.00 0.00 
91.18999 B3 0.00 0.00 
91.18999 120 13 04 50
91.18999 244 0.00
91.195 22 -1.42
91.195 23 -5.91
91.195 25 25.00
91.195 30 1.00
91.195 B1 0.00 0.00 
91.195 B3 0.00 0.00 
91.195 120 13 04 50
91.195 244 0.00
91.2 22 -1.43
91.2 23 -5.90
91.2 25 25.00
91.2 30 1.00
91.2 B1 0.00 0.00 
91.2 B3 0.00 0.00 
91.2 120 13 04 50
91.2 244 0.00
91.20499 22 -1.44
91.20499 23 -5.89
91.20499 25 25.00
91.20499 30 1.00
91.20499 B1 0.00 0.00 
91.20499 B3 0.00 0.00 
91.20499 120 13 04 50
91.20499 244 0.00
91.21 22 -1.44
91.21 23 -5.88
91.21 25 25.00
91.21 30 1.00
91.21 B1 0.00 0.00 
91.21 B3 0.00 0.00 
91.21 120 13 04 50
91.21 244 0.00
91.215 22 -1.45
91.215 23 -5.87
91.215 25 25.00
91.215 30 1.00
91.215 B1 0.00 0.00 
91.215 B3 0.00 0.00 
91.215 120 13 04 50
91.215 244 0.00
91.22 22 -1.46
91.22 23 -5.87
91.22 25 25.00
91.22 30 1.00
91.22 B1 0.00 0.00 
91.22 B3 0.00 0.00 
91.22 120 13 04 50
91.22 244 0.00
91.225 22 -1.46
91.225 23 -5.87
91.225 25 25.00
91.225 30 1.00
91.225 B1 0.00 0.00 
91.225 B3 0.00 0.00 
91.225 120 13 04 50
91.225 244 0.00
91.23 22 -1.47
91.23 23 -5.87
91.23 25 25.00
91.23 30 1.00
91.23 B1 0.00 0.00 
91.23 B3 0.00 0.00 
91.23 120 13 04 50
91.23 244 0.00
91.235 22 -1.48
91.235 23 -5.90
91.235 25 25.00
91.235 30 1.00
91.235 B1 0.00 0.00 
91.235 B3 0.00 0.00 
91.235 120 13 04 50
91.235 244 0.00
91.24 22 -1.50
91.24 23 -5.96
91.24 25 25.00
91.24 30 1.00
91.24 B1 0.00 0.00 
91.24 B3 0.00 0.00 
91.24 120 13 04 50
91.24 244 0.00
91.245 22 -1.52
91.245 23 -6.06
91.245 25 25.00
91.245 30 1.00
91.245 B1 0.00 0.00 
91.245 B3 0.00 0.00 
91.245 120 13 04 50
91.245 244 0.00
91.25 22 -1.57
91.25 23 -6.24
91.25 25 25.00
91.25 30 1.00
91.25 B1 0.00 0.00 
91.25 B3 0.00 0.00 
91.25 120 13 04 50
91.25 244 0.00
91.255 22 -1.63
91.255 23 -25.97
91.255 25 25.00
91.255 30 1.00
91.255 B1 0.00 0.00 
91.255 B3 0.00 0.00 
91.255 120 13 04 50
91.255 244 0.00
91.25999 22 -6.36
91.25999 23 -22.67
91.25999 25 25.00
91.25999 30 1.00
91.25999 B1 0.00 0.00 
91.25999 B3 0.00 0.00 
91.25999 120 13 04 50
91.25999 244 0.00
91.265 22 -3.17
91.265 23 -2.01
91.265 25 25.00
91.265 30 1.00
91.265 B1 0.00 0.00 
91.265 B3 0.00 0.00 
91.265 120 13 04 50
91.265 244 0.00
91.27 22 -1.19
91.27 23 0.12
91.27 25 25.00
91.27 30 1.00
91.27 B1 0.00 0.00 
91.27 B3 0.00 0.00 
91.27 120 13 04 50
91.27 244 0.00
91.275 22 -0.52
91.275 23 0.16
91.275 25 25.00
91.275 30 1.00
91.275 B1 0.00 0.00 
91.275 B3 0.00 0.00 
91.275 120 13 04 50
91.275 244 0.00
91.28 22 -0.24
91.28 23 0.10
91.28 25 25.00
91.28 30 1.00
91.28 B1 0.00 0.00 
91.28 B3 0.00 0.00 
91.28 120 13 04 50
91.28 244 0.00
91.285 22 -0.11
91.285 23 0.08
91.285 25 25.00
91.285 30 1.00
91.285 B1 0.00 0.00 
91.285 B3 0.00 0.00 
91.285 120 13 04 50
91.285 244 0.00
91.29 22 -0.05
91.29 23 0.06
91.29 25 25.00
91.29 30 1.00
91.29 B1 0.00 0.00 
91.29 B3 0.00 0.00 
91.29 120 13 04 50
91.29 244 0.00
91.295 22 -0.02
91.295 23 0.06
91.295 25 25.00
91.295 30 1.00
91.295 B1 0.00 0.00 
91.295 B3 0.00 0.00 
91.295 120 13 04 50
91.295 244 0.00
91.3 22 -0.01
91.3 23 0.05
91.3 25 25.00
91.3 30 1.00
91.3 B1 0.00 0.00 
91.3 B3 0.00 0.00 
91.3 120 13 04 50
91.3 244 0.00
91.305 22 0.00
91.305 23 0.05
91.305 25 25.00
91.305 30 1.00
91.305 B1 0.00 0.00 
91.305 B3 0.00 0.00 
91.305 120 13 04 50
91.305 244 0.00
91.31 22 0.00
91.31 23 0.05
91.31 25 25.00
91.31 30 1.00
91.31 B1 0.00 0.00 
91.31 B3 0.00 0.00 
91.31 120 13 04 50
91.31 244 0.00
91.31499 22 0.00
91.31499 23 0.05
91.31499 25 25.00
91.31499 30 1.00
91.31499 B1 0.00 0.00 
91.31499 B3 0.00 0.00 
91.31499 120 13 04 50
91.31499 244 0.00
91.32 22 0.00
91.32 23 0.05
91.32 25 25.00
91.32 30 1.00
91.32 B1 0.00 0.00 
91.32 B3 0.00 0.00 
91.32 120 13 04 50
91.32 244 0.00
91.325 22 0.00
91.325 23 0.05
91.325 25 25.00
91.325 30 1.00
91.325 B1 0.00 0.00 
91.325 B3 0.00 0.00 
91.325 120 13 04 50
91.325 244 0.00
91.32999 22 0.00
91.32999 23 0.05
91.32999 25 25.00
91.32999 30 1.00
91.32999 B1 0.00 0.00 
91.32999 B3 0.00 0.00 
91.32999 120 13 04 50
91.32999 244 0.00
91.335 22 0.00
91.335 23 0.05
91.335 25 25.00
91.335 30 1.00
91.335 B1 0.00 0.00 
91.335 B3 0.00 0.00 
91.335 120 13 04 50
91.335 244 0.00
91.34 22 0.00
91.34 23 0.05
91.34 25 25.00
91.34 30 1.00
91.34 B1 0.00 0.00 
91.34 B3 0.00 0.00 
91.34 120 13 04 50
91.34 244 0.00
91.345 22 0.00
91.345 23 0.05
91.345 25 25.00
91.345 30 1.00
91.345 B1 0.00 0.00 
91.345 B3 0.00 0.00 
91.345 120 13 04 50
91.345 244 0.00
91.35 22 0.00
91.35 23 0.05
91.35 25 25.00
91.35 30 1.00
91.35 B1 0.00 0.00 
91.35 B3 0.00 0.00 
91.35 120 13 04 50
91.35 244 0.00
91.355 22 0.00
91.355 23 0.05
91.355 25 25.00
91.355 30 1.00
91.355 B1 0.00 0.00 
91.355 B3 0.00 0.00 
91.355 120 13 04 50
91.355 244 0.00
91.36 22 0.00
91.36 23 0.05
91.36 25 25.00
91.36 30 1.00
91.36 B1 0.00 0.00 
91.36 B3 0.00 0.00 
91.36 120 13 04 50
91.36 244 0.00
91.365 22 0.00
91.365 23 0.05
91.365 25 25.00
91.365 30 1.00
91.365 B1 0.00 0.00 
91.365 B3 0.00 0.00 
91.365 120 13 04 50
91.365 244 0.00
91.37 22 0.00
91.37 23 0.05
91.37 25 25.00
91.37 30 1.00
91.37 B1 0.00 0.00 
91.37 B3 0.00 0.00 
91.37 120 13 04 50
91.37 244 0.00
91.375 22 0.00
91.375 23 0.05
91.375 25 25.00
91.375 30 1.00
91.375 B1 0.00 0.00 
91.375 B3 0.00 0.00 
91.375 120 13 04 50
91.375 244 0.00
91.38 22 0.00
91.38 23 0.05
91.38 25 25.00
91.38 30 1.00
91.38 B1 0.00 0.00 
91.38 B3 0.00 0.00 
91.38 120 13 04 50
91.38 244 0.00
91.38499 22 0.00
91.38499 23 0.05
91.38499 25 25.00
91.38499 30 1.00
91.38499 B1 0.00 0.00 
91.38499 B3 0.00 0.00 
91.38499 120 13 04 50
91.38499 244 0.00
91.39 22 0.00
91.39 23 0.05
91.39 25 25.00
91.39 30 1.00
91.39 B1 0.00 0.00 
91.39 B3 0.00 0.00 
91.39 120 13 04 50
91.39 244 0.00
91.395 22 0.00
91.395 23 0.05
91.395 25 25.00
91.395 30 1.00
91.395 B1 0.00 0.00 
91.395 B3 0.00 0.00 
91.395 120 13 04 50
91.395 244 0.00
91.4 22 0.00
91.4 23 0.05
91.4 25 25.00
91.4 30 1.00
91.4 B1 0.00 0.00 
91.4 B3 0.00 0.00 
91.4 120 13 04 50
91.4 244 0.00
91.405 22 0.00
91.405 23 0.05
91.405 25 25.00
91.405 30 1.00
91.405 B1 0.00 0.00 
91.405 B3 0.00 0.00 
91.405 120 13 04 50
91.405 244 0.00
91.41 22 0.00
91.41 23 0.05
91.41 25 25.00
91.41 30 1.00
91.41 B1 0.00 0.00 
91.41 B3 0.00 0.00 
91.41 120 13 04 50
91.41 244 0.00
91.415 22 0.00
91.415 23 0.05
91.415 25 25.00
91.415 30 1.00
91.415 B1 0.00 0.00 
91.415 B3 0.00 0.00 
91.415 120 13 04 50
91.415 244 0.00
91.42 22 0.00
91.42 23 0.05
91.42 25 25.00
91.42 30 1.00
91.42 B1 0.00 0.00 
91.42 B3 0.00 0.00 
91.42 120 13 04 50
91.42 244 0.00
91.425 22 0.00
91.425 23 0.05
91.425 25 25.00
91.425 30 1.00
91.425 B1 0.00 0.00 
91.425 B3 0.00 0.00 
91.425 120 13 04 50
91.425 244 0.00
91.43 22 0.00
91.43 23 0.05
91.43 25 25.00
91.43 30 1.00
91.43 B1 0.00 0.00 
91.43 B3 0.00 0.00 
91.43 120 13 04 50
91.43 244 0.00
91.435 22 0.00
91.435 23 0.05
91.435 25 25.00
91.435 30 1.00
91.435 B1 0.00 0.00 
91.435 B3 0.00 0.00 
91.435 120 13 04 50
91.435 244 0.00
91.43999 22 0.00
91.43999 23 0.05
91.43999 25 25.00
91.43999 30 1.00
91.43999 B1 0.00 0.00 
91.43999 B3 0.00 0.00 
91.43999 120 13 04 50
91.43999 244 0.00
91.445 22 0.00
91.445 23 0.05
91.445 25 25.00
91.445 30 0.66
91.445 B1 0.00 0.00 
91.445 B3 0.00 0.00 
91.445 120 13 04 50
91.445 244 0.00
91.45 22 0.00
91.45 23 0.05
91.45 25 25.00
91.45 30 0.66
91.45 B1 0.00 0.00 
91.45 B3 0.00 0.00 
91.45 120 13 04 50
91.45 244 0.00
91.45499 22 0.00
91.45499 23 0.05
91.45499 25 25.00
91.45499 30 0.56
91.45499 B1 0.00 0.00 
91.45499 B3 0.00 0.00 
91.45499 120 13 04 50
91.45499 244 0.00
91.46 22 0.00
91.46 23 0.05
91.46 25 10.41
91.46 30 0.37
91.46 B1 0.00 0.00 
91.46 B3 0.00 0.00 
91.46 120 13 04 50
91.46 244 0.00
91.465 22 0.00
91.465 23 0.05
91.465 25 10.41
91.465 30 0.37
91.465 B1 0.00 0.00 
91.465 B3 0.00 0.00 
91.465 120 13 04 50
91.465 244 0.00
91.47 22 0.00
91.47 23 0.05
91.47 25 10.41
91.47 30 0.37
91.47 B1 0.00 0.00 
91.47 B3 0.00 0.00 
91.47 120 13 04 50
91.47 244 0.00
91.475 22 0.00
91.475 23 0.05
91.475 25 0.00
91.475 30 0.02
91.475 B1 0.00 0.00 
91.475 B3 0.00 0.00 
91.475 120 13 04 50
91.475 244 0.00
91.48 22 0.00
91.48 23 0.05
91.48 25 0.00
91.48 30 0.00
91.48 B1 0.00 0.00 
91.48 B3 0.00 0.00 
91.48 120 13 04 50
91.48 244 0.00
91.485 22 0.00
91.485 23 0.70
91.485 25 0.00
91.485 30 0.00
91.485 B1 -0.49 -1.07 
91.485 B3 -57.77 -58.12 
91.485 120 13 04 50
91.485 244 0.00
91.49 22 0.00
91.49 23 -0.82
91.49 25 0.00
91.49 30 0.00
91.49 B1 7.06 -4.15 
91.49 B3 18.17 18.15 
91.49 120 13 04 50
91.49 244 0.00
91.495 22 0.00
91.495 23 -0.15
91.495 25 0.00
91.495 30 0.00
91.495 B1 -93.07 28.27 
91.495 B3 70.31 69.16 
91.495 120 13 04 50
91.495 244 0.00
91.5 22 0.00
91.5 23 0.63
91.5 25 0.00
91.5 30 0.00
91.5 B1 1.64 50.13 
91.5 B3 -15.61 -65.30 
91.5 120 13 04 50
91.5 244 0.00
91.505 22 0.00
91.505 23 -0.79
91.505 25 0.00
91.505 30 0.00
91.505 B1 0.33 87.01 
91.505 B3 0.05 34.07 
91.505 120 13 04 50
91.505 244 0.00
91.50999 22 0.00
91.50999 23 0.72
91.50999 25 0.00
91.50999 30 0.00
91.50999 B1 31.72 16.95 
91.50999 B3 -35.37 -11.89 
91.50999 120 13 04 50
91.50999 244 0.00
91.515 22 0.00
91.515 23 0.88
91.515 25 0.00
91.515 30 0.00
91.515 B1 -77.91 69.17 
91.515 B3 -71.59 -66.80 
91.515 120 13 04 50
91.515 244 0.00
91.52 22 0.00
91.52 23 -0.64
91.52 25 0.00
91.52 30 0.00
91.52 B1 94.09 -3.42 
91.52 B3 -68.93 -43.77 
91.52 120 13 04 50
91.52 244 0.00
91.525 22 0.00
91.525 23 0.25
91.525 25 0.00
91.525 30 0.00
91.525 B1 1.49 29.90 
91.525 B3 -70.27 -18.72 
91.525 120 13 04 50
91.525 244 0.00
91.53 22 0.00
91.53 23 -0.49
91.53 25 0.00
91.53 30 0.00
91.53 B1 80.85 20.08 
91.53 B3 -19.05 -41.89 
91.53 120 13 04 50
91.53 244 0.00
91.535 22 0.00
91.535 23 0.31
91.535 25 0.00
91.535 30 0.00
91.535 B1 38.25 40.08 
91.535 B3 -14.69 -69.48 
91.535 120 13 04 50
91.535 244 0.00
91.54 22 0.00
91.54 23 -0.62
91.54 25 0.00
91.54 30 0.00
91.54 B1 -49.89 89.59 
91.54 B3 64.72 10.65 
91.54 120 13 04 50
91.54 244 0.00
91.545 22 0.00
91.545 23 1.58
91.545 25 0.00
91.545 30 0.00
91.545 B1 -95.30 28.34 
91.545 B3 -17.94 -74.54 
91.545 120 13 04 50
91.545 244 0.00
91.55 22 0.00
91.55 23 -0.76
91.55 25 0.00
91.55 30 0.00
91.55 B1 -9.84 91.10 
91.55 B3 -55.95 -39.71 
91.55 120 13 04 50
91.55 244 0.00
91.555 22 0.00
91.555 23 -0.93
91.555 25 0.00
91.555 30 0.00
91.555 B1 83.80 -7.54 
91.555 B3 17.43 68.95 
91.555 120 13 04 50
91.555 244 0.00
91.56 22 0.00
91.56 23 0.38
91.56 25 0.00
91.56 30 0.00
91.56 B1 -32.27 86.03 
91.56 B3 57.12 -7.96 
91.56 120 13 04 50
91.56 244 0.00
91.56499 22 0.00
91.56499 23 -0.27
91.56499 25 0.00
91.56499 30 0.00
91.56499 B1 58.16 31.94 
91.56499 B3 1.43 69.82 
91.56499 120 13 04 50
91.56499 244 0.00
91.57 22 0.00
91.57 23 1.70
91.57 25 0.00
91.57 30 0.00
91.57 B1 10.89 -88.73 
91.57 B3 -17.85 -39.83 
91.57 120 13 04 50
91.57 244 0.00
91.575 22 0.00
91.575 23 -0.29
91.575 25 0.00
91.575 30 0.00
91.575 B1 78.70 -27.41 
91.575 B3 -67.39 -58.62 
91.575 120 13 04 50
91.575 244 0.00
91.57999 22 0.00
91.57999 23 0.13
91.57999 25 0.00
91.57999 30 0.00
91.57999 B1 -81.91 -80.98 
91.57999 B3 55.89 17.31 
91.57999 120 13 04 50
91.57999 244 0.00
91.585 22 0.00
91.585 23 0.28
91.585 25 0.00
91.585 30 0.00
91.585 B1 -51.25 -50.36 
91.585 B3 23.68 -52.79 
91.585 120 13 04 50
91.585 244 0.00
91.59 22 0.00
91.59 23 -1.36
91.59 25 0.00
91.59 30 0.00
91.59 B1 53.96 70.98 
91.59 B3 36.11 -36.96 
91.59 120 13 04 50
91.59 244 0.00
91.595 22 0.00
91.595 23 0.32
91.595 25 0.00
91.595 30 0.00
91.595 B1 31.15 17.97 
91.595 B3 14.27 13.17 
91.595 120 13 04 50
91.595 244 0.00
91.6 22 0.00
91.6 23 0.62
91.6 25 0.00
91.6 30 0.00
91.6 B1 -49.83 19.30 
91.6 B3 33.58 -28.06 
91.6 120 13 04 50
91.6 244 0.00
91.605 22 0.00
91.605 23 -0.82
91.605 25 0.00
91.605 30 0.00
91.605 B1 24.80 44.95 
91.605 B3 -4.12 66.40 
91.605 120 13 04 50
91.605 244 0.00
91.61 22 0.00
91.61 23 0.08
91.61 25 0.00
91.61 30 0.00
91.61 B1 41.06 72.17 
91.61 B3 7.56 5.50 
91.61 120 13 04 50
91.61 244 0.00
91.615 22 0.00
91.615 23 0.00
91.615 25 0.00
91.615 30 0.00
91.615 B1 17.42 30.36 
91.615 B3 14.60 72.82 
91.615 120 13 04 50
91.615 244 0.00
91.62 22 0.00
91.62 23 1.22
91.62 25 0.00
91.62 30 0.00
91.62 B1 18.63 -82.67 
91.62 B3 59.75 -71.55 
91.62 120 13 04 50
91.62 244 0.00
91.625 22 0.00
91.625 23 -0.17
91.625 25 0.00
91.625 30 0.00
91.625 B1 41.59 -4.60 
91.625 B3 -16.31 -56.05 
91.625 120 13 04 50
91.625 244 0.00
91.63 22 0.00
91.63 23 -1.02
91.63 25 0.00
91.63 30 0.00
91.63 B1 33.49 92.64 
91.63 B3 18.37 12.12 
91.63 120 13 04 50
91.63 244 0.00
91.63499 22 0.00
91.63499 23 0.86
91.63499 25 0.00
91.63499 30 0.00
91.63499 B1 -83.86 20.49 
91.63499 B3 61.03 13.51 
91.63499 120 13 04 50
91.63499 244 0.00
91.64 22 0.00
91.64 23 0.28
91.64 25 0.00
91.64 30 0.00
91.64 B1 13.21 24.73 
91.64 B3 -15.58 -52.89 
91.64 120 13 04 50
91.64 244 0.00
91.645 22 0.00
91.645 23 0.37
91.645 25 0.00
91.645 30 0.00
91.645 B1 -93.96 41.46 
91.645 B3 34.03 -70.13 
91.645 120 13 04 50
91.645 244 0.00
91.65 22 0.00
91.65 23 -1.03
91.65 25 0.00
91.65 30 0.00
91.65 B1 -1.13 -1.71 
91.65 B3 40.50 67.61 
91.65 120 13 04 50
91.65 244 0.00
91.655 22 0.00
91.655 23 0.07
91.655 25 0.00
91.655 30 0.00
91.655 B1 83.56 -94.48 
91.655 B3 61.68 52.03 
91.655 120 13 04 50
91.655 244 0.00
91.66 22 0.00
91.66 23 1.56
91.66 25 0.00
91.66 30 0.00
91.66 B1 -33.53 3.33 
91.66 B3 -68.54 -69.21 
91.66 120 13 04 50
91.66 244 0.00
91.665 22 0.00
91.665 23 -1.16
91.665 25 0.00
91.665 30 0.00
91.665 B1 70.92 -32.12 
91.665 B3 3.86 7.09 
91.665 120 13 04 50
91.665 244 0.00
91.67 22 0.00
91.67 23 -0.17
91.67 25 0.00
91.67 30 0.00
91.67 B1 -26.67 90.67 
91.67 B3 14.95 10.79 
91.67 120 13 04 50
91.67 244 0.00
91.675 22 0.00
91.675 23 1.62
91.675 25 0.00
91.675 30 0.00
91.675 B1 -90.01 22.11 
91.675 B3 -50.31 -74.40 
91.675 120 13 04 50
91.675 244 0.00
91.68 22 0.00
91.68 23 -1.25
91.68 25 0.00
91.68 30 0.00
91.68 B1 -6.90 67.43 
91.68 B3 50.38 -69.22 
91.68 120 13 04 50
91.68 244 0.00
91.685 22 0.00
91.685 23 0.16
91.685 25 0.00
91.685 30 0.00
91.685 B1 -8.47 1.56 
91.685 B3 -18.78 47.07 
91.685 120 13 04 50
91.685 244 0.00
91.68999 22 0.00
91.68999 23 0.49
91.68999 25 0.00
91.68999 30 0.00
91.68999 B1 27.16 -0.33 
91.68999 B3 -73.87 -10.49 
91.68999 120 13 04 50
91.68999 244 0.00
91.695 22 0.00
91.695 23 -0.57
91.695 25 0.00
91.695 30 0.00
91.695 B1 86.31 -4.58 
91.695 B3 12.34 -39.25 
91.695 120 13 04 50
91.695 244 0.00
91.7 22 0.00
91.7 23 0.92
91.7 25 0.00
91.7 30 0.00
91.7 B1 -75.05 -26.08 
91.7 B3 -54.77 54.28 
91.7 120 13 04 50
91.7 244 0.00
91.70499 22 0.00
91.70499 23 -0.55
91.70499 25 0.00
91.70499 30 0.00
91.70499 B1 21.02 -66.68 
91.70499 B3 7.78 44.16 
91.70499 120 13 04 50
91.70499 244 0.00
91.71 22 0.00
91.71 23 -0.01
91.71 25 0.00
91.71 30 0.00
91.71 B1 11.98 9.95 
91.71 B3 -62.29 58.33 
91.71 120 13 04 50
91.71 244 0.00
91.715 22 0.00
91.715 23 1.16
91.715 25 0.00
91.715 30 0.00
91.715 B1 -74.09 -78.17 
91.715 B3 -12.01 -17.78 
91.715 120 13 04 50
91.715 244 0.00
91.72 22 0.00
91.72 23 -0.67
91.72 25 0.00
91.72 30 0.00
91.72 B1 -32.19 0.11 
91.72 B3 43.65 -63.23 
91.72 120 13 04 50
91.72 244 0.00
91.725 22 0.00
91.725 23 -1.61
91.725 25 0.00
91.725 30 0.00
91.725 B1 94.97 74.33 
91.725 B3 37.92 40.80 
91.725 120 13 04 50
91.725 244 0.00
91.73 22 0.00
91.73 23 1.35
91.73 25 0.00
91.73 30 0.00
91.73 B1 8.95 -80.04 
91.73 B3 18.04 66.79 
91.73 120 13 04 50
91.73 244 0.00
91.735 22 0.00
91.735 23 -0.93
91.735 25 0.00
91.735 30 0.00
91.735 B1 62.30 81.18 
91.735 B3 70.03 -22.52 
91.735 120 13 04 50
91.735 244 0.00
91.74 22 0.00
91.74 23 1.58
91.74 25 0.00
91.74 30 0.00
91.74 B1 -7.19 9.56 
91.74 B3 -60.19 -26.30 
91.74 120 13 04 50
91.74 244 0.00
91.745 22 0.00
91.745 23 -0.85
91.745 25 0.00
91.745 30 0.00
91.745 B1 -0.59 28.02 
91.745 B3 16.91 33.45 
91.745 120 13 04 50
91.745 244 0.00
91.75 22 0.00
91.75 23 -0.92
91.75 25 0.00
91.75 30 0.00
91.75 B1 88.80 90.69 
91.75 B3 70.50 2.09 
91.75 120 13 04 50
91.75 244 0.00
91.755 22 0.00
91.755 23 0.94
91.755 25 0.00
91.755 30 0.00
91.755 B1 11.19 10.24 
91.755 B3 51.87 18.31 
91.755 120 13 04 50
91.755 244 0.00
91.75999 22 0.00
91.75999 23 1.36
91.75999 25 0.00
91.75999 30 0.00
91.75999 B1 -90.97 -76.20 
91.75999 B3 -48.03 70.59 
91.75999 120 13 04 50
91.75999 244 0.00
91.765 22 0.00
91.765 23 -0.13
91.765 25 0.00
91.765 30 0.00
91.765 B1 -10.68 -86.72 
91.765 B3 -18.85 4.50 
91.765 120 13 04 50
91.765 244 0.00
91.77 22 0.00
91.77 23 -0.46
91.77 25 0.00
91.77 30 0.00
91.77 B1 89.55 -24.70 
91.77 B3 -67.66 -16.06 
91.77 120 13 04 50
91.77 244 0.00
91.775 22 0.00
91.775 23 0.22
91.775 25 0.00
91.775 30 0.00
91.775 B1 11.46 -51.36 
91.775 B3 51.62 -60.34 
91.775 120 13 04 50
91.775 244 0.00
91.78 22 0.00
91.78 23 0.33
91.78 25 0.00
91.78 30 0.00
91.78 B1 -88.53 29.88 
91.78 B3 -19.76 -21.08 
91.78 120 13 04 50
91.78 244 0.00
91.785 22 0.00
91.785 23 0.41
91.785 25 0.00
91.785 30 0.00
91.785 B1 -31.88 -3.52 
91.785 B3 -62.35 -66.63 
91.785 120 13 04 50
91.785 244 0.00
91.79 22 0.00
91.79 23 -1.55
91.79 25 0.00
91.79 30 0.00
91.79 B1 88.89 66.94 
91.79 B3 -60.50 29.38 
91.79 120 13 04 50
91.79 244 0.00
91.795 22 0.00
91.795 23 0.84
91.795 25 0.00
91.795 30 0.00
91.795 B1 26.87 5.45 
91.795 B3 16.89 -65.92 
91.795 120 13 04 50
91.795 244 0.00
91.8 22 0.00
91.8 23 -0.66
91.8 25 0.00
91.8 30 0.00
91.8 B1 83.63 28.30 
91.8 B3 66.41 -67.76 
91.8 120 13 04 50
91.8 244 0.00
91.805 22 0.00
91.805 23 0.19
91.805 25 0.00
91.805 30 0.00
91.805 B1 -2.39 94.69 
91.805 B3 60.55 -68.04 
91.805 120 13 04 50
91.805 244 0.00
91.81 22 0.00
91.81 23 -0.69
91.81 25 0.00
91.81 30 0.00
91.81 B1 92.64 3.82 
91.81 B3 52.62 68.40 
91.81 120 13 04 50
91.81 244 0.00
91.81499 22 0.00
91.81499 23 1.36
91.81499 25 0.00
91.81499 30 0.00
91.81499 B1 6.51 18.26 
91.81499 B3 25.84 -69.26 
91.81499 120 13 04 50
91.81499 244 0.00
91.82 22 0.00
91.82 23 -0.72
91.82 25 0.00
91.82 30 0.00
91.82 B1 78.19 64.91 
91.82 B3 35.87 -57.90 
91.82 120 13 04 50
91.82 244 0.00
91.825 22 0.00
91.825 23 0.58
91.825 25 0.00
91.825 30 0.00
91.825 B1 13.20 -7.48 
91.825 B3 17.98 2.95 
91.825 120 13 04 50
91.825 244 0.00
91.82999 22 0.00
91.82999 23 0.39
91.82999 25 0.00
91.82999 30 0.00
91.82999 B1 -5.12 -78.77 
91.82999 B3 70.06 -19.86 
91.82999 120 13 04 50
91.82999 244 0.00
91.835 22 0.00
91.835 23 -0.10
91.835 25 0.00
91.835 30 0.00
91.835 B1 -27.37 50.89 
91.835 B3 38.37 -69.01 
91.835 120 13 04 50
91.835 244 0.00
91.84 22 0.00
91.84 23 0.75
91.84 25 0.00
91.84 30 0.00
91.84 B1 -94.56 21.71 
91.84 B3 -67.58 7.47 
91.84 120 13 04 50
91.84 244 0.00
91.845 22 0.00
91.845 23 -0.86
91.845 25 0.00
91.845 30 0.00
91.845 B1 -12.62 29.24 
91.845 B3 -55.68 70.98 
91.845 120 13 04 50
91.845 244 0.00
91.85 22 0.00
91.85 23 0.12
91.85 25 0.00
91.85 30 0.00
91.85 B1 60.37 -20.49 
91.85 B3 8.66 -28.20 
91.85 120 13 04 50
91.85 244 0.00
91.855 22 0.00
91.855 23 0.12
91.855 25 0.00
91.855 30 0.00
91.855 B1 -26.60 -14.37 
91.855 B3 -1.89 50.59 
91.855 120 13 04 50
91.855 244 0.00
91.86 22 0.00
91.86 23 0.44
91.86 25 0.00
91.86 30 0.00
91.86 B1 -85.64 17.39 
91.86 B3 18.76 -12.74 
91.86 120 13 04 50
91.86 244 0.00
91.865 22 0.00
91.865 23 -0.90
91.865 25 0.00
91.865 30 0.00
91.865 B1 -35.19 77.91 
91.865 B3 0.00 65.88 
91.865 120 13 04 50
91.865 244 0.00
91.87 22 0.00
91.87 23 -1.06
91.87 25 0.00
91.87 30 0.00
91.87 B1 76.76 93.41 
91.87 B3 67.55 71.37 
91.87 120 13 04 50
91.87 244 0.00
91.875 22 0.00
91.875 23 1.51
91.875 25 0.00
91.875 30 0.00
91.875 B1 -26.80 6.17 
91.875 B3 42.91 23.67 
91.875 120 13 04 50
91.875 244 0.00
91.88 22 0.00
91.88 23 -0.29
91.88 25 0.00
91.88 30 0.00
91.88 B1 -89.60 74.40 
91.88 B3 56.71 65.57 
91.88 120 13 04 50
91.88 244 0.00
91.88499 22 0.00
91.88499 23 1.18
91.88499 25 0.00
91.88499 30 0.00
91.88499 B1 -21.12 -71.45 
91.88499 B3 -16.21 12.25 
91.88499 120 13 04 50
91.88499 244 0.00
91.89 22 0.00
91.89 23 0.32
91.89 25 0.00
91.89 30 0.00
91.89 B1 -14.84 -49.35 
91.89 B3 -72.22 -8.98 
91.89 120 13 04 50
91.89 244 0.00
91.895 22 0.00
91.895 23 -0.08
91.895 25 0.00
91.895 30 0.00
91.895 B1 -33.78 -85.32 
91.895 B3 70.07 -72.10 
91.895 120 13 04 50
91.895 244 0.00
91.9 22 0.00
91.9 23 -1.23
91.9 25 0.00
91.9 30 0.00
91.9 B1 85.18 31.45 
91.9 B3 61.04 -68.70 
91.9 120 13 04 50
91.9 244 0.00
91.905 22 0.00
91.905 23 0.26
91.905 25 0.00
91.905 30 0.00
91.905 B1 61.26 -81.31 
91.905 B3 51.69 39.29 
91.905 120 13 04 50
91.905 244 0.00
91.91 22 0.00
91.91 23 0.32
91.91 25 0.00
91.91 30 0.00
91.91 B1 -31.18 75.34 
91.91 B3 24.76 -47.07 
91.91 120 13 04 50
91.91 244 0.00
91.915 22 0.00
91.915 23 -0.68
91.915 25 0.00
91.915 30 0.00
91.915 B1 82.01 -10.82 
91.915 B3 11.39 71.69 
91.915 120 13 04 50
91.915 244 0.00
91.92 22 0.00
91.92 23 0.55
91.92 25 0.00
91.92 30 0.00
91.92 B1 92.20 -36.37 
91.92 B3 -63.04 72.27 
91.92 120 13 04 50
91.92 244 0.00
91.925 22 0.00
91.925 23 -0.33
91.925 25 0.00
91.925 30 0.00
91.925 B1 -5.88 79.64 
91.925 B3 11.27 48.10 
91.925 120 13 04 50
91.925 244 0.00
91.93 22 0.00
91.93 23 1.62
91.93 25 0.00
91.93 30 0.00
91.93 B1 -17.81 -73.15 
91.93 B3 -67.57 9.73 
91.93 120 13 04 50
91.93 244 0.00
91.935 22 0.00
91.935 23 -0.68
91.935 25 0.00
91.935 30 0.00
91.935 B1 -6.77 -13.73 
91.935 B3 -67.12 70.53 
91.935 120 13 04 50
91.935 244 0.00
91.93999 22 0.00
91.93999 23 -1.06
91.93999 25 0.00
91.93999 30 0.00
91.93999 B1 89.47 93.61 
91.93999 B3 66.57 -66.85 
91.93999 120 13 04 50
91.93999 244 0.00
91.945 22 0.00
91.945 23 1.22
91.945 25 0.00
91.945 30 0.00
91.945 B1 4.83 -3.21 
91.945 B3 -22.11 -7.68 
91.945 120 13 04 50
91.945 244 0.00
91.95 22 0.00
91.95 23 0.87
91.95 25 0.00
91.95 30 0.00
91.95 B1 -52.85 22.15 
91.95 B3 -71.28 -72.91 
91.95 120 13 04 50
91.95 244 0.00
91.95499 22 0.00
91.95499 23 -1.04
91.95499 25 0.00
91.95499 30 0.00
91.95499 B1 -32.20 57.10 
91.95499 B3 -9.94 6.31 
91.95499 120 13 04 50
91.95499 244 0.00
91.96 22 0.00
91.96 23 -0.10
91.96 25 0.00
91.96 30 0.00
91.96 B1 89.68 -38.85 
91.96 B3 -68.17 65.52 
91.96 120 13 04 50
91.96 244 0.00
91.965 22 0.00
91.965 23 -0.39
91.965 25 0.00
91.965 30 0.00
91.965 B1 15.57 93.75 
91.965 B3 62.86 -44.35 
91.965 120 13 04 50
91.965 244 0.00
91.97 22 0.00
91.97 23 0.82
91.97 25 0.00
91.97 30 0.00
91.97 B1 40.49 4.66 
91.97 B3 11.90 -68.37 
91.97 120 13 04 50
91.97 244 0.00
91.975 22 0.00
91.975 23 0.16
91.975 25 0.00
91.975 30 0.00
91.975 B1 27.34 -0.58 
91.975 B3 -66.73 8.79 
91.975 120 13 04 50
91.975 244 0.00
91.98 22 0.00
91.98 23 0.51
91.98 25 0.00
91.98 30 0.00
91.98 B1 87.20 -80.31 
91.98 B3 -71.40 -49.43 
91.98 120 13 04 50
91.98 244 0.00
91.985 22 0.00
91.985 23 -0.89
91.985 25 0.00
91.985 30 0.00
91.985 B1 -15.29 93.04 
91.985 B3 -63.68 41.63 
91.985 120 13 04 50
91.985 244 0.00
91.99 22 0.00
91.99 23 0.96
91.99 25 0.00
91.99 30 0.00
91.99 B1 -91.66 -1.32 
91.99 B3 -62.32 47.78 
91.99 120 13 04 50
91.99 244 0.00
91.995 22 0.00
91.995 23 0.28
91.995 25 0.00
91.995 30 0.00
91.995 B1 -4.59 -94.46 
91.995 B3 -10.27 -39.25 
91.995 120 13 04 50
91.995 244 0.00
92 22 0.00
92 23 -0.94
92 25 0.00
92 30 0.00
92 B1 69.64 -7.89 
92 B3 16.01 -47.92 
92 120 13 04 50
92 244 0.00
92.005 22 0.00
92.005 23 0.07
92.005 25 0.00
92.005 30 0.00
92.005 B1 -19.22 -35.24 
92.005 B3 58.26 21.95 
92.005 120 13 04 50
92.005 244 0.00
92.00999 22 0.00
92.00999 23 -0.25
92.00999 25 0.00
92.00999 30 0.00
92.00999 B1 -44.44 75.00 
92.00999 B3 0.22 49.26 
92.00999 120 13 04 50
92.00999 244 0.00
92.015 22 0.00
92.015 23 0.27
92.015 25 0.00
92.015 30 0.00
92.015 B1 -21.71 38.97 
92.015 B3 31.26 -8.63 
92.015 120 13 04 50
92.015 244 0.00
92.02 22 0.00
92.02 23 0.60
92.02 25 0.00
92.02 30 0.00
92.02 B1 -32.61 88.54 
92.02 B3 -43.84 -71.31 
92.02 120 13 04 50
92.02 244 0.00
92.025 22 0.00
92.025 23 -0.91
92.025 25 0.00
92.025 30 0.00
92.025 B1 90.76 30.91 
92.025 B3 -6.93 -0.52 
92.025 120 13 04 50
92.025 244 0.00
92.03 22 0.00
92.03 23 1.06
92.03 25 0.00
92.03 30 0.00
92.03 B1 2.88 -71.98 
92.03 B3 -10.49 12.21 
92.03 120 13 04 50
92.03 244 0.00
92.035 22 0.00
92.035 23 -0.21
92.035 25 0.00
92.035 30 0.00
92.035 B1 -10.29 10.48 
92.035 B3 -47.64 27.38 
92.035 120 13 04 50
92.035 244 0.00
92.04 22 0.00
92.04 23 0.13
92.04 25 0.00
92.04 30 0.00
92.04 B1 78.50 -70.55 
92.04 B3 11.46 -54.33 
92.04 120 13 04 50
92.04 244 0.00
92.045 22 0.00
92.045 23 -0.12
92.045 25 0.00
92.045 30 0.00
92.045 B1 28.62 26.14 
92.045 B3 -71.55 13.25 
92.045 120 13 04 50
92.045 244 0.00
92.05 22 0.00
92.05 23 -0.20
92.05 25 0.00
92.05 30 0.00
92.05 B1 94.69 68.92 
92.05 B3 -68.44 -54.31 
92.05 120 13 04 50
92.05 244 0.00
92.055 22 0.00
92.055 23 0.75
92.055 25 0.00
92.055 30 0.00
92.055 B1 4.90 -24.89 
92.055 B3 -15.07 -50.05 
92.055 120 13 04 50
92.055 244 0.00
92.06 22 0.00
92.06 23 -0.44
92.06 25 0.00
92.06 30 0.00
92.06 B1 91.62 -62.81 
92.06 B3 -12.98 -12.97 
92.06 120 13 04 50
92.06 244 0.00
92.06499 22 0.00
92.06499 23 0.01
92.06499 25 0.00
92.06499 30 0.00
92.06499 B1 -15.39 28.90 
92.06499 B3 -54.71 52.15 
92.06499 120 13 04 50
92.06499 244 0.00
92.07 22 0.00
92.07 23 0.92
92.07 25 0.00
92.07 30 0.00
92.07 B1 -78.49 9.15 
92.07 B3 -10.17 -66.28 
92.07 120 13 04 50
92.07 244 0.00
92.075 22 0.00
92.075 23 -1.44
92.075 25 0.00
92.075 30 0.00
92.075 B1 36.20 83.28 
92.075 B3 67.07 -63.16 
92.075 120 13 04 50
92.075 244 0.00
92.07999 22 0.00
92.07999 23 1.32
92.07999 25 0.00
92.07999 30 0.00
92.07999 B1 -93.66 -12.27 
92.07999 B3 41.04 -40.03 
92.07999 120 13 04 50
92.07999 244 0.00
92.085 22 0.00
92.085 23 -0.90
92.085 25 0.00
92.085 30 0.00
92.085 B1 -4.51 -15.48 
92.085 B3 49.02 37.82 
92.085 120 13 04 50
92.085 244 0.00
92.09 22 0.00
92.09 23 0.66
92.09 25 0.00
92.09 30 0.00
92.09 B1 31.22 -19.25 
92.09 B3 17.66 -73.01 
92.09 120 13 04 50
92.09 244 0.00
92.095 22 0.00
92.095 23 -0.10
92.095 25 0.00
92.095 30 0.00
92.095 B1 -50.58 -12.42 
92.095 B3 62.49 -16.07 
92.095 120 13 04 50
92.095 244 0.00
92.1 22 0.00
92.1 23 0.54
92.1 25 0.00
92.1 30 0.00
92.1 B1 -84.46 65.20 
92.1 B3 -31.68 -54.00 
92.1 120 13 04 50
92.1 244 0.00
92.105 22 0.00
92.105 23 -0.25
92.105 25 0.00
92.105 30 0.00
92.105 B1 28.83 -15.58 
92.105 B3 5.45 -70.02 
92.105 120 13 04 50
92.105 244 0.00
92.11 22 0.00
92.11 23 -0.21
92.11 25 0.00
92.11 30 0.00
92.11 B1 69.56 -44.95 
92.11 B3 -23.13 -5.00 
92.11 120 13 04 50
92.11 244 0.00
92.115 22 0.00
92.115 23 0.68
92.115 25 0.00
92.115 30 0.00
92.115 B1 -27.76 -87.53 
92.115 B3 -62.05 61.19 
92.115 120 13 04 50
92.115 244 0.00
92.12 22 0.00
92.12 23 0.33
92.12 25 0.00
92.12 30 0.00
92.12 B1 -71.61 -33.43 
92.12 B3 -45.86 -15.19 
92.12 120 13 04 50
92.12 244 0.00
92.125 22 0.00
92.125 23 -1.03
92.125 25 0.00
92.125 30 0.00
92.125 B1 -12.16 82.01 
92.125 B3 23.89 -64.42 
92.125 120 13 04 50
92.125 244 0.00
92.13 22 0.00
92.13 23 -0.57
92.13 25 0.00
92.13 30 0.00
92.13 B1 78.87 0.83 
92.13 B3 37.78 22.91 
92.13 120 13 04 50
92.13 244 0.00
92.13499 22 0.00
92.13499 23 0.77
92.13499 25 0.00
92.13499 30 0.00
92.13499 B1 -2.61 5.94 
92.13499 B3 -51.99 59.23 
92.13499 120 13 04 50
92.13499 244 0.00
92.14 22 0.00
92.14 23 -0.74
92.14 25 0.00
92.14 30 0.00
92.14 B1 30.93 77.13 
92.14 B3 55.36 -10.00 
92.14 120 13 04 50
92.14 244 0.00
92.145 22 0.00
92.145 23 2.36
92.145 25 0.00
92.145 30 0.00
92.145 B1 -93.60 -84.78 
92.145 B3 -17.82 -66.63 
92.145 120 13 04 50
92.145 244 0.00
92.15 22 0.00
92.15 23 -0.94
92.15 25 0.00
92.15 30 0.00
92.15 B1 -9.02 -11.98 
92.15 B3 -46.06 -18.03 
92.15 120 13 04 50
92.15 244 0.00
92.155 22 0.00
92.155 23 -1.20
92.155 25 0.00
92.155 30 0.00
92.155 B1 77.80 61.00 
92.155 B3 72.39 -70.58 
92.155 120 13 04 50
92.155 244 0.00
92.16 22 0.00
92.16 23 -0.21
92.16 25 0.00
92.16 30 0.00
92.16 B1 92.39 -34.86 
92.16 B3 56.90 72.67 
92.16 120 13 04 50
92.16 244 0.00
92.165 22 0.00
92.165 23 0.55
92.165 25 0.00
92.165 30 0.00
92.165 B1 0.77 90.55 
92.165 B3 7.06 -0.47 
92.165 120 13 04 50
92.165 244 0.00
92.17 22 0.00
92.17 23 0.18
92.17 25 0.00
92.17 30 0.00
92.17 B1 -19.62 14.56 
92.17 B3 72.92 7.29 
92.17 120 13 04 50
92.17 244 0.00
92.175 22 0.00
92.175 23 0.13
92.175 25 0.00
92.175 30 0.00
92.175 B1 -75.15 94.10 
92.175 B3 45.86 -3.31 
92.175 120 13 04 50
92.175 244 0.00
92.18 22 0.00
92.18 23 0.65
92.18 25 0.00
92.18 30 0.00
92.18 B1 36.75 0.74 
92.18 B3 -50.15 -33.20 
92.18 120 13 04 50
92.18 244 0.00
92.185 22 0.00
92.185 23 0.70
92.185 25 0.00
92.185 30 0.00
92.185 B1 -73.14 -7.73 
92.185 B3 -12.33 -69.83 
92.185 120 13 04 50
92.185 244 0.00
92.18999 22 0.00
92.18999 23 -1.77
92.18999 25 0.00
92.18999 30 0.00
92.18999 B1 71.59 93.27 
92.18999 B3 29.76 -30.51 
92.18999 120 13 04 50
92.18999 244 0.00
92.195 22 0.00
92.195 23 0.51
92.195 25 0.00
92.195 30 0.00
92.195 B1 74.26 -3.08 
92.195 B3 -51.67 62.83 
92.195 120 13 04 50
92.195 244 0.00
92.2 22 0.00
92.2 23 0.45
92.2 25 0.00
92.2 30 0.00
92.2 B1 -16.78 17.49 
92.2 B3 -2.82 12.23 
92.2 120 13 04 50
92.2 244 0.00
92.20499 22 0.00
92.20499 23 0.63
92.20499 25 0.00
92.20499 30 0.00
92.20499 B1 -83.13 44.29 
92.20499 B3 16.79 -71.45 
92.20499 120 13 04 50
92.20499 244 0.00
92.21 22 0.00
92.21 23 0.61
92.21 25 0.00
92.21 30 0.00
92.21 B1 -94.98 -26.94 
92.21 B3 -61.77 -10.53 
92.21 120 13 04 50
92.21 244 0.00
92.215 22 0.00
92.215 23 -0.75
92.215 25 0.00
92.215 30 0.00
92.215 B1 -15.99 -92.84 
92.215 B3 -14.29 72.50 
92.215 120 13 04 50
92.215 244 0.00
92.22 22 0.00
92.22 23 0.42
92.22 25 0.00
92.22 30 0.00
92.22 B1 -51.78 -7.62 
92.22 B3 -4.98 -51.98 
92.22 120 13 04 50
92.22 244 0.00
92.225 22 0.00
92.225 23 -1.22
92.225 25 0.00
92.225 30 0.00
92.225 B1 74.61 -27.23 
92.225 B3 4.13 60.39 
92.225 120 13 04 50
92.225 244 0.00
92.23 22 0.00
92.23 23 1.15
92.23 25 0.00
92.23 30 0.00
92.23 B1 -56.62 -69.97 
92.23 B3 -29.85 70.58 
92.23 120 13 04 50
92.23 244 0.00
92.235 22 0.00
92.235 23 -1.01
92.235 25 0.00
92.235 30 0.00
92.235 B1 36.87 17.72 
92.235 B3 61.60 -10.10 
92.235 120 13 04 50
92.235 244 0.00
92.24 22 0.00
92.24 23 0.26
92.24 25 0.00
92.24 30 0.00
92.24 B1 -42.06 42.93 
92.24 B3 -4.50 72.61 
92.24 120 13 04 50
92.24 244 0.00
92.245 22 0.00
92.245 23 0.01
92.245 25 0.00
92.245 30 0.00
92.245 B1 -27.21 55.24 
92.245 B3 -13.49 61.09 
92.245 120 13 04 50
92.245 244 0.00
92.25 22 0.00
92.25 23 0.33
92.25 25 0.00
92.25 30 0.00
92.25 B1 -79.62 -31.92 
92.25 B3 65.65 70.52 
92.25 120 13 04 50
92.25 244 0.00
92.255 22 0.00
92.255 23 0.28
92.255 25 0.00
92.255 30 0.00
92.255 B1 -16.45 67.05 
92.255 B3 -25.81 -42.10 
92.255 120 13 04 50
92.255 244 0.00
92.25999 22 0.00
92.25999 23 0.71
92.25999 25 0.00
92.25999 30 0.00
92.25999 B1 -42.25 -12.65 
92.25999 B3 -40.30 -41.37 
92.25999 120 13 04 50
92.25999 244 0.00
92.265 22 0.00
92.265 23 0.38
92.265 25 0.00
92.265 30 0.00
92.265 B1 22.91 -94.38 
92.265 B3 -58.45 -66.55 
92.265 120 13 04 50
92.265 244 0.00
92.27 22 0.00
92.27 23 -1.32
92.27 25 0.00
92.27 30 0.00
92.27 B1 41.23 -12.26 
92.27 B3 -35.09 57.25 
92.27 120 13 04 50
92.27 244 0.00
92.275 22 0.00
92.275 23 -0.02
92.275 25 0.00
92.275 30 0.00
92.275 B1 31.60 68.55 
92.275 B3 -35.85 -0.50 
92.275 120 13 04 50
92.275 244 0.00
92.28 22 0.00
92.28 23 1.19
92.28 25 0.00
92.28 30 0.00
92.28 B1 -93.36 -14.78 
92.28 B3 -15.90 -17.11 
92.28 120 13 04 50
92.28 244 0.00
92.285 22 0.00
92.285 23 0.30
92.285 25 0.00
92.285 30 0.00
92.285 B1 -16.95 -50.27 
92.285 B3 -54.37 -64.34 
92.285 120 13 04 50
92.285 244 0.00
92.29 22 0.00
92.29 23 -1.23
92.29 25 0.00
92.29 30 0.00
92.29 B1 -19.59 63.55 
92.29 B3 0.09 0.05 
92.29 120 13 04 50
92.29 244 0.00
92.295 22 0.00
92.295 23 0.19
92.295 25 0.00
92.295 30 0.00
92.295 B1 -23.51 -11.37 
92.295 B3 60.16 -6.00 
92.295 120 13 04 50
92.295 244 0.00
92.3 22 0.00
92.3 23 -0.82
92.3 25 0.00
92.3 30 0.00
92.3 B1 -28.32 79.39 
92.3 B3 60.17 65.24 
92.3 120 13 04 50
92.3 244 0.00
92.305 22 0.00
92.305 23 1.11
92.305 25 0.00
92.305 30 0.00
92.305 B1 -88.91 -54.19 
92.305 B3 60.58 67.97 
92.305 120 13 04 50
92.305 244 0.00
92.31 22 0.00
92.31 23 -0.29
92.31 25 0.00
92.31 30 0.00
92.31 B1 -27.19 18.24 
92.31 B3 -18.78 73.79 
92.31 120 13 04 50
92.31 244 0.00
92.31499 22 0.00
92.31499 23 0.79
92.31499 25 0.00
92.31499 30 0.00
92.31499 B1 -90.59 14.14 
92.31499 B3 -71.35 60.33 
92.31499 120 13 04 50
92.31499 244 0.00
92.32 22 0.00
92.32 23 -0.47
92.32 25 0.00
92.32 30 0.00
92.32 B1 4.52 54.34 
92.32 B3 -35.28 -16.95 
92.32 120 13 04 50
92.32 244 0.00
92.325 22 0.00
92.325 23 -0.41
92.325 25 0.00
92.325 30 0.00
92.325 B1 65.45 33.91 
92.325 B3 -10.96 1.33 
92.325 120 13 04 50
92.325 244 0.00
92.32999 22 0.00
92.32999 23 1.18
92.32999 25 0.00
92.32999 30 0.00
92.32999 B1 -3.03 -82.56 
92.32999 B3 -8.20 -18.88 
92.32999 120 13 04 50
92.32999 244 0.00
92.335 22 0.00
92.335 23 0.29
92.335 25 0.00
92.335 30 0.00
92.335 B1 -37.73 -41.44 
92.335 B3 -10.21 -66.53 
92.335 120 13 04 50
92.335 244 0.00
92.34 22 0.00
92.34 23 -2.19
92.34 25 0.00
92.34 30 0.00
92.34 B1 87.37 40.73 
92.34 B3 72.06 48.29 
92.34 120 13 04 50
92.34 244 0.00
92.345 22 0.00
92.345 23 1.04
92.345 25 0.00
92.345 30 0.00
92.345 B1 28.19 -10.13 
92.345 B3 34.22 18.67 
92.345 120 13 04 50
92.345 244 0.00
92.35 22 0.00
92.35 23 -0.94
92.35 25 0.00
92.35 30 0.00
92.35 B1 84.19 31.07 
92.35 B3 69.72 64.41 
92.35 120 13 04 50
92.35 244 0.00
92.355 22 0.00
92.355 23 2.87
92.355 25 0.00
92.355 30 0.00
92.355 B1 -95.70 -91.80 
92.355 B3 -73.00 2.82 
92.355 120 13 04 50
92.355 244 0.00
92.36 22 0.00
92.36 23 -1.62
92.36 25 0.00
92.36 30 0.00
92.36 B1 -15.87 -1.85 
92.36 B3 -12.48 73.60 
92.36 120 13 04 50
92.36 244 0.00
92.365 22 0.00
92.365 23 0.61
92.365 25 0.00
92.365 30 0.00
92.365 B1 -90.20 -33.34 
92.365 B3 72.40 -5.83 
92.365 120 13 04 50
92.365 244 0.00
92.37 22 0.00
92.37 23 -0.30
92.37 25 0.00
92.37 30 0.00
92.37 B1 -24.01 91.63 
92.37 B3 -29.01 -31.70 
92.37 120 13 04 50
92.37 244 0.00
92.375 22 0.00
92.375 23 -0.26
92.375 25 0.00
92.375 30 0.00
92.375 B1 -45.66 -18.08 
92.375 B3 64.85 62.44 
92.375 120 13 04 50
92.375 244 0.00
92.38 22 0.00
92.38 23 0.90
92.38 25 0.00
92.38 30 0.00
92.38 B1 5.73 -70.10 
92.38 B3 -44.35 18.68 
92.38 120 13 04 50
92.38 244 0.00
92.38499 22 0.00
92.38499 23 -0.89
92.38499 25 0.00
92.38499 30 0.00
92.38499 B1 30.13 -7.81 
92.38499 B3 59.15 -1.39 
92.38499 120 13 04 50
92.38499 244 0.00
92.39 22 0.00
92.39 23 1.33
92.39 25 0.00
92.39 30 0.00
92.39 B1 -69.85 -74.19 
92.39 B3 -19.24 13.79 
92.39 120 13 04 50
92.39 244 0.00
92.395 22 0.00
92.395 23 -1.00
92.395 25 0.00
92.395 30 0.00
92.395 B1 31.10 92.05 
92.395 B3 -73.40 -10.47 
92.395 120 13 04 50
92.395 244 0.00
92.4 22 0.00
92.4 23 0.47
92.4 25 0.00
92.4 30 0.00
92.4 B1 -39.57 2.09 
92.4 B3 -38.63 40.26 
92.4 120 13 04 50
92.4 244 0.00
92.405 22 0.00
92.405 23 -0.62
92.405 25 0.00
92.405 30 0.00
92.405 B1 -41.17 -3.36 
92.405 B3 58.34 71.79 
92.405 120 13 04 50
92.405 244 0.00
92.41 22 0.00
92.41 23 0.62
92.41 25 0.00
92.41 30 0.00
92.41 B1 -35.81 5.17 
92.41 B3 1.14 12.64 
92.41 120 13 04 50
92.41 244 0.00
92.415 22 0.00
92.415 23 -0.22
92.415 25 0.00
92.415 30 0.00
92.415 B1 71.00 -50.53 
92.415 B3 72.39 -61.72 
92.415 120 13 04 50
92.415 244 0.00
92.42 22 0.00
92.42 23 -0.42
92.42 25 0.00
92.42 30 0.00
92.42 B1 -16.83 94.04 
92.42 B3 71.85 -33.24 
92.42 120 13 04 50
92.42 244 0.00
92.425 22 0.00
92.425 23 0.61
92.425 25 0.00
92.425 30 0.00
92.425 B1 -51.24 -0.74 
92.425 B3 39.99 27.89 
92.425 120 13 04 50
92.425 244 0.00
92.43 22 0.00
92.43 23 0.09
92.43 25 0.00
92.43 30 0.00
92.43 B1 92.66 49.32 
92.43 B3 -68.23 -64.12 
92.43 120 13 04 50
92.43 244 0.00
92.435 22 0.00
92.435 23 -0.13
92.435 25 0.00
92.435 30 0.00
92.435 B1 4.75 93.76 
92.435 B3 -45.20 -11.39 
92.435 120 13 04 50
92.435 244 0.00
92.43999 22 0.00
92.43999 23 0.39
92.43999 25 0.00
92.43999 30 0.00
92.43999 B1 -75.53 0.68 
92.43999 B3 53.73 1.54 
92.43999 120 13 04 50
92.43999 244 0.00
92.445 22 0.00
92.445 23 0.30
92.445 25 0.00
92.445 30 0.00
92.445 B1 24.47 -35.68 
92.445 B3 11.58 -63.99 
92.445 120 13 04 50
92.445 244 0.00
92.45 22 0.00
92.45 23 -0.65
92.45 25 0.00
92.45 30 0.00
92.45 B1 41.17 96.31 
92.45 B3 -59.26 -15.10 
92.45 120 13 04 50
92.45 244 0.00
92.45499 22 0.00
92.45499 23 0.12
92.45499 25 0.00
92.45499 30 0.00
92.45499 B1 -25.19 13.04 
92.45499 B3 12.00 51.57 
92.45499 120 13 04 50
92.45499 244 0.00
92.46 22 0.00
92.46 23 0.77
92.46 25 0.00
92.46 30 0.00
92.46 B1 -60.78 27.72 
92.46 B3 -11.86 -32.90 
92.46 120 13 04 50
92.46 244 0.00
92.465 22 0.00
92.465 23 -1.06
92.465 25 0.00
92.465 30 0.00
92.465 B1 35.83 92.01 
92.465 B3 58.74 -63.66 
92.465 120 13 04 50
92.465 244 0.00
92.47 22 0.00
92.47 23 1.60
92.47 25 0.00
92.47 30 0.00
92.47 B1 -91.74 5.89 
92.47 B3 -17.59 -52.35 
92.47 120 13 04 50
92.47 244 0.00
92.475 22 0.00
92.475 23 0.02
92.475 25 0.00
92.475 30 0.00
92.475 B1 -13.87 -37.05 
92.475 B3 -54.25 -45.77 
92.475 120 13 04 50
92.475 244 0.00
92.48 22 0.00
92.48 23 -1.10
92.48 25 0.00
92.48 30 0.00
92.48 B1 -76.97 73.04 
92.48 B3 -2.87 62.43 
92.48 120 13 04 50
92.48 244 0.00
92.485 22 0.00
92.485 23 0.87
92.485 25 0.00
92.485 30 0.00
92.485 B1 -85.11 23.93 
92.485 B3 -29.63 -0.62 
92.485 120 13 04 50
92.485 244 0.00
92.49 22 0.00
92.49 23 -0.65
92.49 25 0.00
92.49 30 0.00
92.49 B1 -68.44 43.56 
92.49 B3 69.74 -10.65 
92.49 120 13 04 50
92.49 244 0.00
92.495 22 0.00
92.495 23 0.23
92.495 25 0.00
92.495 30 0.00
92.495 B1 4.12 -39.04 
92.495 B3 -23.59 60.88 
92.495 120 13 04 50
92.495 244 0.00
92.5 22 0.00
92.5 23 -0.46
92.5 25 0.00
92.5 30 0.00
92.5 B1 -11.70 92.97 
92.5 B3 -57.89 70.62 
92.5 120 13 04 50
92.5 244 0.00
92.505 22 0.00
92.505 23 -0.28
92.505 25 0.00
92.505 30 0.00
92.505 B1 88.47 -0.30 
92.505 B3 18.43 47.04 
92.505 120 13 04 50
92.505 244 0.00
92.50999 22 0.00
92.50999 23 0.99
92.50999 25 0.00
92.50999 30 0.00
92.50999 B1 30.97 -85.53 
92.50999 B3 58.06 -19.71 
92.50999 120 13 04 50
92.50999 244 0.00
92.515 22 0.00
92.515 23 1.44
92.515 25 0.00
92.515 30 0.00
92.515 B1 -90.20 -92.20 
92.515 B3 -16.95 -66.11 
92.515 120 13 04 50
92.515 244 0.00
92.52 22 0.00
92.52 23 -1.15
92.52 25 0.00
92.52 30 0.00
92.52 B1 -19.75 -1.83 
92.52 B3 -45.12 17.45 
92.52 120 13 04 50
92.52 244 0.00
92.525 22 0.00
92.525 23 -0.65
92.525 25 0.00
92.525 30 0.00
92.525 B1 -17.19 21.11 
92.525 B3 46.20 25.99 
92.525 120 13 04 50
92.525 244 0.00
92.53 22 0.00
92.53 23 1.21
92.53 25 0.00
92.53 30 0.00
92.53 B1 -95.14 16.08 
92.53 B3 -55.86 3.06 
92.53 120 13 04 50
92.53 244 0.00
92.535 22 0.00
92.535 23 -0.96
92.535 25 0.00
92.535 30 0.00
92.535 B1 -15.35 88.88 
92.535 B3 -4.63 -17.94 
92.535 120 13 04 50
92.535 244 0.00
92.54 22 0.00
92.54 23 0.77
92.54 25 0.00
92.54 30 0.00
92.54 B1 -86.26 -9.73 
92.54 B3 -10.48 28.05 
92.54 120 13 04 50
92.54 244 0.00
92.545 22 0.00
92.545 23 -0.75
92.545 25 0.00
92.545 30 0.00
92.545 B1 70.41 -14.96 
92.545 B3 72.13 -61.28 
92.545 120 13 04 50
92.545 244 0.00
92.55 22 0.00
92.55 23 -0.07
92.55 25 0.00
92.55 30 0.00
92.55 B1 95.03 -95.38 
92.55 B3 71.13 17.62 
92.55 120 13 04 50
92.55 244 0.00
92.555 22 0.00
92.555 23 0.73
92.555 25 0.00
92.555 30 0.00
92.555 B1 13.03 -3.26 
92.555 B3 -44.29 1.25 
92.555 120 13 04 50
92.555 244 0.00
92.56 22 0.00
92.56 23 -0.12
92.56 25 0.00
92.56 30 0.00
92.56 B1 -81.58 34.44 
92.56 B3 58.25 -14.39 
92.56 120 13 04 50
92.56 244 0.00
92.56499 22 0.00
92.56499 23 0.04
92.56499 25 0.00
92.56499 30 0.00
92.56499 B1 22.66 -81.23 
92.56499 B3 -11.47 68.25 
92.56499 120 13 04 50
92.56499 244 0.00
92.57 22 0.00
92.57 23 -0.65
92.57 25 0.00
92.57 30 0.00
92.57 B1 30.80 80.38 
92.57 B3 -51.67 64.50 
92.57 120 13 04 50
92.57 244 0.00
92.575 22 0.00
92.575 23 1.49
92.575 25 0.00
92.575 30 0.00
92.575 B1 -34.12 -56.41 
92.575 B3 20.12 -64.42 
92.575 120 13 04 50
92.575 244 0.00
92.57999 22 0.00
92.57999 23 -0.98
92.57999 25 0.00
92.57999 30 0.00
92.57999 B1 78.99 -92.77 
92.57999 B3 35.92 28.44 
92.57999 120 13 04 50
92.57999 244 0.00
92.585 22 0.00
92.585 23 0.83
92.585 25 0.00
92.585 30 0.00
92.585 B1 -23.70 12.60 
92.585 B3 -21.34 -57.84 
92.585 120 13 04 50
92.585 244 0.00
92.59 22 0.00
92.59 23 0.47
92.59 25 0.00
92.59 30 0.00
92.59 B1 -36.63 -68.10 
92.59 B3 -71.42 9.77 
92.59 120 13 04 50
92.59 244 0.00
92.595 22 0.00
92.595 23 -1.72
92.595 25 0.00
92.595 30 0.00
92.595 B1 1.20 21.12 
92.595 B3 68.26 62.01 
92.595 120 13 04 50
92.595 244 0.00
92.6 22 0.00
92.6 23 0.40
92.6 25 0.00
92.6 30 0.00
92.6 B1 -18.28 25.93 
92.6 B3 74.82 7.14 
92.6 120 13 04 50
92.6 244 0.00
92.605 22 0.00
92.605 23 1.06
92.605 25 0.00
92.605 30 0.00
92.605 B1 -92.88 73.57 
92.605 B3 -8.36 -63.58 
92.605 120 13 04 50
92.605 244 0.00
92.61 22 0.00
92.61 23 0.09
92.61 25 0.00
92.61 30 0.00
92.61 B1 -10.47 -61.17 
92.61 B3 -60.83 34.37 
92.61 120 13 04 50
92.61 244 0.00
92.615 22 0.00
92.615 23 -1.43
92.615 25 0.00
92.615 30 0.00
92.615 B1 92.17 33.12 
92.615 B3 16.08 27.44 
92.615 120 13 04 50
92.615 244 0.00
92.62 22 0.00
92.62 23 1.37
92.62 25 0.00
92.62 30 0.00
92.62 B1 22.21 -84.54 
92.62 B3 53.58 -60.47 
92.62 120 13 04 50
92.62 244 0.00
92.625 22 0.00
92.625 23 -1.18
92.625 25 0.00
92.625 30 0.00
92.625 B1 31.69 49.77 
92.625 B3 3.83 66.94 
92.625 120 13 04 50
92.625 244 0.00
92.63 22 0.00
92.63 23 1.62
92.63 25 0.00
92.63 30 0.00
92.63 B1 -96.41 -95.32 
92.63 B3 0.33 60.39 
92.63 120 13 04 50
92.63 244 0.00
92.63499 22 0.00
92.63499 23 -0.36
92.63499 25 0.00
92.63499 30 0.00
92.63499 B1 -18.70 -5.13 
92.63499 B3 -13.96 -19.13 
92.63499 120 13 04 50
92.63499 244 0.00
92.64 22 0.00
92.64 23 0.69
92.64 25 0.00
92.64 30 0.00
92.64 B1 -13.71 -80.30 
92.64 B3 -8.78 -68.37 
92.64 120 13 04 50
92.64 244 0.00
92.645 22 0.00
92.645 23 -0.48
92.645 25 0.00
92.645 30 0.00
92.645 B1 -92.22 77.38 
92.645 B3 -67.89 7.25 
92.645 120 13 04 50
92.645 244 0.00
92.65 22 0.00
92.65 23 -1.26
92.65 25 0.00
92.65 30 0.00
92.65 B1 -2.19 94.79 
92.65 B3 -4.08 72.08 
92.65 120 13 04 50
92.65 244 0.00
92.655 22 0.00
92.655 23 0.63
92.655 25 0.00
92.655 30 0.00
92.655 B1 30.19 8.44 
92.655 B3 18.26 -1.12 
92.655 120 13 04 50
92.655 244 0.00
92.66 22 0.00
92.66 23 0.36
92.66 25 0.00
92.66 30 0.00
92.66 B1 13.06 -19.14 
92.66 B3 69.21 -63.61 
92.66 120 13 04 50
92.66 244 0.00
92.665 22 0.00
92.665 23 0.06
92.665 25 0.00
92.665 30 0.00
92.665 B1 47.87 -26.23 
92.665 B3 -69.65 45.36 
92.665 120 13 04 50
92.665 244 0.00
92.67 22 0.00
92.67 23 0.67
92.67 25 0.00
92.67 30 0.00
92.67 B1 75.68 -77.64 
92.67 B3 -39.91 -72.42 
92.67 120 13 04 50
92.67 244 0.00
92.675 22 0.00
92.675 23 0.24
92.675 25 0.00
92.675 30 0.00
92.675 B1 -88.41 -66.27 
92.675 B3 56.12 -48.96 
92.675 120 13 04 50
92.675 244 0.00
92.68 22 0.00
92.68 23 -0.77
92.68 25 0.00
92.68 30 0.00
92.68 B1 -26.02 1.54 
92.68 B3 13.80 10.65 
92.68 120 13 04 50
92.68 244 0.00
92.685 22 0.00
92.685 23 0.77
92.685 25 0.00
92.685 30 0.00
92.685 B1 -75.59 -9.12 
92.685 B3 -63.78 18.22 
92.685 120 13 04 50
92.685 244 0.00
92.68999 22 0.00
92.68999 23 -0.19
92.68999 25 0.00
92.68999 30 0.00
92.68999 B1 -70.32 -65.31 
92.68999 B3 48.95 -0.57 
92.68999 120 13 04 50
92.68999 244 0.00
92.695 22 0.00
92.695 23 -0.42
92.695 25 0.00
92.695 30 0.00
92.695 B1 36.31 -0.73 
92.695 B3 -33.37 -4.34 
92.695 120 13 04 50
92.695 244 0.00
92.7 22 0.00
92.7 23 0.47
92.7 25 0.00
92.7 30 0.00
92.7 B1 -73.58 -22.72 
92.7 B3 -54.32 73.42 
92.7 120 13 04 50
92.7 244 0.00
92.70499 22 0.00
92.70499 23 -0.04
92.70499 25 0.00
92.70499 30 0.00
92.70499 B1 -23.86 -46.71 
92.70499 B3 8.35 0.71 
92.70499 120 13 04 50
92.70499 244 0.00
92.71 22 0.00
92.71 23 0.40
92.71 25 0.00
92.71 30 0.00
92.71 B1 -42.06 -72.74 
92.71 B3 62.46 -72.75 
92.71 120 13 04 50
92.71 244 0.00
92.715 22 0.00
92.715 23 -0.62
92.715 25 0.00
92.715 30 0.00
92.715 B1 7.44 -2.54 
92.715 B3 31.81 -41.76 
92.715 120 13 04 50
92.715 244 0.00
92.72 22 0.00
92.72 23 1.13
92.72 25 0.00
92.72 30 0.00
92.72 B1 -83.96 29.44 
92.72 B3 -70.11 -74.27 
92.72 120 13 04 50
92.72 244 0.00
92.725 22 0.00
92.725 23 -1.06
92.725 25 0.00
92.725 30 0.00
92.725 B1 9.60 83.28 
92.725 B3 -21.00 -70.00 
92.725 120 13 04 50
92.725 244 0.00
92.73 22 0.00
92.73 23 -0.04
92.73 25 0.00
92.73 30 0.00
92.73 B1 -15.77 63.11 
92.73 B3 -54.01 25.27 
92.73 120 13 04 50
92.73 244 0.00
92.735 22 0.00
92.735 23 1.09
92.735 25 0.00
92.735 30 0.00
92.735 B1 -71.86 -20.69 
92.735 B3 -63.85 -11.29 
92.735 120 13 04 50
92.735 244 0.00
92.74 22 0.00
92.74 23 -1.64
92.74 25 0.00
92.74 30 0.00
92.74 B1 96.18 -17.39 
92.74 B3 -9.82 68.53 
92.74 120 13 04 50
92.74 244 0.00
92.745 22 0.00
92.745 23 1.62
92.745 25 0.00
92.745 30 0.00
92.745 B1 23.09 -88.12 
92.745 B3 -73.76 -6.64 
92.745 120 13 04 50
92.745 244 0.00
92.75 22 0.00
92.75 23 -0.90
92.75 25 0.00
92.75 30 0.00
92.75 B1 62.74 -30.07 
92.75 B3 6.69 -13.78 
92.75 120 13 04 50
92.75 244 0.00
92.755 22 0.00
92.755 23 -0.31
92.755 25 0.00
92.755 30 0.00
92.755 B1 -24.24 -11.68 
92.755 B3 72.18 55.19 
92.755 120 13 04 50
92.755 244 0.00
92.75999 22 0.00
92.75999 23 0.22
92.75999 25 0.00
92.75999 30 0.00
92.75999 B1 -49.41 74.80 
92.75999 B3 29.20 6.22 
92.75999 120 13 04 50
92.75999 244 0.00
92.765 22 0.00
92.765 23 0.85
92.765 25 0.00
92.765 30 0.00
92.765 B1 -78.71 0.91 
92.765 B3 -72.06 67.68 
92.765 120 13 04 50
92.765 244 0.00
92.77 22 0.00
92.77 23 -0.83
92.77 25 0.00
92.77 30 0.00
92.77 B1 68.12 26.81 
92.77 B3 -69.04 49.83 
92.77 120 13 04 50
92.77 244 0.00
92.775 22 0.00
92.775 23 -0.52
92.775 25 0.00
92.775 30 0.00
92.775 B1 3.72 93.67 
92.775 B3 69.28 12.28 
92.775 120 13 04 50
92.775 244 0.00
92.78 22 0.00
92.78 23 1.33
92.78 25 0.00
92.78 30 0.00
92.78 B1 -73.90 12.20 
92.78 B3 -11.08 21.19 
92.78 120 13 04 50
92.78 244 0.00
92.785 22 0.00
92.785 23 -0.33
92.785 25 0.00
92.785 30 0.00
92.785 B1 -25.11 -93.37 
92.785 B3 64.24 72.06 
92.785 120 13 04 50
92.785 244 0.00
92.79 22 0.00
92.79 23 0.31
92.79 25 0.00
92.79 30 0.00
92.79 B1 -41.60 -1.88 
92.79 B3 -19.38 34.53 
92.79 120 13 04 50
92.79 244 0.00
92.795 22 0.00
92.795 23 -0.60
92.795 25 0.00
92.795 30 0.00
92.795 B1 80.29 31.28 
92.795 B3 -71.55 48.31 
92.795 120 13 04 50
92.795 244 0.00
92.8 22 0.00
92.8 23 0.82
92.8 25 0.00
92.8 30 0.00
92.8 B1 91.66 -96.31 
92.8 B3 -47.86 2.20 
92.8 120 13 04 50
92.8 244 0.00
92.805 22 0.00
92.805 23 -0.07
92.805 25 0.00
92.805 30 0.00
92.805 B1 1.92 -16.51 
92.805 B3 28.34 -43.03 
92.805 120 13 04 50
92.805 244 0.00
92.81 22 0.00
92.81 23 0.77
92.81 25 0.00
92.81 30 0.00
92.81 B1 5.44 -33.49 
92.81 B3 -62.70 -67.17 
92.81 120 13 04 50
92.81 244 0.00
92.81499 22 0.00
92.81499 23 -0.82
92.81499 25 0.00
92.81499 30 0.00
92.81499 B1 -4.68 75.60 
92.81499 B3 -11.06 -61.62 
92.81499 120 13 04 50
92.81499 244 0.00
92.82 22 0.00
92.82 23 0.91
92.82 25 0.00
92.82 30 0.00
92.82 B1 -11.84 -94.97 
92.82 B3 -61.20 11.21 
92.82 120 13 04 50
92.82 244 0.00
92.825 22 0.00
92.825 23 -0.66
92.825 25 0.00
92.825 30 0.00
92.825 B1 -27.97 -12.85 
92.825 B3 -2.73 13.95 
92.825 120 13 04 50
92.825 244 0.00
92.82999 22 0.00
92.82999 23 0.21
92.82999 25 0.00
92.82999 30 0.00
92.82999 B1 -88.84 88.98 
92.82999 B3 8.52 -66.30 
92.82999 120 13 04 50
92.82999 244 0.00
92.835 22 0.00
92.835 23 -0.76
92.835 25 0.00
92.835 30 0.00
92.835 B1 -16.62 32.15 
92.835 B3 24.94 47.53 
92.835 120 13 04 50
92.835 244 0.00
92.84 22 0.00
92.84 23 1.70
92.84 25 0.00
92.84 30 0.00
92.84 B1 -92.08 -93.11 
92.84 B3 -5.72 -18.51 
92.84 120 13 04 50
92.84 244 0.00
92.845 22 0.00
92.845 23 -0.96
92.845 25 0.00
92.845 30 0.00
92.845 B1 -9.25 -9.70 
92.845 B3 39.56 -47.66 
92.845 120 13 04 50
92.845 244 0.00
92.85 22 0.00
92.85 23 -0.97
92.85 25 0.00
92.85 30 0.00
92.85 B1 21.03 77.29 
92.85 B3 35.27 24.07 
92.85 120 13 04 50
92.85 244 0.00
92.855 22 0.00
92.855 23 0.08
92.855 25 0.00
92.855 30 0.00
92.855 B1 6.79 77.21 
92.855 B3 12.43 56.60 
92.855 120 13 04 50
92.855 244 0.00
92.86 22 0.00
92.86 23 1.15
92.86 25 0.00
92.86 30 0.00
92.86 B1 -31.93 59.85 
92.86 B3 -59.35 -12.63 
92.86 120 13 04 50
92.86 244 0.00
92.865 22 0.00
92.865 23 -1.19
92.865 25 0.00
92.865 30 0.00
92.865 B1 93.52 -4.38 
92.865 B3 17.09 73.42 
92.865 120 13 04 50
92.865 244 0.00
92.87 22 0.00
92.87 23 0.67
92.87 25 0.00
92.87 30 0.00
92.87 B1 7.12 3.21 
92.87 B3 46.35 12.43 
92.87 120 13 04 50
92.87 244 0.00
92.875 22 0.00
92.875 23 0.72
92.875 25 0.00
92.875 30 0.00
92.875 B1 26.77 55.07 
92.875 B3 -67.54 -64.80 
92.875 120 13 04 50
92.875 244 0.00
92.88 22 0.00
92.88 23 -1.24
92.88 25 0.00
92.88 30 0.00
92.88 B1 78.17 -13.93 
92.88 B3 72.36 45.25 
92.88 120 13 04 50
92.88 244 0.00
92.88499 22 0.00
92.88499 23 1.20
92.88499 25 0.00
92.88499 30 0.00
92.88499 B1 -73.70 85.03 
92.88499 B3 20.23 -55.71 
92.88499 120 13 04 50
92.88499 244 0.00
92.89 22 0.00
92.89 23 -0.42
92.89 25 0.00
92.89 30 0.00
92.89 B1 10.41 -10.95 
92.89 B3 63.15 -1.40 
92.89 120 13 04 50
92.89 244 0.00
92.895 22 0.00
92.895 23 0.41
92.895 25 0.00
92.895 30 0.00
92.895 B1 -85.00 87.45 
92.895 B3 -20.73 14.42 
92.895 120 13 04 50
92.895 244 0.00
92.9 22 0.00
92.9 23 0.17
92.9 25 0.00
92.9 30 0.00
92.9 B1 25.36 4.87 
92.9 B3 -72.83 16.89 
92.9 120 13 04 50
92.9 244 0.00
92.905 22 0.00
92.905 23 -0.53
92.905 25 0.00
92.905 30 0.00
92.905 B1 61.68 -33.13 
92.905 B3 9.86 40.40 
92.905 120 13 04 50
92.905 244 0.00
92.91 22 0.00
92.91 23 -0.66
92.91 25 0.00
92.91 30 0.00
92.91 B1 -33.12 95.04 
92.91 B3 71.07 73.15 
92.91 120 13 04 50
92.91 244 0.00
92.915 22 0.00
92.915 23 0.16
92.915 25 0.00
92.915 30 0.00
92.915 B1 89.81 12.33 
92.915 B3 61.27 23.30 
92.915 120 13 04 50
92.915 244 0.00
92.92 22 0.00
92.92 23 0.56
92.92 25 0.00
92.92 30 0.00
92.92 B1 23.55 76.86 
92.92 B3 -72.45 66.76 
92.92 120 13 04 50
92.92 244 0.00
92.925 22 0.00
92.925 23 0.31
92.925 25 0.00
92.925 30 0.00
92.925 B1 36.37 10.64 
92.925 B3 -70.46 71.94 
92.925 120 13 04 50
92.925 244 0.00
92.93 22 0.00
92.93 23 1.31
92.93 25 0.00
92.93 30 0.00
92.93 B1 -73.55 -92.51 
92.93 B3 26.31 -38.02 
92.93 120 13 04 50
92.93 244 0.00
92.935 22 0.00
92.935 23 -1.13
92.935 25 0.00
92.935 30 0.00
92.935 B1 85.32 -0.40 
92.935 B3 -20.20 -29.36 
92.935 120 13 04 50
92.935 244 0.00
92.93999 22 0.00
92.93999 23 -0.02
92.93999 25 0.00
92.93999 30 0.00
92.93999 B1 35.59 -29.19 
92.93999 B3 -28.51 70.93 
92.93999 120 13 04 50
92.93999 244 0.00
92.945 22 0.00
92.945 23 1.29
92.945 25 0.00
92.945 30 0.00
92.945 B1 -79.58 -90.92 
92.945 B3 59.34 -62.28 
92.945 120 13 04 50
92.945 244 0.00
92.95 22 0.00
92.95 23 -1.19
92.95 25 0.00
92.95 30 0.00
92.95 B1 64.13 -4.94 
92.95 B3 -13.04 3.61 
92.95 120 13 04 50
92.95 244 0.00
92.95499 22 0.00
92.95499 23 0.07
92.95499 25 0.00
92.95499 30 0.00
92.95499 B1 -15.08 -32.97 
92.95499 B3 71.01 24.35 
92.95499 120 13 04 50
92.95499 244 0.00
92.96 22 0.00
92.96 23 -0.17
92.96 25 0.00
92.96 30 0.00
92.96 B1 38.27 94.80 
92.96 B3 -53.21 7.05 
92.96 120 13 04 50
92.96 244 0.00
92.965 22 0.00
92.965 23 1.37
92.965 25 0.00
92.965 30 0.00
92.965 B1 -87.17 10.92 
92.965 B3 -65.98 -7.47 
92.965 120 13 04 50
92.965 244 0.00
92.97 22 0.00
92.97 23 -0.49
92.97 25 0.00
92.97 30 0.00
92.97 B1 -26.07 31.47 
92.97 B3 -8.21 -49.89 
92.97 120 13 04 50
92.97 244 0.00
92.975 22 0.00
92.975 23 0.57
92.975 25 0.00
92.975 30 0.00
92.975 B1 -79.18 -39.15 
92.975 B3 -12.91 -14.55 
92.975 120 13 04 50
92.975 244 0.00
92.98 22 0.00
92.98 23 0.16
92.98 25 0.00
92.98 30 0.00
92.98 B1 19.50 -88.42 
92.98 B3 -35.88 -59.85 
92.98 120 13 04 50
92.98 244 0.00
92.985 22 0.00
92.985 23 -1.46
92.985 25 0.00
92.985 30 0.00
92.985 B1 71.47 -21.26 
92.985 B3 -2.80 59.34 
92.985 120 13 04 50
92.985 244 0.00
92.99 22 0.00
92.99 23 0.79
92.99 25 0.00
92.99 30 0.00
92.99 B1 -32.35 -35.24 
92.99 B3 8.22 33.43 
92.99 120 13 04 50
92.99 244 0.00
92.995 22 0.00
92.995 23 -1.77
92.995 25 0.00
92.995 30 0.00
92.995 B1 94.97 71.35 
92.995 B3 72.64 63.76 
92.995 120 13 04 50
92.995 244 0.00
93 22 0.00
93 23 1.94
93 25 0.00
93 30 0.00
93 B1 13.81 32.32 
93 B3 -10.10 -72.93 
93 120 13 04 50
93 244 0.00
93.005 22 0.00
93.005 23 0.32
93.005 25 0.00
93.005 30 0.00
93.005 B1 -62.32 -77.99 
93.005 B3 61.93 -6.62 
93.005 120 13 04 50
93.005 244 0.00
93.00999 22 0.00
93.00999 23 -1.68
93.00999 25 0.00
93.00999 30 0.00
93.00999 B1 31.86 89.55 
93.00999 B3 56.03 49.97 
93.00999 120 13 04 50
93.00999 244 0.00
93.015 22 0.00
93.015 23 2.06
93.015 25 0.00
93.015 30 0.00
93.015 B1 -86.00 25.75 
93.015 B3 -17.53 -55.95 
93.015 120 13 04 50
93.015 244 0.00
93.02 22 0.00
93.02 23 -1.20
93.02 25 0.00
93.02 30 0.00
93.02 B1 94.28 55.36 
93.02 B3 -65.05 6.90 
93.02 120 13 04 50
93.02 244 0.00
93.025 22 0.00
93.025 23 0.42
93.025 25 0.00
93.025 30 0.00
93.025 B1 0.71 35.81 
93.025 B3 28.41 -39.21 
93.025 120 13 04 50
93.025 244 0.00
93.03 22 0.00
93.03 23 1.22
93.03 25 0.00
93.03 30 0.00
93.03 B1 -36.66 -71.94 
93.03 B3 -61.84 -14.07 
93.03 120 13 04 50
93.03 244 0.00
93.035 22 0.00
93.035 23 -0.53
93.035 25 0.00
93.035 30 0.00
93.035 B1 -8.72 4.58 
93.035 B3 -13.03 -62.50 
93.035 120 13 04 50
93.035 244 0.00
93.04 22 0.00
93.04 23 -1.01
93.04 25 0.00
93.04 30 0.00
93.04 B1 21.25 -32.13 
93.04 B3 67.42 54.36 
93.04 120 13 04 50
93.04 244 0.00
93.045 22 0.00
93.045 23 -0.29
93.045 25 0.00
93.045 30 0.00
93.045 B1 16.61 76.22 
93.045 B3 59.24 20.10 
93.045 120 13 04 50
93.045 244 0.00
93.05 22 0.00
93.05 23 0.81
93.05 25 0.00
93.05 30 0.00
93.05 B1 20.63 -31.47 
93.05 B3 -17.62 64.65 
93.05 120 13 04 50
93.05 244 0.00
93.055 22 0.00
93.055 23 -0.04
93.055 25 0.00
93.055 30 0.00
93.055 B1 34.48 49.81 
93.055 B3 1.02 -32.54 
93.055 120 13 04 50
93.055 244 0.00
93.06 22 0.00
93.06 23 0.33
93.06 25 0.00
93.06 30 0.00
93.06 B1 -81.74 50.62 
93.06 B3 -10.39 44.24 
93.06 120 13 04 50
93.06 244 0.00
93.06499 22 0.00
93.06499 23 -0.33
93.06499 25 0.00
93.06499 30 0.00
93.06499 B1 84.48 -73.78 
93.06499 B3 67.41 -5.90 
93.06499 120 13 04 50
93.06499 244 0.00
93.07 22 0.00
93.07 23 0.40
93.07 25 0.00
93.07 30 0.00
93.07 B1 -56.56 28.41 
93.07 B3 12.78 25.58 
93.07 120 13 04 50
93.07 244 0.00
93.075 22 0.00
93.075 23 -0.64
93.075 25 0.00
93.075 30 0.00
93.075 B1 80.74 94.19 
93.075 B3 -69.83 30.50 
93.075 120 13 04 50
93.075 244 0.00
93.07999 22 0.00
93.07999 23 1.86
93.07999 25 0.00
93.07999 30 0.00
93.07999 B1 -69.43 13.83 
93.07999 B3 -60.14 -74.19 
93.07999 120 13 04 50
93.07999 244 0.00
93.085 22 0.00
93.085 23 -0.17
93.085 25 0.00
93.085 30 0.00
93.085 B1 -0.38 -72.44 
93.085 B3 -54.78 -21.76 
93.085 120 13 04 50
93.085 244 0.00
93.09 22 0.00
93.09 23 -0.08
93.09 25 0.00
93.09 30 0.00
93.09 B1 1.59 -83.63 
93.09 B3 18.03 -62.49 
93.09 120 13 04 50
93.09 244 0.00
93.095 22 0.00
93.095 23 -0.51
93.095 25 0.00
93.095 30 0.00
93.095 B1 -22.44 -24.96 
93.095 B3 17.14 5.41 
93.095 120 13 04 50
93.095 244 0.00
93.1 22 0.00
93.1 23 0.53
93.1 25 0.00
93.1 30 0.00
93.1 B1 -26.01 -43.19 
93.1 B3 -38.09 -4.64 
93.1 120 13 04 50
93.1 244 0.00
93.105 22 0.00
93.105 23 -1.03
93.105 25 0.00
93.105 30 0.00
93.105 B1 -76.93 94.59 
93.105 B3 2.68 62.57 
93.105 120 13 04 50
93.105 244 0.00
93.11 22 0.00
93.11 23 0.85
93.11 25 0.00
93.11 30 0.00
93.11 B1 -84.86 11.64 
93.11 B3 -4.51 16.43 
93.11 120 13 04 50
93.11 244 0.00
93.115 22 0.00
93.115 23 0.02
93.115 25 0.00
93.115 30 0.00
93.115 B1 -44.22 -76.15 
93.115 B3 61.46 2.78 
93.115 120 13 04 50
93.115 244 0.00
93.12 22 0.00
93.12 23 -0.46
93.12 25 0.00
93.12 30 0.00
93.12 B1 95.47 -85.21 
93.12 B3 28.39 -2.58 
93.12 120 13 04 50
93.12 244 0.00
93.125 22 0.00
93.125 23 0.77
93.125 25 0.00
93.125 30 0.00
93.125 B1 13.97 -26.45 
93.125 B3 -74.59 -6.70 
93.125 120 13 04 50
93.125 244 0.00
93.13 22 0.00
93.13 23 0.60
93.13 25 0.00
93.13 30 0.00
93.13 B1 -81.25 -79.71 
93.13 B3 7.52 -38.91 
93.13 120 13 04 50
93.13 244 0.00
93.13499 22 0.00
93.13499 23 -0.96
93.13499 25 0.00
93.13499 30 0.00
93.13499 B1 -56.56 87.65 
93.13499 B3 14.50 -56.58 
93.13499 120 13 04 50
93.13499 244 0.00
93.14 22 0.00
93.14 23 -0.14
93.14 25 0.00
93.14 30 0.00
93.14 B1 46.66 33.85 
93.14 B3 -71.85 15.10 
93.14 120 13 04 50
93.14 244 0.00
93.145 22 0.00
93.145 23 0.02
93.145 25 0.00
93.145 30 0.00
93.145 B1 84.00 -89.65 
93.145 B3 6.11 29.61 
93.145 120 13 04 50
93.145 244 0.00
93.15 22 0.00
93.15 23 0.14
93.15 25 0.00
93.15 30 0.00
93.15 B1 0.53 3.13 
93.15 B3 69.91 -59.24 
93.15 120 13 04 50
93.15 244 0.00
93.155 22 0.00
93.155 23 0.12
93.155 25 0.00
93.155 30 0.00
93.155 B1 -34.85 -4.11 
93.155 B3 47.85 -7.35 
93.155 120 13 04 50
93.155 244 0.00
93.16 22 0.00
93.16 23 0.16
93.16 25 0.00
93.16 30 0.00
93.16 B1 81.01 -26.56 
93.16 B3 -4.59 -67.79 
93.16 120 13 04 50
93.16 244 0.00
93.165 22 0.00
93.165 23 0.76
93.165 25 0.00
93.165 30 0.00
93.165 B1 15.63 -92.85 
93.165 B3 -28.94 -38.61 
93.165 120 13 04 50
93.165 244 0.00
93.17 22 0.00
93.17 23 -0.74
93.17 25 0.00
93.17 30 0.00
93.17 B1 -35.08 -3.18 
93.17 B3 67.82 -31.57 
93.17 120 13 04 50
93.17 244 0.00
93.175 22 0.00
93.175 23 -0.12
93.175 25 0.00
93.175 30 0.00
93.175 B1 79.65 -30.36 
93.175 B3 -69.23 49.33 
93.175 120 13 04 50
93.175 244 0.00
93.18 22 0.00
93.18 23 0.25
93.18 25 0.00
93.18 30 0.00
93.18 B1 76.61 -35.50 
93.18 B3 -65.40 17.33 
93.18 120 13 04 50
93.18 244 0.00
93.185 22 0.00
93.185 23 -0.72
93.185 25 0.00
93.185 30 0.00
93.185 B1 53.95 77.96 
93.185 B3 -8.88 8.54 
93.185 120 13 04 50
93.185 244 0.00
93.18999 22 0.00
93.18999 23 1.19
93.18999 25 0.00
93.18999 30 0.00
93.18999 B1 29.08 -82.84 
93.18999 B3 -66.03 47.05 
93.18999 120 13 04 50
93.18999 244 0.00
93.195 22 0.00
93.195 23 -0.21
93.195 25 0.00
93.195 30 0.00
93.195 B1 87.91 33.24 
93.195 B3 -72.07 -74.18 
93.195 120 13 04 50
93.195 244 0.00
93.2 22 0.00
93.2 23 0.01
93.2 25 0.00
93.2 30 0.00
93.2 B1 6.78 -97.09 
93.2 B3 57.72 14.97 
93.2 120 13 04 50
93.2 244 0.00
93.20499 22 0.00
93.20499 23 -0.03
93.20499 25 0.00
93.20499 30 0.00
93.20499 B1 87.34 -23.05 
93.20499 B3 -14.87 -52.62 
93.20499 120 13 04 50
93.20499 244 0.00
93.21 22 0.00
93.21 23 -0.48
93.21 25 0.00
93.21 30 0.00
93.21 B1 13.75 -44.79 
93.21 B3 61.76 62.11 
93.21 120 13 04 50
93.21 244 0.00
93.215 22 0.00
93.215 23 -0.81
93.215 25 0.00
93.215 30 0.00
93.215 B1 96.72 95.77 
93.215 B3 -6.35 61.29 
93.215 120 13 04 50
93.215 244 0.00
93.22 22 0.00
93.22 23 1.06
93.22 25 0.00
93.22 30 0.00
93.22 B1 21.81 18.38 
93.22 B3 7.08 17.89 
93.22 120 13 04 50
93.22 244 0.00
93.225 22 0.00
93.225 23 0.33
93.225 25 0.00
93.225 30 0.00
93.225 B1 10.50 10.56 
93.225 B3 -69.79 63.57 
93.225 120 13 04 50
93.225 244 0.00
93.23 22 0.00
93.23 23 0.19
93.23 25 0.00
93.23 30 0.00
93.23 B1 83.88 -81.86 
93.23 B3 -44.16 31.98 
93.23 120 13 04 50
93.23 244 0.00
93.235 22 0.00
93.235 23 1.06
93.235 25 0.00
93.235 30 0.00
93.235 B1 -33.77 -46.42 
93.235 B3 -46.13 -65.68 
93.235 120 13 04 50
93.235 244 0.00
93.24 22 0.00
93.24 23 -1.50
93.24 25 0.00
93.24 30 0.00
93.24 B1 78.48 -93.53 
93.24 B3 42.60 60.55 
93.24 120 13 04 50
93.24 244 0.00
93.245 22 0.00
93.245 23 0.26
93.245 25 0.00
93.245 30 0.00
93.245 B1 54.26 2.84 
93.245 B3 12.07 -18.39 
93.245 120 13 04 50
93.245 244 0.00
93.25 22 0.00
93.25 23 1.01
93.25 25 0.00
93.25 30 0.00
93.25 B1 20.73 -12.28 
93.25 B3 -68.39 -61.68 
93.25 120 13 04 50
93.25 244 0.00
93.255 22 0.00
93.255 23 -0.91
93.255 25 0.00
93.255 30 0.00
93.255 B1 54.38 -45.36 
93.255 B3 71.15 -29.43 
93.255 120 13 04 50
93.255 244 0.00
93.25999 22 0.00
93.25999 23 0.79
93.25999 25 0.00
93.25999 30 0.00
93.25999 B1 19.11 -95.21 
93.25999 B3 -69.80 63.99 
93.25999 120 13 04 50
93.25999 244 0.00
93.265 22 0.00
93.265 23 -1.22
93.265 25 0.00
93.265 30 0.00
93.265 B1 76.06 -6.10 
93.265 B3 72.29 4.23 
93.265 120 13 04 50
93.265 244 0.00
93.27 22 0.00
93.27 23 0.79
93.27 25 0.00
93.27 30 0.00
93.27 B1 -76.43 35.70 
93.27 B3 44.18 10.11 
93.27 120 13 04 50
93.27 244 0.00
93.275 22 0.00
93.275 23 0.46
93.275 25 0.00
93.275 30 0.00
93.275 B1 -74.70 -71.56 
93.275 B3 47.89 38.96 
93.275 120 13 04 50
93.275 244 0.00
93.28 22 0.00
93.28 23 -0.99
93.28 25 0.00
93.28 30 0.00
93.28 B1 79.53 91.53 
93.28 B3 -58.07 15.07 
93.28 120 13 04 50
93.28 244 0.00
93.285 22 0.00
93.285 23 0.75
93.285 25 0.00
93.285 30 0.00
93.285 B1 -92.42 16.83 
93.285 B3 8.66 68.47 
93.285 120 13 04 50
93.285 244 0.00
93.29 22 0.00
93.29 23 -0.86
93.29 25 0.00
93.29 30 0.00
93.29 B1 1.30 34.07 
93.29 B3 74.02 56.14 
93.29 120 13 04 50
93.29 244 0.00
93.295 22 0.00
93.295 23 1.38
93.295 25 0.00
93.295 30 0.00
93.295 B1 -28.97 -82.14 
93.295 B3 57.93 -19.80 
93.295 120 13 04 50
93.295 244 0.00
93.3 22 0.00
93.3 23 0.18
93.3 25 0.00
93.3 30 0.00
93.3 B1 -89.64 58.69 
93.3 B3 1.09 -66.61 
93.3 120 13 04 50
93.3 244 0.00
93.305 22 0.00
93.305 23 0.61
93.305 25 0.00
93.305 30 0.00
93.305 B1 -7.14 -71.60 
93.305 B3 -62.89 -55.74 
93.305 120 13 04 50
93.305 244 0.00
93.31 22 0.00
93.31 23 -1.60
93.31 25 0.00
93.31 30 0.00
93.31 B1 -67.22 91.86 
93.31 B3 58.73 16.13 
93.31 120 13 04 50
93.31 244 0.00
93.31499 22 0.00
93.31499 23 0.17
93.31499 25 0.00
93.31499 30 0.00
93.31499 B1 6.00 15.28 
93.31499 B3 -5.69 63.43 
93.31499 120 13 04 50
93.31499 244 0.00
93.32 22 0.00
93.32 23 -0.62
93.32 25 0.00
93.32 30 0.00
93.32 B1 97.03 54.91 
93.32 B3 -14.55 63.16 
93.32 120 13 04 50
93.32 244 0.00
93.325 22 0.00
93.325 23 1.41
93.325 25 0.00
93.325 30 0.00
93.325 B1 26.04 -25.03 
93.325 B3 -60.68 15.74 
93.325 120 13 04 50
93.325 244 0.00
93.32999 22 0.00
93.32999 23 0.61
93.32999 25 0.00
93.32999 30 0.00
93.32999 B1 59.19 -74.47 
93.32999 B3 -69.70 -59.75 
93.32999 120 13 04 50
93.32999 244 0.00
93.335 22 0.00
93.335 23 0.60
93.335 25 0.00
93.335 30 0.00
93.335 B1 -76.27 -95.05 
93.335 B3 0.40 -72.68 
93.335 120 13 04 50
93.335 244 0.00
93.34 22 0.00
93.34 23 -0.72
93.34 25 0.00
93.34 30 0.00
93.34 B1 -92.96 -12.26 
93.34 B3 -8.15 9.00 
93.34 120 13 04 50
93.34 244 0.00
93.345 22 0.00
93.345 23 -0.96
93.345 25 0.00
93.345 30 0.00
93.345 B1 -13.29 86.18 
93.345 B3 -67.21 72.26 
93.345 120 13 04 50
93.345 244 0.00
93.35 22 0.00
93.35 23 -0.11
93.35 25 0.00
93.35 30 0.00
93.35 B1 9.98 32.11 
93.35 B3 43.62 21.67 
93.35 120 13 04 50
93.35 244 0.00
93.355 22 0.00
93.355 23 0.97
93.355 25 0.00
93.355 30 0.00
93.355 B1 -83.75 -90.87 
93.355 B3 47.43 69.37 
93.355 120 13 04 50
93.355 244 0.00
93.36 22 0.00
93.36 23 -0.39
93.36 25 0.00
93.36 30 0.00
93.36 B1 18.78 -8.10 
93.36 B3 -61.77 72.02 
93.36 120 13 04 50
93.36 244 0.00
93.365 22 0.00
93.365 23 0.16
93.365 25 0.00
93.365 30 0.00
93.365 B1 47.83 -70.60 
93.365 B3 71.07 -46.19 
93.365 120 13 04 50
93.365 244 0.00
93.37 22 0.00
93.37 23 -0.32
93.37 25 0.00
93.37 30 0.00
93.37 B1 89.39 24.70 
93.37 B3 -62.49 17.94 
93.37 120 13 04 50
93.37 244 0.00
93.375 22 0.00
93.375 23 -0.16
93.375 25 0.00
93.375 30 0.00
93.375 B1 30.40 34.43 
93.375 B3 -22.10 64.34 
93.375 120 13 04 50
93.375 244 0.00
93.38 22 0.00
93.38 23 1.60
93.38 25 0.00
93.38 30 0.00
93.38 B1 -62.00 -75.75 
93.38 B3 -42.77 8.34 
93.38 120 13 04 50
93.38 244 0.00
93.38499 22 0.00
93.38499 23 -0.43
93.38499 25 0.00
93.38499 30 0.00
93.38499 B1 19.84 -72.50 
93.38499 B3 29.95 -62.12 
93.38499 120 13 04 50
93.38499 244 0.00
93.39 22 0.00
93.39 23 -0.02
93.39 25 0.00
93.39 30 0.00
93.39 B1 19.10 -4.87 
93.39 B3 -65.18 -20.19 
93.39 120 13 04 50
93.39 244 0.00
93.395 22 0.00
93.395 23 -1.24
93.395 25 0.00
93.395 30 0.00
93.395 B1 71.87 90.16 
93.395 B3 69.55 -70.64 
93.395 120 13 04 50
93.395 244 0.00
93.4 22 0.00
93.4 23 0.76
93.4 25 0.00
93.4 30 0.00
93.4 B1 32.00 18.17 
93.4 B3 -53.65 35.94 
93.4 120 13 04 50
93.4 244 0.00
93.405 22 0.00
93.405 23 0.58
93.405 25 0.00
93.405 30 0.00
93.405 B1 -47.89 15.50 
93.405 B3 -49.24 18.17 
93.405 120 13 04 50
93.405 244 0.00
93.41 22 0.00
93.41 23 -0.89
93.41 25 0.00
93.41 30 0.00
93.41 B1 -45.11 91.17 
93.41 B3 -10.68 70.86 
93.41 120 13 04 50
93.41 244 0.00
93.415 22 0.00
93.415 23 1.07
93.415 25 0.00
93.415 30 0.00
93.415 B1 -75.99 -1.51 
93.415 B3 -70.04 70.06 
93.415 120 13 04 50
93.415 244 0.00
93.42 22 0.00
93.42 23 -0.59
93.42 25 0.00
93.42 30 0.00
93.42 B1 -86.98 72.99 
93.42 B3 59.73 -7.21 
93.42 120 13 04 50
93.42 244 0.00
93.425 22 0.00
93.425 23 -0.01
93.425 25 0.00
93.425 30 0.00
93.425 B1 -23.46 24.80 
93.425 B3 -18.33 66.60 
93.425 120 13 04 50
93.425 244 0.00
93.43 22 0.00
93.43 23 0.85
93.43 25 0.00
93.43 30 0.00
93.43 B1 -31.14 66.97 
93.43 B3 -72.58 -56.94 
93.43 120 13 04 50
93.43 244 0.00
93.435 22 0.00
93.435 23 -1.27
93.435 25 0.00
93.435 30 0.00
93.435 B1 95.35 -9.88 
93.435 B3 49.86 8.26 
93.435 120 13 04 50
93.435 244 0.00
93.43999 22 0.00
93.43999 23 1.44
93.43999 25 0.00
93.43999 30 0.00
93.43999 B1 15.20 -43.85 
93.43999 B3 -31.21 -45.92 
93.43999 120 13 04 50
93.43999 244 0.00
93.445 22 0.00
93.445 23 0.01
93.445 25 0.00
93.445 30 0.00
93.445 B1 -51.60 -89.09 
93.445 B3 -10.96 53.29 
93.445 120 13 04 50
93.445 244 0.00
93.45 22 0.00
93.45 23 -0.87
93.45 25 0.00
93.45 30 0.00
93.45 B1 83.37 -22.70 
93.45 B3 71.82 -65.11 
93.45 120 13 04 50
93.45 244 0.00
93.45499 22 0.00
93.45499 23 -0.17
93.45499 25 0.00
93.45499 30 0.00
93.45499 B1 81.78 -43.83 
93.45499 B3 52.89 15.87 
93.45499 120 13 04 50
93.45499 244 0.00
93.46 22 0.00
93.46 23 0.10
93.46 25 0.00
93.46 30 0.00
93.46 B1 83.81 29.38 
93.46 B3 11.43 -27.43 
93.46 120 13 04 50
93.46 244 0.00
93.465 22 0.00
93.465 23 0.43
93.465 25 0.00
93.465 30 0.00
93.465 B1 2.16 33.48 
93.465 B3 -63.33 56.76 
93.465 120 13 04 50
93.465 244 0.00
93.47 22 0.00
93.47 23 1.10
93.47 25 0.00
93.47 30 0.00
93.47 B1 -35.46 -83.90 
93.47 B3 -20.20 -20.17 
93.47 120 13 04 50
93.47 244 0.00
93.475 22 0.00
93.475 23 -0.48
93.475 25 0.00
93.475 30 0.00
93.475 B1 69.35 -3.30 
93.475 B3 -66.58 -63.65 
93.475 120 13 04 50
93.475 244 0.00
93.48 22 0.00
93.48 23 -0.38
93.48 25 0.00
93.48 30 0.00
93.48 B1 -15.67 -36.08 
93.48 B3 73.28 -7.75 
93.48 120 13 04 50
93.48 244 0.00
93.485 22 0.00
93.485 23 -0.40
93.485 25 0.00
93.485 30 0.00
93.485 B1 -33.13 73.41 
93.485 B3 -11.77 67.38 
93.485 120 13 04 50
93.485 244 0.00
93.49 22 0.00
93.49 23 0.32
93.49 25 0.00
93.49 30 0.00
93.49 B1 94.88 -95.03 
93.49 B3 71.76 -24.97 
93.49 120 13 04 50
93.49 244 0.00
93.495 22 0.00
93.495 23 0.05
93.495 25 0.00
93.495 30 0.00
93.495 B1 9.59 -13.33 
93.495 B3 60.35 -10.43 
93.495 120 13 04 50
93.495 244 0.00
93.5 22 0.00
93.5 23 0.94
93.5 25 0.00
93.5 30 0.00
93.5 B1 -89.84 55.37 
93.5 B3 -15.13 -63.35 
93.5 120 13 04 50
93.5 244 0.00
93.505 22 0.00
93.505 23 -0.03
93.505 25 0.00
93.505 30 0.00
93.505 B1 -25.86 4.75 
93.505 B3 -69.63 -8.35 
93.505 120 13 04 50
93.505 244 0.00
93.50999 22 0.00
93.50999 23 -0.48
93.50999 25 0.00
93.50999 30 0.00
93.50999 B1 -83.64 54.98 
93.50999 B3 38.25 -13.77 
93.50999 120 13 04 50
93.50999 244 0.00
93.515 22 0.00
93.515 23 -0.77
93.515 25 0.00
93.515 30 0.00
93.515 B1 34.03 34.56 
93.515 B3 7.64 67.82 
93.515 120 13 04 50
93.515 244 0.00
93.52 22 0.00
93.52 23 1.78
93.52 25 0.00
93.52 30 0.00
93.52 B1 -78.68 -75.68 
93.52 B3 -69.97 57.31 
93.52 120 13 04 50
93.52 244 0.00
93.525 22 0.00
93.525 23 -1.14
93.525 25 0.00
93.525 30 0.00
93.525 B1 72.52 -92.26 
93.525 B3 72.42 -5.97 
93.525 120 13 04 50
93.525 244 0.00
93.53 22 0.00
93.53 23 0.14
93.53 25 0.00
93.53 30 0.00
93.53 B1 27.32 -5.08 
93.53 B3 70.15 -62.14 
93.53 120 13 04 50
93.53 244 0.00
93.535 22 0.00
93.535 23 -0.63
93.535 25 0.00
93.535 30 0.00
93.535 B1 96.12 91.16 
93.535 B3 26.44 -60.11 
93.535 120 13 04 50
93.535 244 0.00
93.54 22 0.00
93.54 23 1.01
93.54 25 0.00
93.54 30 0.00
93.54 B1 15.11 3.37 
93.54 B3 -56.01 18.65 
93.54 120 13 04 50
93.54 244 0.00
93.545 22 0.00
93.545 23 -0.47
93.545 25 0.00
93.545 30 0.00
93.545 B1 24.75 -12.89 
93.545 B3 -4.22 68.21 
93.545 120 13 04 50
93.545 244 0.00
93.55 22 0.00
93.55 23 -0.09
93.55 25 0.00
93.55 30 0.00
93.55 B1 43.90 76.33 
93.55 B3 1.15 -19.61 
93.55 120 13 04 50
93.55 244 0.00
93.555 22 0.00
93.555 23 -0.23
93.555 25 0.00
93.555 30 0.00
93.555 B1 86.88 66.85 
93.555 B3 -7.24 5.23 
93.555 120 13 04 50
93.555 244 0.00
93.56 22 0.00
93.56 23 0.49
93.56 25 0.00
93.56 30 0.00
93.56 B1 32.01 -4.55 
93.56 B3 -13.62 59.70 
93.56 120 13 04 50
93.56 244 0.00
93.56499 22 0.00
93.56499 23 0.55
93.56499 25 0.00
93.56499 30 0.00
93.56499 B1 -95.04 26.51 
93.56499 B3 45.60 6.68 
93.56499 120 13 04 50
93.56499 244 0.00
93.57 22 0.00
93.57 23 -0.91
93.57 25 0.00
93.57 30 0.00
93.57 B1 -8.85 73.92 
93.57 B3 22.56 68.48 
93.57 120 13 04 50
93.57 244 0.00
93.575 22 0.00
93.575 23 1.38
93.575 25 0.00
93.575 30 0.00
93.575 B1 -82.93 -93.48 
93.575 B3 48.90 44.28 
93.575 120 13 04 50
93.575 244 0.00
93.57999 22 0.00
93.57999 23 -0.86
93.57999 25 0.00
93.57999 30 0.00
93.57999 B1 35.73 -0.21 
93.57999 B3 -24.56 70.59 
93.57999 120 13 04 50
93.57999 244 0.00
93.585 22 0.00
93.585 23 1.06
93.585 25 0.00
93.585 30 0.00
93.585 B1 -80.91 -27.42 
93.585 B3 -24.47 33.22 
93.585 120 13 04 50
93.585 244 0.00
93.59 22 0.00
93.59 23 -0.82
93.59 25 0.00
93.59 30 0.00
93.59 B1 78.74 -94.03 
93.59 B3 3.30 68.62 
93.59 120 13 04 50
93.59 244 0.00
93.595 22 0.00
93.595 23 -0.17
93.595 25 0.00
93.595 30 0.00
93.595 B1 33.86 -1.89 
93.595 B3 2.05 61.63 
93.595 120 13 04 50
93.595 244 0.00
93.6 22 0.00
93.6 23 0.79
93.6 25 0.00
93.6 30 0.00
93.6 B1 -82.91 41.82 
93.6 B3 -19.48 22.54 
93.6 120 13 04 50
93.6 244 0.00
93.605 22 0.00
93.605 23 -0.37
93.605 25 0.00
93.605 30 0.00
93.605 B1 -19.37 58.76 
93.605 B3 -71.34 69.77 
93.605 120 13 04 50
93.605 244 0.00
93.61 22 0.00
93.61 23 0.60
93.61 25 0.00
93.61 30 0.00
93.61 B1 -12.87 -26.35 
93.61 B3 -72.10 49.81 
93.61 120 13 04 50
93.61 244 0.00
93.615 22 0.00
93.615 23 0.11
93.615 25 0.00
93.615 30 0.00
93.615 B1 -94.31 -65.55 
93.615 B3 70.55 17.67 
93.615 120 13 04 50
93.615 244 0.00
93.62 22 0.00
93.62 23 -0.10
93.62 25 0.00
93.62 30 0.00
93.62 B1 -4.69 13.71 
93.62 B3 -31.06 -22.93 
93.62 120 13 04 50
93.62 244 0.00
93.625 22 0.00
93.625 23 -0.20
93.625 25 0.00
93.625 30 0.00
93.625 B1 88.02 -94.84 
93.625 B3 58.71 -52.05 
93.625 120 13 04 50
93.625 244 0.00
93.63 22 0.00
93.63 23 0.26
93.63 25 0.00
93.63 30 0.00
93.63 B1 32.12 -10.67 
93.63 B3 -0.88 -57.90 
93.63 120 13 04 50
93.63 244 0.00
93.63499 22 0.00
93.63499 23 -0.17
93.63499 25 0.00
93.63499 30 0.00
93.63499 B1 -86.51 86.65 
93.63499 B3 -14.58 17.16 
93.63499 120 13 04 50
93.63499 244 0.00
93.64 22 0.00
93.64 23 -0.07
93.64 25 0.00
93.64 30 0.00
93.64 B1 76.67 -88.18 
93.64 B3 -36.09 71.33 
93.64 120 13 04 50
93.64 244 0.00
93.645 22 0.00
93.645 23 -0.34
93.645 25 0.00
93.645 30 0.00
93.645 B1 75.45 -28.44 
93.645 B3 4.08 43.42 
93.645 120 13 04 50
93.645 244 0.00
93.65 22 0.00
93.65 23 1.73
93.65 25 0.00
93.65 30 0.00
93.65 B1 -93.26 -95.40 
93.65 B3 -12.04 -7.42 
93.65 120 13 04 50
93.65 244 0.00
93.655 22 0.00
93.655 23 -0.36
93.655 25 0.00
93.655 30 0.00
93.655 B1 -11.46 -13.12 
93.655 B3 -39.71 -69.42 
93.655 120 13 04 50
93.655 244 0.00
93.66 22 0.00
93.66 23 -0.89
93.66 25 0.00
93.66 30 0.00
93.66 B1 13.81 -82.00 
93.66 B3 39.76 64.14 
93.66 120 13 04 50
93.66 244 0.00
93.665 22 0.00
93.665 23 0.88
93.665 25 0.00
93.665 30 0.00
93.665 B1 87.30 -91.08 
93.665 B3 -71.62 -37.64 
93.665 120 13 04 50
93.665 244 0.00
93.67 22 0.00
93.67 23 -0.87
93.67 25 0.00
93.67 30 0.00
93.67 B1 -36.20 -13.22 
93.67 B3 30.23 72.81 
93.67 120 13 04 50
93.67 244 0.00
93.675 22 0.00
93.675 23 -0.36
93.675 25 0.00
93.675 30 0.00
93.675 B1 76.99 80.79 
93.675 B3 -57.02 26.24 
93.675 120 13 04 50
93.675 244 0.00
93.68 22 0.00
93.68 23 0.99
93.68 25 0.00
93.68 30 0.00
93.68 B1 83.31 -81.71 
93.68 B3 9.66 -52.62 
93.68 120 13 04 50
93.68 244 0.00
93.685 22 0.00
93.685 23 -0.52
93.685 25 0.00
93.685 30 0.00
93.685 B1 71.88 -58.98 
93.685 B3 72.22 -23.65 
93.685 120 13 04 50
93.685 244 0.00
93.68999 22 0.00
93.68999 23 0.65
93.68999 25 0.00
93.68999 30 0.00
93.68999 B1 32.74 -95.55 
93.68999 B3 65.83 -48.77 
93.68999 120 13 04 50
93.68999 244 0.00
93.695 22 0.00
93.695 23 0.41
93.695 25 0.00
93.695 30 0.00
93.695 B1 -92.01 -12.69 
93.695 B3 11.53 -17.14 
93.695 120 13 04 50
93.695 244 0.00
93.7 22 0.00
93.7 23 0.41
93.7 25 0.00
93.7 30 0.00
93.7 B1 -3.54 -32.97 
93.7 B3 -67.45 -71.65 
93.7 120 13 04 50
93.7 244 0.00
93.70499 22 0.00
93.70499 23 -1.88
93.70499 25 0.00
93.70499 30 0.00
93.70499 B1 93.45 75.25 
93.70499 B3 -69.96 72.55 
93.70499 120 13 04 50
93.70499 244 0.00
93.71 22 0.00
93.71 23 0.82
93.71 25 0.00
93.71 30 0.00
93.71 B1 2.69 92.31 
93.71 B3 -72.77 10.92 
93.71 120 13 04 50
93.71 244 0.00
93.715 22 0.00
93.715 23 1.01
93.715 25 0.00
93.715 30 0.00
93.715 B1 -13.50 17.51 
93.715 B3 -69.39 -73.52 
93.715 120 13 04 50
93.715 244 0.00
93.72 22 0.00
93.72 23 -0.53
93.72 25 0.00
93.72 30 0.00
93.72 B1 -72.83 54.80 
93.72 B3 -30.16 13.60 
93.72 120 13 04 50
93.72 244 0.00
93.725 22 0.00
93.725 23 -0.19
93.725 25 0.00
93.725 30 0.00
93.725 B1 4.94 12.66 
93.725 B3 48.66 -57.36 
93.725 120 13 04 50
93.725 244 0.00
93.73 22 0.00
93.73 23 1.08
93.73 25 0.00
93.73 30 0.00
93.73 B1 -91.33 -80.43 
93.73 B3 -5.05 0.25 
93.73 120 13 04 50
93.73 244 0.00
93.735 22 0.00
93.735 23 -0.73
93.735 25 0.00
93.735 30 0.00
93.735 B1 -10.15 93.08 
93.735 B3 -58.31 -60.70 
93.735 120 13 04 50
93.735 244 0.00
93.74 22 0.00
93.74 23 -0.75
93.74 25 0.00
93.74 30 0.00
93.74 B1 83.39 -8.85 
93.74 B3 15.45 18.57 
93.74 120 13 04 50
93.74 244 0.00
93.745 22 0.00
93.745 23 0.18
93.745 25 0.00
93.745 30 0.00
93.745 B1 39.36 -94.01 
93.745 B3 73.11 67.83 
93.745 120 13 04 50
93.745 244 0.00
93.75 22 0.00
93.75 23 0.87
93.75 25 0.00
93.75 30 0.00
93.75 B1 -35.25 -0.61 
93.75 B3 22.22 -46.98 
93.75 120 13 04 50
93.75 244 0.00
93.755 22 0.00
93.755 23 -1.26
93.755 25 0.00
93.755 30 0.00
93.755 B1 82.42 21.82 
93.755 B3 56.54 15.23 
93.755 120 13 04 50
93.755 244 0.00
93.75999 22 0.00
93.75999 23 0.40
93.75999 25 0.00
93.75999 30 0.00
93.75999 B1 44.50 14.17 
93.75999 B3 -20.00 74.20 
93.75999 120 13 04 50
93.75999 244 0.00
93.765 22 0.00
93.765 23 -0.50
93.765 25 0.00
93.765 30 0.00
93.765 B1 91.75 57.18 
93.765 B3 -0.53 63.02 
93.765 120 13 04 50
93.765 244 0.00
93.77 22 0.00
93.77 23 1.13
93.77 25 0.00
93.77 30 0.00
93.77 B1 10.00 11.80 
93.77 B3 -20.34 15.73 
93.77 120 13 04 50
93.77 244 0.00
93.775 22 0.00
93.775 23 0.51
93.775 25 0.00
93.775 30 0.00
93.775 B1 61.37 -93.86 
93.775 B3 -52.83 20.43 
93.775 120 13 04 50
93.775 244 0.00
93.78 22 0.00
93.78 23 -0.50
93.78 25 0.00
93.78 30 0.00
93.78 B1 -18.30 1.88 
93.78 B3 35.01 16.14 
93.78 120 13 04 50
93.78 244 0.00
93.785 22 0.00
93.785 23 0.57
93.785 25 0.00
93.785 30 0.00
93.785 B1 -63.52 8.27 
93.785 B3 -10.04 6.81 
93.785 120 13 04 50
93.785 244 0.00
93.79 22 0.00
93.79 23 0.34
93.79 25 0.00
93.79 30 0.00
93.79 B1 8.81 -94.68 
93.79 B3 -24.94 1.15 
93.79 120 13 04 50
93.79 244 0.00
93.795 22 0.00
93.795 23 -0.80
93.795 25 0.00
93.795 30 0.00
93.795 B1 81.83 -5.69 
93.795 B3 24.24 -56.52 
93.795 120 13 04 50
93.795 244 0.00
93.8 22 0.00
93.8 23 0.89
93.8 25 0.00
93.8 30 0.00
93.8 B1 -46.06 -88.97 
93.8 B3 21.87 6.62 
93.8 120 13 04 50
93.8 244 0.00
93.805 22 0.00
93.805 23 -0.08
93.805 25 0.00
93.805 30 0.00
93.805 B1 -77.20 -5.41 
93.805 B3 18.62 -19.38 
93.805 120 13 04 50
93.805 244 0.00
93.81 22 0.00
93.81 23 0.21
93.81 25 0.00
93.81 30 0.00
93.81 B1 86.96 -94.79 
93.81 B3 -33.33 -71.29 
93.81 120 13 04 50
93.81 244 0.00
93.81499 22 0.00
93.81499 23 0.07
93.81499 25 0.00
93.81499 30 0.00
93.81499 B1 32.08 -12.39 
93.81499 B3 -66.98 